 Palmtree.Math.Core.Uint

 Timestamp is 5c5d5a95 (Fri Feb  8 19:31:49 2019)

 Preferred load address is 10000000

 Start         Length     Name                   Class
 0001:00000000 0000e0d1H .text$mn                CODE
 0002:00000000 00000080H .idata$5                DATA
 0002:00000080 00000004H .00cfg                  DATA
 0002:00000084 00000004H .CRT$XCA                DATA
 0002:00000088 00000004H .CRT$XCZ                DATA
 0002:0000008c 00000004H .CRT$XIA                DATA
 0002:00000090 00000004H .CRT$XIZ                DATA
 0002:00000094 00000004H .CRT$XPA                DATA
 0002:00000098 00000004H .CRT$XPZ                DATA
 0002:0000009c 00000004H .CRT$XTA                DATA
 0002:000000a0 00000010H .CRT$XTZ                DATA
 0002:000000a4 00000000H .gfids$y                DATA
 0002:000000b0 00000120H .rdata                  DATA
 0002:000001d0 00000004H .rdata$sxdata           DATA
 0002:000001d4 000002c4H .rdata$zzzdbg           DATA
 0002:00000498 00000004H .rtc$IAA                DATA
 0002:0000049c 00000004H .rtc$IZZ                DATA
 0002:000004a0 00000004H .rtc$TAA                DATA
 0002:000004a4 00000004H .rtc$TZZ                DATA
 0002:000004a8 00000088H .xdata$x                DATA
 0002:00000530 00000074H .edata                  DATA
 0002:000005a4 0000003cH .idata$2                DATA
 0002:000005e0 00000014H .idata$3                DATA
 0002:000005f4 00000080H .idata$4                DATA
 0002:00000674 0000028cH .idata$6                DATA
 0003:00000000 00000080H .data                   DATA
 0003:00000080 00000588H .bss                    DATA
 0004:00000000 000000a0H .rsrc$01                DATA
 0004:000000a0 000004a0H .rsrc$02                DATA

  Address         Publics by Value              Rva+Base       Lib:Object

 0000:00000000       ___guard_iat_table         00000000     <absolute>
 0000:00000000       ___guard_fids_table        00000000     <absolute>
 0000:00000000       ___hybrid_code_map         00000000     <absolute>
 0000:00000000       ___enclave_config          00000000     <absolute>
 0000:00000000       ___volatile_metadata       00000000     <absolute>
 0000:00000000       ___hybrid_code_map_count   00000000     <absolute>
 0000:00000000       ___guard_longjmp_count     00000000     <absolute>
 0000:00000000       ___guard_longjmp_table     00000000     <absolute>
 0000:00000000       ___dynamic_value_reloc_table 00000000     <absolute>
 0000:00000000       ___guard_fids_count        00000000     <absolute>
 0000:00000000       ___guard_iat_count         00000000     <absolute>
 0000:00000000       ___hybrid_auxiliary_iat    00000000     <absolute>
 0000:00000001       ___safe_se_handler_count   00000001     <absolute>
 0000:00000100       ___guard_flags             00000100     <absolute>
 0000:00000000       ___ImageBase               10000000     <linker-defined>
 0001:00000000       _GetCPUInfo                10001000 f   cpuid.obj
 0001:00000110       _DoDebug@4                 10001110 f   debug.obj
 0001:00000120       _DllMain@12                10001120 f   dllmain.obj
 0001:00000170       _AllocateBlock             10001170 f   pmc_memory.obj
 0001:000001c0       _AllocateHeapArea          100011c0 f   pmc_memory.obj
 0001:000001e0       _AllocateNumber            100011e0 f   pmc_memory.obj
 0001:00000400       _Initialize_From           10001400 f   pmc_from.obj
 0001:00000400       _Initialize_Subtruct       10001400 f   pmc_subtruct.obj
 0001:00000400       _Initialize_BitwiseOr      10001400 f   pmc_bitwiseor.obj
 0001:00000400       _Initialize_GreatestCommonDivisor 10001400 f   pmc_greatestcommondivisor.obj
 0001:00000400       _Initialize_Shift          10001400 f   pmc_shift.obj
 0001:00000400       _Initialize_To             10001400 f   pmc_to.obj
 0001:00000400       _CheckBlockLight           10001400 f   pmc_memory.obj
 0001:00000400       _Initialize_Clone          10001400 f   pmc_clone.obj
 0001:00000400       _Initialize_ExclusiveOr    10001400 f   pmc_exclusiveor.obj
 0001:00000400       ___scrt_stub_for_is_c_termination_complete 10001400 f   MSVCRT:ucrt_stubs.obj
 0001:00000400       _Initialize_Compare        10001400 f   pmc_compare.obj
 0001:00000400       _Initialize_BitwiseAnd     10001400 f   pmc_bitwiseand.obj
 0001:00000400       __is_c_termination_complete 10001400 f   MSVCRT:ucrt_stubs.obj
 0001:00000400       _Initialize_Equals         10001400 f   pmc_equals.obj
 0001:00000400       _Initialize_ModPow         10001400 f   pmc_modpow.obj
 0001:00000400       _Initialize_GetPropertyValue 10001400 f   pmc_getnumbertype.obj
 0001:00000400       _Initialize_Pow            10001400 f   pmc_pow.obj
 0001:00000410       _CheckNumber               10001410 f   pmc_memory.obj
 0001:00000440       _CommitNumber              10001440 f   pmc_memory.obj
 0001:00000570       _DeallocateBlock           10001570 f   pmc_memory.obj
 0001:000005b0       _DeallocateHeapArea        100015b0 f   pmc_memory.obj
 0001:000005d0       _DeallocateNumber          100015d0 f   pmc_memory.obj
 0001:00000670       _DuplicateNumber           10001670 f   pmc_memory.obj
 0001:000007a0       _Initialize_Memory         100017a0 f   pmc_memory.obj
 0001:00000940       _PMC_Dispose@4             10001940 f   pmc_memory.obj
 0001:000009f0       _PMC_GetConstantValue_I@8  100019f0 f   pmc_memory.obj
 0001:000010e0       _Initialize_Add            100020e0 f   pmc_add.obj
 0001:00001100       _PMC_Add_I_X@12            10002100 f   pmc_add.obj
 0001:00001140       _PMC_Add_L_X@16            10002140 f   pmc_add.obj
 0001:00001180       _PMC_Add_X_I@12            10002180 f   pmc_add.obj
 0001:000012d0       _PMC_Add_X_L@16            100022d0 f   pmc_add.obj
 0001:00001500       _PMC_Add_X_X@12            10002500 f   pmc_add.obj
 0001:00001a60       _PMC_BitwiseAnd_I_X@12     10002a60 f   pmc_bitwiseand.obj
 0001:00001ac0       _PMC_BitwiseAnd_L_X@16     10002ac0 f   pmc_bitwiseand.obj
 0001:00001b50       _PMC_BitwiseAnd_X_I@12     10002b50 f   pmc_bitwiseand.obj
 0001:00001bb0       _PMC_BitwiseAnd_X_L@16     10002bb0 f   pmc_bitwiseand.obj
 0001:00001c40       _PMC_BitwiseAnd_X_X@12     10002c40 f   pmc_bitwiseand.obj
 0001:00002000       _PMC_BitwiseOr_I_X@12      10003000 f   pmc_bitwiseor.obj
 0001:00002040       _PMC_BitwiseOr_L_X@16      10003040 f   pmc_bitwiseor.obj
 0001:00002080       _PMC_BitwiseOr_X_I@12      10003080 f   pmc_bitwiseor.obj
 0001:00002190       _PMC_BitwiseOr_X_L@16      10003190 f   pmc_bitwiseor.obj
 0001:00002340       _PMC_BitwiseOr_X_X@12      10003340 f   pmc_bitwiseor.obj
 0001:00002470       _PMC_FromByteArray@12      10003470 f   pmc_bytes.obj
 0001:00002520       _PMC_FromByteArrayForSINT@16 10003520 f   pmc_bytes.obj
 0001:000025f0       _PMC_ToByteArray@16        100035f0 f   pmc_bytes.obj
 0001:00002680       _PMC_ToByteArrayForSINT@20 10003680 f   pmc_bytes.obj
 0001:00002740       _PMC_Clone_X@8             10003740 f   pmc_clone.obj
 0001:000027a0       _Compare_Imp               100037a0 f   pmc_compare.obj
 0001:000027f0       _PMC_Compare_I_X@12        100037f0 f   pmc_compare.obj
 0001:00002840       _PMC_Compare_L_X@16        10003840 f   pmc_compare.obj
 0001:00002890       _PMC_Compare_X_I@12        10003890 f   pmc_compare.obj
 0001:00002950       _PMC_Compare_X_L@16        10003950 f   pmc_compare.obj
 0001:00002a50       _PMC_Compare_X_X@12        10003a50 f   pmc_compare.obj
 0001:000030a0       _DivRem_X_1W               100040a0 f   pmc_divrem.obj
 0001:00003880       _DivRem_X_X                10004880 f   pmc_divrem.obj
 0001:00003ca0       _Initialize_DivRem         10004ca0 f   pmc_divrem.obj
 0001:00003cd0       _PMC_DivRem_I_X@16         10004cd0 f   pmc_divrem.obj
 0001:00003db0       _PMC_DivRem_L_X@20         10004db0 f   pmc_divrem.obj
 0001:00004040       _PMC_DivRem_X_I@16         10005040 f   pmc_divrem.obj
 0001:000041a0       _PMC_DivRem_X_L@20         100051a0 f   pmc_divrem.obj
 0001:00004470       _PMC_DivRem_X_X@16         10005470 f   pmc_divrem.obj
 0001:00005ca0       _PMC_Equals_I_X@12         10006ca0 f   pmc_equals.obj
 0001:00005ce0       _PMC_Equals_L_X@16         10006ce0 f   pmc_equals.obj
 0001:00005d20       _PMC_Equals_X_I@12         10006d20 f   pmc_equals.obj
 0001:00005dc0       _PMC_Equals_X_L@16         10006dc0 f   pmc_equals.obj
 0001:00005ec0       _PMC_Equals_X_X@12         10006ec0 f   pmc_equals.obj
 0001:00006230       _PMC_ExclusiveOr_I_X@12    10007230 f   pmc_exclusiveor.obj
 0001:00006270       _PMC_ExclusiveOr_L_X@16    10007270 f   pmc_exclusiveor.obj
 0001:000062b0       _PMC_ExclusiveOr_X_I@12    100072b0 f   pmc_exclusiveor.obj
 0001:000063e0       _PMC_ExclusiveOr_X_L@16    100073e0 f   pmc_exclusiveor.obj
 0001:000065a0       _PMC_ExclusiveOr_X_X@12    100075a0 f   pmc_exclusiveor.obj
 0001:000066c0       _From_I_Imp                100076c0 f   pmc_from.obj
 0001:00006710       _From_L_Imp                10007710 f   pmc_from.obj
 0001:000067a0       _PMC_From_I@8              100077a0 f   pmc_from.obj
 0001:00006810       _PMC_From_L@12             10007810 f   pmc_from.obj
 0001:000068c0       _PMC_GetNumberType_X@8     100078c0 f   pmc_getnumbertype.obj
 0001:000069c0       _PMC_GreatestCommonDivisor_I_X@12 100079c0 f   pmc_greatestcommondivisor.obj
 0001:00006a00       _PMC_GreatestCommonDivisor_L_X@16 10007a00 f   pmc_greatestcommondivisor.obj
 0001:00006a40       _PMC_GreatestCommonDivisor_X_I@12 10007a40 f   pmc_greatestcommondivisor.obj
 0001:00006c60       _PMC_GreatestCommonDivisor_X_L@16 10007c60 f   pmc_greatestcommondivisor.obj
 0001:00007060       _PMC_GreatestCommonDivisor_X_X@12 10008060 f   pmc_greatestcommondivisor.obj
 0001:000072b0       _PMC_UINT_Initialize@4     100082b0 f   pmc_initialize.obj
 0001:00007e20       _PMC_ModPow_X_X_X@16       10008e20 f   pmc_modpow.obj
 0001:00008060       _Initialize_Multiply       10009060 f   pmc_multiply.obj
 0001:00008ff0       _Multiply_X_X_Imp          10009ff0 f   pmc_multiply.obj
 0001:000090c0       _PMC_Multiply_I_X@12       1000a0c0 f   pmc_multiply.obj
 0001:00009100       _PMC_Multiply_L_X@16       1000a100 f   pmc_multiply.obj
 0001:00009140       _PMC_Multiply_X_I@12       1000a140 f   pmc_multiply.obj
 0001:00009250       _PMC_Multiply_X_L@16       1000a250 f   pmc_multiply.obj
 0001:000093c0       _PMC_Multiply_X_X@12       1000a3c0 f   pmc_multiply.obj
 0001:000097d0       _Initialize_Parse          1000a7d0 f   pmc_parse.obj
 0001:0000a460       _PMC_TryParse@16           1000b460 f   pmc_parse.obj
 0001:0000b000       _PMC_Pow_X_I@12            1000c000 f   pmc_pow.obj
 0001:0000b280       _LeftShift_Imp_DIV         1000c280 f   pmc_shift.obj
 0001:0000b280       _LeftShift_Imp             1000c280 f   pmc_shift.obj
 0001:0000b890       _PMC_LeftShift_X_I@12      1000c890 f   pmc_shift.obj
 0001:0000b950       _PMC_RightShift_X_I@12     1000c950 f   pmc_shift.obj
 0001:0000ba30       _RightShift_Imp_DIV        1000ca30 f   pmc_shift.obj
 0001:0000ba30       _RightShift_Imp            1000ca30 f   pmc_shift.obj
 0001:0000bd00       _PMC_GetStatisticsInfo@4   1000cd00 f   pmc_statistics.obj
 0001:0000bd90       _PMC_Subtruct_I_X@12       1000cd90 f   pmc_subtruct.obj
 0001:0000be10       _PMC_Subtruct_L_X@16       1000ce10 f   pmc_subtruct.obj
 0001:0000bf10       _PMC_Subtruct_X_I@12       1000cf10 f   pmc_subtruct.obj
 0001:0000c040       _PMC_Subtruct_X_L@16       1000d040 f   pmc_subtruct.obj
 0001:0000c260       _PMC_Subtruct_X_X@12       1000d260 f   pmc_subtruct.obj
 0001:0000c390       _Subtruct_Imp              1000d390 f   pmc_subtruct.obj
 0001:0000c710       _PMC_To_X_I@8              1000d710 f   pmc_to.obj
 0001:0000c760       _PMC_To_X_L@8              1000d760 f   pmc_to.obj
 0001:0000c7e0       _Initialize_ToString       1000d7e0 f   pmc_tostring.obj
 0001:0000c8e0       _PMC_ToString@24           1000d8e0 f   pmc_tostring.obj
 0001:0000d308       @__security_check_cookie@4 1000e308 f   MSVCRT:secchk.obj
 0001:0000d320       __aulldiv                  1000e320 f   MSVCRT:ulldiv.obj
 0001:0000d390       __aulldvrm                 1000e390 f   MSVCRT:ulldvrm.obj
 0001:0000d430       __aullrem                  1000e430 f   MSVCRT:ullrem.obj
 0001:0000d7c5       __DllMainCRTStartup@12     1000e7c5 f   MSVCRT:dll_dllmain.obj
 0001:0000d7e8       ___raise_securityfailure   1000e7e8 f   MSVCRT:gs_report.obj
 0001:0000d810       ___report_gsfailure        1000e810 f   MSVCRT:gs_report.obj
 0001:0000d956       ___security_init_cookie    1000e956 f   MSVCRT:gs_support.obj
 0001:0000d9a1       ?__scrt_initialize_type_info@@YAXXZ 1000e9a1 f   MSVCRT:tncleanup.obj
 0001:0000d9ad       ?__scrt_uninitialize_type_info@@YAXXZ 1000e9ad f   MSVCRT:tncleanup.obj
 0001:0000d9b9       ___local_stdio_printf_options 1000e9b9 f i MSVCRT:default_local_stdio_options.obj
 0001:0000d9bf       ___local_stdio_scanf_options 1000e9bf f i MSVCRT:default_local_stdio_options.obj
 0001:0000d9c5       ___scrt_initialize_default_local_stdio_options 1000e9c5 f   MSVCRT:default_local_stdio_options.obj
 0001:0000da26       ___scrt_acquire_startup_lock 1000ea26 f   MSVCRT:utility.obj
 0001:0000da58       ___scrt_dllmain_after_initialize_c 1000ea58 f   MSVCRT:utility.obj
 0001:0000da83       ___scrt_dllmain_before_initialize_c 1000ea83 f   MSVCRT:utility.obj
 0001:0000da91       ___scrt_dllmain_crt_thread_attach 1000ea91 f   MSVCRT:utility.obj
 0001:0000dab0       ___scrt_dllmain_crt_thread_detach 1000eab0 f   MSVCRT:utility.obj
 0001:0000dabd       ___scrt_dllmain_exception_filter 1000eabd f   MSVCRT:utility.obj
 0001:0000daf1       ___scrt_dllmain_uninitialize_c 1000eaf1 f   MSVCRT:utility.obj
 0001:0000db14       ___scrt_dllmain_uninitialize_critical 1000eb14 f   MSVCRT:utility.obj
 0001:0000db21       ___scrt_initialize_crt     1000eb21 f   MSVCRT:utility.obj
 0001:0000db5a       ___scrt_initialize_onexit_tables 1000eb5a f   MSVCRT:utility.obj
 0001:0000dbff       ___scrt_is_nonwritable_in_current_image 1000ebff f   MSVCRT:utility.obj
 0001:0000dc93       ___scrt_release_startup_lock 1000ec93 f   MSVCRT:utility.obj
 0001:0000dcb0       ___scrt_uninitialize_crt   1000ecb0 f   MSVCRT:utility.obj
 0001:0000dcd8       ___scrt_get_dyn_tls_init_callback 1000ecd8 f   MSVCRT:dyn_tls_init.obj
 0001:0000dcde       ___scrt_fastfail           1000ecde f   MSVCRT:utility_desktop.obj
 0001:0000ddf8       __crt_debugger_hook        1000edf8 f   MSVCRT:utility_desktop.obj
 0001:0000de00       __RTC_Initialize           1000ee00 f   MSVCRT:initsect.obj
 0001:0000de2c       __RTC_Terminate            1000ee2c f   MSVCRT:initsect.obj
 0001:0000de60       __SEH_prolog4              1000ee60 f   MSVCRT:sehprolg4.obj
 0001:0000dea6       __SEH_epilog4              1000eea6 f   MSVCRT:sehprolg4.obj
 0001:0000debb       __except_handler4          1000eebb f   MSVCRT:chandler4gs.obj
 0001:0000dede       @_guard_check_icall_nop@4  1000eede f i MSVCRT:guard_support.obj
 0001:0000dedf       ___isa_available_init      1000eedf f   MSVCRT:cpu_disp.obj
 0001:0000e076       __get_startup_argv_mode    1000f076 f   MSVCRT:argv_mode.obj
 0001:0000e07a       ___scrt_is_ucrt_dll_in_use 1000f07a f   MSVCRT:ucrt_detection.obj
 0001:0000e086       ___std_type_info_destroy_list 1000f086 f   vcruntime:VCRUNTIME140.dll
 0001:0000e08c       _memset                    1000f08c f   vcruntime:VCRUNTIME140.dll
 0001:0000e092       __except_handler4_common   1000f092 f   vcruntime:VCRUNTIME140.dll
 0001:0000e098       __initterm                 1000f098 f   ucrt:api-ms-win-crt-runtime-l1-1-0.dll
 0001:0000e09e       __initterm_e               1000f09e f   ucrt:api-ms-win-crt-runtime-l1-1-0.dll
 0001:0000e0a4       __seh_filter_dll           1000f0a4 f   ucrt:api-ms-win-crt-runtime-l1-1-0.dll
 0001:0000e0aa       __configure_narrow_argv    1000f0aa f   ucrt:api-ms-win-crt-runtime-l1-1-0.dll
 0001:0000e0b0       __initialize_narrow_environment 1000f0b0 f   ucrt:api-ms-win-crt-runtime-l1-1-0.dll
 0001:0000e0b6       __initialize_onexit_table  1000f0b6 f   ucrt:api-ms-win-crt-runtime-l1-1-0.dll
 0001:0000e0bc       __execute_onexit_table     1000f0bc f   ucrt:api-ms-win-crt-runtime-l1-1-0.dll
 0001:0000e0c2       __cexit                    1000f0c2 f   ucrt:api-ms-win-crt-runtime-l1-1-0.dll
 0001:0000e0c8       _IsProcessorFeaturePresent@4 1000f0c8 f   kernel32:KERNEL32.dll
 0001:0000e0ce       ___scrt_stub_for_acrt_thread_attach 1000f0ce f   MSVCRT:ucrt_stubs.obj
 0001:0000e0ce       ___acrt_thread_attach      1000f0ce f   MSVCRT:ucrt_stubs.obj
 0001:0000e0ce       ___scrt_stub_for_acrt_uninitialize_critical 1000f0ce f   MSVCRT:ucrt_stubs.obj
 0001:0000e0ce       ___scrt_stub_for_acrt_thread_detach 1000f0ce f   MSVCRT:ucrt_stubs.obj
 0001:0000e0ce       ___scrt_stub_for_acrt_initialize 1000f0ce f   MSVCRT:ucrt_stubs.obj
 0001:0000e0ce       ___vcrt_uninitialize       1000f0ce f   MSVCRT:ucrt_stubs.obj
 0001:0000e0ce       ___vcrt_initialize         1000f0ce f   MSVCRT:ucrt_stubs.obj
 0001:0000e0ce       ___vcrt_uninitialize_critical 1000f0ce f   MSVCRT:ucrt_stubs.obj
 0001:0000e0ce       ___vcrt_thread_attach      1000f0ce f   MSVCRT:ucrt_stubs.obj
 0001:0000e0ce       ___scrt_stub_for_acrt_uninitialize 1000f0ce f   MSVCRT:ucrt_stubs.obj
 0001:0000e0ce       ___vcrt_thread_detach      1000f0ce f   MSVCRT:ucrt_stubs.obj
 0001:0000e0ce       ___acrt_thread_detach      1000f0ce f   MSVCRT:ucrt_stubs.obj
 0001:0000e0ce       ___acrt_initialize         1000f0ce f   MSVCRT:ucrt_stubs.obj
 0001:0000e0ce       ___acrt_uninitialize       1000f0ce f   MSVCRT:ucrt_stubs.obj
 0001:0000e0ce       ___acrt_uninitialize_critical 1000f0ce f   MSVCRT:ucrt_stubs.obj
 0002:00000000       __imp__HeapCreate@12       10010000     kernel32:KERNEL32.dll
 0002:00000004       __imp__HeapDestroy@4       10010004     kernel32:KERNEL32.dll
 0002:00000008       __imp__HeapAlloc@12        10010008     kernel32:KERNEL32.dll
 0002:0000000c       __imp__HeapFree@12         1001000c     kernel32:KERNEL32.dll
 0002:00000010       __imp__lstrcpyA@8          10010010     kernel32:KERNEL32.dll
 0002:00000014       __imp__lstrcpyW@8          10010014     kernel32:KERNEL32.dll
 0002:00000018       __imp__lstrlenW@4          10010018     kernel32:KERNEL32.dll
 0002:0000001c       __imp__IsDebuggerPresent@0 1001001c     kernel32:KERNEL32.dll
 0002:00000020       __imp__InitializeSListHead@4 10010020     kernel32:KERNEL32.dll
 0002:00000024       __imp__GetSystemTimeAsFileTime@4 10010024     kernel32:KERNEL32.dll
 0002:00000028       __imp__GetCurrentThreadId@0 10010028     kernel32:KERNEL32.dll
 0002:0000002c       __imp__GetCurrentProcessId@0 1001002c     kernel32:KERNEL32.dll
 0002:00000030       __imp__QueryPerformanceCounter@4 10010030     kernel32:KERNEL32.dll
 0002:00000034       __imp__IsProcessorFeaturePresent@4 10010034     kernel32:KERNEL32.dll
 0002:00000038       __imp__TerminateProcess@8  10010038     kernel32:KERNEL32.dll
 0002:0000003c       __imp__GetCurrentProcess@0 1001003c     kernel32:KERNEL32.dll
 0002:00000040       __imp__SetUnhandledExceptionFilter@4 10010040     kernel32:KERNEL32.dll
 0002:00000044       __imp__UnhandledExceptionFilter@4 10010044     kernel32:KERNEL32.dll
 0002:00000048       \177KERNEL32_NULL_THUNK_DATA 10010048     kernel32:KERNEL32.dll
 0002:0000004c       __imp__memset              1001004c     vcruntime:VCRUNTIME140.dll
 0002:00000050       __imp___except_handler4_common 10010050     vcruntime:VCRUNTIME140.dll
 0002:00000054       __imp____std_type_info_destroy_list 10010054     vcruntime:VCRUNTIME140.dll
 0002:00000058       \177VCRUNTIME140_NULL_THUNK_DATA 10010058     vcruntime:VCRUNTIME140.dll
 0002:0000005c       __imp___initialize_onexit_table 1001005c     ucrt:api-ms-win-crt-runtime-l1-1-0.dll
 0002:00000060       __imp___cexit              10010060     ucrt:api-ms-win-crt-runtime-l1-1-0.dll
 0002:00000064       __imp___configure_narrow_argv 10010064     ucrt:api-ms-win-crt-runtime-l1-1-0.dll
 0002:00000068       __imp___seh_filter_dll     10010068     ucrt:api-ms-win-crt-runtime-l1-1-0.dll
 0002:0000006c       __imp___initterm_e         1001006c     ucrt:api-ms-win-crt-runtime-l1-1-0.dll
 0002:00000070       __imp___initterm           10010070     ucrt:api-ms-win-crt-runtime-l1-1-0.dll
 0002:00000074       __imp___initialize_narrow_environment 10010074     ucrt:api-ms-win-crt-runtime-l1-1-0.dll
 0002:00000078       __imp___execute_onexit_table 10010078     ucrt:api-ms-win-crt-runtime-l1-1-0.dll
 0002:0000007c       \177api-ms-win-crt-runtime-l1-1-0_NULL_THUNK_DATA 1001007c     ucrt:api-ms-win-crt-runtime-l1-1-0.dll
 0002:00000080       ___guard_check_icall_fptr  10010080     MSVCRT:guard_support.obj
 0002:00000084       ___xc_a                    10010084     MSVCRT:initializers.obj
 0002:00000088       ___xc_z                    10010088     MSVCRT:initializers.obj
 0002:0000008c       ___xi_a                    1001008c     MSVCRT:initializers.obj
 0002:00000090       ___xi_z                    10010090     MSVCRT:initializers.obj
 0002:00000094       ___xp_a                    10010094     MSVCRT:initializers.obj
 0002:00000098       ___xp_z                    10010098     MSVCRT:initializers.obj
 0002:0000009c       ___xt_a                    1001009c     MSVCRT:initializers.obj
 0002:000000a0       ___xt_z                    100100a0     MSVCRT:initializers.obj
 0002:000000b0       ??_C@_13DEFPDAGF@?$AA?0@   100100b0     pmc_parse.obj
 0002:000000b4       ??_C@_13JOFGPIOO@?$AA?4@   100100b4     pmc_parse.obj
 0002:000000b8       ??_C@_01EKENIIDA@3@        100100b8     pmc_parse.obj
 0002:000000bc       ??_C@_13KJIIAINM@?$AA?$CL@ 100100bc     pmc_parse.obj
 0002:000000c0       ??_C@_13IMODFHAA@?$AA?9@   100100c0     pmc_parse.obj
 0002:000000c4       __pRawDllMain              100100c4     MSVCRT:dll_dllmain.obj
 0002:000000c4       __pDefaultRawDllMain       100100c4     MSVCRT:dll_dllmain.obj
 0002:00000128       __load_config_used         10010128     MSVCRT:loadcfg.obj
 0002:000001d0       ___safe_se_handler_table   100101d0     <linker-defined>
 0002:00000498       ___rtc_iaa                 10010498     MSVCRT:initsect.obj
 0002:0000049c       ___rtc_izz                 1001049c     MSVCRT:initsect.obj
 0002:000004a0       ___rtc_taa                 100104a0     MSVCRT:initsect.obj
 0002:000004a4       ___rtc_tzz                 100104a4     MSVCRT:initsect.obj
 0002:000005a4       __IMPORT_DESCRIPTOR_KERNEL32 100105a4     kernel32:KERNEL32.dll
 0002:000005b8       __IMPORT_DESCRIPTOR_VCRUNTIME140 100105b8     vcruntime:VCRUNTIME140.dll
 0002:000005cc       __IMPORT_DESCRIPTOR_api-ms-win-crt-runtime-l1-1-0 100105cc     ucrt:api-ms-win-crt-runtime-l1-1-0.dll
 0002:000005e0       __NULL_IMPORT_DESCRIPTOR   100105e0     kernel32:KERNEL32.dll
 0003:00000060       ___security_cookie_complement 10011060     MSVCRT:gs_cookie.obj
 0003:00000064       ___security_cookie         10011064     MSVCRT:gs_cookie.obj
 0003:00000068       ___scrt_native_dllmain_reason 10011068     MSVCRT:utility.obj
 0003:00000070       ___isa_enabled             10011070     MSVCRT:cpu_disp.obj
 0003:00000074       ___scrt_ucrt_dll_is_in_use 10011074     MSVCRT:ucrt_stubs.obj
 0003:00000528       ?__type_info_root_node@@3U__type_info_node@@A 10011528     MSVCRT:tncleanup.obj
 0003:00000530       ?_OptionsStorage@?1??__local_stdio_printf_options@@9@4_KA 10011530     MSVCRT:default_local_stdio_options.obj
 0003:00000538       ?_OptionsStorage@?1??__local_stdio_scanf_options@@9@4_KA 10011538     MSVCRT:default_local_stdio_options.obj
 0003:00000540       ___scrt_current_native_startup_state 10011540     MSVCRT:utility.obj
 0003:00000544       ___scrt_native_startup_lock 10011544     MSVCRT:utility.obj
 0003:00000564       ___scrt_debugger_hook_flag 10011564     MSVCRT:utility_desktop.obj
 0003:00000568       ___isa_available           10011568     MSVCRT:cpu_disp.obj
 0003:0000056c       ___favor                   1001156c     MSVCRT:cpu_disp.obj
 0003:00000570       _statistics_info           10011570     <common>
 0003:00000580       _configuration_info        10011580     <common>
 0003:00000584       _hLocalHeap                10011584     <common>
 0003:000005a0       _number_one                100115a0     <common>
 0003:000005e0       _number_zero               100115e0     <common>
 0003:00000604       ___dyn_tls_init_callback   10011604     <common>

 entry point at        0001:0000d7c5

 Static symbols

 0000:fffec000       .debug$S                   10000000     ucrt:api-ms-win-crt-runtime-l1-1-0.dll
 0000:fffec000       .debug$S                   10000000     kernel32:KERNEL32.dll
 0000:fffec000       .debug$S                   10000000     kernel32:KERNEL32.dll
 0000:fffec000       .debug$S                   10000000     kernel32:KERNEL32.dll
 0000:fffec000       .debug$S                   10000000     kernel32:KERNEL32.dll
 0000:fffec000       .debug$S                   10000000     kernel32:KERNEL32.dll
 0000:fffec000       .debug$S                   10000000     kernel32:KERNEL32.dll
 0000:fffec000       .debug$S                   10000000     vcruntime:VCRUNTIME140.dll
 0000:fffec000       .debug$S                   10000000     Palmtree.Math.Core.Uint.exp
 0000:fffec000       .debug$S                   10000000     vcruntime:VCRUNTIME140.dll
 0000:fffec000       .debug$S                   10000000     kernel32:KERNEL32.dll
 0000:fffec000       .debug$S                   10000000     kernel32:KERNEL32.dll
 0000:fffec000       .debug$S                   10000000     kernel32:KERNEL32.dll
 0000:fffec000       .debug$S                   10000000     kernel32:KERNEL32.dll
 0000:fffec000       .debug$S                   10000000     kernel32:KERNEL32.dll
 0000:fffec000       .debug$S                   10000000     kernel32:KERNEL32.dll
 0000:fffec000       .debug$S                   10000000     kernel32:KERNEL32.dll
 0000:fffec000       .debug$S                   10000000     kernel32:KERNEL32.dll
 0000:fffec000       .debug$S                   10000000     kernel32:KERNEL32.dll
 0000:fffec000       .debug$S                   10000000     kernel32:KERNEL32.dll
 0000:fffec000       .debug$S                   10000000     kernel32:KERNEL32.dll
 0000:fffec000       .debug$S                   10000000     kernel32:KERNEL32.dll
 0000:fffec000       .debug$S                   10000000     kernel32:KERNEL32.dll
 0000:fffec000       .debug$S                   10000000     vcruntime:VCRUNTIME140.dll
 0000:fffec000       .debug$S                   10000000     ucrt:api-ms-win-crt-runtime-l1-1-0.dll
 0000:fffec000       .debug$S                   10000000     ucrt:api-ms-win-crt-runtime-l1-1-0.dll
 0000:fffec000       .debug$S                   10000000     ucrt:api-ms-win-crt-runtime-l1-1-0.dll
 0000:fffec000       .debug$S                   10000000     ucrt:api-ms-win-crt-runtime-l1-1-0.dll
 0000:fffec000       .debug$S                   10000000     ucrt:api-ms-win-crt-runtime-l1-1-0.dll
 0000:fffec000       .debug$S                   10000000     kernel32:KERNEL32.dll
 0000:fffec000       .debug$S                   10000000     ucrt:api-ms-win-crt-runtime-l1-1-0.dll
 0000:fffec000       .debug$S                   10000000     ucrt:api-ms-win-crt-runtime-l1-1-0.dll
 0000:fffec000       .debug$S                   10000000     ucrt:api-ms-win-crt-runtime-l1-1-0.dll
 0000:fffec000       .debug$S                   10000000     ucrt:api-ms-win-crt-runtime-l1-1-0.dll
 0000:fffec000       .debug$S                   10000000     ucrt:api-ms-win-crt-runtime-l1-1-0.dll
 0000:fffec000       .debug$S                   10000000     ucrt:api-ms-win-crt-runtime-l1-1-0.dll
 0001:00000158       $LN12                      10001158     dllmain.obj
 0001:00000230       _CalculateCheckCode        10001230 f   pmc_memory.obj
 0001:00000700       _InitializeNumber          10001700 f   pmc_memory.obj
 0001:00000a30       _Add_Imp_using_ADC         10001a30 f   pmc_add.obj
 0001:00000ce0       _Add_Imp_using_ADCX        10001ce0 f   pmc_add.obj
 0001:00001020       _Add_X_1W                  10002020 f   pmc_add.obj
 0001:00001060       _DoCarry                   10002060 f   pmc_add.obj
 0001:000011c0       _PMC_Add_X_I_Imp           100021c0 f   pmc_add.obj
 0001:00001310       _PMC_Add_X_L_Imp           10002310 f   pmc_add.obj
 0001:00001640       __ADD_16WORDS_ADC_DIV      10002640 f   pmc_divrem.obj
 0001:00001640       __ADD_16WORDS_ADC          10002640 f   pmc_add.obj
 0001:000016f0       __ADD_16WORDS_ADCX_DIV     100026f0 f   pmc_divrem.obj
 0001:000016f0       __ADD_16WORDS_ADCX         100026f0 f   pmc_add.obj
 0001:000017d0       _BitwiseAnd_X_X            100027d0 f   pmc_bitwiseand.obj
 0001:00001d40       _BitwiseOr_X_1W            10002d40 f   pmc_bitwiseor.obj
 0001:00001d70       _BitwiseOr_X_X             10002d70 f   pmc_bitwiseor.obj
 0001:000020c0       _PMC_BitwiseOr_X_I_Imp     100030c0 f   pmc_bitwiseor.obj
 0001:000021d0       _PMC_BitwiseOr_X_L_Imp     100031d0 f   pmc_bitwiseor.obj
 0001:00002430       _CountActualBitsFromBuffer 10003430 f   pmc_bytes.obj
 0001:000028e0       _PMC_Compare_X_I_Imp       100038e0 f   pmc_compare.obj
 0001:000029a0       _PMC_Compare_X_L_Imp       100039a0 f   pmc_compare.obj
 0001:00002b30       _AddOneLine                10003b30 f   pmc_divrem.obj
 0001:00002da0       _AddOneLineX               10003da0 f   pmc_divrem.obj
 0001:00003920       _DivRem_X_X_using_ADC_MUL  10004920 f   pmc_divrem.obj
 0001:00003ae0       _DivRem_X_X_using_ADX_MULX 10004ae0 f   pmc_divrem.obj
 0001:00004760       _SubtructOneLine           10005760 f   pmc_divrem.obj
 0001:00005110       _SubtructOneLineX          10006110 f   pmc_divrem.obj
 0001:00005c80       __LZCNT_ALT_32             10006c80 f   pmc_subtruct.obj
 0001:00005c80       __LZCNT_ALT_32             10006c80 f   pmc_divrem.obj
 0001:00005c80       __LZCNT_ALT_32             10006c80 f   pmc_multiply.obj
 0001:00005d60       _PMC_Equals_X_I_Imp        10006d60 f   pmc_equals.obj
 0001:00005e00       _PMC_Equals_X_L_Imp        10006e00 f   pmc_equals.obj
 0001:00005f70       _ExclusiveOr_X_1W          10006f70 f   pmc_exclusiveor.obj
 0001:00005fa0       _ExclusiveOr_X_X           10006fa0 f   pmc_exclusiveor.obj
 0001:000062f0       _PMC_ExclusiveOr_X_I_Imp   100072f0 f   pmc_exclusiveor.obj
 0001:00006420       _PMC_ExclusiveOr_X_L_Imp   10007420 f   pmc_exclusiveor.obj
 0001:00006920       _GreatestCommonDivisor_Imp 10007920 f   pmc_greatestcommondivisor.obj
 0001:00006a80       _PMC_GreatestCommonDivisor_X_I_Imp 10007a80 f   pmc_greatestcommondivisor.obj
 0001:00006ca0       _PMC_GreatestCommonDivisor_X_L_Imp 10007ca0 f   pmc_greatestcommondivisor.obj
 0001:00007750       _ModulePower               10008750 f   pmc_modpow.obj
 0001:00007f00       _Remainder                 10008f00 f   pmc_modpow.obj
 0001:000080b0       _Multiply_WORD_using_MULX_ADCX 100090b0 f   pmc_multiply.obj
 0001:00008930       _Multiply_WORD_using_MUL_ADC 10009930 f   pmc_multiply.obj
 0001:00008f70       _Multiply_X_1W_using_MULX_ADCX 10009f70 f   pmc_multiply.obj
 0001:00008f80       _Multiply_X_1W_using_MUL_ADC 10009f80 f   pmc_multiply.obj
 0001:00008f90       _Multiply_X_2W_using_MULX_ADCX 10009f90 f   pmc_multiply.obj
 0001:00008fc0       _Multiply_X_2W_using_MUL_ADC 10009fc0 f   pmc_multiply.obj
 0001:00009000       _Multiply_X_X_using_MULX_ADCX 1000a000 f   pmc_multiply.obj
 0001:00009060       _Multiply_X_X_using_MUL_ADC 1000a060 f   pmc_multiply.obj
 0001:00009180       _PMC_Multiply_X_I_Imp      1000a180 f   pmc_multiply.obj
 0001:00009290       _PMC_Multiply_X_L_Imp      1000a290 f   pmc_multiply.obj
 0001:000094e0       _BuildBinaryFromHexString  1000a4e0 f   pmc_parse.obj
 0001:0000967c       $LN45                      1000a67c     pmc_parse.obj
 0001:0000968c       $LN42                      1000a68c     pmc_parse.obj
 0001:000096c4       $LN46                      1000a6c4     pmc_parse.obj
 0001:000096d4       $LN43                      1000a6d4     pmc_parse.obj
 0001:00009710       _InitializeParserState     1000a710 f   pmc_parse.obj
 0001:00009850       _MultiplyAndAdd_using_ADCX_MULX 1000a850 f   pmc_parse.obj
 0001:00009f30       _MultiplyAndAdd_using_ADC_MUL 1000af30 f   pmc_parse.obj
 0001:0000a4e0       _Parse1DigitFromHexChar    1000b4e0 f   pmc_parse.obj
 0001:0000a50c       $LN11                      1000b50c     pmc_parse.obj
 0001:0000a51c       $LN9                       1000b51c     pmc_parse.obj
 0001:0000a560       _ParseAsDecimalNumberString 1000b560 f   pmc_parse.obj
 0001:0000a880       _ParseAsFractionPartNumberSequence 1000b880 f   pmc_parse.obj
 0001:0000a8f0       _ParseAsIntegerPartNumberSequence 1000b8f0 f   pmc_parse.obj
 0001:0000a9e0       _StartsWith                1000b9e0 f   pmc_parse.obj
 0001:0000aa20       _TryParseDN                1000ba20 f   pmc_parse.obj
 0001:0000ae40       _TryParseX                 1000be40 f   pmc_parse.obj
 0001:0000b040       _PMC_Pow_X_I_Imp           1000c040 f   pmc_pow.obj
 0001:0000bd30       _DoBorrow                  1000cd30 f   pmc_subtruct.obj
 0001:0000c620       _Subtruct_X_1W             1000d620 f   pmc_subtruct.obj
 0001:0000c660       __SUBTRUCT_16WORDS_SBB     1000d660 f   pmc_subtruct.obj
 0001:0000c840       _OutputOneChar             1000d840 f   pmc_tostring.obj
 0001:0000c9a8       $LN20                      1000d9a8     pmc_tostring.obj
 0001:0000c9bc       $LN16                      1000d9bc     pmc_tostring.obj
 0001:0000ca00       _PrintDecimal              1000da00 f   pmc_tostring.obj
 0001:0000ccf0       _ToStringDN                1000dcf0 f   pmc_tostring.obj
 0001:0000cfc0       _ToStringX                 1000dfc0 f   pmc_tostring.obj
 0001:0000d0c0       _ToStringX_1WORD           1000e0c0 f   pmc_tostring.obj
 0001:0000d320       $$000000                   1000e320     MSVCRT:ulldiv.obj
 0001:0000d390       $$000000                   1000e390     MSVCRT:ulldvrm.obj
 0001:0000d430       $$000000                   1000e430     MSVCRT:ullrem.obj
 0001:0000d4a5       ?dllmain_crt_dispatch@@YGHQAUHINSTANCE__@@KQAX@Z 1000e4a5 f   MSVCRT:dll_dllmain.obj
 0001:0000d4f8       ?dllmain_crt_process_attach@@YAHQAUHINSTANCE__@@QAX@Z 1000e4f8 f   MSVCRT:dll_dllmain.obj
 0001:0000d602       ?dllmain_crt_process_detach@@YAH_N@Z 1000e602 f   MSVCRT:dll_dllmain.obj
 0001:0000d694       ?dllmain_dispatch@@YAHQAUHINSTANCE__@@KQAX@Z 1000e694 f   MSVCRT:dll_dllmain.obj
 0001:0000d79a       ?dllmain_raw@@YGHQAUHINSTANCE__@@KQAX@Z 1000e79a f   MSVCRT:dll_dllmain.obj
 0001:0000d909       ___get_entropy             1000e909 f   MSVCRT:gs_support.obj
 0001:0000d9e2       ?find_pe_section@@YAPAU_IMAGE_SECTION_HEADER@@QAEI@Z 1000e9e2 f   MSVCRT:utility.obj
 0001:0000de60       $$000000                   1000ee60     MSVCRT:sehprolg4.obj
 0002:000000c8       _GS_ExceptionPointers      100100c8     MSVCRT:gs_report.obj
 0002:000004a8       __sehtable$?dllmain_crt_process_attach@@YAHQAUHINSTANCE__@@QAX@Z 100104a8     MSVCRT:dll_dllmain.obj
 0002:000004c8       __sehtable$?dllmain_crt_process_detach@@YAH_N@Z 100104c8     MSVCRT:dll_dllmain.obj
 0002:000004e8       __sehtable$?dllmain_dispatch@@YAHQAUHINSTANCE__@@KQAX@Z 100104e8     MSVCRT:dll_dllmain.obj
 0002:00000508       __sehtable$___scrt_is_nonwritable_in_current_image 10010508     MSVCRT:utility.obj
 0002:00000530       .edata                     10010530     Palmtree.Math.Core.Uint.exp
 0002:00000558       rgpv                       10010558     Palmtree.Math.Core.Uint.exp
 0002:00000560       rgszName                   10010560     Palmtree.Math.Core.Uint.exp
 0002:00000568       rgwOrd                     10010568     Palmtree.Math.Core.Uint.exp
 0002:0000056c       szName                     1001056c     Palmtree.Math.Core.Uint.exp
 0002:00000588       $N00001                    10010588     Palmtree.Math.Core.Uint.exp
 0002:00000590       $N00002                    10010590     Palmtree.Math.Core.Uint.exp
 0002:000006cc       .idata$6                   100106cc     kernel32:KERNEL32.dll
 0002:0000071e       .idata$6                   1001071e     vcruntime:VCRUNTIME140.dll
 0002:000007d6       .idata$6                   100107d6     ucrt:api-ms-win-crt-runtime-l1-1-0.dll
 0003:00000000       _decimal_digits            10011000     pmc_tostring.obj
 0003:00000018       _hexadecimal_lower_digits  10011018     pmc_tostring.obj
 0003:0000003c       _hexadecimal_upper_digits  1001103c     pmc_tostring.obj
 0003:00000080       _fp_Add_Imp                10011080     pmc_add.obj
 0003:00000084       _fp_DivRem_X_X             10011084     pmc_divrem.obj
 0003:00000088       _entry_points              10011088     pmc_initialize.obj
 0003:000001a0       _initialized               100111a0     pmc_initialize.obj
 0003:000001a4       _fp_Multiply_X_1W          100111a4     pmc_multiply.obj
 0003:000001a8       _fp_Multiply_X_2W          100111a8     pmc_multiply.obj
 0003:000001ac       _fp_Multiply_X_X           100111ac     pmc_multiply.obj
 0003:000001b0       _default_number_format_option 100111b0     pmc_parse.obj
 0003:000001d8       _fp_MultiplyAndAdd         100111d8     pmc_parse.obj
 0003:000001dc       _default_number_format_option 100111dc     pmc_tostring.obj
 0003:00000204       ?__proc_attached@@3HA      10011204     MSVCRT:dll_dllmain.obj
 0003:00000208       _GS_ExceptionRecord        10011208     MSVCRT:gs_report.obj
 0003:00000258       _GS_ContextRecord          10011258     MSVCRT:gs_report.obj
 0003:00000548       ?is_initialized_as_dll@@3_NA 10011548     MSVCRT:utility.obj
 0003:00000549       ?module_local_atexit_table_initialized@@3_NA 10011549     MSVCRT:utility.obj
 0003:0000054c       ?module_local_atexit_table@@3U_onexit_table_t@@A 1001154c     MSVCRT:utility.obj
 0003:00000558       ?module_local_at_quick_exit_table@@3U_onexit_table_t@@A 10011558     MSVCRT:utility.obj
 0004:000000a0       $R000000                   100120a0     Palmtree.Math.Core.Uint.res
 0004:000003c0       $R000320                   100123c0     Palmtree.Math.Core.Uint.res
