 Palmtree.Math.Core.Uint

 Timestamp is 5c59a5fe (Wed Feb  6 00:04:30 2019)

 Preferred load address is 10000000

 Start         Length     Name                   Class
 0001:00000000 0000deb1H .text$mn                CODE
 0002:00000000 00000080H .idata$5                DATA
 0002:00000080 00000004H .00cfg                  DATA
 0002:00000084 00000004H .CRT$XCA                DATA
 0002:00000088 00000004H .CRT$XCZ                DATA
 0002:0000008c 00000004H .CRT$XIA                DATA
 0002:00000090 00000004H .CRT$XIZ                DATA
 0002:00000094 00000004H .CRT$XPA                DATA
 0002:00000098 00000004H .CRT$XPZ                DATA
 0002:0000009c 00000004H .CRT$XTA                DATA
 0002:000000a0 00000010H .CRT$XTZ                DATA
 0002:000000a4 00000000H .gfids$y                DATA
 0002:000000b0 00000120H .rdata                  DATA
 0002:000001d0 00000004H .rdata$sxdata           DATA
 0002:000001d4 000002c4H .rdata$zzzdbg           DATA
 0002:00000498 00000004H .rtc$IAA                DATA
 0002:0000049c 00000004H .rtc$IZZ                DATA
 0002:000004a0 00000004H .rtc$TAA                DATA
 0002:000004a4 00000004H .rtc$TZZ                DATA
 0002:000004a8 00000088H .xdata$x                DATA
 0002:00000530 00000074H .edata                  DATA
 0002:000005a4 0000003cH .idata$2                DATA
 0002:000005e0 00000014H .idata$3                DATA
 0002:000005f4 00000080H .idata$4                DATA
 0002:00000674 0000028cH .idata$6                DATA
 0003:00000000 00000080H .data                   DATA
 0003:00000080 00000588H .bss                    DATA
 0004:00000000 000000a0H .rsrc$01                DATA
 0004:000000a0 000004a0H .rsrc$02                DATA

  Address         Publics by Value              Rva+Base       Lib:Object

 0000:00000000       ___guard_iat_count         00000000     <absolute>
 0000:00000000       ___guard_fids_count        00000000     <absolute>
 0000:00000000       ___hybrid_code_map         00000000     <absolute>
 0000:00000000       ___enclave_config          00000000     <absolute>
 0000:00000000       ___guard_longjmp_count     00000000     <absolute>
 0000:00000000       ___guard_fids_table        00000000     <absolute>
 0000:00000000       ___hybrid_auxiliary_iat    00000000     <absolute>
 0000:00000000       ___volatile_metadata       00000000     <absolute>
 0000:00000000       ___guard_iat_table         00000000     <absolute>
 0000:00000000       ___dynamic_value_reloc_table 00000000     <absolute>
 0000:00000000       ___guard_longjmp_table     00000000     <absolute>
 0000:00000000       ___hybrid_code_map_count   00000000     <absolute>
 0000:00000001       ___safe_se_handler_count   00000001     <absolute>
 0000:00000100       ___guard_flags             00000100     <absolute>
 0000:00000000       ___ImageBase               10000000     <linker-defined>
 0001:00000000       _GetCPUInfo                10001000 f   cpuid.obj
 0001:00000110       _DoDebug@4                 10001110 f   debug.obj
 0001:00000120       _DllMain@12                10001120 f   dllmain.obj
 0001:00000170       _AllocateBlock             10001170 f   memory.obj
 0001:000001c0       _AllocateHeapArea          100011c0 f   memory.obj
 0001:000001e0       _AllocateNumber            100011e0 f   memory.obj
 0001:00000400       _Initialize_BitwiseOr      10001400 f   pmc_bitwiseor.obj
 0001:00000400       _Initialize_ModPow         10001400 f   pmc_modpow.obj
 0001:00000400       _Initialize_Shift          10001400 f   pmc_shift.obj
 0001:00000400       _Initialize_GetPropertyValue 10001400 f   pmc_getpropertyvalue.obj
 0001:00000400       _Initialize_BitwiseAnd     10001400 f   pmc_bitwiseand.obj
 0001:00000400       _Initialize_To             10001400 f   pmc_to.obj
 0001:00000400       ___scrt_stub_for_is_c_termination_complete 10001400 f   MSVCRT:ucrt_stubs.obj
 0001:00000400       _Initialize_Clone          10001400 f   pmc_clone.obj
 0001:00000400       _Initialize_Equals         10001400 f   pmc_equals.obj
 0001:00000400       _Initialize_From           10001400 f   pmc_from.obj
 0001:00000400       _Initialize_GreatestCommonDivisor 10001400 f   pmc_greatestcommondivisor.obj
 0001:00000400       _CheckBlockLight           10001400 f   memory.obj
 0001:00000400       _Initialize_Subtruct       10001400 f   pmc_subtruct.obj
 0001:00000400       _Initialize_ExclusiveOr    10001400 f   pmc_exclusiveor.obj
 0001:00000400       __is_c_termination_complete 10001400 f   MSVCRT:ucrt_stubs.obj
 0001:00000400       _Initialize_Compare        10001400 f   pmc_compare.obj
 0001:00000400       _Initialize_Pow            10001400 f   pmc_pow.obj
 0001:00000410       _CheckNumber               10001410 f   memory.obj
 0001:00000440       _CommitNumber              10001440 f   memory.obj
 0001:00000570       _DeallocateBlock           10001570 f   memory.obj
 0001:000005b0       _DeallocateHeapArea        100015b0 f   memory.obj
 0001:000005d0       _DeallocateNumber          100015d0 f   memory.obj
 0001:00000670       _DuplicateNumber           10001670 f   memory.obj
 0001:000007a0       _Initialize_Memory         100017a0 f   memory.obj
 0001:00000940       _PMC_Dispose@4             10001940 f   memory.obj
 0001:000010a0       _Initialize_Add            100020a0 f   pmc_add.obj
 0001:000010c0       _PMC_Add_I_X@12            100020c0 f   pmc_add.obj
 0001:00001100       _PMC_Add_L_X@16            10002100 f   pmc_add.obj
 0001:00001140       _PMC_Add_X_I@12            10002140 f   pmc_add.obj
 0001:00001290       _PMC_Add_X_L@16            10002290 f   pmc_add.obj
 0001:000014c0       _PMC_Add_X_X@12            100024c0 f   pmc_add.obj
 0001:00001a20       _PMC_BitwiseAnd_I_X@12     10002a20 f   pmc_bitwiseand.obj
 0001:00001a80       _PMC_BitwiseAnd_L_X@16     10002a80 f   pmc_bitwiseand.obj
 0001:00001b10       _PMC_BitwiseAnd_X_I@12     10002b10 f   pmc_bitwiseand.obj
 0001:00001b70       _PMC_BitwiseAnd_X_L@16     10002b70 f   pmc_bitwiseand.obj
 0001:00001c00       _PMC_BitwiseAnd_X_X@12     10002c00 f   pmc_bitwiseand.obj
 0001:00001fc0       _PMC_BitwiseOr_I_X@12      10002fc0 f   pmc_bitwiseor.obj
 0001:00002000       _PMC_BitwiseOr_L_X@16      10003000 f   pmc_bitwiseor.obj
 0001:00002040       _PMC_BitwiseOr_X_I@12      10003040 f   pmc_bitwiseor.obj
 0001:00002150       _PMC_BitwiseOr_X_L@16      10003150 f   pmc_bitwiseor.obj
 0001:00002300       _PMC_BitwiseOr_X_X@12      10003300 f   pmc_bitwiseor.obj
 0001:000023f0       _PMC_FromByteArray@12      100033f0 f   pmc_bytes.obj
 0001:00002490       _PMC_ToByteArray@16        10003490 f   pmc_bytes.obj
 0001:00002510       _PMC_Clone_X@8             10003510 f   pmc_clone.obj
 0001:00002570       _Compare_Imp               10003570 f   pmc_compare.obj
 0001:000025c0       _PMC_Compare_I_X@12        100035c0 f   pmc_compare.obj
 0001:00002610       _PMC_Compare_L_X@16        10003610 f   pmc_compare.obj
 0001:00002660       _PMC_Compare_X_I@12        10003660 f   pmc_compare.obj
 0001:00002720       _PMC_Compare_X_L@16        10003720 f   pmc_compare.obj
 0001:00002820       _PMC_Compare_X_X@12        10003820 f   pmc_compare.obj
 0001:00002e70       _DivRem_X_1W               10003e70 f   pmc_divrem.obj
 0001:00003650       _DivRem_X_X                10004650 f   pmc_divrem.obj
 0001:00003a70       _Initialize_DivRem         10004a70 f   pmc_divrem.obj
 0001:00003aa0       _PMC_DivRem_I_X@16         10004aa0 f   pmc_divrem.obj
 0001:00003b80       _PMC_DivRem_L_X@20         10004b80 f   pmc_divrem.obj
 0001:00003e10       _PMC_DivRem_X_I@16         10004e10 f   pmc_divrem.obj
 0001:00003f70       _PMC_DivRem_X_L@20         10004f70 f   pmc_divrem.obj
 0001:00004240       _PMC_DivRem_X_X@16         10005240 f   pmc_divrem.obj
 0001:00005a60       _PMC_Equals_I_X@12         10006a60 f   pmc_equals.obj
 0001:00005aa0       _PMC_Equals_L_X@16         10006aa0 f   pmc_equals.obj
 0001:00005ae0       _PMC_Equals_X_I@12         10006ae0 f   pmc_equals.obj
 0001:00005b80       _PMC_Equals_X_L@16         10006b80 f   pmc_equals.obj
 0001:00005c80       _PMC_Equals_X_X@12         10006c80 f   pmc_equals.obj
 0001:00005ff0       _PMC_ExclusiveOr_I_X@12    10006ff0 f   pmc_exclusiveor.obj
 0001:00006030       _PMC_ExclusiveOr_L_X@16    10007030 f   pmc_exclusiveor.obj
 0001:00006070       _PMC_ExclusiveOr_X_I@12    10007070 f   pmc_exclusiveor.obj
 0001:000061a0       _PMC_ExclusiveOr_X_L@16    100071a0 f   pmc_exclusiveor.obj
 0001:00006360       _PMC_ExclusiveOr_X_X@12    10007360 f   pmc_exclusiveor.obj
 0001:00006480       _From_I_Imp                10007480 f   pmc_from.obj
 0001:000064d0       _From_L_Imp                100074d0 f   pmc_from.obj
 0001:00006560       _PMC_From_I@8              10007560 f   pmc_from.obj
 0001:000065d0       _PMC_From_L@12             100075d0 f   pmc_from.obj
 0001:00006680       _PMC_GetPropertyValue_X_I@12 10007680 f   pmc_getpropertyvalue.obj
 0001:000067c0       _PMC_GreatestCommonDivisor_I_X@12 100077c0 f   pmc_greatestcommondivisor.obj
 0001:00006800       _PMC_GreatestCommonDivisor_L_X@16 10007800 f   pmc_greatestcommondivisor.obj
 0001:00006840       _PMC_GreatestCommonDivisor_X_I@12 10007840 f   pmc_greatestcommondivisor.obj
 0001:00006a60       _PMC_GreatestCommonDivisor_X_L@16 10007a60 f   pmc_greatestcommondivisor.obj
 0001:00006e60       _PMC_GreatestCommonDivisor_X_X@12 10007e60 f   pmc_greatestcommondivisor.obj
 0001:000070b0       _PMC_UINT_Initialize@4     100080b0 f   pmc_initialize.obj
 0001:00007bf0       _PMC_ModPow_X_X_X@16       10008bf0 f   pmc_modpow.obj
 0001:00007e30       _Initialize_Multiply       10008e30 f   pmc_multiply.obj
 0001:00008dc0       _Multiply_X_X_Imp          10009dc0 f   pmc_multiply.obj
 0001:00008e90       _PMC_Multiply_I_X@12       10009e90 f   pmc_multiply.obj
 0001:00008ed0       _PMC_Multiply_L_X@16       10009ed0 f   pmc_multiply.obj
 0001:00008f10       _PMC_Multiply_X_I@12       10009f10 f   pmc_multiply.obj
 0001:00009020       _PMC_Multiply_X_L@16       1000a020 f   pmc_multiply.obj
 0001:00009190       _PMC_Multiply_X_X@12       1000a190 f   pmc_multiply.obj
 0001:000095a0       _Initialize_Parse          1000a5a0 f   pmc_parse.obj
 0001:0000a230       _PMC_TryParse@16           1000b230 f   pmc_parse.obj
 0001:0000add0       _PMC_Pow_X_I@12            1000bdd0 f   pmc_pow.obj
 0001:0000b050       _LeftShift_Imp_DIV         1000c050 f   pmc_shift.obj
 0001:0000b050       _LeftShift_Imp             1000c050 f   pmc_shift.obj
 0001:0000b660       _PMC_LeftShift_X_I@12      1000c660 f   pmc_shift.obj
 0001:0000b720       _PMC_LeftShift_X_L@16      1000c720 f   pmc_shift.obj
 0001:0000b720       _PMC_RightShift_X_L@16     1000c720 f   pmc_shift.obj
 0001:0000b730       _PMC_RightShift_X_I@12     1000c730 f   pmc_shift.obj
 0001:0000b810       _RightShift_Imp            1000c810 f   pmc_shift.obj
 0001:0000b810       _RightShift_Imp_DIV        1000c810 f   pmc_shift.obj
 0001:0000bae0       _PMC_GetStatisticsInfo@4   1000cae0 f   pmc_statistics.obj
 0001:0000bb70       _PMC_Subtruct_I_X@12       1000cb70 f   pmc_subtruct.obj
 0001:0000bbf0       _PMC_Subtruct_L_X@16       1000cbf0 f   pmc_subtruct.obj
 0001:0000bcf0       _PMC_Subtruct_X_I@12       1000ccf0 f   pmc_subtruct.obj
 0001:0000be20       _PMC_Subtruct_X_L@16       1000ce20 f   pmc_subtruct.obj
 0001:0000c040       _PMC_Subtruct_X_X@12       1000d040 f   pmc_subtruct.obj
 0001:0000c170       _Subtruct_Imp              1000d170 f   pmc_subtruct.obj
 0001:0000c4f0       _PMC_To_X_I@8              1000d4f0 f   pmc_to.obj
 0001:0000c540       _PMC_To_X_L@8              1000d540 f   pmc_to.obj
 0001:0000c5c0       _Initialize_ToString       1000d5c0 f   pmc_tostring.obj
 0001:0000c6c0       _PMC_ToString@24           1000d6c0 f   pmc_tostring.obj
 0001:0000d0e8       @__security_check_cookie@4 1000e0e8 f   MSVCRT:secchk.obj
 0001:0000d100       __aulldiv                  1000e100 f   MSVCRT:ulldiv.obj
 0001:0000d170       __aulldvrm                 1000e170 f   MSVCRT:ulldvrm.obj
 0001:0000d210       __aullrem                  1000e210 f   MSVCRT:ullrem.obj
 0001:0000d5a5       __DllMainCRTStartup@12     1000e5a5 f   MSVCRT:dll_dllmain.obj
 0001:0000d5c8       ___raise_securityfailure   1000e5c8 f   MSVCRT:gs_report.obj
 0001:0000d5f0       ___report_gsfailure        1000e5f0 f   MSVCRT:gs_report.obj
 0001:0000d736       ___security_init_cookie    1000e736 f   MSVCRT:gs_support.obj
 0001:0000d781       ?__scrt_initialize_type_info@@YAXXZ 1000e781 f   MSVCRT:tncleanup.obj
 0001:0000d78d       ?__scrt_uninitialize_type_info@@YAXXZ 1000e78d f   MSVCRT:tncleanup.obj
 0001:0000d799       ___local_stdio_printf_options 1000e799 f i MSVCRT:default_local_stdio_options.obj
 0001:0000d79f       ___local_stdio_scanf_options 1000e79f f i MSVCRT:default_local_stdio_options.obj
 0001:0000d7a5       ___scrt_initialize_default_local_stdio_options 1000e7a5 f   MSVCRT:default_local_stdio_options.obj
 0001:0000d806       ___scrt_acquire_startup_lock 1000e806 f   MSVCRT:utility.obj
 0001:0000d838       ___scrt_dllmain_after_initialize_c 1000e838 f   MSVCRT:utility.obj
 0001:0000d863       ___scrt_dllmain_before_initialize_c 1000e863 f   MSVCRT:utility.obj
 0001:0000d871       ___scrt_dllmain_crt_thread_attach 1000e871 f   MSVCRT:utility.obj
 0001:0000d890       ___scrt_dllmain_crt_thread_detach 1000e890 f   MSVCRT:utility.obj
 0001:0000d89d       ___scrt_dllmain_exception_filter 1000e89d f   MSVCRT:utility.obj
 0001:0000d8d1       ___scrt_dllmain_uninitialize_c 1000e8d1 f   MSVCRT:utility.obj
 0001:0000d8f4       ___scrt_dllmain_uninitialize_critical 1000e8f4 f   MSVCRT:utility.obj
 0001:0000d901       ___scrt_initialize_crt     1000e901 f   MSVCRT:utility.obj
 0001:0000d93a       ___scrt_initialize_onexit_tables 1000e93a f   MSVCRT:utility.obj
 0001:0000d9df       ___scrt_is_nonwritable_in_current_image 1000e9df f   MSVCRT:utility.obj
 0001:0000da73       ___scrt_release_startup_lock 1000ea73 f   MSVCRT:utility.obj
 0001:0000da90       ___scrt_uninitialize_crt   1000ea90 f   MSVCRT:utility.obj
 0001:0000dab8       ___scrt_get_dyn_tls_init_callback 1000eab8 f   MSVCRT:dyn_tls_init.obj
 0001:0000dabe       ___scrt_fastfail           1000eabe f   MSVCRT:utility_desktop.obj
 0001:0000dbd8       __crt_debugger_hook        1000ebd8 f   MSVCRT:utility_desktop.obj
 0001:0000dbe0       __RTC_Initialize           1000ebe0 f   MSVCRT:initsect.obj
 0001:0000dc0c       __RTC_Terminate            1000ec0c f   MSVCRT:initsect.obj
 0001:0000dc40       __SEH_prolog4              1000ec40 f   MSVCRT:sehprolg4.obj
 0001:0000dc86       __SEH_epilog4              1000ec86 f   MSVCRT:sehprolg4.obj
 0001:0000dc9b       __except_handler4          1000ec9b f   MSVCRT:chandler4gs.obj
 0001:0000dcbe       @_guard_check_icall_nop@4  1000ecbe f i MSVCRT:guard_support.obj
 0001:0000dcbf       ___isa_available_init      1000ecbf f   MSVCRT:cpu_disp.obj
 0001:0000de56       __get_startup_argv_mode    1000ee56 f   MSVCRT:argv_mode.obj
 0001:0000de5a       ___scrt_is_ucrt_dll_in_use 1000ee5a f   MSVCRT:ucrt_detection.obj
 0001:0000de66       ___std_type_info_destroy_list 1000ee66 f   vcruntime:VCRUNTIME140.dll
 0001:0000de6c       _memset                    1000ee6c f   vcruntime:VCRUNTIME140.dll
 0001:0000de72       __except_handler4_common   1000ee72 f   vcruntime:VCRUNTIME140.dll
 0001:0000de78       __initterm                 1000ee78 f   ucrt:api-ms-win-crt-runtime-l1-1-0.dll
 0001:0000de7e       __initterm_e               1000ee7e f   ucrt:api-ms-win-crt-runtime-l1-1-0.dll
 0001:0000de84       __seh_filter_dll           1000ee84 f   ucrt:api-ms-win-crt-runtime-l1-1-0.dll
 0001:0000de8a       __configure_narrow_argv    1000ee8a f   ucrt:api-ms-win-crt-runtime-l1-1-0.dll
 0001:0000de90       __initialize_narrow_environment 1000ee90 f   ucrt:api-ms-win-crt-runtime-l1-1-0.dll
 0001:0000de96       __initialize_onexit_table  1000ee96 f   ucrt:api-ms-win-crt-runtime-l1-1-0.dll
 0001:0000de9c       __execute_onexit_table     1000ee9c f   ucrt:api-ms-win-crt-runtime-l1-1-0.dll
 0001:0000dea2       __cexit                    1000eea2 f   ucrt:api-ms-win-crt-runtime-l1-1-0.dll
 0001:0000dea8       _IsProcessorFeaturePresent@4 1000eea8 f   kernel32:KERNEL32.dll
 0001:0000deae       ___scrt_stub_for_acrt_uninitialize_critical 1000eeae f   MSVCRT:ucrt_stubs.obj
 0001:0000deae       ___scrt_stub_for_acrt_thread_detach 1000eeae f   MSVCRT:ucrt_stubs.obj
 0001:0000deae       ___vcrt_initialize         1000eeae f   MSVCRT:ucrt_stubs.obj
 0001:0000deae       ___vcrt_uninitialize_critical 1000eeae f   MSVCRT:ucrt_stubs.obj
 0001:0000deae       ___vcrt_thread_attach      1000eeae f   MSVCRT:ucrt_stubs.obj
 0001:0000deae       ___acrt_initialize         1000eeae f   MSVCRT:ucrt_stubs.obj
 0001:0000deae       ___scrt_stub_for_acrt_thread_attach 1000eeae f   MSVCRT:ucrt_stubs.obj
 0001:0000deae       ___acrt_uninitialize       1000eeae f   MSVCRT:ucrt_stubs.obj
 0001:0000deae       ___acrt_uninitialize_critical 1000eeae f   MSVCRT:ucrt_stubs.obj
 0001:0000deae       ___scrt_stub_for_acrt_initialize 1000eeae f   MSVCRT:ucrt_stubs.obj
 0001:0000deae       ___scrt_stub_for_acrt_uninitialize 1000eeae f   MSVCRT:ucrt_stubs.obj
 0001:0000deae       ___vcrt_thread_detach      1000eeae f   MSVCRT:ucrt_stubs.obj
 0001:0000deae       ___vcrt_uninitialize       1000eeae f   MSVCRT:ucrt_stubs.obj
 0001:0000deae       ___acrt_thread_detach      1000eeae f   MSVCRT:ucrt_stubs.obj
 0001:0000deae       ___acrt_thread_attach      1000eeae f   MSVCRT:ucrt_stubs.obj
 0002:00000000       __imp__HeapCreate@12       1000f000     kernel32:KERNEL32.dll
 0002:00000004       __imp__HeapDestroy@4       1000f004     kernel32:KERNEL32.dll
 0002:00000008       __imp__HeapAlloc@12        1000f008     kernel32:KERNEL32.dll
 0002:0000000c       __imp__HeapFree@12         1000f00c     kernel32:KERNEL32.dll
 0002:00000010       __imp__lstrcpyA@8          1000f010     kernel32:KERNEL32.dll
 0002:00000014       __imp__lstrcpyW@8          1000f014     kernel32:KERNEL32.dll
 0002:00000018       __imp__lstrlenW@4          1000f018     kernel32:KERNEL32.dll
 0002:0000001c       __imp__IsDebuggerPresent@0 1000f01c     kernel32:KERNEL32.dll
 0002:00000020       __imp__InitializeSListHead@4 1000f020     kernel32:KERNEL32.dll
 0002:00000024       __imp__GetSystemTimeAsFileTime@4 1000f024     kernel32:KERNEL32.dll
 0002:00000028       __imp__GetCurrentThreadId@0 1000f028     kernel32:KERNEL32.dll
 0002:0000002c       __imp__GetCurrentProcessId@0 1000f02c     kernel32:KERNEL32.dll
 0002:00000030       __imp__QueryPerformanceCounter@4 1000f030     kernel32:KERNEL32.dll
 0002:00000034       __imp__IsProcessorFeaturePresent@4 1000f034     kernel32:KERNEL32.dll
 0002:00000038       __imp__TerminateProcess@8  1000f038     kernel32:KERNEL32.dll
 0002:0000003c       __imp__GetCurrentProcess@0 1000f03c     kernel32:KERNEL32.dll
 0002:00000040       __imp__SetUnhandledExceptionFilter@4 1000f040     kernel32:KERNEL32.dll
 0002:00000044       __imp__UnhandledExceptionFilter@4 1000f044     kernel32:KERNEL32.dll
 0002:00000048       \177KERNEL32_NULL_THUNK_DATA 1000f048     kernel32:KERNEL32.dll
 0002:0000004c       __imp__memset              1000f04c     vcruntime:VCRUNTIME140.dll
 0002:00000050       __imp___except_handler4_common 1000f050     vcruntime:VCRUNTIME140.dll
 0002:00000054       __imp____std_type_info_destroy_list 1000f054     vcruntime:VCRUNTIME140.dll
 0002:00000058       \177VCRUNTIME140_NULL_THUNK_DATA 1000f058     vcruntime:VCRUNTIME140.dll
 0002:0000005c       __imp___initialize_onexit_table 1000f05c     ucrt:api-ms-win-crt-runtime-l1-1-0.dll
 0002:00000060       __imp___cexit              1000f060     ucrt:api-ms-win-crt-runtime-l1-1-0.dll
 0002:00000064       __imp___configure_narrow_argv 1000f064     ucrt:api-ms-win-crt-runtime-l1-1-0.dll
 0002:00000068       __imp___seh_filter_dll     1000f068     ucrt:api-ms-win-crt-runtime-l1-1-0.dll
 0002:0000006c       __imp___initterm_e         1000f06c     ucrt:api-ms-win-crt-runtime-l1-1-0.dll
 0002:00000070       __imp___initterm           1000f070     ucrt:api-ms-win-crt-runtime-l1-1-0.dll
 0002:00000074       __imp___initialize_narrow_environment 1000f074     ucrt:api-ms-win-crt-runtime-l1-1-0.dll
 0002:00000078       __imp___execute_onexit_table 1000f078     ucrt:api-ms-win-crt-runtime-l1-1-0.dll
 0002:0000007c       \177api-ms-win-crt-runtime-l1-1-0_NULL_THUNK_DATA 1000f07c     ucrt:api-ms-win-crt-runtime-l1-1-0.dll
 0002:00000080       ___guard_check_icall_fptr  1000f080     MSVCRT:guard_support.obj
 0002:00000084       ___xc_a                    1000f084     MSVCRT:initializers.obj
 0002:00000088       ___xc_z                    1000f088     MSVCRT:initializers.obj
 0002:0000008c       ___xi_a                    1000f08c     MSVCRT:initializers.obj
 0002:00000090       ___xi_z                    1000f090     MSVCRT:initializers.obj
 0002:00000094       ___xp_a                    1000f094     MSVCRT:initializers.obj
 0002:00000098       ___xp_z                    1000f098     MSVCRT:initializers.obj
 0002:0000009c       ___xt_a                    1000f09c     MSVCRT:initializers.obj
 0002:000000a0       ___xt_z                    1000f0a0     MSVCRT:initializers.obj
 0002:000000b0       ??_C@_13DEFPDAGF@?$AA?0@   1000f0b0     pmc_parse.obj
 0002:000000b4       ??_C@_13JOFGPIOO@?$AA?4@   1000f0b4     pmc_parse.obj
 0002:000000b8       ??_C@_01EKENIIDA@3@        1000f0b8     pmc_parse.obj
 0002:000000bc       ??_C@_13KJIIAINM@?$AA?$CL@ 1000f0bc     pmc_parse.obj
 0002:000000c0       ??_C@_13IMODFHAA@?$AA?9@   1000f0c0     pmc_parse.obj
 0002:000000c4       __pRawDllMain              1000f0c4     MSVCRT:dll_dllmain.obj
 0002:000000c4       __pDefaultRawDllMain       1000f0c4     MSVCRT:dll_dllmain.obj
 0002:00000128       __load_config_used         1000f128     MSVCRT:loadcfg.obj
 0002:000001d0       ___safe_se_handler_table   1000f1d0     <linker-defined>
 0002:00000498       ___rtc_iaa                 1000f498     MSVCRT:initsect.obj
 0002:0000049c       ___rtc_izz                 1000f49c     MSVCRT:initsect.obj
 0002:000004a0       ___rtc_taa                 1000f4a0     MSVCRT:initsect.obj
 0002:000004a4       ___rtc_tzz                 1000f4a4     MSVCRT:initsect.obj
 0002:000005a4       __IMPORT_DESCRIPTOR_KERNEL32 1000f5a4     kernel32:KERNEL32.dll
 0002:000005b8       __IMPORT_DESCRIPTOR_VCRUNTIME140 1000f5b8     vcruntime:VCRUNTIME140.dll
 0002:000005cc       __IMPORT_DESCRIPTOR_api-ms-win-crt-runtime-l1-1-0 1000f5cc     ucrt:api-ms-win-crt-runtime-l1-1-0.dll
 0002:000005e0       __NULL_IMPORT_DESCRIPTOR   1000f5e0     kernel32:KERNEL32.dll
 0003:00000060       ___security_cookie_complement 10010060     MSVCRT:gs_cookie.obj
 0003:00000064       ___security_cookie         10010064     MSVCRT:gs_cookie.obj
 0003:00000068       ___scrt_native_dllmain_reason 10010068     MSVCRT:utility.obj
 0003:00000070       ___isa_enabled             10010070     MSVCRT:cpu_disp.obj
 0003:00000074       ___scrt_ucrt_dll_is_in_use 10010074     MSVCRT:ucrt_stubs.obj
 0003:00000528       ?__type_info_root_node@@3U__type_info_node@@A 10010528     MSVCRT:tncleanup.obj
 0003:00000530       ?_OptionsStorage@?1??__local_stdio_printf_options@@9@4_KA 10010530     MSVCRT:default_local_stdio_options.obj
 0003:00000538       ?_OptionsStorage@?1??__local_stdio_scanf_options@@9@4_KA 10010538     MSVCRT:default_local_stdio_options.obj
 0003:00000540       ___scrt_current_native_startup_state 10010540     MSVCRT:utility.obj
 0003:00000544       ___scrt_native_startup_lock 10010544     MSVCRT:utility.obj
 0003:00000564       ___scrt_debugger_hook_flag 10010564     MSVCRT:utility_desktop.obj
 0003:00000568       ___isa_available           10010568     MSVCRT:cpu_disp.obj
 0003:0000056c       ___favor                   1001056c     MSVCRT:cpu_disp.obj
 0003:00000570       _statistics_info           10010570     <common>
 0003:00000580       _configuration_info        10010580     <common>
 0003:00000584       _hLocalHeap                10010584     <common>
 0003:000005a0       _number_one                100105a0     <common>
 0003:000005e0       _number_zero               100105e0     <common>
 0003:00000604       ___dyn_tls_init_callback   10010604     <common>

 entry point at        0001:0000d5a5

 Static symbols

 0000:fffed000       .debug$S                   10000000     ucrt:api-ms-win-crt-runtime-l1-1-0.dll
 0000:fffed000       .debug$S                   10000000     kernel32:KERNEL32.dll
 0000:fffed000       .debug$S                   10000000     kernel32:KERNEL32.dll
 0000:fffed000       .debug$S                   10000000     kernel32:KERNEL32.dll
 0000:fffed000       .debug$S                   10000000     kernel32:KERNEL32.dll
 0000:fffed000       .debug$S                   10000000     kernel32:KERNEL32.dll
 0000:fffed000       .debug$S                   10000000     kernel32:KERNEL32.dll
 0000:fffed000       .debug$S                   10000000     vcruntime:VCRUNTIME140.dll
 0000:fffed000       .debug$S                   10000000     Palmtree.Math.Core.Uint.exp
 0000:fffed000       .debug$S                   10000000     vcruntime:VCRUNTIME140.dll
 0000:fffed000       .debug$S                   10000000     kernel32:KERNEL32.dll
 0000:fffed000       .debug$S                   10000000     kernel32:KERNEL32.dll
 0000:fffed000       .debug$S                   10000000     kernel32:KERNEL32.dll
 0000:fffed000       .debug$S                   10000000     kernel32:KERNEL32.dll
 0000:fffed000       .debug$S                   10000000     kernel32:KERNEL32.dll
 0000:fffed000       .debug$S                   10000000     kernel32:KERNEL32.dll
 0000:fffed000       .debug$S                   10000000     kernel32:KERNEL32.dll
 0000:fffed000       .debug$S                   10000000     kernel32:KERNEL32.dll
 0000:fffed000       .debug$S                   10000000     kernel32:KERNEL32.dll
 0000:fffed000       .debug$S                   10000000     kernel32:KERNEL32.dll
 0000:fffed000       .debug$S                   10000000     kernel32:KERNEL32.dll
 0000:fffed000       .debug$S                   10000000     kernel32:KERNEL32.dll
 0000:fffed000       .debug$S                   10000000     kernel32:KERNEL32.dll
 0000:fffed000       .debug$S                   10000000     vcruntime:VCRUNTIME140.dll
 0000:fffed000       .debug$S                   10000000     ucrt:api-ms-win-crt-runtime-l1-1-0.dll
 0000:fffed000       .debug$S                   10000000     ucrt:api-ms-win-crt-runtime-l1-1-0.dll
 0000:fffed000       .debug$S                   10000000     ucrt:api-ms-win-crt-runtime-l1-1-0.dll
 0000:fffed000       .debug$S                   10000000     ucrt:api-ms-win-crt-runtime-l1-1-0.dll
 0000:fffed000       .debug$S                   10000000     ucrt:api-ms-win-crt-runtime-l1-1-0.dll
 0000:fffed000       .debug$S                   10000000     kernel32:KERNEL32.dll
 0000:fffed000       .debug$S                   10000000     ucrt:api-ms-win-crt-runtime-l1-1-0.dll
 0000:fffed000       .debug$S                   10000000     ucrt:api-ms-win-crt-runtime-l1-1-0.dll
 0000:fffed000       .debug$S                   10000000     ucrt:api-ms-win-crt-runtime-l1-1-0.dll
 0000:fffed000       .debug$S                   10000000     ucrt:api-ms-win-crt-runtime-l1-1-0.dll
 0000:fffed000       .debug$S                   10000000     ucrt:api-ms-win-crt-runtime-l1-1-0.dll
 0000:fffed000       .debug$S                   10000000     ucrt:api-ms-win-crt-runtime-l1-1-0.dll
 0001:00000158       $LN12                      10001158     dllmain.obj
 0001:00000230       _CalculateCheckCode        10001230 f   memory.obj
 0001:00000700       _InitializeNumber          10001700 f   memory.obj
 0001:000009f0       _Add_Imp_using_ADC         100019f0 f   pmc_add.obj
 0001:00000ca0       _Add_Imp_using_ADCX        10001ca0 f   pmc_add.obj
 0001:00000fe0       _Add_X_1W                  10001fe0 f   pmc_add.obj
 0001:00001020       _DoCarry                   10002020 f   pmc_add.obj
 0001:00001180       _PMC_Add_X_I_Imp           10002180 f   pmc_add.obj
 0001:000012d0       _PMC_Add_X_L_Imp           100022d0 f   pmc_add.obj
 0001:00001600       __ADD_16WORDS_ADC_DIV      10002600 f   pmc_divrem.obj
 0001:00001600       __ADD_16WORDS_ADC          10002600 f   pmc_add.obj
 0001:000016b0       __ADD_16WORDS_ADCX         100026b0 f   pmc_add.obj
 0001:000016b0       __ADD_16WORDS_ADCX_DIV     100026b0 f   pmc_divrem.obj
 0001:00001790       _BitwiseAnd_X_X            10002790 f   pmc_bitwiseand.obj
 0001:00001d00       _BitwiseOr_X_1W            10002d00 f   pmc_bitwiseor.obj
 0001:00001d30       _BitwiseOr_X_X             10002d30 f   pmc_bitwiseor.obj
 0001:00002080       _PMC_BitwiseOr_X_I_Imp     10003080 f   pmc_bitwiseor.obj
 0001:00002190       _PMC_BitwiseOr_X_L_Imp     10003190 f   pmc_bitwiseor.obj
 0001:000026b0       _PMC_Compare_X_I_Imp       100036b0 f   pmc_compare.obj
 0001:00002770       _PMC_Compare_X_L_Imp       10003770 f   pmc_compare.obj
 0001:00002900       _AddOneLine                10003900 f   pmc_divrem.obj
 0001:00002b70       _AddOneLineX               10003b70 f   pmc_divrem.obj
 0001:000036f0       _DivRem_X_X_using_ADC_MUL  100046f0 f   pmc_divrem.obj
 0001:000038b0       _DivRem_X_X_using_ADX_MULX 100048b0 f   pmc_divrem.obj
 0001:00004520       _SubtructOneLine           10005520 f   pmc_divrem.obj
 0001:00004ed0       _SubtructOneLineX          10005ed0 f   pmc_divrem.obj
 0001:00005a40       __LZCNT_ALT_32             10006a40 f   pmc_subtruct.obj
 0001:00005a40       __LZCNT_ALT_32             10006a40 f   pmc_divrem.obj
 0001:00005a40       __LZCNT_ALT_32             10006a40 f   pmc_multiply.obj
 0001:00005b20       _PMC_Equals_X_I_Imp        10006b20 f   pmc_equals.obj
 0001:00005bc0       _PMC_Equals_X_L_Imp        10006bc0 f   pmc_equals.obj
 0001:00005d30       _ExclusiveOr_X_1W          10006d30 f   pmc_exclusiveor.obj
 0001:00005d60       _ExclusiveOr_X_X           10006d60 f   pmc_exclusiveor.obj
 0001:000060b0       _PMC_ExclusiveOr_X_I_Imp   100070b0 f   pmc_exclusiveor.obj
 0001:000061e0       _PMC_ExclusiveOr_X_L_Imp   100071e0 f   pmc_exclusiveor.obj
 0001:00006704       $LN14                      10007704     pmc_getpropertyvalue.obj
 0001:00006720       _GreatestCommonDivisor_Imp 10007720 f   pmc_greatestcommondivisor.obj
 0001:00006880       _PMC_GreatestCommonDivisor_X_I_Imp 10007880 f   pmc_greatestcommondivisor.obj
 0001:00006aa0       _PMC_GreatestCommonDivisor_X_L_Imp 10007aa0 f   pmc_greatestcommondivisor.obj
 0001:00007520       _ModulePower               10008520 f   pmc_modpow.obj
 0001:00007cd0       _Remainder                 10008cd0 f   pmc_modpow.obj
 0001:00007e80       _Multiply_WORD_using_MULX_ADCX 10008e80 f   pmc_multiply.obj
 0001:00008700       _Multiply_WORD_using_MUL_ADC 10009700 f   pmc_multiply.obj
 0001:00008d40       _Multiply_X_1W_using_MULX_ADCX 10009d40 f   pmc_multiply.obj
 0001:00008d50       _Multiply_X_1W_using_MUL_ADC 10009d50 f   pmc_multiply.obj
 0001:00008d60       _Multiply_X_2W_using_MULX_ADCX 10009d60 f   pmc_multiply.obj
 0001:00008d90       _Multiply_X_2W_using_MUL_ADC 10009d90 f   pmc_multiply.obj
 0001:00008dd0       _Multiply_X_X_using_MULX_ADCX 10009dd0 f   pmc_multiply.obj
 0001:00008e30       _Multiply_X_X_using_MUL_ADC 10009e30 f   pmc_multiply.obj
 0001:00008f50       _PMC_Multiply_X_I_Imp      10009f50 f   pmc_multiply.obj
 0001:00009060       _PMC_Multiply_X_L_Imp      1000a060 f   pmc_multiply.obj
 0001:000092b0       _BuildBinaryFromHexString  1000a2b0 f   pmc_parse.obj
 0001:0000944c       $LN45                      1000a44c     pmc_parse.obj
 0001:0000945c       $LN42                      1000a45c     pmc_parse.obj
 0001:00009494       $LN46                      1000a494     pmc_parse.obj
 0001:000094a4       $LN43                      1000a4a4     pmc_parse.obj
 0001:000094e0       _InitializeParserState     1000a4e0 f   pmc_parse.obj
 0001:00009620       _MultiplyAndAdd_using_ADCX_MULX 1000a620 f   pmc_parse.obj
 0001:00009d00       _MultiplyAndAdd_using_ADC_MUL 1000ad00 f   pmc_parse.obj
 0001:0000a2b0       _Parse1DigitFromHexChar    1000b2b0 f   pmc_parse.obj
 0001:0000a2dc       $LN11                      1000b2dc     pmc_parse.obj
 0001:0000a2ec       $LN9                       1000b2ec     pmc_parse.obj
 0001:0000a330       _ParseAsDecimalNumberString 1000b330 f   pmc_parse.obj
 0001:0000a650       _ParseAsFractionPartNumberSequence 1000b650 f   pmc_parse.obj
 0001:0000a6c0       _ParseAsIntegerPartNumberSequence 1000b6c0 f   pmc_parse.obj
 0001:0000a7b0       _StartsWith                1000b7b0 f   pmc_parse.obj
 0001:0000a7f0       _TryParseDN                1000b7f0 f   pmc_parse.obj
 0001:0000ac10       _TryParseX                 1000bc10 f   pmc_parse.obj
 0001:0000ae10       _PMC_Pow_X_I_Imp           1000be10 f   pmc_pow.obj
 0001:0000bb10       _DoBorrow                  1000cb10 f   pmc_subtruct.obj
 0001:0000c400       _Subtruct_X_1W             1000d400 f   pmc_subtruct.obj
 0001:0000c440       __SUBTRUCT_16WORDS_SBB     1000d440 f   pmc_subtruct.obj
 0001:0000c620       _OutputOneChar             1000d620 f   pmc_tostring.obj
 0001:0000c788       $LN20                      1000d788     pmc_tostring.obj
 0001:0000c79c       $LN16                      1000d79c     pmc_tostring.obj
 0001:0000c7e0       _PrintDecimal              1000d7e0 f   pmc_tostring.obj
 0001:0000cad0       _ToStringDN                1000dad0 f   pmc_tostring.obj
 0001:0000cda0       _ToStringX                 1000dda0 f   pmc_tostring.obj
 0001:0000cea0       _ToStringX_1WORD           1000dea0 f   pmc_tostring.obj
 0001:0000d100       $$000000                   1000e100     MSVCRT:ulldiv.obj
 0001:0000d170       $$000000                   1000e170     MSVCRT:ulldvrm.obj
 0001:0000d210       $$000000                   1000e210     MSVCRT:ullrem.obj
 0001:0000d285       ?dllmain_crt_dispatch@@YGHQAUHINSTANCE__@@KQAX@Z 1000e285 f   MSVCRT:dll_dllmain.obj
 0001:0000d2d8       ?dllmain_crt_process_attach@@YAHQAUHINSTANCE__@@QAX@Z 1000e2d8 f   MSVCRT:dll_dllmain.obj
 0001:0000d3e2       ?dllmain_crt_process_detach@@YAH_N@Z 1000e3e2 f   MSVCRT:dll_dllmain.obj
 0001:0000d474       ?dllmain_dispatch@@YAHQAUHINSTANCE__@@KQAX@Z 1000e474 f   MSVCRT:dll_dllmain.obj
 0001:0000d57a       ?dllmain_raw@@YGHQAUHINSTANCE__@@KQAX@Z 1000e57a f   MSVCRT:dll_dllmain.obj
 0001:0000d6e9       ___get_entropy             1000e6e9 f   MSVCRT:gs_support.obj
 0001:0000d7c2       ?find_pe_section@@YAPAU_IMAGE_SECTION_HEADER@@QAEI@Z 1000e7c2 f   MSVCRT:utility.obj
 0001:0000dc40       $$000000                   1000ec40     MSVCRT:sehprolg4.obj
 0002:000000c8       _GS_ExceptionPointers      1000f0c8     MSVCRT:gs_report.obj
 0002:000004a8       __sehtable$?dllmain_crt_process_attach@@YAHQAUHINSTANCE__@@QAX@Z 1000f4a8     MSVCRT:dll_dllmain.obj
 0002:000004c8       __sehtable$?dllmain_crt_process_detach@@YAH_N@Z 1000f4c8     MSVCRT:dll_dllmain.obj
 0002:000004e8       __sehtable$?dllmain_dispatch@@YAHQAUHINSTANCE__@@KQAX@Z 1000f4e8     MSVCRT:dll_dllmain.obj
 0002:00000508       __sehtable$___scrt_is_nonwritable_in_current_image 1000f508     MSVCRT:utility.obj
 0002:00000530       .edata                     1000f530     Palmtree.Math.Core.Uint.exp
 0002:00000558       rgpv                       1000f558     Palmtree.Math.Core.Uint.exp
 0002:00000560       rgszName                   1000f560     Palmtree.Math.Core.Uint.exp
 0002:00000568       rgwOrd                     1000f568     Palmtree.Math.Core.Uint.exp
 0002:0000056c       szName                     1000f56c     Palmtree.Math.Core.Uint.exp
 0002:00000588       $N00001                    1000f588     Palmtree.Math.Core.Uint.exp
 0002:00000590       $N00002                    1000f590     Palmtree.Math.Core.Uint.exp
 0002:000006cc       .idata$6                   1000f6cc     kernel32:KERNEL32.dll
 0002:0000071e       .idata$6                   1000f71e     vcruntime:VCRUNTIME140.dll
 0002:000007d6       .idata$6                   1000f7d6     ucrt:api-ms-win-crt-runtime-l1-1-0.dll
 0003:00000000       _decimal_digits            10010000     pmc_tostring.obj
 0003:00000018       _hexadecimal_lower_digits  10010018     pmc_tostring.obj
 0003:0000003c       _hexadecimal_upper_digits  1001003c     pmc_tostring.obj
 0003:00000080       _fp_Add_Imp                10010080     pmc_add.obj
 0003:00000084       _fp_DivRem_X_X             10010084     pmc_divrem.obj
 0003:00000088       _entry_points              10010088     pmc_initialize.obj
 0003:0000019c       _initialized               1001019c     pmc_initialize.obj
 0003:000001a0       _fp_Multiply_X_1W          100101a0     pmc_multiply.obj
 0003:000001a4       _fp_Multiply_X_2W          100101a4     pmc_multiply.obj
 0003:000001a8       _fp_Multiply_X_X           100101a8     pmc_multiply.obj
 0003:000001ac       _default_number_format_option 100101ac     pmc_parse.obj
 0003:000001d4       _fp_MultiplyAndAdd         100101d4     pmc_parse.obj
 0003:000001d8       _default_number_format_option 100101d8     pmc_tostring.obj
 0003:00000200       ?__proc_attached@@3HA      10010200     MSVCRT:dll_dllmain.obj
 0003:00000208       _GS_ExceptionRecord        10010208     MSVCRT:gs_report.obj
 0003:00000258       _GS_ContextRecord          10010258     MSVCRT:gs_report.obj
 0003:00000548       ?is_initialized_as_dll@@3_NA 10010548     MSVCRT:utility.obj
 0003:00000549       ?module_local_atexit_table_initialized@@3_NA 10010549     MSVCRT:utility.obj
 0003:0000054c       ?module_local_atexit_table@@3U_onexit_table_t@@A 1001054c     MSVCRT:utility.obj
 0003:00000558       ?module_local_at_quick_exit_table@@3U_onexit_table_t@@A 10010558     MSVCRT:utility.obj
 0004:000000a0       $R000000                   100110a0     Palmtree.Math.Core.Uint.res
 0004:000003c0       $R000320                   100113c0     Palmtree.Math.Core.Uint.res
