 Palmtree.Math.Core.Uint

 Timestamp is 5c5876d6 (Tue Feb  5 02:31:02 2019)

 Preferred load address is 10000000

 Start         Length     Name                   Class
 0001:00000000 00000e64H .text$mn                CODE
 0002:00000000 0000006cH .idata$5                DATA
 0002:0000006c 00000004H .00cfg                  DATA
 0002:00000070 00000004H .CRT$XCA                DATA
 0002:00000074 00000004H .CRT$XCZ                DATA
 0002:00000078 00000004H .CRT$XIA                DATA
 0002:0000007c 00000004H .CRT$XIZ                DATA
 0002:00000080 00000004H .CRT$XPA                DATA
 0002:00000084 00000004H .CRT$XPZ                DATA
 0002:00000088 00000004H .CRT$XTA                DATA
 0002:0000008c 00000004H .CRT$XTZ                DATA
 0002:00000090 00000000H .gfids$y                DATA
 0002:00000090 00000110H .rdata                  DATA
 0002:000001a0 00000004H .rdata$sxdata           DATA
 0002:000001a4 000002c4H .rdata$zzzdbg           DATA
 0002:00000468 00000004H .rtc$IAA                DATA
 0002:0000046c 00000004H .rtc$IZZ                DATA
 0002:00000470 00000004H .rtc$TAA                DATA
 0002:00000474 00000004H .rtc$TZZ                DATA
 0002:00000478 00000088H .xdata$x                DATA
 0002:00000500 0000005cH .edata                  DATA
 0002:0000055c 0000003cH .idata$2                DATA
 0002:00000598 00000014H .idata$3                DATA
 0002:000005ac 0000006cH .idata$4                DATA
 0002:00000618 00000250H .idata$6                DATA
 0003:00000000 00000080H .data                   DATA
 0003:00000080 000004f0H .bss                    DATA
 0004:00000000 000000a0H .rsrc$01                DATA
 0004:000000a0 000004a0H .rsrc$02                DATA

  Address         Publics by Value              Rva+Base       Lib:Object

 0000:00000000       ___guard_fids_count        00000000     <absolute>
 0000:00000000       ___guard_iat_count         00000000     <absolute>
 0000:00000000       ___hybrid_code_map         00000000     <absolute>
 0000:00000000       ___hybrid_code_map_count   00000000     <absolute>
 0000:00000000       ___volatile_metadata       00000000     <absolute>
 0000:00000000       ___dynamic_value_reloc_table 00000000     <absolute>
 0000:00000000       ___guard_fids_table        00000000     <absolute>
 0000:00000000       ___guard_longjmp_count     00000000     <absolute>
 0000:00000000       ___guard_longjmp_table     00000000     <absolute>
 0000:00000000       ___guard_iat_table         00000000     <absolute>
 0000:00000000       ___hybrid_auxiliary_iat    00000000     <absolute>
 0000:00000000       ___enclave_config          00000000     <absolute>
 0000:00000001       ___safe_se_handler_count   00000001     <absolute>
 0000:00000100       ___guard_flags             00000100     <absolute>
 0000:00000000       ___ImageBase               10000000     <linker-defined>
 0001:00000000       _DoDebug@4                 10001000 f   debug.obj
 0001:00000010       _DllMain@12                10001010 f   dllmain.obj
 0001:00000060       _AllocateHeapArea          10001060 f   memory.obj
 0001:00000080       _DeallocateHeapArea        10001080 f   memory.obj
 0001:0000009b       @__security_check_cookie@4 1000109b f   MSVCRT:secchk.obj
 0001:000000b0       __aulldiv                  100010b0 f   MSVCRT:ulldiv.obj
 0001:00000120       __aulldvrm                 10001120 f   MSVCRT:ulldvrm.obj
 0001:000001c0       __aullrem                  100011c0 f   MSVCRT:ullrem.obj
 0001:00000555       __DllMainCRTStartup@12     10001555 f   MSVCRT:dll_dllmain.obj
 0001:00000578       ___raise_securityfailure   10001578 f   MSVCRT:gs_report.obj
 0001:000005a0       ___report_gsfailure        100015a0 f   MSVCRT:gs_report.obj
 0001:000006e6       ___security_init_cookie    100016e6 f   MSVCRT:gs_support.obj
 0001:00000731       ?__scrt_initialize_type_info@@YAXXZ 10001731 f   MSVCRT:tncleanup.obj
 0001:0000073d       ?__scrt_uninitialize_type_info@@YAXXZ 1000173d f   MSVCRT:tncleanup.obj
 0001:00000749       ___local_stdio_printf_options 10001749 f i MSVCRT:default_local_stdio_options.obj
 0001:0000074f       ___local_stdio_scanf_options 1000174f f i MSVCRT:default_local_stdio_options.obj
 0001:00000755       ___scrt_initialize_default_local_stdio_options 10001755 f   MSVCRT:default_local_stdio_options.obj
 0001:000007b6       ___scrt_acquire_startup_lock 100017b6 f   MSVCRT:utility.obj
 0001:000007e8       ___scrt_dllmain_after_initialize_c 100017e8 f   MSVCRT:utility.obj
 0001:00000813       ___scrt_dllmain_before_initialize_c 10001813 f   MSVCRT:utility.obj
 0001:00000821       ___scrt_dllmain_crt_thread_attach 10001821 f   MSVCRT:utility.obj
 0001:00000840       ___scrt_dllmain_crt_thread_detach 10001840 f   MSVCRT:utility.obj
 0001:0000084d       ___scrt_dllmain_exception_filter 1000184d f   MSVCRT:utility.obj
 0001:00000881       ___scrt_dllmain_uninitialize_c 10001881 f   MSVCRT:utility.obj
 0001:000008a4       ___scrt_dllmain_uninitialize_critical 100018a4 f   MSVCRT:utility.obj
 0001:000008b1       ___scrt_initialize_crt     100018b1 f   MSVCRT:utility.obj
 0001:000008ea       ___scrt_initialize_onexit_tables 100018ea f   MSVCRT:utility.obj
 0001:0000098f       ___scrt_is_nonwritable_in_current_image 1000198f f   MSVCRT:utility.obj
 0001:00000a23       ___scrt_release_startup_lock 10001a23 f   MSVCRT:utility.obj
 0001:00000a40       ___scrt_uninitialize_crt   10001a40 f   MSVCRT:utility.obj
 0001:00000a68       ___scrt_get_dyn_tls_init_callback 10001a68 f   MSVCRT:dyn_tls_init.obj
 0001:00000a6e       ___scrt_fastfail           10001a6e f   MSVCRT:utility_desktop.obj
 0001:00000b88       __crt_debugger_hook        10001b88 f   MSVCRT:utility_desktop.obj
 0001:00000b90       __RTC_Initialize           10001b90 f   MSVCRT:initsect.obj
 0001:00000bbc       __RTC_Terminate            10001bbc f   MSVCRT:initsect.obj
 0001:00000bf0       __SEH_prolog4              10001bf0 f   MSVCRT:sehprolg4.obj
 0001:00000c36       __SEH_epilog4              10001c36 f   MSVCRT:sehprolg4.obj
 0001:00000c4b       __except_handler4          10001c4b f   MSVCRT:chandler4gs.obj
 0001:00000c6e       @_guard_check_icall_nop@4  10001c6e f i MSVCRT:guard_support.obj
 0001:00000c6f       ___isa_available_init      10001c6f f   MSVCRT:cpu_disp.obj
 0001:00000e06       __get_startup_argv_mode    10001e06 f   MSVCRT:argv_mode.obj
 0001:00000e0a       ___scrt_is_ucrt_dll_in_use 10001e0a f   MSVCRT:ucrt_detection.obj
 0001:00000e16       ___std_type_info_destroy_list 10001e16 f   vcruntime:VCRUNTIME140.dll
 0001:00000e1c       _memset                    10001e1c f   vcruntime:VCRUNTIME140.dll
 0001:00000e22       __except_handler4_common   10001e22 f   vcruntime:VCRUNTIME140.dll
 0001:00000e28       __initterm                 10001e28 f   ucrt:api-ms-win-crt-runtime-l1-1-0.dll
 0001:00000e2e       __initterm_e               10001e2e f   ucrt:api-ms-win-crt-runtime-l1-1-0.dll
 0001:00000e34       __seh_filter_dll           10001e34 f   ucrt:api-ms-win-crt-runtime-l1-1-0.dll
 0001:00000e3a       __configure_narrow_argv    10001e3a f   ucrt:api-ms-win-crt-runtime-l1-1-0.dll
 0001:00000e40       __initialize_narrow_environment 10001e40 f   ucrt:api-ms-win-crt-runtime-l1-1-0.dll
 0001:00000e46       __initialize_onexit_table  10001e46 f   ucrt:api-ms-win-crt-runtime-l1-1-0.dll
 0001:00000e4c       __execute_onexit_table     10001e4c f   ucrt:api-ms-win-crt-runtime-l1-1-0.dll
 0001:00000e52       __cexit                    10001e52 f   ucrt:api-ms-win-crt-runtime-l1-1-0.dll
 0001:00000e58       _IsProcessorFeaturePresent@4 10001e58 f   kernel32:KERNEL32.dll
 0001:00000e5e       ___vcrt_thread_detach      10001e5e f   MSVCRT:ucrt_stubs.obj
 0001:00000e5e       ___scrt_stub_for_acrt_initialize 10001e5e f   MSVCRT:ucrt_stubs.obj
 0001:00000e5e       ___acrt_uninitialize       10001e5e f   MSVCRT:ucrt_stubs.obj
 0001:00000e5e       ___acrt_thread_attach      10001e5e f   MSVCRT:ucrt_stubs.obj
 0001:00000e5e       ___vcrt_thread_attach      10001e5e f   MSVCRT:ucrt_stubs.obj
 0001:00000e5e       ___vcrt_uninitialize       10001e5e f   MSVCRT:ucrt_stubs.obj
 0001:00000e5e       ___scrt_stub_for_acrt_thread_attach 10001e5e f   MSVCRT:ucrt_stubs.obj
 0001:00000e5e       ___scrt_stub_for_acrt_uninitialize_critical 10001e5e f   MSVCRT:ucrt_stubs.obj
 0001:00000e5e       ___acrt_thread_detach      10001e5e f   MSVCRT:ucrt_stubs.obj
 0001:00000e5e       ___vcrt_uninitialize_critical 10001e5e f   MSVCRT:ucrt_stubs.obj
 0001:00000e5e       ___scrt_stub_for_acrt_thread_detach 10001e5e f   MSVCRT:ucrt_stubs.obj
 0001:00000e5e       ___vcrt_initialize         10001e5e f   MSVCRT:ucrt_stubs.obj
 0001:00000e5e       ___acrt_initialize         10001e5e f   MSVCRT:ucrt_stubs.obj
 0001:00000e5e       ___acrt_uninitialize_critical 10001e5e f   MSVCRT:ucrt_stubs.obj
 0001:00000e5e       ___scrt_stub_for_acrt_uninitialize 10001e5e f   MSVCRT:ucrt_stubs.obj
 0001:00000e61       __is_c_termination_complete 10001e61 f   MSVCRT:ucrt_stubs.obj
 0001:00000e61       ___scrt_stub_for_is_c_termination_complete 10001e61 f   MSVCRT:ucrt_stubs.obj
 0002:00000000       __imp__HeapCreate@12       10002000     kernel32:KERNEL32.dll
 0002:00000004       __imp__HeapDestroy@4       10002004     kernel32:KERNEL32.dll
 0002:00000008       __imp__IsDebuggerPresent@0 10002008     kernel32:KERNEL32.dll
 0002:0000000c       __imp__InitializeSListHead@4 1000200c     kernel32:KERNEL32.dll
 0002:00000010       __imp__GetSystemTimeAsFileTime@4 10002010     kernel32:KERNEL32.dll
 0002:00000014       __imp__GetCurrentThreadId@0 10002014     kernel32:KERNEL32.dll
 0002:00000018       __imp__GetCurrentProcessId@0 10002018     kernel32:KERNEL32.dll
 0002:0000001c       __imp__QueryPerformanceCounter@4 1000201c     kernel32:KERNEL32.dll
 0002:00000020       __imp__IsProcessorFeaturePresent@4 10002020     kernel32:KERNEL32.dll
 0002:00000024       __imp__TerminateProcess@8  10002024     kernel32:KERNEL32.dll
 0002:00000028       __imp__GetCurrentProcess@0 10002028     kernel32:KERNEL32.dll
 0002:0000002c       __imp__SetUnhandledExceptionFilter@4 1000202c     kernel32:KERNEL32.dll
 0002:00000030       __imp__UnhandledExceptionFilter@4 10002030     kernel32:KERNEL32.dll
 0002:00000034       \177KERNEL32_NULL_THUNK_DATA 10002034     kernel32:KERNEL32.dll
 0002:00000038       __imp__memset              10002038     vcruntime:VCRUNTIME140.dll
 0002:0000003c       __imp___except_handler4_common 1000203c     vcruntime:VCRUNTIME140.dll
 0002:00000040       __imp____std_type_info_destroy_list 10002040     vcruntime:VCRUNTIME140.dll
 0002:00000044       \177VCRUNTIME140_NULL_THUNK_DATA 10002044     vcruntime:VCRUNTIME140.dll
 0002:00000048       __imp___initialize_onexit_table 10002048     ucrt:api-ms-win-crt-runtime-l1-1-0.dll
 0002:0000004c       __imp___cexit              1000204c     ucrt:api-ms-win-crt-runtime-l1-1-0.dll
 0002:00000050       __imp___configure_narrow_argv 10002050     ucrt:api-ms-win-crt-runtime-l1-1-0.dll
 0002:00000054       __imp___seh_filter_dll     10002054     ucrt:api-ms-win-crt-runtime-l1-1-0.dll
 0002:00000058       __imp___initterm_e         10002058     ucrt:api-ms-win-crt-runtime-l1-1-0.dll
 0002:0000005c       __imp___initterm           1000205c     ucrt:api-ms-win-crt-runtime-l1-1-0.dll
 0002:00000060       __imp___initialize_narrow_environment 10002060     ucrt:api-ms-win-crt-runtime-l1-1-0.dll
 0002:00000064       __imp___execute_onexit_table 10002064     ucrt:api-ms-win-crt-runtime-l1-1-0.dll
 0002:00000068       \177api-ms-win-crt-runtime-l1-1-0_NULL_THUNK_DATA 10002068     ucrt:api-ms-win-crt-runtime-l1-1-0.dll
 0002:0000006c       ___guard_check_icall_fptr  1000206c     MSVCRT:guard_support.obj
 0002:00000070       ___xc_a                    10002070     MSVCRT:initializers.obj
 0002:00000074       ___xc_z                    10002074     MSVCRT:initializers.obj
 0002:00000078       ___xi_a                    10002078     MSVCRT:initializers.obj
 0002:0000007c       ___xi_z                    1000207c     MSVCRT:initializers.obj
 0002:00000080       ___xp_a                    10002080     MSVCRT:initializers.obj
 0002:00000084       ___xp_z                    10002084     MSVCRT:initializers.obj
 0002:00000088       ___xt_a                    10002088     MSVCRT:initializers.obj
 0002:0000008c       ___xt_z                    1000208c     MSVCRT:initializers.obj
 0002:00000090       __pRawDllMain              10002090     MSVCRT:dll_dllmain.obj
 0002:00000090       __pDefaultRawDllMain       10002090     MSVCRT:dll_dllmain.obj
 0002:000000f8       __load_config_used         100020f8     MSVCRT:loadcfg.obj
 0002:000001a0       ___safe_se_handler_table   100021a0     <linker-defined>
 0002:00000468       ___rtc_iaa                 10002468     MSVCRT:initsect.obj
 0002:0000046c       ___rtc_izz                 1000246c     MSVCRT:initsect.obj
 0002:00000470       ___rtc_taa                 10002470     MSVCRT:initsect.obj
 0002:00000474       ___rtc_tzz                 10002474     MSVCRT:initsect.obj
 0002:0000055c       __IMPORT_DESCRIPTOR_KERNEL32 1000255c     kernel32:KERNEL32.dll
 0002:00000570       __IMPORT_DESCRIPTOR_VCRUNTIME140 10002570     vcruntime:VCRUNTIME140.dll
 0002:00000584       __IMPORT_DESCRIPTOR_api-ms-win-crt-runtime-l1-1-0 10002584     ucrt:api-ms-win-crt-runtime-l1-1-0.dll
 0002:00000598       __NULL_IMPORT_DESCRIPTOR   10002598     kernel32:KERNEL32.dll
 0003:00000060       ___security_cookie_complement 10003060     MSVCRT:gs_cookie.obj
 0003:00000064       ___security_cookie         10003064     MSVCRT:gs_cookie.obj
 0003:00000068       ___scrt_native_dllmain_reason 10003068     MSVCRT:utility.obj
 0003:00000070       ___isa_enabled             10003070     MSVCRT:cpu_disp.obj
 0003:00000074       ___scrt_ucrt_dll_is_in_use 10003074     MSVCRT:ucrt_stubs.obj
 0003:00000520       ?__type_info_root_node@@3U__type_info_node@@A 10003520     MSVCRT:tncleanup.obj
 0003:00000528       ?_OptionsStorage@?1??__local_stdio_printf_options@@9@4_KA 10003528     MSVCRT:default_local_stdio_options.obj
 0003:00000530       ?_OptionsStorage@?1??__local_stdio_scanf_options@@9@4_KA 10003530     MSVCRT:default_local_stdio_options.obj
 0003:00000538       ___scrt_current_native_startup_state 10003538     MSVCRT:utility.obj
 0003:0000053c       ___scrt_native_startup_lock 1000353c     MSVCRT:utility.obj
 0003:0000055c       ___scrt_debugger_hook_flag 1000355c     MSVCRT:utility_desktop.obj
 0003:00000560       ___isa_available           10003560     MSVCRT:cpu_disp.obj
 0003:00000564       ___favor                   10003564     MSVCRT:cpu_disp.obj
 0003:00000568       _hLocalHeap                10003568     <common>
 0003:0000056c       ___dyn_tls_init_callback   1000356c     <common>

 entry point at        0001:00000555

 Static symbols

 0000:ffffa000       .debug$S                   10000000     ucrt:api-ms-win-crt-runtime-l1-1-0.dll
 0000:ffffa000       .debug$S                   10000000     kernel32:KERNEL32.dll
 0000:ffffa000       .debug$S                   10000000     kernel32:KERNEL32.dll
 0000:ffffa000       .debug$S                   10000000     kernel32:KERNEL32.dll
 0000:ffffa000       .debug$S                   10000000     kernel32:KERNEL32.dll
 0000:ffffa000       .debug$S                   10000000     kernel32:KERNEL32.dll
 0000:ffffa000       .debug$S                   10000000     kernel32:KERNEL32.dll
 0000:ffffa000       .debug$S                   10000000     Palmtree.Math.Core.Uint.exp
 0000:ffffa000       .debug$S                   10000000     vcruntime:VCRUNTIME140.dll
 0000:ffffa000       .debug$S                   10000000     kernel32:KERNEL32.dll
 0000:ffffa000       .debug$S                   10000000     kernel32:KERNEL32.dll
 0000:ffffa000       .debug$S                   10000000     kernel32:KERNEL32.dll
 0000:ffffa000       .debug$S                   10000000     kernel32:KERNEL32.dll
 0000:ffffa000       .debug$S                   10000000     kernel32:KERNEL32.dll
 0000:ffffa000       .debug$S                   10000000     kernel32:KERNEL32.dll
 0000:ffffa000       .debug$S                   10000000     kernel32:KERNEL32.dll
 0000:ffffa000       .debug$S                   10000000     kernel32:KERNEL32.dll
 0000:ffffa000       .debug$S                   10000000     kernel32:KERNEL32.dll
 0000:ffffa000       .debug$S                   10000000     kernel32:KERNEL32.dll
 0000:ffffa000       .debug$S                   10000000     kernel32:KERNEL32.dll
 0000:ffffa000       .debug$S                   10000000     kernel32:KERNEL32.dll
 0000:ffffa000       .debug$S                   10000000     kernel32:KERNEL32.dll
 0000:ffffa000       .debug$S                   10000000     vcruntime:VCRUNTIME140.dll
 0000:ffffa000       .debug$S                   10000000     ucrt:api-ms-win-crt-runtime-l1-1-0.dll
 0000:ffffa000       .debug$S                   10000000     ucrt:api-ms-win-crt-runtime-l1-1-0.dll
 0000:ffffa000       .debug$S                   10000000     ucrt:api-ms-win-crt-runtime-l1-1-0.dll
 0000:ffffa000       .debug$S                   10000000     ucrt:api-ms-win-crt-runtime-l1-1-0.dll
 0000:ffffa000       .debug$S                   10000000     ucrt:api-ms-win-crt-runtime-l1-1-0.dll
 0000:ffffa000       .debug$S                   10000000     ucrt:api-ms-win-crt-runtime-l1-1-0.dll
 0000:ffffa000       .debug$S                   10000000     ucrt:api-ms-win-crt-runtime-l1-1-0.dll
 0000:ffffa000       .debug$S                   10000000     ucrt:api-ms-win-crt-runtime-l1-1-0.dll
 0000:ffffa000       .debug$S                   10000000     ucrt:api-ms-win-crt-runtime-l1-1-0.dll
 0000:ffffa000       .debug$S                   10000000     ucrt:api-ms-win-crt-runtime-l1-1-0.dll
 0000:ffffa000       .debug$S                   10000000     kernel32:KERNEL32.dll
 0000:ffffa000       .debug$S                   10000000     ucrt:api-ms-win-crt-runtime-l1-1-0.dll
 0000:ffffa000       .debug$S                   10000000     vcruntime:VCRUNTIME140.dll
 0001:00000048       $LN12                      10001048     dllmain.obj
 0001:000000b0       $$000000                   100010b0     MSVCRT:ulldiv.obj
 0001:00000120       $$000000                   10001120     MSVCRT:ulldvrm.obj
 0001:000001c0       $$000000                   100011c0     MSVCRT:ullrem.obj
 0001:00000235       ?dllmain_crt_dispatch@@YGHQAUHINSTANCE__@@KQAX@Z 10001235 f   MSVCRT:dll_dllmain.obj
 0001:00000288       ?dllmain_crt_process_attach@@YAHQAUHINSTANCE__@@QAX@Z 10001288 f   MSVCRT:dll_dllmain.obj
 0001:00000392       ?dllmain_crt_process_detach@@YAH_N@Z 10001392 f   MSVCRT:dll_dllmain.obj
 0001:00000424       ?dllmain_dispatch@@YAHQAUHINSTANCE__@@KQAX@Z 10001424 f   MSVCRT:dll_dllmain.obj
 0001:0000052a       ?dllmain_raw@@YGHQAUHINSTANCE__@@KQAX@Z 1000152a f   MSVCRT:dll_dllmain.obj
 0001:00000699       ___get_entropy             10001699 f   MSVCRT:gs_support.obj
 0001:00000772       ?find_pe_section@@YAPAU_IMAGE_SECTION_HEADER@@QAEI@Z 10001772 f   MSVCRT:utility.obj
 0001:00000bf0       $$000000                   10001bf0     MSVCRT:sehprolg4.obj
 0002:00000094       _GS_ExceptionPointers      10002094     MSVCRT:gs_report.obj
 0002:00000478       __sehtable$?dllmain_crt_process_attach@@YAHQAUHINSTANCE__@@QAX@Z 10002478     MSVCRT:dll_dllmain.obj
 0002:00000498       __sehtable$?dllmain_crt_process_detach@@YAH_N@Z 10002498     MSVCRT:dll_dllmain.obj
 0002:000004b8       __sehtable$?dllmain_dispatch@@YAHQAUHINSTANCE__@@KQAX@Z 100024b8     MSVCRT:dll_dllmain.obj
 0002:000004d8       __sehtable$___scrt_is_nonwritable_in_current_image 100024d8     MSVCRT:utility.obj
 0002:00000500       .edata                     10002500     Palmtree.Math.Core.Uint.exp
 0002:00000528       rgpv                       10002528     Palmtree.Math.Core.Uint.exp
 0002:0000052c       rgszName                   1000252c     Palmtree.Math.Core.Uint.exp
 0002:00000530       rgwOrd                     10002530     Palmtree.Math.Core.Uint.exp
 0002:00000532       szName                     10002532     Palmtree.Math.Core.Uint.exp
 0002:0000054e       $N00001                    1000254e     Palmtree.Math.Core.Uint.exp
 0002:00000634       .idata$6                   10002634     kernel32:KERNEL32.dll
 0002:00000686       .idata$6                   10002686     vcruntime:VCRUNTIME140.dll
 0002:0000073e       .idata$6                   1000273e     ucrt:api-ms-win-crt-runtime-l1-1-0.dll
 0003:00000000       _decimal_digits            10003000     pmc_tostring.obj
 0003:00000018       _hexadecimal_lower_digits  10003018     pmc_tostring.obj
 0003:0000003c       _hexadecimal_upper_digits  1000303c     pmc_tostring.obj
 0003:00000080       _fp_Add_Imp                10003080     pmc_add.obj
 0003:00000084       _fp_DivRem_X_X             10003084     pmc_divrem.obj
 0003:00000088       _entry_points              10003088     pmc_initialize.obj
 0003:0000019c       _fp_Multiply_X_1W          1000319c     pmc_multiply.obj
 0003:000001a0       _fp_Multiply_X_2W          100031a0     pmc_multiply.obj
 0003:000001a4       _fp_Multiply_X_X           100031a4     pmc_multiply.obj
 0003:000001a8       _default_number_format_option 100031a8     pmc_parse.obj
 0003:000001d0       _fp_MultiplyAndAdd         100031d0     pmc_parse.obj
 0003:000001d4       _default_number_format_option 100031d4     pmc_tostring.obj
 0003:000001fc       ?__proc_attached@@3HA      100031fc     MSVCRT:dll_dllmain.obj
 0003:00000200       _GS_ExceptionRecord        10003200     MSVCRT:gs_report.obj
 0003:00000250       _GS_ContextRecord          10003250     MSVCRT:gs_report.obj
 0003:00000540       ?is_initialized_as_dll@@3_NA 10003540     MSVCRT:utility.obj
 0003:00000541       ?module_local_atexit_table_initialized@@3_NA 10003541     MSVCRT:utility.obj
 0003:00000544       ?module_local_atexit_table@@3U_onexit_table_t@@A 10003544     MSVCRT:utility.obj
 0003:00000550       ?module_local_at_quick_exit_table@@3U_onexit_table_t@@A 10003550     MSVCRT:utility.obj
 0004:000000a0       $R000000                   100040a0     Palmtree.Math.Core.Uint.res
 0004:000003c0       $R000320                   100043c0     Palmtree.Math.Core.Uint.res
