 Palmtree.Math.Core.Uint

 Timestamp is 5c5d2c2d (Fri Feb  8 16:13:49 2019)

 Preferred load address is 10000000

 Start         Length     Name                   Class
 0001:00000000 0000e0a1H .text$mn                CODE
 0002:00000000 00000080H .idata$5                DATA
 0002:00000080 00000004H .00cfg                  DATA
 0002:00000084 00000004H .CRT$XCA                DATA
 0002:00000088 00000004H .CRT$XCZ                DATA
 0002:0000008c 00000004H .CRT$XIA                DATA
 0002:00000090 00000004H .CRT$XIZ                DATA
 0002:00000094 00000004H .CRT$XPA                DATA
 0002:00000098 00000004H .CRT$XPZ                DATA
 0002:0000009c 00000004H .CRT$XTA                DATA
 0002:000000a0 00000010H .CRT$XTZ                DATA
 0002:000000a4 00000000H .gfids$y                DATA
 0002:000000b0 00000120H .rdata                  DATA
 0002:000001d0 00000004H .rdata$sxdata           DATA
 0002:000001d4 000002c4H .rdata$zzzdbg           DATA
 0002:00000498 00000004H .rtc$IAA                DATA
 0002:0000049c 00000004H .rtc$IZZ                DATA
 0002:000004a0 00000004H .rtc$TAA                DATA
 0002:000004a4 00000004H .rtc$TZZ                DATA
 0002:000004a8 00000088H .xdata$x                DATA
 0002:00000530 00000074H .edata                  DATA
 0002:000005a4 0000003cH .idata$2                DATA
 0002:000005e0 00000014H .idata$3                DATA
 0002:000005f4 00000080H .idata$4                DATA
 0002:00000674 0000028cH .idata$6                DATA
 0003:00000000 00000080H .data                   DATA
 0003:00000080 00000588H .bss                    DATA
 0004:00000000 000000a0H .rsrc$01                DATA
 0004:000000a0 000004a0H .rsrc$02                DATA

  Address         Publics by Value              Rva+Base       Lib:Object

 0000:00000000       ___guard_iat_table         00000000     <absolute>
 0000:00000000       ___guard_fids_table        00000000     <absolute>
 0000:00000000       ___hybrid_code_map         00000000     <absolute>
 0000:00000000       ___enclave_config          00000000     <absolute>
 0000:00000000       ___volatile_metadata       00000000     <absolute>
 0000:00000000       ___hybrid_code_map_count   00000000     <absolute>
 0000:00000000       ___guard_longjmp_count     00000000     <absolute>
 0000:00000000       ___guard_longjmp_table     00000000     <absolute>
 0000:00000000       ___dynamic_value_reloc_table 00000000     <absolute>
 0000:00000000       ___guard_fids_count        00000000     <absolute>
 0000:00000000       ___guard_iat_count         00000000     <absolute>
 0000:00000000       ___hybrid_auxiliary_iat    00000000     <absolute>
 0000:00000001       ___safe_se_handler_count   00000001     <absolute>
 0000:00000100       ___guard_flags             00000100     <absolute>
 0000:00000000       ___ImageBase               10000000     <linker-defined>
 0001:00000000       _GetCPUInfo                10001000 f   cpuid.obj
 0001:00000110       _DoDebug@4                 10001110 f   debug.obj
 0001:00000120       _DllMain@12                10001120 f   dllmain.obj
 0001:00000170       _AllocateBlock             10001170 f   pmc_memory.obj
 0001:000001c0       _AllocateHeapArea          100011c0 f   pmc_memory.obj
 0001:000001e0       _AllocateNumber            100011e0 f   pmc_memory.obj
 0001:00000400       _Initialize_From           10001400 f   pmc_from.obj
 0001:00000400       _Initialize_Subtruct       10001400 f   pmc_subtruct.obj
 0001:00000400       _Initialize_BitwiseOr      10001400 f   pmc_bitwiseor.obj
 0001:00000400       _Initialize_GreatestCommonDivisor 10001400 f   pmc_greatestcommondivisor.obj
 0001:00000400       _Initialize_Shift          10001400 f   pmc_shift.obj
 0001:00000400       _Initialize_To             10001400 f   pmc_to.obj
 0001:00000400       _CheckBlockLight           10001400 f   pmc_memory.obj
 0001:00000400       _Initialize_Clone          10001400 f   pmc_clone.obj
 0001:00000400       _Initialize_ExclusiveOr    10001400 f   pmc_exclusiveor.obj
 0001:00000400       ___scrt_stub_for_is_c_termination_complete 10001400 f   MSVCRT:ucrt_stubs.obj
 0001:00000400       _Initialize_Compare        10001400 f   pmc_compare.obj
 0001:00000400       _Initialize_BitwiseAnd     10001400 f   pmc_bitwiseand.obj
 0001:00000400       __is_c_termination_complete 10001400 f   MSVCRT:ucrt_stubs.obj
 0001:00000400       _Initialize_Equals         10001400 f   pmc_equals.obj
 0001:00000400       _Initialize_ModPow         10001400 f   pmc_modpow.obj
 0001:00000400       _Initialize_GetPropertyValue 10001400 f   pmc_getnumbertype.obj
 0001:00000400       _Initialize_Pow            10001400 f   pmc_pow.obj
 0001:00000410       _CheckNumber               10001410 f   pmc_memory.obj
 0001:00000440       _CommitNumber              10001440 f   pmc_memory.obj
 0001:00000570       _DeallocateBlock           10001570 f   pmc_memory.obj
 0001:000005b0       _DeallocateHeapArea        100015b0 f   pmc_memory.obj
 0001:000005d0       _DeallocateNumber          100015d0 f   pmc_memory.obj
 0001:00000670       _DuplicateNumber           10001670 f   pmc_memory.obj
 0001:000007a0       _Initialize_Memory         100017a0 f   pmc_memory.obj
 0001:00000940       _PMC_Dispose@4             10001940 f   pmc_memory.obj
 0001:000009f0       _PMC_GetConstantValue_I@8  100019f0 f   pmc_memory.obj
 0001:000010e0       _Initialize_Add            100020e0 f   pmc_add.obj
 0001:00001100       _PMC_Add_I_X@12            10002100 f   pmc_add.obj
 0001:00001140       _PMC_Add_L_X@16            10002140 f   pmc_add.obj
 0001:00001180       _PMC_Add_X_I@12            10002180 f   pmc_add.obj
 0001:000012d0       _PMC_Add_X_L@16            100022d0 f   pmc_add.obj
 0001:00001500       _PMC_Add_X_X@12            10002500 f   pmc_add.obj
 0001:00001a60       _PMC_BitwiseAnd_I_X@12     10002a60 f   pmc_bitwiseand.obj
 0001:00001ac0       _PMC_BitwiseAnd_L_X@16     10002ac0 f   pmc_bitwiseand.obj
 0001:00001b50       _PMC_BitwiseAnd_X_I@12     10002b50 f   pmc_bitwiseand.obj
 0001:00001bb0       _PMC_BitwiseAnd_X_L@16     10002bb0 f   pmc_bitwiseand.obj
 0001:00001c40       _PMC_BitwiseAnd_X_X@12     10002c40 f   pmc_bitwiseand.obj
 0001:00002000       _PMC_BitwiseOr_I_X@12      10003000 f   pmc_bitwiseor.obj
 0001:00002040       _PMC_BitwiseOr_L_X@16      10003040 f   pmc_bitwiseor.obj
 0001:00002080       _PMC_BitwiseOr_X_I@12      10003080 f   pmc_bitwiseor.obj
 0001:00002190       _PMC_BitwiseOr_X_L@16      10003190 f   pmc_bitwiseor.obj
 0001:00002340       _PMC_BitwiseOr_X_X@12      10003340 f   pmc_bitwiseor.obj
 0001:00002470       _PMC_FromByteArray@12      10003470 f   pmc_bytes.obj
 0001:00002520       _PMC_FromByteArrayForSINT@16 10003520 f   pmc_bytes.obj
 0001:000025f0       _PMC_ToByteArray@16        100035f0 f   pmc_bytes.obj
 0001:00002680       _PMC_ToByteArrayForSINT@20 10003680 f   pmc_bytes.obj
 0001:00002720       _PMC_Clone_X@8             10003720 f   pmc_clone.obj
 0001:00002780       _Compare_Imp               10003780 f   pmc_compare.obj
 0001:000027d0       _PMC_Compare_I_X@12        100037d0 f   pmc_compare.obj
 0001:00002820       _PMC_Compare_L_X@16        10003820 f   pmc_compare.obj
 0001:00002870       _PMC_Compare_X_I@12        10003870 f   pmc_compare.obj
 0001:00002930       _PMC_Compare_X_L@16        10003930 f   pmc_compare.obj
 0001:00002a30       _PMC_Compare_X_X@12        10003a30 f   pmc_compare.obj
 0001:00003080       _DivRem_X_1W               10004080 f   pmc_divrem.obj
 0001:00003860       _DivRem_X_X                10004860 f   pmc_divrem.obj
 0001:00003c80       _Initialize_DivRem         10004c80 f   pmc_divrem.obj
 0001:00003cb0       _PMC_DivRem_I_X@16         10004cb0 f   pmc_divrem.obj
 0001:00003d90       _PMC_DivRem_L_X@20         10004d90 f   pmc_divrem.obj
 0001:00004020       _PMC_DivRem_X_I@16         10005020 f   pmc_divrem.obj
 0001:00004180       _PMC_DivRem_X_L@20         10005180 f   pmc_divrem.obj
 0001:00004450       _PMC_DivRem_X_X@16         10005450 f   pmc_divrem.obj
 0001:00005c70       _PMC_Equals_I_X@12         10006c70 f   pmc_equals.obj
 0001:00005cb0       _PMC_Equals_L_X@16         10006cb0 f   pmc_equals.obj
 0001:00005cf0       _PMC_Equals_X_I@12         10006cf0 f   pmc_equals.obj
 0001:00005d90       _PMC_Equals_X_L@16         10006d90 f   pmc_equals.obj
 0001:00005e90       _PMC_Equals_X_X@12         10006e90 f   pmc_equals.obj
 0001:00006200       _PMC_ExclusiveOr_I_X@12    10007200 f   pmc_exclusiveor.obj
 0001:00006240       _PMC_ExclusiveOr_L_X@16    10007240 f   pmc_exclusiveor.obj
 0001:00006280       _PMC_ExclusiveOr_X_I@12    10007280 f   pmc_exclusiveor.obj
 0001:000063b0       _PMC_ExclusiveOr_X_L@16    100073b0 f   pmc_exclusiveor.obj
 0001:00006570       _PMC_ExclusiveOr_X_X@12    10007570 f   pmc_exclusiveor.obj
 0001:00006690       _From_I_Imp                10007690 f   pmc_from.obj
 0001:000066e0       _From_L_Imp                100076e0 f   pmc_from.obj
 0001:00006770       _PMC_From_I@8              10007770 f   pmc_from.obj
 0001:000067e0       _PMC_From_L@12             100077e0 f   pmc_from.obj
 0001:00006890       _PMC_GetNumberType_X@8     10007890 f   pmc_getnumbertype.obj
 0001:00006990       _PMC_GreatestCommonDivisor_I_X@12 10007990 f   pmc_greatestcommondivisor.obj
 0001:000069d0       _PMC_GreatestCommonDivisor_L_X@16 100079d0 f   pmc_greatestcommondivisor.obj
 0001:00006a10       _PMC_GreatestCommonDivisor_X_I@12 10007a10 f   pmc_greatestcommondivisor.obj
 0001:00006c30       _PMC_GreatestCommonDivisor_X_L@16 10007c30 f   pmc_greatestcommondivisor.obj
 0001:00007030       _PMC_GreatestCommonDivisor_X_X@12 10008030 f   pmc_greatestcommondivisor.obj
 0001:00007280       _PMC_UINT_Initialize@4     10008280 f   pmc_initialize.obj
 0001:00007df0       _PMC_ModPow_X_X_X@16       10008df0 f   pmc_modpow.obj
 0001:00008030       _Initialize_Multiply       10009030 f   pmc_multiply.obj
 0001:00008fc0       _Multiply_X_X_Imp          10009fc0 f   pmc_multiply.obj
 0001:00009090       _PMC_Multiply_I_X@12       1000a090 f   pmc_multiply.obj
 0001:000090d0       _PMC_Multiply_L_X@16       1000a0d0 f   pmc_multiply.obj
 0001:00009110       _PMC_Multiply_X_I@12       1000a110 f   pmc_multiply.obj
 0001:00009220       _PMC_Multiply_X_L@16       1000a220 f   pmc_multiply.obj
 0001:00009390       _PMC_Multiply_X_X@12       1000a390 f   pmc_multiply.obj
 0001:000097a0       _Initialize_Parse          1000a7a0 f   pmc_parse.obj
 0001:0000a430       _PMC_TryParse@16           1000b430 f   pmc_parse.obj
 0001:0000afd0       _PMC_Pow_X_I@12            1000bfd0 f   pmc_pow.obj
 0001:0000b250       _LeftShift_Imp_DIV         1000c250 f   pmc_shift.obj
 0001:0000b250       _LeftShift_Imp             1000c250 f   pmc_shift.obj
 0001:0000b860       _PMC_LeftShift_X_I@12      1000c860 f   pmc_shift.obj
 0001:0000b920       _PMC_RightShift_X_I@12     1000c920 f   pmc_shift.obj
 0001:0000ba00       _RightShift_Imp_DIV        1000ca00 f   pmc_shift.obj
 0001:0000ba00       _RightShift_Imp            1000ca00 f   pmc_shift.obj
 0001:0000bcd0       _PMC_GetStatisticsInfo@4   1000ccd0 f   pmc_statistics.obj
 0001:0000bd60       _PMC_Subtruct_I_X@12       1000cd60 f   pmc_subtruct.obj
 0001:0000bde0       _PMC_Subtruct_L_X@16       1000cde0 f   pmc_subtruct.obj
 0001:0000bee0       _PMC_Subtruct_X_I@12       1000cee0 f   pmc_subtruct.obj
 0001:0000c010       _PMC_Subtruct_X_L@16       1000d010 f   pmc_subtruct.obj
 0001:0000c230       _PMC_Subtruct_X_X@12       1000d230 f   pmc_subtruct.obj
 0001:0000c360       _Subtruct_Imp              1000d360 f   pmc_subtruct.obj
 0001:0000c6e0       _PMC_To_X_I@8              1000d6e0 f   pmc_to.obj
 0001:0000c730       _PMC_To_X_L@8              1000d730 f   pmc_to.obj
 0001:0000c7b0       _Initialize_ToString       1000d7b0 f   pmc_tostring.obj
 0001:0000c8b0       _PMC_ToString@24           1000d8b0 f   pmc_tostring.obj
 0001:0000d2d8       @__security_check_cookie@4 1000e2d8 f   MSVCRT:secchk.obj
 0001:0000d2f0       __aulldiv                  1000e2f0 f   MSVCRT:ulldiv.obj
 0001:0000d360       __aulldvrm                 1000e360 f   MSVCRT:ulldvrm.obj
 0001:0000d400       __aullrem                  1000e400 f   MSVCRT:ullrem.obj
 0001:0000d795       __DllMainCRTStartup@12     1000e795 f   MSVCRT:dll_dllmain.obj
 0001:0000d7b8       ___raise_securityfailure   1000e7b8 f   MSVCRT:gs_report.obj
 0001:0000d7e0       ___report_gsfailure        1000e7e0 f   MSVCRT:gs_report.obj
 0001:0000d926       ___security_init_cookie    1000e926 f   MSVCRT:gs_support.obj
 0001:0000d971       ?__scrt_initialize_type_info@@YAXXZ 1000e971 f   MSVCRT:tncleanup.obj
 0001:0000d97d       ?__scrt_uninitialize_type_info@@YAXXZ 1000e97d f   MSVCRT:tncleanup.obj
 0001:0000d989       ___local_stdio_printf_options 1000e989 f i MSVCRT:default_local_stdio_options.obj
 0001:0000d98f       ___local_stdio_scanf_options 1000e98f f i MSVCRT:default_local_stdio_options.obj
 0001:0000d995       ___scrt_initialize_default_local_stdio_options 1000e995 f   MSVCRT:default_local_stdio_options.obj
 0001:0000d9f6       ___scrt_acquire_startup_lock 1000e9f6 f   MSVCRT:utility.obj
 0001:0000da28       ___scrt_dllmain_after_initialize_c 1000ea28 f   MSVCRT:utility.obj
 0001:0000da53       ___scrt_dllmain_before_initialize_c 1000ea53 f   MSVCRT:utility.obj
 0001:0000da61       ___scrt_dllmain_crt_thread_attach 1000ea61 f   MSVCRT:utility.obj
 0001:0000da80       ___scrt_dllmain_crt_thread_detach 1000ea80 f   MSVCRT:utility.obj
 0001:0000da8d       ___scrt_dllmain_exception_filter 1000ea8d f   MSVCRT:utility.obj
 0001:0000dac1       ___scrt_dllmain_uninitialize_c 1000eac1 f   MSVCRT:utility.obj
 0001:0000dae4       ___scrt_dllmain_uninitialize_critical 1000eae4 f   MSVCRT:utility.obj
 0001:0000daf1       ___scrt_initialize_crt     1000eaf1 f   MSVCRT:utility.obj
 0001:0000db2a       ___scrt_initialize_onexit_tables 1000eb2a f   MSVCRT:utility.obj
 0001:0000dbcf       ___scrt_is_nonwritable_in_current_image 1000ebcf f   MSVCRT:utility.obj
 0001:0000dc63       ___scrt_release_startup_lock 1000ec63 f   MSVCRT:utility.obj
 0001:0000dc80       ___scrt_uninitialize_crt   1000ec80 f   MSVCRT:utility.obj
 0001:0000dca8       ___scrt_get_dyn_tls_init_callback 1000eca8 f   MSVCRT:dyn_tls_init.obj
 0001:0000dcae       ___scrt_fastfail           1000ecae f   MSVCRT:utility_desktop.obj
 0001:0000ddc8       __crt_debugger_hook        1000edc8 f   MSVCRT:utility_desktop.obj
 0001:0000ddd0       __RTC_Initialize           1000edd0 f   MSVCRT:initsect.obj
 0001:0000ddfc       __RTC_Terminate            1000edfc f   MSVCRT:initsect.obj
 0001:0000de30       __SEH_prolog4              1000ee30 f   MSVCRT:sehprolg4.obj
 0001:0000de76       __SEH_epilog4              1000ee76 f   MSVCRT:sehprolg4.obj
 0001:0000de8b       __except_handler4          1000ee8b f   MSVCRT:chandler4gs.obj
 0001:0000deae       @_guard_check_icall_nop@4  1000eeae f i MSVCRT:guard_support.obj
 0001:0000deaf       ___isa_available_init      1000eeaf f   MSVCRT:cpu_disp.obj
 0001:0000e046       __get_startup_argv_mode    1000f046 f   MSVCRT:argv_mode.obj
 0001:0000e04a       ___scrt_is_ucrt_dll_in_use 1000f04a f   MSVCRT:ucrt_detection.obj
 0001:0000e056       ___std_type_info_destroy_list 1000f056 f   vcruntime:VCRUNTIME140.dll
 0001:0000e05c       _memset                    1000f05c f   vcruntime:VCRUNTIME140.dll
 0001:0000e062       __except_handler4_common   1000f062 f   vcruntime:VCRUNTIME140.dll
 0001:0000e068       __initterm                 1000f068 f   ucrt:api-ms-win-crt-runtime-l1-1-0.dll
 0001:0000e06e       __initterm_e               1000f06e f   ucrt:api-ms-win-crt-runtime-l1-1-0.dll
 0001:0000e074       __seh_filter_dll           1000f074 f   ucrt:api-ms-win-crt-runtime-l1-1-0.dll
 0001:0000e07a       __configure_narrow_argv    1000f07a f   ucrt:api-ms-win-crt-runtime-l1-1-0.dll
 0001:0000e080       __initialize_narrow_environment 1000f080 f   ucrt:api-ms-win-crt-runtime-l1-1-0.dll
 0001:0000e086       __initialize_onexit_table  1000f086 f   ucrt:api-ms-win-crt-runtime-l1-1-0.dll
 0001:0000e08c       __execute_onexit_table     1000f08c f   ucrt:api-ms-win-crt-runtime-l1-1-0.dll
 0001:0000e092       __cexit                    1000f092 f   ucrt:api-ms-win-crt-runtime-l1-1-0.dll
 0001:0000e098       _IsProcessorFeaturePresent@4 1000f098 f   kernel32:KERNEL32.dll
 0001:0000e09e       ___scrt_stub_for_acrt_thread_attach 1000f09e f   MSVCRT:ucrt_stubs.obj
 0001:0000e09e       ___acrt_thread_attach      1000f09e f   MSVCRT:ucrt_stubs.obj
 0001:0000e09e       ___scrt_stub_for_acrt_uninitialize_critical 1000f09e f   MSVCRT:ucrt_stubs.obj
 0001:0000e09e       ___scrt_stub_for_acrt_thread_detach 1000f09e f   MSVCRT:ucrt_stubs.obj
 0001:0000e09e       ___scrt_stub_for_acrt_initialize 1000f09e f   MSVCRT:ucrt_stubs.obj
 0001:0000e09e       ___vcrt_uninitialize       1000f09e f   MSVCRT:ucrt_stubs.obj
 0001:0000e09e       ___vcrt_initialize         1000f09e f   MSVCRT:ucrt_stubs.obj
 0001:0000e09e       ___vcrt_uninitialize_critical 1000f09e f   MSVCRT:ucrt_stubs.obj
 0001:0000e09e       ___vcrt_thread_attach      1000f09e f   MSVCRT:ucrt_stubs.obj
 0001:0000e09e       ___scrt_stub_for_acrt_uninitialize 1000f09e f   MSVCRT:ucrt_stubs.obj
 0001:0000e09e       ___vcrt_thread_detach      1000f09e f   MSVCRT:ucrt_stubs.obj
 0001:0000e09e       ___acrt_thread_detach      1000f09e f   MSVCRT:ucrt_stubs.obj
 0001:0000e09e       ___acrt_initialize         1000f09e f   MSVCRT:ucrt_stubs.obj
 0001:0000e09e       ___acrt_uninitialize       1000f09e f   MSVCRT:ucrt_stubs.obj
 0001:0000e09e       ___acrt_uninitialize_critical 1000f09e f   MSVCRT:ucrt_stubs.obj
 0002:00000000       __imp__HeapCreate@12       10010000     kernel32:KERNEL32.dll
 0002:00000004       __imp__HeapDestroy@4       10010004     kernel32:KERNEL32.dll
 0002:00000008       __imp__HeapAlloc@12        10010008     kernel32:KERNEL32.dll
 0002:0000000c       __imp__HeapFree@12         1001000c     kernel32:KERNEL32.dll
 0002:00000010       __imp__lstrcpyA@8          10010010     kernel32:KERNEL32.dll
 0002:00000014       __imp__lstrcpyW@8          10010014     kernel32:KERNEL32.dll
 0002:00000018       __imp__lstrlenW@4          10010018     kernel32:KERNEL32.dll
 0002:0000001c       __imp__IsDebuggerPresent@0 1001001c     kernel32:KERNEL32.dll
 0002:00000020       __imp__InitializeSListHead@4 10010020     kernel32:KERNEL32.dll
 0002:00000024       __imp__GetSystemTimeAsFileTime@4 10010024     kernel32:KERNEL32.dll
 0002:00000028       __imp__GetCurrentThreadId@0 10010028     kernel32:KERNEL32.dll
 0002:0000002c       __imp__GetCurrentProcessId@0 1001002c     kernel32:KERNEL32.dll
 0002:00000030       __imp__QueryPerformanceCounter@4 10010030     kernel32:KERNEL32.dll
 0002:00000034       __imp__IsProcessorFeaturePresent@4 10010034     kernel32:KERNEL32.dll
 0002:00000038       __imp__TerminateProcess@8  10010038     kernel32:KERNEL32.dll
 0002:0000003c       __imp__GetCurrentProcess@0 1001003c     kernel32:KERNEL32.dll
 0002:00000040       __imp__SetUnhandledExceptionFilter@4 10010040     kernel32:KERNEL32.dll
 0002:00000044       __imp__UnhandledExceptionFilter@4 10010044     kernel32:KERNEL32.dll
 0002:00000048       \177KERNEL32_NULL_THUNK_DATA 10010048     kernel32:KERNEL32.dll
 0002:0000004c       __imp__memset              1001004c     vcruntime:VCRUNTIME140.dll
 0002:00000050       __imp___except_handler4_common 10010050     vcruntime:VCRUNTIME140.dll
 0002:00000054       __imp____std_type_info_destroy_list 10010054     vcruntime:VCRUNTIME140.dll
 0002:00000058       \177VCRUNTIME140_NULL_THUNK_DATA 10010058     vcruntime:VCRUNTIME140.dll
 0002:0000005c       __imp___initialize_onexit_table 1001005c     ucrt:api-ms-win-crt-runtime-l1-1-0.dll
 0002:00000060       __imp___cexit              10010060     ucrt:api-ms-win-crt-runtime-l1-1-0.dll
 0002:00000064       __imp___configure_narrow_argv 10010064     ucrt:api-ms-win-crt-runtime-l1-1-0.dll
 0002:00000068       __imp___seh_filter_dll     10010068     ucrt:api-ms-win-crt-runtime-l1-1-0.dll
 0002:0000006c       __imp___initterm_e         1001006c     ucrt:api-ms-win-crt-runtime-l1-1-0.dll
 0002:00000070       __imp___initterm           10010070     ucrt:api-ms-win-crt-runtime-l1-1-0.dll
 0002:00000074       __imp___initialize_narrow_environment 10010074     ucrt:api-ms-win-crt-runtime-l1-1-0.dll
 0002:00000078       __imp___execute_onexit_table 10010078     ucrt:api-ms-win-crt-runtime-l1-1-0.dll
 0002:0000007c       \177api-ms-win-crt-runtime-l1-1-0_NULL_THUNK_DATA 1001007c     ucrt:api-ms-win-crt-runtime-l1-1-0.dll
 0002:00000080       ___guard_check_icall_fptr  10010080     MSVCRT:guard_support.obj
 0002:00000084       ___xc_a                    10010084     MSVCRT:initializers.obj
 0002:00000088       ___xc_z                    10010088     MSVCRT:initializers.obj
 0002:0000008c       ___xi_a                    1001008c     MSVCRT:initializers.obj
 0002:00000090       ___xi_z                    10010090     MSVCRT:initializers.obj
 0002:00000094       ___xp_a                    10010094     MSVCRT:initializers.obj
 0002:00000098       ___xp_z                    10010098     MSVCRT:initializers.obj
 0002:0000009c       ___xt_a                    1001009c     MSVCRT:initializers.obj
 0002:000000a0       ___xt_z                    100100a0     MSVCRT:initializers.obj
 0002:000000b0       ??_C@_13DEFPDAGF@?$AA?0@   100100b0     pmc_parse.obj
 0002:000000b4       ??_C@_13JOFGPIOO@?$AA?4@   100100b4     pmc_parse.obj
 0002:000000b8       ??_C@_01EKENIIDA@3@        100100b8     pmc_parse.obj
 0002:000000bc       ??_C@_13KJIIAINM@?$AA?$CL@ 100100bc     pmc_parse.obj
 0002:000000c0       ??_C@_13IMODFHAA@?$AA?9@   100100c0     pmc_parse.obj
 0002:000000c4       __pRawDllMain              100100c4     MSVCRT:dll_dllmain.obj
 0002:000000c4       __pDefaultRawDllMain       100100c4     MSVCRT:dll_dllmain.obj
 0002:00000128       __load_config_used         10010128     MSVCRT:loadcfg.obj
 0002:000001d0       ___safe_se_handler_table   100101d0     <linker-defined>
 0002:00000498       ___rtc_iaa                 10010498     MSVCRT:initsect.obj
 0002:0000049c       ___rtc_izz                 1001049c     MSVCRT:initsect.obj
 0002:000004a0       ___rtc_taa                 100104a0     MSVCRT:initsect.obj
 0002:000004a4       ___rtc_tzz                 100104a4     MSVCRT:initsect.obj
 0002:000005a4       __IMPORT_DESCRIPTOR_KERNEL32 100105a4     kernel32:KERNEL32.dll
 0002:000005b8       __IMPORT_DESCRIPTOR_VCRUNTIME140 100105b8     vcruntime:VCRUNTIME140.dll
 0002:000005cc       __IMPORT_DESCRIPTOR_api-ms-win-crt-runtime-l1-1-0 100105cc     ucrt:api-ms-win-crt-runtime-l1-1-0.dll
 0002:000005e0       __NULL_IMPORT_DESCRIPTOR   100105e0     kernel32:KERNEL32.dll
 0003:00000060       ___security_cookie_complement 10011060     MSVCRT:gs_cookie.obj
 0003:00000064       ___security_cookie         10011064     MSVCRT:gs_cookie.obj
 0003:00000068       ___scrt_native_dllmain_reason 10011068     MSVCRT:utility.obj
 0003:00000070       ___isa_enabled             10011070     MSVCRT:cpu_disp.obj
 0003:00000074       ___scrt_ucrt_dll_is_in_use 10011074     MSVCRT:ucrt_stubs.obj
 0003:00000528       ?__type_info_root_node@@3U__type_info_node@@A 10011528     MSVCRT:tncleanup.obj
 0003:00000530       ?_OptionsStorage@?1??__local_stdio_printf_options@@9@4_KA 10011530     MSVCRT:default_local_stdio_options.obj
 0003:00000538       ?_OptionsStorage@?1??__local_stdio_scanf_options@@9@4_KA 10011538     MSVCRT:default_local_stdio_options.obj
 0003:00000540       ___scrt_current_native_startup_state 10011540     MSVCRT:utility.obj
 0003:00000544       ___scrt_native_startup_lock 10011544     MSVCRT:utility.obj
 0003:00000564       ___scrt_debugger_hook_flag 10011564     MSVCRT:utility_desktop.obj
 0003:00000568       ___isa_available           10011568     MSVCRT:cpu_disp.obj
 0003:0000056c       ___favor                   1001156c     MSVCRT:cpu_disp.obj
 0003:00000570       _statistics_info           10011570     <common>
 0003:00000580       _configuration_info        10011580     <common>
 0003:00000584       _hLocalHeap                10011584     <common>
 0003:000005a0       _number_one                100115a0     <common>
 0003:000005e0       _number_zero               100115e0     <common>
 0003:00000604       ___dyn_tls_init_callback   10011604     <common>

 entry point at        0001:0000d795

 Static symbols

 0000:fffec000       .debug$S                   10000000     ucrt:api-ms-win-crt-runtime-l1-1-0.dll
 0000:fffec000       .debug$S                   10000000     kernel32:KERNEL32.dll
 0000:fffec000       .debug$S                   10000000     kernel32:KERNEL32.dll
 0000:fffec000       .debug$S                   10000000     kernel32:KERNEL32.dll
 0000:fffec000       .debug$S                   10000000     kernel32:KERNEL32.dll
 0000:fffec000       .debug$S                   10000000     kernel32:KERNEL32.dll
 0000:fffec000       .debug$S                   10000000     kernel32:KERNEL32.dll
 0000:fffec000       .debug$S                   10000000     vcruntime:VCRUNTIME140.dll
 0000:fffec000       .debug$S                   10000000     Palmtree.Math.Core.Uint.exp
 0000:fffec000       .debug$S                   10000000     vcruntime:VCRUNTIME140.dll
 0000:fffec000       .debug$S                   10000000     kernel32:KERNEL32.dll
 0000:fffec000       .debug$S                   10000000     kernel32:KERNEL32.dll
 0000:fffec000       .debug$S                   10000000     kernel32:KERNEL32.dll
 0000:fffec000       .debug$S                   10000000     kernel32:KERNEL32.dll
 0000:fffec000       .debug$S                   10000000     kernel32:KERNEL32.dll
 0000:fffec000       .debug$S                   10000000     kernel32:KERNEL32.dll
 0000:fffec000       .debug$S                   10000000     kernel32:KERNEL32.dll
 0000:fffec000       .debug$S                   10000000     kernel32:KERNEL32.dll
 0000:fffec000       .debug$S                   10000000     kernel32:KERNEL32.dll
 0000:fffec000       .debug$S                   10000000     kernel32:KERNEL32.dll
 0000:fffec000       .debug$S                   10000000     kernel32:KERNEL32.dll
 0000:fffec000       .debug$S                   10000000     kernel32:KERNEL32.dll
 0000:fffec000       .debug$S                   10000000     kernel32:KERNEL32.dll
 0000:fffec000       .debug$S                   10000000     vcruntime:VCRUNTIME140.dll
 0000:fffec000       .debug$S                   10000000     ucrt:api-ms-win-crt-runtime-l1-1-0.dll
 0000:fffec000       .debug$S                   10000000     ucrt:api-ms-win-crt-runtime-l1-1-0.dll
 0000:fffec000       .debug$S                   10000000     ucrt:api-ms-win-crt-runtime-l1-1-0.dll
 0000:fffec000       .debug$S                   10000000     ucrt:api-ms-win-crt-runtime-l1-1-0.dll
 0000:fffec000       .debug$S                   10000000     ucrt:api-ms-win-crt-runtime-l1-1-0.dll
 0000:fffec000       .debug$S                   10000000     kernel32:KERNEL32.dll
 0000:fffec000       .debug$S                   10000000     ucrt:api-ms-win-crt-runtime-l1-1-0.dll
 0000:fffec000       .debug$S                   10000000     ucrt:api-ms-win-crt-runtime-l1-1-0.dll
 0000:fffec000       .debug$S                   10000000     ucrt:api-ms-win-crt-runtime-l1-1-0.dll
 0000:fffec000       .debug$S                   10000000     ucrt:api-ms-win-crt-runtime-l1-1-0.dll
 0000:fffec000       .debug$S                   10000000     ucrt:api-ms-win-crt-runtime-l1-1-0.dll
 0000:fffec000       .debug$S                   10000000     ucrt:api-ms-win-crt-runtime-l1-1-0.dll
 0001:00000158       $LN12                      10001158     dllmain.obj
 0001:00000230       _CalculateCheckCode        10001230 f   pmc_memory.obj
 0001:00000700       _InitializeNumber          10001700 f   pmc_memory.obj
 0001:00000a30       _Add_Imp_using_ADC         10001a30 f   pmc_add.obj
 0001:00000ce0       _Add_Imp_using_ADCX        10001ce0 f   pmc_add.obj
 0001:00001020       _Add_X_1W                  10002020 f   pmc_add.obj
 0001:00001060       _DoCarry                   10002060 f   pmc_add.obj
 0001:000011c0       _PMC_Add_X_I_Imp           100021c0 f   pmc_add.obj
 0001:00001310       _PMC_Add_X_L_Imp           10002310 f   pmc_add.obj
 0001:00001640       __ADD_16WORDS_ADC_DIV      10002640 f   pmc_divrem.obj
 0001:00001640       __ADD_16WORDS_ADC          10002640 f   pmc_add.obj
 0001:000016f0       __ADD_16WORDS_ADCX_DIV     100026f0 f   pmc_divrem.obj
 0001:000016f0       __ADD_16WORDS_ADCX         100026f0 f   pmc_add.obj
 0001:000017d0       _BitwiseAnd_X_X            100027d0 f   pmc_bitwiseand.obj
 0001:00001d40       _BitwiseOr_X_1W            10002d40 f   pmc_bitwiseor.obj
 0001:00001d70       _BitwiseOr_X_X             10002d70 f   pmc_bitwiseor.obj
 0001:000020c0       _PMC_BitwiseOr_X_I_Imp     100030c0 f   pmc_bitwiseor.obj
 0001:000021d0       _PMC_BitwiseOr_X_L_Imp     100031d0 f   pmc_bitwiseor.obj
 0001:00002430       _CountActualBitsFromBuffer 10003430 f   pmc_bytes.obj
 0001:000028c0       _PMC_Compare_X_I_Imp       100038c0 f   pmc_compare.obj
 0001:00002980       _PMC_Compare_X_L_Imp       10003980 f   pmc_compare.obj
 0001:00002b10       _AddOneLine                10003b10 f   pmc_divrem.obj
 0001:00002d80       _AddOneLineX               10003d80 f   pmc_divrem.obj
 0001:00003900       _DivRem_X_X_using_ADC_MUL  10004900 f   pmc_divrem.obj
 0001:00003ac0       _DivRem_X_X_using_ADX_MULX 10004ac0 f   pmc_divrem.obj
 0001:00004730       _SubtructOneLine           10005730 f   pmc_divrem.obj
 0001:000050e0       _SubtructOneLineX          100060e0 f   pmc_divrem.obj
 0001:00005c50       __LZCNT_ALT_32             10006c50 f   pmc_subtruct.obj
 0001:00005c50       __LZCNT_ALT_32             10006c50 f   pmc_divrem.obj
 0001:00005c50       __LZCNT_ALT_32             10006c50 f   pmc_multiply.obj
 0001:00005d30       _PMC_Equals_X_I_Imp        10006d30 f   pmc_equals.obj
 0001:00005dd0       _PMC_Equals_X_L_Imp        10006dd0 f   pmc_equals.obj
 0001:00005f40       _ExclusiveOr_X_1W          10006f40 f   pmc_exclusiveor.obj
 0001:00005f70       _ExclusiveOr_X_X           10006f70 f   pmc_exclusiveor.obj
 0001:000062c0       _PMC_ExclusiveOr_X_I_Imp   100072c0 f   pmc_exclusiveor.obj
 0001:000063f0       _PMC_ExclusiveOr_X_L_Imp   100073f0 f   pmc_exclusiveor.obj
 0001:000068f0       _GreatestCommonDivisor_Imp 100078f0 f   pmc_greatestcommondivisor.obj
 0001:00006a50       _PMC_GreatestCommonDivisor_X_I_Imp 10007a50 f   pmc_greatestcommondivisor.obj
 0001:00006c70       _PMC_GreatestCommonDivisor_X_L_Imp 10007c70 f   pmc_greatestcommondivisor.obj
 0001:00007720       _ModulePower               10008720 f   pmc_modpow.obj
 0001:00007ed0       _Remainder                 10008ed0 f   pmc_modpow.obj
 0001:00008080       _Multiply_WORD_using_MULX_ADCX 10009080 f   pmc_multiply.obj
 0001:00008900       _Multiply_WORD_using_MUL_ADC 10009900 f   pmc_multiply.obj
 0001:00008f40       _Multiply_X_1W_using_MULX_ADCX 10009f40 f   pmc_multiply.obj
 0001:00008f50       _Multiply_X_1W_using_MUL_ADC 10009f50 f   pmc_multiply.obj
 0001:00008f60       _Multiply_X_2W_using_MULX_ADCX 10009f60 f   pmc_multiply.obj
 0001:00008f90       _Multiply_X_2W_using_MUL_ADC 10009f90 f   pmc_multiply.obj
 0001:00008fd0       _Multiply_X_X_using_MULX_ADCX 10009fd0 f   pmc_multiply.obj
 0001:00009030       _Multiply_X_X_using_MUL_ADC 1000a030 f   pmc_multiply.obj
 0001:00009150       _PMC_Multiply_X_I_Imp      1000a150 f   pmc_multiply.obj
 0001:00009260       _PMC_Multiply_X_L_Imp      1000a260 f   pmc_multiply.obj
 0001:000094b0       _BuildBinaryFromHexString  1000a4b0 f   pmc_parse.obj
 0001:0000964c       $LN45                      1000a64c     pmc_parse.obj
 0001:0000965c       $LN42                      1000a65c     pmc_parse.obj
 0001:00009694       $LN46                      1000a694     pmc_parse.obj
 0001:000096a4       $LN43                      1000a6a4     pmc_parse.obj
 0001:000096e0       _InitializeParserState     1000a6e0 f   pmc_parse.obj
 0001:00009820       _MultiplyAndAdd_using_ADCX_MULX 1000a820 f   pmc_parse.obj
 0001:00009f00       _MultiplyAndAdd_using_ADC_MUL 1000af00 f   pmc_parse.obj
 0001:0000a4b0       _Parse1DigitFromHexChar    1000b4b0 f   pmc_parse.obj
 0001:0000a4dc       $LN11                      1000b4dc     pmc_parse.obj
 0001:0000a4ec       $LN9                       1000b4ec     pmc_parse.obj
 0001:0000a530       _ParseAsDecimalNumberString 1000b530 f   pmc_parse.obj
 0001:0000a850       _ParseAsFractionPartNumberSequence 1000b850 f   pmc_parse.obj
 0001:0000a8c0       _ParseAsIntegerPartNumberSequence 1000b8c0 f   pmc_parse.obj
 0001:0000a9b0       _StartsWith                1000b9b0 f   pmc_parse.obj
 0001:0000a9f0       _TryParseDN                1000b9f0 f   pmc_parse.obj
 0001:0000ae10       _TryParseX                 1000be10 f   pmc_parse.obj
 0001:0000b010       _PMC_Pow_X_I_Imp           1000c010 f   pmc_pow.obj
 0001:0000bd00       _DoBorrow                  1000cd00 f   pmc_subtruct.obj
 0001:0000c5f0       _Subtruct_X_1W             1000d5f0 f   pmc_subtruct.obj
 0001:0000c630       __SUBTRUCT_16WORDS_SBB     1000d630 f   pmc_subtruct.obj
 0001:0000c810       _OutputOneChar             1000d810 f   pmc_tostring.obj
 0001:0000c978       $LN20                      1000d978     pmc_tostring.obj
 0001:0000c98c       $LN16                      1000d98c     pmc_tostring.obj
 0001:0000c9d0       _PrintDecimal              1000d9d0 f   pmc_tostring.obj
 0001:0000ccc0       _ToStringDN                1000dcc0 f   pmc_tostring.obj
 0001:0000cf90       _ToStringX                 1000df90 f   pmc_tostring.obj
 0001:0000d090       _ToStringX_1WORD           1000e090 f   pmc_tostring.obj
 0001:0000d2f0       $$000000                   1000e2f0     MSVCRT:ulldiv.obj
 0001:0000d360       $$000000                   1000e360     MSVCRT:ulldvrm.obj
 0001:0000d400       $$000000                   1000e400     MSVCRT:ullrem.obj
 0001:0000d475       ?dllmain_crt_dispatch@@YGHQAUHINSTANCE__@@KQAX@Z 1000e475 f   MSVCRT:dll_dllmain.obj
 0001:0000d4c8       ?dllmain_crt_process_attach@@YAHQAUHINSTANCE__@@QAX@Z 1000e4c8 f   MSVCRT:dll_dllmain.obj
 0001:0000d5d2       ?dllmain_crt_process_detach@@YAH_N@Z 1000e5d2 f   MSVCRT:dll_dllmain.obj
 0001:0000d664       ?dllmain_dispatch@@YAHQAUHINSTANCE__@@KQAX@Z 1000e664 f   MSVCRT:dll_dllmain.obj
 0001:0000d76a       ?dllmain_raw@@YGHQAUHINSTANCE__@@KQAX@Z 1000e76a f   MSVCRT:dll_dllmain.obj
 0001:0000d8d9       ___get_entropy             1000e8d9 f   MSVCRT:gs_support.obj
 0001:0000d9b2       ?find_pe_section@@YAPAU_IMAGE_SECTION_HEADER@@QAEI@Z 1000e9b2 f   MSVCRT:utility.obj
 0001:0000de30       $$000000                   1000ee30     MSVCRT:sehprolg4.obj
 0002:000000c8       _GS_ExceptionPointers      100100c8     MSVCRT:gs_report.obj
 0002:000004a8       __sehtable$?dllmain_crt_process_attach@@YAHQAUHINSTANCE__@@QAX@Z 100104a8     MSVCRT:dll_dllmain.obj
 0002:000004c8       __sehtable$?dllmain_crt_process_detach@@YAH_N@Z 100104c8     MSVCRT:dll_dllmain.obj
 0002:000004e8       __sehtable$?dllmain_dispatch@@YAHQAUHINSTANCE__@@KQAX@Z 100104e8     MSVCRT:dll_dllmain.obj
 0002:00000508       __sehtable$___scrt_is_nonwritable_in_current_image 10010508     MSVCRT:utility.obj
 0002:00000530       .edata                     10010530     Palmtree.Math.Core.Uint.exp
 0002:00000558       rgpv                       10010558     Palmtree.Math.Core.Uint.exp
 0002:00000560       rgszName                   10010560     Palmtree.Math.Core.Uint.exp
 0002:00000568       rgwOrd                     10010568     Palmtree.Math.Core.Uint.exp
 0002:0000056c       szName                     1001056c     Palmtree.Math.Core.Uint.exp
 0002:00000588       $N00001                    10010588     Palmtree.Math.Core.Uint.exp
 0002:00000590       $N00002                    10010590     Palmtree.Math.Core.Uint.exp
 0002:000006cc       .idata$6                   100106cc     kernel32:KERNEL32.dll
 0002:0000071e       .idata$6                   1001071e     vcruntime:VCRUNTIME140.dll
 0002:000007d6       .idata$6                   100107d6     ucrt:api-ms-win-crt-runtime-l1-1-0.dll
 0003:00000000       _decimal_digits            10011000     pmc_tostring.obj
 0003:00000018       _hexadecimal_lower_digits  10011018     pmc_tostring.obj
 0003:0000003c       _hexadecimal_upper_digits  1001103c     pmc_tostring.obj
 0003:00000080       _fp_Add_Imp                10011080     pmc_add.obj
 0003:00000084       _fp_DivRem_X_X             10011084     pmc_divrem.obj
 0003:00000088       _entry_points              10011088     pmc_initialize.obj
 0003:000001a0       _initialized               100111a0     pmc_initialize.obj
 0003:000001a4       _fp_Multiply_X_1W          100111a4     pmc_multiply.obj
 0003:000001a8       _fp_Multiply_X_2W          100111a8     pmc_multiply.obj
 0003:000001ac       _fp_Multiply_X_X           100111ac     pmc_multiply.obj
 0003:000001b0       _default_number_format_option 100111b0     pmc_parse.obj
 0003:000001d8       _fp_MultiplyAndAdd         100111d8     pmc_parse.obj
 0003:000001dc       _default_number_format_option 100111dc     pmc_tostring.obj
 0003:00000204       ?__proc_attached@@3HA      10011204     MSVCRT:dll_dllmain.obj
 0003:00000208       _GS_ExceptionRecord        10011208     MSVCRT:gs_report.obj
 0003:00000258       _GS_ContextRecord          10011258     MSVCRT:gs_report.obj
 0003:00000548       ?is_initialized_as_dll@@3_NA 10011548     MSVCRT:utility.obj
 0003:00000549       ?module_local_atexit_table_initialized@@3_NA 10011549     MSVCRT:utility.obj
 0003:0000054c       ?module_local_atexit_table@@3U_onexit_table_t@@A 1001154c     MSVCRT:utility.obj
 0003:00000558       ?module_local_at_quick_exit_table@@3U_onexit_table_t@@A 10011558     MSVCRT:utility.obj
 0004:000000a0       $R000000                   100120a0     Palmtree.Math.Core.Uint.res
 0004:000003c0       $R000320                   100123c0     Palmtree.Math.Core.Uint.res
