 Palmtree.Math.Core.Uint

 Timestamp is 5c657d4c (Thu Feb 14 23:38:04 2019)

 Preferred load address is 10000000

 Start         Length     Name                   Class
 0001:00000000 0000faf1H .text$mn                CODE
 0002:00000000 00000080H .idata$5                DATA
 0002:00000080 00000004H .00cfg                  DATA
 0002:00000084 00000004H .CRT$XCA                DATA
 0002:00000088 00000004H .CRT$XCZ                DATA
 0002:0000008c 00000004H .CRT$XIA                DATA
 0002:00000090 00000004H .CRT$XIZ                DATA
 0002:00000094 00000004H .CRT$XPA                DATA
 0002:00000098 00000004H .CRT$XPZ                DATA
 0002:0000009c 00000004H .CRT$XTA                DATA
 0002:000000a0 00000010H .CRT$XTZ                DATA
 0002:000000a4 00000000H .gfids$y                DATA
 0002:000000b0 00000140H .rdata                  DATA
 0002:000001f0 00000004H .rdata$sxdata           DATA
 0002:000001f4 000002c4H .rdata$zzzdbg           DATA
 0002:000004b8 00000004H .rtc$IAA                DATA
 0002:000004bc 00000004H .rtc$IZZ                DATA
 0002:000004c0 00000004H .rtc$TAA                DATA
 0002:000004c4 00000004H .rtc$TZZ                DATA
 0002:000004c8 00000088H .xdata$x                DATA
 0002:00000550 00000074H .edata                  DATA
 0002:000005c4 0000003cH .idata$2                DATA
 0002:00000600 00000014H .idata$3                DATA
 0002:00000614 00000080H .idata$4                DATA
 0002:00000694 0000028cH .idata$6                DATA
 0003:00000000 00000080H .data                   DATA
 0003:00000080 000006acH .bss                    DATA
 0004:00000000 000000a0H .rsrc$01                DATA
 0004:000000a0 000004a0H .rsrc$02                DATA

  Address         Publics by Value              Rva+Base       Lib:Object

 0000:00000000       ___guard_iat_table         00000000     <absolute>
 0000:00000000       ___hybrid_auxiliary_iat    00000000     <absolute>
 0000:00000000       ___hybrid_code_map         00000000     <absolute>
 0000:00000000       ___enclave_config          00000000     <absolute>
 0000:00000000       ___guard_iat_count         00000000     <absolute>
 0000:00000000       ___dynamic_value_reloc_table 00000000     <absolute>
 0000:00000000       ___volatile_metadata       00000000     <absolute>
 0000:00000000       ___hybrid_code_map_count   00000000     <absolute>
 0000:00000000       ___guard_longjmp_table     00000000     <absolute>
 0000:00000000       ___guard_longjmp_count     00000000     <absolute>
 0000:00000000       ___guard_fids_count        00000000     <absolute>
 0000:00000000       ___guard_fids_table        00000000     <absolute>
 0000:00000001       ___safe_se_handler_count   00000001     <absolute>
 0000:00000100       ___guard_flags             00000100     <absolute>
 0000:00000000       ___ImageBase               10000000     <linker-defined>
 0001:00000000       _GetCPUInfo                10001000 f   cpuid.obj
 0001:00000110       _DoDebug@4                 10001110 f   debug.obj
 0001:00000120       _DllMain@12                10001120 f   dllmain.obj
 0001:00000170       _AllocateBlock             10001170 f   pmc_memory.obj
 0001:000001c0       _AllocateHeapArea          100011c0 f   pmc_memory.obj
 0001:000001e0       _AllocateNumber            100011e0 f   pmc_memory.obj
 0001:00000400       _Initialize_GreatestCommonDivisor 10001400 f   pmc_greatestcommondivisor.obj
 0001:00000400       _Initialize_BitwiseOr      10001400 f   pmc_bitwiseor.obj
 0001:00000400       _CheckBlockLight           10001400 f   pmc_memory.obj
 0001:00000400       _Initialize_Shift          10001400 f   pmc_shift.obj
 0001:00000400       ___scrt_stub_for_is_c_termination_complete 10001400 f   MSVCRT:ucrt_stubs.obj
 0001:00000400       _Initialize_ExclusiveOr    10001400 f   pmc_exclusiveor.obj
 0001:00000400       _Initialize_BitwiseAnd     10001400 f   pmc_bitwiseand.obj
 0001:00000400       _Initialize_Equals         10001400 f   pmc_equals.obj
 0001:00000400       _Initialize_Clone          10001400 f   pmc_clone.obj
 0001:00000400       _Initialize_ModPow         10001400 f   pmc_modpow.obj
 0001:00000400       _Initialize_Subtruct       10001400 f   pmc_subtruct.obj
 0001:00000400       _Initialize_Compare        10001400 f   pmc_compare.obj
 0001:00000400       __is_c_termination_complete 10001400 f   MSVCRT:ucrt_stubs.obj
 0001:00000400       _Initialize_To             10001400 f   pmc_to.obj
 0001:00000400       _Initialize_Pow            10001400 f   pmc_pow.obj
 0001:00000400       _Initialize_From           10001400 f   pmc_from.obj
 0001:00000410       _CheckNumber               10001410 f   pmc_memory.obj
 0001:00000490       _CommitNumber              10001490 f   pmc_memory.obj
 0001:000005c0       _DeallocateBlock           100015c0 f   pmc_memory.obj
 0001:00000600       _DeallocateHeapArea        10001600 f   pmc_memory.obj
 0001:00000620       _DeallocateNumber          10001620 f   pmc_memory.obj
 0001:000006c0       _DuplicateNumber           100016c0 f   pmc_memory.obj
 0001:00000800       _Initialize_Memory         10001800 f   pmc_memory.obj
 0001:000009a0       _PMC_Dispose@4             100019a0 f   pmc_memory.obj
 0001:00000a60       _PMC_GetConstantValue_I@8  10001a60 f   pmc_memory.obj
 0001:00001150       _Initialize_Add            10002150 f   pmc_add.obj
 0001:00001170       _PMC_Add_I_X@12            10002170 f   pmc_add.obj
 0001:000011b0       _PMC_Add_L_X@16            100021b0 f   pmc_add.obj
 0001:000011f0       _PMC_Add_X_I@12            100021f0 f   pmc_add.obj
 0001:00001340       _PMC_Add_X_L@16            10002340 f   pmc_add.obj
 0001:00001570       _PMC_Add_X_X@12            10002570 f   pmc_add.obj
 0001:00001ad0       _PMC_BitwiseAnd_I_X@12     10002ad0 f   pmc_bitwiseand.obj
 0001:00001b20       _PMC_BitwiseAnd_L_X@16     10002b20 f   pmc_bitwiseand.obj
 0001:00001bb0       _PMC_BitwiseAnd_X_I@12     10002bb0 f   pmc_bitwiseand.obj
 0001:00001c00       _PMC_BitwiseAnd_X_L@16     10002c00 f   pmc_bitwiseand.obj
 0001:00001c90       _PMC_BitwiseAnd_X_X@12     10002c90 f   pmc_bitwiseand.obj
 0001:00002040       _PMC_BitwiseOr_I_X@12      10003040 f   pmc_bitwiseor.obj
 0001:00002080       _PMC_BitwiseOr_L_X@16      10003080 f   pmc_bitwiseor.obj
 0001:000020c0       _PMC_BitwiseOr_X_I@12      100030c0 f   pmc_bitwiseor.obj
 0001:000021d0       _PMC_BitwiseOr_X_L@16      100031d0 f   pmc_bitwiseor.obj
 0001:00002380       _PMC_BitwiseOr_X_X@12      10003380 f   pmc_bitwiseor.obj
 0001:000024b0       _PMC_FromByteArray@12      100034b0 f   pmc_bytes.obj
 0001:00002560       _PMC_FromByteArrayForSINT@16 10003560 f   pmc_bytes.obj
 0001:00002630       _PMC_ToByteArray@16        10003630 f   pmc_bytes.obj
 0001:000026c0       _PMC_ToByteArrayForSINT@20 100036c0 f   pmc_bytes.obj
 0001:00002780       _PMC_Clone_X@8             10003780 f   pmc_clone.obj
 0001:000027e0       _Compare_Imp               100037e0 f   pmc_compare.obj
 0001:00002830       _PMC_Compare_I_X@12        10003830 f   pmc_compare.obj
 0001:00002880       _PMC_Compare_L_X@16        10003880 f   pmc_compare.obj
 0001:000028d0       _PMC_Compare_X_I@12        100038d0 f   pmc_compare.obj
 0001:00002980       _PMC_Compare_X_L@16        10003980 f   pmc_compare.obj
 0001:00002a80       _PMC_Compare_X_X@12        10003a80 f   pmc_compare.obj
 0001:000030c0       _DivRem_X_1W               100040c0 f   pmc_divrem.obj
 0001:000038a0       _DivRem_X_X                100048a0 f   pmc_divrem.obj
 0001:00003cf0       _Initialize_DivRem         10004cf0 f   pmc_divrem.obj
 0001:00003d20       _PMC_DivRem_I_X@16         10004d20 f   pmc_divrem.obj
 0001:00003e10       _PMC_DivRem_L_X@20         10004e10 f   pmc_divrem.obj
 0001:00004110       _PMC_DivRem_X_I@16         10005110 f   pmc_divrem.obj
 0001:000042a0       _PMC_DivRem_X_L@20         100052a0 f   pmc_divrem.obj
 0001:00004640       _PMC_DivRem_X_X@16         10005640 f   pmc_divrem.obj
 0001:00004a90       _Rem_X_1W                  10005a90 f   pmc_divrem.obj
 0001:00006520       _PMC_Equals_I_X@12         10007520 f   pmc_equals.obj
 0001:00006560       _PMC_Equals_L_X@16         10007560 f   pmc_equals.obj
 0001:000065b0       _PMC_Equals_X_I@12         100075b0 f   pmc_equals.obj
 0001:000065f0       _PMC_Equals_X_L@16         100075f0 f   pmc_equals.obj
 0001:00006640       _PMC_Equals_X_X@12         10007640 f   pmc_equals.obj
 0001:000069b0       _PMC_ExclusiveOr_I_X@12    100079b0 f   pmc_exclusiveor.obj
 0001:000069f0       _PMC_ExclusiveOr_L_X@16    100079f0 f   pmc_exclusiveor.obj
 0001:00006a30       _PMC_ExclusiveOr_X_I@12    10007a30 f   pmc_exclusiveor.obj
 0001:00006b60       _PMC_ExclusiveOr_X_L@16    10007b60 f   pmc_exclusiveor.obj
 0001:00006d20       _PMC_ExclusiveOr_X_X@12    10007d20 f   pmc_exclusiveor.obj
 0001:00006e40       _From_I_Imp                10007e40 f   pmc_from.obj
 0001:00006e90       _From_L_Imp                10007e90 f   pmc_from.obj
 0001:00006f20       _PMC_From_I@8              10007f20 f   pmc_from.obj
 0001:00006f90       _PMC_From_L@12             10007f90 f   pmc_from.obj
 0001:000070e0       _PMC_GreatestCommonDivisor_I_X@12 100080e0 f   pmc_greatestcommondivisor.obj
 0001:00007120       _PMC_GreatestCommonDivisor_L_X@16 10008120 f   pmc_greatestcommondivisor.obj
 0001:00007160       _PMC_GreatestCommonDivisor_X_I@12 10008160 f   pmc_greatestcommondivisor.obj
 0001:00007380       _PMC_GreatestCommonDivisor_X_L@16 10008380 f   pmc_greatestcommondivisor.obj
 0001:00007780       _PMC_GreatestCommonDivisor_X_X@12 10008780 f   pmc_greatestcommondivisor.obj
 0001:000079d0       _PMC_UINT_Initialize@4     100089d0 f   pmc_initialize.obj
 0001:00008470       _PMC_ModPow_X_X_X@16       10009470 f   pmc_modpow.obj
 0001:00008670       _Initialize_Multiply       10009670 f   pmc_multiply.obj
 0001:00009600       _Multiply_X_X_Imp          1000a600 f   pmc_multiply.obj
 0001:000096d0       _PMC_Multiply_I_X@12       1000a6d0 f   pmc_multiply.obj
 0001:00009710       _PMC_Multiply_L_X@16       1000a710 f   pmc_multiply.obj
 0001:00009750       _PMC_Multiply_X_I@12       1000a750 f   pmc_multiply.obj
 0001:00009790       _PMC_Multiply_X_I_Imp      1000a790 f   pmc_multiply.obj
 0001:00009860       _PMC_Multiply_X_L@16       1000a860 f   pmc_multiply.obj
 0001:000099d0       _PMC_Multiply_X_X@12       1000a9d0 f   pmc_multiply.obj
 0001:00009ec0       _Initialize_Parse          1000aec0 f   pmc_parse.obj
 0001:0000ab10       _PMC_TryParse@16           1000bb10 f   pmc_parse.obj
 0001:0000ab80       _PMC_TryParseForSINT@20    1000bb80 f   pmc_parse.obj
 0001:0000bae0       _PMC_Pow_X_I@12            1000cae0 f   pmc_pow.obj
 0001:0000bd60       _LeftShift_Imp_DIV         1000cd60 f   pmc_shift.obj
 0001:0000bd60       _LeftShift_Imp             1000cd60 f   pmc_shift.obj
 0001:0000c370       _PMC_LeftShift_X_I@12      1000d370 f   pmc_shift.obj
 0001:0000c430       _PMC_RightShift_X_I@12     1000d430 f   pmc_shift.obj
 0001:0000c510       _RightShift_Imp            1000d510 f   pmc_shift.obj
 0001:0000c510       _RightShift_Imp_DIV        1000d510 f   pmc_shift.obj
 0001:0000c7e0       _PMC_GetStatisticsInfo@4   1000d7e0 f   pmc_statistics.obj
 0001:0000c870       _PMC_Subtruct_I_X@12       1000d870 f   pmc_subtruct.obj
 0001:0000c8f0       _PMC_Subtruct_L_X@16       1000d8f0 f   pmc_subtruct.obj
 0001:0000c9f0       _PMC_Subtruct_X_I@12       1000d9f0 f   pmc_subtruct.obj
 0001:0000cb20       _PMC_Subtruct_X_L@16       1000db20 f   pmc_subtruct.obj
 0001:0000cd40       _PMC_Subtruct_X_X@12       1000dd40 f   pmc_subtruct.obj
 0001:0000ce70       _Subtruct_Imp              1000de70 f   pmc_subtruct.obj
 0001:0000d1f0       _PMC_To_X_I@8              1000e1f0 f   pmc_to.obj
 0001:0000d240       _PMC_To_X_L@8              1000e240 f   pmc_to.obj
 0001:0000d8f0       _InitializeNumberFormatoInfo 1000e8f0 f   pmc_tostring.obj
 0001:0000d9f0       _Initialize_ToString       1000e9f0 f   pmc_tostring.obj
 0001:0000df90       _PMC_InitializeNumberFormatInfo@4 1000ef90 f   pmc_tostring.obj
 0001:0000dfb0       _PMC_ToString@20           1000efb0 f   pmc_tostring.obj
 0001:0000ed30       __aulldvrm                 1000fd30 f   MSVCRT:ulldvrm.obj
 0001:0000edc5       @__security_check_cookie@4 1000fdc5 f   MSVCRT:secchk.obj
 0001:0000ede0       __aulldiv                  1000fde0 f   MSVCRT:ulldiv.obj
 0001:0000ee50       __aullrem                  1000fe50 f   MSVCRT:ullrem.obj
 0001:0000f1e5       __DllMainCRTStartup@12     100101e5 f   MSVCRT:dll_dllmain.obj
 0001:0000f208       ___raise_securityfailure   10010208 f   MSVCRT:gs_report.obj
 0001:0000f230       ___report_gsfailure        10010230 f   MSVCRT:gs_report.obj
 0001:0000f376       ___security_init_cookie    10010376 f   MSVCRT:gs_support.obj
 0001:0000f3c1       ?__scrt_initialize_type_info@@YAXXZ 100103c1 f   MSVCRT:tncleanup.obj
 0001:0000f3cd       ?__scrt_uninitialize_type_info@@YAXXZ 100103cd f   MSVCRT:tncleanup.obj
 0001:0000f3d9       ___local_stdio_printf_options 100103d9 f i MSVCRT:default_local_stdio_options.obj
 0001:0000f3df       ___local_stdio_scanf_options 100103df f i MSVCRT:default_local_stdio_options.obj
 0001:0000f3e5       ___scrt_initialize_default_local_stdio_options 100103e5 f   MSVCRT:default_local_stdio_options.obj
 0001:0000f446       ___scrt_acquire_startup_lock 10010446 f   MSVCRT:utility.obj
 0001:0000f478       ___scrt_dllmain_after_initialize_c 10010478 f   MSVCRT:utility.obj
 0001:0000f4a3       ___scrt_dllmain_before_initialize_c 100104a3 f   MSVCRT:utility.obj
 0001:0000f4b1       ___scrt_dllmain_crt_thread_attach 100104b1 f   MSVCRT:utility.obj
 0001:0000f4d0       ___scrt_dllmain_crt_thread_detach 100104d0 f   MSVCRT:utility.obj
 0001:0000f4dd       ___scrt_dllmain_exception_filter 100104dd f   MSVCRT:utility.obj
 0001:0000f511       ___scrt_dllmain_uninitialize_c 10010511 f   MSVCRT:utility.obj
 0001:0000f534       ___scrt_dllmain_uninitialize_critical 10010534 f   MSVCRT:utility.obj
 0001:0000f541       ___scrt_initialize_crt     10010541 f   MSVCRT:utility.obj
 0001:0000f57a       ___scrt_initialize_onexit_tables 1001057a f   MSVCRT:utility.obj
 0001:0000f61f       ___scrt_is_nonwritable_in_current_image 1001061f f   MSVCRT:utility.obj
 0001:0000f6b3       ___scrt_release_startup_lock 100106b3 f   MSVCRT:utility.obj
 0001:0000f6d0       ___scrt_uninitialize_crt   100106d0 f   MSVCRT:utility.obj
 0001:0000f6f8       ___scrt_get_dyn_tls_init_callback 100106f8 f   MSVCRT:dyn_tls_init.obj
 0001:0000f6fe       ___scrt_fastfail           100106fe f   MSVCRT:utility_desktop.obj
 0001:0000f818       __crt_debugger_hook        10010818 f   MSVCRT:utility_desktop.obj
 0001:0000f820       __RTC_Initialize           10010820 f   MSVCRT:initsect.obj
 0001:0000f84c       __RTC_Terminate            1001084c f   MSVCRT:initsect.obj
 0001:0000f880       __SEH_prolog4              10010880 f   MSVCRT:sehprolg4.obj
 0001:0000f8c6       __SEH_epilog4              100108c6 f   MSVCRT:sehprolg4.obj
 0001:0000f8db       __except_handler4          100108db f   MSVCRT:chandler4gs.obj
 0001:0000f8fe       @_guard_check_icall_nop@4  100108fe f i MSVCRT:guard_support.obj
 0001:0000f8ff       ___isa_available_init      100108ff f   MSVCRT:cpu_disp.obj
 0001:0000fa96       __get_startup_argv_mode    10010a96 f   MSVCRT:argv_mode.obj
 0001:0000fa9a       ___scrt_is_ucrt_dll_in_use 10010a9a f   MSVCRT:ucrt_detection.obj
 0001:0000faa6       ___std_type_info_destroy_list 10010aa6 f   vcruntime:VCRUNTIME140.dll
 0001:0000faac       _memset                    10010aac f   vcruntime:VCRUNTIME140.dll
 0001:0000fab2       __except_handler4_common   10010ab2 f   vcruntime:VCRUNTIME140.dll
 0001:0000fab8       __initterm                 10010ab8 f   ucrt:api-ms-win-crt-runtime-l1-1-0.dll
 0001:0000fabe       __initterm_e               10010abe f   ucrt:api-ms-win-crt-runtime-l1-1-0.dll
 0001:0000fac4       __seh_filter_dll           10010ac4 f   ucrt:api-ms-win-crt-runtime-l1-1-0.dll
 0001:0000faca       __configure_narrow_argv    10010aca f   ucrt:api-ms-win-crt-runtime-l1-1-0.dll
 0001:0000fad0       __initialize_narrow_environment 10010ad0 f   ucrt:api-ms-win-crt-runtime-l1-1-0.dll
 0001:0000fad6       __initialize_onexit_table  10010ad6 f   ucrt:api-ms-win-crt-runtime-l1-1-0.dll
 0001:0000fadc       __execute_onexit_table     10010adc f   ucrt:api-ms-win-crt-runtime-l1-1-0.dll
 0001:0000fae2       __cexit                    10010ae2 f   ucrt:api-ms-win-crt-runtime-l1-1-0.dll
 0001:0000fae8       _IsProcessorFeaturePresent@4 10010ae8 f   kernel32:KERNEL32.dll
 0001:0000faee       ___scrt_stub_for_acrt_uninitialize_critical 10010aee f   MSVCRT:ucrt_stubs.obj
 0001:0000faee       ___scrt_stub_for_acrt_thread_detach 10010aee f   MSVCRT:ucrt_stubs.obj
 0001:0000faee       ___scrt_stub_for_acrt_thread_attach 10010aee f   MSVCRT:ucrt_stubs.obj
 0001:0000faee       ___acrt_initialize         10010aee f   MSVCRT:ucrt_stubs.obj
 0001:0000faee       ___acrt_thread_detach      10010aee f   MSVCRT:ucrt_stubs.obj
 0001:0000faee       ___acrt_uninitialize       10010aee f   MSVCRT:ucrt_stubs.obj
 0001:0000faee       ___acrt_thread_attach      10010aee f   MSVCRT:ucrt_stubs.obj
 0001:0000faee       ___scrt_stub_for_acrt_uninitialize 10010aee f   MSVCRT:ucrt_stubs.obj
 0001:0000faee       ___vcrt_thread_detach      10010aee f   MSVCRT:ucrt_stubs.obj
 0001:0000faee       ___vcrt_thread_attach      10010aee f   MSVCRT:ucrt_stubs.obj
 0001:0000faee       ___vcrt_uninitialize       10010aee f   MSVCRT:ucrt_stubs.obj
 0001:0000faee       ___vcrt_initialize         10010aee f   MSVCRT:ucrt_stubs.obj
 0001:0000faee       ___acrt_uninitialize_critical 10010aee f   MSVCRT:ucrt_stubs.obj
 0001:0000faee       ___scrt_stub_for_acrt_initialize 10010aee f   MSVCRT:ucrt_stubs.obj
 0001:0000faee       ___vcrt_uninitialize_critical 10010aee f   MSVCRT:ucrt_stubs.obj
 0002:00000000       __imp__HeapCreate@12       10011000     kernel32:KERNEL32.dll
 0002:00000004       __imp__HeapDestroy@4       10011004     kernel32:KERNEL32.dll
 0002:00000008       __imp__HeapAlloc@12        10011008     kernel32:KERNEL32.dll
 0002:0000000c       __imp__HeapFree@12         1001100c     kernel32:KERNEL32.dll
 0002:00000010       __imp__lstrcpyW@8          10011010     kernel32:KERNEL32.dll
 0002:00000014       __imp__lstrlenW@4          10011014     kernel32:KERNEL32.dll
 0002:00000018       __imp__lstrcatW@8          10011018     kernel32:KERNEL32.dll
 0002:0000001c       __imp__IsDebuggerPresent@0 1001101c     kernel32:KERNEL32.dll
 0002:00000020       __imp__InitializeSListHead@4 10011020     kernel32:KERNEL32.dll
 0002:00000024       __imp__GetSystemTimeAsFileTime@4 10011024     kernel32:KERNEL32.dll
 0002:00000028       __imp__GetCurrentThreadId@0 10011028     kernel32:KERNEL32.dll
 0002:0000002c       __imp__GetCurrentProcessId@0 1001102c     kernel32:KERNEL32.dll
 0002:00000030       __imp__QueryPerformanceCounter@4 10011030     kernel32:KERNEL32.dll
 0002:00000034       __imp__IsProcessorFeaturePresent@4 10011034     kernel32:KERNEL32.dll
 0002:00000038       __imp__TerminateProcess@8  10011038     kernel32:KERNEL32.dll
 0002:0000003c       __imp__GetCurrentProcess@0 1001103c     kernel32:KERNEL32.dll
 0002:00000040       __imp__SetUnhandledExceptionFilter@4 10011040     kernel32:KERNEL32.dll
 0002:00000044       __imp__UnhandledExceptionFilter@4 10011044     kernel32:KERNEL32.dll
 0002:00000048       \177KERNEL32_NULL_THUNK_DATA 10011048     kernel32:KERNEL32.dll
 0002:0000004c       __imp__memset              1001104c     vcruntime:VCRUNTIME140.dll
 0002:00000050       __imp___except_handler4_common 10011050     vcruntime:VCRUNTIME140.dll
 0002:00000054       __imp____std_type_info_destroy_list 10011054     vcruntime:VCRUNTIME140.dll
 0002:00000058       \177VCRUNTIME140_NULL_THUNK_DATA 10011058     vcruntime:VCRUNTIME140.dll
 0002:0000005c       __imp___execute_onexit_table 1001105c     ucrt:api-ms-win-crt-runtime-l1-1-0.dll
 0002:00000060       __imp___initialize_onexit_table 10011060     ucrt:api-ms-win-crt-runtime-l1-1-0.dll
 0002:00000064       __imp___cexit              10011064     ucrt:api-ms-win-crt-runtime-l1-1-0.dll
 0002:00000068       __imp___configure_narrow_argv 10011068     ucrt:api-ms-win-crt-runtime-l1-1-0.dll
 0002:0000006c       __imp___seh_filter_dll     1001106c     ucrt:api-ms-win-crt-runtime-l1-1-0.dll
 0002:00000070       __imp___initterm_e         10011070     ucrt:api-ms-win-crt-runtime-l1-1-0.dll
 0002:00000074       __imp___initterm           10011074     ucrt:api-ms-win-crt-runtime-l1-1-0.dll
 0002:00000078       __imp___initialize_narrow_environment 10011078     ucrt:api-ms-win-crt-runtime-l1-1-0.dll
 0002:0000007c       \177api-ms-win-crt-runtime-l1-1-0_NULL_THUNK_DATA 1001107c     ucrt:api-ms-win-crt-runtime-l1-1-0.dll
 0002:00000080       ___guard_check_icall_fptr  10011080     MSVCRT:guard_support.obj
 0002:00000084       ___xc_a                    10011084     MSVCRT:initializers.obj
 0002:00000088       ___xc_z                    10011088     MSVCRT:initializers.obj
 0002:0000008c       ___xi_a                    1001108c     MSVCRT:initializers.obj
 0002:00000090       ___xi_z                    10011090     MSVCRT:initializers.obj
 0002:00000094       ___xp_a                    10011094     MSVCRT:initializers.obj
 0002:00000098       ___xp_z                    10011098     MSVCRT:initializers.obj
 0002:0000009c       ___xt_a                    1001109c     MSVCRT:initializers.obj
 0002:000000a0       ___xt_z                    100110a0     MSVCRT:initializers.obj
 0002:000000b0       ??_C@_13HOIJIPNN@?$AA?5@   100110b0     pmc_tostring.obj
 0002:000000b4       ??_C@_13LLDNKHDC@?$AA?$CI@ 100110b4     pmc_tostring.obj
 0002:000000b8       ??_C@_13DIBMAFH@?$AA?$CJ@  100110b8     pmc_tostring.obj
 0002:000000bc       ??_C@_13JOFGPIOO@?$AA?4@   100110bc     pmc_tostring.obj
 0002:000000c0       ??_C@_13DEFPDAGF@?$AA?0@   100110c0     pmc_tostring.obj
 0002:000000c4       ??_C@_13DMCFHHKM@?$AA3@    100110c4     pmc_tostring.obj
 0002:000000c8       ??_C@_13BMLCKOLB@?$PP?$KE@ 100110c8     pmc_tostring.obj
 0002:000000cc       ??_C@_13IMODFHAA@?$AA?9@   100110cc     pmc_tostring.obj
 0002:000000d0       ??_C@_13EJFHHPOP@?$AA?$CF@ 100110d0     pmc_tostring.obj
 0002:000000d4       ??_C@_13BGNNJOKC@?$AA0@    100110d4     pmc_tostring.obj
 0002:000000d8       ??_C@_13KJIIAINM@?$AA?$CL@ 100110d8     pmc_tostring.obj
 0002:000000dc       __pRawDllMain              100110dc     MSVCRT:dll_dllmain.obj
 0002:000000dc       __pDefaultRawDllMain       100110dc     MSVCRT:dll_dllmain.obj
 0002:00000148       __load_config_used         10011148     MSVCRT:loadcfg.obj
 0002:000001f0       ___safe_se_handler_table   100111f0     <linker-defined>
 0002:000004b8       ___rtc_iaa                 100114b8     MSVCRT:initsect.obj
 0002:000004bc       ___rtc_izz                 100114bc     MSVCRT:initsect.obj
 0002:000004c0       ___rtc_taa                 100114c0     MSVCRT:initsect.obj
 0002:000004c4       ___rtc_tzz                 100114c4     MSVCRT:initsect.obj
 0002:000005c4       __IMPORT_DESCRIPTOR_KERNEL32 100115c4     kernel32:KERNEL32.dll
 0002:000005d8       __IMPORT_DESCRIPTOR_VCRUNTIME140 100115d8     vcruntime:VCRUNTIME140.dll
 0002:000005ec       __IMPORT_DESCRIPTOR_api-ms-win-crt-runtime-l1-1-0 100115ec     ucrt:api-ms-win-crt-runtime-l1-1-0.dll
 0002:00000600       __NULL_IMPORT_DESCRIPTOR   10011600     kernel32:KERNEL32.dll
 0003:00000050       ___security_cookie_complement 10012050     MSVCRT:gs_cookie.obj
 0003:00000054       ___security_cookie         10012054     MSVCRT:gs_cookie.obj
 0003:00000058       ___scrt_native_dllmain_reason 10012058     MSVCRT:utility.obj
 0003:00000060       ___isa_enabled             10012060     MSVCRT:cpu_disp.obj
 0003:00000064       ___scrt_ucrt_dll_is_in_use 10012064     MSVCRT:ucrt_stubs.obj
 0003:00000648       ?__type_info_root_node@@3U__type_info_node@@A 10012648     MSVCRT:tncleanup.obj
 0003:00000650       ?_OptionsStorage@?1??__local_stdio_printf_options@@9@4_KA 10012650     MSVCRT:default_local_stdio_options.obj
 0003:00000658       ?_OptionsStorage@?1??__local_stdio_scanf_options@@9@4_KA 10012658     MSVCRT:default_local_stdio_options.obj
 0003:00000660       ___scrt_current_native_startup_state 10012660     MSVCRT:utility.obj
 0003:00000664       ___scrt_native_startup_lock 10012664     MSVCRT:utility.obj
 0003:00000684       ___scrt_debugger_hook_flag 10012684     MSVCRT:utility_desktop.obj
 0003:00000688       ___isa_available           10012688     MSVCRT:cpu_disp.obj
 0003:0000068c       ___favor                   1001268c     MSVCRT:cpu_disp.obj
 0003:00000690       _statistics_info           10012690     <common>
 0003:000006a0       _configuration_info        100126a0     <common>
 0003:000006a4       _hLocalHeap                100126a4     <common>
 0003:000006c0       _number_one                100126c0     <common>
 0003:00000700       _number_zero               10012700     <common>
 0003:00000728       ___dyn_tls_init_callback   10012728     <common>

 entry point at        0001:0000f1e5

 Static symbols

 0000:fffeb000       .debug$S                   10000000     kernel32:KERNEL32.dll
 0000:fffeb000       .debug$S                   10000000     kernel32:KERNEL32.dll
 0000:fffeb000       .debug$S                   10000000     kernel32:KERNEL32.dll
 0000:fffeb000       .debug$S                   10000000     kernel32:KERNEL32.dll
 0000:fffeb000       .debug$S                   10000000     kernel32:KERNEL32.dll
 0000:fffeb000       .debug$S                   10000000     kernel32:KERNEL32.dll
 0000:fffeb000       .debug$S                   10000000     kernel32:KERNEL32.dll
 0000:fffeb000       .debug$S                   10000000     kernel32:KERNEL32.dll
 0000:fffeb000       .debug$S                   10000000     Palmtree.Math.Core.Uint.exp
 0000:fffeb000       .debug$S                   10000000     vcruntime:VCRUNTIME140.dll
 0000:fffeb000       .debug$S                   10000000     kernel32:KERNEL32.dll
 0000:fffeb000       .debug$S                   10000000     kernel32:KERNEL32.dll
 0000:fffeb000       .debug$S                   10000000     kernel32:KERNEL32.dll
 0000:fffeb000       .debug$S                   10000000     kernel32:KERNEL32.dll
 0000:fffeb000       .debug$S                   10000000     kernel32:KERNEL32.dll
 0000:fffeb000       .debug$S                   10000000     kernel32:KERNEL32.dll
 0000:fffeb000       .debug$S                   10000000     kernel32:KERNEL32.dll
 0000:fffeb000       .debug$S                   10000000     kernel32:KERNEL32.dll
 0000:fffeb000       .debug$S                   10000000     kernel32:KERNEL32.dll
 0000:fffeb000       .debug$S                   10000000     kernel32:KERNEL32.dll
 0000:fffeb000       .debug$S                   10000000     kernel32:KERNEL32.dll
 0000:fffeb000       .debug$S                   10000000     kernel32:KERNEL32.dll
 0000:fffeb000       .debug$S                   10000000     kernel32:KERNEL32.dll
 0000:fffeb000       .debug$S                   10000000     vcruntime:VCRUNTIME140.dll
 0000:fffeb000       .debug$S                   10000000     ucrt:api-ms-win-crt-runtime-l1-1-0.dll
 0000:fffeb000       .debug$S                   10000000     ucrt:api-ms-win-crt-runtime-l1-1-0.dll
 0000:fffeb000       .debug$S                   10000000     ucrt:api-ms-win-crt-runtime-l1-1-0.dll
 0000:fffeb000       .debug$S                   10000000     ucrt:api-ms-win-crt-runtime-l1-1-0.dll
 0000:fffeb000       .debug$S                   10000000     ucrt:api-ms-win-crt-runtime-l1-1-0.dll
 0000:fffeb000       .debug$S                   10000000     ucrt:api-ms-win-crt-runtime-l1-1-0.dll
 0000:fffeb000       .debug$S                   10000000     ucrt:api-ms-win-crt-runtime-l1-1-0.dll
 0000:fffeb000       .debug$S                   10000000     ucrt:api-ms-win-crt-runtime-l1-1-0.dll
 0000:fffeb000       .debug$S                   10000000     ucrt:api-ms-win-crt-runtime-l1-1-0.dll
 0000:fffeb000       .debug$S                   10000000     ucrt:api-ms-win-crt-runtime-l1-1-0.dll
 0000:fffeb000       .debug$S                   10000000     ucrt:api-ms-win-crt-runtime-l1-1-0.dll
 0000:fffeb000       .debug$S                   10000000     ucrt:api-ms-win-crt-runtime-l1-1-0.dll
 0000:fffeb000       .debug$S                   10000000     vcruntime:VCRUNTIME140.dll
 0001:00000158       $LN12                      10001158     dllmain.obj
 0001:00000230       _CalculateCheckCode        10001230 f   pmc_memory.obj
 0001:00000440       _ClearNumberHeader         10001440 f   pmc_memory.obj
 0001:00000750       _InitializeNumber          10001750 f   pmc_memory.obj
 0001:00000aa0       _Add_Imp_using_ADC         10001aa0 f   pmc_add.obj
 0001:00000d50       _Add_Imp_using_ADCX        10001d50 f   pmc_add.obj
 0001:00001090       _Add_X_1W                  10002090 f   pmc_add.obj
 0001:000010d0       _DoCarry                   100020d0 f   pmc_add.obj
 0001:00001230       _PMC_Add_X_I_Imp           10002230 f   pmc_add.obj
 0001:00001380       _PMC_Add_X_L_Imp           10002380 f   pmc_add.obj
 0001:000016b0       __ADD_16WORDS_ADC          100026b0 f   pmc_add.obj
 0001:000016b0       __ADD_16WORDS_ADC_DIV      100026b0 f   pmc_divrem.obj
 0001:00001760       __ADD_16WORDS_ADCX_DIV     10002760 f   pmc_divrem.obj
 0001:00001760       __ADD_16WORDS_ADCX         10002760 f   pmc_add.obj
 0001:00001840       _BitwiseAnd_X_X            10002840 f   pmc_bitwiseand.obj
 0001:00001d80       _BitwiseOr_X_1W            10002d80 f   pmc_bitwiseor.obj
 0001:00001db0       _BitwiseOr_X_X             10002db0 f   pmc_bitwiseor.obj
 0001:00002100       _PMC_BitwiseOr_X_I_Imp     10003100 f   pmc_bitwiseor.obj
 0001:00002210       _PMC_BitwiseOr_X_L_Imp     10003210 f   pmc_bitwiseor.obj
 0001:00002470       _CountActualBitsFromBuffer 10003470 f   pmc_bytes.obj
 0001:00002920       _PMC_Compare_X_I_Imp       10003920 f   pmc_compare.obj
 0001:000029d0       _PMC_Compare_X_L_Imp       100039d0 f   pmc_compare.obj
 0001:00002b50       _AddOneLine                10003b50 f   pmc_divrem.obj
 0001:00002dc0       _AddOneLineX               10003dc0 f   pmc_divrem.obj
 0001:00003970       _DivRem_X_X_using_ADC_MUL  10004970 f   pmc_divrem.obj
 0001:00003b30       _DivRem_X_X_using_ADX_MULX 10004b30 f   pmc_divrem.obj
 0001:00004f00       _SubtructOneLine           10005f00 f   pmc_divrem.obj
 0001:000058b0       _SubtructOneLineX          100068b0 f   pmc_divrem.obj
 0001:00006420       __LZCNT_ALT_32             10007420 f   pmc_multiply.obj
 0001:00006420       __LZCNT_ALT_32             10007420 f   pmc_subtruct.obj
 0001:00006420       __LZCNT_ALT_32             10007420 f   pmc_divrem.obj
 0001:00006440       _Equals_X_I_Imp            10007440 f   pmc_equals.obj
 0001:00006490       _Equals_X_L_Imp            10007490 f   pmc_equals.obj
 0001:000066f0       _ExclusiveOr_X_1W          100076f0 f   pmc_exclusiveor.obj
 0001:00006720       _ExclusiveOr_X_X           10007720 f   pmc_exclusiveor.obj
 0001:00006a70       _PMC_ExclusiveOr_X_I_Imp   10007a70 f   pmc_exclusiveor.obj
 0001:00006ba0       _PMC_ExclusiveOr_X_L_Imp   10007ba0 f   pmc_exclusiveor.obj
 0001:00007040       _GreatestCommonDivisor_Imp 10008040 f   pmc_greatestcommondivisor.obj
 0001:000071a0       _PMC_GreatestCommonDivisor_X_I_Imp 100081a0 f   pmc_greatestcommondivisor.obj
 0001:000073c0       _PMC_GreatestCommonDivisor_X_L_Imp 100083c0 f   pmc_greatestcommondivisor.obj
 0001:00007e90       _ModulePower               10008e90 f   pmc_modpow.obj
 0001:000084e0       _PMC_ModPow_X_X_X_Imp      100094e0 f   pmc_modpow.obj
 0001:000086c0       _Multiply_WORD_using_MULX_ADCX 100096c0 f   pmc_multiply.obj
 0001:00008f40       _Multiply_WORD_using_MUL_ADC 10009f40 f   pmc_multiply.obj
 0001:00009580       _Multiply_X_1W_using_MULX_ADCX 1000a580 f   pmc_multiply.obj
 0001:00009590       _Multiply_X_1W_using_MUL_ADC 1000a590 f   pmc_multiply.obj
 0001:000095a0       _Multiply_X_2W_using_MULX_ADCX 1000a5a0 f   pmc_multiply.obj
 0001:000095d0       _Multiply_X_2W_using_MUL_ADC 1000a5d0 f   pmc_multiply.obj
 0001:00009610       _Multiply_X_X_using_MULX_ADCX 1000a610 f   pmc_multiply.obj
 0001:00009670       _Multiply_X_X_using_MUL_ADC 1000a670 f   pmc_multiply.obj
 0001:000098a0       _PMC_Multiply_X_L_Imp      1000a8a0 f   pmc_multiply.obj
 0001:00009af0       _Build1WordFromDecimalString 1000aaf0 f   pmc_parse.obj
 0001:00009bf0       _Build1WordFromHexString   1000abf0 f   pmc_parse.obj
 0001:00009dc0       _InitializeParserState     1000adc0 f   pmc_parse.obj
 0001:00009f00       _MultiplyAndAdd_using_ADCX_MULX 1000af00 f   pmc_parse.obj
 0001:0000a5e0       _MultiplyAndAdd_using_ADC_MUL 1000b5e0 f   pmc_parse.obj
 0001:0000abd0       _PMC_TryParse_Imp          1000bbd0 f   pmc_parse.obj
 0001:0000ac30       _ParseAsDecimalNumberString 1000bc30 f   pmc_parse.obj
 0001:0000b210       _ParseAsFractionPartNumberSequence 1000c210 f   pmc_parse.obj
 0001:0000b290       _ParseAsIntegerPartNumberSequence 1000c290 f   pmc_parse.obj
 0001:0000b390       _ParseDecimalDigit         1000c390 f   pmc_parse.obj
 0001:0000b3b0       _ParseHexDigit             1000c3b0 f   pmc_parse.obj
 0001:0000b3f0       _StartsWith                1000c3f0 f   pmc_parse.obj
 0001:0000b430       _TryParseDN                1000c430 f   pmc_parse.obj
 0001:0000b7a0       _TryParseX                 1000c7a0 f   pmc_parse.obj
 0001:0000bb20       _PMC_Pow_X_I_Imp           1000cb20 f   pmc_pow.obj
 0001:0000c810       _DoBorrow                  1000d810 f   pmc_subtruct.obj
 0001:0000d100       _Subtruct_X_1W             1000e100 f   pmc_subtruct.obj
 0001:0000d140       __SUBTRUCT_16WORDS_SBB     1000e140 f   pmc_subtruct.obj
 0001:0000d2c0       _AppendDecimalNumberSequence 1000e2c0 f   pmc_tostring.obj
 0001:0000d780       $LN163                     1000e780     pmc_tostring.obj
 0001:0000d794       $LN156                     1000e794     pmc_tostring.obj
 0001:0000d7b8       $LN164                     1000e7b8     pmc_tostring.obj
 0001:0000d7d4       $LN157                     1000e7d4     pmc_tostring.obj
 0001:0000d800       _FinalizeDecimalNumberSequenceOutputStateOfFormatC 1000e800 f   pmc_tostring.obj
 0001:0000d880       _GetDigitCount             1000e880 f   pmc_tostring.obj
 0001:0000da00       _OutputDecimalNumberSequence 1000ea00 f   pmc_tostring.obj
 0001:0000dcb0       _OutputDecimalNumberSequenceOneDigit 1000ecb0 f   pmc_tostring.obj
 0001:0000dd40       _OutputHexNumberSequenceOneWord 1000ed40 f   pmc_tostring.obj
 0001:0000e010       _ToStringC                 1000f010 f   pmc_tostring.obj
 0001:0000e1a0       $LN65                      1000f1a0     pmc_tostring.obj
 0001:0000e1dc       $LN66                      1000f1dc     pmc_tostring.obj
 0001:0000e220       _ToStringD                 1000f220 f   pmc_tostring.obj
 0001:0000e270       _ToStringE                 1000f270 f   pmc_tostring.obj
 0001:0000e5c0       _ToStringP                 1000f5c0 f   pmc_tostring.obj
 0001:0000e750       $LN56                      1000f750     pmc_tostring.obj
 0001:0000e77c       $LN57                      1000f77c     pmc_tostring.obj
 0001:0000e7b0       _ToStringX                 1000f7b0 f   pmc_tostring.obj
 0001:0000e9e0       _ToString_Imp              1000f9e0 f   pmc_tostring.obj
 0001:0000ecb4       $LN106                     1000fcb4     pmc_tostring.obj
 0001:0000ecd8       $LN99                      1000fcd8     pmc_tostring.obj
 0001:0000ed10       $LN107                     1000fd10     pmc_tostring.obj
 0001:0000ed30       $$000000                   1000fd30     MSVCRT:ulldvrm.obj
 0001:0000ede0       $$000000                   1000fde0     MSVCRT:ulldiv.obj
 0001:0000ee50       $$000000                   1000fe50     MSVCRT:ullrem.obj
 0001:0000eec5       ?dllmain_crt_dispatch@@YGHQAUHINSTANCE__@@KQAX@Z 1000fec5 f   MSVCRT:dll_dllmain.obj
 0001:0000ef18       ?dllmain_crt_process_attach@@YAHQAUHINSTANCE__@@QAX@Z 1000ff18 f   MSVCRT:dll_dllmain.obj
 0001:0000f022       ?dllmain_crt_process_detach@@YAH_N@Z 10010022 f   MSVCRT:dll_dllmain.obj
 0001:0000f0b4       ?dllmain_dispatch@@YAHQAUHINSTANCE__@@KQAX@Z 100100b4 f   MSVCRT:dll_dllmain.obj
 0001:0000f1ba       ?dllmain_raw@@YGHQAUHINSTANCE__@@KQAX@Z 100101ba f   MSVCRT:dll_dllmain.obj
 0001:0000f329       ___get_entropy             10010329 f   MSVCRT:gs_support.obj
 0001:0000f402       ?find_pe_section@@YAPAU_IMAGE_SECTION_HEADER@@QAEI@Z 10010402 f   MSVCRT:utility.obj
 0001:0000f880       $$000000                   10010880     MSVCRT:sehprolg4.obj
 0002:000000e0       _GS_ExceptionPointers      100110e0     MSVCRT:gs_report.obj
 0002:000004c8       __sehtable$?dllmain_crt_process_attach@@YAHQAUHINSTANCE__@@QAX@Z 100114c8     MSVCRT:dll_dllmain.obj
 0002:000004e8       __sehtable$?dllmain_crt_process_detach@@YAH_N@Z 100114e8     MSVCRT:dll_dllmain.obj
 0002:00000508       __sehtable$?dllmain_dispatch@@YAHQAUHINSTANCE__@@KQAX@Z 10011508     MSVCRT:dll_dllmain.obj
 0002:00000528       __sehtable$___scrt_is_nonwritable_in_current_image 10011528     MSVCRT:utility.obj
 0002:00000550       .edata                     10011550     Palmtree.Math.Core.Uint.exp
 0002:00000578       rgpv                       10011578     Palmtree.Math.Core.Uint.exp
 0002:00000580       rgszName                   10011580     Palmtree.Math.Core.Uint.exp
 0002:00000588       rgwOrd                     10011588     Palmtree.Math.Core.Uint.exp
 0002:0000058c       szName                     1001158c     Palmtree.Math.Core.Uint.exp
 0002:000005a8       $N00001                    100115a8     Palmtree.Math.Core.Uint.exp
 0002:000005b0       $N00002                    100115b0     Palmtree.Math.Core.Uint.exp
 0002:000006ec       .idata$6                   100116ec     kernel32:KERNEL32.dll
 0002:0000073e       .idata$6                   1001173e     vcruntime:VCRUNTIME140.dll
 0002:000007f6       .idata$6                   100117f6     ucrt:api-ms-win-crt-runtime-l1-1-0.dll
 0003:00000000       _hexadecimal_lower_digits  10012000     pmc_tostring.obj
 0003:00000024       _hexadecimal_upper_digits  10012024     pmc_tostring.obj
 0003:00000080       _fp_Add_Imp                10012080     pmc_add.obj
 0003:00000084       _fp_DivRem_X_X             10012084     pmc_divrem.obj
 0003:00000088       _entry_points              10012088     pmc_initialize.obj
 0003:000001a4       _initialized               100121a4     pmc_initialize.obj
 0003:000001a8       _fp_Multiply_X_1W          100121a8     pmc_multiply.obj
 0003:000001ac       _fp_Multiply_X_2W          100121ac     pmc_multiply.obj
 0003:000001b0       _fp_Multiply_X_X           100121b0     pmc_multiply.obj
 0003:000001b8       _default_number_format_option 100121b8     pmc_parse.obj
 0003:00000268       _fp_MultiplyAndAdd         10012268     pmc_parse.obj
 0003:00000270       _default_number_format_option 10012270     pmc_tostring.obj
 0003:00000320       ?__proc_attached@@3HA      10012320     MSVCRT:dll_dllmain.obj
 0003:00000328       _GS_ExceptionRecord        10012328     MSVCRT:gs_report.obj
 0003:00000378       _GS_ContextRecord          10012378     MSVCRT:gs_report.obj
 0003:00000668       ?is_initialized_as_dll@@3_NA 10012668     MSVCRT:utility.obj
 0003:00000669       ?module_local_atexit_table_initialized@@3_NA 10012669     MSVCRT:utility.obj
 0003:0000066c       ?module_local_atexit_table@@3U_onexit_table_t@@A 1001266c     MSVCRT:utility.obj
 0003:00000678       ?module_local_at_quick_exit_table@@3U_onexit_table_t@@A 10012678     MSVCRT:utility.obj
 0004:000000a0       $R000000                   100130a0     Palmtree.Math.Core.Uint.res
 0004:000003c0       $R000320                   100133c0     Palmtree.Math.Core.Uint.res
