 Palmtree.Math.Core.Uint

 Timestamp is 5c5ee344 (Sat Feb  9 23:27:16 2019)

 Preferred load address is 10000000

 Start         Length     Name                   Class
 0001:00000000 0000e6d1H .text$mn                CODE
 0002:00000000 00000080H .idata$5                DATA
 0002:00000080 00000004H .00cfg                  DATA
 0002:00000084 00000004H .CRT$XCA                DATA
 0002:00000088 00000004H .CRT$XCZ                DATA
 0002:0000008c 00000004H .CRT$XIA                DATA
 0002:00000090 00000004H .CRT$XIZ                DATA
 0002:00000094 00000004H .CRT$XPA                DATA
 0002:00000098 00000004H .CRT$XPZ                DATA
 0002:0000009c 00000004H .CRT$XTA                DATA
 0002:000000a0 00000010H .CRT$XTZ                DATA
 0002:000000a4 00000000H .gfids$y                DATA
 0002:000000b0 00000120H .rdata                  DATA
 0002:000001d0 00000004H .rdata$sxdata           DATA
 0002:000001d4 000002c4H .rdata$zzzdbg           DATA
 0002:00000498 00000004H .rtc$IAA                DATA
 0002:0000049c 00000004H .rtc$IZZ                DATA
 0002:000004a0 00000004H .rtc$TAA                DATA
 0002:000004a4 00000004H .rtc$TZZ                DATA
 0002:000004a8 00000088H .xdata$x                DATA
 0002:00000530 00000074H .edata                  DATA
 0002:000005a4 0000003cH .idata$2                DATA
 0002:000005e0 00000014H .idata$3                DATA
 0002:000005f4 00000080H .idata$4                DATA
 0002:00000674 0000028cH .idata$6                DATA
 0003:00000000 00000080H .data                   DATA
 0003:00000080 0000058cH .bss                    DATA
 0004:00000000 000000a0H .rsrc$01                DATA
 0004:000000a0 000004a0H .rsrc$02                DATA

  Address         Publics by Value              Rva+Base       Lib:Object

 0000:00000000       ___guard_longjmp_table     00000000     <absolute>
 0000:00000000       ___guard_fids_table        00000000     <absolute>
 0000:00000000       ___hybrid_code_map         00000000     <absolute>
 0000:00000000       ___enclave_config          00000000     <absolute>
 0000:00000000       ___volatile_metadata       00000000     <absolute>
 0000:00000000       ___hybrid_code_map_count   00000000     <absolute>
 0000:00000000       ___guard_longjmp_count     00000000     <absolute>
 0000:00000000       ___guard_fids_count        00000000     <absolute>
 0000:00000000       ___dynamic_value_reloc_table 00000000     <absolute>
 0000:00000000       ___guard_iat_count         00000000     <absolute>
 0000:00000000       ___hybrid_auxiliary_iat    00000000     <absolute>
 0000:00000000       ___guard_iat_table         00000000     <absolute>
 0000:00000001       ___safe_se_handler_count   00000001     <absolute>
 0000:00000100       ___guard_flags             00000100     <absolute>
 0000:00000000       ___ImageBase               10000000     <linker-defined>
 0001:00000000       _GetCPUInfo                10001000 f   cpuid.obj
 0001:00000110       _DoDebug@4                 10001110 f   debug.obj
 0001:00000120       _DllMain@12                10001120 f   dllmain.obj
 0001:00000170       _AllocateBlock             10001170 f   pmc_memory.obj
 0001:000001c0       _AllocateHeapArea          100011c0 f   pmc_memory.obj
 0001:000001e0       _AllocateNumber            100011e0 f   pmc_memory.obj
 0001:00000400       _Initialize_Shift          10001400 f   pmc_shift.obj
 0001:00000400       _Initialize_From           10001400 f   pmc_from.obj
 0001:00000400       _Initialize_Subtruct       10001400 f   pmc_subtruct.obj
 0001:00000400       _Initialize_GreatestCommonDivisor 10001400 f   pmc_greatestcommondivisor.obj
 0001:00000400       _Initialize_BitwiseOr      10001400 f   pmc_bitwiseor.obj
 0001:00000400       _Initialize_Clone          10001400 f   pmc_clone.obj
 0001:00000400       _Initialize_BitwiseAnd     10001400 f   pmc_bitwiseand.obj
 0001:00000400       _Initialize_To             10001400 f   pmc_to.obj
 0001:00000400       _Initialize_ExclusiveOr    10001400 f   pmc_exclusiveor.obj
 0001:00000400       ___scrt_stub_for_is_c_termination_complete 10001400 f   MSVCRT:ucrt_stubs.obj
 0001:00000400       _CheckBlockLight           10001400 f   pmc_memory.obj
 0001:00000400       _Initialize_Compare        10001400 f   pmc_compare.obj
 0001:00000400       __is_c_termination_complete 10001400 f   MSVCRT:ucrt_stubs.obj
 0001:00000400       _Initialize_Equals         10001400 f   pmc_equals.obj
 0001:00000400       _Initialize_ModPow         10001400 f   pmc_modpow.obj
 0001:00000400       _Initialize_Pow            10001400 f   pmc_pow.obj
 0001:00000410       _CheckNumber               10001410 f   pmc_memory.obj
 0001:00000490       _CommitNumber              10001490 f   pmc_memory.obj
 0001:000005c0       _DeallocateBlock           100015c0 f   pmc_memory.obj
 0001:00000600       _DeallocateHeapArea        10001600 f   pmc_memory.obj
 0001:00000620       _DeallocateNumber          10001620 f   pmc_memory.obj
 0001:000006c0       _DuplicateNumber           100016c0 f   pmc_memory.obj
 0001:00000800       _Initialize_Memory         10001800 f   pmc_memory.obj
 0001:000009a0       _PMC_Dispose@4             100019a0 f   pmc_memory.obj
 0001:00000a60       _PMC_GetConstantValue_I@8  10001a60 f   pmc_memory.obj
 0001:00001150       _Initialize_Add            10002150 f   pmc_add.obj
 0001:00001170       _PMC_Add_I_X@12            10002170 f   pmc_add.obj
 0001:000011b0       _PMC_Add_L_X@16            100021b0 f   pmc_add.obj
 0001:000011f0       _PMC_Add_X_I@12            100021f0 f   pmc_add.obj
 0001:00001340       _PMC_Add_X_L@16            10002340 f   pmc_add.obj
 0001:00001570       _PMC_Add_X_X@12            10002570 f   pmc_add.obj
 0001:00001ad0       _PMC_BitwiseAnd_I_X@12     10002ad0 f   pmc_bitwiseand.obj
 0001:00001b20       _PMC_BitwiseAnd_L_X@16     10002b20 f   pmc_bitwiseand.obj
 0001:00001bb0       _PMC_BitwiseAnd_X_I@12     10002bb0 f   pmc_bitwiseand.obj
 0001:00001c00       _PMC_BitwiseAnd_X_L@16     10002c00 f   pmc_bitwiseand.obj
 0001:00001c90       _PMC_BitwiseAnd_X_X@12     10002c90 f   pmc_bitwiseand.obj
 0001:00002040       _PMC_BitwiseOr_I_X@12      10003040 f   pmc_bitwiseor.obj
 0001:00002080       _PMC_BitwiseOr_L_X@16      10003080 f   pmc_bitwiseor.obj
 0001:000020c0       _PMC_BitwiseOr_X_I@12      100030c0 f   pmc_bitwiseor.obj
 0001:000021d0       _PMC_BitwiseOr_X_L@16      100031d0 f   pmc_bitwiseor.obj
 0001:00002380       _PMC_BitwiseOr_X_X@12      10003380 f   pmc_bitwiseor.obj
 0001:000024b0       _PMC_FromByteArray@12      100034b0 f   pmc_bytes.obj
 0001:00002560       _PMC_FromByteArrayForSINT@16 10003560 f   pmc_bytes.obj
 0001:00002630       _PMC_ToByteArray@16        10003630 f   pmc_bytes.obj
 0001:000026c0       _PMC_ToByteArrayForSINT@20 100036c0 f   pmc_bytes.obj
 0001:00002780       _PMC_Clone_X@8             10003780 f   pmc_clone.obj
 0001:000027e0       _Compare_Imp               100037e0 f   pmc_compare.obj
 0001:00002830       _PMC_Compare_I_X@12        10003830 f   pmc_compare.obj
 0001:00002880       _PMC_Compare_L_X@16        10003880 f   pmc_compare.obj
 0001:000028d0       _PMC_Compare_X_I@12        100038d0 f   pmc_compare.obj
 0001:00002980       _PMC_Compare_X_L@16        10003980 f   pmc_compare.obj
 0001:00002a80       _PMC_Compare_X_X@12        10003a80 f   pmc_compare.obj
 0001:000030c0       _DivRem_X_1W               100040c0 f   pmc_divrem.obj
 0001:000038a0       _DivRem_X_X                100048a0 f   pmc_divrem.obj
 0001:00003cf0       _Initialize_DivRem         10004cf0 f   pmc_divrem.obj
 0001:00003d20       _PMC_DivRem_I_X@16         10004d20 f   pmc_divrem.obj
 0001:00003e10       _PMC_DivRem_L_X@20         10004e10 f   pmc_divrem.obj
 0001:00004110       _PMC_DivRem_X_I@16         10005110 f   pmc_divrem.obj
 0001:000042a0       _PMC_DivRem_X_L@20         100052a0 f   pmc_divrem.obj
 0001:00004640       _PMC_DivRem_X_X@16         10005640 f   pmc_divrem.obj
 0001:00004a90       _Rem_X_1W                  10005a90 f   pmc_divrem.obj
 0001:00006520       _PMC_Equals_I_X@12         10007520 f   pmc_equals.obj
 0001:00006560       _PMC_Equals_L_X@16         10007560 f   pmc_equals.obj
 0001:000065b0       _PMC_Equals_X_I@12         100075b0 f   pmc_equals.obj
 0001:000065f0       _PMC_Equals_X_L@16         100075f0 f   pmc_equals.obj
 0001:00006640       _PMC_Equals_X_X@12         10007640 f   pmc_equals.obj
 0001:000069b0       _PMC_ExclusiveOr_I_X@12    100079b0 f   pmc_exclusiveor.obj
 0001:000069f0       _PMC_ExclusiveOr_L_X@16    100079f0 f   pmc_exclusiveor.obj
 0001:00006a30       _PMC_ExclusiveOr_X_I@12    10007a30 f   pmc_exclusiveor.obj
 0001:00006b60       _PMC_ExclusiveOr_X_L@16    10007b60 f   pmc_exclusiveor.obj
 0001:00006d20       _PMC_ExclusiveOr_X_X@12    10007d20 f   pmc_exclusiveor.obj
 0001:00006e40       _From_I_Imp                10007e40 f   pmc_from.obj
 0001:00006e90       _From_L_Imp                10007e90 f   pmc_from.obj
 0001:00006f20       _PMC_From_I@8              10007f20 f   pmc_from.obj
 0001:00006f90       _PMC_From_L@12             10007f90 f   pmc_from.obj
 0001:000070e0       _PMC_GreatestCommonDivisor_I_X@12 100080e0 f   pmc_greatestcommondivisor.obj
 0001:00007120       _PMC_GreatestCommonDivisor_L_X@16 10008120 f   pmc_greatestcommondivisor.obj
 0001:00007160       _PMC_GreatestCommonDivisor_X_I@12 10008160 f   pmc_greatestcommondivisor.obj
 0001:00007380       _PMC_GreatestCommonDivisor_X_L@16 10008380 f   pmc_greatestcommondivisor.obj
 0001:00007780       _PMC_GreatestCommonDivisor_X_X@12 10008780 f   pmc_greatestcommondivisor.obj
 0001:000079d0       _PMC_UINT_Initialize@4     100089d0 f   pmc_initialize.obj
 0001:00008460       _PMC_ModPow_X_X_X@16       10009460 f   pmc_modpow.obj
 0001:00008660       _Initialize_Multiply       10009660 f   pmc_multiply.obj
 0001:000095f0       _Multiply_X_X_Imp          1000a5f0 f   pmc_multiply.obj
 0001:000096c0       _PMC_Multiply_I_X@12       1000a6c0 f   pmc_multiply.obj
 0001:00009700       _PMC_Multiply_L_X@16       1000a700 f   pmc_multiply.obj
 0001:00009740       _PMC_Multiply_X_I@12       1000a740 f   pmc_multiply.obj
 0001:00009850       _PMC_Multiply_X_L@16       1000a850 f   pmc_multiply.obj
 0001:000099c0       _PMC_Multiply_X_X@12       1000a9c0 f   pmc_multiply.obj
 0001:00009dd0       _Initialize_Parse          1000add0 f   pmc_parse.obj
 0001:0000aa60       _PMC_TryParse@16           1000ba60 f   pmc_parse.obj
 0001:0000b600       _PMC_Pow_X_I@12            1000c600 f   pmc_pow.obj
 0001:0000b880       _LeftShift_Imp             1000c880 f   pmc_shift.obj
 0001:0000b880       _LeftShift_Imp_DIV         1000c880 f   pmc_shift.obj
 0001:0000be90       _PMC_LeftShift_X_I@12      1000ce90 f   pmc_shift.obj
 0001:0000bf50       _PMC_RightShift_X_I@12     1000cf50 f   pmc_shift.obj
 0001:0000c030       _RightShift_Imp            1000d030 f   pmc_shift.obj
 0001:0000c030       _RightShift_Imp_DIV        1000d030 f   pmc_shift.obj
 0001:0000c300       _PMC_GetStatisticsInfo@4   1000d300 f   pmc_statistics.obj
 0001:0000c390       _PMC_Subtruct_I_X@12       1000d390 f   pmc_subtruct.obj
 0001:0000c410       _PMC_Subtruct_L_X@16       1000d410 f   pmc_subtruct.obj
 0001:0000c510       _PMC_Subtruct_X_I@12       1000d510 f   pmc_subtruct.obj
 0001:0000c640       _PMC_Subtruct_X_L@16       1000d640 f   pmc_subtruct.obj
 0001:0000c860       _PMC_Subtruct_X_X@12       1000d860 f   pmc_subtruct.obj
 0001:0000c990       _Subtruct_Imp              1000d990 f   pmc_subtruct.obj
 0001:0000cd10       _PMC_To_X_I@8              1000dd10 f   pmc_to.obj
 0001:0000cd60       _PMC_To_X_L@8              1000dd60 f   pmc_to.obj
 0001:0000cde0       _Initialize_ToString       1000dde0 f   pmc_tostring.obj
 0001:0000cee0       _PMC_ToString@24           1000dee0 f   pmc_tostring.obj
 0001:0000d908       @__security_check_cookie@4 1000e908 f   MSVCRT:secchk.obj
 0001:0000d920       __aulldiv                  1000e920 f   MSVCRT:ulldiv.obj
 0001:0000d990       __aulldvrm                 1000e990 f   MSVCRT:ulldvrm.obj
 0001:0000da30       __aullrem                  1000ea30 f   MSVCRT:ullrem.obj
 0001:0000ddc5       __DllMainCRTStartup@12     1000edc5 f   MSVCRT:dll_dllmain.obj
 0001:0000dde8       ___raise_securityfailure   1000ede8 f   MSVCRT:gs_report.obj
 0001:0000de10       ___report_gsfailure        1000ee10 f   MSVCRT:gs_report.obj
 0001:0000df56       ___security_init_cookie    1000ef56 f   MSVCRT:gs_support.obj
 0001:0000dfa1       ?__scrt_initialize_type_info@@YAXXZ 1000efa1 f   MSVCRT:tncleanup.obj
 0001:0000dfad       ?__scrt_uninitialize_type_info@@YAXXZ 1000efad f   MSVCRT:tncleanup.obj
 0001:0000dfb9       ___local_stdio_printf_options 1000efb9 f i MSVCRT:default_local_stdio_options.obj
 0001:0000dfbf       ___local_stdio_scanf_options 1000efbf f i MSVCRT:default_local_stdio_options.obj
 0001:0000dfc5       ___scrt_initialize_default_local_stdio_options 1000efc5 f   MSVCRT:default_local_stdio_options.obj
 0001:0000e026       ___scrt_acquire_startup_lock 1000f026 f   MSVCRT:utility.obj
 0001:0000e058       ___scrt_dllmain_after_initialize_c 1000f058 f   MSVCRT:utility.obj
 0001:0000e083       ___scrt_dllmain_before_initialize_c 1000f083 f   MSVCRT:utility.obj
 0001:0000e091       ___scrt_dllmain_crt_thread_attach 1000f091 f   MSVCRT:utility.obj
 0001:0000e0b0       ___scrt_dllmain_crt_thread_detach 1000f0b0 f   MSVCRT:utility.obj
 0001:0000e0bd       ___scrt_dllmain_exception_filter 1000f0bd f   MSVCRT:utility.obj
 0001:0000e0f1       ___scrt_dllmain_uninitialize_c 1000f0f1 f   MSVCRT:utility.obj
 0001:0000e114       ___scrt_dllmain_uninitialize_critical 1000f114 f   MSVCRT:utility.obj
 0001:0000e121       ___scrt_initialize_crt     1000f121 f   MSVCRT:utility.obj
 0001:0000e15a       ___scrt_initialize_onexit_tables 1000f15a f   MSVCRT:utility.obj
 0001:0000e1ff       ___scrt_is_nonwritable_in_current_image 1000f1ff f   MSVCRT:utility.obj
 0001:0000e293       ___scrt_release_startup_lock 1000f293 f   MSVCRT:utility.obj
 0001:0000e2b0       ___scrt_uninitialize_crt   1000f2b0 f   MSVCRT:utility.obj
 0001:0000e2d8       ___scrt_get_dyn_tls_init_callback 1000f2d8 f   MSVCRT:dyn_tls_init.obj
 0001:0000e2de       ___scrt_fastfail           1000f2de f   MSVCRT:utility_desktop.obj
 0001:0000e3f8       __crt_debugger_hook        1000f3f8 f   MSVCRT:utility_desktop.obj
 0001:0000e400       __RTC_Initialize           1000f400 f   MSVCRT:initsect.obj
 0001:0000e42c       __RTC_Terminate            1000f42c f   MSVCRT:initsect.obj
 0001:0000e460       __SEH_prolog4              1000f460 f   MSVCRT:sehprolg4.obj
 0001:0000e4a6       __SEH_epilog4              1000f4a6 f   MSVCRT:sehprolg4.obj
 0001:0000e4bb       __except_handler4          1000f4bb f   MSVCRT:chandler4gs.obj
 0001:0000e4de       @_guard_check_icall_nop@4  1000f4de f i MSVCRT:guard_support.obj
 0001:0000e4df       ___isa_available_init      1000f4df f   MSVCRT:cpu_disp.obj
 0001:0000e676       __get_startup_argv_mode    1000f676 f   MSVCRT:argv_mode.obj
 0001:0000e67a       ___scrt_is_ucrt_dll_in_use 1000f67a f   MSVCRT:ucrt_detection.obj
 0001:0000e686       ___std_type_info_destroy_list 1000f686 f   vcruntime:VCRUNTIME140.dll
 0001:0000e68c       _memset                    1000f68c f   vcruntime:VCRUNTIME140.dll
 0001:0000e692       __except_handler4_common   1000f692 f   vcruntime:VCRUNTIME140.dll
 0001:0000e698       __initterm                 1000f698 f   ucrt:api-ms-win-crt-runtime-l1-1-0.dll
 0001:0000e69e       __initterm_e               1000f69e f   ucrt:api-ms-win-crt-runtime-l1-1-0.dll
 0001:0000e6a4       __seh_filter_dll           1000f6a4 f   ucrt:api-ms-win-crt-runtime-l1-1-0.dll
 0001:0000e6aa       __configure_narrow_argv    1000f6aa f   ucrt:api-ms-win-crt-runtime-l1-1-0.dll
 0001:0000e6b0       __initialize_narrow_environment 1000f6b0 f   ucrt:api-ms-win-crt-runtime-l1-1-0.dll
 0001:0000e6b6       __initialize_onexit_table  1000f6b6 f   ucrt:api-ms-win-crt-runtime-l1-1-0.dll
 0001:0000e6bc       __execute_onexit_table     1000f6bc f   ucrt:api-ms-win-crt-runtime-l1-1-0.dll
 0001:0000e6c2       __cexit                    1000f6c2 f   ucrt:api-ms-win-crt-runtime-l1-1-0.dll
 0001:0000e6c8       _IsProcessorFeaturePresent@4 1000f6c8 f   kernel32:KERNEL32.dll
 0001:0000e6ce       ___scrt_stub_for_acrt_uninitialize_critical 1000f6ce f   MSVCRT:ucrt_stubs.obj
 0001:0000e6ce       ___vcrt_initialize         1000f6ce f   MSVCRT:ucrt_stubs.obj
 0001:0000e6ce       ___vcrt_uninitialize       1000f6ce f   MSVCRT:ucrt_stubs.obj
 0001:0000e6ce       ___acrt_uninitialize       1000f6ce f   MSVCRT:ucrt_stubs.obj
 0001:0000e6ce       ___vcrt_uninitialize_critical 1000f6ce f   MSVCRT:ucrt_stubs.obj
 0001:0000e6ce       ___vcrt_thread_attach      1000f6ce f   MSVCRT:ucrt_stubs.obj
 0001:0000e6ce       ___scrt_stub_for_acrt_initialize 1000f6ce f   MSVCRT:ucrt_stubs.obj
 0001:0000e6ce       ___scrt_stub_for_acrt_thread_attach 1000f6ce f   MSVCRT:ucrt_stubs.obj
 0001:0000e6ce       ___acrt_thread_attach      1000f6ce f   MSVCRT:ucrt_stubs.obj
 0001:0000e6ce       ___scrt_stub_for_acrt_uninitialize 1000f6ce f   MSVCRT:ucrt_stubs.obj
 0001:0000e6ce       ___vcrt_thread_detach      1000f6ce f   MSVCRT:ucrt_stubs.obj
 0001:0000e6ce       ___acrt_initialize         1000f6ce f   MSVCRT:ucrt_stubs.obj
 0001:0000e6ce       ___acrt_thread_detach      1000f6ce f   MSVCRT:ucrt_stubs.obj
 0001:0000e6ce       ___scrt_stub_for_acrt_thread_detach 1000f6ce f   MSVCRT:ucrt_stubs.obj
 0001:0000e6ce       ___acrt_uninitialize_critical 1000f6ce f   MSVCRT:ucrt_stubs.obj
 0002:00000000       __imp__HeapCreate@12       10010000     kernel32:KERNEL32.dll
 0002:00000004       __imp__HeapDestroy@4       10010004     kernel32:KERNEL32.dll
 0002:00000008       __imp__HeapAlloc@12        10010008     kernel32:KERNEL32.dll
 0002:0000000c       __imp__HeapFree@12         1001000c     kernel32:KERNEL32.dll
 0002:00000010       __imp__lstrcpyA@8          10010010     kernel32:KERNEL32.dll
 0002:00000014       __imp__lstrcpyW@8          10010014     kernel32:KERNEL32.dll
 0002:00000018       __imp__lstrlenW@4          10010018     kernel32:KERNEL32.dll
 0002:0000001c       __imp__IsDebuggerPresent@0 1001001c     kernel32:KERNEL32.dll
 0002:00000020       __imp__InitializeSListHead@4 10010020     kernel32:KERNEL32.dll
 0002:00000024       __imp__GetSystemTimeAsFileTime@4 10010024     kernel32:KERNEL32.dll
 0002:00000028       __imp__GetCurrentThreadId@0 10010028     kernel32:KERNEL32.dll
 0002:0000002c       __imp__GetCurrentProcessId@0 1001002c     kernel32:KERNEL32.dll
 0002:00000030       __imp__QueryPerformanceCounter@4 10010030     kernel32:KERNEL32.dll
 0002:00000034       __imp__IsProcessorFeaturePresent@4 10010034     kernel32:KERNEL32.dll
 0002:00000038       __imp__TerminateProcess@8  10010038     kernel32:KERNEL32.dll
 0002:0000003c       __imp__GetCurrentProcess@0 1001003c     kernel32:KERNEL32.dll
 0002:00000040       __imp__SetUnhandledExceptionFilter@4 10010040     kernel32:KERNEL32.dll
 0002:00000044       __imp__UnhandledExceptionFilter@4 10010044     kernel32:KERNEL32.dll
 0002:00000048       \177KERNEL32_NULL_THUNK_DATA 10010048     kernel32:KERNEL32.dll
 0002:0000004c       __imp__memset              1001004c     vcruntime:VCRUNTIME140.dll
 0002:00000050       __imp___except_handler4_common 10010050     vcruntime:VCRUNTIME140.dll
 0002:00000054       __imp____std_type_info_destroy_list 10010054     vcruntime:VCRUNTIME140.dll
 0002:00000058       \177VCRUNTIME140_NULL_THUNK_DATA 10010058     vcruntime:VCRUNTIME140.dll
 0002:0000005c       __imp___initialize_onexit_table 1001005c     ucrt:api-ms-win-crt-runtime-l1-1-0.dll
 0002:00000060       __imp___cexit              10010060     ucrt:api-ms-win-crt-runtime-l1-1-0.dll
 0002:00000064       __imp___configure_narrow_argv 10010064     ucrt:api-ms-win-crt-runtime-l1-1-0.dll
 0002:00000068       __imp___seh_filter_dll     10010068     ucrt:api-ms-win-crt-runtime-l1-1-0.dll
 0002:0000006c       __imp___initterm_e         1001006c     ucrt:api-ms-win-crt-runtime-l1-1-0.dll
 0002:00000070       __imp___initterm           10010070     ucrt:api-ms-win-crt-runtime-l1-1-0.dll
 0002:00000074       __imp___initialize_narrow_environment 10010074     ucrt:api-ms-win-crt-runtime-l1-1-0.dll
 0002:00000078       __imp___execute_onexit_table 10010078     ucrt:api-ms-win-crt-runtime-l1-1-0.dll
 0002:0000007c       \177api-ms-win-crt-runtime-l1-1-0_NULL_THUNK_DATA 1001007c     ucrt:api-ms-win-crt-runtime-l1-1-0.dll
 0002:00000080       ___guard_check_icall_fptr  10010080     MSVCRT:guard_support.obj
 0002:00000084       ___xc_a                    10010084     MSVCRT:initializers.obj
 0002:00000088       ___xc_z                    10010088     MSVCRT:initializers.obj
 0002:0000008c       ___xi_a                    1001008c     MSVCRT:initializers.obj
 0002:00000090       ___xi_z                    10010090     MSVCRT:initializers.obj
 0002:00000094       ___xp_a                    10010094     MSVCRT:initializers.obj
 0002:00000098       ___xp_z                    10010098     MSVCRT:initializers.obj
 0002:0000009c       ___xt_a                    1001009c     MSVCRT:initializers.obj
 0002:000000a0       ___xt_z                    100100a0     MSVCRT:initializers.obj
 0002:000000b0       ??_C@_13DEFPDAGF@?$AA?0@   100100b0     pmc_parse.obj
 0002:000000b4       ??_C@_13JOFGPIOO@?$AA?4@   100100b4     pmc_parse.obj
 0002:000000b8       ??_C@_01EKENIIDA@3@        100100b8     pmc_parse.obj
 0002:000000bc       ??_C@_13KJIIAINM@?$AA?$CL@ 100100bc     pmc_parse.obj
 0002:000000c0       ??_C@_13IMODFHAA@?$AA?9@   100100c0     pmc_parse.obj
 0002:000000c4       __pRawDllMain              100100c4     MSVCRT:dll_dllmain.obj
 0002:000000c4       __pDefaultRawDllMain       100100c4     MSVCRT:dll_dllmain.obj
 0002:00000128       __load_config_used         10010128     MSVCRT:loadcfg.obj
 0002:000001d0       ___safe_se_handler_table   100101d0     <linker-defined>
 0002:00000498       ___rtc_iaa                 10010498     MSVCRT:initsect.obj
 0002:0000049c       ___rtc_izz                 1001049c     MSVCRT:initsect.obj
 0002:000004a0       ___rtc_taa                 100104a0     MSVCRT:initsect.obj
 0002:000004a4       ___rtc_tzz                 100104a4     MSVCRT:initsect.obj
 0002:000005a4       __IMPORT_DESCRIPTOR_KERNEL32 100105a4     kernel32:KERNEL32.dll
 0002:000005b8       __IMPORT_DESCRIPTOR_VCRUNTIME140 100105b8     vcruntime:VCRUNTIME140.dll
 0002:000005cc       __IMPORT_DESCRIPTOR_api-ms-win-crt-runtime-l1-1-0 100105cc     ucrt:api-ms-win-crt-runtime-l1-1-0.dll
 0002:000005e0       __NULL_IMPORT_DESCRIPTOR   100105e0     kernel32:KERNEL32.dll
 0003:00000060       ___security_cookie_complement 10011060     MSVCRT:gs_cookie.obj
 0003:00000064       ___security_cookie         10011064     MSVCRT:gs_cookie.obj
 0003:00000068       ___scrt_native_dllmain_reason 10011068     MSVCRT:utility.obj
 0003:00000070       ___isa_enabled             10011070     MSVCRT:cpu_disp.obj
 0003:00000074       ___scrt_ucrt_dll_is_in_use 10011074     MSVCRT:ucrt_stubs.obj
 0003:00000528       ?__type_info_root_node@@3U__type_info_node@@A 10011528     MSVCRT:tncleanup.obj
 0003:00000530       ?_OptionsStorage@?1??__local_stdio_printf_options@@9@4_KA 10011530     MSVCRT:default_local_stdio_options.obj
 0003:00000538       ?_OptionsStorage@?1??__local_stdio_scanf_options@@9@4_KA 10011538     MSVCRT:default_local_stdio_options.obj
 0003:00000540       ___scrt_current_native_startup_state 10011540     MSVCRT:utility.obj
 0003:00000544       ___scrt_native_startup_lock 10011544     MSVCRT:utility.obj
 0003:00000564       ___scrt_debugger_hook_flag 10011564     MSVCRT:utility_desktop.obj
 0003:00000568       ___isa_available           10011568     MSVCRT:cpu_disp.obj
 0003:0000056c       ___favor                   1001156c     MSVCRT:cpu_disp.obj
 0003:00000570       _statistics_info           10011570     <common>
 0003:00000580       _configuration_info        10011580     <common>
 0003:00000584       _hLocalHeap                10011584     <common>
 0003:000005a0       _number_one                100115a0     <common>
 0003:000005e0       _number_zero               100115e0     <common>
 0003:00000608       ___dyn_tls_init_callback   10011608     <common>

 entry point at        0001:0000ddc5

 Static symbols

 0000:fffec000       .debug$S                   10000000     ucrt:api-ms-win-crt-runtime-l1-1-0.dll
 0000:fffec000       .debug$S                   10000000     kernel32:KERNEL32.dll
 0000:fffec000       .debug$S                   10000000     kernel32:KERNEL32.dll
 0000:fffec000       .debug$S                   10000000     kernel32:KERNEL32.dll
 0000:fffec000       .debug$S                   10000000     kernel32:KERNEL32.dll
 0000:fffec000       .debug$S                   10000000     kernel32:KERNEL32.dll
 0000:fffec000       .debug$S                   10000000     kernel32:KERNEL32.dll
 0000:fffec000       .debug$S                   10000000     vcruntime:VCRUNTIME140.dll
 0000:fffec000       .debug$S                   10000000     Palmtree.Math.Core.Uint.exp
 0000:fffec000       .debug$S                   10000000     vcruntime:VCRUNTIME140.dll
 0000:fffec000       .debug$S                   10000000     kernel32:KERNEL32.dll
 0000:fffec000       .debug$S                   10000000     kernel32:KERNEL32.dll
 0000:fffec000       .debug$S                   10000000     kernel32:KERNEL32.dll
 0000:fffec000       .debug$S                   10000000     kernel32:KERNEL32.dll
 0000:fffec000       .debug$S                   10000000     kernel32:KERNEL32.dll
 0000:fffec000       .debug$S                   10000000     kernel32:KERNEL32.dll
 0000:fffec000       .debug$S                   10000000     kernel32:KERNEL32.dll
 0000:fffec000       .debug$S                   10000000     kernel32:KERNEL32.dll
 0000:fffec000       .debug$S                   10000000     kernel32:KERNEL32.dll
 0000:fffec000       .debug$S                   10000000     kernel32:KERNEL32.dll
 0000:fffec000       .debug$S                   10000000     kernel32:KERNEL32.dll
 0000:fffec000       .debug$S                   10000000     kernel32:KERNEL32.dll
 0000:fffec000       .debug$S                   10000000     kernel32:KERNEL32.dll
 0000:fffec000       .debug$S                   10000000     vcruntime:VCRUNTIME140.dll
 0000:fffec000       .debug$S                   10000000     ucrt:api-ms-win-crt-runtime-l1-1-0.dll
 0000:fffec000       .debug$S                   10000000     ucrt:api-ms-win-crt-runtime-l1-1-0.dll
 0000:fffec000       .debug$S                   10000000     ucrt:api-ms-win-crt-runtime-l1-1-0.dll
 0000:fffec000       .debug$S                   10000000     ucrt:api-ms-win-crt-runtime-l1-1-0.dll
 0000:fffec000       .debug$S                   10000000     ucrt:api-ms-win-crt-runtime-l1-1-0.dll
 0000:fffec000       .debug$S                   10000000     kernel32:KERNEL32.dll
 0000:fffec000       .debug$S                   10000000     ucrt:api-ms-win-crt-runtime-l1-1-0.dll
 0000:fffec000       .debug$S                   10000000     ucrt:api-ms-win-crt-runtime-l1-1-0.dll
 0000:fffec000       .debug$S                   10000000     ucrt:api-ms-win-crt-runtime-l1-1-0.dll
 0000:fffec000       .debug$S                   10000000     ucrt:api-ms-win-crt-runtime-l1-1-0.dll
 0000:fffec000       .debug$S                   10000000     ucrt:api-ms-win-crt-runtime-l1-1-0.dll
 0000:fffec000       .debug$S                   10000000     ucrt:api-ms-win-crt-runtime-l1-1-0.dll
 0001:00000158       $LN12                      10001158     dllmain.obj
 0001:00000230       _CalculateCheckCode        10001230 f   pmc_memory.obj
 0001:00000440       _ClearNumberHeader         10001440 f   pmc_memory.obj
 0001:00000750       _InitializeNumber          10001750 f   pmc_memory.obj
 0001:00000aa0       _Add_Imp_using_ADC         10001aa0 f   pmc_add.obj
 0001:00000d50       _Add_Imp_using_ADCX        10001d50 f   pmc_add.obj
 0001:00001090       _Add_X_1W                  10002090 f   pmc_add.obj
 0001:000010d0       _DoCarry                   100020d0 f   pmc_add.obj
 0001:00001230       _PMC_Add_X_I_Imp           10002230 f   pmc_add.obj
 0001:00001380       _PMC_Add_X_L_Imp           10002380 f   pmc_add.obj
 0001:000016b0       __ADD_16WORDS_ADC          100026b0 f   pmc_add.obj
 0001:000016b0       __ADD_16WORDS_ADC_DIV      100026b0 f   pmc_divrem.obj
 0001:00001760       __ADD_16WORDS_ADCX_DIV     10002760 f   pmc_divrem.obj
 0001:00001760       __ADD_16WORDS_ADCX         10002760 f   pmc_add.obj
 0001:00001840       _BitwiseAnd_X_X            10002840 f   pmc_bitwiseand.obj
 0001:00001d80       _BitwiseOr_X_1W            10002d80 f   pmc_bitwiseor.obj
 0001:00001db0       _BitwiseOr_X_X             10002db0 f   pmc_bitwiseor.obj
 0001:00002100       _PMC_BitwiseOr_X_I_Imp     10003100 f   pmc_bitwiseor.obj
 0001:00002210       _PMC_BitwiseOr_X_L_Imp     10003210 f   pmc_bitwiseor.obj
 0001:00002470       _CountActualBitsFromBuffer 10003470 f   pmc_bytes.obj
 0001:00002920       _PMC_Compare_X_I_Imp       10003920 f   pmc_compare.obj
 0001:000029d0       _PMC_Compare_X_L_Imp       100039d0 f   pmc_compare.obj
 0001:00002b50       _AddOneLine                10003b50 f   pmc_divrem.obj
 0001:00002dc0       _AddOneLineX               10003dc0 f   pmc_divrem.obj
 0001:00003970       _DivRem_X_X_using_ADC_MUL  10004970 f   pmc_divrem.obj
 0001:00003b30       _DivRem_X_X_using_ADX_MULX 10004b30 f   pmc_divrem.obj
 0001:00004f00       _SubtructOneLine           10005f00 f   pmc_divrem.obj
 0001:000058b0       _SubtructOneLineX          100068b0 f   pmc_divrem.obj
 0001:00006420       __LZCNT_ALT_32             10007420 f   pmc_multiply.obj
 0001:00006420       __LZCNT_ALT_32             10007420 f   pmc_divrem.obj
 0001:00006420       __LZCNT_ALT_32             10007420 f   pmc_subtruct.obj
 0001:00006440       _Equals_X_I_Imp            10007440 f   pmc_equals.obj
 0001:00006490       _Equals_X_L_Imp            10007490 f   pmc_equals.obj
 0001:000066f0       _ExclusiveOr_X_1W          100076f0 f   pmc_exclusiveor.obj
 0001:00006720       _ExclusiveOr_X_X           10007720 f   pmc_exclusiveor.obj
 0001:00006a70       _PMC_ExclusiveOr_X_I_Imp   10007a70 f   pmc_exclusiveor.obj
 0001:00006ba0       _PMC_ExclusiveOr_X_L_Imp   10007ba0 f   pmc_exclusiveor.obj
 0001:00007040       _GreatestCommonDivisor_Imp 10008040 f   pmc_greatestcommondivisor.obj
 0001:000071a0       _PMC_GreatestCommonDivisor_X_I_Imp 100081a0 f   pmc_greatestcommondivisor.obj
 0001:000073c0       _PMC_GreatestCommonDivisor_X_L_Imp 100083c0 f   pmc_greatestcommondivisor.obj
 0001:00007e80       _ModulePower               10008e80 f   pmc_modpow.obj
 0001:000084d0       _PMC_ModPow_X_X_X_Imp      100094d0 f   pmc_modpow.obj
 0001:000086b0       _Multiply_WORD_using_MULX_ADCX 100096b0 f   pmc_multiply.obj
 0001:00008f30       _Multiply_WORD_using_MUL_ADC 10009f30 f   pmc_multiply.obj
 0001:00009570       _Multiply_X_1W_using_MULX_ADCX 1000a570 f   pmc_multiply.obj
 0001:00009580       _Multiply_X_1W_using_MUL_ADC 1000a580 f   pmc_multiply.obj
 0001:00009590       _Multiply_X_2W_using_MULX_ADCX 1000a590 f   pmc_multiply.obj
 0001:000095c0       _Multiply_X_2W_using_MUL_ADC 1000a5c0 f   pmc_multiply.obj
 0001:00009600       _Multiply_X_X_using_MULX_ADCX 1000a600 f   pmc_multiply.obj
 0001:00009660       _Multiply_X_X_using_MUL_ADC 1000a660 f   pmc_multiply.obj
 0001:00009780       _PMC_Multiply_X_I_Imp      1000a780 f   pmc_multiply.obj
 0001:00009890       _PMC_Multiply_X_L_Imp      1000a890 f   pmc_multiply.obj
 0001:00009ae0       _BuildBinaryFromHexString  1000aae0 f   pmc_parse.obj
 0001:00009c7c       $LN45                      1000ac7c     pmc_parse.obj
 0001:00009c8c       $LN42                      1000ac8c     pmc_parse.obj
 0001:00009cc4       $LN46                      1000acc4     pmc_parse.obj
 0001:00009cd4       $LN43                      1000acd4     pmc_parse.obj
 0001:00009d10       _InitializeParserState     1000ad10 f   pmc_parse.obj
 0001:00009e50       _MultiplyAndAdd_using_ADCX_MULX 1000ae50 f   pmc_parse.obj
 0001:0000a530       _MultiplyAndAdd_using_ADC_MUL 1000b530 f   pmc_parse.obj
 0001:0000aae0       _Parse1DigitFromHexChar    1000bae0 f   pmc_parse.obj
 0001:0000ab0c       $LN11                      1000bb0c     pmc_parse.obj
 0001:0000ab1c       $LN9                       1000bb1c     pmc_parse.obj
 0001:0000ab60       _ParseAsDecimalNumberString 1000bb60 f   pmc_parse.obj
 0001:0000ae80       _ParseAsFractionPartNumberSequence 1000be80 f   pmc_parse.obj
 0001:0000aef0       _ParseAsIntegerPartNumberSequence 1000bef0 f   pmc_parse.obj
 0001:0000afe0       _StartsWith                1000bfe0 f   pmc_parse.obj
 0001:0000b020       _TryParseDN                1000c020 f   pmc_parse.obj
 0001:0000b440       _TryParseX                 1000c440 f   pmc_parse.obj
 0001:0000b640       _PMC_Pow_X_I_Imp           1000c640 f   pmc_pow.obj
 0001:0000c330       _DoBorrow                  1000d330 f   pmc_subtruct.obj
 0001:0000cc20       _Subtruct_X_1W             1000dc20 f   pmc_subtruct.obj
 0001:0000cc60       __SUBTRUCT_16WORDS_SBB     1000dc60 f   pmc_subtruct.obj
 0001:0000ce40       _OutputOneChar             1000de40 f   pmc_tostring.obj
 0001:0000cfa8       $LN20                      1000dfa8     pmc_tostring.obj
 0001:0000cfbc       $LN16                      1000dfbc     pmc_tostring.obj
 0001:0000d000       _PrintDecimal              1000e000 f   pmc_tostring.obj
 0001:0000d2f0       _ToStringDN                1000e2f0 f   pmc_tostring.obj
 0001:0000d5c0       _ToStringX                 1000e5c0 f   pmc_tostring.obj
 0001:0000d6c0       _ToStringX_1WORD           1000e6c0 f   pmc_tostring.obj
 0001:0000d920       $$000000                   1000e920     MSVCRT:ulldiv.obj
 0001:0000d990       $$000000                   1000e990     MSVCRT:ulldvrm.obj
 0001:0000da30       $$000000                   1000ea30     MSVCRT:ullrem.obj
 0001:0000daa5       ?dllmain_crt_dispatch@@YGHQAUHINSTANCE__@@KQAX@Z 1000eaa5 f   MSVCRT:dll_dllmain.obj
 0001:0000daf8       ?dllmain_crt_process_attach@@YAHQAUHINSTANCE__@@QAX@Z 1000eaf8 f   MSVCRT:dll_dllmain.obj
 0001:0000dc02       ?dllmain_crt_process_detach@@YAH_N@Z 1000ec02 f   MSVCRT:dll_dllmain.obj
 0001:0000dc94       ?dllmain_dispatch@@YAHQAUHINSTANCE__@@KQAX@Z 1000ec94 f   MSVCRT:dll_dllmain.obj
 0001:0000dd9a       ?dllmain_raw@@YGHQAUHINSTANCE__@@KQAX@Z 1000ed9a f   MSVCRT:dll_dllmain.obj
 0001:0000df09       ___get_entropy             1000ef09 f   MSVCRT:gs_support.obj
 0001:0000dfe2       ?find_pe_section@@YAPAU_IMAGE_SECTION_HEADER@@QAEI@Z 1000efe2 f   MSVCRT:utility.obj
 0001:0000e460       $$000000                   1000f460     MSVCRT:sehprolg4.obj
 0002:000000c8       _GS_ExceptionPointers      100100c8     MSVCRT:gs_report.obj
 0002:000004a8       __sehtable$?dllmain_crt_process_attach@@YAHQAUHINSTANCE__@@QAX@Z 100104a8     MSVCRT:dll_dllmain.obj
 0002:000004c8       __sehtable$?dllmain_crt_process_detach@@YAH_N@Z 100104c8     MSVCRT:dll_dllmain.obj
 0002:000004e8       __sehtable$?dllmain_dispatch@@YAHQAUHINSTANCE__@@KQAX@Z 100104e8     MSVCRT:dll_dllmain.obj
 0002:00000508       __sehtable$___scrt_is_nonwritable_in_current_image 10010508     MSVCRT:utility.obj
 0002:00000530       .edata                     10010530     Palmtree.Math.Core.Uint.exp
 0002:00000558       rgpv                       10010558     Palmtree.Math.Core.Uint.exp
 0002:00000560       rgszName                   10010560     Palmtree.Math.Core.Uint.exp
 0002:00000568       rgwOrd                     10010568     Palmtree.Math.Core.Uint.exp
 0002:0000056c       szName                     1001056c     Palmtree.Math.Core.Uint.exp
 0002:00000588       $N00001                    10010588     Palmtree.Math.Core.Uint.exp
 0002:00000590       $N00002                    10010590     Palmtree.Math.Core.Uint.exp
 0002:000006cc       .idata$6                   100106cc     kernel32:KERNEL32.dll
 0002:0000071e       .idata$6                   1001071e     vcruntime:VCRUNTIME140.dll
 0002:000007d6       .idata$6                   100107d6     ucrt:api-ms-win-crt-runtime-l1-1-0.dll
 0003:00000000       _decimal_digits            10011000     pmc_tostring.obj
 0003:00000018       _hexadecimal_lower_digits  10011018     pmc_tostring.obj
 0003:0000003c       _hexadecimal_upper_digits  1001103c     pmc_tostring.obj
 0003:00000080       _fp_Add_Imp                10011080     pmc_add.obj
 0003:00000084       _fp_DivRem_X_X             10011084     pmc_divrem.obj
 0003:00000088       _entry_points              10011088     pmc_initialize.obj
 0003:0000019c       _initialized               1001119c     pmc_initialize.obj
 0003:000001a0       _fp_Multiply_X_1W          100111a0     pmc_multiply.obj
 0003:000001a4       _fp_Multiply_X_2W          100111a4     pmc_multiply.obj
 0003:000001a8       _fp_Multiply_X_X           100111a8     pmc_multiply.obj
 0003:000001ac       _default_number_format_option 100111ac     pmc_parse.obj
 0003:000001d4       _fp_MultiplyAndAdd         100111d4     pmc_parse.obj
 0003:000001d8       _default_number_format_option 100111d8     pmc_tostring.obj
 0003:00000200       ?__proc_attached@@3HA      10011200     MSVCRT:dll_dllmain.obj
 0003:00000208       _GS_ExceptionRecord        10011208     MSVCRT:gs_report.obj
 0003:00000258       _GS_ContextRecord          10011258     MSVCRT:gs_report.obj
 0003:00000548       ?is_initialized_as_dll@@3_NA 10011548     MSVCRT:utility.obj
 0003:00000549       ?module_local_atexit_table_initialized@@3_NA 10011549     MSVCRT:utility.obj
 0003:0000054c       ?module_local_atexit_table@@3U_onexit_table_t@@A 1001154c     MSVCRT:utility.obj
 0003:00000558       ?module_local_at_quick_exit_table@@3U_onexit_table_t@@A 10011558     MSVCRT:utility.obj
 0004:000000a0       $R000000                   100120a0     Palmtree.Math.Core.Uint.res
 0004:000003c0       $R000320                   100123c0     Palmtree.Math.Core.Uint.res
