 Palmtree.Math.Core.Uint

 Timestamp is 5c603c30 (Sun Feb 10 23:58:56 2019)

 Preferred load address is 10000000

 Start         Length     Name                   Class
 0001:00000000 0000ed31H .text$mn                CODE
 0002:00000000 0000007cH .idata$5                DATA
 0002:0000007c 00000004H .00cfg                  DATA
 0002:00000080 00000004H .CRT$XCA                DATA
 0002:00000084 00000004H .CRT$XCZ                DATA
 0002:00000088 00000004H .CRT$XIA                DATA
 0002:0000008c 00000004H .CRT$XIZ                DATA
 0002:00000090 00000004H .CRT$XPA                DATA
 0002:00000094 00000004H .CRT$XPZ                DATA
 0002:00000098 00000004H .CRT$XTA                DATA
 0002:0000009c 00000004H .CRT$XTZ                DATA
 0002:000000a0 00000000H .gfids$y                DATA
 0002:000000a0 00000150H .rdata                  DATA
 0002:000001f0 00000004H .rdata$sxdata           DATA
 0002:000001f4 000002c4H .rdata$zzzdbg           DATA
 0002:000004b8 00000004H .rtc$IAA                DATA
 0002:000004bc 00000004H .rtc$IZZ                DATA
 0002:000004c0 00000004H .rtc$TAA                DATA
 0002:000004c4 00000004H .rtc$TZZ                DATA
 0002:000004c8 00000088H .xdata$x                DATA
 0002:00000550 00000074H .edata                  DATA
 0002:000005c4 0000003cH .idata$2                DATA
 0002:00000600 00000014H .idata$3                DATA
 0002:00000614 0000007cH .idata$4                DATA
 0002:00000690 00000280H .idata$6                DATA
 0003:00000000 00000080H .data                   DATA
 0003:00000080 000006ccH .bss                    DATA
 0004:00000000 000000a0H .rsrc$01                DATA
 0004:000000a0 000004a0H .rsrc$02                DATA

  Address         Publics by Value              Rva+Base       Lib:Object

 0000:00000000       ___volatile_metadata       00000000     <absolute>
 0000:00000000       ___guard_fids_table        00000000     <absolute>
 0000:00000000       ___hybrid_code_map         00000000     <absolute>
 0000:00000000       ___guard_longjmp_table     00000000     <absolute>
 0000:00000000       ___guard_fids_count        00000000     <absolute>
 0000:00000000       ___enclave_config          00000000     <absolute>
 0000:00000000       ___hybrid_auxiliary_iat    00000000     <absolute>
 0000:00000000       ___hybrid_code_map_count   00000000     <absolute>
 0000:00000000       ___guard_iat_count         00000000     <absolute>
 0000:00000000       ___dynamic_value_reloc_table 00000000     <absolute>
 0000:00000000       ___guard_iat_table         00000000     <absolute>
 0000:00000000       ___guard_longjmp_count     00000000     <absolute>
 0000:00000001       ___safe_se_handler_count   00000001     <absolute>
 0000:00000100       ___guard_flags             00000100     <absolute>
 0000:00000000       ___ImageBase               10000000     <linker-defined>
 0001:00000000       _GetCPUInfo                10001000 f   cpuid.obj
 0001:00000110       _DoDebug@4                 10001110 f   debug.obj
 0001:00000120       _DllMain@12                10001120 f   dllmain.obj
 0001:00000170       _AllocateBlock             10001170 f   pmc_memory.obj
 0001:000001c0       _AllocateHeapArea          100011c0 f   pmc_memory.obj
 0001:000001e0       _AllocateNumber            100011e0 f   pmc_memory.obj
 0001:00000400       _CheckBlockLight           10001400 f   pmc_memory.obj
 0001:00000400       _Initialize_GreatestCommonDivisor 10001400 f   pmc_greatestcommondivisor.obj
 0001:00000400       _Initialize_Compare        10001400 f   pmc_compare.obj
 0001:00000400       _Initialize_Shift          10001400 f   pmc_shift.obj
 0001:00000400       ___scrt_stub_for_is_c_termination_complete 10001400 f   MSVCRT:ucrt_stubs.obj
 0001:00000400       _Initialize_From           10001400 f   pmc_from.obj
 0001:00000400       _Initialize_Clone          10001400 f   pmc_clone.obj
 0001:00000400       _Initialize_BitwiseOr      10001400 f   pmc_bitwiseor.obj
 0001:00000400       _Initialize_BitwiseAnd     10001400 f   pmc_bitwiseand.obj
 0001:00000400       _Initialize_ModPow         10001400 f   pmc_modpow.obj
 0001:00000400       _Initialize_To             10001400 f   pmc_to.obj
 0001:00000400       _Initialize_Equals         10001400 f   pmc_equals.obj
 0001:00000400       _Initialize_ExclusiveOr    10001400 f   pmc_exclusiveor.obj
 0001:00000400       __is_c_termination_complete 10001400 f   MSVCRT:ucrt_stubs.obj
 0001:00000400       _Initialize_Pow            10001400 f   pmc_pow.obj
 0001:00000400       _Initialize_Subtruct       10001400 f   pmc_subtruct.obj
 0001:00000410       _CheckNumber               10001410 f   pmc_memory.obj
 0001:00000490       _CommitNumber              10001490 f   pmc_memory.obj
 0001:000005c0       _DeallocateBlock           100015c0 f   pmc_memory.obj
 0001:00000600       _DeallocateHeapArea        10001600 f   pmc_memory.obj
 0001:00000620       _DeallocateNumber          10001620 f   pmc_memory.obj
 0001:000006c0       _DuplicateNumber           100016c0 f   pmc_memory.obj
 0001:00000800       _Initialize_Memory         10001800 f   pmc_memory.obj
 0001:000009a0       _PMC_Dispose@4             100019a0 f   pmc_memory.obj
 0001:00000a60       _PMC_GetConstantValue_I@8  10001a60 f   pmc_memory.obj
 0001:00001150       _Initialize_Add            10002150 f   pmc_add.obj
 0001:00001170       _PMC_Add_I_X@12            10002170 f   pmc_add.obj
 0001:000011b0       _PMC_Add_L_X@16            100021b0 f   pmc_add.obj
 0001:000011f0       _PMC_Add_X_I@12            100021f0 f   pmc_add.obj
 0001:00001340       _PMC_Add_X_L@16            10002340 f   pmc_add.obj
 0001:00001570       _PMC_Add_X_X@12            10002570 f   pmc_add.obj
 0001:00001ad0       _PMC_BitwiseAnd_I_X@12     10002ad0 f   pmc_bitwiseand.obj
 0001:00001b20       _PMC_BitwiseAnd_L_X@16     10002b20 f   pmc_bitwiseand.obj
 0001:00001bb0       _PMC_BitwiseAnd_X_I@12     10002bb0 f   pmc_bitwiseand.obj
 0001:00001c00       _PMC_BitwiseAnd_X_L@16     10002c00 f   pmc_bitwiseand.obj
 0001:00001c90       _PMC_BitwiseAnd_X_X@12     10002c90 f   pmc_bitwiseand.obj
 0001:00002040       _PMC_BitwiseOr_I_X@12      10003040 f   pmc_bitwiseor.obj
 0001:00002080       _PMC_BitwiseOr_L_X@16      10003080 f   pmc_bitwiseor.obj
 0001:000020c0       _PMC_BitwiseOr_X_I@12      100030c0 f   pmc_bitwiseor.obj
 0001:000021d0       _PMC_BitwiseOr_X_L@16      100031d0 f   pmc_bitwiseor.obj
 0001:00002380       _PMC_BitwiseOr_X_X@12      10003380 f   pmc_bitwiseor.obj
 0001:000024b0       _PMC_FromByteArray@12      100034b0 f   pmc_bytes.obj
 0001:00002560       _PMC_FromByteArrayForSINT@16 10003560 f   pmc_bytes.obj
 0001:00002630       _PMC_ToByteArray@16        10003630 f   pmc_bytes.obj
 0001:000026c0       _PMC_ToByteArrayForSINT@20 100036c0 f   pmc_bytes.obj
 0001:00002780       _PMC_Clone_X@8             10003780 f   pmc_clone.obj
 0001:000027e0       _Compare_Imp               100037e0 f   pmc_compare.obj
 0001:00002830       _PMC_Compare_I_X@12        10003830 f   pmc_compare.obj
 0001:00002880       _PMC_Compare_L_X@16        10003880 f   pmc_compare.obj
 0001:000028d0       _PMC_Compare_X_I@12        100038d0 f   pmc_compare.obj
 0001:00002980       _PMC_Compare_X_L@16        10003980 f   pmc_compare.obj
 0001:00002a80       _PMC_Compare_X_X@12        10003a80 f   pmc_compare.obj
 0001:000030c0       _DivRem_X_1W               100040c0 f   pmc_divrem.obj
 0001:000038a0       _DivRem_X_X                100048a0 f   pmc_divrem.obj
 0001:00003cf0       _Initialize_DivRem         10004cf0 f   pmc_divrem.obj
 0001:00003d20       _PMC_DivRem_I_X@16         10004d20 f   pmc_divrem.obj
 0001:00003e10       _PMC_DivRem_L_X@20         10004e10 f   pmc_divrem.obj
 0001:00004110       _PMC_DivRem_X_I@16         10005110 f   pmc_divrem.obj
 0001:000042a0       _PMC_DivRem_X_L@20         100052a0 f   pmc_divrem.obj
 0001:00004640       _PMC_DivRem_X_X@16         10005640 f   pmc_divrem.obj
 0001:00004a90       _Rem_X_1W                  10005a90 f   pmc_divrem.obj
 0001:00006520       _PMC_Equals_I_X@12         10007520 f   pmc_equals.obj
 0001:00006560       _PMC_Equals_L_X@16         10007560 f   pmc_equals.obj
 0001:000065b0       _PMC_Equals_X_I@12         100075b0 f   pmc_equals.obj
 0001:000065f0       _PMC_Equals_X_L@16         100075f0 f   pmc_equals.obj
 0001:00006640       _PMC_Equals_X_X@12         10007640 f   pmc_equals.obj
 0001:000069b0       _PMC_ExclusiveOr_I_X@12    100079b0 f   pmc_exclusiveor.obj
 0001:000069f0       _PMC_ExclusiveOr_L_X@16    100079f0 f   pmc_exclusiveor.obj
 0001:00006a30       _PMC_ExclusiveOr_X_I@12    10007a30 f   pmc_exclusiveor.obj
 0001:00006b60       _PMC_ExclusiveOr_X_L@16    10007b60 f   pmc_exclusiveor.obj
 0001:00006d20       _PMC_ExclusiveOr_X_X@12    10007d20 f   pmc_exclusiveor.obj
 0001:00006e40       _From_I_Imp                10007e40 f   pmc_from.obj
 0001:00006e90       _From_L_Imp                10007e90 f   pmc_from.obj
 0001:00006f20       _PMC_From_I@8              10007f20 f   pmc_from.obj
 0001:00006f90       _PMC_From_L@12             10007f90 f   pmc_from.obj
 0001:000070e0       _PMC_GreatestCommonDivisor_I_X@12 100080e0 f   pmc_greatestcommondivisor.obj
 0001:00007120       _PMC_GreatestCommonDivisor_L_X@16 10008120 f   pmc_greatestcommondivisor.obj
 0001:00007160       _PMC_GreatestCommonDivisor_X_I@12 10008160 f   pmc_greatestcommondivisor.obj
 0001:00007380       _PMC_GreatestCommonDivisor_X_L@16 10008380 f   pmc_greatestcommondivisor.obj
 0001:00007780       _PMC_GreatestCommonDivisor_X_X@12 10008780 f   pmc_greatestcommondivisor.obj
 0001:000079d0       _PMC_UINT_Initialize@4     100089d0 f   pmc_initialize.obj
 0001:00008470       _PMC_ModPow_X_X_X@16       10009470 f   pmc_modpow.obj
 0001:00008670       _Initialize_Multiply       10009670 f   pmc_multiply.obj
 0001:00009600       _Multiply_X_X_Imp          1000a600 f   pmc_multiply.obj
 0001:000096d0       _PMC_Multiply_I_X@12       1000a6d0 f   pmc_multiply.obj
 0001:00009710       _PMC_Multiply_L_X@16       1000a710 f   pmc_multiply.obj
 0001:00009750       _PMC_Multiply_X_I@12       1000a750 f   pmc_multiply.obj
 0001:00009860       _PMC_Multiply_X_L@16       1000a860 f   pmc_multiply.obj
 0001:000099d0       _PMC_Multiply_X_X@12       1000a9d0 f   pmc_multiply.obj
 0001:00009f30       _Initialize_Parse          1000af30 f   pmc_parse.obj
 0001:0000ab80       _PMC_TryParse@16           1000bb80 f   pmc_parse.obj
 0001:0000abf0       _PMC_TryParseForSINT@20    1000bbf0 f   pmc_parse.obj
 0001:0000bb80       _PMC_Pow_X_I@12            1000cb80 f   pmc_pow.obj
 0001:0000be00       _LeftShift_Imp_DIV         1000ce00 f   pmc_shift.obj
 0001:0000be00       _LeftShift_Imp             1000ce00 f   pmc_shift.obj
 0001:0000c410       _PMC_LeftShift_X_I@12      1000d410 f   pmc_shift.obj
 0001:0000c4d0       _PMC_RightShift_X_I@12     1000d4d0 f   pmc_shift.obj
 0001:0000c5b0       _RightShift_Imp_DIV        1000d5b0 f   pmc_shift.obj
 0001:0000c5b0       _RightShift_Imp            1000d5b0 f   pmc_shift.obj
 0001:0000c880       _PMC_GetStatisticsInfo@4   1000d880 f   pmc_statistics.obj
 0001:0000c910       _PMC_Subtruct_I_X@12       1000d910 f   pmc_subtruct.obj
 0001:0000c990       _PMC_Subtruct_L_X@16       1000d990 f   pmc_subtruct.obj
 0001:0000ca90       _PMC_Subtruct_X_I@12       1000da90 f   pmc_subtruct.obj
 0001:0000cbc0       _PMC_Subtruct_X_L@16       1000dbc0 f   pmc_subtruct.obj
 0001:0000cde0       _PMC_Subtruct_X_X@12       1000dde0 f   pmc_subtruct.obj
 0001:0000cf10       _Subtruct_Imp              1000df10 f   pmc_subtruct.obj
 0001:0000d290       _PMC_To_X_I@8              1000e290 f   pmc_to.obj
 0001:0000d2e0       _PMC_To_X_L@8              1000e2e0 f   pmc_to.obj
 0001:0000d360       _InitializeNumberFormatoInfo 1000e360 f   pmc_tostring.obj
 0001:0000d470       _Initialize_ToString       1000e470 f   pmc_tostring.obj
 0001:0000d520       _PMC_InitializeNumberFormatInfo@4 1000e520 f   pmc_tostring.obj
 0001:0000d540       _PMC_ToString@24           1000e540 f   pmc_tostring.obj
 0001:0000df68       @__security_check_cookie@4 1000ef68 f   MSVCRT:secchk.obj
 0001:0000df80       __aulldiv                  1000ef80 f   MSVCRT:ulldiv.obj
 0001:0000dff0       __aulldvrm                 1000eff0 f   MSVCRT:ulldvrm.obj
 0001:0000e090       __aullrem                  1000f090 f   MSVCRT:ullrem.obj
 0001:0000e425       __DllMainCRTStartup@12     1000f425 f   MSVCRT:dll_dllmain.obj
 0001:0000e448       ___raise_securityfailure   1000f448 f   MSVCRT:gs_report.obj
 0001:0000e470       ___report_gsfailure        1000f470 f   MSVCRT:gs_report.obj
 0001:0000e5b6       ___security_init_cookie    1000f5b6 f   MSVCRT:gs_support.obj
 0001:0000e601       ?__scrt_initialize_type_info@@YAXXZ 1000f601 f   MSVCRT:tncleanup.obj
 0001:0000e60d       ?__scrt_uninitialize_type_info@@YAXXZ 1000f60d f   MSVCRT:tncleanup.obj
 0001:0000e619       ___local_stdio_printf_options 1000f619 f i MSVCRT:default_local_stdio_options.obj
 0001:0000e61f       ___local_stdio_scanf_options 1000f61f f i MSVCRT:default_local_stdio_options.obj
 0001:0000e625       ___scrt_initialize_default_local_stdio_options 1000f625 f   MSVCRT:default_local_stdio_options.obj
 0001:0000e686       ___scrt_acquire_startup_lock 1000f686 f   MSVCRT:utility.obj
 0001:0000e6b8       ___scrt_dllmain_after_initialize_c 1000f6b8 f   MSVCRT:utility.obj
 0001:0000e6e3       ___scrt_dllmain_before_initialize_c 1000f6e3 f   MSVCRT:utility.obj
 0001:0000e6f1       ___scrt_dllmain_crt_thread_attach 1000f6f1 f   MSVCRT:utility.obj
 0001:0000e710       ___scrt_dllmain_crt_thread_detach 1000f710 f   MSVCRT:utility.obj
 0001:0000e71d       ___scrt_dllmain_exception_filter 1000f71d f   MSVCRT:utility.obj
 0001:0000e751       ___scrt_dllmain_uninitialize_c 1000f751 f   MSVCRT:utility.obj
 0001:0000e774       ___scrt_dllmain_uninitialize_critical 1000f774 f   MSVCRT:utility.obj
 0001:0000e781       ___scrt_initialize_crt     1000f781 f   MSVCRT:utility.obj
 0001:0000e7ba       ___scrt_initialize_onexit_tables 1000f7ba f   MSVCRT:utility.obj
 0001:0000e85f       ___scrt_is_nonwritable_in_current_image 1000f85f f   MSVCRT:utility.obj
 0001:0000e8f3       ___scrt_release_startup_lock 1000f8f3 f   MSVCRT:utility.obj
 0001:0000e910       ___scrt_uninitialize_crt   1000f910 f   MSVCRT:utility.obj
 0001:0000e938       ___scrt_get_dyn_tls_init_callback 1000f938 f   MSVCRT:dyn_tls_init.obj
 0001:0000e93e       ___scrt_fastfail           1000f93e f   MSVCRT:utility_desktop.obj
 0001:0000ea58       __crt_debugger_hook        1000fa58 f   MSVCRT:utility_desktop.obj
 0001:0000ea60       __RTC_Initialize           1000fa60 f   MSVCRT:initsect.obj
 0001:0000ea8c       __RTC_Terminate            1000fa8c f   MSVCRT:initsect.obj
 0001:0000eac0       __SEH_prolog4              1000fac0 f   MSVCRT:sehprolg4.obj
 0001:0000eb06       __SEH_epilog4              1000fb06 f   MSVCRT:sehprolg4.obj
 0001:0000eb1b       __except_handler4          1000fb1b f   MSVCRT:chandler4gs.obj
 0001:0000eb3e       @_guard_check_icall_nop@4  1000fb3e f i MSVCRT:guard_support.obj
 0001:0000eb3f       ___isa_available_init      1000fb3f f   MSVCRT:cpu_disp.obj
 0001:0000ecd6       __get_startup_argv_mode    1000fcd6 f   MSVCRT:argv_mode.obj
 0001:0000ecda       ___scrt_is_ucrt_dll_in_use 1000fcda f   MSVCRT:ucrt_detection.obj
 0001:0000ece6       ___std_type_info_destroy_list 1000fce6 f   vcruntime:VCRUNTIME140.dll
 0001:0000ecec       _memset                    1000fcec f   vcruntime:VCRUNTIME140.dll
 0001:0000ecf2       __except_handler4_common   1000fcf2 f   vcruntime:VCRUNTIME140.dll
 0001:0000ecf8       __initterm                 1000fcf8 f   ucrt:api-ms-win-crt-runtime-l1-1-0.dll
 0001:0000ecfe       __initterm_e               1000fcfe f   ucrt:api-ms-win-crt-runtime-l1-1-0.dll
 0001:0000ed04       __seh_filter_dll           1000fd04 f   ucrt:api-ms-win-crt-runtime-l1-1-0.dll
 0001:0000ed0a       __configure_narrow_argv    1000fd0a f   ucrt:api-ms-win-crt-runtime-l1-1-0.dll
 0001:0000ed10       __initialize_narrow_environment 1000fd10 f   ucrt:api-ms-win-crt-runtime-l1-1-0.dll
 0001:0000ed16       __initialize_onexit_table  1000fd16 f   ucrt:api-ms-win-crt-runtime-l1-1-0.dll
 0001:0000ed1c       __execute_onexit_table     1000fd1c f   ucrt:api-ms-win-crt-runtime-l1-1-0.dll
 0001:0000ed22       __cexit                    1000fd22 f   ucrt:api-ms-win-crt-runtime-l1-1-0.dll
 0001:0000ed28       _IsProcessorFeaturePresent@4 1000fd28 f   kernel32:KERNEL32.dll
 0001:0000ed2e       ___scrt_stub_for_acrt_thread_detach 1000fd2e f   MSVCRT:ucrt_stubs.obj
 0001:0000ed2e       ___acrt_uninitialize_critical 1000fd2e f   MSVCRT:ucrt_stubs.obj
 0001:0000ed2e       ___vcrt_uninitialize_critical 1000fd2e f   MSVCRT:ucrt_stubs.obj
 0001:0000ed2e       ___acrt_thread_attach      1000fd2e f   MSVCRT:ucrt_stubs.obj
 0001:0000ed2e       ___vcrt_thread_attach      1000fd2e f   MSVCRT:ucrt_stubs.obj
 0001:0000ed2e       ___scrt_stub_for_acrt_thread_attach 1000fd2e f   MSVCRT:ucrt_stubs.obj
 0001:0000ed2e       ___scrt_stub_for_acrt_uninitialize_critical 1000fd2e f   MSVCRT:ucrt_stubs.obj
 0001:0000ed2e       ___vcrt_uninitialize       1000fd2e f   MSVCRT:ucrt_stubs.obj
 0001:0000ed2e       ___vcrt_initialize         1000fd2e f   MSVCRT:ucrt_stubs.obj
 0001:0000ed2e       ___acrt_uninitialize       1000fd2e f   MSVCRT:ucrt_stubs.obj
 0001:0000ed2e       ___scrt_stub_for_acrt_initialize 1000fd2e f   MSVCRT:ucrt_stubs.obj
 0001:0000ed2e       ___scrt_stub_for_acrt_uninitialize 1000fd2e f   MSVCRT:ucrt_stubs.obj
 0001:0000ed2e       ___vcrt_thread_detach      1000fd2e f   MSVCRT:ucrt_stubs.obj
 0001:0000ed2e       ___acrt_thread_detach      1000fd2e f   MSVCRT:ucrt_stubs.obj
 0001:0000ed2e       ___acrt_initialize         1000fd2e f   MSVCRT:ucrt_stubs.obj
 0002:00000000       __imp__HeapCreate@12       10010000     kernel32:KERNEL32.dll
 0002:00000004       __imp__HeapDestroy@4       10010004     kernel32:KERNEL32.dll
 0002:00000008       __imp__HeapAlloc@12        10010008     kernel32:KERNEL32.dll
 0002:0000000c       __imp__HeapFree@12         1001000c     kernel32:KERNEL32.dll
 0002:00000010       __imp__lstrcpyW@8          10010010     kernel32:KERNEL32.dll
 0002:00000014       __imp__lstrlenW@4          10010014     kernel32:KERNEL32.dll
 0002:00000018       __imp__IsDebuggerPresent@0 10010018     kernel32:KERNEL32.dll
 0002:0000001c       __imp__InitializeSListHead@4 1001001c     kernel32:KERNEL32.dll
 0002:00000020       __imp__GetSystemTimeAsFileTime@4 10010020     kernel32:KERNEL32.dll
 0002:00000024       __imp__GetCurrentThreadId@0 10010024     kernel32:KERNEL32.dll
 0002:00000028       __imp__GetCurrentProcessId@0 10010028     kernel32:KERNEL32.dll
 0002:0000002c       __imp__QueryPerformanceCounter@4 1001002c     kernel32:KERNEL32.dll
 0002:00000030       __imp__IsProcessorFeaturePresent@4 10010030     kernel32:KERNEL32.dll
 0002:00000034       __imp__TerminateProcess@8  10010034     kernel32:KERNEL32.dll
 0002:00000038       __imp__GetCurrentProcess@0 10010038     kernel32:KERNEL32.dll
 0002:0000003c       __imp__SetUnhandledExceptionFilter@4 1001003c     kernel32:KERNEL32.dll
 0002:00000040       __imp__UnhandledExceptionFilter@4 10010040     kernel32:KERNEL32.dll
 0002:00000044       \177KERNEL32_NULL_THUNK_DATA 10010044     kernel32:KERNEL32.dll
 0002:00000048       __imp__memset              10010048     vcruntime:VCRUNTIME140.dll
 0002:0000004c       __imp___except_handler4_common 1001004c     vcruntime:VCRUNTIME140.dll
 0002:00000050       __imp____std_type_info_destroy_list 10010050     vcruntime:VCRUNTIME140.dll
 0002:00000054       \177VCRUNTIME140_NULL_THUNK_DATA 10010054     vcruntime:VCRUNTIME140.dll
 0002:00000058       __imp___initialize_onexit_table 10010058     ucrt:api-ms-win-crt-runtime-l1-1-0.dll
 0002:0000005c       __imp___cexit              1001005c     ucrt:api-ms-win-crt-runtime-l1-1-0.dll
 0002:00000060       __imp___configure_narrow_argv 10010060     ucrt:api-ms-win-crt-runtime-l1-1-0.dll
 0002:00000064       __imp___seh_filter_dll     10010064     ucrt:api-ms-win-crt-runtime-l1-1-0.dll
 0002:00000068       __imp___initterm_e         10010068     ucrt:api-ms-win-crt-runtime-l1-1-0.dll
 0002:0000006c       __imp___initterm           1001006c     ucrt:api-ms-win-crt-runtime-l1-1-0.dll
 0002:00000070       __imp___initialize_narrow_environment 10010070     ucrt:api-ms-win-crt-runtime-l1-1-0.dll
 0002:00000074       __imp___execute_onexit_table 10010074     ucrt:api-ms-win-crt-runtime-l1-1-0.dll
 0002:00000078       \177api-ms-win-crt-runtime-l1-1-0_NULL_THUNK_DATA 10010078     ucrt:api-ms-win-crt-runtime-l1-1-0.dll
 0002:0000007c       ___guard_check_icall_fptr  1001007c     MSVCRT:guard_support.obj
 0002:00000080       ___xc_a                    10010080     MSVCRT:initializers.obj
 0002:00000084       ___xc_z                    10010084     MSVCRT:initializers.obj
 0002:00000088       ___xi_a                    10010088     MSVCRT:initializers.obj
 0002:0000008c       ___xi_z                    1001008c     MSVCRT:initializers.obj
 0002:00000090       ___xp_a                    10010090     MSVCRT:initializers.obj
 0002:00000094       ___xp_z                    10010094     MSVCRT:initializers.obj
 0002:00000098       ___xt_a                    10010098     MSVCRT:initializers.obj
 0002:0000009c       ___xt_z                    1001009c     MSVCRT:initializers.obj
 0002:000000a0       ??_C@_13JOFGPIOO@?$AA?4@   100100a0     pmc_tostring.obj
 0002:000000a4       ??_C@_13DEFPDAGF@?$AA?0@   100100a4     pmc_tostring.obj
 0002:000000a8       ??_C@_13DMCFHHKM@?$AA3@    100100a8     pmc_tostring.obj
 0002:000000ac       ??_C@_13BMLCKOLB@?$PP?$KE@ 100100ac     pmc_tostring.obj
 0002:000000b0       ??_C@_1BG@PGBNDIAE@?$AA0?$AA1?$AA2?$AA3?$AA4?$AA5?$AA6?$AA7?$AA8?$AA9@ 100100b0     pmc_tostring.obj
 0002:000000c8       ??_C@_13IMODFHAA@?$AA?9@   100100c8     pmc_tostring.obj
 0002:000000cc       ??_C@_13EJFHHPOP@?$AA?$CF@ 100100cc     pmc_tostring.obj
 0002:000000d0       ??_C@_13BGNNJOKC@?$AA0@    100100d0     pmc_tostring.obj
 0002:000000d4       ??_C@_13KJIIAINM@?$AA?$CL@ 100100d4     pmc_tostring.obj
 0002:000000d8       __pDefaultRawDllMain       100100d8     MSVCRT:dll_dllmain.obj
 0002:000000d8       __pRawDllMain              100100d8     MSVCRT:dll_dllmain.obj
 0002:00000148       __load_config_used         10010148     MSVCRT:loadcfg.obj
 0002:000001f0       ___safe_se_handler_table   100101f0     <linker-defined>
 0002:000004b8       ___rtc_iaa                 100104b8     MSVCRT:initsect.obj
 0002:000004bc       ___rtc_izz                 100104bc     MSVCRT:initsect.obj
 0002:000004c0       ___rtc_taa                 100104c0     MSVCRT:initsect.obj
 0002:000004c4       ___rtc_tzz                 100104c4     MSVCRT:initsect.obj
 0002:000005c4       __IMPORT_DESCRIPTOR_KERNEL32 100105c4     kernel32:KERNEL32.dll
 0002:000005d8       __IMPORT_DESCRIPTOR_VCRUNTIME140 100105d8     vcruntime:VCRUNTIME140.dll
 0002:000005ec       __IMPORT_DESCRIPTOR_api-ms-win-crt-runtime-l1-1-0 100105ec     ucrt:api-ms-win-crt-runtime-l1-1-0.dll
 0002:00000600       __NULL_IMPORT_DESCRIPTOR   10010600     kernel32:KERNEL32.dll
 0003:00000060       ___security_cookie_complement 10011060     MSVCRT:gs_cookie.obj
 0003:00000064       ___security_cookie         10011064     MSVCRT:gs_cookie.obj
 0003:00000068       ___scrt_native_dllmain_reason 10011068     MSVCRT:utility.obj
 0003:00000070       ___isa_enabled             10011070     MSVCRT:cpu_disp.obj
 0003:00000074       ___scrt_ucrt_dll_is_in_use 10011074     MSVCRT:ucrt_stubs.obj
 0003:00000668       ?__type_info_root_node@@3U__type_info_node@@A 10011668     MSVCRT:tncleanup.obj
 0003:00000670       ?_OptionsStorage@?1??__local_stdio_printf_options@@9@4_KA 10011670     MSVCRT:default_local_stdio_options.obj
 0003:00000678       ?_OptionsStorage@?1??__local_stdio_scanf_options@@9@4_KA 10011678     MSVCRT:default_local_stdio_options.obj
 0003:00000680       ___scrt_current_native_startup_state 10011680     MSVCRT:utility.obj
 0003:00000684       ___scrt_native_startup_lock 10011684     MSVCRT:utility.obj
 0003:000006a4       ___scrt_debugger_hook_flag 100116a4     MSVCRT:utility_desktop.obj
 0003:000006a8       ___isa_available           100116a8     MSVCRT:cpu_disp.obj
 0003:000006ac       ___favor                   100116ac     MSVCRT:cpu_disp.obj
 0003:000006b0       _statistics_info           100116b0     <common>
 0003:000006c0       _configuration_info        100116c0     <common>
 0003:000006c4       _hLocalHeap                100116c4     <common>
 0003:000006e0       _number_one                100116e0     <common>
 0003:00000720       _number_zero               10011720     <common>
 0003:00000748       ___dyn_tls_init_callback   10011748     <common>

 entry point at        0001:0000e425

 Static symbols

 0000:fffec000       .debug$S                   10000000     ucrt:api-ms-win-crt-runtime-l1-1-0.dll
 0000:fffec000       .debug$S                   10000000     kernel32:KERNEL32.dll
 0000:fffec000       .debug$S                   10000000     kernel32:KERNEL32.dll
 0000:fffec000       .debug$S                   10000000     kernel32:KERNEL32.dll
 0000:fffec000       .debug$S                   10000000     kernel32:KERNEL32.dll
 0000:fffec000       .debug$S                   10000000     kernel32:KERNEL32.dll
 0000:fffec000       .debug$S                   10000000     vcruntime:VCRUNTIME140.dll
 0000:fffec000       .debug$S                   10000000     vcruntime:VCRUNTIME140.dll
 0000:fffec000       .debug$S                   10000000     Palmtree.Math.Core.Uint.exp
 0000:fffec000       .debug$S                   10000000     vcruntime:VCRUNTIME140.dll
 0000:fffec000       .debug$S                   10000000     kernel32:KERNEL32.dll
 0000:fffec000       .debug$S                   10000000     kernel32:KERNEL32.dll
 0000:fffec000       .debug$S                   10000000     kernel32:KERNEL32.dll
 0000:fffec000       .debug$S                   10000000     kernel32:KERNEL32.dll
 0000:fffec000       .debug$S                   10000000     kernel32:KERNEL32.dll
 0000:fffec000       .debug$S                   10000000     kernel32:KERNEL32.dll
 0000:fffec000       .debug$S                   10000000     kernel32:KERNEL32.dll
 0000:fffec000       .debug$S                   10000000     kernel32:KERNEL32.dll
 0000:fffec000       .debug$S                   10000000     kernel32:KERNEL32.dll
 0000:fffec000       .debug$S                   10000000     kernel32:KERNEL32.dll
 0000:fffec000       .debug$S                   10000000     kernel32:KERNEL32.dll
 0000:fffec000       .debug$S                   10000000     kernel32:KERNEL32.dll
 0000:fffec000       .debug$S                   10000000     kernel32:KERNEL32.dll
 0000:fffec000       .debug$S                   10000000     ucrt:api-ms-win-crt-runtime-l1-1-0.dll
 0000:fffec000       .debug$S                   10000000     ucrt:api-ms-win-crt-runtime-l1-1-0.dll
 0000:fffec000       .debug$S                   10000000     ucrt:api-ms-win-crt-runtime-l1-1-0.dll
 0000:fffec000       .debug$S                   10000000     ucrt:api-ms-win-crt-runtime-l1-1-0.dll
 0000:fffec000       .debug$S                   10000000     ucrt:api-ms-win-crt-runtime-l1-1-0.dll
 0000:fffec000       .debug$S                   10000000     ucrt:api-ms-win-crt-runtime-l1-1-0.dll
 0000:fffec000       .debug$S                   10000000     ucrt:api-ms-win-crt-runtime-l1-1-0.dll
 0000:fffec000       .debug$S                   10000000     ucrt:api-ms-win-crt-runtime-l1-1-0.dll
 0000:fffec000       .debug$S                   10000000     kernel32:KERNEL32.dll
 0000:fffec000       .debug$S                   10000000     ucrt:api-ms-win-crt-runtime-l1-1-0.dll
 0000:fffec000       .debug$S                   10000000     ucrt:api-ms-win-crt-runtime-l1-1-0.dll
 0000:fffec000       .debug$S                   10000000     ucrt:api-ms-win-crt-runtime-l1-1-0.dll
 0001:00000158       $LN12                      10001158     dllmain.obj
 0001:00000230       _CalculateCheckCode        10001230 f   pmc_memory.obj
 0001:00000440       _ClearNumberHeader         10001440 f   pmc_memory.obj
 0001:00000750       _InitializeNumber          10001750 f   pmc_memory.obj
 0001:00000aa0       _Add_Imp_using_ADC         10001aa0 f   pmc_add.obj
 0001:00000d50       _Add_Imp_using_ADCX        10001d50 f   pmc_add.obj
 0001:00001090       _Add_X_1W                  10002090 f   pmc_add.obj
 0001:000010d0       _DoCarry                   100020d0 f   pmc_add.obj
 0001:00001230       _PMC_Add_X_I_Imp           10002230 f   pmc_add.obj
 0001:00001380       _PMC_Add_X_L_Imp           10002380 f   pmc_add.obj
 0001:000016b0       __ADD_16WORDS_ADC          100026b0 f   pmc_add.obj
 0001:000016b0       __ADD_16WORDS_ADC_DIV      100026b0 f   pmc_divrem.obj
 0001:00001760       __ADD_16WORDS_ADCX         10002760 f   pmc_add.obj
 0001:00001760       __ADD_16WORDS_ADCX_DIV     10002760 f   pmc_divrem.obj
 0001:00001840       _BitwiseAnd_X_X            10002840 f   pmc_bitwiseand.obj
 0001:00001d80       _BitwiseOr_X_1W            10002d80 f   pmc_bitwiseor.obj
 0001:00001db0       _BitwiseOr_X_X             10002db0 f   pmc_bitwiseor.obj
 0001:00002100       _PMC_BitwiseOr_X_I_Imp     10003100 f   pmc_bitwiseor.obj
 0001:00002210       _PMC_BitwiseOr_X_L_Imp     10003210 f   pmc_bitwiseor.obj
 0001:00002470       _CountActualBitsFromBuffer 10003470 f   pmc_bytes.obj
 0001:00002920       _PMC_Compare_X_I_Imp       10003920 f   pmc_compare.obj
 0001:000029d0       _PMC_Compare_X_L_Imp       100039d0 f   pmc_compare.obj
 0001:00002b50       _AddOneLine                10003b50 f   pmc_divrem.obj
 0001:00002dc0       _AddOneLineX               10003dc0 f   pmc_divrem.obj
 0001:00003970       _DivRem_X_X_using_ADC_MUL  10004970 f   pmc_divrem.obj
 0001:00003b30       _DivRem_X_X_using_ADX_MULX 10004b30 f   pmc_divrem.obj
 0001:00004f00       _SubtructOneLine           10005f00 f   pmc_divrem.obj
 0001:000058b0       _SubtructOneLineX          100068b0 f   pmc_divrem.obj
 0001:00006420       __LZCNT_ALT_32             10007420 f   pmc_subtruct.obj
 0001:00006420       __LZCNT_ALT_32             10007420 f   pmc_divrem.obj
 0001:00006420       __LZCNT_ALT_32             10007420 f   pmc_multiply.obj
 0001:00006440       _Equals_X_I_Imp            10007440 f   pmc_equals.obj
 0001:00006490       _Equals_X_L_Imp            10007490 f   pmc_equals.obj
 0001:000066f0       _ExclusiveOr_X_1W          100076f0 f   pmc_exclusiveor.obj
 0001:00006720       _ExclusiveOr_X_X           10007720 f   pmc_exclusiveor.obj
 0001:00006a70       _PMC_ExclusiveOr_X_I_Imp   10007a70 f   pmc_exclusiveor.obj
 0001:00006ba0       _PMC_ExclusiveOr_X_L_Imp   10007ba0 f   pmc_exclusiveor.obj
 0001:00007040       _GreatestCommonDivisor_Imp 10008040 f   pmc_greatestcommondivisor.obj
 0001:000071a0       _PMC_GreatestCommonDivisor_X_I_Imp 100081a0 f   pmc_greatestcommondivisor.obj
 0001:000073c0       _PMC_GreatestCommonDivisor_X_L_Imp 100083c0 f   pmc_greatestcommondivisor.obj
 0001:00007e90       _ModulePower               10008e90 f   pmc_modpow.obj
 0001:000084e0       _PMC_ModPow_X_X_X_Imp      100094e0 f   pmc_modpow.obj
 0001:000086c0       _Multiply_WORD_using_MULX_ADCX 100096c0 f   pmc_multiply.obj
 0001:00008f40       _Multiply_WORD_using_MUL_ADC 10009f40 f   pmc_multiply.obj
 0001:00009580       _Multiply_X_1W_using_MULX_ADCX 1000a580 f   pmc_multiply.obj
 0001:00009590       _Multiply_X_1W_using_MUL_ADC 1000a590 f   pmc_multiply.obj
 0001:000095a0       _Multiply_X_2W_using_MULX_ADCX 1000a5a0 f   pmc_multiply.obj
 0001:000095d0       _Multiply_X_2W_using_MUL_ADC 1000a5d0 f   pmc_multiply.obj
 0001:00009610       _Multiply_X_X_using_MULX_ADCX 1000a610 f   pmc_multiply.obj
 0001:00009670       _Multiply_X_X_using_MUL_ADC 1000a670 f   pmc_multiply.obj
 0001:00009790       _PMC_Multiply_X_I_Imp      1000a790 f   pmc_multiply.obj
 0001:000098a0       _PMC_Multiply_X_L_Imp      1000a8a0 f   pmc_multiply.obj
 0001:00009af0       _Build1WordFromHexString   1000aaf0 f   pmc_parse.obj
 0001:00009cc0       _BuildBinaryFromDecimalString 1000acc0 f   pmc_parse.obj
 0001:00009e20       _InitializeParserState     1000ae20 f   pmc_parse.obj
 0001:00009f70       _MultiplyAndAdd_using_ADCX_MULX 1000af70 f   pmc_parse.obj
 0001:0000a650       _MultiplyAndAdd_using_ADC_MUL 1000b650 f   pmc_parse.obj
 0001:0000ac40       _PMC_TryParse_Imp          1000bc40 f   pmc_parse.obj
 0001:0000aca0       _ParseAsDecimalNumberString 1000bca0 f   pmc_parse.obj
 0001:0000b2a0       _ParseAsFractionPartNumberSequence 1000c2a0 f   pmc_parse.obj
 0001:0000b320       _ParseAsIntegerPartNumberSequence 1000c320 f   pmc_parse.obj
 0001:0000b420       _ParseDecimalDigit         1000c420 f   pmc_parse.obj
 0001:0000b4c0       _ParseHexDigit             1000c4c0 f   pmc_parse.obj
 0001:0000b500       _StartsWith                1000c500 f   pmc_parse.obj
 0001:0000b540       _TryParseDN                1000c540 f   pmc_parse.obj
 0001:0000b820       _TryParseX                 1000c820 f   pmc_parse.obj
 0001:0000bbc0       _PMC_Pow_X_I_Imp           1000cbc0 f   pmc_pow.obj
 0001:0000c8b0       _DoBorrow                  1000d8b0 f   pmc_subtruct.obj
 0001:0000d1a0       _Subtruct_X_1W             1000e1a0 f   pmc_subtruct.obj
 0001:0000d1e0       __SUBTRUCT_16WORDS_SBB     1000e1e0 f   pmc_subtruct.obj
 0001:0000d480       _OutputOneChar             1000e480 f   pmc_tostring.obj
 0001:0000d608       $LN20                      1000e608     pmc_tostring.obj
 0001:0000d61c       $LN16                      1000e61c     pmc_tostring.obj
 0001:0000d660       _PrintDecimal              1000e660 f   pmc_tostring.obj
 0001:0000d950       _ToStringDN                1000e950 f   pmc_tostring.obj
 0001:0000dc20       _ToStringX                 1000ec20 f   pmc_tostring.obj
 0001:0000dd20       _ToStringX_1WORD           1000ed20 f   pmc_tostring.obj
 0001:0000df80       $$000000                   1000ef80     MSVCRT:ulldiv.obj
 0001:0000dff0       $$000000                   1000eff0     MSVCRT:ulldvrm.obj
 0001:0000e090       $$000000                   1000f090     MSVCRT:ullrem.obj
 0001:0000e105       ?dllmain_crt_dispatch@@YGHQAUHINSTANCE__@@KQAX@Z 1000f105 f   MSVCRT:dll_dllmain.obj
 0001:0000e158       ?dllmain_crt_process_attach@@YAHQAUHINSTANCE__@@QAX@Z 1000f158 f   MSVCRT:dll_dllmain.obj
 0001:0000e262       ?dllmain_crt_process_detach@@YAH_N@Z 1000f262 f   MSVCRT:dll_dllmain.obj
 0001:0000e2f4       ?dllmain_dispatch@@YAHQAUHINSTANCE__@@KQAX@Z 1000f2f4 f   MSVCRT:dll_dllmain.obj
 0001:0000e3fa       ?dllmain_raw@@YGHQAUHINSTANCE__@@KQAX@Z 1000f3fa f   MSVCRT:dll_dllmain.obj
 0001:0000e569       ___get_entropy             1000f569 f   MSVCRT:gs_support.obj
 0001:0000e642       ?find_pe_section@@YAPAU_IMAGE_SECTION_HEADER@@QAEI@Z 1000f642 f   MSVCRT:utility.obj
 0001:0000eac0       $$000000                   1000fac0     MSVCRT:sehprolg4.obj
 0002:000000dc       _GS_ExceptionPointers      100100dc     MSVCRT:gs_report.obj
 0002:000004c8       __sehtable$?dllmain_crt_process_attach@@YAHQAUHINSTANCE__@@QAX@Z 100104c8     MSVCRT:dll_dllmain.obj
 0002:000004e8       __sehtable$?dllmain_crt_process_detach@@YAH_N@Z 100104e8     MSVCRT:dll_dllmain.obj
 0002:00000508       __sehtable$?dllmain_dispatch@@YAHQAUHINSTANCE__@@KQAX@Z 10010508     MSVCRT:dll_dllmain.obj
 0002:00000528       __sehtable$___scrt_is_nonwritable_in_current_image 10010528     MSVCRT:utility.obj
 0002:00000550       .edata                     10010550     Palmtree.Math.Core.Uint.exp
 0002:00000578       rgpv                       10010578     Palmtree.Math.Core.Uint.exp
 0002:00000580       rgszName                   10010580     Palmtree.Math.Core.Uint.exp
 0002:00000588       rgwOrd                     10010588     Palmtree.Math.Core.Uint.exp
 0002:0000058c       szName                     1001058c     Palmtree.Math.Core.Uint.exp
 0002:000005a8       $N00001                    100105a8     Palmtree.Math.Core.Uint.exp
 0002:000005b0       $N00002                    100105b0     Palmtree.Math.Core.Uint.exp
 0002:000006dc       .idata$6                   100106dc     kernel32:KERNEL32.dll
 0002:0000072e       .idata$6                   1001072e     vcruntime:VCRUNTIME140.dll
 0002:000007e6       .idata$6                   100107e6     ucrt:api-ms-win-crt-runtime-l1-1-0.dll
 0003:00000000       _decimal_digits            10011000     pmc_tostring.obj
 0003:00000018       _hexadecimal_lower_digits  10011018     pmc_tostring.obj
 0003:0000003c       _hexadecimal_upper_digits  1001103c     pmc_tostring.obj
 0003:00000080       _fp_Add_Imp                10011080     pmc_add.obj
 0003:00000084       _fp_DivRem_X_X             10011084     pmc_divrem.obj
 0003:00000088       _entry_points              10011088     pmc_initialize.obj
 0003:000001a4       _initialized               100111a4     pmc_initialize.obj
 0003:000001a8       _fp_Multiply_X_1W          100111a8     pmc_multiply.obj
 0003:000001ac       _fp_Multiply_X_2W          100111ac     pmc_multiply.obj
 0003:000001b0       _fp_Multiply_X_X           100111b0     pmc_multiply.obj
 0003:000001b8       _default_number_format_option 100111b8     pmc_parse.obj
 0003:00000278       _fp_MultiplyAndAdd         10011278     pmc_parse.obj
 0003:00000280       _default_number_format_option 10011280     pmc_tostring.obj
 0003:00000340       ?__proc_attached@@3HA      10011340     MSVCRT:dll_dllmain.obj
 0003:00000348       _GS_ExceptionRecord        10011348     MSVCRT:gs_report.obj
 0003:00000398       _GS_ContextRecord          10011398     MSVCRT:gs_report.obj
 0003:00000688       ?is_initialized_as_dll@@3_NA 10011688     MSVCRT:utility.obj
 0003:00000689       ?module_local_atexit_table_initialized@@3_NA 10011689     MSVCRT:utility.obj
 0003:0000068c       ?module_local_atexit_table@@3U_onexit_table_t@@A 1001168c     MSVCRT:utility.obj
 0003:00000698       ?module_local_at_quick_exit_table@@3U_onexit_table_t@@A 10011698     MSVCRT:utility.obj
 0004:000000a0       $R000000                   100120a0     Palmtree.Math.Core.Uint.res
 0004:000003c0       $R000320                   100123c0     Palmtree.Math.Core.Uint.res
