 Palmtree.Math.Core.Uint

 Timestamp is 5c5c30db (Thu Feb  7 22:21:31 2019)

 Preferred load address is 10000000

 Start         Length     Name                   Class
 0001:00000000 0000dea1H .text$mn                CODE
 0002:00000000 00000080H .idata$5                DATA
 0002:00000080 00000004H .00cfg                  DATA
 0002:00000084 00000004H .CRT$XCA                DATA
 0002:00000088 00000004H .CRT$XCZ                DATA
 0002:0000008c 00000004H .CRT$XIA                DATA
 0002:00000090 00000004H .CRT$XIZ                DATA
 0002:00000094 00000004H .CRT$XPA                DATA
 0002:00000098 00000004H .CRT$XPZ                DATA
 0002:0000009c 00000004H .CRT$XTA                DATA
 0002:000000a0 00000010H .CRT$XTZ                DATA
 0002:000000a4 00000000H .gfids$y                DATA
 0002:000000b0 00000120H .rdata                  DATA
 0002:000001d0 00000004H .rdata$sxdata           DATA
 0002:000001d4 000002c4H .rdata$zzzdbg           DATA
 0002:00000498 00000004H .rtc$IAA                DATA
 0002:0000049c 00000004H .rtc$IZZ                DATA
 0002:000004a0 00000004H .rtc$TAA                DATA
 0002:000004a4 00000004H .rtc$TZZ                DATA
 0002:000004a8 00000088H .xdata$x                DATA
 0002:00000530 00000074H .edata                  DATA
 0002:000005a4 0000003cH .idata$2                DATA
 0002:000005e0 00000014H .idata$3                DATA
 0002:000005f4 00000080H .idata$4                DATA
 0002:00000674 0000028cH .idata$6                DATA
 0003:00000000 00000080H .data                   DATA
 0003:00000080 00000588H .bss                    DATA
 0004:00000000 000000a0H .rsrc$01                DATA
 0004:000000a0 000004a0H .rsrc$02                DATA

  Address         Publics by Value              Rva+Base       Lib:Object

 0000:00000000       ___guard_iat_table         00000000     <absolute>
 0000:00000000       ___guard_fids_table        00000000     <absolute>
 0000:00000000       ___hybrid_code_map         00000000     <absolute>
 0000:00000000       ___volatile_metadata       00000000     <absolute>
 0000:00000000       ___enclave_config          00000000     <absolute>
 0000:00000000       ___hybrid_code_map_count   00000000     <absolute>
 0000:00000000       ___guard_longjmp_count     00000000     <absolute>
 0000:00000000       ___guard_longjmp_table     00000000     <absolute>
 0000:00000000       ___guard_fids_count        00000000     <absolute>
 0000:00000000       ___dynamic_value_reloc_table 00000000     <absolute>
 0000:00000000       ___hybrid_auxiliary_iat    00000000     <absolute>
 0000:00000000       ___guard_iat_count         00000000     <absolute>
 0000:00000001       ___safe_se_handler_count   00000001     <absolute>
 0000:00000100       ___guard_flags             00000100     <absolute>
 0000:00000000       ___ImageBase               10000000     <linker-defined>
 0001:00000000       _GetCPUInfo                10001000 f   cpuid.obj
 0001:00000110       _DoDebug@4                 10001110 f   debug.obj
 0001:00000120       _DllMain@12                10001120 f   dllmain.obj
 0001:00000170       _AllocateBlock             10001170 f   pmc_memory.obj
 0001:000001c0       _AllocateHeapArea          100011c0 f   pmc_memory.obj
 0001:000001e0       _AllocateNumber            100011e0 f   pmc_memory.obj
 0001:00000400       _Initialize_Compare        10001400 f   pmc_compare.obj
 0001:00000400       ___scrt_stub_for_is_c_termination_complete 10001400 f   MSVCRT:ucrt_stubs.obj
 0001:00000400       _CheckBlockLight           10001400 f   pmc_memory.obj
 0001:00000400       _Initialize_Subtruct       10001400 f   pmc_subtruct.obj
 0001:00000400       __is_c_termination_complete 10001400 f   MSVCRT:ucrt_stubs.obj
 0001:00000400       _Initialize_To             10001400 f   pmc_to.obj
 0001:00000400       _Initialize_BitwiseAnd     10001400 f   pmc_bitwiseand.obj
 0001:00000400       _Initialize_Clone          10001400 f   pmc_clone.obj
 0001:00000400       _Initialize_ExclusiveOr    10001400 f   pmc_exclusiveor.obj
 0001:00000400       _Initialize_From           10001400 f   pmc_from.obj
 0001:00000400       _Initialize_BitwiseOr      10001400 f   pmc_bitwiseor.obj
 0001:00000400       _Initialize_ModPow         10001400 f   pmc_modpow.obj
 0001:00000400       _Initialize_GreatestCommonDivisor 10001400 f   pmc_greatestcommondivisor.obj
 0001:00000400       _Initialize_Equals         10001400 f   pmc_equals.obj
 0001:00000400       _Initialize_GetPropertyValue 10001400 f   pmc_getnumbertype.obj
 0001:00000400       _Initialize_Pow            10001400 f   pmc_pow.obj
 0001:00000400       _Initialize_Shift          10001400 f   pmc_shift.obj
 0001:00000410       _CheckNumber               10001410 f   pmc_memory.obj
 0001:00000440       _CommitNumber              10001440 f   pmc_memory.obj
 0001:00000570       _DeallocateBlock           10001570 f   pmc_memory.obj
 0001:000005b0       _DeallocateHeapArea        100015b0 f   pmc_memory.obj
 0001:000005d0       _DeallocateNumber          100015d0 f   pmc_memory.obj
 0001:00000670       _DuplicateNumber           10001670 f   pmc_memory.obj
 0001:000007a0       _Initialize_Memory         100017a0 f   pmc_memory.obj
 0001:00000940       _PMC_Dispose@4             10001940 f   pmc_memory.obj
 0001:000009f0       _PMC_GetConstantValue_I@8  100019f0 f   pmc_memory.obj
 0001:000010e0       _Initialize_Add            100020e0 f   pmc_add.obj
 0001:00001100       _PMC_Add_I_X@12            10002100 f   pmc_add.obj
 0001:00001140       _PMC_Add_L_X@16            10002140 f   pmc_add.obj
 0001:00001180       _PMC_Add_X_I@12            10002180 f   pmc_add.obj
 0001:000012d0       _PMC_Add_X_L@16            100022d0 f   pmc_add.obj
 0001:00001500       _PMC_Add_X_X@12            10002500 f   pmc_add.obj
 0001:00001a60       _PMC_BitwiseAnd_I_X@12     10002a60 f   pmc_bitwiseand.obj
 0001:00001ac0       _PMC_BitwiseAnd_L_X@16     10002ac0 f   pmc_bitwiseand.obj
 0001:00001b50       _PMC_BitwiseAnd_X_I@12     10002b50 f   pmc_bitwiseand.obj
 0001:00001bb0       _PMC_BitwiseAnd_X_L@16     10002bb0 f   pmc_bitwiseand.obj
 0001:00001c40       _PMC_BitwiseAnd_X_X@12     10002c40 f   pmc_bitwiseand.obj
 0001:00002000       _PMC_BitwiseOr_I_X@12      10003000 f   pmc_bitwiseor.obj
 0001:00002040       _PMC_BitwiseOr_L_X@16      10003040 f   pmc_bitwiseor.obj
 0001:00002080       _PMC_BitwiseOr_X_I@12      10003080 f   pmc_bitwiseor.obj
 0001:00002190       _PMC_BitwiseOr_X_L@16      10003190 f   pmc_bitwiseor.obj
 0001:00002340       _PMC_BitwiseOr_X_X@12      10003340 f   pmc_bitwiseor.obj
 0001:00002430       _PMC_FromByteArray@12      10003430 f   pmc_bytes.obj
 0001:000024d0       _PMC_ToByteArray@16        100034d0 f   pmc_bytes.obj
 0001:00002550       _PMC_Clone_X@8             10003550 f   pmc_clone.obj
 0001:000025b0       _Compare_Imp               100035b0 f   pmc_compare.obj
 0001:00002600       _PMC_Compare_I_X@12        10003600 f   pmc_compare.obj
 0001:00002650       _PMC_Compare_L_X@16        10003650 f   pmc_compare.obj
 0001:000026a0       _PMC_Compare_X_I@12        100036a0 f   pmc_compare.obj
 0001:00002760       _PMC_Compare_X_L@16        10003760 f   pmc_compare.obj
 0001:00002860       _PMC_Compare_X_X@12        10003860 f   pmc_compare.obj
 0001:00002eb0       _DivRem_X_1W               10003eb0 f   pmc_divrem.obj
 0001:00003690       _DivRem_X_X                10004690 f   pmc_divrem.obj
 0001:00003ab0       _Initialize_DivRem         10004ab0 f   pmc_divrem.obj
 0001:00003ae0       _PMC_DivRem_I_X@16         10004ae0 f   pmc_divrem.obj
 0001:00003bc0       _PMC_DivRem_L_X@20         10004bc0 f   pmc_divrem.obj
 0001:00003e50       _PMC_DivRem_X_I@16         10004e50 f   pmc_divrem.obj
 0001:00003fb0       _PMC_DivRem_X_L@20         10004fb0 f   pmc_divrem.obj
 0001:00004280       _PMC_DivRem_X_X@16         10005280 f   pmc_divrem.obj
 0001:00005aa0       _PMC_Equals_I_X@12         10006aa0 f   pmc_equals.obj
 0001:00005ae0       _PMC_Equals_L_X@16         10006ae0 f   pmc_equals.obj
 0001:00005b20       _PMC_Equals_X_I@12         10006b20 f   pmc_equals.obj
 0001:00005bc0       _PMC_Equals_X_L@16         10006bc0 f   pmc_equals.obj
 0001:00005cc0       _PMC_Equals_X_X@12         10006cc0 f   pmc_equals.obj
 0001:00006030       _PMC_ExclusiveOr_I_X@12    10007030 f   pmc_exclusiveor.obj
 0001:00006070       _PMC_ExclusiveOr_L_X@16    10007070 f   pmc_exclusiveor.obj
 0001:000060b0       _PMC_ExclusiveOr_X_I@12    100070b0 f   pmc_exclusiveor.obj
 0001:000061e0       _PMC_ExclusiveOr_X_L@16    100071e0 f   pmc_exclusiveor.obj
 0001:000063a0       _PMC_ExclusiveOr_X_X@12    100073a0 f   pmc_exclusiveor.obj
 0001:000064c0       _From_I_Imp                100074c0 f   pmc_from.obj
 0001:00006510       _From_L_Imp                10007510 f   pmc_from.obj
 0001:000065a0       _PMC_From_I@8              100075a0 f   pmc_from.obj
 0001:00006610       _PMC_From_L@12             10007610 f   pmc_from.obj
 0001:000066c0       _PMC_GetNumberType_X@8     100076c0 f   pmc_getnumbertype.obj
 0001:000067c0       _PMC_GreatestCommonDivisor_I_X@12 100077c0 f   pmc_greatestcommondivisor.obj
 0001:00006800       _PMC_GreatestCommonDivisor_L_X@16 10007800 f   pmc_greatestcommondivisor.obj
 0001:00006840       _PMC_GreatestCommonDivisor_X_I@12 10007840 f   pmc_greatestcommondivisor.obj
 0001:00006a60       _PMC_GreatestCommonDivisor_X_L@16 10007a60 f   pmc_greatestcommondivisor.obj
 0001:00006e60       _PMC_GreatestCommonDivisor_X_X@12 10007e60 f   pmc_greatestcommondivisor.obj
 0001:000070b0       _PMC_UINT_Initialize@4     100080b0 f   pmc_initialize.obj
 0001:00007bf0       _PMC_ModPow_X_X_X@16       10008bf0 f   pmc_modpow.obj
 0001:00007e30       _Initialize_Multiply       10008e30 f   pmc_multiply.obj
 0001:00008dc0       _Multiply_X_X_Imp          10009dc0 f   pmc_multiply.obj
 0001:00008e90       _PMC_Multiply_I_X@12       10009e90 f   pmc_multiply.obj
 0001:00008ed0       _PMC_Multiply_L_X@16       10009ed0 f   pmc_multiply.obj
 0001:00008f10       _PMC_Multiply_X_I@12       10009f10 f   pmc_multiply.obj
 0001:00009020       _PMC_Multiply_X_L@16       1000a020 f   pmc_multiply.obj
 0001:00009190       _PMC_Multiply_X_X@12       1000a190 f   pmc_multiply.obj
 0001:000095a0       _Initialize_Parse          1000a5a0 f   pmc_parse.obj
 0001:0000a230       _PMC_TryParse@16           1000b230 f   pmc_parse.obj
 0001:0000add0       _PMC_Pow_X_I@12            1000bdd0 f   pmc_pow.obj
 0001:0000b050       _LeftShift_Imp_DIV         1000c050 f   pmc_shift.obj
 0001:0000b050       _LeftShift_Imp             1000c050 f   pmc_shift.obj
 0001:0000b660       _PMC_LeftShift_X_I@12      1000c660 f   pmc_shift.obj
 0001:0000b720       _PMC_RightShift_X_I@12     1000c720 f   pmc_shift.obj
 0001:0000b800       _RightShift_Imp_DIV        1000c800 f   pmc_shift.obj
 0001:0000b800       _RightShift_Imp            1000c800 f   pmc_shift.obj
 0001:0000bad0       _PMC_GetStatisticsInfo@4   1000cad0 f   pmc_statistics.obj
 0001:0000bb60       _PMC_Subtruct_I_X@12       1000cb60 f   pmc_subtruct.obj
 0001:0000bbe0       _PMC_Subtruct_L_X@16       1000cbe0 f   pmc_subtruct.obj
 0001:0000bce0       _PMC_Subtruct_X_I@12       1000cce0 f   pmc_subtruct.obj
 0001:0000be10       _PMC_Subtruct_X_L@16       1000ce10 f   pmc_subtruct.obj
 0001:0000c030       _PMC_Subtruct_X_X@12       1000d030 f   pmc_subtruct.obj
 0001:0000c160       _Subtruct_Imp              1000d160 f   pmc_subtruct.obj
 0001:0000c4e0       _PMC_To_X_I@8              1000d4e0 f   pmc_to.obj
 0001:0000c530       _PMC_To_X_L@8              1000d530 f   pmc_to.obj
 0001:0000c5b0       _Initialize_ToString       1000d5b0 f   pmc_tostring.obj
 0001:0000c6b0       _PMC_ToString@24           1000d6b0 f   pmc_tostring.obj
 0001:0000d0d8       @__security_check_cookie@4 1000e0d8 f   MSVCRT:secchk.obj
 0001:0000d0f0       __aulldiv                  1000e0f0 f   MSVCRT:ulldiv.obj
 0001:0000d160       __aulldvrm                 1000e160 f   MSVCRT:ulldvrm.obj
 0001:0000d200       __aullrem                  1000e200 f   MSVCRT:ullrem.obj
 0001:0000d595       __DllMainCRTStartup@12     1000e595 f   MSVCRT:dll_dllmain.obj
 0001:0000d5b8       ___raise_securityfailure   1000e5b8 f   MSVCRT:gs_report.obj
 0001:0000d5e0       ___report_gsfailure        1000e5e0 f   MSVCRT:gs_report.obj
 0001:0000d726       ___security_init_cookie    1000e726 f   MSVCRT:gs_support.obj
 0001:0000d771       ?__scrt_initialize_type_info@@YAXXZ 1000e771 f   MSVCRT:tncleanup.obj
 0001:0000d77d       ?__scrt_uninitialize_type_info@@YAXXZ 1000e77d f   MSVCRT:tncleanup.obj
 0001:0000d789       ___local_stdio_printf_options 1000e789 f i MSVCRT:default_local_stdio_options.obj
 0001:0000d78f       ___local_stdio_scanf_options 1000e78f f i MSVCRT:default_local_stdio_options.obj
 0001:0000d795       ___scrt_initialize_default_local_stdio_options 1000e795 f   MSVCRT:default_local_stdio_options.obj
 0001:0000d7f6       ___scrt_acquire_startup_lock 1000e7f6 f   MSVCRT:utility.obj
 0001:0000d828       ___scrt_dllmain_after_initialize_c 1000e828 f   MSVCRT:utility.obj
 0001:0000d853       ___scrt_dllmain_before_initialize_c 1000e853 f   MSVCRT:utility.obj
 0001:0000d861       ___scrt_dllmain_crt_thread_attach 1000e861 f   MSVCRT:utility.obj
 0001:0000d880       ___scrt_dllmain_crt_thread_detach 1000e880 f   MSVCRT:utility.obj
 0001:0000d88d       ___scrt_dllmain_exception_filter 1000e88d f   MSVCRT:utility.obj
 0001:0000d8c1       ___scrt_dllmain_uninitialize_c 1000e8c1 f   MSVCRT:utility.obj
 0001:0000d8e4       ___scrt_dllmain_uninitialize_critical 1000e8e4 f   MSVCRT:utility.obj
 0001:0000d8f1       ___scrt_initialize_crt     1000e8f1 f   MSVCRT:utility.obj
 0001:0000d92a       ___scrt_initialize_onexit_tables 1000e92a f   MSVCRT:utility.obj
 0001:0000d9cf       ___scrt_is_nonwritable_in_current_image 1000e9cf f   MSVCRT:utility.obj
 0001:0000da63       ___scrt_release_startup_lock 1000ea63 f   MSVCRT:utility.obj
 0001:0000da80       ___scrt_uninitialize_crt   1000ea80 f   MSVCRT:utility.obj
 0001:0000daa8       ___scrt_get_dyn_tls_init_callback 1000eaa8 f   MSVCRT:dyn_tls_init.obj
 0001:0000daae       ___scrt_fastfail           1000eaae f   MSVCRT:utility_desktop.obj
 0001:0000dbc8       __crt_debugger_hook        1000ebc8 f   MSVCRT:utility_desktop.obj
 0001:0000dbd0       __RTC_Initialize           1000ebd0 f   MSVCRT:initsect.obj
 0001:0000dbfc       __RTC_Terminate            1000ebfc f   MSVCRT:initsect.obj
 0001:0000dc30       __SEH_prolog4              1000ec30 f   MSVCRT:sehprolg4.obj
 0001:0000dc76       __SEH_epilog4              1000ec76 f   MSVCRT:sehprolg4.obj
 0001:0000dc8b       __except_handler4          1000ec8b f   MSVCRT:chandler4gs.obj
 0001:0000dcae       @_guard_check_icall_nop@4  1000ecae f i MSVCRT:guard_support.obj
 0001:0000dcaf       ___isa_available_init      1000ecaf f   MSVCRT:cpu_disp.obj
 0001:0000de46       __get_startup_argv_mode    1000ee46 f   MSVCRT:argv_mode.obj
 0001:0000de4a       ___scrt_is_ucrt_dll_in_use 1000ee4a f   MSVCRT:ucrt_detection.obj
 0001:0000de56       ___std_type_info_destroy_list 1000ee56 f   vcruntime:VCRUNTIME140.dll
 0001:0000de5c       _memset                    1000ee5c f   vcruntime:VCRUNTIME140.dll
 0001:0000de62       __except_handler4_common   1000ee62 f   vcruntime:VCRUNTIME140.dll
 0001:0000de68       __initterm                 1000ee68 f   ucrt:api-ms-win-crt-runtime-l1-1-0.dll
 0001:0000de6e       __initterm_e               1000ee6e f   ucrt:api-ms-win-crt-runtime-l1-1-0.dll
 0001:0000de74       __seh_filter_dll           1000ee74 f   ucrt:api-ms-win-crt-runtime-l1-1-0.dll
 0001:0000de7a       __configure_narrow_argv    1000ee7a f   ucrt:api-ms-win-crt-runtime-l1-1-0.dll
 0001:0000de80       __initialize_narrow_environment 1000ee80 f   ucrt:api-ms-win-crt-runtime-l1-1-0.dll
 0001:0000de86       __initialize_onexit_table  1000ee86 f   ucrt:api-ms-win-crt-runtime-l1-1-0.dll
 0001:0000de8c       __execute_onexit_table     1000ee8c f   ucrt:api-ms-win-crt-runtime-l1-1-0.dll
 0001:0000de92       __cexit                    1000ee92 f   ucrt:api-ms-win-crt-runtime-l1-1-0.dll
 0001:0000de98       _IsProcessorFeaturePresent@4 1000ee98 f   kernel32:KERNEL32.dll
 0001:0000de9e       ___vcrt_uninitialize_critical 1000ee9e f   MSVCRT:ucrt_stubs.obj
 0001:0000de9e       ___scrt_stub_for_acrt_thread_attach 1000ee9e f   MSVCRT:ucrt_stubs.obj
 0001:0000de9e       ___vcrt_initialize         1000ee9e f   MSVCRT:ucrt_stubs.obj
 0001:0000de9e       ___scrt_stub_for_acrt_thread_detach 1000ee9e f   MSVCRT:ucrt_stubs.obj
 0001:0000de9e       ___scrt_stub_for_acrt_uninitialize_critical 1000ee9e f   MSVCRT:ucrt_stubs.obj
 0001:0000de9e       ___acrt_initialize         1000ee9e f   MSVCRT:ucrt_stubs.obj
 0001:0000de9e       ___acrt_thread_detach      1000ee9e f   MSVCRT:ucrt_stubs.obj
 0001:0000de9e       ___vcrt_uninitialize       1000ee9e f   MSVCRT:ucrt_stubs.obj
 0001:0000de9e       ___acrt_thread_attach      1000ee9e f   MSVCRT:ucrt_stubs.obj
 0001:0000de9e       ___vcrt_thread_attach      1000ee9e f   MSVCRT:ucrt_stubs.obj
 0001:0000de9e       ___scrt_stub_for_acrt_uninitialize 1000ee9e f   MSVCRT:ucrt_stubs.obj
 0001:0000de9e       ___vcrt_thread_detach      1000ee9e f   MSVCRT:ucrt_stubs.obj
 0001:0000de9e       ___acrt_uninitialize_critical 1000ee9e f   MSVCRT:ucrt_stubs.obj
 0001:0000de9e       ___acrt_uninitialize       1000ee9e f   MSVCRT:ucrt_stubs.obj
 0001:0000de9e       ___scrt_stub_for_acrt_initialize 1000ee9e f   MSVCRT:ucrt_stubs.obj
 0002:00000000       __imp__HeapCreate@12       1000f000     kernel32:KERNEL32.dll
 0002:00000004       __imp__HeapDestroy@4       1000f004     kernel32:KERNEL32.dll
 0002:00000008       __imp__HeapAlloc@12        1000f008     kernel32:KERNEL32.dll
 0002:0000000c       __imp__HeapFree@12         1000f00c     kernel32:KERNEL32.dll
 0002:00000010       __imp__lstrcpyA@8          1000f010     kernel32:KERNEL32.dll
 0002:00000014       __imp__lstrcpyW@8          1000f014     kernel32:KERNEL32.dll
 0002:00000018       __imp__lstrlenW@4          1000f018     kernel32:KERNEL32.dll
 0002:0000001c       __imp__IsDebuggerPresent@0 1000f01c     kernel32:KERNEL32.dll
 0002:00000020       __imp__InitializeSListHead@4 1000f020     kernel32:KERNEL32.dll
 0002:00000024       __imp__GetSystemTimeAsFileTime@4 1000f024     kernel32:KERNEL32.dll
 0002:00000028       __imp__GetCurrentThreadId@0 1000f028     kernel32:KERNEL32.dll
 0002:0000002c       __imp__GetCurrentProcessId@0 1000f02c     kernel32:KERNEL32.dll
 0002:00000030       __imp__QueryPerformanceCounter@4 1000f030     kernel32:KERNEL32.dll
 0002:00000034       __imp__IsProcessorFeaturePresent@4 1000f034     kernel32:KERNEL32.dll
 0002:00000038       __imp__TerminateProcess@8  1000f038     kernel32:KERNEL32.dll
 0002:0000003c       __imp__GetCurrentProcess@0 1000f03c     kernel32:KERNEL32.dll
 0002:00000040       __imp__SetUnhandledExceptionFilter@4 1000f040     kernel32:KERNEL32.dll
 0002:00000044       __imp__UnhandledExceptionFilter@4 1000f044     kernel32:KERNEL32.dll
 0002:00000048       \177KERNEL32_NULL_THUNK_DATA 1000f048     kernel32:KERNEL32.dll
 0002:0000004c       __imp__memset              1000f04c     vcruntime:VCRUNTIME140.dll
 0002:00000050       __imp___except_handler4_common 1000f050     vcruntime:VCRUNTIME140.dll
 0002:00000054       __imp____std_type_info_destroy_list 1000f054     vcruntime:VCRUNTIME140.dll
 0002:00000058       \177VCRUNTIME140_NULL_THUNK_DATA 1000f058     vcruntime:VCRUNTIME140.dll
 0002:0000005c       __imp___initialize_onexit_table 1000f05c     ucrt:api-ms-win-crt-runtime-l1-1-0.dll
 0002:00000060       __imp___cexit              1000f060     ucrt:api-ms-win-crt-runtime-l1-1-0.dll
 0002:00000064       __imp___configure_narrow_argv 1000f064     ucrt:api-ms-win-crt-runtime-l1-1-0.dll
 0002:00000068       __imp___seh_filter_dll     1000f068     ucrt:api-ms-win-crt-runtime-l1-1-0.dll
 0002:0000006c       __imp___initterm_e         1000f06c     ucrt:api-ms-win-crt-runtime-l1-1-0.dll
 0002:00000070       __imp___initterm           1000f070     ucrt:api-ms-win-crt-runtime-l1-1-0.dll
 0002:00000074       __imp___initialize_narrow_environment 1000f074     ucrt:api-ms-win-crt-runtime-l1-1-0.dll
 0002:00000078       __imp___execute_onexit_table 1000f078     ucrt:api-ms-win-crt-runtime-l1-1-0.dll
 0002:0000007c       \177api-ms-win-crt-runtime-l1-1-0_NULL_THUNK_DATA 1000f07c     ucrt:api-ms-win-crt-runtime-l1-1-0.dll
 0002:00000080       ___guard_check_icall_fptr  1000f080     MSVCRT:guard_support.obj
 0002:00000084       ___xc_a                    1000f084     MSVCRT:initializers.obj
 0002:00000088       ___xc_z                    1000f088     MSVCRT:initializers.obj
 0002:0000008c       ___xi_a                    1000f08c     MSVCRT:initializers.obj
 0002:00000090       ___xi_z                    1000f090     MSVCRT:initializers.obj
 0002:00000094       ___xp_a                    1000f094     MSVCRT:initializers.obj
 0002:00000098       ___xp_z                    1000f098     MSVCRT:initializers.obj
 0002:0000009c       ___xt_a                    1000f09c     MSVCRT:initializers.obj
 0002:000000a0       ___xt_z                    1000f0a0     MSVCRT:initializers.obj
 0002:000000b0       ??_C@_13DEFPDAGF@?$AA?0@   1000f0b0     pmc_parse.obj
 0002:000000b4       ??_C@_13JOFGPIOO@?$AA?4@   1000f0b4     pmc_parse.obj
 0002:000000b8       ??_C@_01EKENIIDA@3@        1000f0b8     pmc_parse.obj
 0002:000000bc       ??_C@_13KJIIAINM@?$AA?$CL@ 1000f0bc     pmc_parse.obj
 0002:000000c0       ??_C@_13IMODFHAA@?$AA?9@   1000f0c0     pmc_parse.obj
 0002:000000c4       __pRawDllMain              1000f0c4     MSVCRT:dll_dllmain.obj
 0002:000000c4       __pDefaultRawDllMain       1000f0c4     MSVCRT:dll_dllmain.obj
 0002:00000128       __load_config_used         1000f128     MSVCRT:loadcfg.obj
 0002:000001d0       ___safe_se_handler_table   1000f1d0     <linker-defined>
 0002:00000498       ___rtc_iaa                 1000f498     MSVCRT:initsect.obj
 0002:0000049c       ___rtc_izz                 1000f49c     MSVCRT:initsect.obj
 0002:000004a0       ___rtc_taa                 1000f4a0     MSVCRT:initsect.obj
 0002:000004a4       ___rtc_tzz                 1000f4a4     MSVCRT:initsect.obj
 0002:000005a4       __IMPORT_DESCRIPTOR_KERNEL32 1000f5a4     kernel32:KERNEL32.dll
 0002:000005b8       __IMPORT_DESCRIPTOR_VCRUNTIME140 1000f5b8     vcruntime:VCRUNTIME140.dll
 0002:000005cc       __IMPORT_DESCRIPTOR_api-ms-win-crt-runtime-l1-1-0 1000f5cc     ucrt:api-ms-win-crt-runtime-l1-1-0.dll
 0002:000005e0       __NULL_IMPORT_DESCRIPTOR   1000f5e0     kernel32:KERNEL32.dll
 0003:00000060       ___security_cookie_complement 10010060     MSVCRT:gs_cookie.obj
 0003:00000064       ___security_cookie         10010064     MSVCRT:gs_cookie.obj
 0003:00000068       ___scrt_native_dllmain_reason 10010068     MSVCRT:utility.obj
 0003:00000070       ___isa_enabled             10010070     MSVCRT:cpu_disp.obj
 0003:00000074       ___scrt_ucrt_dll_is_in_use 10010074     MSVCRT:ucrt_stubs.obj
 0003:00000520       ?__type_info_root_node@@3U__type_info_node@@A 10010520     MSVCRT:tncleanup.obj
 0003:00000528       ?_OptionsStorage@?1??__local_stdio_printf_options@@9@4_KA 10010528     MSVCRT:default_local_stdio_options.obj
 0003:00000530       ?_OptionsStorage@?1??__local_stdio_scanf_options@@9@4_KA 10010530     MSVCRT:default_local_stdio_options.obj
 0003:00000538       ___scrt_current_native_startup_state 10010538     MSVCRT:utility.obj
 0003:0000053c       ___scrt_native_startup_lock 1001053c     MSVCRT:utility.obj
 0003:0000055c       ___scrt_debugger_hook_flag 1001055c     MSVCRT:utility_desktop.obj
 0003:00000560       ___isa_available           10010560     MSVCRT:cpu_disp.obj
 0003:00000564       ___favor                   10010564     MSVCRT:cpu_disp.obj
 0003:00000570       _statistics_info           10010570     <common>
 0003:00000580       _configuration_info        10010580     <common>
 0003:00000584       _hLocalHeap                10010584     <common>
 0003:000005a0       _number_one                100105a0     <common>
 0003:000005e0       _number_zero               100105e0     <common>
 0003:00000604       ___dyn_tls_init_callback   10010604     <common>

 entry point at        0001:0000d595

 Static symbols

 0000:fffed000       .debug$S                   10000000     ucrt:api-ms-win-crt-runtime-l1-1-0.dll
 0000:fffed000       .debug$S                   10000000     kernel32:KERNEL32.dll
 0000:fffed000       .debug$S                   10000000     kernel32:KERNEL32.dll
 0000:fffed000       .debug$S                   10000000     kernel32:KERNEL32.dll
 0000:fffed000       .debug$S                   10000000     kernel32:KERNEL32.dll
 0000:fffed000       .debug$S                   10000000     kernel32:KERNEL32.dll
 0000:fffed000       .debug$S                   10000000     kernel32:KERNEL32.dll
 0000:fffed000       .debug$S                   10000000     vcruntime:VCRUNTIME140.dll
 0000:fffed000       .debug$S                   10000000     Palmtree.Math.Core.Uint.exp
 0000:fffed000       .debug$S                   10000000     vcruntime:VCRUNTIME140.dll
 0000:fffed000       .debug$S                   10000000     kernel32:KERNEL32.dll
 0000:fffed000       .debug$S                   10000000     kernel32:KERNEL32.dll
 0000:fffed000       .debug$S                   10000000     kernel32:KERNEL32.dll
 0000:fffed000       .debug$S                   10000000     kernel32:KERNEL32.dll
 0000:fffed000       .debug$S                   10000000     kernel32:KERNEL32.dll
 0000:fffed000       .debug$S                   10000000     kernel32:KERNEL32.dll
 0000:fffed000       .debug$S                   10000000     kernel32:KERNEL32.dll
 0000:fffed000       .debug$S                   10000000     kernel32:KERNEL32.dll
 0000:fffed000       .debug$S                   10000000     kernel32:KERNEL32.dll
 0000:fffed000       .debug$S                   10000000     kernel32:KERNEL32.dll
 0000:fffed000       .debug$S                   10000000     kernel32:KERNEL32.dll
 0000:fffed000       .debug$S                   10000000     kernel32:KERNEL32.dll
 0000:fffed000       .debug$S                   10000000     kernel32:KERNEL32.dll
 0000:fffed000       .debug$S                   10000000     vcruntime:VCRUNTIME140.dll
 0000:fffed000       .debug$S                   10000000     ucrt:api-ms-win-crt-runtime-l1-1-0.dll
 0000:fffed000       .debug$S                   10000000     ucrt:api-ms-win-crt-runtime-l1-1-0.dll
 0000:fffed000       .debug$S                   10000000     ucrt:api-ms-win-crt-runtime-l1-1-0.dll
 0000:fffed000       .debug$S                   10000000     ucrt:api-ms-win-crt-runtime-l1-1-0.dll
 0000:fffed000       .debug$S                   10000000     ucrt:api-ms-win-crt-runtime-l1-1-0.dll
 0000:fffed000       .debug$S                   10000000     kernel32:KERNEL32.dll
 0000:fffed000       .debug$S                   10000000     ucrt:api-ms-win-crt-runtime-l1-1-0.dll
 0000:fffed000       .debug$S                   10000000     ucrt:api-ms-win-crt-runtime-l1-1-0.dll
 0000:fffed000       .debug$S                   10000000     ucrt:api-ms-win-crt-runtime-l1-1-0.dll
 0000:fffed000       .debug$S                   10000000     ucrt:api-ms-win-crt-runtime-l1-1-0.dll
 0000:fffed000       .debug$S                   10000000     ucrt:api-ms-win-crt-runtime-l1-1-0.dll
 0000:fffed000       .debug$S                   10000000     ucrt:api-ms-win-crt-runtime-l1-1-0.dll
 0001:00000158       $LN12                      10001158     dllmain.obj
 0001:00000230       _CalculateCheckCode        10001230 f   pmc_memory.obj
 0001:00000700       _InitializeNumber          10001700 f   pmc_memory.obj
 0001:00000a30       _Add_Imp_using_ADC         10001a30 f   pmc_add.obj
 0001:00000ce0       _Add_Imp_using_ADCX        10001ce0 f   pmc_add.obj
 0001:00001020       _Add_X_1W                  10002020 f   pmc_add.obj
 0001:00001060       _DoCarry                   10002060 f   pmc_add.obj
 0001:000011c0       _PMC_Add_X_I_Imp           100021c0 f   pmc_add.obj
 0001:00001310       _PMC_Add_X_L_Imp           10002310 f   pmc_add.obj
 0001:00001640       __ADD_16WORDS_ADC_DIV      10002640 f   pmc_divrem.obj
 0001:00001640       __ADD_16WORDS_ADC          10002640 f   pmc_add.obj
 0001:000016f0       __ADD_16WORDS_ADCX         100026f0 f   pmc_add.obj
 0001:000016f0       __ADD_16WORDS_ADCX_DIV     100026f0 f   pmc_divrem.obj
 0001:000017d0       _BitwiseAnd_X_X            100027d0 f   pmc_bitwiseand.obj
 0001:00001d40       _BitwiseOr_X_1W            10002d40 f   pmc_bitwiseor.obj
 0001:00001d70       _BitwiseOr_X_X             10002d70 f   pmc_bitwiseor.obj
 0001:000020c0       _PMC_BitwiseOr_X_I_Imp     100030c0 f   pmc_bitwiseor.obj
 0001:000021d0       _PMC_BitwiseOr_X_L_Imp     100031d0 f   pmc_bitwiseor.obj
 0001:000026f0       _PMC_Compare_X_I_Imp       100036f0 f   pmc_compare.obj
 0001:000027b0       _PMC_Compare_X_L_Imp       100037b0 f   pmc_compare.obj
 0001:00002940       _AddOneLine                10003940 f   pmc_divrem.obj
 0001:00002bb0       _AddOneLineX               10003bb0 f   pmc_divrem.obj
 0001:00003730       _DivRem_X_X_using_ADC_MUL  10004730 f   pmc_divrem.obj
 0001:000038f0       _DivRem_X_X_using_ADX_MULX 100048f0 f   pmc_divrem.obj
 0001:00004560       _SubtructOneLine           10005560 f   pmc_divrem.obj
 0001:00004f10       _SubtructOneLineX          10005f10 f   pmc_divrem.obj
 0001:00005a80       __LZCNT_ALT_32             10006a80 f   pmc_divrem.obj
 0001:00005a80       __LZCNT_ALT_32             10006a80 f   pmc_multiply.obj
 0001:00005a80       __LZCNT_ALT_32             10006a80 f   pmc_subtruct.obj
 0001:00005b60       _PMC_Equals_X_I_Imp        10006b60 f   pmc_equals.obj
 0001:00005c00       _PMC_Equals_X_L_Imp        10006c00 f   pmc_equals.obj
 0001:00005d70       _ExclusiveOr_X_1W          10006d70 f   pmc_exclusiveor.obj
 0001:00005da0       _ExclusiveOr_X_X           10006da0 f   pmc_exclusiveor.obj
 0001:000060f0       _PMC_ExclusiveOr_X_I_Imp   100070f0 f   pmc_exclusiveor.obj
 0001:00006220       _PMC_ExclusiveOr_X_L_Imp   10007220 f   pmc_exclusiveor.obj
 0001:00006720       _GreatestCommonDivisor_Imp 10007720 f   pmc_greatestcommondivisor.obj
 0001:00006880       _PMC_GreatestCommonDivisor_X_I_Imp 10007880 f   pmc_greatestcommondivisor.obj
 0001:00006aa0       _PMC_GreatestCommonDivisor_X_L_Imp 10007aa0 f   pmc_greatestcommondivisor.obj
 0001:00007520       _ModulePower               10008520 f   pmc_modpow.obj
 0001:00007cd0       _Remainder                 10008cd0 f   pmc_modpow.obj
 0001:00007e80       _Multiply_WORD_using_MULX_ADCX 10008e80 f   pmc_multiply.obj
 0001:00008700       _Multiply_WORD_using_MUL_ADC 10009700 f   pmc_multiply.obj
 0001:00008d40       _Multiply_X_1W_using_MULX_ADCX 10009d40 f   pmc_multiply.obj
 0001:00008d50       _Multiply_X_1W_using_MUL_ADC 10009d50 f   pmc_multiply.obj
 0001:00008d60       _Multiply_X_2W_using_MULX_ADCX 10009d60 f   pmc_multiply.obj
 0001:00008d90       _Multiply_X_2W_using_MUL_ADC 10009d90 f   pmc_multiply.obj
 0001:00008dd0       _Multiply_X_X_using_MULX_ADCX 10009dd0 f   pmc_multiply.obj
 0001:00008e30       _Multiply_X_X_using_MUL_ADC 10009e30 f   pmc_multiply.obj
 0001:00008f50       _PMC_Multiply_X_I_Imp      10009f50 f   pmc_multiply.obj
 0001:00009060       _PMC_Multiply_X_L_Imp      1000a060 f   pmc_multiply.obj
 0001:000092b0       _BuildBinaryFromHexString  1000a2b0 f   pmc_parse.obj
 0001:0000944c       $LN45                      1000a44c     pmc_parse.obj
 0001:0000945c       $LN42                      1000a45c     pmc_parse.obj
 0001:00009494       $LN46                      1000a494     pmc_parse.obj
 0001:000094a4       $LN43                      1000a4a4     pmc_parse.obj
 0001:000094e0       _InitializeParserState     1000a4e0 f   pmc_parse.obj
 0001:00009620       _MultiplyAndAdd_using_ADCX_MULX 1000a620 f   pmc_parse.obj
 0001:00009d00       _MultiplyAndAdd_using_ADC_MUL 1000ad00 f   pmc_parse.obj
 0001:0000a2b0       _Parse1DigitFromHexChar    1000b2b0 f   pmc_parse.obj
 0001:0000a2dc       $LN11                      1000b2dc     pmc_parse.obj
 0001:0000a2ec       $LN9                       1000b2ec     pmc_parse.obj
 0001:0000a330       _ParseAsDecimalNumberString 1000b330 f   pmc_parse.obj
 0001:0000a650       _ParseAsFractionPartNumberSequence 1000b650 f   pmc_parse.obj
 0001:0000a6c0       _ParseAsIntegerPartNumberSequence 1000b6c0 f   pmc_parse.obj
 0001:0000a7b0       _StartsWith                1000b7b0 f   pmc_parse.obj
 0001:0000a7f0       _TryParseDN                1000b7f0 f   pmc_parse.obj
 0001:0000ac10       _TryParseX                 1000bc10 f   pmc_parse.obj
 0001:0000ae10       _PMC_Pow_X_I_Imp           1000be10 f   pmc_pow.obj
 0001:0000bb00       _DoBorrow                  1000cb00 f   pmc_subtruct.obj
 0001:0000c3f0       _Subtruct_X_1W             1000d3f0 f   pmc_subtruct.obj
 0001:0000c430       __SUBTRUCT_16WORDS_SBB     1000d430 f   pmc_subtruct.obj
 0001:0000c610       _OutputOneChar             1000d610 f   pmc_tostring.obj
 0001:0000c778       $LN20                      1000d778     pmc_tostring.obj
 0001:0000c78c       $LN16                      1000d78c     pmc_tostring.obj
 0001:0000c7d0       _PrintDecimal              1000d7d0 f   pmc_tostring.obj
 0001:0000cac0       _ToStringDN                1000dac0 f   pmc_tostring.obj
 0001:0000cd90       _ToStringX                 1000dd90 f   pmc_tostring.obj
 0001:0000ce90       _ToStringX_1WORD           1000de90 f   pmc_tostring.obj
 0001:0000d0f0       $$000000                   1000e0f0     MSVCRT:ulldiv.obj
 0001:0000d160       $$000000                   1000e160     MSVCRT:ulldvrm.obj
 0001:0000d200       $$000000                   1000e200     MSVCRT:ullrem.obj
 0001:0000d275       ?dllmain_crt_dispatch@@YGHQAUHINSTANCE__@@KQAX@Z 1000e275 f   MSVCRT:dll_dllmain.obj
 0001:0000d2c8       ?dllmain_crt_process_attach@@YAHQAUHINSTANCE__@@QAX@Z 1000e2c8 f   MSVCRT:dll_dllmain.obj
 0001:0000d3d2       ?dllmain_crt_process_detach@@YAH_N@Z 1000e3d2 f   MSVCRT:dll_dllmain.obj
 0001:0000d464       ?dllmain_dispatch@@YAHQAUHINSTANCE__@@KQAX@Z 1000e464 f   MSVCRT:dll_dllmain.obj
 0001:0000d56a       ?dllmain_raw@@YGHQAUHINSTANCE__@@KQAX@Z 1000e56a f   MSVCRT:dll_dllmain.obj
 0001:0000d6d9       ___get_entropy             1000e6d9 f   MSVCRT:gs_support.obj
 0001:0000d7b2       ?find_pe_section@@YAPAU_IMAGE_SECTION_HEADER@@QAEI@Z 1000e7b2 f   MSVCRT:utility.obj
 0001:0000dc30       $$000000                   1000ec30     MSVCRT:sehprolg4.obj
 0002:000000c8       _GS_ExceptionPointers      1000f0c8     MSVCRT:gs_report.obj
 0002:000004a8       __sehtable$?dllmain_crt_process_attach@@YAHQAUHINSTANCE__@@QAX@Z 1000f4a8     MSVCRT:dll_dllmain.obj
 0002:000004c8       __sehtable$?dllmain_crt_process_detach@@YAH_N@Z 1000f4c8     MSVCRT:dll_dllmain.obj
 0002:000004e8       __sehtable$?dllmain_dispatch@@YAHQAUHINSTANCE__@@KQAX@Z 1000f4e8     MSVCRT:dll_dllmain.obj
 0002:00000508       __sehtable$___scrt_is_nonwritable_in_current_image 1000f508     MSVCRT:utility.obj
 0002:00000530       .edata                     1000f530     Palmtree.Math.Core.Uint.exp
 0002:00000558       rgpv                       1000f558     Palmtree.Math.Core.Uint.exp
 0002:00000560       rgszName                   1000f560     Palmtree.Math.Core.Uint.exp
 0002:00000568       rgwOrd                     1000f568     Palmtree.Math.Core.Uint.exp
 0002:0000056c       szName                     1000f56c     Palmtree.Math.Core.Uint.exp
 0002:00000588       $N00001                    1000f588     Palmtree.Math.Core.Uint.exp
 0002:00000590       $N00002                    1000f590     Palmtree.Math.Core.Uint.exp
 0002:000006cc       .idata$6                   1000f6cc     kernel32:KERNEL32.dll
 0002:0000071e       .idata$6                   1000f71e     vcruntime:VCRUNTIME140.dll
 0002:000007d6       .idata$6                   1000f7d6     ucrt:api-ms-win-crt-runtime-l1-1-0.dll
 0003:00000000       _decimal_digits            10010000     pmc_tostring.obj
 0003:00000018       _hexadecimal_lower_digits  10010018     pmc_tostring.obj
 0003:0000003c       _hexadecimal_upper_digits  1001003c     pmc_tostring.obj
 0003:00000080       _fp_Add_Imp                10010080     pmc_add.obj
 0003:00000084       _fp_DivRem_X_X             10010084     pmc_divrem.obj
 0003:00000088       _entry_points              10010088     pmc_initialize.obj
 0003:00000198       _initialized               10010198     pmc_initialize.obj
 0003:0000019c       _fp_Multiply_X_1W          1001019c     pmc_multiply.obj
 0003:000001a0       _fp_Multiply_X_2W          100101a0     pmc_multiply.obj
 0003:000001a4       _fp_Multiply_X_X           100101a4     pmc_multiply.obj
 0003:000001a8       _default_number_format_option 100101a8     pmc_parse.obj
 0003:000001d0       _fp_MultiplyAndAdd         100101d0     pmc_parse.obj
 0003:000001d4       _default_number_format_option 100101d4     pmc_tostring.obj
 0003:000001fc       ?__proc_attached@@3HA      100101fc     MSVCRT:dll_dllmain.obj
 0003:00000200       _GS_ExceptionRecord        10010200     MSVCRT:gs_report.obj
 0003:00000250       _GS_ContextRecord          10010250     MSVCRT:gs_report.obj
 0003:00000540       ?is_initialized_as_dll@@3_NA 10010540     MSVCRT:utility.obj
 0003:00000541       ?module_local_atexit_table_initialized@@3_NA 10010541     MSVCRT:utility.obj
 0003:00000544       ?module_local_atexit_table@@3U_onexit_table_t@@A 10010544     MSVCRT:utility.obj
 0003:00000550       ?module_local_at_quick_exit_table@@3U_onexit_table_t@@A 10010550     MSVCRT:utility.obj
 0004:000000a0       $R000000                   100110a0     Palmtree.Math.Core.Uint.res
 0004:000003c0       $R000320                   100113c0     Palmtree.Math.Core.Uint.res
