 Palmtree.Math.Core.Uint

 Timestamp is 5c5da41b (Sat Feb  9 00:45:31 2019)

 Preferred load address is 10000000

 Start         Length     Name                   Class
 0001:00000000 0000e741H .text$mn                CODE
 0002:00000000 00000080H .idata$5                DATA
 0002:00000080 00000004H .00cfg                  DATA
 0002:00000084 00000004H .CRT$XCA                DATA
 0002:00000088 00000004H .CRT$XCZ                DATA
 0002:0000008c 00000004H .CRT$XIA                DATA
 0002:00000090 00000004H .CRT$XIZ                DATA
 0002:00000094 00000004H .CRT$XPA                DATA
 0002:00000098 00000004H .CRT$XPZ                DATA
 0002:0000009c 00000004H .CRT$XTA                DATA
 0002:000000a0 00000010H .CRT$XTZ                DATA
 0002:000000a4 00000000H .gfids$y                DATA
 0002:000000b0 00000120H .rdata                  DATA
 0002:000001d0 00000004H .rdata$sxdata           DATA
 0002:000001d4 000002c4H .rdata$zzzdbg           DATA
 0002:00000498 00000004H .rtc$IAA                DATA
 0002:0000049c 00000004H .rtc$IZZ                DATA
 0002:000004a0 00000004H .rtc$TAA                DATA
 0002:000004a4 00000004H .rtc$TZZ                DATA
 0002:000004a8 00000088H .xdata$x                DATA
 0002:00000530 00000074H .edata                  DATA
 0002:000005a4 0000003cH .idata$2                DATA
 0002:000005e0 00000014H .idata$3                DATA
 0002:000005f4 00000080H .idata$4                DATA
 0002:00000674 0000028cH .idata$6                DATA
 0003:00000000 00000080H .data                   DATA
 0003:00000080 00000588H .bss                    DATA
 0004:00000000 000000a0H .rsrc$01                DATA
 0004:000000a0 000004a0H .rsrc$02                DATA

  Address         Publics by Value              Rva+Base       Lib:Object

 0000:00000000       ___guard_iat_table         00000000     <absolute>
 0000:00000000       ___guard_fids_table        00000000     <absolute>
 0000:00000000       ___hybrid_code_map         00000000     <absolute>
 0000:00000000       ___enclave_config          00000000     <absolute>
 0000:00000000       ___volatile_metadata       00000000     <absolute>
 0000:00000000       ___hybrid_code_map_count   00000000     <absolute>
 0000:00000000       ___guard_longjmp_count     00000000     <absolute>
 0000:00000000       ___guard_longjmp_table     00000000     <absolute>
 0000:00000000       ___dynamic_value_reloc_table 00000000     <absolute>
 0000:00000000       ___guard_fids_count        00000000     <absolute>
 0000:00000000       ___guard_iat_count         00000000     <absolute>
 0000:00000000       ___hybrid_auxiliary_iat    00000000     <absolute>
 0000:00000001       ___safe_se_handler_count   00000001     <absolute>
 0000:00000100       ___guard_flags             00000100     <absolute>
 0000:00000000       ___ImageBase               10000000     <linker-defined>
 0001:00000000       _GetCPUInfo                10001000 f   cpuid.obj
 0001:00000110       _DoDebug@4                 10001110 f   debug.obj
 0001:00000120       _DllMain@12                10001120 f   dllmain.obj
 0001:00000170       _AllocateBlock             10001170 f   pmc_memory.obj
 0001:000001c0       _AllocateHeapArea          100011c0 f   pmc_memory.obj
 0001:000001e0       _AllocateNumber            100011e0 f   pmc_memory.obj
 0001:00000400       ___scrt_stub_for_is_c_termination_complete 10001400 f   MSVCRT:ucrt_stubs.obj
 0001:00000400       _Initialize_ModPow         10001400 f   pmc_modpow.obj
 0001:00000400       _Initialize_From           10001400 f   pmc_from.obj
 0001:00000400       _Initialize_GetPropertyValue 10001400 f   pmc_getnumbertype.obj
 0001:00000400       _Initialize_ExclusiveOr    10001400 f   pmc_exclusiveor.obj
 0001:00000400       _Initialize_BitwiseAnd     10001400 f   pmc_bitwiseand.obj
 0001:00000400       _Initialize_To             10001400 f   pmc_to.obj
 0001:00000400       _Initialize_GreatestCommonDivisor 10001400 f   pmc_greatestcommondivisor.obj
 0001:00000400       __is_c_termination_complete 10001400 f   MSVCRT:ucrt_stubs.obj
 0001:00000400       _CheckBlockLight           10001400 f   pmc_memory.obj
 0001:00000400       _Initialize_Shift          10001400 f   pmc_shift.obj
 0001:00000400       _Initialize_Subtruct       10001400 f   pmc_subtruct.obj
 0001:00000400       _Initialize_Compare        10001400 f   pmc_compare.obj
 0001:00000400       _Initialize_BitwiseOr      10001400 f   pmc_bitwiseor.obj
 0001:00000400       _Initialize_Clone          10001400 f   pmc_clone.obj
 0001:00000400       _Initialize_Equals         10001400 f   pmc_equals.obj
 0001:00000400       _Initialize_Pow            10001400 f   pmc_pow.obj
 0001:00000410       _CheckNumber               10001410 f   pmc_memory.obj
 0001:00000440       _CommitNumber              10001440 f   pmc_memory.obj
 0001:00000570       _DeallocateBlock           10001570 f   pmc_memory.obj
 0001:000005b0       _DeallocateHeapArea        100015b0 f   pmc_memory.obj
 0001:000005d0       _DeallocateNumber          100015d0 f   pmc_memory.obj
 0001:00000670       _DuplicateNumber           10001670 f   pmc_memory.obj
 0001:000007a0       _Initialize_Memory         100017a0 f   pmc_memory.obj
 0001:00000940       _PMC_Dispose@4             10001940 f   pmc_memory.obj
 0001:000009f0       _PMC_GetConstantValue_I@8  100019f0 f   pmc_memory.obj
 0001:000010e0       _Initialize_Add            100020e0 f   pmc_add.obj
 0001:00001100       _PMC_Add_I_X@12            10002100 f   pmc_add.obj
 0001:00001140       _PMC_Add_L_X@16            10002140 f   pmc_add.obj
 0001:00001180       _PMC_Add_X_I@12            10002180 f   pmc_add.obj
 0001:000012d0       _PMC_Add_X_L@16            100022d0 f   pmc_add.obj
 0001:00001500       _PMC_Add_X_X@12            10002500 f   pmc_add.obj
 0001:00001a60       _PMC_BitwiseAnd_I_X@12     10002a60 f   pmc_bitwiseand.obj
 0001:00001ac0       _PMC_BitwiseAnd_L_X@16     10002ac0 f   pmc_bitwiseand.obj
 0001:00001b50       _PMC_BitwiseAnd_X_I@12     10002b50 f   pmc_bitwiseand.obj
 0001:00001bb0       _PMC_BitwiseAnd_X_L@16     10002bb0 f   pmc_bitwiseand.obj
 0001:00001c40       _PMC_BitwiseAnd_X_X@12     10002c40 f   pmc_bitwiseand.obj
 0001:00002000       _PMC_BitwiseOr_I_X@12      10003000 f   pmc_bitwiseor.obj
 0001:00002040       _PMC_BitwiseOr_L_X@16      10003040 f   pmc_bitwiseor.obj
 0001:00002080       _PMC_BitwiseOr_X_I@12      10003080 f   pmc_bitwiseor.obj
 0001:00002190       _PMC_BitwiseOr_X_L@16      10003190 f   pmc_bitwiseor.obj
 0001:00002340       _PMC_BitwiseOr_X_X@12      10003340 f   pmc_bitwiseor.obj
 0001:00002470       _PMC_FromByteArray@12      10003470 f   pmc_bytes.obj
 0001:00002520       _PMC_FromByteArrayForSINT@16 10003520 f   pmc_bytes.obj
 0001:000025f0       _PMC_ToByteArray@16        100035f0 f   pmc_bytes.obj
 0001:00002680       _PMC_ToByteArrayForSINT@20 10003680 f   pmc_bytes.obj
 0001:00002740       _PMC_Clone_X@8             10003740 f   pmc_clone.obj
 0001:000027a0       _Compare_Imp               100037a0 f   pmc_compare.obj
 0001:000027f0       _PMC_Compare_I_X@12        100037f0 f   pmc_compare.obj
 0001:00002840       _PMC_Compare_L_X@16        10003840 f   pmc_compare.obj
 0001:00002890       _PMC_Compare_X_I@12        10003890 f   pmc_compare.obj
 0001:00002950       _PMC_Compare_X_L@16        10003950 f   pmc_compare.obj
 0001:00002a50       _PMC_Compare_X_X@12        10003a50 f   pmc_compare.obj
 0001:000030a0       _DivRem_X_1W               100040a0 f   pmc_divrem.obj
 0001:00003880       _DivRem_X_X                10004880 f   pmc_divrem.obj
 0001:00003cd0       _Initialize_DivRem         10004cd0 f   pmc_divrem.obj
 0001:00003d00       _PMC_DivRem_I_X@16         10004d00 f   pmc_divrem.obj
 0001:00003df0       _PMC_DivRem_L_X@20         10004df0 f   pmc_divrem.obj
 0001:00004100       _PMC_DivRem_X_I@16         10005100 f   pmc_divrem.obj
 0001:00004290       _PMC_DivRem_X_L@20         10005290 f   pmc_divrem.obj
 0001:00004630       _PMC_DivRem_X_X@16         10005630 f   pmc_divrem.obj
 0001:00004a90       _Rem_X_1W                  10005a90 f   pmc_divrem.obj
 0001:00006440       _PMC_Equals_I_X@12         10007440 f   pmc_equals.obj
 0001:00006480       _PMC_Equals_L_X@16         10007480 f   pmc_equals.obj
 0001:000064c0       _PMC_Equals_X_I@12         100074c0 f   pmc_equals.obj
 0001:00006560       _PMC_Equals_X_L@16         10007560 f   pmc_equals.obj
 0001:00006660       _PMC_Equals_X_X@12         10007660 f   pmc_equals.obj
 0001:000069d0       _PMC_ExclusiveOr_I_X@12    100079d0 f   pmc_exclusiveor.obj
 0001:00006a10       _PMC_ExclusiveOr_L_X@16    10007a10 f   pmc_exclusiveor.obj
 0001:00006a50       _PMC_ExclusiveOr_X_I@12    10007a50 f   pmc_exclusiveor.obj
 0001:00006b80       _PMC_ExclusiveOr_X_L@16    10007b80 f   pmc_exclusiveor.obj
 0001:00006d40       _PMC_ExclusiveOr_X_X@12    10007d40 f   pmc_exclusiveor.obj
 0001:00006e60       _From_I_Imp                10007e60 f   pmc_from.obj
 0001:00006eb0       _From_L_Imp                10007eb0 f   pmc_from.obj
 0001:00006f40       _PMC_From_I@8              10007f40 f   pmc_from.obj
 0001:00006fb0       _PMC_From_L@12             10007fb0 f   pmc_from.obj
 0001:00007060       _PMC_GetNumberType_X@8     10008060 f   pmc_getnumbertype.obj
 0001:00007160       _PMC_GreatestCommonDivisor_I_X@12 10008160 f   pmc_greatestcommondivisor.obj
 0001:000071a0       _PMC_GreatestCommonDivisor_L_X@16 100081a0 f   pmc_greatestcommondivisor.obj
 0001:000071e0       _PMC_GreatestCommonDivisor_X_I@12 100081e0 f   pmc_greatestcommondivisor.obj
 0001:00007400       _PMC_GreatestCommonDivisor_X_L@16 10008400 f   pmc_greatestcommondivisor.obj
 0001:00007800       _PMC_GreatestCommonDivisor_X_X@12 10008800 f   pmc_greatestcommondivisor.obj
 0001:00007a50       _PMC_UINT_Initialize@4     10008a50 f   pmc_initialize.obj
 0001:000084d0       _PMC_ModPow_X_X_X@16       100094d0 f   pmc_modpow.obj
 0001:000086d0       _Initialize_Multiply       100096d0 f   pmc_multiply.obj
 0001:00009660       _Multiply_X_X_Imp          1000a660 f   pmc_multiply.obj
 0001:00009730       _PMC_Multiply_I_X@12       1000a730 f   pmc_multiply.obj
 0001:00009770       _PMC_Multiply_L_X@16       1000a770 f   pmc_multiply.obj
 0001:000097b0       _PMC_Multiply_X_I@12       1000a7b0 f   pmc_multiply.obj
 0001:000098c0       _PMC_Multiply_X_L@16       1000a8c0 f   pmc_multiply.obj
 0001:00009a30       _PMC_Multiply_X_X@12       1000aa30 f   pmc_multiply.obj
 0001:00009e40       _Initialize_Parse          1000ae40 f   pmc_parse.obj
 0001:0000aad0       _PMC_TryParse@16           1000bad0 f   pmc_parse.obj
 0001:0000b670       _PMC_Pow_X_I@12            1000c670 f   pmc_pow.obj
 0001:0000b8f0       _LeftShift_Imp_DIV         1000c8f0 f   pmc_shift.obj
 0001:0000b8f0       _LeftShift_Imp             1000c8f0 f   pmc_shift.obj
 0001:0000bf00       _PMC_LeftShift_X_I@12      1000cf00 f   pmc_shift.obj
 0001:0000bfc0       _PMC_RightShift_X_I@12     1000cfc0 f   pmc_shift.obj
 0001:0000c0a0       _RightShift_Imp            1000d0a0 f   pmc_shift.obj
 0001:0000c0a0       _RightShift_Imp_DIV        1000d0a0 f   pmc_shift.obj
 0001:0000c370       _PMC_GetStatisticsInfo@4   1000d370 f   pmc_statistics.obj
 0001:0000c400       _PMC_Subtruct_I_X@12       1000d400 f   pmc_subtruct.obj
 0001:0000c480       _PMC_Subtruct_L_X@16       1000d480 f   pmc_subtruct.obj
 0001:0000c580       _PMC_Subtruct_X_I@12       1000d580 f   pmc_subtruct.obj
 0001:0000c6b0       _PMC_Subtruct_X_L@16       1000d6b0 f   pmc_subtruct.obj
 0001:0000c8d0       _PMC_Subtruct_X_X@12       1000d8d0 f   pmc_subtruct.obj
 0001:0000ca00       _Subtruct_Imp              1000da00 f   pmc_subtruct.obj
 0001:0000cd80       _PMC_To_X_I@8              1000dd80 f   pmc_to.obj
 0001:0000cdd0       _PMC_To_X_L@8              1000ddd0 f   pmc_to.obj
 0001:0000ce50       _Initialize_ToString       1000de50 f   pmc_tostring.obj
 0001:0000cf50       _PMC_ToString@24           1000df50 f   pmc_tostring.obj
 0001:0000d978       @__security_check_cookie@4 1000e978 f   MSVCRT:secchk.obj
 0001:0000d990       __aulldiv                  1000e990 f   MSVCRT:ulldiv.obj
 0001:0000da00       __aulldvrm                 1000ea00 f   MSVCRT:ulldvrm.obj
 0001:0000daa0       __aullrem                  1000eaa0 f   MSVCRT:ullrem.obj
 0001:0000de35       __DllMainCRTStartup@12     1000ee35 f   MSVCRT:dll_dllmain.obj
 0001:0000de58       ___raise_securityfailure   1000ee58 f   MSVCRT:gs_report.obj
 0001:0000de80       ___report_gsfailure        1000ee80 f   MSVCRT:gs_report.obj
 0001:0000dfc6       ___security_init_cookie    1000efc6 f   MSVCRT:gs_support.obj
 0001:0000e011       ?__scrt_initialize_type_info@@YAXXZ 1000f011 f   MSVCRT:tncleanup.obj
 0001:0000e01d       ?__scrt_uninitialize_type_info@@YAXXZ 1000f01d f   MSVCRT:tncleanup.obj
 0001:0000e029       ___local_stdio_printf_options 1000f029 f i MSVCRT:default_local_stdio_options.obj
 0001:0000e02f       ___local_stdio_scanf_options 1000f02f f i MSVCRT:default_local_stdio_options.obj
 0001:0000e035       ___scrt_initialize_default_local_stdio_options 1000f035 f   MSVCRT:default_local_stdio_options.obj
 0001:0000e096       ___scrt_acquire_startup_lock 1000f096 f   MSVCRT:utility.obj
 0001:0000e0c8       ___scrt_dllmain_after_initialize_c 1000f0c8 f   MSVCRT:utility.obj
 0001:0000e0f3       ___scrt_dllmain_before_initialize_c 1000f0f3 f   MSVCRT:utility.obj
 0001:0000e101       ___scrt_dllmain_crt_thread_attach 1000f101 f   MSVCRT:utility.obj
 0001:0000e120       ___scrt_dllmain_crt_thread_detach 1000f120 f   MSVCRT:utility.obj
 0001:0000e12d       ___scrt_dllmain_exception_filter 1000f12d f   MSVCRT:utility.obj
 0001:0000e161       ___scrt_dllmain_uninitialize_c 1000f161 f   MSVCRT:utility.obj
 0001:0000e184       ___scrt_dllmain_uninitialize_critical 1000f184 f   MSVCRT:utility.obj
 0001:0000e191       ___scrt_initialize_crt     1000f191 f   MSVCRT:utility.obj
 0001:0000e1ca       ___scrt_initialize_onexit_tables 1000f1ca f   MSVCRT:utility.obj
 0001:0000e26f       ___scrt_is_nonwritable_in_current_image 1000f26f f   MSVCRT:utility.obj
 0001:0000e303       ___scrt_release_startup_lock 1000f303 f   MSVCRT:utility.obj
 0001:0000e320       ___scrt_uninitialize_crt   1000f320 f   MSVCRT:utility.obj
 0001:0000e348       ___scrt_get_dyn_tls_init_callback 1000f348 f   MSVCRT:dyn_tls_init.obj
 0001:0000e34e       ___scrt_fastfail           1000f34e f   MSVCRT:utility_desktop.obj
 0001:0000e468       __crt_debugger_hook        1000f468 f   MSVCRT:utility_desktop.obj
 0001:0000e470       __RTC_Initialize           1000f470 f   MSVCRT:initsect.obj
 0001:0000e49c       __RTC_Terminate            1000f49c f   MSVCRT:initsect.obj
 0001:0000e4d0       __SEH_prolog4              1000f4d0 f   MSVCRT:sehprolg4.obj
 0001:0000e516       __SEH_epilog4              1000f516 f   MSVCRT:sehprolg4.obj
 0001:0000e52b       __except_handler4          1000f52b f   MSVCRT:chandler4gs.obj
 0001:0000e54e       @_guard_check_icall_nop@4  1000f54e f i MSVCRT:guard_support.obj
 0001:0000e54f       ___isa_available_init      1000f54f f   MSVCRT:cpu_disp.obj
 0001:0000e6e6       __get_startup_argv_mode    1000f6e6 f   MSVCRT:argv_mode.obj
 0001:0000e6ea       ___scrt_is_ucrt_dll_in_use 1000f6ea f   MSVCRT:ucrt_detection.obj
 0001:0000e6f6       ___std_type_info_destroy_list 1000f6f6 f   vcruntime:VCRUNTIME140.dll
 0001:0000e6fc       _memset                    1000f6fc f   vcruntime:VCRUNTIME140.dll
 0001:0000e702       __except_handler4_common   1000f702 f   vcruntime:VCRUNTIME140.dll
 0001:0000e708       __initterm                 1000f708 f   ucrt:api-ms-win-crt-runtime-l1-1-0.dll
 0001:0000e70e       __initterm_e               1000f70e f   ucrt:api-ms-win-crt-runtime-l1-1-0.dll
 0001:0000e714       __seh_filter_dll           1000f714 f   ucrt:api-ms-win-crt-runtime-l1-1-0.dll
 0001:0000e71a       __configure_narrow_argv    1000f71a f   ucrt:api-ms-win-crt-runtime-l1-1-0.dll
 0001:0000e720       __initialize_narrow_environment 1000f720 f   ucrt:api-ms-win-crt-runtime-l1-1-0.dll
 0001:0000e726       __initialize_onexit_table  1000f726 f   ucrt:api-ms-win-crt-runtime-l1-1-0.dll
 0001:0000e72c       __execute_onexit_table     1000f72c f   ucrt:api-ms-win-crt-runtime-l1-1-0.dll
 0001:0000e732       __cexit                    1000f732 f   ucrt:api-ms-win-crt-runtime-l1-1-0.dll
 0001:0000e738       _IsProcessorFeaturePresent@4 1000f738 f   kernel32:KERNEL32.dll
 0001:0000e73e       ___vcrt_uninitialize       1000f73e f   MSVCRT:ucrt_stubs.obj
 0001:0000e73e       ___scrt_stub_for_acrt_thread_detach 1000f73e f   MSVCRT:ucrt_stubs.obj
 0001:0000e73e       ___acrt_thread_detach      1000f73e f   MSVCRT:ucrt_stubs.obj
 0001:0000e73e       ___acrt_thread_attach      1000f73e f   MSVCRT:ucrt_stubs.obj
 0001:0000e73e       ___scrt_stub_for_acrt_thread_attach 1000f73e f   MSVCRT:ucrt_stubs.obj
 0001:0000e73e       ___acrt_uninitialize       1000f73e f   MSVCRT:ucrt_stubs.obj
 0001:0000e73e       ___vcrt_uninitialize_critical 1000f73e f   MSVCRT:ucrt_stubs.obj
 0001:0000e73e       ___vcrt_initialize         1000f73e f   MSVCRT:ucrt_stubs.obj
 0001:0000e73e       ___scrt_stub_for_acrt_uninitialize_critical 1000f73e f   MSVCRT:ucrt_stubs.obj
 0001:0000e73e       ___scrt_stub_for_acrt_uninitialize 1000f73e f   MSVCRT:ucrt_stubs.obj
 0001:0000e73e       ___vcrt_thread_detach      1000f73e f   MSVCRT:ucrt_stubs.obj
 0001:0000e73e       ___acrt_initialize         1000f73e f   MSVCRT:ucrt_stubs.obj
 0001:0000e73e       ___vcrt_thread_attach      1000f73e f   MSVCRT:ucrt_stubs.obj
 0001:0000e73e       ___acrt_uninitialize_critical 1000f73e f   MSVCRT:ucrt_stubs.obj
 0001:0000e73e       ___scrt_stub_for_acrt_initialize 1000f73e f   MSVCRT:ucrt_stubs.obj
 0002:00000000       __imp__HeapCreate@12       10010000     kernel32:KERNEL32.dll
 0002:00000004       __imp__HeapDestroy@4       10010004     kernel32:KERNEL32.dll
 0002:00000008       __imp__HeapAlloc@12        10010008     kernel32:KERNEL32.dll
 0002:0000000c       __imp__HeapFree@12         1001000c     kernel32:KERNEL32.dll
 0002:00000010       __imp__lstrcpyA@8          10010010     kernel32:KERNEL32.dll
 0002:00000014       __imp__lstrcpyW@8          10010014     kernel32:KERNEL32.dll
 0002:00000018       __imp__lstrlenW@4          10010018     kernel32:KERNEL32.dll
 0002:0000001c       __imp__IsDebuggerPresent@0 1001001c     kernel32:KERNEL32.dll
 0002:00000020       __imp__InitializeSListHead@4 10010020     kernel32:KERNEL32.dll
 0002:00000024       __imp__GetSystemTimeAsFileTime@4 10010024     kernel32:KERNEL32.dll
 0002:00000028       __imp__GetCurrentThreadId@0 10010028     kernel32:KERNEL32.dll
 0002:0000002c       __imp__GetCurrentProcessId@0 1001002c     kernel32:KERNEL32.dll
 0002:00000030       __imp__QueryPerformanceCounter@4 10010030     kernel32:KERNEL32.dll
 0002:00000034       __imp__IsProcessorFeaturePresent@4 10010034     kernel32:KERNEL32.dll
 0002:00000038       __imp__TerminateProcess@8  10010038     kernel32:KERNEL32.dll
 0002:0000003c       __imp__GetCurrentProcess@0 1001003c     kernel32:KERNEL32.dll
 0002:00000040       __imp__SetUnhandledExceptionFilter@4 10010040     kernel32:KERNEL32.dll
 0002:00000044       __imp__UnhandledExceptionFilter@4 10010044     kernel32:KERNEL32.dll
 0002:00000048       \177KERNEL32_NULL_THUNK_DATA 10010048     kernel32:KERNEL32.dll
 0002:0000004c       __imp__memset              1001004c     vcruntime:VCRUNTIME140.dll
 0002:00000050       __imp___except_handler4_common 10010050     vcruntime:VCRUNTIME140.dll
 0002:00000054       __imp____std_type_info_destroy_list 10010054     vcruntime:VCRUNTIME140.dll
 0002:00000058       \177VCRUNTIME140_NULL_THUNK_DATA 10010058     vcruntime:VCRUNTIME140.dll
 0002:0000005c       __imp___initialize_onexit_table 1001005c     ucrt:api-ms-win-crt-runtime-l1-1-0.dll
 0002:00000060       __imp___cexit              10010060     ucrt:api-ms-win-crt-runtime-l1-1-0.dll
 0002:00000064       __imp___configure_narrow_argv 10010064     ucrt:api-ms-win-crt-runtime-l1-1-0.dll
 0002:00000068       __imp___seh_filter_dll     10010068     ucrt:api-ms-win-crt-runtime-l1-1-0.dll
 0002:0000006c       __imp___initterm_e         1001006c     ucrt:api-ms-win-crt-runtime-l1-1-0.dll
 0002:00000070       __imp___initterm           10010070     ucrt:api-ms-win-crt-runtime-l1-1-0.dll
 0002:00000074       __imp___initialize_narrow_environment 10010074     ucrt:api-ms-win-crt-runtime-l1-1-0.dll
 0002:00000078       __imp___execute_onexit_table 10010078     ucrt:api-ms-win-crt-runtime-l1-1-0.dll
 0002:0000007c       \177api-ms-win-crt-runtime-l1-1-0_NULL_THUNK_DATA 1001007c     ucrt:api-ms-win-crt-runtime-l1-1-0.dll
 0002:00000080       ___guard_check_icall_fptr  10010080     MSVCRT:guard_support.obj
 0002:00000084       ___xc_a                    10010084     MSVCRT:initializers.obj
 0002:00000088       ___xc_z                    10010088     MSVCRT:initializers.obj
 0002:0000008c       ___xi_a                    1001008c     MSVCRT:initializers.obj
 0002:00000090       ___xi_z                    10010090     MSVCRT:initializers.obj
 0002:00000094       ___xp_a                    10010094     MSVCRT:initializers.obj
 0002:00000098       ___xp_z                    10010098     MSVCRT:initializers.obj
 0002:0000009c       ___xt_a                    1001009c     MSVCRT:initializers.obj
 0002:000000a0       ___xt_z                    100100a0     MSVCRT:initializers.obj
 0002:000000b0       ??_C@_13DEFPDAGF@?$AA?0@   100100b0     pmc_parse.obj
 0002:000000b4       ??_C@_13JOFGPIOO@?$AA?4@   100100b4     pmc_parse.obj
 0002:000000b8       ??_C@_01EKENIIDA@3@        100100b8     pmc_parse.obj
 0002:000000bc       ??_C@_13KJIIAINM@?$AA?$CL@ 100100bc     pmc_parse.obj
 0002:000000c0       ??_C@_13IMODFHAA@?$AA?9@   100100c0     pmc_parse.obj
 0002:000000c4       __pRawDllMain              100100c4     MSVCRT:dll_dllmain.obj
 0002:000000c4       __pDefaultRawDllMain       100100c4     MSVCRT:dll_dllmain.obj
 0002:00000128       __load_config_used         10010128     MSVCRT:loadcfg.obj
 0002:000001d0       ___safe_se_handler_table   100101d0     <linker-defined>
 0002:00000498       ___rtc_iaa                 10010498     MSVCRT:initsect.obj
 0002:0000049c       ___rtc_izz                 1001049c     MSVCRT:initsect.obj
 0002:000004a0       ___rtc_taa                 100104a0     MSVCRT:initsect.obj
 0002:000004a4       ___rtc_tzz                 100104a4     MSVCRT:initsect.obj
 0002:000005a4       __IMPORT_DESCRIPTOR_KERNEL32 100105a4     kernel32:KERNEL32.dll
 0002:000005b8       __IMPORT_DESCRIPTOR_VCRUNTIME140 100105b8     vcruntime:VCRUNTIME140.dll
 0002:000005cc       __IMPORT_DESCRIPTOR_api-ms-win-crt-runtime-l1-1-0 100105cc     ucrt:api-ms-win-crt-runtime-l1-1-0.dll
 0002:000005e0       __NULL_IMPORT_DESCRIPTOR   100105e0     kernel32:KERNEL32.dll
 0003:00000060       ___security_cookie_complement 10011060     MSVCRT:gs_cookie.obj
 0003:00000064       ___security_cookie         10011064     MSVCRT:gs_cookie.obj
 0003:00000068       ___scrt_native_dllmain_reason 10011068     MSVCRT:utility.obj
 0003:00000070       ___isa_enabled             10011070     MSVCRT:cpu_disp.obj
 0003:00000074       ___scrt_ucrt_dll_is_in_use 10011074     MSVCRT:ucrt_stubs.obj
 0003:00000528       ?__type_info_root_node@@3U__type_info_node@@A 10011528     MSVCRT:tncleanup.obj
 0003:00000530       ?_OptionsStorage@?1??__local_stdio_printf_options@@9@4_KA 10011530     MSVCRT:default_local_stdio_options.obj
 0003:00000538       ?_OptionsStorage@?1??__local_stdio_scanf_options@@9@4_KA 10011538     MSVCRT:default_local_stdio_options.obj
 0003:00000540       ___scrt_current_native_startup_state 10011540     MSVCRT:utility.obj
 0003:00000544       ___scrt_native_startup_lock 10011544     MSVCRT:utility.obj
 0003:00000564       ___scrt_debugger_hook_flag 10011564     MSVCRT:utility_desktop.obj
 0003:00000568       ___isa_available           10011568     MSVCRT:cpu_disp.obj
 0003:0000056c       ___favor                   1001156c     MSVCRT:cpu_disp.obj
 0003:00000570       _statistics_info           10011570     <common>
 0003:00000580       _configuration_info        10011580     <common>
 0003:00000584       _hLocalHeap                10011584     <common>
 0003:000005a0       _number_one                100115a0     <common>
 0003:000005e0       _number_zero               100115e0     <common>
 0003:00000604       ___dyn_tls_init_callback   10011604     <common>

 entry point at        0001:0000de35

 Static symbols

 0000:fffec000       .debug$S                   10000000     ucrt:api-ms-win-crt-runtime-l1-1-0.dll
 0000:fffec000       .debug$S                   10000000     kernel32:KERNEL32.dll
 0000:fffec000       .debug$S                   10000000     kernel32:KERNEL32.dll
 0000:fffec000       .debug$S                   10000000     kernel32:KERNEL32.dll
 0000:fffec000       .debug$S                   10000000     kernel32:KERNEL32.dll
 0000:fffec000       .debug$S                   10000000     kernel32:KERNEL32.dll
 0000:fffec000       .debug$S                   10000000     kernel32:KERNEL32.dll
 0000:fffec000       .debug$S                   10000000     vcruntime:VCRUNTIME140.dll
 0000:fffec000       .debug$S                   10000000     Palmtree.Math.Core.Uint.exp
 0000:fffec000       .debug$S                   10000000     vcruntime:VCRUNTIME140.dll
 0000:fffec000       .debug$S                   10000000     kernel32:KERNEL32.dll
 0000:fffec000       .debug$S                   10000000     kernel32:KERNEL32.dll
 0000:fffec000       .debug$S                   10000000     kernel32:KERNEL32.dll
 0000:fffec000       .debug$S                   10000000     kernel32:KERNEL32.dll
 0000:fffec000       .debug$S                   10000000     kernel32:KERNEL32.dll
 0000:fffec000       .debug$S                   10000000     kernel32:KERNEL32.dll
 0000:fffec000       .debug$S                   10000000     kernel32:KERNEL32.dll
 0000:fffec000       .debug$S                   10000000     kernel32:KERNEL32.dll
 0000:fffec000       .debug$S                   10000000     kernel32:KERNEL32.dll
 0000:fffec000       .debug$S                   10000000     kernel32:KERNEL32.dll
 0000:fffec000       .debug$S                   10000000     kernel32:KERNEL32.dll
 0000:fffec000       .debug$S                   10000000     kernel32:KERNEL32.dll
 0000:fffec000       .debug$S                   10000000     kernel32:KERNEL32.dll
 0000:fffec000       .debug$S                   10000000     vcruntime:VCRUNTIME140.dll
 0000:fffec000       .debug$S                   10000000     ucrt:api-ms-win-crt-runtime-l1-1-0.dll
 0000:fffec000       .debug$S                   10000000     ucrt:api-ms-win-crt-runtime-l1-1-0.dll
 0000:fffec000       .debug$S                   10000000     ucrt:api-ms-win-crt-runtime-l1-1-0.dll
 0000:fffec000       .debug$S                   10000000     ucrt:api-ms-win-crt-runtime-l1-1-0.dll
 0000:fffec000       .debug$S                   10000000     ucrt:api-ms-win-crt-runtime-l1-1-0.dll
 0000:fffec000       .debug$S                   10000000     kernel32:KERNEL32.dll
 0000:fffec000       .debug$S                   10000000     ucrt:api-ms-win-crt-runtime-l1-1-0.dll
 0000:fffec000       .debug$S                   10000000     ucrt:api-ms-win-crt-runtime-l1-1-0.dll
 0000:fffec000       .debug$S                   10000000     ucrt:api-ms-win-crt-runtime-l1-1-0.dll
 0000:fffec000       .debug$S                   10000000     ucrt:api-ms-win-crt-runtime-l1-1-0.dll
 0000:fffec000       .debug$S                   10000000     ucrt:api-ms-win-crt-runtime-l1-1-0.dll
 0000:fffec000       .debug$S                   10000000     ucrt:api-ms-win-crt-runtime-l1-1-0.dll
 0001:00000158       $LN12                      10001158     dllmain.obj
 0001:00000230       _CalculateCheckCode        10001230 f   pmc_memory.obj
 0001:00000700       _InitializeNumber          10001700 f   pmc_memory.obj
 0001:00000a30       _Add_Imp_using_ADC         10001a30 f   pmc_add.obj
 0001:00000ce0       _Add_Imp_using_ADCX        10001ce0 f   pmc_add.obj
 0001:00001020       _Add_X_1W                  10002020 f   pmc_add.obj
 0001:00001060       _DoCarry                   10002060 f   pmc_add.obj
 0001:000011c0       _PMC_Add_X_I_Imp           100021c0 f   pmc_add.obj
 0001:00001310       _PMC_Add_X_L_Imp           10002310 f   pmc_add.obj
 0001:00001640       __ADD_16WORDS_ADC_DIV      10002640 f   pmc_divrem.obj
 0001:00001640       __ADD_16WORDS_ADC          10002640 f   pmc_add.obj
 0001:000016f0       __ADD_16WORDS_ADCX_DIV     100026f0 f   pmc_divrem.obj
 0001:000016f0       __ADD_16WORDS_ADCX         100026f0 f   pmc_add.obj
 0001:000017d0       _BitwiseAnd_X_X            100027d0 f   pmc_bitwiseand.obj
 0001:00001d40       _BitwiseOr_X_1W            10002d40 f   pmc_bitwiseor.obj
 0001:00001d70       _BitwiseOr_X_X             10002d70 f   pmc_bitwiseor.obj
 0001:000020c0       _PMC_BitwiseOr_X_I_Imp     100030c0 f   pmc_bitwiseor.obj
 0001:000021d0       _PMC_BitwiseOr_X_L_Imp     100031d0 f   pmc_bitwiseor.obj
 0001:00002430       _CountActualBitsFromBuffer 10003430 f   pmc_bytes.obj
 0001:000028e0       _PMC_Compare_X_I_Imp       100038e0 f   pmc_compare.obj
 0001:000029a0       _PMC_Compare_X_L_Imp       100039a0 f   pmc_compare.obj
 0001:00002b30       _AddOneLine                10003b30 f   pmc_divrem.obj
 0001:00002da0       _AddOneLineX               10003da0 f   pmc_divrem.obj
 0001:00003950       _DivRem_X_X_using_ADC_MUL  10004950 f   pmc_divrem.obj
 0001:00003b10       _DivRem_X_X_using_ADX_MULX 10004b10 f   pmc_divrem.obj
 0001:00004f00       _SubtructOneLine           10005f00 f   pmc_divrem.obj
 0001:000058b0       _SubtructOneLineX          100068b0 f   pmc_divrem.obj
 0001:00006420       __LZCNT_ALT_32             10007420 f   pmc_multiply.obj
 0001:00006420       __LZCNT_ALT_32             10007420 f   pmc_divrem.obj
 0001:00006420       __LZCNT_ALT_32             10007420 f   pmc_subtruct.obj
 0001:00006500       _PMC_Equals_X_I_Imp        10007500 f   pmc_equals.obj
 0001:000065a0       _PMC_Equals_X_L_Imp        100075a0 f   pmc_equals.obj
 0001:00006710       _ExclusiveOr_X_1W          10007710 f   pmc_exclusiveor.obj
 0001:00006740       _ExclusiveOr_X_X           10007740 f   pmc_exclusiveor.obj
 0001:00006a90       _PMC_ExclusiveOr_X_I_Imp   10007a90 f   pmc_exclusiveor.obj
 0001:00006bc0       _PMC_ExclusiveOr_X_L_Imp   10007bc0 f   pmc_exclusiveor.obj
 0001:000070c0       _GreatestCommonDivisor_Imp 100080c0 f   pmc_greatestcommondivisor.obj
 0001:00007220       _PMC_GreatestCommonDivisor_X_I_Imp 10008220 f   pmc_greatestcommondivisor.obj
 0001:00007440       _PMC_GreatestCommonDivisor_X_L_Imp 10008440 f   pmc_greatestcommondivisor.obj
 0001:00007ef0       _ModulePower               10008ef0 f   pmc_modpow.obj
 0001:00008540       _PMC_ModPow_X_X_X_Imp      10009540 f   pmc_modpow.obj
 0001:00008720       _Multiply_WORD_using_MULX_ADCX 10009720 f   pmc_multiply.obj
 0001:00008fa0       _Multiply_WORD_using_MUL_ADC 10009fa0 f   pmc_multiply.obj
 0001:000095e0       _Multiply_X_1W_using_MULX_ADCX 1000a5e0 f   pmc_multiply.obj
 0001:000095f0       _Multiply_X_1W_using_MUL_ADC 1000a5f0 f   pmc_multiply.obj
 0001:00009600       _Multiply_X_2W_using_MULX_ADCX 1000a600 f   pmc_multiply.obj
 0001:00009630       _Multiply_X_2W_using_MUL_ADC 1000a630 f   pmc_multiply.obj
 0001:00009670       _Multiply_X_X_using_MULX_ADCX 1000a670 f   pmc_multiply.obj
 0001:000096d0       _Multiply_X_X_using_MUL_ADC 1000a6d0 f   pmc_multiply.obj
 0001:000097f0       _PMC_Multiply_X_I_Imp      1000a7f0 f   pmc_multiply.obj
 0001:00009900       _PMC_Multiply_X_L_Imp      1000a900 f   pmc_multiply.obj
 0001:00009b50       _BuildBinaryFromHexString  1000ab50 f   pmc_parse.obj
 0001:00009cec       $LN45                      1000acec     pmc_parse.obj
 0001:00009cfc       $LN42                      1000acfc     pmc_parse.obj
 0001:00009d34       $LN46                      1000ad34     pmc_parse.obj
 0001:00009d44       $LN43                      1000ad44     pmc_parse.obj
 0001:00009d80       _InitializeParserState     1000ad80 f   pmc_parse.obj
 0001:00009ec0       _MultiplyAndAdd_using_ADCX_MULX 1000aec0 f   pmc_parse.obj
 0001:0000a5a0       _MultiplyAndAdd_using_ADC_MUL 1000b5a0 f   pmc_parse.obj
 0001:0000ab50       _Parse1DigitFromHexChar    1000bb50 f   pmc_parse.obj
 0001:0000ab7c       $LN11                      1000bb7c     pmc_parse.obj
 0001:0000ab8c       $LN9                       1000bb8c     pmc_parse.obj
 0001:0000abd0       _ParseAsDecimalNumberString 1000bbd0 f   pmc_parse.obj
 0001:0000aef0       _ParseAsFractionPartNumberSequence 1000bef0 f   pmc_parse.obj
 0001:0000af60       _ParseAsIntegerPartNumberSequence 1000bf60 f   pmc_parse.obj
 0001:0000b050       _StartsWith                1000c050 f   pmc_parse.obj
 0001:0000b090       _TryParseDN                1000c090 f   pmc_parse.obj
 0001:0000b4b0       _TryParseX                 1000c4b0 f   pmc_parse.obj
 0001:0000b6b0       _PMC_Pow_X_I_Imp           1000c6b0 f   pmc_pow.obj
 0001:0000c3a0       _DoBorrow                  1000d3a0 f   pmc_subtruct.obj
 0001:0000cc90       _Subtruct_X_1W             1000dc90 f   pmc_subtruct.obj
 0001:0000ccd0       __SUBTRUCT_16WORDS_SBB     1000dcd0 f   pmc_subtruct.obj
 0001:0000ceb0       _OutputOneChar             1000deb0 f   pmc_tostring.obj
 0001:0000d018       $LN20                      1000e018     pmc_tostring.obj
 0001:0000d02c       $LN16                      1000e02c     pmc_tostring.obj
 0001:0000d070       _PrintDecimal              1000e070 f   pmc_tostring.obj
 0001:0000d360       _ToStringDN                1000e360 f   pmc_tostring.obj
 0001:0000d630       _ToStringX                 1000e630 f   pmc_tostring.obj
 0001:0000d730       _ToStringX_1WORD           1000e730 f   pmc_tostring.obj
 0001:0000d990       $$000000                   1000e990     MSVCRT:ulldiv.obj
 0001:0000da00       $$000000                   1000ea00     MSVCRT:ulldvrm.obj
 0001:0000daa0       $$000000                   1000eaa0     MSVCRT:ullrem.obj
 0001:0000db15       ?dllmain_crt_dispatch@@YGHQAUHINSTANCE__@@KQAX@Z 1000eb15 f   MSVCRT:dll_dllmain.obj
 0001:0000db68       ?dllmain_crt_process_attach@@YAHQAUHINSTANCE__@@QAX@Z 1000eb68 f   MSVCRT:dll_dllmain.obj
 0001:0000dc72       ?dllmain_crt_process_detach@@YAH_N@Z 1000ec72 f   MSVCRT:dll_dllmain.obj
 0001:0000dd04       ?dllmain_dispatch@@YAHQAUHINSTANCE__@@KQAX@Z 1000ed04 f   MSVCRT:dll_dllmain.obj
 0001:0000de0a       ?dllmain_raw@@YGHQAUHINSTANCE__@@KQAX@Z 1000ee0a f   MSVCRT:dll_dllmain.obj
 0001:0000df79       ___get_entropy             1000ef79 f   MSVCRT:gs_support.obj
 0001:0000e052       ?find_pe_section@@YAPAU_IMAGE_SECTION_HEADER@@QAEI@Z 1000f052 f   MSVCRT:utility.obj
 0001:0000e4d0       $$000000                   1000f4d0     MSVCRT:sehprolg4.obj
 0002:000000c8       _GS_ExceptionPointers      100100c8     MSVCRT:gs_report.obj
 0002:000004a8       __sehtable$?dllmain_crt_process_attach@@YAHQAUHINSTANCE__@@QAX@Z 100104a8     MSVCRT:dll_dllmain.obj
 0002:000004c8       __sehtable$?dllmain_crt_process_detach@@YAH_N@Z 100104c8     MSVCRT:dll_dllmain.obj
 0002:000004e8       __sehtable$?dllmain_dispatch@@YAHQAUHINSTANCE__@@KQAX@Z 100104e8     MSVCRT:dll_dllmain.obj
 0002:00000508       __sehtable$___scrt_is_nonwritable_in_current_image 10010508     MSVCRT:utility.obj
 0002:00000530       .edata                     10010530     Palmtree.Math.Core.Uint.exp
 0002:00000558       rgpv                       10010558     Palmtree.Math.Core.Uint.exp
 0002:00000560       rgszName                   10010560     Palmtree.Math.Core.Uint.exp
 0002:00000568       rgwOrd                     10010568     Palmtree.Math.Core.Uint.exp
 0002:0000056c       szName                     1001056c     Palmtree.Math.Core.Uint.exp
 0002:00000588       $N00001                    10010588     Palmtree.Math.Core.Uint.exp
 0002:00000590       $N00002                    10010590     Palmtree.Math.Core.Uint.exp
 0002:000006cc       .idata$6                   100106cc     kernel32:KERNEL32.dll
 0002:0000071e       .idata$6                   1001071e     vcruntime:VCRUNTIME140.dll
 0002:000007d6       .idata$6                   100107d6     ucrt:api-ms-win-crt-runtime-l1-1-0.dll
 0003:00000000       _decimal_digits            10011000     pmc_tostring.obj
 0003:00000018       _hexadecimal_lower_digits  10011018     pmc_tostring.obj
 0003:0000003c       _hexadecimal_upper_digits  1001103c     pmc_tostring.obj
 0003:00000080       _fp_Add_Imp                10011080     pmc_add.obj
 0003:00000084       _fp_DivRem_X_X             10011084     pmc_divrem.obj
 0003:00000088       _entry_points              10011088     pmc_initialize.obj
 0003:000001a0       _initialized               100111a0     pmc_initialize.obj
 0003:000001a4       _fp_Multiply_X_1W          100111a4     pmc_multiply.obj
 0003:000001a8       _fp_Multiply_X_2W          100111a8     pmc_multiply.obj
 0003:000001ac       _fp_Multiply_X_X           100111ac     pmc_multiply.obj
 0003:000001b0       _default_number_format_option 100111b0     pmc_parse.obj
 0003:000001d8       _fp_MultiplyAndAdd         100111d8     pmc_parse.obj
 0003:000001dc       _default_number_format_option 100111dc     pmc_tostring.obj
 0003:00000204       ?__proc_attached@@3HA      10011204     MSVCRT:dll_dllmain.obj
 0003:00000208       _GS_ExceptionRecord        10011208     MSVCRT:gs_report.obj
 0003:00000258       _GS_ContextRecord          10011258     MSVCRT:gs_report.obj
 0003:00000548       ?is_initialized_as_dll@@3_NA 10011548     MSVCRT:utility.obj
 0003:00000549       ?module_local_atexit_table_initialized@@3_NA 10011549     MSVCRT:utility.obj
 0003:0000054c       ?module_local_atexit_table@@3U_onexit_table_t@@A 1001154c     MSVCRT:utility.obj
 0003:00000558       ?module_local_at_quick_exit_table@@3U_onexit_table_t@@A 10011558     MSVCRT:utility.obj
 0004:000000a0       $R000000                   100120a0     Palmtree.Math.Core.Uint.res
 0004:000003c0       $R000320                   100123c0     Palmtree.Math.Core.Uint.res
