Archive member included to satisfy reference by file (symbol)

C:/GNU/MINGW64/x86_64-8.1.0-win32-seh-rt_v6-rev0/mingw64/bin/../lib/gcc/x86_64-w64-mingw32/8.1.0/../../../../x86_64-w64-mingw32/lib/../lib/libkernel32.a(dqifs01555.o)
                              ../build/x64_Debug/pmc_parse.o (__imp_lstrlenW)
C:/GNU/MINGW64/x86_64-8.1.0-win32-seh-rt_v6-rev0/mingw64/bin/../lib/gcc/x86_64-w64-mingw32/8.1.0/../../../../x86_64-w64-mingw32/lib/../lib/libkernel32.a(dqifs01549.o)
                              ../build/x64_Debug/pmc_parse.o (__imp_lstrcpyW)
C:/GNU/MINGW64/x86_64-8.1.0-win32-seh-rt_v6-rev0/mingw64/bin/../lib/gcc/x86_64-w64-mingw32/8.1.0/../../../../x86_64-w64-mingw32/lib/../lib/libkernel32.a(dqifs01543.o)
                              ../build/x64_Debug/TEST_op_ToStringD.o (__imp_lstrcmpW)
C:/GNU/MINGW64/x86_64-8.1.0-win32-seh-rt_v6-rev0/mingw64/bin/../lib/gcc/x86_64-w64-mingw32/8.1.0/../../../../x86_64-w64-mingw32/lib/../lib/libkernel32.a(dqifs00841.o)
                              ../build/x64_Debug/pmc_memory.o (__imp_HeapFree)
C:/GNU/MINGW64/x86_64-8.1.0-win32-seh-rt_v6-rev0/mingw64/bin/../lib/gcc/x86_64-w64-mingw32/8.1.0/../../../../x86_64-w64-mingw32/lib/../lib/libkernel32.a(dqifs00839.o)
                              ../build/x64_Debug/pmc_memory.o (__imp_HeapDestroy)
C:/GNU/MINGW64/x86_64-8.1.0-win32-seh-rt_v6-rev0/mingw64/bin/../lib/gcc/x86_64-w64-mingw32/8.1.0/../../../../x86_64-w64-mingw32/lib/../lib/libkernel32.a(dqifs00837.o)
                              ../build/x64_Debug/pmc_memory.o (__imp_HeapCreate)
C:/GNU/MINGW64/x86_64-8.1.0-win32-seh-rt_v6-rev0/mingw64/bin/../lib/gcc/x86_64-w64-mingw32/8.1.0/../../../../x86_64-w64-mingw32/lib/../lib/libkernel32.a(dqifs00835.o)
                              ../build/x64_Debug/pmc_memory.o (__imp_HeapAlloc)
C:/GNU/MINGW64/x86_64-8.1.0-win32-seh-rt_v6-rev0/mingw64/bin/../lib/gcc/x86_64-w64-mingw32/8.1.0/../../../../x86_64-w64-mingw32/lib/../lib/libkernel32.a(dqifs00774.o)
                              ../build/x64_Debug/pmc_memory.o (__imp_GetTickCount)
C:/GNU/MINGW64/x86_64-8.1.0-win32-seh-rt_v6-rev0/mingw64/bin/../lib/gcc/x86_64-w64-mingw32/8.1.0/../../../../x86_64-w64-mingw32/lib/../lib/libkernel32.a(dqifh.o)
                              C:/GNU/MINGW64/x86_64-8.1.0-win32-seh-rt_v6-rev0/mingw64/bin/../lib/gcc/x86_64-w64-mingw32/8.1.0/../../../../x86_64-w64-mingw32/lib/../lib/libkernel32.a(dqifs01555.o) (_head_lib64_libkernel32_a)
C:/GNU/MINGW64/x86_64-8.1.0-win32-seh-rt_v6-rev0/mingw64/bin/../lib/gcc/x86_64-w64-mingw32/8.1.0/../../../../x86_64-w64-mingw32/lib/../lib/libkernel32.a(dqift.o)
                              C:/GNU/MINGW64/x86_64-8.1.0-win32-seh-rt_v6-rev0/mingw64/bin/../lib/gcc/x86_64-w64-mingw32/8.1.0/../../../../x86_64-w64-mingw32/lib/../lib/libkernel32.a(dqifh.o) (__lib64_libkernel32_a_iname)
C:/GNU/MINGW64/x86_64-8.1.0-win32-seh-rt_v6-rev0/mingw64/bin/../lib/gcc/x86_64-w64-mingw32/8.1.0/../../../../x86_64-w64-mingw32/lib/../lib/libuser32.a(dyqes00958.o)
                              ../build/x64_Debug/debug.o (__imp_wsprintfW)
C:/GNU/MINGW64/x86_64-8.1.0-win32-seh-rt_v6-rev0/mingw64/bin/../lib/gcc/x86_64-w64-mingw32/8.1.0/../../../../x86_64-w64-mingw32/lib/../lib/libuser32.a(dyqeh.o)
                              C:/GNU/MINGW64/x86_64-8.1.0-win32-seh-rt_v6-rev0/mingw64/bin/../lib/gcc/x86_64-w64-mingw32/8.1.0/../../../../x86_64-w64-mingw32/lib/../lib/libuser32.a(dyqes00958.o) (_head_lib64_libuser32_a)
C:/GNU/MINGW64/x86_64-8.1.0-win32-seh-rt_v6-rev0/mingw64/bin/../lib/gcc/x86_64-w64-mingw32/8.1.0/../../../../x86_64-w64-mingw32/lib/../lib/libuser32.a(dyqet.o)
                              C:/GNU/MINGW64/x86_64-8.1.0-win32-seh-rt_v6-rev0/mingw64/bin/../lib/gcc/x86_64-w64-mingw32/8.1.0/../../../../x86_64-w64-mingw32/lib/../lib/libuser32.a(dyqeh.o) (__lib64_libuser32_a_iname)

Allocating common symbols
Common symbol       size              file

number_one          0x48              ../build/x64_Debug/pmc_memory.o
statistics_info     0x10              ../build/x64_Debug/pmc_statistics.o
number_zero         0x48              ../build/x64_Debug/pmc_memory.o
hLocalHeap          0x8               ../build/x64_Debug/pmc_memory.o
configuration_info  0x4               ../build/x64_Debug/pmc_initialize.o

Discarded input sections

 .drectve       0x0000000000000000       0x14 ../build/x64_Debug/debug.o
 .rdata$.refptr.number_zero
                0x0000000000000000       0x10 ../build/x64_Debug/pmc_bitwiseand.o
 .rdata$.refptr.number_zero
                0x0000000000000000       0x10 ../build/x64_Debug/pmc_bitwiseor.o
 .rdata$.refptr.number_zero
                0x0000000000000000       0x10 ../build/x64_Debug/pmc_bytes.o
 .rdata$.refptr.number_zero
                0x0000000000000000       0x10 ../build/x64_Debug/pmc_clone.o
 .rdata$.refptr.number_zero
                0x0000000000000000       0x10 ../build/x64_Debug/pmc_divrem.o
 .rdata$.refptr.number_zero
                0x0000000000000000       0x10 ../build/x64_Debug/pmc_exclusiveor.o
[...]
Memory Configuration

Name             Origin             Length             Attributes
*default*        0x0000000000000000 0xffffffffffffffff

Linker script and memory map

                0x000000006ddc0000                __image_base__ = 0x6ddc0000
                0x0000000000000000                __dll__ = 0x0
                0x000000006ddc0000                __ImageBase = 0x6ddc0000
                0x0000000000001000                __section_alignment__ = 0x1000
                0x0000000000000200                __file_alignment__ = 0x200
                0x0000000000000004                __major_os_version__ = 0x4
                0x0000000000000000                __minor_os_version__ = 0x0
                0x0000000000000000                __major_image_version__ = 0x0
                0x0000000000000000                __minor_image_version__ = 0x0
                0x0000000000000005                __major_subsystem_version__ = 0x5
                0x0000000000000002                __minor_subsystem_version__ = 0x2
                0x0000000000000002                __subsystem__ = 0x2
                0x0000000000200000                __size_of_stack_reserve__ = 0x200000
                0x0000000000001000                __size_of_stack_commit__ = 0x1000
                0x0000000000100000                __size_of_heap_reserve__ = 0x100000
                0x0000000000001000                __size_of_heap_commit__ = 0x1000
                0x0000000000000000                __loader_flags__ = 0x0
                0x0000000000000000                __dll_characteristics__ = 0x0
LOAD ../build/x64_Debug/cpuid.o
LOAD ../build/x64_Debug/debug.o
LOAD ../build/x64_Debug/dllmain.o
LOAD ../build/x64_Debug/INTERNALTEST_op_DivRem.o
LOAD ../build/x64_Debug/INTERNALTEST_op_Multiply.o
LOAD ../build/x64_Debug/pmc_add.o
LOAD ../build/x64_Debug/pmc_bitwiseand.o
LOAD ../build/x64_Debug/pmc_bitwiseor.o
LOAD ../build/x64_Debug/pmc_bytes.o
LOAD ../build/x64_Debug/pmc_clone.o
LOAD ../build/x64_Debug/pmc_compare.o
LOAD ../build/x64_Debug/pmc_divrem.o
LOAD ../build/x64_Debug/pmc_equals.o
LOAD ../build/x64_Debug/pmc_exclusiveor.o
LOAD ../build/x64_Debug/pmc_from.o
LOAD ../build/x64_Debug/pmc_greatestcommondivisor.o
LOAD ../build/x64_Debug/pmc_initialize.o
LOAD ../build/x64_Debug/pmc_memory.o
LOAD ../build/x64_Debug/pmc_modpow.o
LOAD ../build/x64_Debug/pmc_multiply.o
LOAD ../build/x64_Debug/pmc_parse.o
LOAD ../build/x64_Debug/pmc_pow.o
LOAD ../build/x64_Debug/pmc_shift.o
LOAD ../build/x64_Debug/pmc_statistics.o
LOAD ../build/x64_Debug/pmc_subtruct.o
LOAD ../build/x64_Debug/pmc_to.o
LOAD ../build/x64_Debug/pmc_tostring.o
LOAD ../build/x64_Debug/TEST_autogenerated.o
LOAD ../build/x64_Debug/TEST_op_Add.o
LOAD ../build/x64_Debug/TEST_op_BitwiseAnd.o
LOAD ../build/x64_Debug/TEST_op_BitwiseOr.o
LOAD ../build/x64_Debug/TEST_op_Clone.o
LOAD ../build/x64_Debug/TEST_op_Compare.o
LOAD ../build/x64_Debug/TEST_op_DivRem.o
LOAD ../build/x64_Debug/TEST_op_Equals.o
LOAD ../build/x64_Debug/TEST_op_ExclusiveOr.o
LOAD ../build/x64_Debug/TEST_op_From_To.o
LOAD ../build/x64_Debug/TEST_op_GreatestCommonDivisor.o
LOAD ../build/x64_Debug/TEST_op_ModPow.o
LOAD ../build/x64_Debug/TEST_op_Multiply.o
LOAD ../build/x64_Debug/TEST_op_ParseDN.o
LOAD ../build/x64_Debug/TEST_op_ParseX.o
LOAD ../build/x64_Debug/TEST_op_Pow.o
LOAD ../build/x64_Debug/TEST_op_Remainder.o
LOAD ../build/x64_Debug/TEST_op_Shift.o
LOAD ../build/x64_Debug/TEST_op_Subtruct.o
LOAD ../build/x64_Debug/TEST_op_ToStringD.o
LOAD ../build/x64_Debug/TEST_op_ToStringN.o
LOAD ../build/x64_Debug/TEST_op_ToStringX.o
LOAD ../build/x64_Debug/version.o
LOAD ../Palmtree.Math.Core.Uint.def
LOAD C:/GNU/MINGW64/x86_64-8.1.0-win32-seh-rt_v6-rev0/mingw64/bin/../lib/gcc/x86_64-w64-mingw32/8.1.0/../../../../x86_64-w64-mingw32/lib/../lib/libkernel32.a
LOAD C:/GNU/MINGW64/x86_64-8.1.0-win32-seh-rt_v6-rev0/mingw64/bin/../lib/gcc/x86_64-w64-mingw32/8.1.0/../../../../x86_64-w64-mingw32/lib/../lib/libuser32.a
                0x0000000000000430                . = SIZEOF_HEADERS
                0x0000000000001000                . = ALIGN (__section_alignment__)

.text           0x000000006ddc1000   0x4aa600
 *(.init)
 *(.text)
 .text          0x000000006ddc1000      0x340 ../build/x64_Debug/cpuid.o
                0x000000006ddc116d                GetCPUInfo
 .text          0x000000006ddc1340      0x3c0 ../build/x64_Debug/debug.o
                0x000000006ddc144f                DoDebug
                0x000000006ddc154f                TEST_Assert
                0x000000006ddc15c1                FormatTestLabel
                0x000000006ddc1601                FormatTestMesssage
                0x000000006ddc1637                DumpBinary_UNIT
 .text          0x000000006ddc1700       0x70 ../build/x64_Debug/dllmain.o
                0x000000006ddc1700                DllMain
 .text          0x000000006ddc1770      0x4d0 ../build/x64_Debug/INTERNALTEST_op_DivRem.o
                0x000000006ddc1831                INTERNALTEST_DivRem_X_X
 .text          0x000000006ddc1c40      0x310 ../build/x64_Debug/INTERNALTEST_op_Multiply.o
                0x000000006ddc1d27                INTERNALTEST_Multiply_X_X_Imp
 .text          0x000000006ddc1f50     0x1a20 ../build/x64_Debug/pmc_add.o
                0x000000006ddc332d                PMC_Add_I_X
                0x000000006ddc33c2                PMC_Add_X_I
                0x000000006ddc35dc                PMC_Add_L_X
                0x000000006ddc3673                PMC_Add_X_L
                0x000000006ddc3707                PMC_Add_X_X
                0x000000006ddc3938                Initialize_Add
 .text          0x000000006ddc3970      0xea0 ../build/x64_Debug/pmc_bitwiseand.o
                0x000000006ddc438a                PMC_BitwiseAnd_I_X
                0x000000006ddc4426                PMC_BitwiseAnd_X_I
                0x000000006ddc44c2                PMC_BitwiseAnd_L_X
                0x000000006ddc4564                PMC_BitwiseAnd_X_L
                0x000000006ddc4606                PMC_BitwiseAnd_X_X
                0x000000006ddc47f2                Initialize_BitwiseAnd
 .text          0x000000006ddc4810     0x1350 ../build/x64_Debug/pmc_bitwiseor.o
                0x000000006ddc558f                PMC_BitwiseOr_I_X
                0x000000006ddc5624                PMC_BitwiseOr_X_I
                0x000000006ddc5814                PMC_BitwiseOr_L_X
                0x000000006ddc58ab                PMC_BitwiseOr_X_L
                0x000000006ddc593f                PMC_BitwiseOr_X_X
                0x000000006ddc5b4d                Initialize_BitwiseOr
 .text          0x000000006ddc5b60      0x6d0 ../build/x64_Debug/pmc_bytes.o
                0x000000006ddc5c94                PMC_FromByteArrayForSINT
                0x000000006ddc5e49                PMC_FromByteArray
                0x000000006ddc5fc0                PMC_ToByteArrayForSINT
                0x000000006ddc612d                PMC_ToByteArray
 .text          0x000000006ddc6230       0xd0 ../build/x64_Debug/pmc_clone.o
                0x000000006ddc6230                PMC_Clone_X
                0x000000006ddc62f0                Initialize_Clone
 .text          0x000000006ddc6300      0x6e0 ../build/x64_Debug/pmc_compare.o
                0x000000006ddc6363                Compare_Imp
                0x000000006ddc64da                PMC_Compare_I_X
                0x000000006ddc6578                PMC_Compare_X_I
                0x000000006ddc670b                PMC_Compare_L_X
                0x000000006ddc67ab                PMC_Compare_X_L
                0x000000006ddc6844                PMC_Compare_X_X
                0x000000006ddc69c3                Initialize_Compare
 .text          0x000000006ddc69e0     0x5fd0 ../build/x64_Debug/pmc_divrem.o
                0x000000006ddc78a4                DivRem_X_X
                0x000000006ddc7a0f                Rem_X_1W
                0x000000006ddc8475                DivRem_X_1W
                0x000000006ddcb7d2                PMC_DivRem_I_X
                0x000000006ddcb93e                PMC_DivRem_X_I
                0x000000006ddcbbf0                PMC_DivRem_L_X
                0x000000006ddcbde3                PMC_DivRem_X_L
                0x000000006ddcc0f9                PMC_DivRem_X_X
                0x000000006ddcc960                Initialize_DivRem
 .text          0x000000006ddcc9b0      0x540 ../build/x64_Debug/pmc_equals.o
                0x000000006ddccb75                PMC_Equals_I_X
                0x000000006ddccbfc                PMC_Equals_X_I
                0x000000006ddccc7f                PMC_Equals_L_X
                0x000000006ddccd08                PMC_Equals_X_L
                0x000000006ddccd8e                PMC_Equals_X_X
                0x000000006ddccede                Initialize_Equals
 .text          0x000000006ddccef0     0x1400 ../build/x64_Debug/pmc_exclusiveor.o
                0x000000006ddcdca0                PMC_ExclusiveOr_I_X
                0x000000006ddcdd3d                PMC_ExclusiveOr_X_I
                0x000000006ddcdf69                PMC_ExclusiveOr_L_X
                0x000000006ddce008                PMC_ExclusiveOr_X_L
                0x000000006ddce0a7                PMC_ExclusiveOr_X_X
                0x000000006ddce2da                Initialize_ExclusiveOr
 .text          0x000000006ddce2f0      0x250 ../build/x64_Debug/pmc_from.o
                0x000000006ddce353                From_I_Imp
                0x000000006ddce3bf                From_L_Imp
                0x000000006ddce439                PMC_From_I
                0x000000006ddce4ae                PMC_From_L
                0x000000006ddce526                Initialize_From
 .text          0x000000006ddce540     0x1080 ../build/x64_Debug/pmc_greatestcommondivisor.o
                0x000000006ddceb35                PMC_GreatestCommonDivisor_I_X
                0x000000006ddcebca                PMC_GreatestCommonDivisor_X_I
                0x000000006ddcf04b                PMC_GreatestCommonDivisor_L_X
                0x000000006ddcf0e2                PMC_GreatestCommonDivisor_X_L
                0x000000006ddcf176                PMC_GreatestCommonDivisor_X_X
                0x000000006ddcf5a9                Initialize_GreatestCommonDivisor
 .text          0x000000006ddcf5c0      0x800 ../build/x64_Debug/pmc_initialize.o
                0x000000006ddcf6f5                PMC_UINT_Initialize
 .text          0x000000006ddcfdc0     0x18e0 ../build/x64_Debug/pmc_memory.o
                0x000000006ddd0970                AllocateBlock
                0x000000006ddd0aac                DeallocateBlock
                0x000000006ddd0c02                CheckBlockLight
                0x000000006ddd0ecc                AttatchNumber
                0x000000006ddd0f19                AllocateNumber
                0x000000006ddd0fa9                DetatchNumber
                0x000000006ddd0fdd                DeallocateNumber
                0x000000006ddd113e                CommitNumber
                0x000000006ddd1331                CheckNumber
                0x000000006ddd13c8                DuplicateNumber
                0x000000006ddd14a0                PMC_GetConstantValue_I
                0x000000006ddd14ea                PMC_Dispose
                0x000000006ddd1529                Initialize_Memory
                0x000000006ddd1607                AllocateHeapArea
                0x000000006ddd1656                DeallocateHeapArea
 .text          0x000000006ddd16a0     0x1070 ../build/x64_Debug/pmc_modpow.o
                0x000000006ddd2602                PMC_ModPow_X_X_X
                0x000000006ddd2700                Initialize_ModPow
 .text          0x000000006ddd2710     0x2650 ../build/x64_Debug/pmc_multiply.o
                0x000000006ddd2968                Multiply_X_X_Imp
                0x000000006ddd46a7                PMC_Multiply_I_X
                0x000000006ddd473c                PMC_Multiply_X_I
                0x000000006ddd4959                PMC_Multiply_L_X
                0x000000006ddd49f0                PMC_Multiply_X_L
                0x000000006ddd4a84                PMC_Multiply_X_X
                0x000000006ddd4cd0                Initialize_Multiply
 .text          0x000000006ddd4d60     0x3890 ../build/x64_Debug/pmc_parse.o
                0x000000006ddd83dd                PMC_TryParse
                0x000000006ddd8481                PMC_TryParseForSINT
                0x000000006ddd851b                Initialize_Parse
 .text          0x000000006ddd85f0      0x590 ../build/x64_Debug/pmc_pow.o
                0x000000006ddd8ade                PMC_Pow_X_I
                0x000000006ddd8b6f                Initialize_Pow
 .text          0x000000006ddd8b80     0x4d40 ../build/x64_Debug/pmc_shift.o
                0x000000006ddd8d06                RightShift_Imp
                0x000000006ddd9f28                RightShift_Imp_DIV
                0x000000006dddb14a                LeftShift_Imp
                0x000000006dddc362                LeftShift_Imp_DIV
                0x000000006dddd57a                PMC_RightShift_X_I
                0x000000006dddd71f                PMC_LeftShift_X_I
                0x000000006dddd8a5                Initialize_Shift
 .text          0x000000006dddd8c0       0x50 ../build/x64_Debug/pmc_statistics.o
                0x000000006dddd8c0                PMC_GetStatisticsInfo
 .text          0x000000006dddd910     0x1200 ../build/x64_Debug/pmc_subtruct.o
                0x000000006ddde09a                Subtruct_Imp
                0x000000006ddde278                PMC_Subtruct_I_X
                0x000000006ddde39a                PMC_Subtruct_X_I
                0x000000006ddde5a4                PMC_Subtruct_L_X
                0x000000006ddde6c9                PMC_Subtruct_X_L
                0x000000006ddde8d6                PMC_Subtruct_X_X
                0x000000006dddeaff                Initialize_Subtruct
 .text          0x000000006dddeb10      0x190 ../build/x64_Debug/pmc_to.o
                0x000000006dddeb2c                PMC_To_X_I
                0x000000006dddebab                PMC_To_X_L
                0x000000006dddec8e                Initialize_To
 .text          0x000000006dddeca0     0x1b20 ../build/x64_Debug/pmc_tostring.o
                0x000000006dde0594                PMC_ToString
                0x000000006dde0729                Initialize_ToString
 .text          0x000000006dde07c0   0x481680 ../build/x64_Debug/TEST_autogenerated.o
                0x000000006dde07c0                TEST_autogenerated
 .text          0x000000006e261e40      0xc90 ../build/x64_Debug/TEST_op_Add.o
                0x000000006e261e9b                TEST_PMC_Add_I_X
                0x000000006e2620eb                TEST_PMC_Add_L_X
                0x000000006e26233c                TEST_PMC_Add_X_I
                0x000000006e26258c                TEST_PMC_Add_X_L
                0x000000006e2627e0                TEST_PMC_Add_X_X
 .text          0x000000006e262ad0      0x830 ../build/x64_Debug/TEST_op_BitwiseAnd.o
                0x000000006e262b2b                TEST_PMC_BitwiseAnd_I_X
                0x000000006e262c60                TEST_PMC_BitwiseAnd_L_X
                0x000000006e262d98                TEST_PMC_BitwiseAnd_X_I
                0x000000006e262ecd                TEST_PMC_BitwiseAnd_X_L
                0x000000006e263005                TEST_PMC_BitwiseAnd_X_X
 .text          0x000000006e263300      0xca0 ../build/x64_Debug/TEST_op_BitwiseOr.o
                0x000000006e26335b                TEST_PMC_BitwiseOr_I_X
                0x000000006e2635ae                TEST_PMC_BitwiseOr_L_X
                0x000000006e263802                TEST_PMC_BitwiseOr_X_I
                0x000000006e263a55                TEST_PMC_BitwiseOr_X_L
                0x000000006e263ca9                TEST_PMC_BitwiseOr_X_X
 .text          0x000000006e263fa0      0x2b0 ../build/x64_Debug/TEST_op_Clone.o
                0x000000006e263ffb                TEST_PMC_Clone_X
 .text          0x000000006e264250      0x690 ../build/x64_Debug/TEST_op_Compare.o
                0x000000006e264250                TEST_PMC_Compare_I_X
                0x000000006e264385                TEST_PMC_Compare_L_X
                0x000000006e2644bb                TEST_PMC_Compare_X_I
                0x000000006e2645f0                TEST_PMC_Compare_X_L
                0x000000006e264726                TEST_PMC_Compare_X_X
 .text          0x000000006e2648e0      0xcc0 ../build/x64_Debug/TEST_op_DivRem.o
                0x000000006e26493b                TEST_PMC_DivRem_I_X
                0x000000006e264ab5                TEST_PMC_DivRem_L_X
                0x000000006e264c34                TEST_PMC_DivRem_X_I
                0x000000006e264edf                TEST_PMC_DivRem_X_L
                0x000000006e26518d                TEST_PMC_DivRem_X_X
 .text          0x000000006e2655a0      0x690 ../build/x64_Debug/TEST_op_Equals.o
                0x000000006e2655a0                TEST_PMC_Equals_I_X
                0x000000006e2656d5                TEST_PMC_Equals_L_X
                0x000000006e26580b                TEST_PMC_Equals_X_I
                0x000000006e265940                TEST_PMC_Equals_X_L
                0x000000006e265a76                TEST_PMC_Equals_X_X
 .text          0x000000006e265c30      0xca0 ../build/x64_Debug/TEST_op_ExclusiveOr.o
                0x000000006e265c8b                TEST_PMC_ExclusiveOr_I_X
                0x000000006e265ede                TEST_PMC_ExclusiveOr_L_X
                0x000000006e266132                TEST_PMC_ExclusiveOr_X_I
                0x000000006e266385                TEST_PMC_ExclusiveOr_X_L
                0x000000006e2665d9                TEST_PMC_ExclusiveOr_X_X
 .text          0x000000006e2668d0      0x640 ../build/x64_Debug/TEST_op_From_To.o
                0x000000006e26692b                TEST_PMC_From_I
                0x000000006e266add                TEST_PMC_From_L
                0x000000006e266c90                TEST_PMC_To_X_I
                0x000000006e266dcb                TEST_PMC_To_X_L
 .text          0x000000006e266f10      0xd00 ../build/x64_Debug/TEST_op_GreatestCommonDivisor.o
                0x000000006e266f6b                TEST_PMC_GreatestCommonDivisor_I_X
                0x000000006e2671d0                TEST_PMC_GreatestCommonDivisor_L_X
                0x000000006e267436                TEST_PMC_GreatestCommonDivisor_X_I
                0x000000006e26769b                TEST_PMC_GreatestCommonDivisor_X_L
                0x000000006e267901                TEST_PMC_GreatestCommonDivisor_X_X
 .text          0x000000006e267c10      0x410 ../build/x64_Debug/TEST_op_ModPow.o
                0x000000006e267c6b                TEST_PMC_ModPow_X_X_X
 .text          0x000000006e268020      0xca0 ../build/x64_Debug/TEST_op_Multiply.o
                0x000000006e26807b                TEST_PMC_Multiply_I_X
                0x000000006e2682ce                TEST_PMC_Multiply_L_X
                0x000000006e268522                TEST_PMC_Multiply_X_I
                0x000000006e268775                TEST_PMC_Multiply_X_L
                0x000000006e2689c9                TEST_PMC_Multiply_X_X
 .text          0x000000006e268cc0      0x450 ../build/x64_Debug/TEST_op_ParseDN.o
                0x000000006e268d1b                TEST_PMC_ParseDN1
                0x000000006e268f0b                TEST_PMC_ParseDN2
 .text          0x000000006e269110      0x260 ../build/x64_Debug/TEST_op_ParseX.o
                0x000000006e26916b                TEST_PMC_ParseX
 .text          0x000000006e269370      0x240 ../build/x64_Debug/TEST_op_Pow.o
                0x000000006e2693cb                TEST_PMC_Pow_X_I
 .text          0x000000006e2695b0      0x890 ../build/x64_Debug/TEST_op_Remainder.o
                0x000000006e26960b                TEST_PMC_Remainder_I_X
                0x000000006e269751                TEST_PMC_Remainder_L_X
                0x000000006e26989a                TEST_PMC_Remainder_X_I
                0x000000006e2699e0                TEST_PMC_Remainder_X_L
                0x000000006e269b29                TEST_PMC_Remainder_X_X
 .text          0x000000006e269e40      0x510 ../build/x64_Debug/TEST_op_Shift.o
                0x000000006e269e9b                TEST_PMC_RightShift_X_I
                0x000000006e26a0ee                TEST_PMC_LeftShift_X_I
 .text          0x000000006e26a350      0xab0 ../build/x64_Debug/TEST_op_Subtruct.o
                0x000000006e26a3ab                TEST_PMC_Subtruct_I_X
                0x000000006e26a4e8                TEST_PMC_Subtruct_L_X
                0x000000006e26a628                TEST_PMC_Subtruct_X_I
                0x000000006e26a88d                TEST_PMC_Subtruct_X_L
                0x000000006e26aaf3                TEST_PMC_Subtruct_X_X
 .text          0x000000006e26ae00      0x200 ../build/x64_Debug/TEST_op_ToStringD.o
                0x000000006e26ae00                TEST_PMC_ToStringD
 .text          0x000000006e26b000      0x200 ../build/x64_Debug/TEST_op_ToStringN.o
                0x000000006e26b000                TEST_PMC_ToStringN
 .text          0x000000006e26b200      0x200 ../build/x64_Debug/TEST_op_ToStringX.o
                0x000000006e26b200                TEST_PMC_ToStringX
 .text          0x000000006e26b400        0x8 C:/GNU/MINGW64/x86_64-8.1.0-win32-seh-rt_v6-rev0/mingw64/bin/../lib/gcc/x86_64-w64-mingw32/8.1.0/../../../../x86_64-w64-mingw32/lib/../lib/libkernel32.a(dqifs01555.o)
                0x000000006e26b400                lstrlenW
 .text          0x000000006e26b408        0x8 C:/GNU/MINGW64/x86_64-8.1.0-win32-seh-rt_v6-rev0/mingw64/bin/../lib/gcc/x86_64-w64-mingw32/8.1.0/../../../../x86_64-w64-mingw32/lib/../lib/libkernel32.a(dqifs01549.o)
                0x000000006e26b408                lstrcpyW
 .text          0x000000006e26b410        0x8 C:/GNU/MINGW64/x86_64-8.1.0-win32-seh-rt_v6-rev0/mingw64/bin/../lib/gcc/x86_64-w64-mingw32/8.1.0/../../../../x86_64-w64-mingw32/lib/../lib/libkernel32.a(dqifs01543.o)
                0x000000006e26b410                lstrcmpW
 .text          0x000000006e26b418        0x8 C:/GNU/MINGW64/x86_64-8.1.0-win32-seh-rt_v6-rev0/mingw64/bin/../lib/gcc/x86_64-w64-mingw32/8.1.0/../../../../x86_64-w64-mingw32/lib/../lib/libkernel32.a(dqifs00841.o)
                0x000000006e26b418                HeapFree
 .text          0x000000006e26b420        0x8 C:/GNU/MINGW64/x86_64-8.1.0-win32-seh-rt_v6-rev0/mingw64/bin/../lib/gcc/x86_64-w64-mingw32/8.1.0/../../../../x86_64-w64-mingw32/lib/../lib/libkernel32.a(dqifs00839.o)
                0x000000006e26b420                HeapDestroy
 .text          0x000000006e26b428        0x8 C:/GNU/MINGW64/x86_64-8.1.0-win32-seh-rt_v6-rev0/mingw64/bin/../lib/gcc/x86_64-w64-mingw32/8.1.0/../../../../x86_64-w64-mingw32/lib/../lib/libkernel32.a(dqifs00837.o)
                0x000000006e26b428                HeapCreate
 .text          0x000000006e26b430        0x8 C:/GNU/MINGW64/x86_64-8.1.0-win32-seh-rt_v6-rev0/mingw64/bin/../lib/gcc/x86_64-w64-mingw32/8.1.0/../../../../x86_64-w64-mingw32/lib/../lib/libkernel32.a(dqifs00835.o)
                0x000000006e26b430                HeapAlloc
 .text          0x000000006e26b438        0x8 C:/GNU/MINGW64/x86_64-8.1.0-win32-seh-rt_v6-rev0/mingw64/bin/../lib/gcc/x86_64-w64-mingw32/8.1.0/../../../../x86_64-w64-mingw32/lib/../lib/libkernel32.a(dqifs00774.o)
                0x000000006e26b438                GetTickCount
 .text          0x000000006e26b440        0x0 C:/GNU/MINGW64/x86_64-8.1.0-win32-seh-rt_v6-rev0/mingw64/bin/../lib/gcc/x86_64-w64-mingw32/8.1.0/../../../../x86_64-w64-mingw32/lib/../lib/libkernel32.a(dqifh.o)
 .text          0x000000006e26b440        0x0 C:/GNU/MINGW64/x86_64-8.1.0-win32-seh-rt_v6-rev0/mingw64/bin/../lib/gcc/x86_64-w64-mingw32/8.1.0/../../../../x86_64-w64-mingw32/lib/../lib/libkernel32.a(dqift.o)
 .text          0x000000006e26b440        0x8 C:/GNU/MINGW64/x86_64-8.1.0-win32-seh-rt_v6-rev0/mingw64/bin/../lib/gcc/x86_64-w64-mingw32/8.1.0/../../../../x86_64-w64-mingw32/lib/../lib/libuser32.a(dyqes00958.o)
                0x000000006e26b440                wsprintfW
 *fill*         0x000000006e26b448        0x8 
 .text          0x000000006e26b450        0x0 C:/GNU/MINGW64/x86_64-8.1.0-win32-seh-rt_v6-rev0/mingw64/bin/../lib/gcc/x86_64-w64-mingw32/8.1.0/../../../../x86_64-w64-mingw32/lib/../lib/libuser32.a(dyqeh.o)
 .text          0x000000006e26b450        0x0 C:/GNU/MINGW64/x86_64-8.1.0-win32-seh-rt_v6-rev0/mingw64/bin/../lib/gcc/x86_64-w64-mingw32/8.1.0/../../../../x86_64-w64-mingw32/lib/../lib/libuser32.a(dyqet.o)
 *(SORT_BY_NAME(.text$*))
 *(.text.*)
 *(.gnu.linkonce.t.*)
 *(.glue_7t)
 *(.glue_7)
                0x000000006e26b450                . = ALIGN (0x8)
                0x000000006e26b450                ___CTOR_LIST__ = .
                0x000000006e26b450                __CTOR_LIST__ = .
                0x000000006e26b450        0x4 LONG 0xffffffffffffffff
                0x000000006e26b454        0x4 LONG 0xffffffffffffffff
 *(.ctors)
 *(.ctor)
 *(SORT_BY_NAME(.ctors.*))
                0x000000006e26b458        0x4 LONG 0x0
                0x000000006e26b45c        0x4 LONG 0x0
                0x000000006e26b460                ___DTOR_LIST__ = .
                0x000000006e26b460                __DTOR_LIST__ = .
                0x000000006e26b460        0x4 LONG 0xffffffffffffffff
                0x000000006e26b464        0x4 LONG 0xffffffffffffffff
 *(.dtors)
 *(.dtor)
 *(SORT_BY_NAME(.dtors.*))
                0x000000006e26b468        0x4 LONG 0x0
                0x000000006e26b46c        0x4 LONG 0x0
 *(.fini)
 *(.gcc_exc)
                [!provide]                        PROVIDE (etext = .)
 *(.gcc_except_table)

.data           0x000000006e26c000    0x75a00
                0x000000006e26c000                __data_start__ = .
 *(.data)
 .data          0x000000006e26c000        0x0 ../build/x64_Debug/cpuid.o
 .data          0x000000006e26c000        0x0 ../build/x64_Debug/debug.o
 .data          0x000000006e26c000        0x0 ../build/x64_Debug/dllmain.o
 .data          0x000000006e26c000        0x0 ../build/x64_Debug/INTERNALTEST_op_DivRem.o
 .data          0x000000006e26c000        0x0 ../build/x64_Debug/INTERNALTEST_op_Multiply.o
 .data          0x000000006e26c000        0x0 ../build/x64_Debug/pmc_add.o
 .data          0x000000006e26c000        0x0 ../build/x64_Debug/pmc_bitwiseand.o
 .data          0x000000006e26c000        0x0 ../build/x64_Debug/pmc_bitwiseor.o
 .data          0x000000006e26c000        0x0 ../build/x64_Debug/pmc_bytes.o
 .data          0x000000006e26c000        0x0 ../build/x64_Debug/pmc_clone.o
 .data          0x000000006e26c000        0x0 ../build/x64_Debug/pmc_compare.o
 .data          0x000000006e26c000        0x0 ../build/x64_Debug/pmc_divrem.o
 .data          0x000000006e26c000        0x0 ../build/x64_Debug/pmc_equals.o
 .data          0x000000006e26c000        0x0 ../build/x64_Debug/pmc_exclusiveor.o
 .data          0x000000006e26c000        0x0 ../build/x64_Debug/pmc_from.o
 .data          0x000000006e26c000        0x0 ../build/x64_Debug/pmc_greatestcommondivisor.o
 .data          0x000000006e26c000        0x0 ../build/x64_Debug/pmc_initialize.o
 .data          0x000000006e26c000        0x0 ../build/x64_Debug/pmc_memory.o
 .data          0x000000006e26c000        0x0 ../build/x64_Debug/pmc_modpow.o
 .data          0x000000006e26c000        0x0 ../build/x64_Debug/pmc_multiply.o
 .data          0x000000006e26c000        0x0 ../build/x64_Debug/pmc_parse.o
 .data          0x000000006e26c000        0x0 ../build/x64_Debug/pmc_pow.o
 .data          0x000000006e26c000        0x0 ../build/x64_Debug/pmc_shift.o
 .data          0x000000006e26c000        0x0 ../build/x64_Debug/pmc_statistics.o
 .data          0x000000006e26c000        0x0 ../build/x64_Debug/pmc_subtruct.o
 .data          0x000000006e26c000        0x0 ../build/x64_Debug/pmc_to.o
 .data          0x000000006e26c000       0xa0 ../build/x64_Debug/pmc_tostring.o
 .data          0x000000006e26c0a0    0x75780 ../build/x64_Debug/TEST_autogenerated.o
 .data          0x000000006e2e1820        0x0 ../build/x64_Debug/TEST_op_Add.o
 .data          0x000000006e2e1820        0x0 ../build/x64_Debug/TEST_op_BitwiseAnd.o
 .data          0x000000006e2e1820        0x0 ../build/x64_Debug/TEST_op_BitwiseOr.o
 .data          0x000000006e2e1820        0x0 ../build/x64_Debug/TEST_op_Clone.o
 .data          0x000000006e2e1820        0x0 ../build/x64_Debug/TEST_op_Compare.o
 .data          0x000000006e2e1820        0x0 ../build/x64_Debug/TEST_op_DivRem.o
 .data          0x000000006e2e1820        0x0 ../build/x64_Debug/TEST_op_Equals.o
 .data          0x000000006e2e1820        0x0 ../build/x64_Debug/TEST_op_ExclusiveOr.o
 .data          0x000000006e2e1820        0x0 ../build/x64_Debug/TEST_op_From_To.o
 .data          0x000000006e2e1820        0x0 ../build/x64_Debug/TEST_op_GreatestCommonDivisor.o
 .data          0x000000006e2e1820        0x0 ../build/x64_Debug/TEST_op_ModPow.o
 .data          0x000000006e2e1820        0x0 ../build/x64_Debug/TEST_op_Multiply.o
 .data          0x000000006e2e1820        0x0 ../build/x64_Debug/TEST_op_ParseDN.o
 .data          0x000000006e2e1820        0x0 ../build/x64_Debug/TEST_op_ParseX.o
 .data          0x000000006e2e1820        0x0 ../build/x64_Debug/TEST_op_Pow.o
 .data          0x000000006e2e1820        0x0 ../build/x64_Debug/TEST_op_Remainder.o
 .data          0x000000006e2e1820        0x0 ../build/x64_Debug/TEST_op_Shift.o
 .data          0x000000006e2e1820        0x0 ../build/x64_Debug/TEST_op_Subtruct.o
 .data          0x000000006e2e1820        0x0 ../build/x64_Debug/TEST_op_ToStringD.o
 .data          0x000000006e2e1820        0x0 ../build/x64_Debug/TEST_op_ToStringN.o
 .data          0x000000006e2e1820        0x0 ../build/x64_Debug/TEST_op_ToStringX.o
 .data          0x000000006e2e1820        0x0 C:/GNU/MINGW64/x86_64-8.1.0-win32-seh-rt_v6-rev0/mingw64/bin/../lib/gcc/x86_64-w64-mingw32/8.1.0/../../../../x86_64-w64-mingw32/lib/../lib/libkernel32.a(dqifs01555.o)
 .data          0x000000006e2e1820        0x0 C:/GNU/MINGW64/x86_64-8.1.0-win32-seh-rt_v6-rev0/mingw64/bin/../lib/gcc/x86_64-w64-mingw32/8.1.0/../../../../x86_64-w64-mingw32/lib/../lib/libkernel32.a(dqifs01549.o)
 .data          0x000000006e2e1820        0x0 C:/GNU/MINGW64/x86_64-8.1.0-win32-seh-rt_v6-rev0/mingw64/bin/../lib/gcc/x86_64-w64-mingw32/8.1.0/../../../../x86_64-w64-mingw32/lib/../lib/libkernel32.a(dqifs01543.o)
 .data          0x000000006e2e1820        0x0 C:/GNU/MINGW64/x86_64-8.1.0-win32-seh-rt_v6-rev0/mingw64/bin/../lib/gcc/x86_64-w64-mingw32/8.1.0/../../../../x86_64-w64-mingw32/lib/../lib/libkernel32.a(dqifs00841.o)
 .data          0x000000006e2e1820        0x0 C:/GNU/MINGW64/x86_64-8.1.0-win32-seh-rt_v6-rev0/mingw64/bin/../lib/gcc/x86_64-w64-mingw32/8.1.0/../../../../x86_64-w64-mingw32/lib/../lib/libkernel32.a(dqifs00839.o)
 .data          0x000000006e2e1820        0x0 C:/GNU/MINGW64/x86_64-8.1.0-win32-seh-rt_v6-rev0/mingw64/bin/../lib/gcc/x86_64-w64-mingw32/8.1.0/../../../../x86_64-w64-mingw32/lib/../lib/libkernel32.a(dqifs00837.o)
 .data          0x000000006e2e1820        0x0 C:/GNU/MINGW64/x86_64-8.1.0-win32-seh-rt_v6-rev0/mingw64/bin/../lib/gcc/x86_64-w64-mingw32/8.1.0/../../../../x86_64-w64-mingw32/lib/../lib/libkernel32.a(dqifs00835.o)
 .data          0x000000006e2e1820        0x0 C:/GNU/MINGW64/x86_64-8.1.0-win32-seh-rt_v6-rev0/mingw64/bin/../lib/gcc/x86_64-w64-mingw32/8.1.0/../../../../x86_64-w64-mingw32/lib/../lib/libkernel32.a(dqifs00774.o)
 .data          0x000000006e2e1820        0x0 C:/GNU/MINGW64/x86_64-8.1.0-win32-seh-rt_v6-rev0/mingw64/bin/../lib/gcc/x86_64-w64-mingw32/8.1.0/../../../../x86_64-w64-mingw32/lib/../lib/libkernel32.a(dqifh.o)
 .data          0x000000006e2e1820        0x0 C:/GNU/MINGW64/x86_64-8.1.0-win32-seh-rt_v6-rev0/mingw64/bin/../lib/gcc/x86_64-w64-mingw32/8.1.0/../../../../x86_64-w64-mingw32/lib/../lib/libkernel32.a(dqift.o)
 .data          0x000000006e2e1820        0x0 C:/GNU/MINGW64/x86_64-8.1.0-win32-seh-rt_v6-rev0/mingw64/bin/../lib/gcc/x86_64-w64-mingw32/8.1.0/../../../../x86_64-w64-mingw32/lib/../lib/libuser32.a(dyqes00958.o)
 .data          0x000000006e2e1820        0x0 C:/GNU/MINGW64/x86_64-8.1.0-win32-seh-rt_v6-rev0/mingw64/bin/../lib/gcc/x86_64-w64-mingw32/8.1.0/../../../../x86_64-w64-mingw32/lib/../lib/libuser32.a(dyqeh.o)
 .data          0x000000006e2e1820        0x0 C:/GNU/MINGW64/x86_64-8.1.0-win32-seh-rt_v6-rev0/mingw64/bin/../lib/gcc/x86_64-w64-mingw32/8.1.0/../../../../x86_64-w64-mingw32/lib/../lib/libuser32.a(dyqet.o)
 *(.data2)
 *(SORT_BY_NAME(.data$*))
 *(.jcr)
                0x000000006e2e1820                __data_end__ = .
 *(.data_cygwin_nocopy)

.rdata          0x000000006e2e2000    0x72e00
 *(.rdata)
 .rdata         0x000000006e2e2000      0x1d0 ../build/x64_Debug/debug.o
 .rdata         0x000000006e2e21d0      0x100 ../build/x64_Debug/INTERNALTEST_op_DivRem.o
 .rdata         0x000000006e2e22d0       0x80 ../build/x64_Debug/INTERNALTEST_op_Multiply.o
 .rdata         0x000000006e2e2350       0xf0 ../build/x64_Debug/pmc_parse.o
 .rdata         0x000000006e2e2440       0xf0 ../build/x64_Debug/pmc_tostring.o
 .rdata         0x000000006e2e2530    0x6e680 ../build/x64_Debug/TEST_autogenerated.o
 .rdata         0x000000006e350bb0      0x2c0 ../build/x64_Debug/TEST_op_Add.o
 .rdata         0x000000006e350e70      0x360 ../build/x64_Debug/TEST_op_BitwiseAnd.o
 .rdata         0x000000006e3511d0      0x360 ../build/x64_Debug/TEST_op_BitwiseOr.o
 .rdata         0x000000006e351530      0x120 ../build/x64_Debug/TEST_op_Clone.o
 .rdata         0x000000006e351650      0x2c0 ../build/x64_Debug/TEST_op_Compare.o
 .rdata         0x000000006e351910      0x320 ../build/x64_Debug/TEST_op_DivRem.o
 .rdata         0x000000006e351c30      0x2c0 ../build/x64_Debug/TEST_op_Equals.o
 .rdata         0x000000006e351ef0      0x360 ../build/x64_Debug/TEST_op_ExclusiveOr.o
 .rdata         0x000000006e352250      0x210 ../build/x64_Debug/TEST_op_From_To.o
 .rdata         0x000000006e352460      0x450 ../build/x64_Debug/TEST_op_GreatestCommonDivisor.o
 .rdata         0x000000006e3528b0      0x130 ../build/x64_Debug/TEST_op_ModPow.o
 .rdata         0x000000006e3529e0      0x330 ../build/x64_Debug/TEST_op_Multiply.o
 .rdata         0x000000006e352d10      0x120 ../build/x64_Debug/TEST_op_ParseDN.o
 .rdata         0x000000006e352e30       0xe0 ../build/x64_Debug/TEST_op_ParseX.o
 .rdata         0x000000006e352f10      0x120 ../build/x64_Debug/TEST_op_Pow.o
 .rdata         0x000000006e353030      0x350 ../build/x64_Debug/TEST_op_Remainder.o
 .rdata         0x000000006e353380      0x1c0 ../build/x64_Debug/TEST_op_Shift.o
 .rdata         0x000000006e353540      0x340 ../build/x64_Debug/TEST_op_Subtruct.o
 .rdata         0x000000006e353880       0xf0 ../build/x64_Debug/TEST_op_ToStringD.o
 .rdata         0x000000006e353970       0xf0 ../build/x64_Debug/TEST_op_ToStringN.o
 .rdata         0x000000006e353a60       0xf0 ../build/x64_Debug/TEST_op_ToStringX.o
 *(SORT_BY_NAME(.rdata$*))
 .rdata$.refptr.PMC_Add_I_X
                0x000000006e353b50       0x10 ../build/x64_Debug/pmc_initialize.o
                0x000000006e353b50                .refptr.PMC_Add_I_X
 .rdata$.refptr.PMC_Add_L_X
                0x000000006e353b60       0x10 ../build/x64_Debug/pmc_initialize.o
                0x000000006e353b60                .refptr.PMC_Add_L_X
 .rdata$.refptr.PMC_Add_X_I
                0x000000006e353b70       0x10 ../build/x64_Debug/pmc_initialize.o
                0x000000006e353b70                .refptr.PMC_Add_X_I
 .rdata$.refptr.PMC_Add_X_L
                0x000000006e353b80       0x10 ../build/x64_Debug/pmc_initialize.o
                0x000000006e353b80                .refptr.PMC_Add_X_L
 .rdata$.refptr.PMC_Add_X_X
                0x000000006e353b90       0x10 ../build/x64_Debug/pmc_initialize.o
                0x000000006e353b90                .refptr.PMC_Add_X_X
 .rdata$.refptr.PMC_BitwiseAnd_I_X
                0x000000006e353ba0       0x10 ../build/x64_Debug/pmc_initialize.o
                0x000000006e353ba0                .refptr.PMC_BitwiseAnd_I_X
 .rdata$.refptr.PMC_BitwiseAnd_L_X
                0x000000006e353bb0       0x10 ../build/x64_Debug/pmc_initialize.o
                0x000000006e353bb0                .refptr.PMC_BitwiseAnd_L_X
 .rdata$.refptr.PMC_BitwiseAnd_X_I
                0x000000006e353bc0       0x10 ../build/x64_Debug/pmc_initialize.o
                0x000000006e353bc0                .refptr.PMC_BitwiseAnd_X_I
 .rdata$.refptr.PMC_BitwiseAnd_X_L
                0x000000006e353bd0       0x10 ../build/x64_Debug/pmc_initialize.o
                0x000000006e353bd0                .refptr.PMC_BitwiseAnd_X_L
 .rdata$.refptr.PMC_BitwiseAnd_X_X
                0x000000006e353be0       0x10 ../build/x64_Debug/pmc_initialize.o
                0x000000006e353be0                .refptr.PMC_BitwiseAnd_X_X
 .rdata$.refptr.PMC_BitwiseOr_I_X
                0x000000006e353bf0       0x10 ../build/x64_Debug/pmc_initialize.o
                0x000000006e353bf0                .refptr.PMC_BitwiseOr_I_X
 .rdata$.refptr.PMC_BitwiseOr_L_X
                0x000000006e353c00       0x10 ../build/x64_Debug/pmc_initialize.o
                0x000000006e353c00                .refptr.PMC_BitwiseOr_L_X
 .rdata$.refptr.PMC_BitwiseOr_X_I
                0x000000006e353c10       0x10 ../build/x64_Debug/pmc_initialize.o
                0x000000006e353c10                .refptr.PMC_BitwiseOr_X_I
 .rdata$.refptr.PMC_BitwiseOr_X_L
                0x000000006e353c20       0x10 ../build/x64_Debug/pmc_initialize.o
                0x000000006e353c20                .refptr.PMC_BitwiseOr_X_L
 .rdata$.refptr.PMC_BitwiseOr_X_X
                0x000000006e353c30       0x10 ../build/x64_Debug/pmc_initialize.o
                0x000000006e353c30                .refptr.PMC_BitwiseOr_X_X
 .rdata$.refptr.PMC_Clone_X
                0x000000006e353c40       0x10 ../build/x64_Debug/pmc_initialize.o
                0x000000006e353c40                .refptr.PMC_Clone_X
 .rdata$.refptr.PMC_Compare_I_X
                0x000000006e353c50       0x10 ../build/x64_Debug/pmc_initialize.o
                0x000000006e353c50                .refptr.PMC_Compare_I_X
 .rdata$.refptr.PMC_Compare_L_X
                0x000000006e353c60       0x10 ../build/x64_Debug/pmc_initialize.o
                0x000000006e353c60                .refptr.PMC_Compare_L_X
 .rdata$.refptr.PMC_Compare_X_I
                0x000000006e353c70       0x10 ../build/x64_Debug/pmc_initialize.o
                0x000000006e353c70                .refptr.PMC_Compare_X_I
 .rdata$.refptr.PMC_Compare_X_L
                0x000000006e353c80       0x10 ../build/x64_Debug/pmc_initialize.o
                0x000000006e353c80                .refptr.PMC_Compare_X_L
 .rdata$.refptr.PMC_Compare_X_X
                0x000000006e353c90       0x10 ../build/x64_Debug/pmc_initialize.o
                0x000000006e353c90                .refptr.PMC_Compare_X_X
 .rdata$.refptr.PMC_Dispose
                0x000000006e353ca0       0x10 ../build/x64_Debug/pmc_initialize.o
                0x000000006e353ca0                .refptr.PMC_Dispose
 .rdata$.refptr.PMC_DivRem_I_X
                0x000000006e353cb0       0x10 ../build/x64_Debug/pmc_initialize.o
                0x000000006e353cb0                .refptr.PMC_DivRem_I_X
 .rdata$.refptr.PMC_DivRem_L_X
                0x000000006e353cc0       0x10 ../build/x64_Debug/pmc_initialize.o
                0x000000006e353cc0                .refptr.PMC_DivRem_L_X
 .rdata$.refptr.PMC_DivRem_X_I
                0x000000006e353cd0       0x10 ../build/x64_Debug/pmc_initialize.o
                0x000000006e353cd0                .refptr.PMC_DivRem_X_I
 .rdata$.refptr.PMC_DivRem_X_L
                0x000000006e353ce0       0x10 ../build/x64_Debug/pmc_initialize.o
                0x000000006e353ce0                .refptr.PMC_DivRem_X_L
 .rdata$.refptr.PMC_DivRem_X_X
                0x000000006e353cf0       0x10 ../build/x64_Debug/pmc_initialize.o
                0x000000006e353cf0                .refptr.PMC_DivRem_X_X
 .rdata$.refptr.PMC_Equals_I_X
                0x000000006e353d00       0x10 ../build/x64_Debug/pmc_initialize.o
                0x000000006e353d00                .refptr.PMC_Equals_I_X
 .rdata$.refptr.PMC_Equals_L_X
                0x000000006e353d10       0x10 ../build/x64_Debug/pmc_initialize.o
                0x000000006e353d10                .refptr.PMC_Equals_L_X
 .rdata$.refptr.PMC_Equals_X_I
                0x000000006e353d20       0x10 ../build/x64_Debug/pmc_initialize.o
                0x000000006e353d20                .refptr.PMC_Equals_X_I
 .rdata$.refptr.PMC_Equals_X_L
                0x000000006e353d30       0x10 ../build/x64_Debug/pmc_initialize.o
                0x000000006e353d30                .refptr.PMC_Equals_X_L
 .rdata$.refptr.PMC_Equals_X_X
                0x000000006e353d40       0x10 ../build/x64_Debug/pmc_initialize.o
                0x000000006e353d40                .refptr.PMC_Equals_X_X
 .rdata$.refptr.PMC_ExclusiveOr_I_X
                0x000000006e353d50       0x10 ../build/x64_Debug/pmc_initialize.o
                0x000000006e353d50                .refptr.PMC_ExclusiveOr_I_X
 .rdata$.refptr.PMC_ExclusiveOr_L_X
                0x000000006e353d60       0x10 ../build/x64_Debug/pmc_initialize.o
                0x000000006e353d60                .refptr.PMC_ExclusiveOr_L_X
 .rdata$.refptr.PMC_ExclusiveOr_X_I
                0x000000006e353d70       0x10 ../build/x64_Debug/pmc_initialize.o
                0x000000006e353d70                .refptr.PMC_ExclusiveOr_X_I
 .rdata$.refptr.PMC_ExclusiveOr_X_L
                0x000000006e353d80       0x10 ../build/x64_Debug/pmc_initialize.o
                0x000000006e353d80                .refptr.PMC_ExclusiveOr_X_L
 .rdata$.refptr.PMC_ExclusiveOr_X_X
                0x000000006e353d90       0x10 ../build/x64_Debug/pmc_initialize.o
                0x000000006e353d90                .refptr.PMC_ExclusiveOr_X_X
 .rdata$.refptr.PMC_FromByteArray
                0x000000006e353da0       0x10 ../build/x64_Debug/pmc_initialize.o
                0x000000006e353da0                .refptr.PMC_FromByteArray
 .rdata$.refptr.PMC_FromByteArrayForSINT
                0x000000006e353db0       0x10 ../build/x64_Debug/pmc_initialize.o
                0x000000006e353db0                .refptr.PMC_FromByteArrayForSINT
 .rdata$.refptr.PMC_From_I
                0x000000006e353dc0       0x10 ../build/x64_Debug/pmc_initialize.o
                0x000000006e353dc0                .refptr.PMC_From_I
 .rdata$.refptr.PMC_From_L
                0x000000006e353dd0       0x10 ../build/x64_Debug/pmc_initialize.o
                0x000000006e353dd0                .refptr.PMC_From_L
 .rdata$.refptr.PMC_GetConstantValue_I
                0x000000006e353de0       0x10 ../build/x64_Debug/pmc_initialize.o
                0x000000006e353de0                .refptr.PMC_GetConstantValue_I
 .rdata$.refptr.PMC_GetStatisticsInfo
                0x000000006e353df0       0x10 ../build/x64_Debug/pmc_initialize.o
                0x000000006e353df0                .refptr.PMC_GetStatisticsInfo
 .rdata$.refptr.PMC_GreatestCommonDivisor_I_X
                0x000000006e353e00       0x10 ../build/x64_Debug/pmc_initialize.o
                0x000000006e353e00                .refptr.PMC_GreatestCommonDivisor_I_X
 .rdata$.refptr.PMC_GreatestCommonDivisor_L_X
                0x000000006e353e10       0x10 ../build/x64_Debug/pmc_initialize.o
                0x000000006e353e10                .refptr.PMC_GreatestCommonDivisor_L_X
 .rdata$.refptr.PMC_GreatestCommonDivisor_X_I
                0x000000006e353e20       0x10 ../build/x64_Debug/pmc_initialize.o
                0x000000006e353e20                .refptr.PMC_GreatestCommonDivisor_X_I
 .rdata$.refptr.PMC_GreatestCommonDivisor_X_L
                0x000000006e353e30       0x10 ../build/x64_Debug/pmc_initialize.o
                0x000000006e353e30                .refptr.PMC_GreatestCommonDivisor_X_L
 .rdata$.refptr.PMC_GreatestCommonDivisor_X_X
                0x000000006e353e40       0x10 ../build/x64_Debug/pmc_initialize.o
                0x000000006e353e40                .refptr.PMC_GreatestCommonDivisor_X_X
 .rdata$.refptr.PMC_LeftShift_X_I
                0x000000006e353e50       0x10 ../build/x64_Debug/pmc_initialize.o
                0x000000006e353e50                .refptr.PMC_LeftShift_X_I
 .rdata$.refptr.PMC_ModPow_X_X_X
                0x000000006e353e60       0x10 ../build/x64_Debug/pmc_initialize.o
                0x000000006e353e60                .refptr.PMC_ModPow_X_X_X
 .rdata$.refptr.PMC_Multiply_I_X
                0x000000006e353e70       0x10 ../build/x64_Debug/pmc_initialize.o
                0x000000006e353e70                .refptr.PMC_Multiply_I_X
 .rdata$.refptr.PMC_Multiply_L_X
                0x000000006e353e80       0x10 ../build/x64_Debug/pmc_initialize.o
                0x000000006e353e80                .refptr.PMC_Multiply_L_X
 .rdata$.refptr.PMC_Multiply_X_I
                0x000000006e353e90       0x10 ../build/x64_Debug/pmc_initialize.o
                0x000000006e353e90                .refptr.PMC_Multiply_X_I
 .rdata$.refptr.PMC_Multiply_X_L
                0x000000006e353ea0       0x10 ../build/x64_Debug/pmc_initialize.o
                0x000000006e353ea0                .refptr.PMC_Multiply_X_L
 .rdata$.refptr.PMC_Multiply_X_X
                0x000000006e353eb0       0x10 ../build/x64_Debug/pmc_initialize.o
                0x000000006e353eb0                .refptr.PMC_Multiply_X_X
 .rdata$.refptr.PMC_Pow_X_I
                0x000000006e353ec0       0x10 ../build/x64_Debug/pmc_initialize.o
                0x000000006e353ec0                .refptr.PMC_Pow_X_I
 .rdata$.refptr.PMC_RightShift_X_I
                0x000000006e353ed0       0x10 ../build/x64_Debug/pmc_initialize.o
                0x000000006e353ed0                .refptr.PMC_RightShift_X_I
 .rdata$.refptr.PMC_Subtruct_I_X
                0x000000006e353ee0       0x10 ../build/x64_Debug/pmc_initialize.o
                0x000000006e353ee0                .refptr.PMC_Subtruct_I_X
 .rdata$.refptr.PMC_Subtruct_L_X
                0x000000006e353ef0       0x10 ../build/x64_Debug/pmc_initialize.o
                0x000000006e353ef0                .refptr.PMC_Subtruct_L_X
 .rdata$.refptr.PMC_Subtruct_X_I
                0x000000006e353f00       0x10 ../build/x64_Debug/pmc_initialize.o
                0x000000006e353f00                .refptr.PMC_Subtruct_X_I
 .rdata$.refptr.PMC_Subtruct_X_L
                0x000000006e353f10       0x10 ../build/x64_Debug/pmc_initialize.o
                0x000000006e353f10                .refptr.PMC_Subtruct_X_L
 .rdata$.refptr.PMC_Subtruct_X_X
                0x000000006e353f20       0x10 ../build/x64_Debug/pmc_initialize.o
                0x000000006e353f20                .refptr.PMC_Subtruct_X_X
 .rdata$.refptr.PMC_ToByteArray
                0x000000006e353f30       0x10 ../build/x64_Debug/pmc_initialize.o
                0x000000006e353f30                .refptr.PMC_ToByteArray
 .rdata$.refptr.PMC_ToByteArrayForSINT
                0x000000006e353f40       0x10 ../build/x64_Debug/pmc_initialize.o
                0x000000006e353f40                .refptr.PMC_ToByteArrayForSINT
 .rdata$.refptr.PMC_ToString
                0x000000006e353f50       0x10 ../build/x64_Debug/pmc_initialize.o
                0x000000006e353f50                .refptr.PMC_ToString
 .rdata$.refptr.PMC_To_X_I
                0x000000006e353f60       0x10 ../build/x64_Debug/pmc_initialize.o
                0x000000006e353f60                .refptr.PMC_To_X_I
 .rdata$.refptr.PMC_To_X_L
                0x000000006e353f70       0x10 ../build/x64_Debug/pmc_initialize.o
                0x000000006e353f70                .refptr.PMC_To_X_L
 .rdata$.refptr.PMC_TryParse
                0x000000006e353f80       0x10 ../build/x64_Debug/pmc_initialize.o
                0x000000006e353f80                .refptr.PMC_TryParse
 .rdata$.refptr.PMC_TryParseForSINT
                0x000000006e353f90       0x10 ../build/x64_Debug/pmc_initialize.o
                0x000000006e353f90                .refptr.PMC_TryParseForSINT
 .rdata$.refptr.configuration_info
                0x000000006e353fa0       0x10 ../build/x64_Debug/pmc_memory.o
                0x000000006e353fa0                .refptr.configuration_info
 .rdata$.refptr.number_one
                0x000000006e353fb0       0x10 ../build/x64_Debug/pmc_modpow.o
                0x000000006e353fb0                .refptr.number_one
 .rdata$.refptr.number_zero
                0x000000006e353fc0       0x10 ../build/x64_Debug/pmc_add.o
                0x000000006e353fc0                .refptr.number_zero
 .rdata$.refptr.statistics_info
                0x000000006e353fd0       0x10 ../build/x64_Debug/pmc_divrem.o
                0x000000006e353fd0                .refptr.statistics_info
 .rdata$zzz     0x000000006e353fe0       0x40 ../build/x64_Debug/cpuid.o
 .rdata$zzz     0x000000006e354020       0x40 ../build/x64_Debug/debug.o
 .rdata$zzz     0x000000006e354060       0x40 ../build/x64_Debug/dllmain.o
 .rdata$zzz     0x000000006e3540a0       0x40 ../build/x64_Debug/INTERNALTEST_op_DivRem.o
 .rdata$zzz     0x000000006e3540e0       0x40 ../build/x64_Debug/INTERNALTEST_op_Multiply.o
 .rdata$zzz     0x000000006e354120       0x40 ../build/x64_Debug/pmc_add.o
 .rdata$zzz     0x000000006e354160       0x40 ../build/x64_Debug/pmc_bitwiseand.o
 .rdata$zzz     0x000000006e3541a0       0x40 ../build/x64_Debug/pmc_bitwiseor.o
 .rdata$zzz     0x000000006e3541e0       0x40 ../build/x64_Debug/pmc_bytes.o
 .rdata$zzz     0x000000006e354220       0x40 ../build/x64_Debug/pmc_clone.o
 .rdata$zzz     0x000000006e354260       0x40 ../build/x64_Debug/pmc_compare.o
 .rdata$zzz     0x000000006e3542a0       0x40 ../build/x64_Debug/pmc_divrem.o
 .rdata$zzz     0x000000006e3542e0       0x40 ../build/x64_Debug/pmc_equals.o
 .rdata$zzz     0x000000006e354320       0x40 ../build/x64_Debug/pmc_exclusiveor.o
 .rdata$zzz     0x000000006e354360       0x40 ../build/x64_Debug/pmc_from.o
 .rdata$zzz     0x000000006e3543a0       0x40 ../build/x64_Debug/pmc_greatestcommondivisor.o
 .rdata$zzz     0x000000006e3543e0       0x40 ../build/x64_Debug/pmc_initialize.o
 .rdata$zzz     0x000000006e354420       0x40 ../build/x64_Debug/pmc_memory.o
 .rdata$zzz     0x000000006e354460       0x40 ../build/x64_Debug/pmc_modpow.o
 .rdata$zzz     0x000000006e3544a0       0x40 ../build/x64_Debug/pmc_multiply.o
 .rdata$zzz     0x000000006e3544e0       0x40 ../build/x64_Debug/pmc_parse.o
 .rdata$zzz     0x000000006e354520       0x40 ../build/x64_Debug/pmc_pow.o
 .rdata$zzz     0x000000006e354560       0x40 ../build/x64_Debug/pmc_shift.o
 .rdata$zzz     0x000000006e3545a0       0x40 ../build/x64_Debug/pmc_statistics.o
 .rdata$zzz     0x000000006e3545e0       0x40 ../build/x64_Debug/pmc_subtruct.o
 .rdata$zzz     0x000000006e354620       0x40 ../build/x64_Debug/pmc_to.o
 .rdata$zzz     0x000000006e354660       0x40 ../build/x64_Debug/pmc_tostring.o
 .rdata$zzz     0x000000006e3546a0       0x40 ../build/x64_Debug/TEST_autogenerated.o
 .rdata$zzz     0x000000006e3546e0       0x40 ../build/x64_Debug/TEST_op_Add.o
 .rdata$zzz     0x000000006e354720       0x40 ../build/x64_Debug/TEST_op_BitwiseAnd.o
 .rdata$zzz     0x000000006e354760       0x40 ../build/x64_Debug/TEST_op_BitwiseOr.o
 .rdata$zzz     0x000000006e3547a0       0x40 ../build/x64_Debug/TEST_op_Clone.o
 .rdata$zzz     0x000000006e3547e0       0x40 ../build/x64_Debug/TEST_op_Compare.o
 .rdata$zzz     0x000000006e354820       0x40 ../build/x64_Debug/TEST_op_DivRem.o
 .rdata$zzz     0x000000006e354860       0x40 ../build/x64_Debug/TEST_op_Equals.o
 .rdata$zzz     0x000000006e3548a0       0x40 ../build/x64_Debug/TEST_op_ExclusiveOr.o
 .rdata$zzz     0x000000006e3548e0       0x40 ../build/x64_Debug/TEST_op_From_To.o
 .rdata$zzz     0x000000006e354920       0x40 ../build/x64_Debug/TEST_op_GreatestCommonDivisor.o
 .rdata$zzz     0x000000006e354960       0x40 ../build/x64_Debug/TEST_op_ModPow.o
 .rdata$zzz     0x000000006e3549a0       0x40 ../build/x64_Debug/TEST_op_Multiply.o
 .rdata$zzz     0x000000006e3549e0       0x40 ../build/x64_Debug/TEST_op_ParseDN.o
 .rdata$zzz     0x000000006e354a20       0x40 ../build/x64_Debug/TEST_op_ParseX.o
 .rdata$zzz     0x000000006e354a60       0x40 ../build/x64_Debug/TEST_op_Pow.o
 .rdata$zzz     0x000000006e354aa0       0x40 ../build/x64_Debug/TEST_op_Remainder.o
 .rdata$zzz     0x000000006e354ae0       0x40 ../build/x64_Debug/TEST_op_Shift.o
 .rdata$zzz     0x000000006e354b20       0x40 ../build/x64_Debug/TEST_op_Subtruct.o
 .rdata$zzz     0x000000006e354b60       0x40 ../build/x64_Debug/TEST_op_ToStringD.o
 .rdata$zzz     0x000000006e354ba0       0x40 ../build/x64_Debug/TEST_op_ToStringN.o
 .rdata$zzz     0x000000006e354be0       0x40 ../build/x64_Debug/TEST_op_ToStringX.o
                0x000000006e354c20                __rt_psrelocs_start = .
 *(.rdata_runtime_pseudo_reloc)
                0x000000006e354c20                __rt_psrelocs_end = .
                0x0000000000000000                __rt_psrelocs_size = (__rt_psrelocs_end - __rt_psrelocs_start)
                0x000000006e354c20                ___RUNTIME_PSEUDO_RELOC_LIST_END__ = .
                0x000000006e354c20                __RUNTIME_PSEUDO_RELOC_LIST_END__ = .
                0x000000006e354c20                ___RUNTIME_PSEUDO_RELOC_LIST__ = (. - __rt_psrelocs_size)
                0x000000006e354c20                __RUNTIME_PSEUDO_RELOC_LIST__ = (. - __rt_psrelocs_size)

.eh_frame
 *(.eh_frame*)

.pdata          0x000000006e355000     0x1600
 *(.pdata*)
 .pdata         0x000000006e355000       0x30 ../build/x64_Debug/cpuid.o
 .pdata         0x000000006e355030       0x60 ../build/x64_Debug/debug.o
 .pdata         0x000000006e355090        0xc ../build/x64_Debug/dllmain.o
 .pdata         0x000000006e35509c       0x24 ../build/x64_Debug/INTERNALTEST_op_DivRem.o
 .pdata         0x000000006e3550c0       0x30 ../build/x64_Debug/INTERNALTEST_op_Multiply.o
 .pdata         0x000000006e3550f0      0x150 ../build/x64_Debug/pmc_add.o
 .pdata         0x000000006e355240       0x6c ../build/x64_Debug/pmc_bitwiseand.o
 .pdata         0x000000006e3552ac       0xb4 ../build/x64_Debug/pmc_bitwiseor.o
 .pdata         0x000000006e355360       0x60 ../build/x64_Debug/pmc_bytes.o
 .pdata         0x000000006e3553c0       0x18 ../build/x64_Debug/pmc_clone.o
 .pdata         0x000000006e3553d8       0x84 ../build/x64_Debug/pmc_compare.o
 .pdata         0x000000006e35545c      0x258 ../build/x64_Debug/pmc_divrem.o
 .pdata         0x000000006e3556b4       0x84 ../build/x64_Debug/pmc_equals.o
 .pdata         0x000000006e355738       0xb4 ../build/x64_Debug/pmc_exclusiveor.o
 .pdata         0x000000006e3557ec       0x54 ../build/x64_Debug/pmc_from.o
 .pdata         0x000000006e355840       0xc0 ../build/x64_Debug/pmc_greatestcommondivisor.o
 .pdata         0x000000006e355900       0x24 ../build/x64_Debug/pmc_initialize.o
 .pdata         0x000000006e355924      0x174 ../build/x64_Debug/pmc_memory.o
 .pdata         0x000000006e355a98       0x78 ../build/x64_Debug/pmc_modpow.o
 .pdata         0x000000006e355b10      0x144 ../build/x64_Debug/pmc_multiply.o
 .pdata         0x000000006e355c54      0x1a4 ../build/x64_Debug/pmc_parse.o
 .pdata         0x000000006e355df8       0x54 ../build/x64_Debug/pmc_pow.o
 .pdata         0x000000006e355e4c       0x84 ../build/x64_Debug/pmc_shift.o
 .pdata         0x000000006e355ed0        0xc ../build/x64_Debug/pmc_statistics.o
 .pdata         0x000000006e355edc       0xd8 ../build/x64_Debug/pmc_subtruct.o
 .pdata         0x000000006e355fb4       0x30 ../build/x64_Debug/pmc_to.o
 .pdata         0x000000006e355fe4      0x108 ../build/x64_Debug/pmc_tostring.o
 .pdata         0x000000006e3560ec        0xc ../build/x64_Debug/TEST_autogenerated.o
 .pdata         0x000000006e3560f8       0x48 ../build/x64_Debug/TEST_op_Add.o
 .pdata         0x000000006e356140       0x48 ../build/x64_Debug/TEST_op_BitwiseAnd.o
 .pdata         0x000000006e356188       0x48 ../build/x64_Debug/TEST_op_BitwiseOr.o
 .pdata         0x000000006e3561d0       0x18 ../build/x64_Debug/TEST_op_Clone.o
 .pdata         0x000000006e3561e8       0x3c ../build/x64_Debug/TEST_op_Compare.o
 .pdata         0x000000006e356224       0x48 ../build/x64_Debug/TEST_op_DivRem.o
 .pdata         0x000000006e35626c       0x3c ../build/x64_Debug/TEST_op_Equals.o
 .pdata         0x000000006e3562a8       0x48 ../build/x64_Debug/TEST_op_ExclusiveOr.o
 .pdata         0x000000006e3562f0       0x3c ../build/x64_Debug/TEST_op_From_To.o
 .pdata         0x000000006e35632c       0x48 ../build/x64_Debug/TEST_op_GreatestCommonDivisor.o
 .pdata         0x000000006e356374       0x18 ../build/x64_Debug/TEST_op_ModPow.o
 .pdata         0x000000006e35638c       0x48 ../build/x64_Debug/TEST_op_Multiply.o
 .pdata         0x000000006e3563d4       0x24 ../build/x64_Debug/TEST_op_ParseDN.o
 .pdata         0x000000006e3563f8       0x18 ../build/x64_Debug/TEST_op_ParseX.o
 .pdata         0x000000006e356410       0x18 ../build/x64_Debug/TEST_op_Pow.o
 .pdata         0x000000006e356428       0x48 ../build/x64_Debug/TEST_op_Remainder.o
 .pdata         0x000000006e356470       0x24 ../build/x64_Debug/TEST_op_Shift.o
 .pdata         0x000000006e356494       0x48 ../build/x64_Debug/TEST_op_Subtruct.o
 .pdata         0x000000006e3564dc        0xc ../build/x64_Debug/TEST_op_ToStringD.o
 .pdata         0x000000006e3564e8        0xc ../build/x64_Debug/TEST_op_ToStringN.o
 .pdata         0x000000006e3564f4        0xc ../build/x64_Debug/TEST_op_ToStringX.o

.xdata          0x000000006e357000     0x1600
 *(.xdata*)
 .xdata         0x000000006e357000       0x30 ../build/x64_Debug/cpuid.o
 .xdata         0x000000006e357030       0x60 ../build/x64_Debug/debug.o
 .xdata         0x000000006e357090        0xc ../build/x64_Debug/dllmain.o
 .xdata         0x000000006e35709c       0x28 ../build/x64_Debug/INTERNALTEST_op_DivRem.o
 .xdata         0x000000006e3570c4       0x30 ../build/x64_Debug/INTERNALTEST_op_Multiply.o
 .xdata         0x000000006e3570f4      0x120 ../build/x64_Debug/pmc_add.o
 .xdata         0x000000006e357214       0x60 ../build/x64_Debug/pmc_bitwiseand.o
 .xdata         0x000000006e357274       0xb0 ../build/x64_Debug/pmc_bitwiseor.o
 .xdata         0x000000006e357324       0x60 ../build/x64_Debug/pmc_bytes.o
 .xdata         0x000000006e357384       0x14 ../build/x64_Debug/pmc_clone.o
 .xdata         0x000000006e357398       0x7c ../build/x64_Debug/pmc_compare.o
 .xdata         0x000000006e357414      0x234 ../build/x64_Debug/pmc_divrem.o
 .xdata         0x000000006e357648       0x7c ../build/x64_Debug/pmc_equals.o
 .xdata         0x000000006e3576c4       0xb0 ../build/x64_Debug/pmc_exclusiveor.o
 .xdata         0x000000006e357774       0x50 ../build/x64_Debug/pmc_from.o
 .xdata         0x000000006e3577c4       0xc0 ../build/x64_Debug/pmc_greatestcommondivisor.o
 .xdata         0x000000006e357884       0x24 ../build/x64_Debug/pmc_initialize.o
 .xdata         0x000000006e3578a8      0x16c ../build/x64_Debug/pmc_memory.o
 .xdata         0x000000006e357a14       0x78 ../build/x64_Debug/pmc_modpow.o
 .xdata         0x000000006e357a8c      0x140 ../build/x64_Debug/pmc_multiply.o
 .xdata         0x000000006e357bcc      0x190 ../build/x64_Debug/pmc_parse.o
 .xdata         0x000000006e357d5c       0x54 ../build/x64_Debug/pmc_pow.o
 .xdata         0x000000006e357db0       0x88 ../build/x64_Debug/pmc_shift.o
 .xdata         0x000000006e357e38        0x8 ../build/x64_Debug/pmc_statistics.o
 .xdata         0x000000006e357e40       0xc0 ../build/x64_Debug/pmc_subtruct.o
 .xdata         0x000000006e357f00       0x28 ../build/x64_Debug/pmc_to.o
 .xdata         0x000000006e357f28      0x104 ../build/x64_Debug/pmc_tostring.o
 .xdata         0x000000006e35802c       0x18 ../build/x64_Debug/TEST_autogenerated.o
 .xdata         0x000000006e358044       0x58 ../build/x64_Debug/TEST_op_Add.o
 .xdata         0x000000006e35809c       0x58 ../build/x64_Debug/TEST_op_BitwiseAnd.o
 .xdata         0x000000006e3580f4       0x58 ../build/x64_Debug/TEST_op_BitwiseOr.o
 .xdata         0x000000006e35814c       0x18 ../build/x64_Debug/TEST_op_Clone.o
 .xdata         0x000000006e358164       0x50 ../build/x64_Debug/TEST_op_Compare.o
 .xdata         0x000000006e3581b4       0x58 ../build/x64_Debug/TEST_op_DivRem.o
 .xdata         0x000000006e35820c       0x50 ../build/x64_Debug/TEST_op_Equals.o
 .xdata         0x000000006e35825c       0x58 ../build/x64_Debug/TEST_op_ExclusiveOr.o
 .xdata         0x000000006e3582b4       0x48 ../build/x64_Debug/TEST_op_From_To.o
 .xdata         0x000000006e3582fc       0x58 ../build/x64_Debug/TEST_op_GreatestCommonDivisor.o
 .xdata         0x000000006e358354       0x18 ../build/x64_Debug/TEST_op_ModPow.o
 .xdata         0x000000006e35836c       0x58 ../build/x64_Debug/TEST_op_Multiply.o
 .xdata         0x000000006e3583c4       0x28 ../build/x64_Debug/TEST_op_ParseDN.o
 .xdata         0x000000006e3583ec       0x18 ../build/x64_Debug/TEST_op_ParseX.o
 .xdata         0x000000006e358404       0x18 ../build/x64_Debug/TEST_op_Pow.o
 .xdata         0x000000006e35841c       0x58 ../build/x64_Debug/TEST_op_Remainder.o
 .xdata         0x000000006e358474       0x28 ../build/x64_Debug/TEST_op_Shift.o
 .xdata         0x000000006e35849c       0x58 ../build/x64_Debug/TEST_op_Subtruct.o
 .xdata         0x000000006e3584f4       0x10 ../build/x64_Debug/TEST_op_ToStringD.o
 .xdata         0x000000006e358504       0x10 ../build/x64_Debug/TEST_op_ToStringN.o
 .xdata         0x000000006e358514       0x10 ../build/x64_Debug/TEST_op_ToStringX.o

.bss            0x000000006e359000    0x176c0
                0x000000006e359000                __bss_start__ = .
 *(.bss)
 .bss           0x000000006e359000        0x0 ../build/x64_Debug/cpuid.o
 .bss           0x000000006e359000      0x420 ../build/x64_Debug/debug.o
                0x000000006e359000                test_total_count
                0x000000006e359004                test_ok_count
                0x000000006e359008                __DEBUG_LOG
 .bss           0x000000006e359420        0x0 ../build/x64_Debug/dllmain.o
 .bss           0x000000006e359420        0x0 ../build/x64_Debug/INTERNALTEST_op_DivRem.o
 .bss           0x000000006e359420        0x0 ../build/x64_Debug/INTERNALTEST_op_Multiply.o
 .bss           0x000000006e359420       0x10 ../build/x64_Debug/pmc_add.o
 .bss           0x000000006e359430        0x0 ../build/x64_Debug/pmc_bitwiseand.o
 .bss           0x000000006e359430        0x0 ../build/x64_Debug/pmc_bitwiseor.o
 .bss           0x000000006e359430        0x0 ../build/x64_Debug/pmc_bytes.o
 .bss           0x000000006e359430        0x0 ../build/x64_Debug/pmc_clone.o
 .bss           0x000000006e359430        0x0 ../build/x64_Debug/pmc_compare.o
 .bss           0x000000006e359430       0x10 ../build/x64_Debug/pmc_divrem.o
 .bss           0x000000006e359440        0x0 ../build/x64_Debug/pmc_equals.o
 .bss           0x000000006e359440        0x0 ../build/x64_Debug/pmc_exclusiveor.o
 .bss           0x000000006e359440        0x0 ../build/x64_Debug/pmc_from.o
 .bss           0x000000006e359440        0x0 ../build/x64_Debug/pmc_greatestcommondivisor.o
 .bss           0x000000006e359440      0x240 ../build/x64_Debug/pmc_initialize.o
 .bss           0x000000006e359680        0x0 ../build/x64_Debug/pmc_memory.o
 .bss           0x000000006e359680        0x0 ../build/x64_Debug/pmc_modpow.o
 .bss           0x000000006e359680       0x20 ../build/x64_Debug/pmc_multiply.o
 .bss           0x000000006e3596a0       0x40 ../build/x64_Debug/pmc_parse.o
 .bss           0x000000006e3596e0        0x0 ../build/x64_Debug/pmc_pow.o
 .bss           0x000000006e3596e0        0x0 ../build/x64_Debug/pmc_shift.o
 .bss           0x000000006e3596e0        0x0 ../build/x64_Debug/pmc_statistics.o
 .bss           0x000000006e3596e0        0x0 ../build/x64_Debug/pmc_subtruct.o
 .bss           0x000000006e3596e0        0x0 ../build/x64_Debug/pmc_to.o
 .bss           0x000000006e3596e0       0x40 ../build/x64_Debug/pmc_tostring.o
 .bss           0x000000006e359720      0xb60 ../build/x64_Debug/TEST_autogenerated.o
 .bss           0x000000006e35a280        0x0 ../build/x64_Debug/TEST_op_Add.o
 .bss           0x000000006e35a280        0x0 ../build/x64_Debug/TEST_op_BitwiseAnd.o
 .bss           0x000000006e35a280        0x0 ../build/x64_Debug/TEST_op_BitwiseOr.o
 .bss           0x000000006e35a280        0x0 ../build/x64_Debug/TEST_op_Clone.o
 .bss           0x000000006e35a280        0x0 ../build/x64_Debug/TEST_op_Compare.o
 .bss           0x000000006e35a280        0x0 ../build/x64_Debug/TEST_op_DivRem.o
 .bss           0x000000006e35a280        0x0 ../build/x64_Debug/TEST_op_Equals.o
 .bss           0x000000006e35a280        0x0 ../build/x64_Debug/TEST_op_ExclusiveOr.o
 .bss           0x000000006e35a280        0x0 ../build/x64_Debug/TEST_op_From_To.o
 .bss           0x000000006e35a280        0x0 ../build/x64_Debug/TEST_op_GreatestCommonDivisor.o
 .bss           0x000000006e35a280        0x0 ../build/x64_Debug/TEST_op_ModPow.o
 .bss           0x000000006e35a280        0x0 ../build/x64_Debug/TEST_op_Multiply.o
 .bss           0x000000006e35a280      0x240 ../build/x64_Debug/TEST_op_ParseDN.o
 .bss           0x000000006e35a4c0      0x120 ../build/x64_Debug/TEST_op_ParseX.o
 .bss           0x000000006e35a5e0    0x10000 ../build/x64_Debug/TEST_op_Pow.o
 .bss           0x000000006e36a5e0        0x0 ../build/x64_Debug/TEST_op_Remainder.o
 .bss           0x000000006e36a5e0        0x0 ../build/x64_Debug/TEST_op_Shift.o
 .bss           0x000000006e36a5e0        0x0 ../build/x64_Debug/TEST_op_Subtruct.o
 .bss           0x000000006e36a5e0     0x2000 ../build/x64_Debug/TEST_op_ToStringD.o
 .bss           0x000000006e36c5e0     0x2000 ../build/x64_Debug/TEST_op_ToStringN.o
 .bss           0x000000006e36e5e0     0x2000 ../build/x64_Debug/TEST_op_ToStringX.o
 .bss           0x000000006e3705e0        0x0 C:/GNU/MINGW64/x86_64-8.1.0-win32-seh-rt_v6-rev0/mingw64/bin/../lib/gcc/x86_64-w64-mingw32/8.1.0/../../../../x86_64-w64-mingw32/lib/../lib/libkernel32.a(dqifs01555.o)
 .bss           0x000000006e3705e0        0x0 C:/GNU/MINGW64/x86_64-8.1.0-win32-seh-rt_v6-rev0/mingw64/bin/../lib/gcc/x86_64-w64-mingw32/8.1.0/../../../../x86_64-w64-mingw32/lib/../lib/libkernel32.a(dqifs01549.o)
 .bss           0x000000006e3705e0        0x0 C:/GNU/MINGW64/x86_64-8.1.0-win32-seh-rt_v6-rev0/mingw64/bin/../lib/gcc/x86_64-w64-mingw32/8.1.0/../../../../x86_64-w64-mingw32/lib/../lib/libkernel32.a(dqifs01543.o)
 .bss           0x000000006e3705e0        0x0 C:/GNU/MINGW64/x86_64-8.1.0-win32-seh-rt_v6-rev0/mingw64/bin/../lib/gcc/x86_64-w64-mingw32/8.1.0/../../../../x86_64-w64-mingw32/lib/../lib/libkernel32.a(dqifs00841.o)
 .bss           0x000000006e3705e0        0x0 C:/GNU/MINGW64/x86_64-8.1.0-win32-seh-rt_v6-rev0/mingw64/bin/../lib/gcc/x86_64-w64-mingw32/8.1.0/../../../../x86_64-w64-mingw32/lib/../lib/libkernel32.a(dqifs00839.o)
 .bss           0x000000006e3705e0        0x0 C:/GNU/MINGW64/x86_64-8.1.0-win32-seh-rt_v6-rev0/mingw64/bin/../lib/gcc/x86_64-w64-mingw32/8.1.0/../../../../x86_64-w64-mingw32/lib/../lib/libkernel32.a(dqifs00837.o)
 .bss           0x000000006e3705e0        0x0 C:/GNU/MINGW64/x86_64-8.1.0-win32-seh-rt_v6-rev0/mingw64/bin/../lib/gcc/x86_64-w64-mingw32/8.1.0/../../../../x86_64-w64-mingw32/lib/../lib/libkernel32.a(dqifs00835.o)
 .bss           0x000000006e3705e0        0x0 C:/GNU/MINGW64/x86_64-8.1.0-win32-seh-rt_v6-rev0/mingw64/bin/../lib/gcc/x86_64-w64-mingw32/8.1.0/../../../../x86_64-w64-mingw32/lib/../lib/libkernel32.a(dqifs00774.o)
 .bss           0x000000006e3705e0        0x0 C:/GNU/MINGW64/x86_64-8.1.0-win32-seh-rt_v6-rev0/mingw64/bin/../lib/gcc/x86_64-w64-mingw32/8.1.0/../../../../x86_64-w64-mingw32/lib/../lib/libkernel32.a(dqifh.o)
 .bss           0x000000006e3705e0        0x0 C:/GNU/MINGW64/x86_64-8.1.0-win32-seh-rt_v6-rev0/mingw64/bin/../lib/gcc/x86_64-w64-mingw32/8.1.0/../../../../x86_64-w64-mingw32/lib/../lib/libkernel32.a(dqift.o)
 .bss           0x000000006e3705e0        0x0 C:/GNU/MINGW64/x86_64-8.1.0-win32-seh-rt_v6-rev0/mingw64/bin/../lib/gcc/x86_64-w64-mingw32/8.1.0/../../../../x86_64-w64-mingw32/lib/../lib/libuser32.a(dyqes00958.o)
 .bss           0x000000006e3705e0        0x0 C:/GNU/MINGW64/x86_64-8.1.0-win32-seh-rt_v6-rev0/mingw64/bin/../lib/gcc/x86_64-w64-mingw32/8.1.0/../../../../x86_64-w64-mingw32/lib/../lib/libuser32.a(dyqeh.o)
 .bss           0x000000006e3705e0        0x0 C:/GNU/MINGW64/x86_64-8.1.0-win32-seh-rt_v6-rev0/mingw64/bin/../lib/gcc/x86_64-w64-mingw32/8.1.0/../../../../x86_64-w64-mingw32/lib/../lib/libuser32.a(dyqet.o)
 *(COMMON)
 COMMON         0x000000006e3705e0        0x4 ../build/x64_Debug/pmc_initialize.o
                0x000000006e3705e0                configuration_info
 *fill*         0x000000006e3705e4       0x1c 
 COMMON         0x000000006e370600       0xb0 ../build/x64_Debug/pmc_memory.o
                0x000000006e370600                number_one
                0x000000006e370660                number_zero
                0x000000006e3706a8                hLocalHeap
 COMMON         0x000000006e3706b0       0x10 ../build/x64_Debug/pmc_statistics.o
                0x000000006e3706b0                statistics_info
                0x000000006e3706c0                __bss_end__ = .

.edata          0x000000006e371000      0x200
 *(.edata)
 .edata         0x000000006e371000       0x74 dll stuff

/DISCARD/
 *(.debug$S)
 *(.debug$T)
 *(.debug$F)
 *(.drectve)
 *(.note.GNU-stack)
 *(.gnu.lto_*)

.idata          0x000000006e372000      0x200
 SORT_BY_NAME(*)(.idata$2)
 .idata$2       0x000000006e372000       0x14 C:/GNU/MINGW64/x86_64-8.1.0-win32-seh-rt_v6-rev0/mingw64/bin/../lib/gcc/x86_64-w64-mingw32/8.1.0/../../../../x86_64-w64-mingw32/lib/../lib/libkernel32.a(dqifh.o)
                0x000000006e372000                _head_lib64_libkernel32_a
 .idata$2       0x000000006e372014       0x14 C:/GNU/MINGW64/x86_64-8.1.0-win32-seh-rt_v6-rev0/mingw64/bin/../lib/gcc/x86_64-w64-mingw32/8.1.0/../../../../x86_64-w64-mingw32/lib/../lib/libuser32.a(dyqeh.o)
                0x000000006e372014                _head_lib64_libuser32_a
 SORT_BY_NAME(*)(.idata$3)
                0x000000006e372028        0x4 LONG 0x0
                0x000000006e37202c        0x4 LONG 0x0
                0x000000006e372030        0x4 LONG 0x0
                0x000000006e372034        0x4 LONG 0x0
                0x000000006e372038        0x4 LONG 0x0
 SORT_BY_NAME(*)(.idata$4)
 .idata$4       0x000000006e37203c        0x0 C:/GNU/MINGW64/x86_64-8.1.0-win32-seh-rt_v6-rev0/mingw64/bin/../lib/gcc/x86_64-w64-mingw32/8.1.0/../../../../x86_64-w64-mingw32/lib/../lib/libkernel32.a(dqifh.o)
 .idata$4       0x000000006e37203c        0x8 C:/GNU/MINGW64/x86_64-8.1.0-win32-seh-rt_v6-rev0/mingw64/bin/../lib/gcc/x86_64-w64-mingw32/8.1.0/../../../../x86_64-w64-mingw32/lib/../lib/libkernel32.a(dqifs00774.o)
 .idata$4       0x000000006e372044        0x8 C:/GNU/MINGW64/x86_64-8.1.0-win32-seh-rt_v6-rev0/mingw64/bin/../lib/gcc/x86_64-w64-mingw32/8.1.0/../../../../x86_64-w64-mingw32/lib/../lib/libkernel32.a(dqifs00835.o)
 .idata$4       0x000000006e37204c        0x8 C:/GNU/MINGW64/x86_64-8.1.0-win32-seh-rt_v6-rev0/mingw64/bin/../lib/gcc/x86_64-w64-mingw32/8.1.0/../../../../x86_64-w64-mingw32/lib/../lib/libkernel32.a(dqifs00837.o)
 .idata$4       0x000000006e372054        0x8 C:/GNU/MINGW64/x86_64-8.1.0-win32-seh-rt_v6-rev0/mingw64/bin/../lib/gcc/x86_64-w64-mingw32/8.1.0/../../../../x86_64-w64-mingw32/lib/../lib/libkernel32.a(dqifs00839.o)
 .idata$4       0x000000006e37205c        0x8 C:/GNU/MINGW64/x86_64-8.1.0-win32-seh-rt_v6-rev0/mingw64/bin/../lib/gcc/x86_64-w64-mingw32/8.1.0/../../../../x86_64-w64-mingw32/lib/../lib/libkernel32.a(dqifs00841.o)
 .idata$4       0x000000006e372064        0x8 C:/GNU/MINGW64/x86_64-8.1.0-win32-seh-rt_v6-rev0/mingw64/bin/../lib/gcc/x86_64-w64-mingw32/8.1.0/../../../../x86_64-w64-mingw32/lib/../lib/libkernel32.a(dqifs01543.o)
 .idata$4       0x000000006e37206c        0x8 C:/GNU/MINGW64/x86_64-8.1.0-win32-seh-rt_v6-rev0/mingw64/bin/../lib/gcc/x86_64-w64-mingw32/8.1.0/../../../../x86_64-w64-mingw32/lib/../lib/libkernel32.a(dqifs01549.o)
 .idata$4       0x000000006e372074        0x8 C:/GNU/MINGW64/x86_64-8.1.0-win32-seh-rt_v6-rev0/mingw64/bin/../lib/gcc/x86_64-w64-mingw32/8.1.0/../../../../x86_64-w64-mingw32/lib/../lib/libkernel32.a(dqifs01555.o)
 .idata$4       0x000000006e37207c        0x8 C:/GNU/MINGW64/x86_64-8.1.0-win32-seh-rt_v6-rev0/mingw64/bin/../lib/gcc/x86_64-w64-mingw32/8.1.0/../../../../x86_64-w64-mingw32/lib/../lib/libkernel32.a(dqift.o)
 .idata$4       0x000000006e372084        0x0 C:/GNU/MINGW64/x86_64-8.1.0-win32-seh-rt_v6-rev0/mingw64/bin/../lib/gcc/x86_64-w64-mingw32/8.1.0/../../../../x86_64-w64-mingw32/lib/../lib/libuser32.a(dyqeh.o)
 .idata$4       0x000000006e372084        0x8 C:/GNU/MINGW64/x86_64-8.1.0-win32-seh-rt_v6-rev0/mingw64/bin/../lib/gcc/x86_64-w64-mingw32/8.1.0/../../../../x86_64-w64-mingw32/lib/../lib/libuser32.a(dyqes00958.o)
 .idata$4       0x000000006e37208c        0x8 C:/GNU/MINGW64/x86_64-8.1.0-win32-seh-rt_v6-rev0/mingw64/bin/../lib/gcc/x86_64-w64-mingw32/8.1.0/../../../../x86_64-w64-mingw32/lib/../lib/libuser32.a(dyqet.o)
                0x000000006e372094                __IAT_start__ = .
 SORT_BY_NAME(*)(.idata$5)
 .idata$5       0x000000006e372094        0x0 C:/GNU/MINGW64/x86_64-8.1.0-win32-seh-rt_v6-rev0/mingw64/bin/../lib/gcc/x86_64-w64-mingw32/8.1.0/../../../../x86_64-w64-mingw32/lib/../lib/libkernel32.a(dqifh.o)
 .idata$5       0x000000006e372094        0x8 C:/GNU/MINGW64/x86_64-8.1.0-win32-seh-rt_v6-rev0/mingw64/bin/../lib/gcc/x86_64-w64-mingw32/8.1.0/../../../../x86_64-w64-mingw32/lib/../lib/libkernel32.a(dqifs00774.o)
                0x000000006e372094                __imp_GetTickCount
 .idata$5       0x000000006e37209c        0x8 C:/GNU/MINGW64/x86_64-8.1.0-win32-seh-rt_v6-rev0/mingw64/bin/../lib/gcc/x86_64-w64-mingw32/8.1.0/../../../../x86_64-w64-mingw32/lib/../lib/libkernel32.a(dqifs00835.o)
                0x000000006e37209c                __imp_HeapAlloc
 .idata$5       0x000000006e3720a4        0x8 C:/GNU/MINGW64/x86_64-8.1.0-win32-seh-rt_v6-rev0/mingw64/bin/../lib/gcc/x86_64-w64-mingw32/8.1.0/../../../../x86_64-w64-mingw32/lib/../lib/libkernel32.a(dqifs00837.o)
                0x000000006e3720a4                __imp_HeapCreate
 .idata$5       0x000000006e3720ac        0x8 C:/GNU/MINGW64/x86_64-8.1.0-win32-seh-rt_v6-rev0/mingw64/bin/../lib/gcc/x86_64-w64-mingw32/8.1.0/../../../../x86_64-w64-mingw32/lib/../lib/libkernel32.a(dqifs00839.o)
                0x000000006e3720ac                __imp_HeapDestroy
 .idata$5       0x000000006e3720b4        0x8 C:/GNU/MINGW64/x86_64-8.1.0-win32-seh-rt_v6-rev0/mingw64/bin/../lib/gcc/x86_64-w64-mingw32/8.1.0/../../../../x86_64-w64-mingw32/lib/../lib/libkernel32.a(dqifs00841.o)
                0x000000006e3720b4                __imp_HeapFree
 .idata$5       0x000000006e3720bc        0x8 C:/GNU/MINGW64/x86_64-8.1.0-win32-seh-rt_v6-rev0/mingw64/bin/../lib/gcc/x86_64-w64-mingw32/8.1.0/../../../../x86_64-w64-mingw32/lib/../lib/libkernel32.a(dqifs01543.o)
                0x000000006e3720bc                __imp_lstrcmpW
 .idata$5       0x000000006e3720c4        0x8 C:/GNU/MINGW64/x86_64-8.1.0-win32-seh-rt_v6-rev0/mingw64/bin/../lib/gcc/x86_64-w64-mingw32/8.1.0/../../../../x86_64-w64-mingw32/lib/../lib/libkernel32.a(dqifs01549.o)
                0x000000006e3720c4                __imp_lstrcpyW
 .idata$5       0x000000006e3720cc        0x8 C:/GNU/MINGW64/x86_64-8.1.0-win32-seh-rt_v6-rev0/mingw64/bin/../lib/gcc/x86_64-w64-mingw32/8.1.0/../../../../x86_64-w64-mingw32/lib/../lib/libkernel32.a(dqifs01555.o)
                0x000000006e3720cc                __imp_lstrlenW
 .idata$5       0x000000006e3720d4        0x8 C:/GNU/MINGW64/x86_64-8.1.0-win32-seh-rt_v6-rev0/mingw64/bin/../lib/gcc/x86_64-w64-mingw32/8.1.0/../../../../x86_64-w64-mingw32/lib/../lib/libkernel32.a(dqift.o)
 .idata$5       0x000000006e3720dc        0x0 C:/GNU/MINGW64/x86_64-8.1.0-win32-seh-rt_v6-rev0/mingw64/bin/../lib/gcc/x86_64-w64-mingw32/8.1.0/../../../../x86_64-w64-mingw32/lib/../lib/libuser32.a(dyqeh.o)
 .idata$5       0x000000006e3720dc        0x8 C:/GNU/MINGW64/x86_64-8.1.0-win32-seh-rt_v6-rev0/mingw64/bin/../lib/gcc/x86_64-w64-mingw32/8.1.0/../../../../x86_64-w64-mingw32/lib/../lib/libuser32.a(dyqes00958.o)
                0x000000006e3720dc                __imp_wsprintfW
 .idata$5       0x000000006e3720e4        0x8 C:/GNU/MINGW64/x86_64-8.1.0-win32-seh-rt_v6-rev0/mingw64/bin/../lib/gcc/x86_64-w64-mingw32/8.1.0/../../../../x86_64-w64-mingw32/lib/../lib/libuser32.a(dyqet.o)
                0x000000006e3720ec                __IAT_end__ = .
 SORT_BY_NAME(*)(.idata$6)
 .idata$6       0x000000006e3720ec       0x10 C:/GNU/MINGW64/x86_64-8.1.0-win32-seh-rt_v6-rev0/mingw64/bin/../lib/gcc/x86_64-w64-mingw32/8.1.0/../../../../x86_64-w64-mingw32/lib/../lib/libkernel32.a(dqifs00774.o)
 .idata$6       0x000000006e3720fc        0xc C:/GNU/MINGW64/x86_64-8.1.0-win32-seh-rt_v6-rev0/mingw64/bin/../lib/gcc/x86_64-w64-mingw32/8.1.0/../../../../x86_64-w64-mingw32/lib/../lib/libkernel32.a(dqifs00835.o)
 .idata$6       0x000000006e372108        0xe C:/GNU/MINGW64/x86_64-8.1.0-win32-seh-rt_v6-rev0/mingw64/bin/../lib/gcc/x86_64-w64-mingw32/8.1.0/../../../../x86_64-w64-mingw32/lib/../lib/libkernel32.a(dqifs00837.o)
 .idata$6       0x000000006e372116        0xe C:/GNU/MINGW64/x86_64-8.1.0-win32-seh-rt_v6-rev0/mingw64/bin/../lib/gcc/x86_64-w64-mingw32/8.1.0/../../../../x86_64-w64-mingw32/lib/../lib/libkernel32.a(dqifs00839.o)
 .idata$6       0x000000006e372124        0xc C:/GNU/MINGW64/x86_64-8.1.0-win32-seh-rt_v6-rev0/mingw64/bin/../lib/gcc/x86_64-w64-mingw32/8.1.0/../../../../x86_64-w64-mingw32/lib/../lib/libkernel32.a(dqifs00841.o)
 .idata$6       0x000000006e372130        0xc C:/GNU/MINGW64/x86_64-8.1.0-win32-seh-rt_v6-rev0/mingw64/bin/../lib/gcc/x86_64-w64-mingw32/8.1.0/../../../../x86_64-w64-mingw32/lib/../lib/libkernel32.a(dqifs01543.o)
 .idata$6       0x000000006e37213c        0xc C:/GNU/MINGW64/x86_64-8.1.0-win32-seh-rt_v6-rev0/mingw64/bin/../lib/gcc/x86_64-w64-mingw32/8.1.0/../../../../x86_64-w64-mingw32/lib/../lib/libkernel32.a(dqifs01549.o)
 .idata$6       0x000000006e372148        0xc C:/GNU/MINGW64/x86_64-8.1.0-win32-seh-rt_v6-rev0/mingw64/bin/../lib/gcc/x86_64-w64-mingw32/8.1.0/../../../../x86_64-w64-mingw32/lib/../lib/libkernel32.a(dqifs01555.o)
 .idata$6       0x000000006e372154        0xc C:/GNU/MINGW64/x86_64-8.1.0-win32-seh-rt_v6-rev0/mingw64/bin/../lib/gcc/x86_64-w64-mingw32/8.1.0/../../../../x86_64-w64-mingw32/lib/../lib/libuser32.a(dyqes00958.o)
 SORT_BY_NAME(*)(.idata$7)
 .idata$7       0x000000006e372160        0x4 C:/GNU/MINGW64/x86_64-8.1.0-win32-seh-rt_v6-rev0/mingw64/bin/../lib/gcc/x86_64-w64-mingw32/8.1.0/../../../../x86_64-w64-mingw32/lib/../lib/libkernel32.a(dqifs00774.o)
 .idata$7       0x000000006e372164        0x4 C:/GNU/MINGW64/x86_64-8.1.0-win32-seh-rt_v6-rev0/mingw64/bin/../lib/gcc/x86_64-w64-mingw32/8.1.0/../../../../x86_64-w64-mingw32/lib/../lib/libkernel32.a(dqifs00835.o)
 .idata$7       0x000000006e372168        0x4 C:/GNU/MINGW64/x86_64-8.1.0-win32-seh-rt_v6-rev0/mingw64/bin/../lib/gcc/x86_64-w64-mingw32/8.1.0/../../../../x86_64-w64-mingw32/lib/../lib/libkernel32.a(dqifs00837.o)
 .idata$7       0x000000006e37216c        0x4 C:/GNU/MINGW64/x86_64-8.1.0-win32-seh-rt_v6-rev0/mingw64/bin/../lib/gcc/x86_64-w64-mingw32/8.1.0/../../../../x86_64-w64-mingw32/lib/../lib/libkernel32.a(dqifs00839.o)
 .idata$7       0x000000006e372170        0x4 C:/GNU/MINGW64/x86_64-8.1.0-win32-seh-rt_v6-rev0/mingw64/bin/../lib/gcc/x86_64-w64-mingw32/8.1.0/../../../../x86_64-w64-mingw32/lib/../lib/libkernel32.a(dqifs00841.o)
 .idata$7       0x000000006e372174        0x4 C:/GNU/MINGW64/x86_64-8.1.0-win32-seh-rt_v6-rev0/mingw64/bin/../lib/gcc/x86_64-w64-mingw32/8.1.0/../../../../x86_64-w64-mingw32/lib/../lib/libkernel32.a(dqifs01543.o)
 .idata$7       0x000000006e372178        0x4 C:/GNU/MINGW64/x86_64-8.1.0-win32-seh-rt_v6-rev0/mingw64/bin/../lib/gcc/x86_64-w64-mingw32/8.1.0/../../../../x86_64-w64-mingw32/lib/../lib/libkernel32.a(dqifs01549.o)
 .idata$7       0x000000006e37217c        0x4 C:/GNU/MINGW64/x86_64-8.1.0-win32-seh-rt_v6-rev0/mingw64/bin/../lib/gcc/x86_64-w64-mingw32/8.1.0/../../../../x86_64-w64-mingw32/lib/../lib/libkernel32.a(dqifs01555.o)
 .idata$7       0x000000006e372180       0x10 C:/GNU/MINGW64/x86_64-8.1.0-win32-seh-rt_v6-rev0/mingw64/bin/../lib/gcc/x86_64-w64-mingw32/8.1.0/../../../../x86_64-w64-mingw32/lib/../lib/libkernel32.a(dqift.o)
                0x000000006e372180                __lib64_libkernel32_a_iname
 .idata$7       0x000000006e372190        0x4 C:/GNU/MINGW64/x86_64-8.1.0-win32-seh-rt_v6-rev0/mingw64/bin/../lib/gcc/x86_64-w64-mingw32/8.1.0/../../../../x86_64-w64-mingw32/lib/../lib/libuser32.a(dyqes00958.o)
 .idata$7       0x000000006e372194        0xc C:/GNU/MINGW64/x86_64-8.1.0-win32-seh-rt_v6-rev0/mingw64/bin/../lib/gcc/x86_64-w64-mingw32/8.1.0/../../../../x86_64-w64-mingw32/lib/../lib/libuser32.a(dyqet.o)
                0x000000006e372194                __lib64_libuser32_a_iname

.CRT            0x000000006e373000        0x0
                0x000000006e373000                ___crt_xc_start__ = .
 *(SORT_BY_NAME(.CRT$XC*))
                0x000000006e373000                ___crt_xc_end__ = .
                0x000000006e373000                ___crt_xi_start__ = .
 *(SORT_BY_NAME(.CRT$XI*))
                0x000000006e373000                ___crt_xi_end__ = .
                0x000000006e373000                ___crt_xl_start__ = .
 *(SORT_BY_NAME(.CRT$XL*))
                0x000000006e373000                ___crt_xp_start__ = .
 *(SORT_BY_NAME(.CRT$XP*))
                0x000000006e373000                ___crt_xp_end__ = .
                0x000000006e373000                ___crt_xt_start__ = .
 *(SORT_BY_NAME(.CRT$XT*))
                0x000000006e373000                ___crt_xt_end__ = .

.tls            0x000000006e373000        0x0
                0x000000006e373000                ___tls_start__ = .
 *(.tls$AAA)
 *(.tls)
 *(.tls$)
 *(SORT_BY_NAME(.tls$*))
 *(.tls$ZZZ)
                0x000000006e373000                ___tls_end__ = .

.endjunk        0x000000006e373000        0x0
                [!provide]                        PROVIDE (end = .)
                [!provide]                        PROVIDE (_end = .)
                0x000000006e373000                __end__ = .

.rsrc           0x000000006e373000      0x400
 *(.rsrc)
 .rsrc          0x000000006e373000      0x378 ../build/x64_Debug/version.o
 *(.rsrc$*)

.reloc          0x000000006e374000      0x200
 *(.reloc)
 .reloc         0x000000006e374000       0x9c dll stuff

.stab
 *(.stab)

.stabstr
 *(.stabstr)

.debug_aranges  0x000000006e375000      0xa00
 *(.debug_aranges)
 .debug_aranges
                0x000000006e375000       0x30 ../build/x64_Debug/cpuid.o
 .debug_aranges
                0x000000006e375030       0x30 ../build/x64_Debug/debug.o
 .debug_aranges
                0x000000006e375060       0x30 ../build/x64_Debug/dllmain.o
 .debug_aranges
                0x000000006e375090       0x30 ../build/x64_Debug/INTERNALTEST_op_DivRem.o
 .debug_aranges
                0x000000006e3750c0       0x30 ../build/x64_Debug/INTERNALTEST_op_Multiply.o
 .debug_aranges
                0x000000006e3750f0       0x30 ../build/x64_Debug/pmc_add.o
 .debug_aranges
                0x000000006e375120       0x30 ../build/x64_Debug/pmc_bitwiseand.o
 .debug_aranges
                0x000000006e375150       0x30 ../build/x64_Debug/pmc_bitwiseor.o
 .debug_aranges
                0x000000006e375180       0x30 ../build/x64_Debug/pmc_bytes.o
 .debug_aranges
                0x000000006e3751b0       0x30 ../build/x64_Debug/pmc_clone.o
 .debug_aranges
                0x000000006e3751e0       0x30 ../build/x64_Debug/pmc_compare.o
 .debug_aranges
                0x000000006e375210       0x30 ../build/x64_Debug/pmc_divrem.o
 .debug_aranges
                0x000000006e375240       0x30 ../build/x64_Debug/pmc_equals.o
 .debug_aranges
                0x000000006e375270       0x30 ../build/x64_Debug/pmc_exclusiveor.o
 .debug_aranges
                0x000000006e3752a0       0x30 ../build/x64_Debug/pmc_from.o
 .debug_aranges
                0x000000006e3752d0       0x30 ../build/x64_Debug/pmc_greatestcommondivisor.o
 .debug_aranges
                0x000000006e375300       0x30 ../build/x64_Debug/pmc_initialize.o
 .debug_aranges
                0x000000006e375330       0x30 ../build/x64_Debug/pmc_memory.o
 .debug_aranges
                0x000000006e375360       0x30 ../build/x64_Debug/pmc_modpow.o
 .debug_aranges
                0x000000006e375390       0x30 ../build/x64_Debug/pmc_multiply.o
 .debug_aranges
                0x000000006e3753c0       0x30 ../build/x64_Debug/pmc_parse.o
 .debug_aranges
                0x000000006e3753f0       0x30 ../build/x64_Debug/pmc_pow.o
 .debug_aranges
                0x000000006e375420       0x30 ../build/x64_Debug/pmc_shift.o
 .debug_aranges
                0x000000006e375450       0x30 ../build/x64_Debug/pmc_statistics.o
 .debug_aranges
                0x000000006e375480       0x30 ../build/x64_Debug/pmc_subtruct.o
 .debug_aranges
                0x000000006e3754b0       0x30 ../build/x64_Debug/pmc_to.o
 .debug_aranges
                0x000000006e3754e0       0x30 ../build/x64_Debug/pmc_tostring.o
 .debug_aranges
                0x000000006e375510       0x30 ../build/x64_Debug/TEST_autogenerated.o
 .debug_aranges
                0x000000006e375540       0x30 ../build/x64_Debug/TEST_op_Add.o
 .debug_aranges
                0x000000006e375570       0x30 ../build/x64_Debug/TEST_op_BitwiseAnd.o
 .debug_aranges
                0x000000006e3755a0       0x30 ../build/x64_Debug/TEST_op_BitwiseOr.o
 .debug_aranges
                0x000000006e3755d0       0x30 ../build/x64_Debug/TEST_op_Clone.o
 .debug_aranges
                0x000000006e375600       0x30 ../build/x64_Debug/TEST_op_Compare.o
 .debug_aranges
                0x000000006e375630       0x30 ../build/x64_Debug/TEST_op_DivRem.o
 .debug_aranges
                0x000000006e375660       0x30 ../build/x64_Debug/TEST_op_Equals.o
 .debug_aranges
                0x000000006e375690       0x30 ../build/x64_Debug/TEST_op_ExclusiveOr.o
 .debug_aranges
                0x000000006e3756c0       0x30 ../build/x64_Debug/TEST_op_From_To.o
 .debug_aranges
                0x000000006e3756f0       0x30 ../build/x64_Debug/TEST_op_GreatestCommonDivisor.o
 .debug_aranges
                0x000000006e375720       0x30 ../build/x64_Debug/TEST_op_ModPow.o
 .debug_aranges
                0x000000006e375750       0x30 ../build/x64_Debug/TEST_op_Multiply.o
 .debug_aranges
                0x000000006e375780       0x30 ../build/x64_Debug/TEST_op_ParseDN.o
 .debug_aranges
                0x000000006e3757b0       0x30 ../build/x64_Debug/TEST_op_ParseX.o
 .debug_aranges
                0x000000006e3757e0       0x30 ../build/x64_Debug/TEST_op_Pow.o
 .debug_aranges
                0x000000006e375810       0x30 ../build/x64_Debug/TEST_op_Remainder.o
 .debug_aranges
                0x000000006e375840       0x30 ../build/x64_Debug/TEST_op_Shift.o
 .debug_aranges
                0x000000006e375870       0x30 ../build/x64_Debug/TEST_op_Subtruct.o
 .debug_aranges
                0x000000006e3758a0       0x30 ../build/x64_Debug/TEST_op_ToStringD.o
 .debug_aranges
                0x000000006e3758d0       0x30 ../build/x64_Debug/TEST_op_ToStringN.o
 .debug_aranges
                0x000000006e375900       0x30 ../build/x64_Debug/TEST_op_ToStringX.o

.zdebug_aranges
 *(.zdebug_aranges)

.debug_pubnames
 *(.debug_pubnames)

.zdebug_pubnames
 *(.zdebug_pubnames)

.debug_pubtypes
 *(.debug_pubtypes)

.zdebug_pubtypes
 *(.zdebug_pubtypes)

.debug_info     0x000000006e376000   0x1d6800
 *(.debug_info .gnu.linkonce.wi.*)
 .debug_info    0x000000006e376000     0x511f ../build/x64_Debug/cpuid.o
 .debug_info    0x000000006e37b11f     0x5f9b ../build/x64_Debug/debug.o
 .debug_info    0x000000006e3810ba     0x4d73 ../build/x64_Debug/dllmain.o
 .debug_info    0x000000006e385e2d     0x5f1a ../build/x64_Debug/INTERNALTEST_op_DivRem.o
 .debug_info    0x000000006e38bd47     0x5e68 ../build/x64_Debug/INTERNALTEST_op_Multiply.o
 .debug_info    0x000000006e391baf     0x6124 ../build/x64_Debug/pmc_add.o
 .debug_info    0x000000006e397cd3     0x5357 ../build/x64_Debug/pmc_bitwiseand.o
 .debug_info    0x000000006e39d02a     0x56d5 ../build/x64_Debug/pmc_bitwiseor.o
 .debug_info    0x000000006e3a26ff     0x5269 ../build/x64_Debug/pmc_bytes.o
 .debug_info    0x000000006e3a7968     0x4f2e ../build/x64_Debug/pmc_clone.o
 .debug_info    0x000000006e3ac896     0x53a4 ../build/x64_Debug/pmc_compare.o
 .debug_info    0x000000006e3b1c3a     0x77c0 ../build/x64_Debug/pmc_divrem.o
 .debug_info    0x000000006e3b93fa     0x534d ../build/x64_Debug/pmc_equals.o
 .debug_info    0x000000006e3be747     0x5729 ../build/x64_Debug/pmc_exclusiveor.o
 .debug_info    0x000000006e3c3e70     0x512e ../build/x64_Debug/pmc_from.o
 .debug_info    0x000000006e3c8f9e     0x5a4f ../build/x64_Debug/pmc_greatestcommondivisor.o
 .debug_info    0x000000006e3ce9ed     0x5f3d ../build/x64_Debug/pmc_initialize.o
 .debug_info    0x000000006e3d492a     0x5fca ../build/x64_Debug/pmc_memory.o
 .debug_info    0x000000006e3da8f4     0x55f2 ../build/x64_Debug/pmc_modpow.o
 .debug_info    0x000000006e3dfee6     0x6305 ../build/x64_Debug/pmc_multiply.o
 .debug_info    0x000000006e3e61eb     0x6ba6 ../build/x64_Debug/pmc_parse.o
 .debug_info    0x000000006e3ecd91     0x53d0 ../build/x64_Debug/pmc_pow.o
 .debug_info    0x000000006e3f2161     0x57c3 ../build/x64_Debug/pmc_shift.o
 .debug_info    0x000000006e3f7924     0x4d1b ../build/x64_Debug/pmc_statistics.o
 .debug_info    0x000000006e3fc63f     0x5a6b ../build/x64_Debug/pmc_subtruct.o
 .debug_info    0x000000006e4020aa     0x4fda ../build/x64_Debug/pmc_to.o
 .debug_info    0x000000006e407084     0x6492 ../build/x64_Debug/pmc_tostring.o
 .debug_info    0x000000006e40d516    0xc54b4 ../build/x64_Debug/TEST_autogenerated.o
 .debug_info    0x000000006e4d29ca     0x5ea5 ../build/x64_Debug/TEST_op_Add.o
 .debug_info    0x000000006e4d886f     0x5e08 ../build/x64_Debug/TEST_op_BitwiseAnd.o
 .debug_info    0x000000006e4de677     0x5ebd ../build/x64_Debug/TEST_op_BitwiseOr.o
 .debug_info    0x000000006e4e4534     0x5a7d ../build/x64_Debug/TEST_op_Clone.o
 .debug_info    0x000000006e4e9fb1     0x5d08 ../build/x64_Debug/TEST_op_Compare.o
 .debug_info    0x000000006e4efcb9     0x5f88 ../build/x64_Debug/TEST_op_DivRem.o
 .debug_info    0x000000006e4f5c41     0x5d02 ../build/x64_Debug/TEST_op_Equals.o
 .debug_info    0x000000006e4fb943     0x5ec9 ../build/x64_Debug/TEST_op_ExclusiveOr.o
 .debug_info    0x000000006e50180c     0x5c85 ../build/x64_Debug/TEST_op_From_To.o
 .debug_info    0x000000006e507491     0x5f62 ../build/x64_Debug/TEST_op_GreatestCommonDivisor.o
 .debug_info    0x000000006e50d3f3     0x5b3b ../build/x64_Debug/TEST_op_ModPow.o
 .debug_info    0x000000006e512f2e     0x5ec3 ../build/x64_Debug/TEST_op_Multiply.o
 .debug_info    0x000000006e518df1     0x5c62 ../build/x64_Debug/TEST_op_ParseDN.o
 .debug_info    0x000000006e51ea53     0x5adb ../build/x64_Debug/TEST_op_ParseX.o
 .debug_info    0x000000006e52452e     0x5aaf ../build/x64_Debug/TEST_op_Pow.o
 .debug_info    0x000000006e529fdd     0x5e4e ../build/x64_Debug/TEST_op_Remainder.o
 .debug_info    0x000000006e52fe2b     0x5b62 ../build/x64_Debug/TEST_op_Shift.o
 .debug_info    0x000000006e53598d     0x5e99 ../build/x64_Debug/TEST_op_Subtruct.o
 .debug_info    0x000000006e53b826     0x5a5d ../build/x64_Debug/TEST_op_ToStringD.o
 .debug_info    0x000000006e541283     0x5ac7 ../build/x64_Debug/TEST_op_ToStringN.o
 .debug_info    0x000000006e546d4a     0x5a5d ../build/x64_Debug/TEST_op_ToStringX.o

.zdebug_info
 *(.zdebug_info .zdebug.gnu.linkonce.wi.*)

.debug_abbrev   0x000000006e54d000     0x8000
 *(.debug_abbrev)
 .debug_abbrev  0x000000006e54d000      0x222 ../build/x64_Debug/cpuid.o
 .debug_abbrev  0x000000006e54d222      0x28c ../build/x64_Debug/debug.o
 .debug_abbrev  0x000000006e54d4ae      0x195 ../build/x64_Debug/dllmain.o
 .debug_abbrev  0x000000006e54d643      0x26c ../build/x64_Debug/INTERNALTEST_op_DivRem.o
 .debug_abbrev  0x000000006e54d8af      0x26c ../build/x64_Debug/INTERNALTEST_op_Multiply.o
 .debug_abbrev  0x000000006e54db1b      0x368 ../build/x64_Debug/pmc_add.o
 .debug_abbrev  0x000000006e54de83      0x2ca ../build/x64_Debug/pmc_bitwiseand.o
 .debug_abbrev  0x000000006e54e14d      0x374 ../build/x64_Debug/pmc_bitwiseor.o
 .debug_abbrev  0x000000006e54e4c1      0x2ca ../build/x64_Debug/pmc_bytes.o
 .debug_abbrev  0x000000006e54e78b      0x1ec ../build/x64_Debug/pmc_clone.o
 .debug_abbrev  0x000000006e54e977      0x2e5 ../build/x64_Debug/pmc_compare.o
 .debug_abbrev  0x000000006e54ec5c      0x46b ../build/x64_Debug/pmc_divrem.o
 .debug_abbrev  0x000000006e54f0c7      0x2d1 ../build/x64_Debug/pmc_equals.o
 .debug_abbrev  0x000000006e54f398      0x374 ../build/x64_Debug/pmc_exclusiveor.o
 .debug_abbrev  0x000000006e54f70c      0x288 ../build/x64_Debug/pmc_from.o
 .debug_abbrev  0x000000006e54f994      0x358 ../build/x64_Debug/pmc_greatestcommondivisor.o
 .debug_abbrev  0x000000006e54fcec      0x2b4 ../build/x64_Debug/pmc_initialize.o
 .debug_abbrev  0x000000006e54ffa0      0x4d5 ../build/x64_Debug/pmc_memory.o
 .debug_abbrev  0x000000006e550475      0x2f8 ../build/x64_Debug/pmc_modpow.o
 .debug_abbrev  0x000000006e55076d      0x42c ../build/x64_Debug/pmc_multiply.o
 .debug_abbrev  0x000000006e550b99      0x463 ../build/x64_Debug/pmc_parse.o
 .debug_abbrev  0x000000006e550ffc      0x329 ../build/x64_Debug/pmc_pow.o
 .debug_abbrev  0x000000006e551325      0x2fe ../build/x64_Debug/pmc_shift.o
 .debug_abbrev  0x000000006e551623      0x1ac ../build/x64_Debug/pmc_statistics.o
 .debug_abbrev  0x000000006e5517cf      0x31b ../build/x64_Debug/pmc_subtruct.o
 .debug_abbrev  0x000000006e551aea      0x206 ../build/x64_Debug/pmc_to.o
 .debug_abbrev  0x000000006e551cf0      0x42d ../build/x64_Debug/pmc_tostring.o
 .debug_abbrev  0x000000006e55211d      0x234 ../build/x64_Debug/TEST_autogenerated.o
 .debug_abbrev  0x000000006e552351      0x21a ../build/x64_Debug/TEST_op_Add.o
 .debug_abbrev  0x000000006e55256b      0x21a ../build/x64_Debug/TEST_op_BitwiseAnd.o
 .debug_abbrev  0x000000006e552785      0x21a ../build/x64_Debug/TEST_op_BitwiseOr.o
 .debug_abbrev  0x000000006e55299f      0x1f8 ../build/x64_Debug/TEST_op_Clone.o