Archive member included to satisfy reference by file (symbol)

C:/GNU/MINGW64/x86_64-8.1.0-win32-seh-rt_v6-rev0/mingw64/bin/../lib/gcc/x86_64-w64-mingw32/8.1.0/../../../../x86_64-w64-mingw32/lib/../lib/libkernel32.a(dqifs01555.o)
                              ../build/x64_Debug/pmc_parse.o (__imp_lstrlenW)
C:/GNU/MINGW64/x86_64-8.1.0-win32-seh-rt_v6-rev0/mingw64/bin/../lib/gcc/x86_64-w64-mingw32/8.1.0/../../../../x86_64-w64-mingw32/lib/../lib/libkernel32.a(dqifs01549.o)
                              ../build/x64_Debug/pmc_parse.o (__imp_lstrcpyW)
C:/GNU/MINGW64/x86_64-8.1.0-win32-seh-rt_v6-rev0/mingw64/bin/../lib/gcc/x86_64-w64-mingw32/8.1.0/../../../../x86_64-w64-mingw32/lib/../lib/libkernel32.a(dqifs01548.o)
                              ../build/x64_Debug/pmc_parse.o (__imp_lstrcpyA)
C:/GNU/MINGW64/x86_64-8.1.0-win32-seh-rt_v6-rev0/mingw64/bin/../lib/gcc/x86_64-w64-mingw32/8.1.0/../../../../x86_64-w64-mingw32/lib/../lib/libkernel32.a(dqifs01543.o)
                              ../build/x64_Debug/TEST_op_ToStringD.o (__imp_lstrcmpW)
C:/GNU/MINGW64/x86_64-8.1.0-win32-seh-rt_v6-rev0/mingw64/bin/../lib/gcc/x86_64-w64-mingw32/8.1.0/../../../../x86_64-w64-mingw32/lib/../lib/libkernel32.a(dqifs00841.o)
                              ../build/x64_Debug/pmc_memory.o (__imp_HeapFree)
C:/GNU/MINGW64/x86_64-8.1.0-win32-seh-rt_v6-rev0/mingw64/bin/../lib/gcc/x86_64-w64-mingw32/8.1.0/../../../../x86_64-w64-mingw32/lib/../lib/libkernel32.a(dqifs00839.o)
                              ../build/x64_Debug/pmc_memory.o (__imp_HeapDestroy)
C:/GNU/MINGW64/x86_64-8.1.0-win32-seh-rt_v6-rev0/mingw64/bin/../lib/gcc/x86_64-w64-mingw32/8.1.0/../../../../x86_64-w64-mingw32/lib/../lib/libkernel32.a(dqifs00837.o)
                              ../build/x64_Debug/pmc_memory.o (__imp_HeapCreate)
C:/GNU/MINGW64/x86_64-8.1.0-win32-seh-rt_v6-rev0/mingw64/bin/../lib/gcc/x86_64-w64-mingw32/8.1.0/../../../../x86_64-w64-mingw32/lib/../lib/libkernel32.a(dqifs00835.o)
                              ../build/x64_Debug/pmc_memory.o (__imp_HeapAlloc)
C:/GNU/MINGW64/x86_64-8.1.0-win32-seh-rt_v6-rev0/mingw64/bin/../lib/gcc/x86_64-w64-mingw32/8.1.0/../../../../x86_64-w64-mingw32/lib/../lib/libkernel32.a(dqifs00774.o)
                              ../build/x64_Debug/pmc_memory.o (__imp_GetTickCount)
C:/GNU/MINGW64/x86_64-8.1.0-win32-seh-rt_v6-rev0/mingw64/bin/../lib/gcc/x86_64-w64-mingw32/8.1.0/../../../../x86_64-w64-mingw32/lib/../lib/libkernel32.a(dqifh.o)
                              C:/GNU/MINGW64/x86_64-8.1.0-win32-seh-rt_v6-rev0/mingw64/bin/../lib/gcc/x86_64-w64-mingw32/8.1.0/../../../../x86_64-w64-mingw32/lib/../lib/libkernel32.a(dqifs01555.o) (_head_lib64_libkernel32_a)
C:/GNU/MINGW64/x86_64-8.1.0-win32-seh-rt_v6-rev0/mingw64/bin/../lib/gcc/x86_64-w64-mingw32/8.1.0/../../../../x86_64-w64-mingw32/lib/../lib/libkernel32.a(dqift.o)
                              C:/GNU/MINGW64/x86_64-8.1.0-win32-seh-rt_v6-rev0/mingw64/bin/../lib/gcc/x86_64-w64-mingw32/8.1.0/../../../../x86_64-w64-mingw32/lib/../lib/libkernel32.a(dqifh.o) (__lib64_libkernel32_a_iname)
C:/GNU/MINGW64/x86_64-8.1.0-win32-seh-rt_v6-rev0/mingw64/bin/../lib/gcc/x86_64-w64-mingw32/8.1.0/../../../../x86_64-w64-mingw32/lib/../lib/libuser32.a(dyqes00958.o)
                              ../build/x64_Debug/debug.o (__imp_wsprintfW)
C:/GNU/MINGW64/x86_64-8.1.0-win32-seh-rt_v6-rev0/mingw64/bin/../lib/gcc/x86_64-w64-mingw32/8.1.0/../../../../x86_64-w64-mingw32/lib/../lib/libuser32.a(dyqeh.o)
                              C:/GNU/MINGW64/x86_64-8.1.0-win32-seh-rt_v6-rev0/mingw64/bin/../lib/gcc/x86_64-w64-mingw32/8.1.0/../../../../x86_64-w64-mingw32/lib/../lib/libuser32.a(dyqes00958.o) (_head_lib64_libuser32_a)
C:/GNU/MINGW64/x86_64-8.1.0-win32-seh-rt_v6-rev0/mingw64/bin/../lib/gcc/x86_64-w64-mingw32/8.1.0/../../../../x86_64-w64-mingw32/lib/../lib/libuser32.a(dyqet.o)
                              C:/GNU/MINGW64/x86_64-8.1.0-win32-seh-rt_v6-rev0/mingw64/bin/../lib/gcc/x86_64-w64-mingw32/8.1.0/../../../../x86_64-w64-mingw32/lib/../lib/libuser32.a(dyqeh.o) (__lib64_libuser32_a_iname)

Allocating common symbols
Common symbol       size              file

number_one          0x40              ../build/x64_Debug/pmc_memory.o
statistics_info     0x10              ../build/x64_Debug/pmc_statistics.o
number_zero         0x40              ../build/x64_Debug/pmc_memory.o
hLocalHeap          0x8               ../build/x64_Debug/pmc_memory.o
configuration_info  0x4               ../build/x64_Debug/pmc_initialize.o

Discarded input sections

 .drectve       0x0000000000000000       0x14 ../build/x64_Debug/debug.o
 .rdata$.refptr.number_zero
                0x0000000000000000       0x10 ../build/x64_Debug/pmc_bitwiseand.o
 .rdata$.refptr.number_zero
                0x0000000000000000       0x10 ../build/x64_Debug/pmc_bitwiseor.o
 .rdata$.refptr.number_zero
                0x0000000000000000       0x10 ../build/x64_Debug/pmc_bytes.o
 .rdata$.refptr.number_zero
[...]
Memory Configuration

Name             Origin             Length             Attributes
*default*        0x0000000000000000 0xffffffffffffffff

Linker script and memory map

                0x000000006ddc0000                __image_base__ = 0x6ddc0000
                0x0000000000000000                __dll__ = 0x0
                0x000000006ddc0000                __ImageBase = 0x6ddc0000
                0x0000000000001000                __section_alignment__ = 0x1000
                0x0000000000000200                __file_alignment__ = 0x200
                0x0000000000000004                __major_os_version__ = 0x4
                0x0000000000000000                __minor_os_version__ = 0x0
                0x0000000000000000                __major_image_version__ = 0x0
                0x0000000000000000                __minor_image_version__ = 0x0
                0x0000000000000005                __major_subsystem_version__ = 0x5
                0x0000000000000002                __minor_subsystem_version__ = 0x2
                0x0000000000000002                __subsystem__ = 0x2
                0x0000000000200000                __size_of_stack_reserve__ = 0x200000
                0x0000000000001000                __size_of_stack_commit__ = 0x1000
                0x0000000000100000                __size_of_heap_reserve__ = 0x100000
                0x0000000000001000                __size_of_heap_commit__ = 0x1000
                0x0000000000000000                __loader_flags__ = 0x0
                0x0000000000000000                __dll_characteristics__ = 0x0
LOAD ../build/x64_Debug/cpuid.o
LOAD ../build/x64_Debug/debug.o
LOAD ../build/x64_Debug/dllmain.o
LOAD ../build/x64_Debug/INTERNALTEST_op_DivRem.o
LOAD ../build/x64_Debug/INTERNALTEST_op_Multiply.o
LOAD ../build/x64_Debug/pmc_add.o
LOAD ../build/x64_Debug/pmc_bitwiseand.o
LOAD ../build/x64_Debug/pmc_bitwiseor.o
LOAD ../build/x64_Debug/pmc_bytes.o
LOAD ../build/x64_Debug/pmc_clone.o
LOAD ../build/x64_Debug/pmc_compare.o
LOAD ../build/x64_Debug/pmc_divrem.o
LOAD ../build/x64_Debug/pmc_equals.o
LOAD ../build/x64_Debug/pmc_exclusiveor.o
LOAD ../build/x64_Debug/pmc_from.o
LOAD ../build/x64_Debug/pmc_getpropertyvalue.o
LOAD ../build/x64_Debug/pmc_greatestcommondivisor.o
LOAD ../build/x64_Debug/pmc_initialize.o
LOAD ../build/x64_Debug/pmc_memory.o
LOAD ../build/x64_Debug/pmc_modpow.o
LOAD ../build/x64_Debug/pmc_multiply.o
LOAD ../build/x64_Debug/pmc_parse.o
LOAD ../build/x64_Debug/pmc_pow.o
LOAD ../build/x64_Debug/pmc_shift.o
LOAD ../build/x64_Debug/pmc_statistics.o
LOAD ../build/x64_Debug/pmc_subtruct.o
LOAD ../build/x64_Debug/pmc_to.o
LOAD ../build/x64_Debug/pmc_tostring.o
LOAD ../build/x64_Debug/TEST_autogenerated.o
LOAD ../build/x64_Debug/TEST_op_Add.o
LOAD ../build/x64_Debug/TEST_op_BitwiseAnd.o
LOAD ../build/x64_Debug/TEST_op_BitwiseOr.o
LOAD ../build/x64_Debug/TEST_op_Clone.o
LOAD ../build/x64_Debug/TEST_op_Compare.o
LOAD ../build/x64_Debug/TEST_op_DivRem.o
LOAD ../build/x64_Debug/TEST_op_Equals.o
LOAD ../build/x64_Debug/TEST_op_ExclusiveOr.o
LOAD ../build/x64_Debug/TEST_op_From_To.o
LOAD ../build/x64_Debug/TEST_op_GetPropertyValue.o
LOAD ../build/x64_Debug/TEST_op_GreatestCommonDivisor.o
LOAD ../build/x64_Debug/TEST_op_ModPow.o
LOAD ../build/x64_Debug/TEST_op_Multiply.o
LOAD ../build/x64_Debug/TEST_op_ParseDN.o
LOAD ../build/x64_Debug/TEST_op_ParseX.o
LOAD ../build/x64_Debug/TEST_op_Pow.o
LOAD ../build/x64_Debug/TEST_op_Shift.o
LOAD ../build/x64_Debug/TEST_op_Subtruct.o
LOAD ../build/x64_Debug/TEST_op_ToStringD.o
LOAD ../build/x64_Debug/TEST_op_ToStringN.o
LOAD ../build/x64_Debug/TEST_op_ToStringX.o
LOAD ../build/x64_Debug/version.o
LOAD C:/GNU/MINGW64/x86_64-8.1.0-win32-seh-rt_v6-rev0/mingw64/bin/../lib/gcc/x86_64-w64-mingw32/8.1.0/../../../../x86_64-w64-mingw32/lib/../lib/libkernel32.a
LOAD C:/GNU/MINGW64/x86_64-8.1.0-win32-seh-rt_v6-rev0/mingw64/bin/../lib/gcc/x86_64-w64-mingw32/8.1.0/../../../../x86_64-w64-mingw32/lib/../lib/libuser32.a
                0x0000000000000430                . = SIZEOF_HEADERS
                0x0000000000001000                . = ALIGN (__section_alignment__)

.text           0x000000006ddc1000   0x467600
 *(.init)
 *(.text)
 .text          0x000000006ddc1000      0x340 ../build/x64_Debug/cpuid.o
                0x000000006ddc116d                GetCPUInfo
 .text          0x000000006ddc1340      0x3c0 ../build/x64_Debug/debug.o
                0x000000006ddc144f                DoDebug
                0x000000006ddc154f                TEST_Assert
                0x000000006ddc15c1                FormatTestLabel
                0x000000006ddc1601                FormatTestMesssage
                0x000000006ddc1637                DumpBinary_UNIT
 .text          0x000000006ddc1700       0x70 ../build/x64_Debug/dllmain.o
                0x000000006ddc1700                DllMain
 .text          0x000000006ddc1770      0x5a0 ../build/x64_Debug/INTERNALTEST_op_DivRem.o
                0x000000006ddc1831                INTERNALTEST_DivRem_X_X
 .text          0x000000006ddc1d10      0x350 ../build/x64_Debug/INTERNALTEST_op_Multiply.o
                0x000000006ddc1df7                INTERNALTEST_Multiply_X_X_Imp
 .text          0x000000006ddc2060     0x1a30 ../build/x64_Debug/pmc_add.o
                0x000000006ddc343e                PMC_Add_I_X
                0x000000006ddc34d3                PMC_Add_X_I
                0x000000006ddc36ee                PMC_Add_L_X
                0x000000006ddc3785                PMC_Add_X_L
                0x000000006ddc3819                PMC_Add_X_X
                0x000000006ddc3a4d                Initialize_Add
 .text          0x000000006ddc3a90      0xea0 ../build/x64_Debug/pmc_bitwiseand.o
                0x000000006ddc44aa                PMC_BitwiseAnd_I_X
                0x000000006ddc4547                PMC_BitwiseAnd_X_I
                0x000000006ddc45e4                PMC_BitwiseAnd_L_X
                0x000000006ddc4687                PMC_BitwiseAnd_X_L
                0x000000006ddc472a                PMC_BitwiseAnd_X_X
                0x000000006ddc4919                Initialize_BitwiseAnd
 .text          0x000000006ddc4930     0x1350 ../build/x64_Debug/pmc_bitwiseor.o
                0x000000006ddc56b0                PMC_BitwiseOr_I_X
                0x000000006ddc5745                PMC_BitwiseOr_X_I
                0x000000006ddc5936                PMC_BitwiseOr_L_X
                0x000000006ddc59cd                PMC_BitwiseOr_X_L
                0x000000006ddc5a61                PMC_BitwiseOr_X_X
                0x000000006ddc5c71                Initialize_BitwiseOr
 .text          0x000000006ddc5c80      0x310 ../build/x64_Debug/pmc_bytes.o
                0x000000006ddc5db4                PMC_FromByteArray
                0x000000006ddc5ea3                PMC_ToByteArray
 .text          0x000000006ddc5f90       0xd0 ../build/x64_Debug/pmc_clone.o
                0x000000006ddc5f90                PMC_Clone_X
                0x000000006ddc6051                Initialize_Clone
 .text          0x000000006ddc6060      0x620 ../build/x64_Debug/pmc_compare.o
                0x000000006ddc60c3                Compare_Imp
                0x000000006ddc623b                PMC_Compare_I_X
                0x000000006ddc62b2                PMC_Compare_X_I
                0x000000006ddc641f                PMC_Compare_L_X
                0x000000006ddc6498                PMC_Compare_X_L
                0x000000006ddc650a                PMC_Compare_X_X
                0x000000006ddc6665                Initialize_Compare
 .text          0x000000006ddc6680     0x5090 ../build/x64_Debug/pmc_divrem.o
                0x000000006ddc7544                DivRem_X_X
                0x000000006ddc766d                DivRem_X_1W
                0x000000006ddca9bc                PMC_DivRem_I_X
                0x000000006ddcab17                PMC_DivRem_X_I
                0x000000006ddcad50                PMC_DivRem_L_X
                0x000000006ddcaeff                PMC_DivRem_X_L
                0x000000006ddcb15e                PMC_DivRem_X_X
                0x000000006ddcb6ca                Initialize_DivRem
 .text          0x000000006ddcb710      0x550 ../build/x64_Debug/pmc_equals.o
                0x000000006ddcb773                Equals_X_X
                0x000000006ddcb873                PMC_Equals_I_X
                0x000000006ddcb8eb                PMC_Equals_X_I
                0x000000006ddcba19                PMC_Equals_L_X
                0x000000006ddcba93                PMC_Equals_X_L
                0x000000006ddcbb0a                PMC_Equals_X_X
                0x000000006ddcbc43                Initialize_Equals
 .text          0x000000006ddcbc60     0x1400 ../build/x64_Debug/pmc_exclusiveor.o
                0x000000006ddcca12                PMC_ExclusiveOr_I_X
                0x000000006ddccaaf                PMC_ExclusiveOr_X_I
                0x000000006ddcccdd                PMC_ExclusiveOr_L_X
                0x000000006ddccd7c                PMC_ExclusiveOr_X_L
                0x000000006ddcce1b                PMC_ExclusiveOr_X_X
                0x000000006ddcd051                Initialize_ExclusiveOr
 .text          0x000000006ddcd060      0x250 ../build/x64_Debug/pmc_from.o
                0x000000006ddcd0c3                From_I_Imp
                0x000000006ddcd12f                From_L_Imp
                0x000000006ddcd1a9                PMC_From_I
                0x000000006ddcd21e                PMC_From_L
                0x000000006ddcd296                Initialize_From
 .text          0x000000006ddcd2b0      0x110 ../build/x64_Debug/pmc_getpropertyvalue.o
                0x000000006ddcd2b0                PMC_GetPropertyValue_X_I
                0x000000006ddcd3b1                Initialize_GetPropertyValue
 .text          0x000000006ddcd3c0     0x1080 ../build/x64_Debug/pmc_greatestcommondivisor.o
                0x000000006ddcd9b6                PMC_GreatestCommonDivisor_I_X
                0x000000006ddcda4b                PMC_GreatestCommonDivisor_X_I
                0x000000006ddcdecd                PMC_GreatestCommonDivisor_L_X
                0x000000006ddcdf64                PMC_GreatestCommonDivisor_X_L
                0x000000006ddcdff8                PMC_GreatestCommonDivisor_X_X
                0x000000006ddce42e                Initialize_GreatestCommonDivisor
 .text          0x000000006ddce440      0x6a0 ../build/x64_Debug/pmc_initialize.o
                0x000000006ddce440                PMC_UINT_Initialize
 .text          0x000000006ddceae0     0x18a0 ../build/x64_Debug/pmc_memory.o
                0x000000006ddcf690                AllocateBlock
                0x000000006ddcf7cc                DeallocateBlock
                0x000000006ddcf922                CheckBlockLight
                0x000000006ddcfbd0                AttatchNumber
                0x000000006ddcfc1d                AllocateNumber
                0x000000006ddcfcad                DetatchNumber
                0x000000006ddcfce1                DeallocateNumber
                0x000000006ddcfe42                CommitNumber
                0x000000006ddd0053                CheckNumber
                0x000000006ddd00ea                DuplicateNumber
                0x000000006ddd01c3                PMC_Dispose
                0x000000006ddd0202                Initialize_Memory
                0x000000006ddd02e0                AllocateHeapArea
                0x000000006ddd032f                DeallocateHeapArea
 .text          0x000000006ddd0380     0x1340 ../build/x64_Debug/pmc_modpow.o
                0x000000006ddd15af                PMC_ModPow_X_X_X
                0x000000006ddd16ad                Initialize_ModPow
 .text          0x000000006ddd16c0     0x2650 ../build/x64_Debug/pmc_multiply.o
                0x000000006ddd1918                Multiply_X_X_Imp
                0x000000006ddd3659                PMC_Multiply_I_X
                0x000000006ddd36ee                PMC_Multiply_X_I
                0x000000006ddd390d                PMC_Multiply_L_X
                0x000000006ddd39a4                PMC_Multiply_X_L
                0x000000006ddd3a38                PMC_Multiply_X_X
                0x000000006ddd3c89                Initialize_Multiply
 .text          0x000000006ddd3d10     0x3610 ../build/x64_Debug/pmc_parse.o
                0x000000006ddd7150                PMC_TryParse
                0x000000006ddd724f                Initialize_Parse
 .text          0x000000006ddd7320      0x590 ../build/x64_Debug/pmc_pow.o
                0x000000006ddd7810                PMC_Pow_X_I
                0x000000006ddd78a1                Initialize_Pow
 .text          0x000000006ddd78b0     0x4d40 ../build/x64_Debug/pmc_shift.o
                0x000000006ddd7a36                RightShift_Imp
                0x000000006ddd8c58                RightShift_Imp_DIV
                0x000000006ddd9e7a                LeftShift_Imp
                0x000000006dddb092                LeftShift_Imp_DIV
                0x000000006dddc2aa                PMC_RightShift_X_I
                0x000000006dddc450                PMC_LeftShift_X_I
                0x000000006dddc5d7                Initialize_Shift
 .text          0x000000006dddc5f0       0x50 ../build/x64_Debug/pmc_statistics.o
                0x000000006dddc5f0                PMC_GetStatisticsInfo
 .text          0x000000006dddc640     0x1210 ../build/x64_Debug/pmc_subtruct.o
                0x000000006dddcdca                Subtruct_Imp
                0x000000006dddcfa8                PMC_Subtruct_I_X
                0x000000006dddd0cc                PMC_Subtruct_X_I
                0x000000006dddd2d8                PMC_Subtruct_L_X
                0x000000006dddd3ff                PMC_Subtruct_X_L
                0x000000006dddd60e                PMC_Subtruct_X_X
                0x000000006dddd83a                Initialize_Subtruct
 .text          0x000000006dddd850      0x190 ../build/x64_Debug/pmc_to.o
                0x000000006dddd86c                PMC_To_X_I
                0x000000006dddd8ec                PMC_To_X_L
                0x000000006dddd9d0                Initialize_To
 .text          0x000000006dddd9e0     0x1b20 ../build/x64_Debug/pmc_tostring.o
                0x000000006dddf2d5                PMC_ToString
                0x000000006dddf46a                Initialize_ToString
 .text          0x000000006dddf500   0x440100 ../build/x64_Debug/TEST_autogenerated.o
                0x000000006dddf500                TEST_autogenerated
 .text          0x000000006e21f600      0xc90 ../build/x64_Debug/TEST_op_Add.o
                0x000000006e21f65b                TEST_PMC_Add_I_X
                0x000000006e21f8ab                TEST_PMC_Add_L_X
                0x000000006e21fafc                TEST_PMC_Add_X_I
                0x000000006e21fd4c                TEST_PMC_Add_X_L
                0x000000006e21ffa0                TEST_PMC_Add_X_X
 .text          0x000000006e220290      0x830 ../build/x64_Debug/TEST_op_BitwiseAnd.o
                0x000000006e2202eb                TEST_PMC_BitwiseAnd_I_X
                0x000000006e220420                TEST_PMC_BitwiseAnd_L_X
                0x000000006e220558                TEST_PMC_BitwiseAnd_X_I
                0x000000006e22068d                TEST_PMC_BitwiseAnd_X_L
                0x000000006e2207c5                TEST_PMC_BitwiseAnd_X_X
 .text          0x000000006e220ac0      0xca0 ../build/x64_Debug/TEST_op_BitwiseOr.o
                0x000000006e220b1b                TEST_PMC_BitwiseOr_I_X
                0x000000006e220d6e                TEST_PMC_BitwiseOr_L_X
                0x000000006e220fc2                TEST_PMC_BitwiseOr_X_I
                0x000000006e221215                TEST_PMC_BitwiseOr_X_L
                0x000000006e221469                TEST_PMC_BitwiseOr_X_X
 .text          0x000000006e221760      0x2b0 ../build/x64_Debug/TEST_op_Clone.o
                0x000000006e2217bb                TEST_PMC_Clone_X
 .text          0x000000006e221a10      0x690 ../build/x64_Debug/TEST_op_Compare.o
                0x000000006e221a10                TEST_PMC_Compare_I_X
                0x000000006e221b45                TEST_PMC_Compare_L_X
                0x000000006e221c7b                TEST_PMC_Compare_X_I
                0x000000006e221db0                TEST_PMC_Compare_X_L
                0x000000006e221ee6                TEST_PMC_Compare_X_X
 .text          0x000000006e2220a0      0xcc0 ../build/x64_Debug/TEST_op_DivRem.o
                0x000000006e2220fb                TEST_PMC_DivRem_I_X
                0x000000006e222275                TEST_PMC_DivRem_L_X
                0x000000006e2223f4                TEST_PMC_DivRem_X_I
                0x000000006e22269f                TEST_PMC_DivRem_X_L
                0x000000006e22294d                TEST_PMC_DivRem_X_X
 .text          0x000000006e222d60      0x690 ../build/x64_Debug/TEST_op_Equals.o
                0x000000006e222d60                TEST_PMC_Equals_I_X
                0x000000006e222e95                TEST_PMC_Equals_L_X
                0x000000006e222fcb                TEST_PMC_Equals_X_I
                0x000000006e223100                TEST_PMC_Equals_X_L
                0x000000006e223236                TEST_PMC_Equals_X_X
 .text          0x000000006e2233f0      0xca0 ../build/x64_Debug/TEST_op_ExclusiveOr.o
                0x000000006e22344b                TEST_PMC_ExclusiveOr_I_X
                0x000000006e22369e                TEST_PMC_ExclusiveOr_L_X
                0x000000006e2238f2                TEST_PMC_ExclusiveOr_X_I
                0x000000006e223b45                TEST_PMC_ExclusiveOr_X_L
                0x000000006e223d99                TEST_PMC_ExclusiveOr_X_X
 .text          0x000000006e224090      0x640 ../build/x64_Debug/TEST_op_From_To.o
                0x000000006e2240eb                TEST_PMC_From_I
                0x000000006e22429d                TEST_PMC_From_L
                0x000000006e224450                TEST_PMC_To_X_I
                0x000000006e22458b                TEST_PMC_To_X_L
 .text          0x000000006e2246d0      0x140 ../build/x64_Debug/TEST_op_GetPropertyValue.o
                0x000000006e2246d0                TEST_PMC_GetPropertyValue_X_I
 .text          0x000000006e224810      0xd00 ../build/x64_Debug/TEST_op_GreatestCommonDivisor.o
                0x000000006e22486b                TEST_PMC_GreatestCommonDivisor_I_X
                0x000000006e224ad0                TEST_PMC_GreatestCommonDivisor_L_X
                0x000000006e224d36                TEST_PMC_GreatestCommonDivisor_X_I
                0x000000006e224f9b                TEST_PMC_GreatestCommonDivisor_X_L
                0x000000006e225201                TEST_PMC_GreatestCommonDivisor_X_X
 .text          0x000000006e225510      0x410 ../build/x64_Debug/TEST_op_ModPow.o
                0x000000006e22556b                TEST_PMC_ModPow_X_X_X
 .text          0x000000006e225920      0xca0 ../build/x64_Debug/TEST_op_Multiply.o
                0x000000006e22597b                TEST_PMC_Multiply_I_X
                0x000000006e225bce                TEST_PMC_Multiply_L_X
                0x000000006e225e22                TEST_PMC_Multiply_X_I
                0x000000006e226075                TEST_PMC_Multiply_X_L
                0x000000006e2262c9                TEST_PMC_Multiply_X_X
 .text          0x000000006e2265c0      0x450 ../build/x64_Debug/TEST_op_ParseDN.o
                0x000000006e22661b                TEST_PMC_ParseDN1
                0x000000006e22680b                TEST_PMC_ParseDN2
 .text          0x000000006e226a10      0x260 ../build/x64_Debug/TEST_op_ParseX.o
                0x000000006e226a6b                TEST_PMC_ParseX
 .text          0x000000006e226c70      0x240 ../build/x64_Debug/TEST_op_Pow.o
                0x000000006e226ccb                TEST_PMC_Pow_X_I
 .text          0x000000006e226eb0      0x510 ../build/x64_Debug/TEST_op_Shift.o
                0x000000006e226f0b                TEST_PMC_RightShift_X_I
                0x000000006e22715e                TEST_PMC_LeftShift_X_I
 .text          0x000000006e2273c0      0xab0 ../build/x64_Debug/TEST_op_Subtruct.o
                0x000000006e22741b                TEST_PMC_Subtruct_I_X
                0x000000006e227558                TEST_PMC_Subtruct_L_X
                0x000000006e227698                TEST_PMC_Subtruct_X_I
                0x000000006e2278fd                TEST_PMC_Subtruct_X_L
                0x000000006e227b63                TEST_PMC_Subtruct_X_X
 .text          0x000000006e227e70      0x200 ../build/x64_Debug/TEST_op_ToStringD.o
                0x000000006e227e70                TEST_PMC_ToStringD
 .text          0x000000006e228070      0x1f0 ../build/x64_Debug/TEST_op_ToStringN.o
                0x000000006e228070                TEST_PMC_ToStringN
 .text          0x000000006e228260      0x200 ../build/x64_Debug/TEST_op_ToStringX.o
                0x000000006e228260                TEST_PMC_ToStringX
 .text          0x000000006e228460        0x8 C:/GNU/MINGW64/x86_64-8.1.0-win32-seh-rt_v6-rev0/mingw64/bin/../lib/gcc/x86_64-w64-mingw32/8.1.0/../../../../x86_64-w64-mingw32/lib/../lib/libkernel32.a(dqifs01555.o)
                0x000000006e228460                lstrlenW
 .text          0x000000006e228468        0x8 C:/GNU/MINGW64/x86_64-8.1.0-win32-seh-rt_v6-rev0/mingw64/bin/../lib/gcc/x86_64-w64-mingw32/8.1.0/../../../../x86_64-w64-mingw32/lib/../lib/libkernel32.a(dqifs01549.o)
                0x000000006e228468                lstrcpyW
 .text          0x000000006e228470        0x8 C:/GNU/MINGW64/x86_64-8.1.0-win32-seh-rt_v6-rev0/mingw64/bin/../lib/gcc/x86_64-w64-mingw32/8.1.0/../../../../x86_64-w64-mingw32/lib/../lib/libkernel32.a(dqifs01548.o)
                0x000000006e228470                lstrcpyA
 .text          0x000000006e228478        0x8 C:/GNU/MINGW64/x86_64-8.1.0-win32-seh-rt_v6-rev0/mingw64/bin/../lib/gcc/x86_64-w64-mingw32/8.1.0/../../../../x86_64-w64-mingw32/lib/../lib/libkernel32.a(dqifs01543.o)
                0x000000006e228478                lstrcmpW
 .text          0x000000006e228480        0x8 C:/GNU/MINGW64/x86_64-8.1.0-win32-seh-rt_v6-rev0/mingw64/bin/../lib/gcc/x86_64-w64-mingw32/8.1.0/../../../../x86_64-w64-mingw32/lib/../lib/libkernel32.a(dqifs00841.o)
                0x000000006e228480                HeapFree
 .text          0x000000006e228488        0x8 C:/GNU/MINGW64/x86_64-8.1.0-win32-seh-rt_v6-rev0/mingw64/bin/../lib/gcc/x86_64-w64-mingw32/8.1.0/../../../../x86_64-w64-mingw32/lib/../lib/libkernel32.a(dqifs00839.o)
                0x000000006e228488                HeapDestroy
 .text          0x000000006e228490        0x8 C:/GNU/MINGW64/x86_64-8.1.0-win32-seh-rt_v6-rev0/mingw64/bin/../lib/gcc/x86_64-w64-mingw32/8.1.0/../../../../x86_64-w64-mingw32/lib/../lib/libkernel32.a(dqifs00837.o)
                0x000000006e228490                HeapCreate
 .text          0x000000006e228498        0x8 C:/GNU/MINGW64/x86_64-8.1.0-win32-seh-rt_v6-rev0/mingw64/bin/../lib/gcc/x86_64-w64-mingw32/8.1.0/../../../../x86_64-w64-mingw32/lib/../lib/libkernel32.a(dqifs00835.o)
                0x000000006e228498                HeapAlloc
 .text          0x000000006e2284a0        0x8 C:/GNU/MINGW64/x86_64-8.1.0-win32-seh-rt_v6-rev0/mingw64/bin/../lib/gcc/x86_64-w64-mingw32/8.1.0/../../../../x86_64-w64-mingw32/lib/../lib/libkernel32.a(dqifs00774.o)
                0x000000006e2284a0                GetTickCount
 *fill*         0x000000006e2284a8        0x8 
 .text          0x000000006e2284b0        0x0 C:/GNU/MINGW64/x86_64-8.1.0-win32-seh-rt_v6-rev0/mingw64/bin/../lib/gcc/x86_64-w64-mingw32/8.1.0/../../../../x86_64-w64-mingw32/lib/../lib/libkernel32.a(dqifh.o)
 .text          0x000000006e2284b0        0x0 C:/GNU/MINGW64/x86_64-8.1.0-win32-seh-rt_v6-rev0/mingw64/bin/../lib/gcc/x86_64-w64-mingw32/8.1.0/../../../../x86_64-w64-mingw32/lib/../lib/libkernel32.a(dqift.o)
 .text          0x000000006e2284b0        0x8 C:/GNU/MINGW64/x86_64-8.1.0-win32-seh-rt_v6-rev0/mingw64/bin/../lib/gcc/x86_64-w64-mingw32/8.1.0/../../../../x86_64-w64-mingw32/lib/../lib/libuser32.a(dyqes00958.o)
                0x000000006e2284b0                wsprintfW
 *fill*         0x000000006e2284b8        0x8 
 .text          0x000000006e2284c0        0x0 C:/GNU/MINGW64/x86_64-8.1.0-win32-seh-rt_v6-rev0/mingw64/bin/../lib/gcc/x86_64-w64-mingw32/8.1.0/../../../../x86_64-w64-mingw32/lib/../lib/libuser32.a(dyqeh.o)
 .text          0x000000006e2284c0        0x0 C:/GNU/MINGW64/x86_64-8.1.0-win32-seh-rt_v6-rev0/mingw64/bin/../lib/gcc/x86_64-w64-mingw32/8.1.0/../../../../x86_64-w64-mingw32/lib/../lib/libuser32.a(dyqet.o)
 *(SORT_BY_NAME(.text$*))
 *(.text.*)
 *(.gnu.linkonce.t.*)
 *(.glue_7t)
 *(.glue_7)
                0x000000006e2284c0                . = ALIGN (0x8)
                0x000000006e2284c0                ___CTOR_LIST__ = .
                0x000000006e2284c0                __CTOR_LIST__ = .
                0x000000006e2284c0        0x4 LONG 0xffffffffffffffff
                0x000000006e2284c4        0x4 LONG 0xffffffffffffffff
 *(.ctors)
 *(.ctor)
 *(SORT_BY_NAME(.ctors.*))
                0x000000006e2284c8        0x4 LONG 0x0
                0x000000006e2284cc        0x4 LONG 0x0
                0x000000006e2284d0                ___DTOR_LIST__ = .
                0x000000006e2284d0                __DTOR_LIST__ = .
                0x000000006e2284d0        0x4 LONG 0xffffffffffffffff
                0x000000006e2284d4        0x4 LONG 0xffffffffffffffff
 *(.dtors)
 *(.dtor)
 *(SORT_BY_NAME(.dtors.*))
                0x000000006e2284d8        0x4 LONG 0x0
                0x000000006e2284dc        0x4 LONG 0x0
 *(.fini)
 *(.gcc_exc)
                [!provide]                        PROVIDE (etext = .)
 *(.gcc_except_table)

.data           0x000000006e229000    0x68000
                0x000000006e229000                __data_start__ = .
 *(.data)
 .data          0x000000006e229000        0x0 ../build/x64_Debug/cpuid.o
 .data          0x000000006e229000        0x0 ../build/x64_Debug/debug.o
 .data          0x000000006e229000        0x0 ../build/x64_Debug/dllmain.o
 .data          0x000000006e229000        0x0 ../build/x64_Debug/INTERNALTEST_op_DivRem.o
 .data          0x000000006e229000        0x0 ../build/x64_Debug/INTERNALTEST_op_Multiply.o
 .data          0x000000006e229000        0x0 ../build/x64_Debug/pmc_add.o
 .data          0x000000006e229000        0x0 ../build/x64_Debug/pmc_bitwiseand.o
 .data          0x000000006e229000        0x0 ../build/x64_Debug/pmc_bitwiseor.o
 .data          0x000000006e229000        0x0 ../build/x64_Debug/pmc_bytes.o
 .data          0x000000006e229000        0x0 ../build/x64_Debug/pmc_clone.o
 .data          0x000000006e229000        0x0 ../build/x64_Debug/pmc_compare.o
 .data          0x000000006e229000        0x0 ../build/x64_Debug/pmc_divrem.o
 .data          0x000000006e229000        0x0 ../build/x64_Debug/pmc_equals.o
 .data          0x000000006e229000        0x0 ../build/x64_Debug/pmc_exclusiveor.o
 .data          0x000000006e229000        0x0 ../build/x64_Debug/pmc_from.o
 .data          0x000000006e229000        0x0 ../build/x64_Debug/pmc_getpropertyvalue.o
 .data          0x000000006e229000        0x0 ../build/x64_Debug/pmc_greatestcommondivisor.o
 .data          0x000000006e229000        0x0 ../build/x64_Debug/pmc_initialize.o
 .data          0x000000006e229000        0x0 ../build/x64_Debug/pmc_memory.o
 .data          0x000000006e229000        0x0 ../build/x64_Debug/pmc_modpow.o
 .data          0x000000006e229000        0x0 ../build/x64_Debug/pmc_multiply.o
 .data          0x000000006e229000        0x0 ../build/x64_Debug/pmc_parse.o
 .data          0x000000006e229000        0x0 ../build/x64_Debug/pmc_pow.o
 .data          0x000000006e229000        0x0 ../build/x64_Debug/pmc_shift.o
 .data          0x000000006e229000        0x0 ../build/x64_Debug/pmc_statistics.o
 .data          0x000000006e229000        0x0 ../build/x64_Debug/pmc_subtruct.o
 .data          0x000000006e229000        0x0 ../build/x64_Debug/pmc_to.o
 .data          0x000000006e229000       0xa0 ../build/x64_Debug/pmc_tostring.o
 .data          0x000000006e2290a0    0x67d80 ../build/x64_Debug/TEST_autogenerated.o
 .data          0x000000006e290e20        0x0 ../build/x64_Debug/TEST_op_Add.o
 .data          0x000000006e290e20        0x0 ../build/x64_Debug/TEST_op_BitwiseAnd.o
 .data          0x000000006e290e20        0x0 ../build/x64_Debug/TEST_op_BitwiseOr.o
 .data          0x000000006e290e20        0x0 ../build/x64_Debug/TEST_op_Clone.o
 .data          0x000000006e290e20        0x0 ../build/x64_Debug/TEST_op_Compare.o
 .data          0x000000006e290e20        0x0 ../build/x64_Debug/TEST_op_DivRem.o
 .data          0x000000006e290e20        0x0 ../build/x64_Debug/TEST_op_Equals.o
 .data          0x000000006e290e20        0x0 ../build/x64_Debug/TEST_op_ExclusiveOr.o
 .data          0x000000006e290e20        0x0 ../build/x64_Debug/TEST_op_From_To.o
 .data          0x000000006e290e20        0x0 ../build/x64_Debug/TEST_op_GetPropertyValue.o
 .data          0x000000006e290e20        0x0 ../build/x64_Debug/TEST_op_GreatestCommonDivisor.o
 .data          0x000000006e290e20        0x0 ../build/x64_Debug/TEST_op_ModPow.o
 .data          0x000000006e290e20        0x0 ../build/x64_Debug/TEST_op_Multiply.o
 .data          0x000000006e290e20        0x0 ../build/x64_Debug/TEST_op_ParseDN.o
 .data          0x000000006e290e20        0x0 ../build/x64_Debug/TEST_op_ParseX.o
 .data          0x000000006e290e20        0x0 ../build/x64_Debug/TEST_op_Pow.o
 .data          0x000000006e290e20        0x0 ../build/x64_Debug/TEST_op_Shift.o
 .data          0x000000006e290e20        0x0 ../build/x64_Debug/TEST_op_Subtruct.o
 .data          0x000000006e290e20        0x0 ../build/x64_Debug/TEST_op_ToStringD.o
 .data          0x000000006e290e20        0x0 ../build/x64_Debug/TEST_op_ToStringN.o
 .data          0x000000006e290e20        0x0 ../build/x64_Debug/TEST_op_ToStringX.o
 .data          0x000000006e290e20        0x0 C:/GNU/MINGW64/x86_64-8.1.0-win32-seh-rt_v6-rev0/mingw64/bin/../lib/gcc/x86_64-w64-mingw32/8.1.0/../../../../x86_64-w64-mingw32/lib/../lib/libkernel32.a(dqifs01555.o)
 .data          0x000000006e290e20        0x0 C:/GNU/MINGW64/x86_64-8.1.0-win32-seh-rt_v6-rev0/mingw64/bin/../lib/gcc/x86_64-w64-mingw32/8.1.0/../../../../x86_64-w64-mingw32/lib/../lib/libkernel32.a(dqifs01549.o)
 .data          0x000000006e290e20        0x0 C:/GNU/MINGW64/x86_64-8.1.0-win32-seh-rt_v6-rev0/mingw64/bin/../lib/gcc/x86_64-w64-mingw32/8.1.0/../../../../x86_64-w64-mingw32/lib/../lib/libkernel32.a(dqifs01548.o)
 .data          0x000000006e290e20        0x0 C:/GNU/MINGW64/x86_64-8.1.0-win32-seh-rt_v6-rev0/mingw64/bin/../lib/gcc/x86_64-w64-mingw32/8.1.0/../../../../x86_64-w64-mingw32/lib/../lib/libkernel32.a(dqifs01543.o)
 .data          0x000000006e290e20        0x0 C:/GNU/MINGW64/x86_64-8.1.0-win32-seh-rt_v6-rev0/mingw64/bin/../lib/gcc/x86_64-w64-mingw32/8.1.0/../../../../x86_64-w64-mingw32/lib/../lib/libkernel32.a(dqifs00841.o)
 .data          0x000000006e290e20        0x0 C:/GNU/MINGW64/x86_64-8.1.0-win32-seh-rt_v6-rev0/mingw64/bin/../lib/gcc/x86_64-w64-mingw32/8.1.0/../../../../x86_64-w64-mingw32/lib/../lib/libkernel32.a(dqifs00839.o)
 .data          0x000000006e290e20        0x0 C:/GNU/MINGW64/x86_64-8.1.0-win32-seh-rt_v6-rev0/mingw64/bin/../lib/gcc/x86_64-w64-mingw32/8.1.0/../../../../x86_64-w64-mingw32/lib/../lib/libkernel32.a(dqifs00837.o)
 .data          0x000000006e290e20        0x0 C:/GNU/MINGW64/x86_64-8.1.0-win32-seh-rt_v6-rev0/mingw64/bin/../lib/gcc/x86_64-w64-mingw32/8.1.0/../../../../x86_64-w64-mingw32/lib/../lib/libkernel32.a(dqifs00835.o)
 .data          0x000000006e290e20        0x0 C:/GNU/MINGW64/x86_64-8.1.0-win32-seh-rt_v6-rev0/mingw64/bin/../lib/gcc/x86_64-w64-mingw32/8.1.0/../../../../x86_64-w64-mingw32/lib/../lib/libkernel32.a(dqifs00774.o)
 .data          0x000000006e290e20        0x0 C:/GNU/MINGW64/x86_64-8.1.0-win32-seh-rt_v6-rev0/mingw64/bin/../lib/gcc/x86_64-w64-mingw32/8.1.0/../../../../x86_64-w64-mingw32/lib/../lib/libkernel32.a(dqifh.o)
 .data          0x000000006e290e20        0x0 C:/GNU/MINGW64/x86_64-8.1.0-win32-seh-rt_v6-rev0/mingw64/bin/../lib/gcc/x86_64-w64-mingw32/8.1.0/../../../../x86_64-w64-mingw32/lib/../lib/libkernel32.a(dqift.o)
 .data          0x000000006e290e20        0x0 C:/GNU/MINGW64/x86_64-8.1.0-win32-seh-rt_v6-rev0/mingw64/bin/../lib/gcc/x86_64-w64-mingw32/8.1.0/../../../../x86_64-w64-mingw32/lib/../lib/libuser32.a(dyqes00958.o)
 .data          0x000000006e290e20        0x0 C:/GNU/MINGW64/x86_64-8.1.0-win32-seh-rt_v6-rev0/mingw64/bin/../lib/gcc/x86_64-w64-mingw32/8.1.0/../../../../x86_64-w64-mingw32/lib/../lib/libuser32.a(dyqeh.o)
 .data          0x000000006e290e20        0x0 C:/GNU/MINGW64/x86_64-8.1.0-win32-seh-rt_v6-rev0/mingw64/bin/../lib/gcc/x86_64-w64-mingw32/8.1.0/../../../../x86_64-w64-mingw32/lib/../lib/libuser32.a(dyqet.o)
 *(.data2)
 *(SORT_BY_NAME(.data$*))
 *(.jcr)
                0x000000006e290e20                __data_end__ = .
 *(.data_cygwin_nocopy)

.rdata          0x000000006e291000    0x5a800
 *(.rdata)
 .rdata         0x000000006e291000      0x1c0 ../build/x64_Debug/debug.o
 .rdata         0x000000006e2911c0      0x100 ../build/x64_Debug/INTERNALTEST_op_DivRem.o
 .rdata         0x000000006e2912c0       0x80 ../build/x64_Debug/INTERNALTEST_op_Multiply.o
 .rdata         0x000000006e291340       0xf0 ../build/x64_Debug/pmc_parse.o
 .rdata         0x000000006e291430       0xf0 ../build/x64_Debug/pmc_tostring.o
 .rdata         0x000000006e291520    0x56300 ../build/x64_Debug/TEST_autogenerated.o
 .rdata         0x000000006e2e7820      0x2c0 ../build/x64_Debug/TEST_op_Add.o
 .rdata         0x000000006e2e7ae0      0x360 ../build/x64_Debug/TEST_op_BitwiseAnd.o
 .rdata         0x000000006e2e7e40      0x360 ../build/x64_Debug/TEST_op_BitwiseOr.o
 .rdata         0x000000006e2e81a0      0x120 ../build/x64_Debug/TEST_op_Clone.o
 .rdata         0x000000006e2e82c0      0x2c0 ../build/x64_Debug/TEST_op_Compare.o
 .rdata         0x000000006e2e8580      0x320 ../build/x64_Debug/TEST_op_DivRem.o
 .rdata         0x000000006e2e88a0      0x2c0 ../build/x64_Debug/TEST_op_Equals.o
 .rdata         0x000000006e2e8b60      0x360 ../build/x64_Debug/TEST_op_ExclusiveOr.o
 .rdata         0x000000006e2e8ec0      0x210 ../build/x64_Debug/TEST_op_From_To.o
 .rdata         0x000000006e2e90d0      0x110 ../build/x64_Debug/TEST_op_GetPropertyValue.o
 .rdata         0x000000006e2e91e0      0x450 ../build/x64_Debug/TEST_op_GreatestCommonDivisor.o
 .rdata         0x000000006e2e9630      0x130 ../build/x64_Debug/TEST_op_ModPow.o
 .rdata         0x000000006e2e9760      0x330 ../build/x64_Debug/TEST_op_Multiply.o
 .rdata         0x000000006e2e9a90      0x120 ../build/x64_Debug/TEST_op_ParseDN.o
 .rdata         0x000000006e2e9bb0       0xe0 ../build/x64_Debug/TEST_op_ParseX.o
 .rdata         0x000000006e2e9c90      0x120 ../build/x64_Debug/TEST_op_Pow.o
 .rdata         0x000000006e2e9db0      0x1c0 ../build/x64_Debug/TEST_op_Shift.o
 .rdata         0x000000006e2e9f70      0x340 ../build/x64_Debug/TEST_op_Subtruct.o
 .rdata         0x000000006e2ea2b0       0xf0 ../build/x64_Debug/TEST_op_ToStringD.o
 .rdata         0x000000006e2ea3a0       0xf0 ../build/x64_Debug/TEST_op_ToStringN.o
 .rdata         0x000000006e2ea490       0xf0 ../build/x64_Debug/TEST_op_ToStringX.o
 *(SORT_BY_NAME(.rdata$*))
 .rdata$.refptr.PMC_Add_I_X
                0x000000006e2ea580       0x10 ../build/x64_Debug/pmc_initialize.o
                0x000000006e2ea580                .refptr.PMC_Add_I_X
 .rdata$.refptr.PMC_Add_L_X
                0x000000006e2ea590       0x10 ../build/x64_Debug/pmc_initialize.o
                0x000000006e2ea590                .refptr.PMC_Add_L_X
 .rdata$.refptr.PMC_Add_X_I
                0x000000006e2ea5a0       0x10 ../build/x64_Debug/pmc_initialize.o
                0x000000006e2ea5a0                .refptr.PMC_Add_X_I
 .rdata$.refptr.PMC_Add_X_L
                0x000000006e2ea5b0       0x10 ../build/x64_Debug/pmc_initialize.o
                0x000000006e2ea5b0                .refptr.PMC_Add_X_L
 .rdata$.refptr.PMC_Add_X_X
                0x000000006e2ea5c0       0x10 ../build/x64_Debug/pmc_initialize.o
                0x000000006e2ea5c0                .refptr.PMC_Add_X_X
 .rdata$.refptr.PMC_BitwiseAnd_I_X
                0x000000006e2ea5d0       0x10 ../build/x64_Debug/pmc_initialize.o
                0x000000006e2ea5d0                .refptr.PMC_BitwiseAnd_I_X
 .rdata$.refptr.PMC_BitwiseAnd_L_X
                0x000000006e2ea5e0       0x10 ../build/x64_Debug/pmc_initialize.o
                0x000000006e2ea5e0                .refptr.PMC_BitwiseAnd_L_X
 .rdata$.refptr.PMC_BitwiseAnd_X_I
                0x000000006e2ea5f0       0x10 ../build/x64_Debug/pmc_initialize.o
                0x000000006e2ea5f0                .refptr.PMC_BitwiseAnd_X_I
 .rdata$.refptr.PMC_BitwiseAnd_X_L
                0x000000006e2ea600       0x10 ../build/x64_Debug/pmc_initialize.o
                0x000000006e2ea600                .refptr.PMC_BitwiseAnd_X_L
 .rdata$.refptr.PMC_BitwiseAnd_X_X
                0x000000006e2ea610       0x10 ../build/x64_Debug/pmc_initialize.o
                0x000000006e2ea610                .refptr.PMC_BitwiseAnd_X_X
 .rdata$.refptr.PMC_BitwiseOr_I_X
                0x000000006e2ea620       0x10 ../build/x64_Debug/pmc_initialize.o
                0x000000006e2ea620                .refptr.PMC_BitwiseOr_I_X
 .rdata$.refptr.PMC_BitwiseOr_L_X
                0x000000006e2ea630       0x10 ../build/x64_Debug/pmc_initialize.o
                0x000000006e2ea630                .refptr.PMC_BitwiseOr_L_X
 .rdata$.refptr.PMC_BitwiseOr_X_I
                0x000000006e2ea640       0x10 ../build/x64_Debug/pmc_initialize.o
                0x000000006e2ea640                .refptr.PMC_BitwiseOr_X_I
 .rdata$.refptr.PMC_BitwiseOr_X_L
                0x000000006e2ea650       0x10 ../build/x64_Debug/pmc_initialize.o
                0x000000006e2ea650                .refptr.PMC_BitwiseOr_X_L
 .rdata$.refptr.PMC_BitwiseOr_X_X
                0x000000006e2ea660       0x10 ../build/x64_Debug/pmc_initialize.o
                0x000000006e2ea660                .refptr.PMC_BitwiseOr_X_X
 .rdata$.refptr.PMC_Clone_X
                0x000000006e2ea670       0x10 ../build/x64_Debug/pmc_initialize.o
                0x000000006e2ea670                .refptr.PMC_Clone_X
 .rdata$.refptr.PMC_Compare_I_X
                0x000000006e2ea680       0x10 ../build/x64_Debug/pmc_initialize.o
                0x000000006e2ea680                .refptr.PMC_Compare_I_X
 .rdata$.refptr.PMC_Compare_L_X
                0x000000006e2ea690       0x10 ../build/x64_Debug/pmc_initialize.o
                0x000000006e2ea690                .refptr.PMC_Compare_L_X
 .rdata$.refptr.PMC_Compare_X_I
                0x000000006e2ea6a0       0x10 ../build/x64_Debug/pmc_initialize.o
                0x000000006e2ea6a0                .refptr.PMC_Compare_X_I
 .rdata$.refptr.PMC_Compare_X_L
                0x000000006e2ea6b0       0x10 ../build/x64_Debug/pmc_initialize.o
                0x000000006e2ea6b0                .refptr.PMC_Compare_X_L
 .rdata$.refptr.PMC_Compare_X_X
                0x000000006e2ea6c0       0x10 ../build/x64_Debug/pmc_initialize.o
                0x000000006e2ea6c0                .refptr.PMC_Compare_X_X
 .rdata$.refptr.PMC_Dispose
                0x000000006e2ea6d0       0x10 ../build/x64_Debug/pmc_initialize.o
                0x000000006e2ea6d0                .refptr.PMC_Dispose
 .rdata$.refptr.PMC_DivRem_I_X
                0x000000006e2ea6e0       0x10 ../build/x64_Debug/pmc_initialize.o
                0x000000006e2ea6e0                .refptr.PMC_DivRem_I_X
 .rdata$.refptr.PMC_DivRem_L_X
                0x000000006e2ea6f0       0x10 ../build/x64_Debug/pmc_initialize.o
                0x000000006e2ea6f0                .refptr.PMC_DivRem_L_X
 .rdata$.refptr.PMC_DivRem_X_I
                0x000000006e2ea700       0x10 ../build/x64_Debug/pmc_initialize.o
                0x000000006e2ea700                .refptr.PMC_DivRem_X_I
 .rdata$.refptr.PMC_DivRem_X_L
                0x000000006e2ea710       0x10 ../build/x64_Debug/pmc_initialize.o
                0x000000006e2ea710                .refptr.PMC_DivRem_X_L
 .rdata$.refptr.PMC_DivRem_X_X
                0x000000006e2ea720       0x10 ../build/x64_Debug/pmc_initialize.o
                0x000000006e2ea720                .refptr.PMC_DivRem_X_X
 .rdata$.refptr.PMC_Equals_I_X
                0x000000006e2ea730       0x10 ../build/x64_Debug/pmc_initialize.o
                0x000000006e2ea730                .refptr.PMC_Equals_I_X
 .rdata$.refptr.PMC_Equals_L_X
                0x000000006e2ea740       0x10 ../build/x64_Debug/pmc_initialize.o
                0x000000006e2ea740                .refptr.PMC_Equals_L_X
 .rdata$.refptr.PMC_Equals_X_I
                0x000000006e2ea750       0x10 ../build/x64_Debug/pmc_initialize.o
                0x000000006e2ea750                .refptr.PMC_Equals_X_I
 .rdata$.refptr.PMC_Equals_X_L
                0x000000006e2ea760       0x10 ../build/x64_Debug/pmc_initialize.o
                0x000000006e2ea760                .refptr.PMC_Equals_X_L
 .rdata$.refptr.PMC_Equals_X_X
                0x000000006e2ea770       0x10 ../build/x64_Debug/pmc_initialize.o
                0x000000006e2ea770                .refptr.PMC_Equals_X_X
 .rdata$.refptr.PMC_ExclusiveOr_I_X
                0x000000006e2ea780       0x10 ../build/x64_Debug/pmc_initialize.o
                0x000000006e2ea780                .refptr.PMC_ExclusiveOr_I_X
 .rdata$.refptr.PMC_ExclusiveOr_L_X
                0x000000006e2ea790       0x10 ../build/x64_Debug/pmc_initialize.o
                0x000000006e2ea790                .refptr.PMC_ExclusiveOr_L_X
 .rdata$.refptr.PMC_ExclusiveOr_X_I
                0x000000006e2ea7a0       0x10 ../build/x64_Debug/pmc_initialize.o
                0x000000006e2ea7a0                .refptr.PMC_ExclusiveOr_X_I
 .rdata$.refptr.PMC_ExclusiveOr_X_L
                0x000000006e2ea7b0       0x10 ../build/x64_Debug/pmc_initialize.o
                0x000000006e2ea7b0                .refptr.PMC_ExclusiveOr_X_L
 .rdata$.refptr.PMC_ExclusiveOr_X_X
                0x000000006e2ea7c0       0x10 ../build/x64_Debug/pmc_initialize.o
                0x000000006e2ea7c0                .refptr.PMC_ExclusiveOr_X_X
 .rdata$.refptr.PMC_FromByteArray
                0x000000006e2ea7d0       0x10 ../build/x64_Debug/pmc_initialize.o
                0x000000006e2ea7d0                .refptr.PMC_FromByteArray
 .rdata$.refptr.PMC_From_I
                0x000000006e2ea7e0       0x10 ../build/x64_Debug/pmc_initialize.o
                0x000000006e2ea7e0                .refptr.PMC_From_I
 .rdata$.refptr.PMC_From_L
                0x000000006e2ea7f0       0x10 ../build/x64_Debug/pmc_initialize.o
                0x000000006e2ea7f0                .refptr.PMC_From_L
 .rdata$.refptr.PMC_GetPropertyValue_X_I
                0x000000006e2ea800       0x10 ../build/x64_Debug/pmc_initialize.o
                0x000000006e2ea800                .refptr.PMC_GetPropertyValue_X_I
 .rdata$.refptr.PMC_GetStatisticsInfo
                0x000000006e2ea810       0x10 ../build/x64_Debug/pmc_initialize.o
                0x000000006e2ea810                .refptr.PMC_GetStatisticsInfo
 .rdata$.refptr.PMC_GreatestCommonDivisor_I_X
                0x000000006e2ea820       0x10 ../build/x64_Debug/pmc_initialize.o
                0x000000006e2ea820                .refptr.PMC_GreatestCommonDivisor_I_X
 .rdata$.refptr.PMC_GreatestCommonDivisor_L_X
                0x000000006e2ea830       0x10 ../build/x64_Debug/pmc_initialize.o
                0x000000006e2ea830                .refptr.PMC_GreatestCommonDivisor_L_X
 .rdata$.refptr.PMC_GreatestCommonDivisor_X_I
                0x000000006e2ea840       0x10 ../build/x64_Debug/pmc_initialize.o
                0x000000006e2ea840                .refptr.PMC_GreatestCommonDivisor_X_I
 .rdata$.refptr.PMC_GreatestCommonDivisor_X_L
                0x000000006e2ea850       0x10 ../build/x64_Debug/pmc_initialize.o
                0x000000006e2ea850                .refptr.PMC_GreatestCommonDivisor_X_L
 .rdata$.refptr.PMC_GreatestCommonDivisor_X_X
                0x000000006e2ea860       0x10 ../build/x64_Debug/pmc_initialize.o
                0x000000006e2ea860                .refptr.PMC_GreatestCommonDivisor_X_X
 .rdata$.refptr.PMC_LeftShift_X_I
                0x000000006e2ea870       0x10 ../build/x64_Debug/pmc_initialize.o
                0x000000006e2ea870                .refptr.PMC_LeftShift_X_I
 .rdata$.refptr.PMC_ModPow_X_X_X
                0x000000006e2ea880       0x10 ../build/x64_Debug/pmc_initialize.o
                0x000000006e2ea880                .refptr.PMC_ModPow_X_X_X
 .rdata$.refptr.PMC_Multiply_I_X
                0x000000006e2ea890       0x10 ../build/x64_Debug/pmc_initialize.o
                0x000000006e2ea890                .refptr.PMC_Multiply_I_X
 .rdata$.refptr.PMC_Multiply_L_X
                0x000000006e2ea8a0       0x10 ../build/x64_Debug/pmc_initialize.o
                0x000000006e2ea8a0                .refptr.PMC_Multiply_L_X
 .rdata$.refptr.PMC_Multiply_X_I
                0x000000006e2ea8b0       0x10 ../build/x64_Debug/pmc_initialize.o
                0x000000006e2ea8b0                .refptr.PMC_Multiply_X_I
 .rdata$.refptr.PMC_Multiply_X_L
                0x000000006e2ea8c0       0x10 ../build/x64_Debug/pmc_initialize.o
                0x000000006e2ea8c0                .refptr.PMC_Multiply_X_L
 .rdata$.refptr.PMC_Multiply_X_X
                0x000000006e2ea8d0       0x10 ../build/x64_Debug/pmc_initialize.o
                0x000000006e2ea8d0                .refptr.PMC_Multiply_X_X
 .rdata$.refptr.PMC_Pow_X_I
                0x000000006e2ea8e0       0x10 ../build/x64_Debug/pmc_initialize.o
                0x000000006e2ea8e0                .refptr.PMC_Pow_X_I
 .rdata$.refptr.PMC_RightShift_X_I
                0x000000006e2ea8f0       0x10 ../build/x64_Debug/pmc_initialize.o
                0x000000006e2ea8f0                .refptr.PMC_RightShift_X_I
 .rdata$.refptr.PMC_Subtruct_I_X
                0x000000006e2ea900       0x10 ../build/x64_Debug/pmc_initialize.o
                0x000000006e2ea900                .refptr.PMC_Subtruct_I_X
 .rdata$.refptr.PMC_Subtruct_L_X
                0x000000006e2ea910       0x10 ../build/x64_Debug/pmc_initialize.o
                0x000000006e2ea910                .refptr.PMC_Subtruct_L_X
 .rdata$.refptr.PMC_Subtruct_X_I
                0x000000006e2ea920       0x10 ../build/x64_Debug/pmc_initialize.o
                0x000000006e2ea920                .refptr.PMC_Subtruct_X_I
 .rdata$.refptr.PMC_Subtruct_X_L
                0x000000006e2ea930       0x10 ../build/x64_Debug/pmc_initialize.o
                0x000000006e2ea930                .refptr.PMC_Subtruct_X_L
 .rdata$.refptr.PMC_Subtruct_X_X
                0x000000006e2ea940       0x10 ../build/x64_Debug/pmc_initialize.o
                0x000000006e2ea940                .refptr.PMC_Subtruct_X_X
 .rdata$.refptr.PMC_ToByteArray
                0x000000006e2ea950       0x10 ../build/x64_Debug/pmc_initialize.o
                0x000000006e2ea950                .refptr.PMC_ToByteArray
 .rdata$.refptr.PMC_ToString
                0x000000006e2ea960       0x10 ../build/x64_Debug/pmc_initialize.o
                0x000000006e2ea960                .refptr.PMC_ToString
 .rdata$.refptr.PMC_To_X_I
                0x000000006e2ea970       0x10 ../build/x64_Debug/pmc_initialize.o
                0x000000006e2ea970                .refptr.PMC_To_X_I
 .rdata$.refptr.PMC_To_X_L
                0x000000006e2ea980       0x10 ../build/x64_Debug/pmc_initialize.o
                0x000000006e2ea980                .refptr.PMC_To_X_L
 .rdata$.refptr.PMC_TryParse
                0x000000006e2ea990       0x10 ../build/x64_Debug/pmc_initialize.o
                0x000000006e2ea990                .refptr.PMC_TryParse
 .rdata$.refptr.configuration_info
                0x000000006e2ea9a0       0x10 ../build/x64_Debug/pmc_memory.o
                0x000000006e2ea9a0                .refptr.configuration_info
 .rdata$.refptr.number_one
                0x000000006e2ea9b0       0x10 ../build/x64_Debug/pmc_modpow.o
                0x000000006e2ea9b0                .refptr.number_one
 .rdata$.refptr.number_zero
                0x000000006e2ea9c0       0x10 ../build/x64_Debug/pmc_add.o
                0x000000006e2ea9c0                .refptr.number_zero
 .rdata$.refptr.statistics_info
                0x000000006e2ea9d0       0x10 ../build/x64_Debug/pmc_divrem.o
                0x000000006e2ea9d0                .refptr.statistics_info
 .rdata$zzz     0x000000006e2ea9e0       0x40 ../build/x64_Debug/cpuid.o
 .rdata$zzz     0x000000006e2eaa20       0x40 ../build/x64_Debug/debug.o
 .rdata$zzz     0x000000006e2eaa60       0x40 ../build/x64_Debug/dllmain.o
 .rdata$zzz     0x000000006e2eaaa0       0x40 ../build/x64_Debug/INTERNALTEST_op_DivRem.o
 .rdata$zzz     0x000000006e2eaae0       0x40 ../build/x64_Debug/INTERNALTEST_op_Multiply.o
 .rdata$zzz     0x000000006e2eab20       0x40 ../build/x64_Debug/pmc_add.o
 .rdata$zzz     0x000000006e2eab60       0x40 ../build/x64_Debug/pmc_bitwiseand.o
 .rdata$zzz     0x000000006e2eaba0       0x40 ../build/x64_Debug/pmc_bitwiseor.o
 .rdata$zzz     0x000000006e2eabe0       0x40 ../build/x64_Debug/pmc_bytes.o
 .rdata$zzz     0x000000006e2eac20       0x40 ../build/x64_Debug/pmc_clone.o
 .rdata$zzz     0x000000006e2eac60       0x40 ../build/x64_Debug/pmc_compare.o
 .rdata$zzz     0x000000006e2eaca0       0x40 ../build/x64_Debug/pmc_divrem.o
 .rdata$zzz     0x000000006e2eace0       0x40 ../build/x64_Debug/pmc_equals.o
 .rdata$zzz     0x000000006e2ead20       0x40 ../build/x64_Debug/pmc_exclusiveor.o
 .rdata$zzz     0x000000006e2ead60       0x40 ../build/x64_Debug/pmc_from.o
 .rdata$zzz     0x000000006e2eada0       0x40 ../build/x64_Debug/pmc_getpropertyvalue.o
 .rdata$zzz     0x000000006e2eade0       0x40 ../build/x64_Debug/pmc_greatestcommondivisor.o
 .rdata$zzz     0x000000006e2eae20       0x40 ../build/x64_Debug/pmc_initialize.o
 .rdata$zzz     0x000000006e2eae60       0x40 ../build/x64_Debug/pmc_memory.o
 .rdata$zzz     0x000000006e2eaea0       0x40 ../build/x64_Debug/pmc_modpow.o
 .rdata$zzz     0x000000006e2eaee0       0x40 ../build/x64_Debug/pmc_multiply.o
 .rdata$zzz     0x000000006e2eaf20       0x40 ../build/x64_Debug/pmc_parse.o
 .rdata$zzz     0x000000006e2eaf60       0x40 ../build/x64_Debug/pmc_pow.o
 .rdata$zzz     0x000000006e2eafa0       0x40 ../build/x64_Debug/pmc_shift.o
 .rdata$zzz     0x000000006e2eafe0       0x40 ../build/x64_Debug/pmc_statistics.o
 .rdata$zzz     0x000000006e2eb020       0x40 ../build/x64_Debug/pmc_subtruct.o
 .rdata$zzz     0x000000006e2eb060       0x40 ../build/x64_Debug/pmc_to.o
 .rdata$zzz     0x000000006e2eb0a0       0x40 ../build/x64_Debug/pmc_tostring.o
 .rdata$zzz     0x000000006e2eb0e0       0x40 ../build/x64_Debug/TEST_autogenerated.o
 .rdata$zzz     0x000000006e2eb120       0x40 ../build/x64_Debug/TEST_op_Add.o
 .rdata$zzz     0x000000006e2eb160       0x40 ../build/x64_Debug/TEST_op_BitwiseAnd.o
 .rdata$zzz     0x000000006e2eb1a0       0x40 ../build/x64_Debug/TEST_op_BitwiseOr.o
 .rdata$zzz     0x000000006e2eb1e0       0x40 ../build/x64_Debug/TEST_op_Clone.o
 .rdata$zzz     0x000000006e2eb220       0x40 ../build/x64_Debug/TEST_op_Compare.o
 .rdata$zzz     0x000000006e2eb260       0x40 ../build/x64_Debug/TEST_op_DivRem.o
 .rdata$zzz     0x000000006e2eb2a0       0x40 ../build/x64_Debug/TEST_op_Equals.o
 .rdata$zzz     0x000000006e2eb2e0       0x40 ../build/x64_Debug/TEST_op_ExclusiveOr.o
 .rdata$zzz     0x000000006e2eb320       0x40 ../build/x64_Debug/TEST_op_From_To.o
 .rdata$zzz     0x000000006e2eb360       0x40 ../build/x64_Debug/TEST_op_GetPropertyValue.o
 .rdata$zzz     0x000000006e2eb3a0       0x40 ../build/x64_Debug/TEST_op_GreatestCommonDivisor.o
 .rdata$zzz     0x000000006e2eb3e0       0x40 ../build/x64_Debug/TEST_op_ModPow.o
 .rdata$zzz     0x000000006e2eb420       0x40 ../build/x64_Debug/TEST_op_Multiply.o
 .rdata$zzz     0x000000006e2eb460       0x40 ../build/x64_Debug/TEST_op_ParseDN.o
 .rdata$zzz     0x000000006e2eb4a0       0x40 ../build/x64_Debug/TEST_op_ParseX.o
 .rdata$zzz     0x000000006e2eb4e0       0x40 ../build/x64_Debug/TEST_op_Pow.o
 .rdata$zzz     0x000000006e2eb520       0x40 ../build/x64_Debug/TEST_op_Shift.o
 .rdata$zzz     0x000000006e2eb560       0x40 ../build/x64_Debug/TEST_op_Subtruct.o
 .rdata$zzz     0x000000006e2eb5a0       0x40 ../build/x64_Debug/TEST_op_ToStringD.o
 .rdata$zzz     0x000000006e2eb5e0       0x40 ../build/x64_Debug/TEST_op_ToStringN.o
 .rdata$zzz     0x000000006e2eb620       0x40 ../build/x64_Debug/TEST_op_ToStringX.o
                0x000000006e2eb660                __rt_psrelocs_start = .
 *(.rdata_runtime_pseudo_reloc)
                0x000000006e2eb660                __rt_psrelocs_end = .
                0x0000000000000000                __rt_psrelocs_size = (__rt_psrelocs_end - __rt_psrelocs_start)
                0x000000006e2eb660                ___RUNTIME_PSEUDO_RELOC_LIST_END__ = .
                0x000000006e2eb660                __RUNTIME_PSEUDO_RELOC_LIST_END__ = .
                0x000000006e2eb660                ___RUNTIME_PSEUDO_RELOC_LIST__ = (. - __rt_psrelocs_size)
                0x000000006e2eb660                __RUNTIME_PSEUDO_RELOC_LIST__ = (. - __rt_psrelocs_size)

.eh_frame
 *(.eh_frame*)

.pdata          0x000000006e2ec000     0x1600
 *(.pdata*)
 .pdata         0x000000006e2ec000       0x30 ../build/x64_Debug/cpuid.o
 .pdata         0x000000006e2ec030       0x60 ../build/x64_Debug/debug.o
 .pdata         0x000000006e2ec090        0xc ../build/x64_Debug/dllmain.o
 .pdata         0x000000006e2ec09c       0x24 ../build/x64_Debug/INTERNALTEST_op_DivRem.o
 .pdata         0x000000006e2ec0c0       0x30 ../build/x64_Debug/INTERNALTEST_op_Multiply.o
 .pdata         0x000000006e2ec0f0      0x150 ../build/x64_Debug/pmc_add.o
 .pdata         0x000000006e2ec240       0x6c ../build/x64_Debug/pmc_bitwiseand.o
 .pdata         0x000000006e2ec2ac       0xb4 ../build/x64_Debug/pmc_bitwiseor.o
 .pdata         0x000000006e2ec360       0x48 ../build/x64_Debug/pmc_bytes.o
 .pdata         0x000000006e2ec3a8       0x18 ../build/x64_Debug/pmc_clone.o
 .pdata         0x000000006e2ec3c0       0x84 ../build/x64_Debug/pmc_compare.o
 .pdata         0x000000006e2ec444      0x24c ../build/x64_Debug/pmc_divrem.o
 .pdata         0x000000006e2ec690       0x84 ../build/x64_Debug/pmc_equals.o
 .pdata         0x000000006e2ec714       0xb4 ../build/x64_Debug/pmc_exclusiveor.o
 .pdata         0x000000006e2ec7c8       0x54 ../build/x64_Debug/pmc_from.o
 .pdata         0x000000006e2ec81c       0x18 ../build/x64_Debug/pmc_getpropertyvalue.o
 .pdata         0x000000006e2ec834       0xc0 ../build/x64_Debug/pmc_greatestcommondivisor.o
 .pdata         0x000000006e2ec8f4        0xc ../build/x64_Debug/pmc_initialize.o
 .pdata         0x000000006e2ec900      0x168 ../build/x64_Debug/pmc_memory.o
 .pdata         0x000000006e2eca68       0x84 ../build/x64_Debug/pmc_modpow.o
 .pdata         0x000000006e2ecaec      0x144 ../build/x64_Debug/pmc_multiply.o
 .pdata         0x000000006e2ecc30      0x18c ../build/x64_Debug/pmc_parse.o
 .pdata         0x000000006e2ecdbc       0x54 ../build/x64_Debug/pmc_pow.o
 .pdata         0x000000006e2ece10       0x84 ../build/x64_Debug/pmc_shift.o
 .pdata         0x000000006e2ece94        0xc ../build/x64_Debug/pmc_statistics.o
 .pdata         0x000000006e2ecea0       0xd8 ../build/x64_Debug/pmc_subtruct.o
 .pdata         0x000000006e2ecf78       0x30 ../build/x64_Debug/pmc_to.o
 .pdata         0x000000006e2ecfa8      0x108 ../build/x64_Debug/pmc_tostring.o
 .pdata         0x000000006e2ed0b0        0xc ../build/x64_Debug/TEST_autogenerated.o
 .pdata         0x000000006e2ed0bc       0x48 ../build/x64_Debug/TEST_op_Add.o
 .pdata         0x000000006e2ed104       0x48 ../build/x64_Debug/TEST_op_BitwiseAnd.o
 .pdata         0x000000006e2ed14c       0x48 ../build/x64_Debug/TEST_op_BitwiseOr.o
 .pdata         0x000000006e2ed194       0x18 ../build/x64_Debug/TEST_op_Clone.o
 .pdata         0x000000006e2ed1ac       0x3c ../build/x64_Debug/TEST_op_Compare.o
 .pdata         0x000000006e2ed1e8       0x48 ../build/x64_Debug/TEST_op_DivRem.o
 .pdata         0x000000006e2ed230       0x3c ../build/x64_Debug/TEST_op_Equals.o
 .pdata         0x000000006e2ed26c       0x48 ../build/x64_Debug/TEST_op_ExclusiveOr.o
 .pdata         0x000000006e2ed2b4       0x3c ../build/x64_Debug/TEST_op_From_To.o
 .pdata         0x000000006e2ed2f0        0xc ../build/x64_Debug/TEST_op_GetPropertyValue.o
 .pdata         0x000000006e2ed2fc       0x48 ../build/x64_Debug/TEST_op_GreatestCommonDivisor.o
 .pdata         0x000000006e2ed344       0x18 ../build/x64_Debug/TEST_op_ModPow.o
 .pdata         0x000000006e2ed35c       0x48 ../build/x64_Debug/TEST_op_Multiply.o
 .pdata         0x000000006e2ed3a4       0x24 ../build/x64_Debug/TEST_op_ParseDN.o
 .pdata         0x000000006e2ed3c8       0x18 ../build/x64_Debug/TEST_op_ParseX.o
 .pdata         0x000000006e2ed3e0       0x18 ../build/x64_Debug/TEST_op_Pow.o
 .pdata         0x000000006e2ed3f8       0x24 ../build/x64_Debug/TEST_op_Shift.o
 .pdata         0x000000006e2ed41c       0x48 ../build/x64_Debug/TEST_op_Subtruct.o
 .pdata         0x000000006e2ed464        0xc ../build/x64_Debug/TEST_op_ToStringD.o
 .pdata         0x000000006e2ed470        0xc ../build/x64_Debug/TEST_op_ToStringN.o
 .pdata         0x000000006e2ed47c        0xc ../build/x64_Debug/TEST_op_ToStringX.o

.xdata          0x000000006e2ee000     0x1600
 *(.xdata*)
 .xdata         0x000000006e2ee000       0x30 ../build/x64_Debug/cpuid.o
 .xdata         0x000000006e2ee030       0x60 ../build/x64_Debug/debug.o
 .xdata         0x000000006e2ee090        0xc ../build/x64_Debug/dllmain.o
 .xdata         0x000000006e2ee09c       0x28 ../build/x64_Debug/INTERNALTEST_op_DivRem.o
 .xdata         0x000000006e2ee0c4       0x30 ../build/x64_Debug/INTERNALTEST_op_Multiply.o
 .xdata         0x000000006e2ee0f4      0x120 ../build/x64_Debug/pmc_add.o
 .xdata         0x000000006e2ee214       0x60 ../build/x64_Debug/pmc_bitwiseand.o
 .xdata         0x000000006e2ee274       0xb0 ../build/x64_Debug/pmc_bitwiseor.o
 .xdata         0x000000006e2ee324       0x48 ../build/x64_Debug/pmc_bytes.o
 .xdata         0x000000006e2ee36c       0x14 ../build/x64_Debug/pmc_clone.o
 .xdata         0x000000006e2ee380       0x7c ../build/x64_Debug/pmc_compare.o
 .xdata         0x000000006e2ee3fc      0x224 ../build/x64_Debug/pmc_divrem.o
 .xdata         0x000000006e2ee620       0x7c ../build/x64_Debug/pmc_equals.o
 .xdata         0x000000006e2ee69c       0xb0 ../build/x64_Debug/pmc_exclusiveor.o
 .xdata         0x000000006e2ee74c       0x50 ../build/x64_Debug/pmc_from.o
 .xdata         0x000000006e2ee79c       0x14 ../build/x64_Debug/pmc_getpropertyvalue.o
 .xdata         0x000000006e2ee7b0       0xc0 ../build/x64_Debug/pmc_greatestcommondivisor.o
 .xdata         0x000000006e2ee870        0xc ../build/x64_Debug/pmc_initialize.o
 .xdata         0x000000006e2ee87c      0x164 ../build/x64_Debug/pmc_memory.o
 .xdata         0x000000006e2ee9e0       0x80 ../build/x64_Debug/pmc_modpow.o
 .xdata         0x000000006e2eea60      0x140 ../build/x64_Debug/pmc_multiply.o
 .xdata         0x000000006e2eeba0      0x178 ../build/x64_Debug/pmc_parse.o
 .xdata         0x000000006e2eed18       0x54 ../build/x64_Debug/pmc_pow.o
 .xdata         0x000000006e2eed6c       0x88 ../build/x64_Debug/pmc_shift.o
 .xdata         0x000000006e2eedf4        0x8 ../build/x64_Debug/pmc_statistics.o
 .xdata         0x000000006e2eedfc       0xc0 ../build/x64_Debug/pmc_subtruct.o
 .xdata         0x000000006e2eeebc       0x28 ../build/x64_Debug/pmc_to.o
 .xdata         0x000000006e2eeee4      0x104 ../build/x64_Debug/pmc_tostring.o
 .xdata         0x000000006e2eefe8       0x18 ../build/x64_Debug/TEST_autogenerated.o
 .xdata         0x000000006e2ef000       0x58 ../build/x64_Debug/TEST_op_Add.o
 .xdata         0x000000006e2ef058       0x58 ../build/x64_Debug/TEST_op_BitwiseAnd.o
 .xdata         0x000000006e2ef0b0       0x58 ../build/x64_Debug/TEST_op_BitwiseOr.o
 .xdata         0x000000006e2ef108       0x18 ../build/x64_Debug/TEST_op_Clone.o
 .xdata         0x000000006e2ef120       0x50 ../build/x64_Debug/TEST_op_Compare.o
 .xdata         0x000000006e2ef170       0x58 ../build/x64_Debug/TEST_op_DivRem.o
 .xdata         0x000000006e2ef1c8       0x50 ../build/x64_Debug/TEST_op_Equals.o
 .xdata         0x000000006e2ef218       0x58 ../build/x64_Debug/TEST_op_ExclusiveOr.o
 .xdata         0x000000006e2ef270       0x48 ../build/x64_Debug/TEST_op_From_To.o
 .xdata         0x000000006e2ef2b8       0x10 ../build/x64_Debug/TEST_op_GetPropertyValue.o
 .xdata         0x000000006e2ef2c8       0x58 ../build/x64_Debug/TEST_op_GreatestCommonDivisor.o
 .xdata         0x000000006e2ef320       0x18 ../build/x64_Debug/TEST_op_ModPow.o
 .xdata         0x000000006e2ef338       0x58 ../build/x64_Debug/TEST_op_Multiply.o
 .xdata         0x000000006e2ef390       0x28 ../build/x64_Debug/TEST_op_ParseDN.o
 .xdata         0x000000006e2ef3b8       0x18 ../build/x64_Debug/TEST_op_ParseX.o
 .xdata         0x000000006e2ef3d0       0x18 ../build/x64_Debug/TEST_op_Pow.o
 .xdata         0x000000006e2ef3e8       0x28 ../build/x64_Debug/TEST_op_Shift.o
 .xdata         0x000000006e2ef410       0x58 ../build/x64_Debug/TEST_op_Subtruct.o
 .xdata         0x000000006e2ef468       0x10 ../build/x64_Debug/TEST_op_ToStringD.o
 .xdata         0x000000006e2ef478       0x10 ../build/x64_Debug/TEST_op_ToStringN.o
 .xdata         0x000000006e2ef488       0x10 ../build/x64_Debug/TEST_op_ToStringX.o

.bss            0x000000006e2f0000    0x17640
                0x000000006e2f0000                __bss_start__ = .
 *(.bss)
 .bss           0x000000006e2f0000        0x0 ../build/x64_Debug/cpuid.o
 .bss           0x000000006e2f0000      0x420 ../build/x64_Debug/debug.o
                0x000000006e2f0000                test_total_count
                0x000000006e2f0004                test_ok_count
                0x000000006e2f0008                __DEBUG_LOG
 .bss           0x000000006e2f0420        0x0 ../build/x64_Debug/dllmain.o
 .bss           0x000000006e2f0420        0x0 ../build/x64_Debug/INTERNALTEST_op_DivRem.o
 .bss           0x000000006e2f0420        0x0 ../build/x64_Debug/INTERNALTEST_op_Multiply.o
 .bss           0x000000006e2f0420       0x10 ../build/x64_Debug/pmc_add.o
 .bss           0x000000006e2f0430        0x0 ../build/x64_Debug/pmc_bitwiseand.o
 .bss           0x000000006e2f0430        0x0 ../build/x64_Debug/pmc_bitwiseor.o
 .bss           0x000000006e2f0430        0x0 ../build/x64_Debug/pmc_bytes.o
 .bss           0x000000006e2f0430        0x0 ../build/x64_Debug/pmc_clone.o
 .bss           0x000000006e2f0430        0x0 ../build/x64_Debug/pmc_compare.o
 .bss           0x000000006e2f0430       0x10 ../build/x64_Debug/pmc_divrem.o
 .bss           0x000000006e2f0440        0x0 ../build/x64_Debug/pmc_equals.o
 .bss           0x000000006e2f0440        0x0 ../build/x64_Debug/pmc_exclusiveor.o
 .bss           0x000000006e2f0440        0x0 ../build/x64_Debug/pmc_from.o
 .bss           0x000000006e2f0440        0x0 ../build/x64_Debug/pmc_getpropertyvalue.o
 .bss           0x000000006e2f0440        0x0 ../build/x64_Debug/pmc_greatestcommondivisor.o
 .bss           0x000000006e2f0440      0x220 ../build/x64_Debug/pmc_initialize.o
 .bss           0x000000006e2f0660        0x0 ../build/x64_Debug/pmc_memory.o
 .bss           0x000000006e2f0660        0x0 ../build/x64_Debug/pmc_modpow.o
 .bss           0x000000006e2f0660       0x20 ../build/x64_Debug/pmc_multiply.o
 .bss           0x000000006e2f0680       0x40 ../build/x64_Debug/pmc_parse.o
 .bss           0x000000006e2f06c0        0x0 ../build/x64_Debug/pmc_pow.o
 .bss           0x000000006e2f06c0        0x0 ../build/x64_Debug/pmc_shift.o
 .bss           0x000000006e2f06c0        0x0 ../build/x64_Debug/pmc_statistics.o
 .bss           0x000000006e2f06c0        0x0 ../build/x64_Debug/pmc_subtruct.o
 .bss           0x000000006e2f06c0        0x0 ../build/x64_Debug/pmc_to.o
 .bss           0x000000006e2f06c0       0x40 ../build/x64_Debug/pmc_tostring.o
 .bss           0x000000006e2f0700      0xb10 ../build/x64_Debug/TEST_autogenerated.o
 .bss           0x000000006e2f1210        0x0 ../build/x64_Debug/TEST_op_Add.o
 .bss           0x000000006e2f1210        0x0 ../build/x64_Debug/TEST_op_BitwiseAnd.o
 .bss           0x000000006e2f1210        0x0 ../build/x64_Debug/TEST_op_BitwiseOr.o
 .bss           0x000000006e2f1210        0x0 ../build/x64_Debug/TEST_op_Clone.o
 .bss           0x000000006e2f1210        0x0 ../build/x64_Debug/TEST_op_Compare.o
 .bss           0x000000006e2f1210        0x0 ../build/x64_Debug/TEST_op_DivRem.o
 .bss           0x000000006e2f1210        0x0 ../build/x64_Debug/TEST_op_Equals.o
 .bss           0x000000006e2f1210        0x0 ../build/x64_Debug/TEST_op_ExclusiveOr.o
 .bss           0x000000006e2f1210        0x0 ../build/x64_Debug/TEST_op_From_To.o
 .bss           0x000000006e2f1210        0x0 ../build/x64_Debug/TEST_op_GetPropertyValue.o
 .bss           0x000000006e2f1210        0x0 ../build/x64_Debug/TEST_op_GreatestCommonDivisor.o
 .bss           0x000000006e2f1210        0x0 ../build/x64_Debug/TEST_op_ModPow.o
 .bss           0x000000006e2f1210        0x0 ../build/x64_Debug/TEST_op_Multiply.o
 *fill*         0x000000006e2f1210       0x10 
 .bss           0x000000006e2f1220      0x240 ../build/x64_Debug/TEST_op_ParseDN.o
 .bss           0x000000006e2f1460      0x120 ../build/x64_Debug/TEST_op_ParseX.o
 .bss           0x000000006e2f1580    0x10000 ../build/x64_Debug/TEST_op_Pow.o
 .bss           0x000000006e301580        0x0 ../build/x64_Debug/TEST_op_Shift.o
 .bss           0x000000006e301580        0x0 ../build/x64_Debug/TEST_op_Subtruct.o
 .bss           0x000000006e301580     0x2000 ../build/x64_Debug/TEST_op_ToStringD.o
 .bss           0x000000006e303580     0x2000 ../build/x64_Debug/TEST_op_ToStringN.o
 .bss           0x000000006e305580     0x2000 ../build/x64_Debug/TEST_op_ToStringX.o
 .bss           0x000000006e307580        0x0 C:/GNU/MINGW64/x86_64-8.1.0-win32-seh-rt_v6-rev0/mingw64/bin/../lib/gcc/x86_64-w64-mingw32/8.1.0/../../../../x86_64-w64-mingw32/lib/../lib/libkernel32.a(dqifs01555.o)
 .bss           0x000000006e307580        0x0 C:/GNU/MINGW64/x86_64-8.1.0-win32-seh-rt_v6-rev0/mingw64/bin/../lib/gcc/x86_64-w64-mingw32/8.1.0/../../../../x86_64-w64-mingw32/lib/../lib/libkernel32.a(dqifs01549.o)
 .bss           0x000000006e307580        0x0 C:/GNU/MINGW64/x86_64-8.1.0-win32-seh-rt_v6-rev0/mingw64/bin/../lib/gcc/x86_64-w64-mingw32/8.1.0/../../../../x86_64-w64-mingw32/lib/../lib/libkernel32.a(dqifs01548.o)
 .bss           0x000000006e307580        0x0 C:/GNU/MINGW64/x86_64-8.1.0-win32-seh-rt_v6-rev0/mingw64/bin/../lib/gcc/x86_64-w64-mingw32/8.1.0/../../../../x86_64-w64-mingw32/lib/../lib/libkernel32.a(dqifs01543.o)
 .bss           0x000000006e307580        0x0 C:/GNU/MINGW64/x86_64-8.1.0-win32-seh-rt_v6-rev0/mingw64/bin/../lib/gcc/x86_64-w64-mingw32/8.1.0/../../../../x86_64-w64-mingw32/lib/../lib/libkernel32.a(dqifs00841.o)
 .bss           0x000000006e307580        0x0 C:/GNU/MINGW64/x86_64-8.1.0-win32-seh-rt_v6-rev0/mingw64/bin/../lib/gcc/x86_64-w64-mingw32/8.1.0/../../../../x86_64-w64-mingw32/lib/../lib/libkernel32.a(dqifs00839.o)
 .bss           0x000000006e307580        0x0 C:/GNU/MINGW64/x86_64-8.1.0-win32-seh-rt_v6-rev0/mingw64/bin/../lib/gcc/x86_64-w64-mingw32/8.1.0/../../../../x86_64-w64-mingw32/lib/../lib/libkernel32.a(dqifs00837.o)
 .bss           0x000000006e307580        0x0 C:/GNU/MINGW64/x86_64-8.1.0-win32-seh-rt_v6-rev0/mingw64/bin/../lib/gcc/x86_64-w64-mingw32/8.1.0/../../../../x86_64-w64-mingw32/lib/../lib/libkernel32.a(dqifs00835.o)
 .bss           0x000000006e307580        0x0 C:/GNU/MINGW64/x86_64-8.1.0-win32-seh-rt_v6-rev0/mingw64/bin/../lib/gcc/x86_64-w64-mingw32/8.1.0/../../../../x86_64-w64-mingw32/lib/../lib/libkernel32.a(dqifs00774.o)
 .bss           0x000000006e307580        0x0 C:/GNU/MINGW64/x86_64-8.1.0-win32-seh-rt_v6-rev0/mingw64/bin/../lib/gcc/x86_64-w64-mingw32/8.1.0/../../../../x86_64-w64-mingw32/lib/../lib/libkernel32.a(dqifh.o)
 .bss           0x000000006e307580        0x0 C:/GNU/MINGW64/x86_64-8.1.0-win32-seh-rt_v6-rev0/mingw64/bin/../lib/gcc/x86_64-w64-mingw32/8.1.0/../../../../x86_64-w64-mingw32/lib/../lib/libkernel32.a(dqift.o)
 .bss           0x000000006e307580        0x0 C:/GNU/MINGW64/x86_64-8.1.0-win32-seh-rt_v6-rev0/mingw64/bin/../lib/gcc/x86_64-w64-mingw32/8.1.0/../../../../x86_64-w64-mingw32/lib/../lib/libuser32.a(dyqes00958.o)
 .bss           0x000000006e307580        0x0 C:/GNU/MINGW64/x86_64-8.1.0-win32-seh-rt_v6-rev0/mingw64/bin/../lib/gcc/x86_64-w64-mingw32/8.1.0/../../../../x86_64-w64-mingw32/lib/../lib/libuser32.a(dyqeh.o)
 .bss           0x000000006e307580        0x0 C:/GNU/MINGW64/x86_64-8.1.0-win32-seh-rt_v6-rev0/mingw64/bin/../lib/gcc/x86_64-w64-mingw32/8.1.0/../../../../x86_64-w64-mingw32/lib/../lib/libuser32.a(dyqet.o)
 *(COMMON)
 COMMON         0x000000006e307580        0x4 ../build/x64_Debug/pmc_initialize.o
                0x000000006e307580                configuration_info
 *fill*         0x000000006e307584       0x1c 
 COMMON         0x000000006e3075a0       0x88 ../build/x64_Debug/pmc_memory.o
                0x000000006e3075a0                number_one
                0x000000006e3075e0                number_zero
                0x000000006e307620                hLocalHeap
 *fill*         0x000000006e307628        0x8 
 COMMON         0x000000006e307630       0x10 ../build/x64_Debug/pmc_statistics.o
                0x000000006e307630                statistics_info
                0x000000006e307640                __bss_end__ = .

.edata          0x000000006e308000      0x200
 *(.edata)
 .edata         0x000000006e308000       0x56 dll stuff

/DISCARD/
 *(.debug$S)
 *(.debug$T)
 *(.debug$F)
 *(.drectve)
 *(.note.GNU-stack)
 *(.gnu.lto_*)

.idata          0x000000006e309000      0x200
 SORT_BY_NAME(*)(.idata$2)
 .idata$2       0x000000006e309000       0x14 C:/GNU/MINGW64/x86_64-8.1.0-win32-seh-rt_v6-rev0/mingw64/bin/../lib/gcc/x86_64-w64-mingw32/8.1.0/../../../../x86_64-w64-mingw32/lib/../lib/libkernel32.a(dqifh.o)
                0x000000006e309000                _head_lib64_libkernel32_a
 .idata$2       0x000000006e309014       0x14 C:/GNU/MINGW64/x86_64-8.1.0-win32-seh-rt_v6-rev0/mingw64/bin/../lib/gcc/x86_64-w64-mingw32/8.1.0/../../../../x86_64-w64-mingw32/lib/../lib/libuser32.a(dyqeh.o)
                0x000000006e309014                _head_lib64_libuser32_a
 SORT_BY_NAME(*)(.idata$3)
                0x000000006e309028        0x4 LONG 0x0
                0x000000006e30902c        0x4 LONG 0x0
                0x000000006e309030        0x4 LONG 0x0
                0x000000006e309034        0x4 LONG 0x0
                0x000000006e309038        0x4 LONG 0x0
 SORT_BY_NAME(*)(.idata$4)
 .idata$4       0x000000006e30903c        0x0 C:/GNU/MINGW64/x86_64-8.1.0-win32-seh-rt_v6-rev0/mingw64/bin/../lib/gcc/x86_64-w64-mingw32/8.1.0/../../../../x86_64-w64-mingw32/lib/../lib/libkernel32.a(dqifh.o)
 .idata$4       0x000000006e30903c        0x8 C:/GNU/MINGW64/x86_64-8.1.0-win32-seh-rt_v6-rev0/mingw64/bin/../lib/gcc/x86_64-w64-mingw32/8.1.0/../../../../x86_64-w64-mingw32/lib/../lib/libkernel32.a(dqifs00774.o)
 .idata$4       0x000000006e309044        0x8 C:/GNU/MINGW64/x86_64-8.1.0-win32-seh-rt_v6-rev0/mingw64/bin/../lib/gcc/x86_64-w64-mingw32/8.1.0/../../../../x86_64-w64-mingw32/lib/../lib/libkernel32.a(dqifs00835.o)
 .idata$4       0x000000006e30904c        0x8 C:/GNU/MINGW64/x86_64-8.1.0-win32-seh-rt_v6-rev0/mingw64/bin/../lib/gcc/x86_64-w64-mingw32/8.1.0/../../../../x86_64-w64-mingw32/lib/../lib/libkernel32.a(dqifs00837.o)
 .idata$4       0x000000006e309054        0x8 C:/GNU/MINGW64/x86_64-8.1.0-win32-seh-rt_v6-rev0/mingw64/bin/../lib/gcc/x86_64-w64-mingw32/8.1.0/../../../../x86_64-w64-mingw32/lib/../lib/libkernel32.a(dqifs00839.o)
 .idata$4       0x000000006e30905c        0x8 C:/GNU/MINGW64/x86_64-8.1.0-win32-seh-rt_v6-rev0/mingw64/bin/../lib/gcc/x86_64-w64-mingw32/8.1.0/../../../../x86_64-w64-mingw32/lib/../lib/libkernel32.a(dqifs00841.o)
 .idata$4       0x000000006e309064        0x8 C:/GNU/MINGW64/x86_64-8.1.0-win32-seh-rt_v6-rev0/mingw64/bin/../lib/gcc/x86_64-w64-mingw32/8.1.0/../../../../x86_64-w64-mingw32/lib/../lib/libkernel32.a(dqifs01543.o)
 .idata$4       0x000000006e30906c        0x8 C:/GNU/MINGW64/x86_64-8.1.0-win32-seh-rt_v6-rev0/mingw64/bin/../lib/gcc/x86_64-w64-mingw32/8.1.0/../../../../x86_64-w64-mingw32/lib/../lib/libkernel32.a(dqifs01548.o)
 .idata$4       0x000000006e309074        0x8 C:/GNU/MINGW64/x86_64-8.1.0-win32-seh-rt_v6-rev0/mingw64/bin/../lib/gcc/x86_64-w64-mingw32/8.1.0/../../../../x86_64-w64-mingw32/lib/../lib/libkernel32.a(dqifs01549.o)
 .idata$4       0x000000006e30907c        0x8 C:/GNU/MINGW64/x86_64-8.1.0-win32-seh-rt_v6-rev0/mingw64/bin/../lib/gcc/x86_64-w64-mingw32/8.1.0/../../../../x86_64-w64-mingw32/lib/../lib/libkernel32.a(dqifs01555.o)
 .idata$4       0x000000006e309084        0x8 C:/GNU/MINGW64/x86_64-8.1.0-win32-seh-rt_v6-rev0/mingw64/bin/../lib/gcc/x86_64-w64-mingw32/8.1.0/../../../../x86_64-w64-mingw32/lib/../lib/libkernel32.a(dqift.o)
 .idata$4       0x000000006e30908c        0x0 C:/GNU/MINGW64/x86_64-8.1.0-win32-seh-rt_v6-rev0/mingw64/bin/../lib/gcc/x86_64-w64-mingw32/8.1.0/../../../../x86_64-w64-mingw32/lib/../lib/libuser32.a(dyqeh.o)
 .idata$4       0x000000006e30908c        0x8 C:/GNU/MINGW64/x86_64-8.1.0-win32-seh-rt_v6-rev0/mingw64/bin/../lib/gcc/x86_64-w64-mingw32/8.1.0/../../../../x86_64-w64-mingw32/lib/../lib/libuser32.a(dyqes00958.o)
 .idata$4       0x000000006e309094        0x8 C:/GNU/MINGW64/x86_64-8.1.0-win32-seh-rt_v6-rev0/mingw64/bin/../lib/gcc/x86_64-w64-mingw32/8.1.0/../../../../x86_64-w64-mingw32/lib/../lib/libuser32.a(dyqet.o)
                0x000000006e30909c                __IAT_start__ = .
 SORT_BY_NAME(*)(.idata$5)
 .idata$5       0x000000006e30909c        0x0 C:/GNU/MINGW64/x86_64-8.1.0-win32-seh-rt_v6-rev0/mingw64/bin/../lib/gcc/x86_64-w64-mingw32/8.1.0/../../../../x86_64-w64-mingw32/lib/../lib/libkernel32.a(dqifh.o)
 .idata$5       0x000000006e30909c        0x8 C:/GNU/MINGW64/x86_64-8.1.0-win32-seh-rt_v6-rev0/mingw64/bin/../lib/gcc/x86_64-w64-mingw32/8.1.0/../../../../x86_64-w64-mingw32/lib/../lib/libkernel32.a(dqifs00774.o)
                0x000000006e30909c                __imp_GetTickCount
 .idata$5       0x000000006e3090a4        0x8 C:/GNU/MINGW64/x86_64-8.1.0-win32-seh-rt_v6-rev0/mingw64/bin/../lib/gcc/x86_64-w64-mingw32/8.1.0/../../../../x86_64-w64-mingw32/lib/../lib/libkernel32.a(dqifs00835.o)
                0x000000006e3090a4                __imp_HeapAlloc
 .idata$5       0x000000006e3090ac        0x8 C:/GNU/MINGW64/x86_64-8.1.0-win32-seh-rt_v6-rev0/mingw64/bin/../lib/gcc/x86_64-w64-mingw32/8.1.0/../../../../x86_64-w64-mingw32/lib/../lib/libkernel32.a(dqifs00837.o)
                0x000000006e3090ac                __imp_HeapCreate
 .idata$5       0x000000006e3090b4        0x8 C:/GNU/MINGW64/x86_64-8.1.0-win32-seh-rt_v6-rev0/mingw64/bin/../lib/gcc/x86_64-w64-mingw32/8.1.0/../../../../x86_64-w64-mingw32/lib/../lib/libkernel32.a(dqifs00839.o)
                0x000000006e3090b4                __imp_HeapDestroy
 .idata$5       0x000000006e3090bc        0x8 C:/GNU/MINGW64/x86_64-8.1.0-win32-seh-rt_v6-rev0/mingw64/bin/../lib/gcc/x86_64-w64-mingw32/8.1.0/../../../../x86_64-w64-mingw32/lib/../lib/libkernel32.a(dqifs00841.o)
                0x000000006e3090bc                __imp_HeapFree
 .idata$5       0x000000006e3090c4        0x8 C:/GNU/MINGW64/x86_64-8.1.0-win32-seh-rt_v6-rev0/mingw64/bin/../lib/gcc/x86_64-w64-mingw32/8.1.0/../../../../x86_64-w64-mingw32/lib/../lib/libkernel32.a(dqifs01543.o)
                0x000000006e3090c4                __imp_lstrcmpW
 .idata$5       0x000000006e3090cc        0x8 C:/GNU/MINGW64/x86_64-8.1.0-win32-seh-rt_v6-rev0/mingw64/bin/../lib/gcc/x86_64-w64-mingw32/8.1.0/../../../../x86_64-w64-mingw32/lib/../lib/libkernel32.a(dqifs01548.o)
                0x000000006e3090cc                __imp_lstrcpyA
 .idata$5       0x000000006e3090d4        0x8 C:/GNU/MINGW64/x86_64-8.1.0-win32-seh-rt_v6-rev0/mingw64/bin/../lib/gcc/x86_64-w64-mingw32/8.1.0/../../../../x86_64-w64-mingw32/lib/../lib/libkernel32.a(dqifs01549.o)
                0x000000006e3090d4                __imp_lstrcpyW
 .idata$5       0x000000006e3090dc        0x8 C:/GNU/MINGW64/x86_64-8.1.0-win32-seh-rt_v6-rev0/mingw64/bin/../lib/gcc/x86_64-w64-mingw32/8.1.0/../../../../x86_64-w64-mingw32/lib/../lib/libkernel32.a(dqifs01555.o)
                0x000000006e3090dc                __imp_lstrlenW
 .idata$5       0x000000006e3090e4        0x8 C:/GNU/MINGW64/x86_64-8.1.0-win32-seh-rt_v6-rev0/mingw64/bin/../lib/gcc/x86_64-w64-mingw32/8.1.0/../../../../x86_64-w64-mingw32/lib/../lib/libkernel32.a(dqift.o)
 .idata$5       0x000000006e3090ec        0x0 C:/GNU/MINGW64/x86_64-8.1.0-win32-seh-rt_v6-rev0/mingw64/bin/../lib/gcc/x86_64-w64-mingw32/8.1.0/../../../../x86_64-w64-mingw32/lib/../lib/libuser32.a(dyqeh.o)
 .idata$5       0x000000006e3090ec        0x8 C:/GNU/MINGW64/x86_64-8.1.0-win32-seh-rt_v6-rev0/mingw64/bin/../lib/gcc/x86_64-w64-mingw32/8.1.0/../../../../x86_64-w64-mingw32/lib/../lib/libuser32.a(dyqes00958.o)
                0x000000006e3090ec                __imp_wsprintfW
 .idata$5       0x000000006e3090f4        0x8 C:/GNU/MINGW64/x86_64-8.1.0-win32-seh-rt_v6-rev0/mingw64/bin/../lib/gcc/x86_64-w64-mingw32/8.1.0/../../../../x86_64-w64-mingw32/lib/../lib/libuser32.a(dyqet.o)
                0x000000006e3090fc                __IAT_end__ = .
 SORT_BY_NAME(*)(.idata$6)
 .idata$6       0x000000006e3090fc       0x10 C:/GNU/MINGW64/x86_64-8.1.0-win32-seh-rt_v6-rev0/mingw64/bin/../lib/gcc/x86_64-w64-mingw32/8.1.0/../../../../x86_64-w64-mingw32/lib/../lib/libkernel32.a(dqifs00774.o)
 .idata$6       0x000000006e30910c        0xc C:/GNU/MINGW64/x86_64-8.1.0-win32-seh-rt_v6-rev0/mingw64/bin/../lib/gcc/x86_64-w64-mingw32/8.1.0/../../../../x86_64-w64-mingw32/lib/../lib/libkernel32.a(dqifs00835.o)
 .idata$6       0x000000006e309118        0xe C:/GNU/MINGW64/x86_64-8.1.0-win32-seh-rt_v6-rev0/mingw64/bin/../lib/gcc/x86_64-w64-mingw32/8.1.0/../../../../x86_64-w64-mingw32/lib/../lib/libkernel32.a(dqifs00837.o)
 .idata$6       0x000000006e309126        0xe C:/GNU/MINGW64/x86_64-8.1.0-win32-seh-rt_v6-rev0/mingw64/bin/../lib/gcc/x86_64-w64-mingw32/8.1.0/../../../../x86_64-w64-mingw32/lib/../lib/libkernel32.a(dqifs00839.o)
 .idata$6       0x000000006e309134        0xc C:/GNU/MINGW64/x86_64-8.1.0-win32-seh-rt_v6-rev0/mingw64/bin/../lib/gcc/x86_64-w64-mingw32/8.1.0/../../../../x86_64-w64-mingw32/lib/../lib/libkernel32.a(dqifs00841.o)
 .idata$6       0x000000006e309140        0xc C:/GNU/MINGW64/x86_64-8.1.0-win32-seh-rt_v6-rev0/mingw64/bin/../lib/gcc/x86_64-w64-mingw32/8.1.0/../../../../x86_64-w64-mingw32/lib/../lib/libkernel32.a(dqifs01543.o)
 .idata$6       0x000000006e30914c        0xc C:/GNU/MINGW64/x86_64-8.1.0-win32-seh-rt_v6-rev0/mingw64/bin/../lib/gcc/x86_64-w64-mingw32/8.1.0/../../../../x86_64-w64-mingw32/lib/../lib/libkernel32.a(dqifs01548.o)
 .idata$6       0x000000006e309158        0xc C:/GNU/MINGW64/x86_64-8.1.0-win32-seh-rt_v6-rev0/mingw64/bin/../lib/gcc/x86_64-w64-mingw32/8.1.0/../../../../x86_64-w64-mingw32/lib/../lib/libkernel32.a(dqifs01549.o)
 .idata$6       0x000000006e309164        0xc C:/GNU/MINGW64/x86_64-8.1.0-win32-seh-rt_v6-rev0/mingw64/bin/../lib/gcc/x86_64-w64-mingw32/8.1.0/../../../../x86_64-w64-mingw32/lib/../lib/libkernel32.a(dqifs01555.o)
 .idata$6       0x000000006e309170        0xc C:/GNU/MINGW64/x86_64-8.1.0-win32-seh-rt_v6-rev0/mingw64/bin/../lib/gcc/x86_64-w64-mingw32/8.1.0/../../../../x86_64-w64-mingw32/lib/../lib/libuser32.a(dyqes00958.o)
 SORT_BY_NAME(*)(.idata$7)
 .idata$7       0x000000006e30917c        0x4 C:/GNU/MINGW64/x86_64-8.1.0-win32-seh-rt_v6-rev0/mingw64/bin/../lib/gcc/x86_64-w64-mingw32/8.1.0/../../../../x86_64-w64-mingw32/lib/../lib/libkernel32.a(dqifs00774.o)
 .idata$7       0x000000006e309180        0x4 C:/GNU/MINGW64/x86_64-8.1.0-win32-seh-rt_v6-rev0/mingw64/bin/../lib/gcc/x86_64-w64-mingw32/8.1.0/../../../../x86_64-w64-mingw32/lib/../lib/libkernel32.a(dqifs00835.o)
 .idata$7       0x000000006e309184        0x4 C:/GNU/MINGW64/x86_64-8.1.0-win32-seh-rt_v6-rev0/mingw64/bin/../lib/gcc/x86_64-w64-mingw32/8.1.0/../../../../x86_64-w64-mingw32/lib/../lib/libkernel32.a(dqifs00837.o)
 .idata$7       0x000000006e309188        0x4 C:/GNU/MINGW64/x86_64-8.1.0-win32-seh-rt_v6-rev0/mingw64/bin/../lib/gcc/x86_64-w64-mingw32/8.1.0/../../../../x86_64-w64-mingw32/lib/../lib/libkernel32.a(dqifs00839.o)
 .idata$7       0x000000006e30918c        0x4 C:/GNU/MINGW64/x86_64-8.1.0-win32-seh-rt_v6-rev0/mingw64/bin/../lib/gcc/x86_64-w64-mingw32/8.1.0/../../../../x86_64-w64-mingw32/lib/../lib/libkernel32.a(dqifs00841.o)
 .idata$7       0x000000006e309190        0x4 C:/GNU/MINGW64/x86_64-8.1.0-win32-seh-rt_v6-rev0/mingw64/bin/../lib/gcc/x86_64-w64-mingw32/8.1.0/../../../../x86_64-w64-mingw32/lib/../lib/libkernel32.a(dqifs01543.o)
 .idata$7       0x000000006e309194        0x4 C:/GNU/MINGW64/x86_64-8.1.0-win32-seh-rt_v6-rev0/mingw64/bin/../lib/gcc/x86_64-w64-mingw32/8.1.0/../../../../x86_64-w64-mingw32/lib/../lib/libkernel32.a(dqifs01548.o)
 .idata$7       0x000000006e309198        0x4 C:/GNU/MINGW64/x86_64-8.1.0-win32-seh-rt_v6-rev0/mingw64/bin/../lib/gcc/x86_64-w64-mingw32/8.1.0/../../../../x86_64-w64-mingw32/lib/../lib/libkernel32.a(dqifs01549.o)
 .idata$7       0x000000006e30919c        0x4 C:/GNU/MINGW64/x86_64-8.1.0-win32-seh-rt_v6-rev0/mingw64/bin/../lib/gcc/x86_64-w64-mingw32/8.1.0/../../../../x86_64-w64-mingw32/lib/../lib/libkernel32.a(dqifs01555.o)
 .idata$7       0x000000006e3091a0       0x10 C:/GNU/MINGW64/x86_64-8.1.0-win32-seh-rt_v6-rev0/mingw64/bin/../lib/gcc/x86_64-w64-mingw32/8.1.0/../../../../x86_64-w64-mingw32/lib/../lib/libkernel32.a(dqift.o)
                0x000000006e3091a0                __lib64_libkernel32_a_iname
 .idata$7       0x000000006e3091b0        0x4 C:/GNU/MINGW64/x86_64-8.1.0-win32-seh-rt_v6-rev0/mingw64/bin/../lib/gcc/x86_64-w64-mingw32/8.1.0/../../../../x86_64-w64-mingw32/lib/../lib/libuser32.a(dyqes00958.o)
 .idata$7       0x000000006e3091b4        0xc C:/GNU/MINGW64/x86_64-8.1.0-win32-seh-rt_v6-rev0/mingw64/bin/../lib/gcc/x86_64-w64-mingw32/8.1.0/../../../../x86_64-w64-mingw32/lib/../lib/libuser32.a(dyqet.o)
                0x000000006e3091b4                __lib64_libuser32_a_iname

.CRT            0x000000006e30a000        0x0
                0x000000006e30a000                ___crt_xc_start__ = .
 *(SORT_BY_NAME(.CRT$XC*))
                0x000000006e30a000                ___crt_xc_end__ = .
                0x000000006e30a000                ___crt_xi_start__ = .
 *(SORT_BY_NAME(.CRT$XI*))
                0x000000006e30a000                ___crt_xi_end__ = .
                0x000000006e30a000                ___crt_xl_start__ = .
 *(SORT_BY_NAME(.CRT$XL*))
                0x000000006e30a000                ___crt_xp_start__ = .
 *(SORT_BY_NAME(.CRT$XP*))
                0x000000006e30a000                ___crt_xp_end__ = .
                0x000000006e30a000                ___crt_xt_start__ = .
 *(SORT_BY_NAME(.CRT$XT*))
                0x000000006e30a000                ___crt_xt_end__ = .

.tls            0x000000006e30a000        0x0
                0x000000006e30a000                ___tls_start__ = .
 *(.tls$AAA)
 *(.tls)
 *(.tls$)
 *(SORT_BY_NAME(.tls$*))
 *(.tls$ZZZ)
                0x000000006e30a000                ___tls_end__ = .

.endjunk        0x000000006e30a000        0x0
                [!provide]                        PROVIDE (end = .)
                [!provide]                        PROVIDE (_end = .)
                0x000000006e30a000                __end__ = .

.rsrc           0x000000006e30a000      0x400
 *(.rsrc)
 .rsrc          0x000000006e30a000      0x378 ../build/x64_Debug/version.o
 *(.rsrc$*)

.reloc          0x000000006e30b000      0x200
 *(.reloc)
 .reloc         0x000000006e30b000       0x94 dll stuff

.stab
 *(.stab)

.stabstr
 *(.stabstr)

.debug_aranges  0x000000006e30c000      0xa00
 *(.debug_aranges)
 .debug_aranges
                0x000000006e30c000       0x30 ../build/x64_Debug/cpuid.o
 .debug_aranges
                0x000000006e30c030       0x30 ../build/x64_Debug/debug.o
 .debug_aranges
                0x000000006e30c060       0x30 ../build/x64_Debug/dllmain.o
 .debug_aranges
                0x000000006e30c090       0x30 ../build/x64_Debug/INTERNALTEST_op_DivRem.o
 .debug_aranges
                0x000000006e30c0c0       0x30 ../build/x64_Debug/INTERNALTEST_op_Multiply.o
 .debug_aranges
                0x000000006e30c0f0       0x30 ../build/x64_Debug/pmc_add.o
 .debug_aranges
                0x000000006e30c120       0x30 ../build/x64_Debug/pmc_bitwiseand.o
 .debug_aranges
                0x000000006e30c150       0x30 ../build/x64_Debug/pmc_bitwiseor.o
 .debug_aranges
                0x000000006e30c180       0x30 ../build/x64_Debug/pmc_bytes.o
 .debug_aranges
                0x000000006e30c1b0       0x30 ../build/x64_Debug/pmc_clone.o
 .debug_aranges
                0x000000006e30c1e0       0x30 ../build/x64_Debug/pmc_compare.o
 .debug_aranges
                0x000000006e30c210       0x30 ../build/x64_Debug/pmc_divrem.o
 .debug_aranges
                0x000000006e30c240       0x30 ../build/x64_Debug/pmc_equals.o
 .debug_aranges
                0x000000006e30c270       0x30 ../build/x64_Debug/pmc_exclusiveor.o
 .debug_aranges
                0x000000006e30c2a0       0x30 ../build/x64_Debug/pmc_from.o
 .debug_aranges
                0x000000006e30c2d0       0x30 ../build/x64_Debug/pmc_getpropertyvalue.o
 .debug_aranges
                0x000000006e30c300       0x30 ../build/x64_Debug/pmc_greatestcommondivisor.o
 .debug_aranges
                0x000000006e30c330       0x30 ../build/x64_Debug/pmc_initialize.o
 .debug_aranges
                0x000000006e30c360       0x30 ../build/x64_Debug/pmc_memory.o
 .debug_aranges
                0x000000006e30c390       0x30 ../build/x64_Debug/pmc_modpow.o
 .debug_aranges
                0x000000006e30c3c0       0x30 ../build/x64_Debug/pmc_multiply.o
 .debug_aranges
                0x000000006e30c3f0       0x30 ../build/x64_Debug/pmc_parse.o
 .debug_aranges
                0x000000006e30c420       0x30 ../build/x64_Debug/pmc_pow.o
 .debug_aranges
                0x000000006e30c450       0x30 ../build/x64_Debug/pmc_shift.o
 .debug_aranges
                0x000000006e30c480       0x30 ../build/x64_Debug/pmc_statistics.o
 .debug_aranges
                0x000000006e30c4b0       0x30 ../build/x64_Debug/pmc_subtruct.o
 .debug_aranges
                0x000000006e30c4e0       0x30 ../build/x64_Debug/pmc_to.o
 .debug_aranges
                0x000000006e30c510       0x30 ../build/x64_Debug/pmc_tostring.o
 .debug_aranges
                0x000000006e30c540       0x30 ../build/x64_Debug/TEST_autogenerated.o
 .debug_aranges
                0x000000006e30c570       0x30 ../build/x64_Debug/TEST_op_Add.o
 .debug_aranges
                0x000000006e30c5a0       0x30 ../build/x64_Debug/TEST_op_BitwiseAnd.o
 .debug_aranges
                0x000000006e30c5d0       0x30 ../build/x64_Debug/TEST_op_BitwiseOr.o
 .debug_aranges
                0x000000006e30c600       0x30 ../build/x64_Debug/TEST_op_Clone.o
 .debug_aranges
                0x000000006e30c630       0x30 ../build/x64_Debug/TEST_op_Compare.o
 .debug_aranges
                0x000000006e30c660       0x30 ../build/x64_Debug/TEST_op_DivRem.o
 .debug_aranges
                0x000000006e30c690       0x30 ../build/x64_Debug/TEST_op_Equals.o
 .debug_aranges
                0x000000006e30c6c0       0x30 ../build/x64_Debug/TEST_op_ExclusiveOr.o
 .debug_aranges
                0x000000006e30c6f0       0x30 ../build/x64_Debug/TEST_op_From_To.o
 .debug_aranges
                0x000000006e30c720       0x30 ../build/x64_Debug/TEST_op_GetPropertyValue.o
 .debug_aranges
                0x000000006e30c750       0x30 ../build/x64_Debug/TEST_op_GreatestCommonDivisor.o
 .debug_aranges
                0x000000006e30c780       0x30 ../build/x64_Debug/TEST_op_ModPow.o
 .debug_aranges
                0x000000006e30c7b0       0x30 ../build/x64_Debug/TEST_op_Multiply.o
 .debug_aranges
                0x000000006e30c7e0       0x30 ../build/x64_Debug/TEST_op_ParseDN.o
 .debug_aranges
                0x000000006e30c810       0x30 ../build/x64_Debug/TEST_op_ParseX.o
 .debug_aranges
                0x000000006e30c840       0x30 ../build/x64_Debug/TEST_op_Pow.o
 .debug_aranges
                0x000000006e30c870       0x30 ../build/x64_Debug/TEST_op_Shift.o
 .debug_aranges
                0x000000006e30c8a0       0x30 ../build/x64_Debug/TEST_op_Subtruct.o
 .debug_aranges
                0x000000006e30c8d0       0x30 ../build/x64_Debug/TEST_op_ToStringD.o
 .debug_aranges
                0x000000006e30c900       0x30 ../build/x64_Debug/TEST_op_ToStringN.o
 .debug_aranges
                0x000000006e30c930       0x30 ../build/x64_Debug/TEST_op_ToStringX.o

.zdebug_aranges
 *(.zdebug_aranges)

.debug_pubnames
 *(.debug_pubnames)

.zdebug_pubnames
 *(.zdebug_pubnames)

.debug_pubtypes
 *(.debug_pubtypes)

.zdebug_pubtypes
 *(.zdebug_pubtypes)

.debug_info     0x000000006e30d000   0x1d5400
 *(.debug_info .gnu.linkonce.wi.*)
 .debug_info    0x000000006e30d000     0x511f ../build/x64_Debug/cpuid.o
 .debug_info    0x000000006e31211f     0x5f5c ../build/x64_Debug/debug.o
 .debug_info    0x000000006e31807b     0x4d73 ../build/x64_Debug/dllmain.o
 .debug_info    0x000000006e31cdee     0x5fa5 ../build/x64_Debug/INTERNALTEST_op_DivRem.o
 .debug_info    0x000000006e322d93     0x5e9a ../build/x64_Debug/INTERNALTEST_op_Multiply.o
 .debug_info    0x000000006e328c2d     0x60b6 ../build/x64_Debug/pmc_add.o
 .debug_info    0x000000006e32ece3     0x52e9 ../build/x64_Debug/pmc_bitwiseand.o
 .debug_info    0x000000006e333fcc     0x5667 ../build/x64_Debug/pmc_bitwiseor.o
 .debug_info    0x000000006e339633     0x503c ../build/x64_Debug/pmc_bytes.o
 .debug_info    0x000000006e33e66f     0x4ec0 ../build/x64_Debug/pmc_clone.o
 .debug_info    0x000000006e34352f     0x5336 ../build/x64_Debug/pmc_compare.o
 .debug_info    0x000000006e348865     0x74ff ../build/x64_Debug/pmc_divrem.o
 .debug_info    0x000000006e34fd64     0x52ff ../build/x64_Debug/pmc_equals.o
 .debug_info    0x000000006e355063     0x56bb ../build/x64_Debug/pmc_exclusiveor.o
 .debug_info    0x000000006e35a71e     0x50c0 ../build/x64_Debug/pmc_from.o
 .debug_info    0x000000006e35f7de     0x4f29 ../build/x64_Debug/pmc_getpropertyvalue.o
 .debug_info    0x000000006e364707     0x59e1 ../build/x64_Debug/pmc_greatestcommondivisor.o
 .debug_info    0x000000006e36a0e8     0x5df7 ../build/x64_Debug/pmc_initialize.o
 .debug_info    0x000000006e36fedf     0x5ee0 ../build/x64_Debug/pmc_memory.o
 .debug_info    0x000000006e375dbf     0x564a ../build/x64_Debug/pmc_modpow.o
 .debug_info    0x000000006e37b409     0x6297 ../build/x64_Debug/pmc_multiply.o
 .debug_info    0x000000006e3816a0     0x6967 ../build/x64_Debug/pmc_parse.o
 .debug_info    0x000000006e388007     0x5362 ../build/x64_Debug/pmc_pow.o
 .debug_info    0x000000006e38d369     0x5755 ../build/x64_Debug/pmc_shift.o
 .debug_info    0x000000006e392abe     0x4d17 ../build/x64_Debug/pmc_statistics.o
 .debug_info    0x000000006e3977d5     0x59fd ../build/x64_Debug/pmc_subtruct.o
 .debug_info    0x000000006e39d1d2     0x4f6c ../build/x64_Debug/pmc_to.o
 .debug_info    0x000000006e3a213e     0x6441 ../build/x64_Debug/pmc_tostring.o
 .debug_info    0x000000006e3a857f    0xc0952 ../build/x64_Debug/TEST_autogenerated.o
 .debug_info    0x000000006e468ed1     0x5e66 ../build/x64_Debug/TEST_op_Add.o
 .debug_info    0x000000006e46ed37     0x5dc9 ../build/x64_Debug/TEST_op_BitwiseAnd.o
 .debug_info    0x000000006e474b00     0x5e7e ../build/x64_Debug/TEST_op_BitwiseOr.o
 .debug_info    0x000000006e47a97e     0x5a3e ../build/x64_Debug/TEST_op_Clone.o
 .debug_info    0x000000006e4803bc     0x5cc9 ../build/x64_Debug/TEST_op_Compare.o
 .debug_info    0x000000006e486085     0x5f49 ../build/x64_Debug/TEST_op_DivRem.o
 .debug_info    0x000000006e48bfce     0x5cc3 ../build/x64_Debug/TEST_op_Equals.o
 .debug_info    0x000000006e491c91     0x5e8a ../build/x64_Debug/TEST_op_ExclusiveOr.o
 .debug_info    0x000000006e497b1b     0x5c46 ../build/x64_Debug/TEST_op_From_To.o
 .debug_info    0x000000006e49d761     0x598d ../build/x64_Debug/TEST_op_GetPropertyValue.o
 .debug_info    0x000000006e4a30ee     0x5f23 ../build/x64_Debug/TEST_op_GreatestCommonDivisor.o
 .debug_info    0x000000006e4a9011     0x5afc ../build/x64_Debug/TEST_op_ModPow.o
 .debug_info    0x000000006e4aeb0d     0x5e84 ../build/x64_Debug/TEST_op_Multiply.o
 .debug_info    0x000000006e4b4991     0x5c30 ../build/x64_Debug/TEST_op_ParseDN.o
 .debug_info    0x000000006e4ba5c1     0x5aa9 ../build/x64_Debug/TEST_op_ParseX.o
 .debug_info    0x000000006e4c006a     0x5a70 ../build/x64_Debug/TEST_op_Pow.o
 .debug_info    0x000000006e4c5ada     0x5b23 ../build/x64_Debug/TEST_op_Shift.o
 .debug_info    0x000000006e4cb5fd     0x5e5a ../build/x64_Debug/TEST_op_Subtruct.o
 .debug_info    0x000000006e4d1457     0x5a2b ../build/x64_Debug/TEST_op_ToStringD.o
 .debug_info    0x000000006e4d6e82     0x5a94 ../build/x64_Debug/TEST_op_ToStringN.o
 .debug_info    0x000000006e4dc916     0x5a2b ../build/x64_Debug/TEST_op_ToStringX.o

.zdebug_info
 *(.zdebug_info .zdebug.gnu.linkonce.wi.*)

.debug_abbrev   0x000000006e4e3000     0x7a00
 *(.debug_abbrev)
 .debug_abbrev  0x000000006e4e3000      0x222 ../build/x64_Debug/cpuid.o
 .debug_abbrev  0x000000006e4e3222      0x26c ../build/x64_Debug/debug.o
 .debug_abbrev  0x000000006e4e348e      0x195 ../build/x64_Debug/dllmain.o
 .debug_abbrev  0x000000006e4e3623      0x235 ../build/x64_Debug/INTERNALTEST_op_DivRem.o
 .debug_abbrev  0x000000006e4e3858      0x235 ../build/x64_Debug/INTERNALTEST_op_Multiply.o
 .debug_abbrev  0x000000006e4e3a8d      0x331 ../build/x64_Debug/pmc_add.o
 .debug_abbrev  0x000000006e4e3dbe      0x293 ../build/x64_Debug/pmc_bitwiseand.o
 .debug_abbrev  0x000000006e4e4051      0x33d ../build/x64_Debug/pmc_bitwiseor.o
 .debug_abbrev  0x000000006e4e438e      0x282 ../build/x64_Debug/pmc_bytes.o
 .debug_abbrev  0x000000006e4e4610      0x1b5 ../build/x64_Debug/pmc_clone.o
 .debug_abbrev  0x000000006e4e47c5      0x2ae ../build/x64_Debug/pmc_compare.o
 .debug_abbrev  0x000000006e4e4a73      0x432 ../build/x64_Debug/pmc_divrem.o
 .debug_abbrev  0x000000006e4e4ea5      0x29c ../build/x64_Debug/pmc_equals.o