Archive member included to satisfy reference by file (symbol)

C:/GNU/MINGW64/x86_64-8.1.0-win32-seh-rt_v6-rev0/mingw64/bin/../lib/gcc/x86_64-w64-mingw32/8.1.0/../../../../x86_64-w64-mingw32/lib/../lib/libkernel32.a(dqifs01555.o)
                              ../build/x64_Debug/pmc_parse.o (__imp_lstrlenW)
C:/GNU/MINGW64/x86_64-8.1.0-win32-seh-rt_v6-rev0/mingw64/bin/../lib/gcc/x86_64-w64-mingw32/8.1.0/../../../../x86_64-w64-mingw32/lib/../lib/libkernel32.a(dqifs01549.o)
                              ../build/x64_Debug/pmc_parse.o (__imp_lstrcpyW)
C:/GNU/MINGW64/x86_64-8.1.0-win32-seh-rt_v6-rev0/mingw64/bin/../lib/gcc/x86_64-w64-mingw32/8.1.0/../../../../x86_64-w64-mingw32/lib/../lib/libkernel32.a(dqifs01548.o)
                              ../build/x64_Debug/pmc_parse.o (__imp_lstrcpyA)
C:/GNU/MINGW64/x86_64-8.1.0-win32-seh-rt_v6-rev0/mingw64/bin/../lib/gcc/x86_64-w64-mingw32/8.1.0/../../../../x86_64-w64-mingw32/lib/../lib/libkernel32.a(dqifs01543.o)
                              ../build/x64_Debug/TEST_op_ToStringD.o (__imp_lstrcmpW)
C:/GNU/MINGW64/x86_64-8.1.0-win32-seh-rt_v6-rev0/mingw64/bin/../lib/gcc/x86_64-w64-mingw32/8.1.0/../../../../x86_64-w64-mingw32/lib/../lib/libkernel32.a(dqifs00841.o)
                              ../build/x64_Debug/memory.o (__imp_HeapFree)
C:/GNU/MINGW64/x86_64-8.1.0-win32-seh-rt_v6-rev0/mingw64/bin/../lib/gcc/x86_64-w64-mingw32/8.1.0/../../../../x86_64-w64-mingw32/lib/../lib/libkernel32.a(dqifs00839.o)
                              ../build/x64_Debug/memory.o (__imp_HeapDestroy)
C:/GNU/MINGW64/x86_64-8.1.0-win32-seh-rt_v6-rev0/mingw64/bin/../lib/gcc/x86_64-w64-mingw32/8.1.0/../../../../x86_64-w64-mingw32/lib/../lib/libkernel32.a(dqifs00837.o)
                              ../build/x64_Debug/memory.o (__imp_HeapCreate)
C:/GNU/MINGW64/x86_64-8.1.0-win32-seh-rt_v6-rev0/mingw64/bin/../lib/gcc/x86_64-w64-mingw32/8.1.0/../../../../x86_64-w64-mingw32/lib/../lib/libkernel32.a(dqifs00835.o)
                              ../build/x64_Debug/memory.o (__imp_HeapAlloc)
C:/GNU/MINGW64/x86_64-8.1.0-win32-seh-rt_v6-rev0/mingw64/bin/../lib/gcc/x86_64-w64-mingw32/8.1.0/../../../../x86_64-w64-mingw32/lib/../lib/libkernel32.a(dqifs00774.o)
                              ../build/x64_Debug/memory.o (__imp_GetTickCount)
C:/GNU/MINGW64/x86_64-8.1.0-win32-seh-rt_v6-rev0/mingw64/bin/../lib/gcc/x86_64-w64-mingw32/8.1.0/../../../../x86_64-w64-mingw32/lib/../lib/libkernel32.a(dqifh.o)
                              C:/GNU/MINGW64/x86_64-8.1.0-win32-seh-rt_v6-rev0/mingw64/bin/../lib/gcc/x86_64-w64-mingw32/8.1.0/../../../../x86_64-w64-mingw32/lib/../lib/libkernel32.a(dqifs01555.o) (_head_lib64_libkernel32_a)
C:/GNU/MINGW64/x86_64-8.1.0-win32-seh-rt_v6-rev0/mingw64/bin/../lib/gcc/x86_64-w64-mingw32/8.1.0/../../../../x86_64-w64-mingw32/lib/../lib/libkernel32.a(dqift.o)
                              C:/GNU/MINGW64/x86_64-8.1.0-win32-seh-rt_v6-rev0/mingw64/bin/../lib/gcc/x86_64-w64-mingw32/8.1.0/../../../../x86_64-w64-mingw32/lib/../lib/libkernel32.a(dqifh.o) (__lib64_libkernel32_a_iname)
C:/GNU/MINGW64/x86_64-8.1.0-win32-seh-rt_v6-rev0/mingw64/bin/../lib/gcc/x86_64-w64-mingw32/8.1.0/../../../../x86_64-w64-mingw32/lib/../lib/libuser32.a(dyqes00958.o)
                              ../build/x64_Debug/debug.o (__imp_wsprintfW)
C:/GNU/MINGW64/x86_64-8.1.0-win32-seh-rt_v6-rev0/mingw64/bin/../lib/gcc/x86_64-w64-mingw32/8.1.0/../../../../x86_64-w64-mingw32/lib/../lib/libuser32.a(dyqeh.o)
                              C:/GNU/MINGW64/x86_64-8.1.0-win32-seh-rt_v6-rev0/mingw64/bin/../lib/gcc/x86_64-w64-mingw32/8.1.0/../../../../x86_64-w64-mingw32/lib/../lib/libuser32.a(dyqes00958.o) (_head_lib64_libuser32_a)
C:/GNU/MINGW64/x86_64-8.1.0-win32-seh-rt_v6-rev0/mingw64/bin/../lib/gcc/x86_64-w64-mingw32/8.1.0/../../../../x86_64-w64-mingw32/lib/../lib/libuser32.a(dyqet.o)
                              C:/GNU/MINGW64/x86_64-8.1.0-win32-seh-rt_v6-rev0/mingw64/bin/../lib/gcc/x86_64-w64-mingw32/8.1.0/../../../../x86_64-w64-mingw32/lib/../lib/libuser32.a(dyqeh.o) (__lib64_libuser32_a_iname)

Allocating common symbols
Common symbol       size              file

number_one          0x40              ../build/x64_Debug/memory.o
statistics_info     0x10              ../build/x64_Debug/pmc_statistics.o
number_zero         0x40              ../build/x64_Debug/memory.o
hLocalHeap          0x8               ../build/x64_Debug/memory.o
configuration_info  0x4               ../build/x64_Debug/pmc_initialize.o

Discarded input sections

 .drectve       0x0000000000000000       0x14 ../build/x64_Debug/debug.o
 .drectve       0x0000000000000000       0x50 ../build/x64_Debug/memory.o
 .rdata$.refptr.number_zero
                0x0000000000000000       0x10 ../build/x64_Debug/pmc_bitwiseand.o
 .rdata$.refptr.number_zero
                0x0000000000000000       0x10 ../build/x64_Debug/pmc_bitwiseor.o
 .rdata$.refptr.number_zero
                0x0000000000000000       0x10 ../build/x64_Debug/pmc_bytes.o
 .rdata$.refptr.number_zero
[...]
Memory Configuration

Name             Origin             Length             Attributes
*default*        0x0000000000000000 0xffffffffffffffff

Linker script and memory map

                0x000000006ddc0000                __image_base__ = 0x6ddc0000
                0x0000000000000000                __dll__ = 0x0
                0x000000006ddc0000                __ImageBase = 0x6ddc0000
                0x0000000000001000                __section_alignment__ = 0x1000
                0x0000000000000200                __file_alignment__ = 0x200
                0x0000000000000004                __major_os_version__ = 0x4
                0x0000000000000000                __minor_os_version__ = 0x0
                0x0000000000000000                __major_image_version__ = 0x0
                0x0000000000000000                __minor_image_version__ = 0x0
                0x0000000000000005                __major_subsystem_version__ = 0x5
                0x0000000000000002                __minor_subsystem_version__ = 0x2
                0x0000000000000002                __subsystem__ = 0x2
                0x0000000000200000                __size_of_stack_reserve__ = 0x200000
                0x0000000000001000                __size_of_stack_commit__ = 0x1000
                0x0000000000100000                __size_of_heap_reserve__ = 0x100000
                0x0000000000001000                __size_of_heap_commit__ = 0x1000
                0x0000000000000000                __loader_flags__ = 0x0
                0x0000000000000000                __dll_characteristics__ = 0x0
LOAD ../build/x64_Debug/cpuid.o
LOAD ../build/x64_Debug/debug.o
LOAD ../build/x64_Debug/dllmain.o
LOAD ../build/x64_Debug/INTERNALTEST_op_DivRem.o
LOAD ../build/x64_Debug/INTERNALTEST_op_Multiply.o
LOAD ../build/x64_Debug/memory.o
LOAD ../build/x64_Debug/pmc_add.o
LOAD ../build/x64_Debug/pmc_bitwiseand.o
LOAD ../build/x64_Debug/pmc_bitwiseor.o
LOAD ../build/x64_Debug/pmc_bytes.o
LOAD ../build/x64_Debug/pmc_clone.o
LOAD ../build/x64_Debug/pmc_compare.o
LOAD ../build/x64_Debug/pmc_divrem.o
LOAD ../build/x64_Debug/pmc_equals.o
LOAD ../build/x64_Debug/pmc_exclusiveor.o
LOAD ../build/x64_Debug/pmc_from.o
LOAD ../build/x64_Debug/pmc_getpropertyvalue.o
LOAD ../build/x64_Debug/pmc_greatestcommondivisor.o
LOAD ../build/x64_Debug/pmc_initialize.o
LOAD ../build/x64_Debug/pmc_modpow.o
LOAD ../build/x64_Debug/pmc_multiply.o
LOAD ../build/x64_Debug/pmc_parse.o
LOAD ../build/x64_Debug/pmc_pow.o
LOAD ../build/x64_Debug/pmc_shift.o
LOAD ../build/x64_Debug/pmc_statistics.o
LOAD ../build/x64_Debug/pmc_subtruct.o
LOAD ../build/x64_Debug/pmc_to.o
LOAD ../build/x64_Debug/pmc_tostring.o
LOAD ../build/x64_Debug/TEST_autogenerated.o
LOAD ../build/x64_Debug/TEST_op_Add.o
LOAD ../build/x64_Debug/TEST_op_BitwiseAnd.o
LOAD ../build/x64_Debug/TEST_op_BitwiseOr.o
LOAD ../build/x64_Debug/TEST_op_Clone.o
LOAD ../build/x64_Debug/TEST_op_Compare.o
LOAD ../build/x64_Debug/TEST_op_DivRem.o
LOAD ../build/x64_Debug/TEST_op_Equals.o
LOAD ../build/x64_Debug/TEST_op_ExclusiveOr.o
LOAD ../build/x64_Debug/TEST_op_From_To.o
LOAD ../build/x64_Debug/TEST_op_GetPropertyValue.o
LOAD ../build/x64_Debug/TEST_op_GreatestCommonDivisor.o
LOAD ../build/x64_Debug/TEST_op_ModPow.o
LOAD ../build/x64_Debug/TEST_op_Multiply.o
LOAD ../build/x64_Debug/TEST_op_ParseDN.o
LOAD ../build/x64_Debug/TEST_op_ParseX.o
LOAD ../build/x64_Debug/TEST_op_Pow.o
LOAD ../build/x64_Debug/TEST_op_Shift.o
LOAD ../build/x64_Debug/TEST_op_Subtruct.o
LOAD ../build/x64_Debug/TEST_op_ToStringD.o
LOAD ../build/x64_Debug/TEST_op_ToStringN.o
LOAD ../build/x64_Debug/TEST_op_ToStringX.o
LOAD ../build/x64_Debug/version.o
LOAD C:/GNU/MINGW64/x86_64-8.1.0-win32-seh-rt_v6-rev0/mingw64/bin/../lib/gcc/x86_64-w64-mingw32/8.1.0/../../../../x86_64-w64-mingw32/lib/../lib/libkernel32.a
LOAD C:/GNU/MINGW64/x86_64-8.1.0-win32-seh-rt_v6-rev0/mingw64/bin/../lib/gcc/x86_64-w64-mingw32/8.1.0/../../../../x86_64-w64-mingw32/lib/../lib/libuser32.a
                0x0000000000000430                . = SIZEOF_HEADERS
                0x0000000000001000                . = ALIGN (__section_alignment__)

.text           0x000000006ddc1000   0x46c200
 *(.init)
 *(.text)
 .text          0x000000006ddc1000      0x340 ../build/x64_Debug/cpuid.o
                0x000000006ddc116d                GetCPUInfo
 .text          0x000000006ddc1340      0x3c0 ../build/x64_Debug/debug.o
                0x000000006ddc144f                DoDebug
                0x000000006ddc154f                TEST_Assert
                0x000000006ddc15c1                FormatTestLabel
                0x000000006ddc1601                FormatTestMesssage
                0x000000006ddc1637                DumpBinary_UNIT
 .text          0x000000006ddc1700       0x70 ../build/x64_Debug/dllmain.o
                0x000000006ddc1700                DllMain
 .text          0x000000006ddc1770      0x5a0 ../build/x64_Debug/INTERNALTEST_op_DivRem.o
                0x000000006ddc1831                INTERNALTEST_DivRem_X_X
 .text          0x000000006ddc1d10      0x350 ../build/x64_Debug/INTERNALTEST_op_Multiply.o
                0x000000006ddc1df7                INTERNALTEST_Multiply_X_X_Imp
 .text          0x000000006ddc2060     0x18a0 ../build/x64_Debug/memory.o
                0x000000006ddc2c10                AllocateBlock
                0x000000006ddc2d4c                DeallocateBlock
                0x000000006ddc2ea2                CheckBlockLight
                0x000000006ddc3150                AttatchNumber
                0x000000006ddc319d                AllocateNumber
                0x000000006ddc322d                DetatchNumber
                0x000000006ddc3261                DeallocateNumber
                0x000000006ddc33c2                CommitNumber
                0x000000006ddc35d3                CheckNumber
                0x000000006ddc366a                DuplicateNumber
                0x000000006ddc3743                PMC_Dispose
                0x000000006ddc3782                Initialize_Memory
                0x000000006ddc3860                AllocateHeapArea
                0x000000006ddc38af                DeallocateHeapArea
 .text          0x000000006ddc3900     0x1a30 ../build/x64_Debug/pmc_add.o
                0x000000006ddc4cde                PMC_Add_I_X
                0x000000006ddc4d73                PMC_Add_X_I
                0x000000006ddc4f8e                PMC_Add_L_X
                0x000000006ddc5025                PMC_Add_X_L
                0x000000006ddc50b9                PMC_Add_X_X
                0x000000006ddc52ed                Initialize_Add
 .text          0x000000006ddc5330      0xea0 ../build/x64_Debug/pmc_bitwiseand.o
                0x000000006ddc5d4a                PMC_BitwiseAnd_I_X
                0x000000006ddc5de7                PMC_BitwiseAnd_X_I
                0x000000006ddc5e84                PMC_BitwiseAnd_L_X
                0x000000006ddc5f27                PMC_BitwiseAnd_X_L
                0x000000006ddc5fca                PMC_BitwiseAnd_X_X
                0x000000006ddc61b9                Initialize_BitwiseAnd
 .text          0x000000006ddc61d0     0x1350 ../build/x64_Debug/pmc_bitwiseor.o
                0x000000006ddc6f50                PMC_BitwiseOr_I_X
                0x000000006ddc6fe5                PMC_BitwiseOr_X_I
                0x000000006ddc71d6                PMC_BitwiseOr_L_X
                0x000000006ddc726d                PMC_BitwiseOr_X_L
                0x000000006ddc7301                PMC_BitwiseOr_X_X
                0x000000006ddc7511                Initialize_BitwiseOr
 .text          0x000000006ddc7520      0x310 ../build/x64_Debug/pmc_bytes.o
                0x000000006ddc7654                PMC_FromByteArray
                0x000000006ddc7743                PMC_ToByteArray
 .text          0x000000006ddc7830       0xd0 ../build/x64_Debug/pmc_clone.o
                0x000000006ddc7830                PMC_Clone_X
                0x000000006ddc78f1                Initialize_Clone
 .text          0x000000006ddc7900      0x620 ../build/x64_Debug/pmc_compare.o
                0x000000006ddc7963                Compare_Imp
                0x000000006ddc7adb                PMC_Compare_I_X
                0x000000006ddc7b52                PMC_Compare_X_I
                0x000000006ddc7cbf                PMC_Compare_L_X
                0x000000006ddc7d38                PMC_Compare_X_L
                0x000000006ddc7daa                PMC_Compare_X_X
                0x000000006ddc7f05                Initialize_Compare
 .text          0x000000006ddc7f20     0x5090 ../build/x64_Debug/pmc_divrem.o
                0x000000006ddc8de4                DivRem_X_X
                0x000000006ddc8f0d                DivRem_X_1W
                0x000000006ddcc25c                PMC_DivRem_I_X
                0x000000006ddcc3b7                PMC_DivRem_X_I
                0x000000006ddcc5f0                PMC_DivRem_L_X
                0x000000006ddcc79f                PMC_DivRem_X_L
                0x000000006ddcc9fe                PMC_DivRem_X_X
                0x000000006ddccf6a                Initialize_DivRem
 .text          0x000000006ddccfb0      0x550 ../build/x64_Debug/pmc_equals.o
                0x000000006ddcd013                Equals_X_X
                0x000000006ddcd113                PMC_Equals_I_X
                0x000000006ddcd18b                PMC_Equals_X_I
                0x000000006ddcd2b9                PMC_Equals_L_X
                0x000000006ddcd333                PMC_Equals_X_L
                0x000000006ddcd3aa                PMC_Equals_X_X
                0x000000006ddcd4e3                Initialize_Equals
 .text          0x000000006ddcd500     0x1400 ../build/x64_Debug/pmc_exclusiveor.o
                0x000000006ddce2b2                PMC_ExclusiveOr_I_X
                0x000000006ddce34f                PMC_ExclusiveOr_X_I
                0x000000006ddce57d                PMC_ExclusiveOr_L_X
                0x000000006ddce61c                PMC_ExclusiveOr_X_L
                0x000000006ddce6bb                PMC_ExclusiveOr_X_X
                0x000000006ddce8f1                Initialize_ExclusiveOr
 .text          0x000000006ddce900      0x250 ../build/x64_Debug/pmc_from.o
                0x000000006ddce963                From_I_Imp
                0x000000006ddce9cf                From_L_Imp
                0x000000006ddcea49                PMC_From_I
                0x000000006ddceabe                PMC_From_L
                0x000000006ddceb36                Initialize_From
 .text          0x000000006ddceb50      0x110 ../build/x64_Debug/pmc_getpropertyvalue.o
                0x000000006ddceb50                PMC_GetPropertyValue_X_I
                0x000000006ddcec51                Initialize_GetPropertyValue
 .text          0x000000006ddcec60     0x1080 ../build/x64_Debug/pmc_greatestcommondivisor.o
                0x000000006ddcf256                PMC_GreatestCommonDivisor_I_X
                0x000000006ddcf2eb                PMC_GreatestCommonDivisor_X_I
                0x000000006ddcf76d                PMC_GreatestCommonDivisor_L_X
                0x000000006ddcf804                PMC_GreatestCommonDivisor_X_L
                0x000000006ddcf898                PMC_GreatestCommonDivisor_X_X
                0x000000006ddcfcce                Initialize_GreatestCommonDivisor
 .text          0x000000006ddcfce0      0x6b0 ../build/x64_Debug/pmc_initialize.o
                0x000000006ddcfce0                PMC_Initialize
 .text          0x000000006ddd0390     0x1340 ../build/x64_Debug/pmc_modpow.o
                0x000000006ddd15bf                PMC_ModPow_X_X_X
                0x000000006ddd16bd                Initialize_ModPow
 .text          0x000000006ddd16d0     0x2650 ../build/x64_Debug/pmc_multiply.o
                0x000000006ddd1928                Multiply_X_X_Imp
                0x000000006ddd3669                PMC_Multiply_I_X
                0x000000006ddd36fe                PMC_Multiply_X_I
                0x000000006ddd391d                PMC_Multiply_L_X
                0x000000006ddd39b4                PMC_Multiply_X_L
                0x000000006ddd3a48                PMC_Multiply_X_X
                0x000000006ddd3c99                Initialize_Multiply
 .text          0x000000006ddd3d20     0x3610 ../build/x64_Debug/pmc_parse.o
                0x000000006ddd7160                PMC_TryParse
                0x000000006ddd725f                Initialize_Parse
 .text          0x000000006ddd7330      0x590 ../build/x64_Debug/pmc_pow.o
                0x000000006ddd7820                PMC_Pow_X_I
                0x000000006ddd78b1                Initialize_Pow
 .text          0x000000006ddd78c0     0x5070 ../build/x64_Debug/pmc_shift.o
                0x000000006ddd7a46                RightShift_Imp
                0x000000006ddd8c68                RightShift_Imp_DIV
                0x000000006ddd9e8a                LeftShift_Imp
                0x000000006dddb0a2                LeftShift_Imp_DIV
                0x000000006dddc2ba                PMC_RightShift_X_I
                0x000000006dddc460                PMC_RightShift_X_L
                0x000000006dddc605                PMC_LeftShift_X_I
                0x000000006dddc78c                PMC_LeftShift_X_L
                0x000000006dddc917                Initialize_Shift
 .text          0x000000006dddc930       0x50 ../build/x64_Debug/pmc_statistics.o
                0x000000006dddc930                PMC_GetStatisticsInfo
 .text          0x000000006dddc980     0x1210 ../build/x64_Debug/pmc_subtruct.o
                0x000000006dddd10a                Subtruct_Imp
                0x000000006dddd2e8                PMC_Subtruct_I_X
                0x000000006dddd40c                PMC_Subtruct_X_I
                0x000000006dddd618                PMC_Subtruct_L_X
                0x000000006dddd73f                PMC_Subtruct_X_L
                0x000000006dddd94e                PMC_Subtruct_X_X
                0x000000006ddddb7a                Initialize_Subtruct
 .text          0x000000006ddddb90      0x190 ../build/x64_Debug/pmc_to.o
                0x000000006ddddbac                PMC_To_X_I
                0x000000006ddddc2c                PMC_To_X_L
                0x000000006ddddd10                Initialize_To
 .text          0x000000006ddddd20     0x1b20 ../build/x64_Debug/pmc_tostring.o
                0x000000006dddf615                PMC_ToString
                0x000000006dddf7aa                Initialize_ToString
 .text          0x000000006dddf840   0x444500 ../build/x64_Debug/TEST_autogenerated.o
                0x000000006dddf840                TEST_autogenerated
 .text          0x000000006e223d40      0xc90 ../build/x64_Debug/TEST_op_Add.o
                0x000000006e223d9b                TEST_PMC_Add_I_X
                0x000000006e223feb                TEST_PMC_Add_L_X
                0x000000006e22423c                TEST_PMC_Add_X_I
                0x000000006e22448c                TEST_PMC_Add_X_L
                0x000000006e2246e0                TEST_PMC_Add_X_X
 .text          0x000000006e2249d0      0x830 ../build/x64_Debug/TEST_op_BitwiseAnd.o
                0x000000006e224a2b                TEST_PMC_BitwiseAnd_I_X
                0x000000006e224b60                TEST_PMC_BitwiseAnd_L_X
                0x000000006e224c98                TEST_PMC_BitwiseAnd_X_I
                0x000000006e224dcd                TEST_PMC_BitwiseAnd_X_L
                0x000000006e224f05                TEST_PMC_BitwiseAnd_X_X
 .text          0x000000006e225200      0xca0 ../build/x64_Debug/TEST_op_BitwiseOr.o
                0x000000006e22525b                TEST_PMC_BitwiseOr_I_X
                0x000000006e2254ae                TEST_PMC_BitwiseOr_L_X
                0x000000006e225702                TEST_PMC_BitwiseOr_X_I
                0x000000006e225955                TEST_PMC_BitwiseOr_X_L
                0x000000006e225ba9                TEST_PMC_BitwiseOr_X_X
 .text          0x000000006e225ea0      0x2b0 ../build/x64_Debug/TEST_op_Clone.o
                0x000000006e225efb                TEST_PMC_Clone_X
 .text          0x000000006e226150      0x690 ../build/x64_Debug/TEST_op_Compare.o
                0x000000006e226150                TEST_PMC_Compare_I_X
                0x000000006e226285                TEST_PMC_Compare_L_X
                0x000000006e2263bb                TEST_PMC_Compare_X_I
                0x000000006e2264f0                TEST_PMC_Compare_X_L
                0x000000006e226626                TEST_PMC_Compare_X_X
 .text          0x000000006e2267e0      0xcc0 ../build/x64_Debug/TEST_op_DivRem.o
                0x000000006e22683b                TEST_PMC_DivRem_I_X
                0x000000006e2269b5                TEST_PMC_DivRem_L_X
                0x000000006e226b34                TEST_PMC_DivRem_X_I
                0x000000006e226ddf                TEST_PMC_DivRem_X_L
                0x000000006e22708d                TEST_PMC_DivRem_X_X
 .text          0x000000006e2274a0      0x690 ../build/x64_Debug/TEST_op_Equals.o
                0x000000006e2274a0                TEST_PMC_Equals_I_X
                0x000000006e2275d5                TEST_PMC_Equals_L_X
                0x000000006e22770b                TEST_PMC_Equals_X_I
                0x000000006e227840                TEST_PMC_Equals_X_L
                0x000000006e227976                TEST_PMC_Equals_X_X
 .text          0x000000006e227b30      0xca0 ../build/x64_Debug/TEST_op_ExclusiveOr.o
                0x000000006e227b8b                TEST_PMC_ExclusiveOr_I_X
                0x000000006e227dde                TEST_PMC_ExclusiveOr_L_X
                0x000000006e228032                TEST_PMC_ExclusiveOr_X_I
                0x000000006e228285                TEST_PMC_ExclusiveOr_X_L
                0x000000006e2284d9                TEST_PMC_ExclusiveOr_X_X
 .text          0x000000006e2287d0      0x640 ../build/x64_Debug/TEST_op_From_To.o
                0x000000006e22882b                TEST_PMC_From_I
                0x000000006e2289dd                TEST_PMC_From_L
                0x000000006e228b90                TEST_PMC_To_X_I
                0x000000006e228ccb                TEST_PMC_To_X_L
 .text          0x000000006e228e10      0x140 ../build/x64_Debug/TEST_op_GetPropertyValue.o
                0x000000006e228e10                TEST_PMC_GetPropertyValue_X_I
 .text          0x000000006e228f50      0xd00 ../build/x64_Debug/TEST_op_GreatestCommonDivisor.o
                0x000000006e228fab                TEST_PMC_GreatestCommonDivisor_I_X
                0x000000006e229210                TEST_PMC_GreatestCommonDivisor_L_X
                0x000000006e229476                TEST_PMC_GreatestCommonDivisor_X_I
                0x000000006e2296db                TEST_PMC_GreatestCommonDivisor_X_L
                0x000000006e229941                TEST_PMC_GreatestCommonDivisor_X_X
 .text          0x000000006e229c50      0x410 ../build/x64_Debug/TEST_op_ModPow.o
                0x000000006e229cab                TEST_PMC_ModPow_X_X_X
 .text          0x000000006e22a060      0xca0 ../build/x64_Debug/TEST_op_Multiply.o
                0x000000006e22a0bb                TEST_PMC_Multiply_I_X
                0x000000006e22a30e                TEST_PMC_Multiply_L_X
                0x000000006e22a562                TEST_PMC_Multiply_X_I
                0x000000006e22a7b5                TEST_PMC_Multiply_X_L
                0x000000006e22aa09                TEST_PMC_Multiply_X_X
 .text          0x000000006e22ad00      0x450 ../build/x64_Debug/TEST_op_ParseDN.o
                0x000000006e22ad5b                TEST_PMC_ParseDN1
                0x000000006e22af4b                TEST_PMC_ParseDN2
 .text          0x000000006e22b150      0x260 ../build/x64_Debug/TEST_op_ParseX.o
                0x000000006e22b1ab                TEST_PMC_ParseX
 .text          0x000000006e22b3b0      0x240 ../build/x64_Debug/TEST_op_Pow.o
                0x000000006e22b40b                TEST_PMC_Pow_X_I
 .text          0x000000006e22b5f0      0x9d0 ../build/x64_Debug/TEST_op_Shift.o
                0x000000006e22b64b                TEST_PMC_RightShift_X_I
                0x000000006e22b89e                TEST_PMC_RightShift_X_L
                0x000000006e22baff                TEST_PMC_LeftShift_X_I
                0x000000006e22bd52                TEST_PMC_LeftShift_X_L
 .text          0x000000006e22bfc0      0xab0 ../build/x64_Debug/TEST_op_Subtruct.o
                0x000000006e22c01b                TEST_PMC_Subtruct_I_X
                0x000000006e22c158                TEST_PMC_Subtruct_L_X
                0x000000006e22c298                TEST_PMC_Subtruct_X_I
                0x000000006e22c4fd                TEST_PMC_Subtruct_X_L
                0x000000006e22c763                TEST_PMC_Subtruct_X_X
 .text          0x000000006e22ca70      0x200 ../build/x64_Debug/TEST_op_ToStringD.o
                0x000000006e22ca70                TEST_PMC_ToStringD
 .text          0x000000006e22cc70      0x1f0 ../build/x64_Debug/TEST_op_ToStringN.o
                0x000000006e22cc70                TEST_PMC_ToStringN
 .text          0x000000006e22ce60      0x200 ../build/x64_Debug/TEST_op_ToStringX.o
                0x000000006e22ce60                TEST_PMC_ToStringX
 .text          0x000000006e22d060        0x8 C:/GNU/MINGW64/x86_64-8.1.0-win32-seh-rt_v6-rev0/mingw64/bin/../lib/gcc/x86_64-w64-mingw32/8.1.0/../../../../x86_64-w64-mingw32/lib/../lib/libkernel32.a(dqifs01555.o)
                0x000000006e22d060                lstrlenW
 .text          0x000000006e22d068        0x8 C:/GNU/MINGW64/x86_64-8.1.0-win32-seh-rt_v6-rev0/mingw64/bin/../lib/gcc/x86_64-w64-mingw32/8.1.0/../../../../x86_64-w64-mingw32/lib/../lib/libkernel32.a(dqifs01549.o)
                0x000000006e22d068                lstrcpyW
 .text          0x000000006e22d070        0x8 C:/GNU/MINGW64/x86_64-8.1.0-win32-seh-rt_v6-rev0/mingw64/bin/../lib/gcc/x86_64-w64-mingw32/8.1.0/../../../../x86_64-w64-mingw32/lib/../lib/libkernel32.a(dqifs01548.o)
                0x000000006e22d070                lstrcpyA
 .text          0x000000006e22d078        0x8 C:/GNU/MINGW64/x86_64-8.1.0-win32-seh-rt_v6-rev0/mingw64/bin/../lib/gcc/x86_64-w64-mingw32/8.1.0/../../../../x86_64-w64-mingw32/lib/../lib/libkernel32.a(dqifs01543.o)
                0x000000006e22d078                lstrcmpW
 .text          0x000000006e22d080        0x8 C:/GNU/MINGW64/x86_64-8.1.0-win32-seh-rt_v6-rev0/mingw64/bin/../lib/gcc/x86_64-w64-mingw32/8.1.0/../../../../x86_64-w64-mingw32/lib/../lib/libkernel32.a(dqifs00841.o)
                0x000000006e22d080                HeapFree
 .text          0x000000006e22d088        0x8 C:/GNU/MINGW64/x86_64-8.1.0-win32-seh-rt_v6-rev0/mingw64/bin/../lib/gcc/x86_64-w64-mingw32/8.1.0/../../../../x86_64-w64-mingw32/lib/../lib/libkernel32.a(dqifs00839.o)
                0x000000006e22d088                HeapDestroy
 .text          0x000000006e22d090        0x8 C:/GNU/MINGW64/x86_64-8.1.0-win32-seh-rt_v6-rev0/mingw64/bin/../lib/gcc/x86_64-w64-mingw32/8.1.0/../../../../x86_64-w64-mingw32/lib/../lib/libkernel32.a(dqifs00837.o)
                0x000000006e22d090                HeapCreate
 .text          0x000000006e22d098        0x8 C:/GNU/MINGW64/x86_64-8.1.0-win32-seh-rt_v6-rev0/mingw64/bin/../lib/gcc/x86_64-w64-mingw32/8.1.0/../../../../x86_64-w64-mingw32/lib/../lib/libkernel32.a(dqifs00835.o)
                0x000000006e22d098                HeapAlloc
 .text          0x000000006e22d0a0        0x8 C:/GNU/MINGW64/x86_64-8.1.0-win32-seh-rt_v6-rev0/mingw64/bin/../lib/gcc/x86_64-w64-mingw32/8.1.0/../../../../x86_64-w64-mingw32/lib/../lib/libkernel32.a(dqifs00774.o)
                0x000000006e22d0a0                GetTickCount
 *fill*         0x000000006e22d0a8        0x8 
 .text          0x000000006e22d0b0        0x0 C:/GNU/MINGW64/x86_64-8.1.0-win32-seh-rt_v6-rev0/mingw64/bin/../lib/gcc/x86_64-w64-mingw32/8.1.0/../../../../x86_64-w64-mingw32/lib/../lib/libkernel32.a(dqifh.o)
 .text          0x000000006e22d0b0        0x0 C:/GNU/MINGW64/x86_64-8.1.0-win32-seh-rt_v6-rev0/mingw64/bin/../lib/gcc/x86_64-w64-mingw32/8.1.0/../../../../x86_64-w64-mingw32/lib/../lib/libkernel32.a(dqift.o)
 .text          0x000000006e22d0b0        0x8 C:/GNU/MINGW64/x86_64-8.1.0-win32-seh-rt_v6-rev0/mingw64/bin/../lib/gcc/x86_64-w64-mingw32/8.1.0/../../../../x86_64-w64-mingw32/lib/../lib/libuser32.a(dyqes00958.o)
                0x000000006e22d0b0                wsprintfW
 *fill*         0x000000006e22d0b8        0x8 
 .text          0x000000006e22d0c0        0x0 C:/GNU/MINGW64/x86_64-8.1.0-win32-seh-rt_v6-rev0/mingw64/bin/../lib/gcc/x86_64-w64-mingw32/8.1.0/../../../../x86_64-w64-mingw32/lib/../lib/libuser32.a(dyqeh.o)
 .text          0x000000006e22d0c0        0x0 C:/GNU/MINGW64/x86_64-8.1.0-win32-seh-rt_v6-rev0/mingw64/bin/../lib/gcc/x86_64-w64-mingw32/8.1.0/../../../../x86_64-w64-mingw32/lib/../lib/libuser32.a(dyqet.o)
 *(SORT_BY_NAME(.text$*))
 *(.text.*)
 *(.gnu.linkonce.t.*)
 *(.glue_7t)
 *(.glue_7)
                0x000000006e22d0c0                . = ALIGN (0x8)
                0x000000006e22d0c0                ___CTOR_LIST__ = .
                0x000000006e22d0c0                __CTOR_LIST__ = .
                0x000000006e22d0c0        0x4 LONG 0xffffffffffffffff
                0x000000006e22d0c4        0x4 LONG 0xffffffffffffffff
 *(.ctors)
 *(.ctor)
 *(SORT_BY_NAME(.ctors.*))
                0x000000006e22d0c8        0x4 LONG 0x0
                0x000000006e22d0cc        0x4 LONG 0x0
                0x000000006e22d0d0                ___DTOR_LIST__ = .
                0x000000006e22d0d0                __DTOR_LIST__ = .
                0x000000006e22d0d0        0x4 LONG 0xffffffffffffffff
                0x000000006e22d0d4        0x4 LONG 0xffffffffffffffff
 *(.dtors)
 *(.dtor)
 *(SORT_BY_NAME(.dtors.*))
                0x000000006e22d0d8        0x4 LONG 0x0
                0x000000006e22d0dc        0x4 LONG 0x0
 *(.fini)
 *(.gcc_exc)
                [!provide]                        PROVIDE (etext = .)
 *(.gcc_except_table)

.data           0x000000006e22e000    0x68000
                0x000000006e22e000                __data_start__ = .
 *(.data)
 .data          0x000000006e22e000        0x0 ../build/x64_Debug/cpuid.o
 .data          0x000000006e22e000        0x0 ../build/x64_Debug/debug.o
 .data          0x000000006e22e000        0x0 ../build/x64_Debug/dllmain.o
 .data          0x000000006e22e000        0x0 ../build/x64_Debug/INTERNALTEST_op_DivRem.o
 .data          0x000000006e22e000        0x0 ../build/x64_Debug/INTERNALTEST_op_Multiply.o
 .data          0x000000006e22e000        0x0 ../build/x64_Debug/memory.o
 .data          0x000000006e22e000        0x0 ../build/x64_Debug/pmc_add.o
 .data          0x000000006e22e000        0x0 ../build/x64_Debug/pmc_bitwiseand.o
 .data          0x000000006e22e000        0x0 ../build/x64_Debug/pmc_bitwiseor.o
 .data          0x000000006e22e000        0x0 ../build/x64_Debug/pmc_bytes.o
 .data          0x000000006e22e000        0x0 ../build/x64_Debug/pmc_clone.o
 .data          0x000000006e22e000        0x0 ../build/x64_Debug/pmc_compare.o
 .data          0x000000006e22e000        0x0 ../build/x64_Debug/pmc_divrem.o
 .data          0x000000006e22e000        0x0 ../build/x64_Debug/pmc_equals.o
 .data          0x000000006e22e000        0x0 ../build/x64_Debug/pmc_exclusiveor.o
 .data          0x000000006e22e000        0x0 ../build/x64_Debug/pmc_from.o
 .data          0x000000006e22e000        0x0 ../build/x64_Debug/pmc_getpropertyvalue.o
 .data          0x000000006e22e000        0x0 ../build/x64_Debug/pmc_greatestcommondivisor.o
 .data          0x000000006e22e000        0x0 ../build/x64_Debug/pmc_initialize.o
 .data          0x000000006e22e000        0x0 ../build/x64_Debug/pmc_modpow.o
 .data          0x000000006e22e000        0x0 ../build/x64_Debug/pmc_multiply.o
 .data          0x000000006e22e000        0x0 ../build/x64_Debug/pmc_parse.o
 .data          0x000000006e22e000        0x0 ../build/x64_Debug/pmc_pow.o
 .data          0x000000006e22e000        0x0 ../build/x64_Debug/pmc_shift.o
 .data          0x000000006e22e000        0x0 ../build/x64_Debug/pmc_statistics.o
 .data          0x000000006e22e000        0x0 ../build/x64_Debug/pmc_subtruct.o
 .data          0x000000006e22e000        0x0 ../build/x64_Debug/pmc_to.o
 .data          0x000000006e22e000       0xa0 ../build/x64_Debug/pmc_tostring.o
 .data          0x000000006e22e0a0    0x67d80 ../build/x64_Debug/TEST_autogenerated.o
 .data          0x000000006e295e20        0x0 ../build/x64_Debug/TEST_op_Add.o
 .data          0x000000006e295e20        0x0 ../build/x64_Debug/TEST_op_BitwiseAnd.o
 .data          0x000000006e295e20        0x0 ../build/x64_Debug/TEST_op_BitwiseOr.o
 .data          0x000000006e295e20        0x0 ../build/x64_Debug/TEST_op_Clone.o
 .data          0x000000006e295e20        0x0 ../build/x64_Debug/TEST_op_Compare.o
 .data          0x000000006e295e20        0x0 ../build/x64_Debug/TEST_op_DivRem.o
 .data          0x000000006e295e20        0x0 ../build/x64_Debug/TEST_op_Equals.o
 .data          0x000000006e295e20        0x0 ../build/x64_Debug/TEST_op_ExclusiveOr.o
 .data          0x000000006e295e20        0x0 ../build/x64_Debug/TEST_op_From_To.o
 .data          0x000000006e295e20        0x0 ../build/x64_Debug/TEST_op_GetPropertyValue.o
 .data          0x000000006e295e20        0x0 ../build/x64_Debug/TEST_op_GreatestCommonDivisor.o
 .data          0x000000006e295e20        0x0 ../build/x64_Debug/TEST_op_ModPow.o
 .data          0x000000006e295e20        0x0 ../build/x64_Debug/TEST_op_Multiply.o
 .data          0x000000006e295e20        0x0 ../build/x64_Debug/TEST_op_ParseDN.o
 .data          0x000000006e295e20        0x0 ../build/x64_Debug/TEST_op_ParseX.o
 .data          0x000000006e295e20        0x0 ../build/x64_Debug/TEST_op_Pow.o
 .data          0x000000006e295e20        0x0 ../build/x64_Debug/TEST_op_Shift.o
 .data          0x000000006e295e20        0x0 ../build/x64_Debug/TEST_op_Subtruct.o
 .data          0x000000006e295e20        0x0 ../build/x64_Debug/TEST_op_ToStringD.o
 .data          0x000000006e295e20        0x0 ../build/x64_Debug/TEST_op_ToStringN.o
 .data          0x000000006e295e20        0x0 ../build/x64_Debug/TEST_op_ToStringX.o
 .data          0x000000006e295e20        0x0 C:/GNU/MINGW64/x86_64-8.1.0-win32-seh-rt_v6-rev0/mingw64/bin/../lib/gcc/x86_64-w64-mingw32/8.1.0/../../../../x86_64-w64-mingw32/lib/../lib/libkernel32.a(dqifs01555.o)
 .data          0x000000006e295e20        0x0 C:/GNU/MINGW64/x86_64-8.1.0-win32-seh-rt_v6-rev0/mingw64/bin/../lib/gcc/x86_64-w64-mingw32/8.1.0/../../../../x86_64-w64-mingw32/lib/../lib/libkernel32.a(dqifs01549.o)
 .data          0x000000006e295e20        0x0 C:/GNU/MINGW64/x86_64-8.1.0-win32-seh-rt_v6-rev0/mingw64/bin/../lib/gcc/x86_64-w64-mingw32/8.1.0/../../../../x86_64-w64-mingw32/lib/../lib/libkernel32.a(dqifs01548.o)
 .data          0x000000006e295e20        0x0 C:/GNU/MINGW64/x86_64-8.1.0-win32-seh-rt_v6-rev0/mingw64/bin/../lib/gcc/x86_64-w64-mingw32/8.1.0/../../../../x86_64-w64-mingw32/lib/../lib/libkernel32.a(dqifs01543.o)
 .data          0x000000006e295e20        0x0 C:/GNU/MINGW64/x86_64-8.1.0-win32-seh-rt_v6-rev0/mingw64/bin/../lib/gcc/x86_64-w64-mingw32/8.1.0/../../../../x86_64-w64-mingw32/lib/../lib/libkernel32.a(dqifs00841.o)
 .data          0x000000006e295e20        0x0 C:/GNU/MINGW64/x86_64-8.1.0-win32-seh-rt_v6-rev0/mingw64/bin/../lib/gcc/x86_64-w64-mingw32/8.1.0/../../../../x86_64-w64-mingw32/lib/../lib/libkernel32.a(dqifs00839.o)
 .data          0x000000006e295e20        0x0 C:/GNU/MINGW64/x86_64-8.1.0-win32-seh-rt_v6-rev0/mingw64/bin/../lib/gcc/x86_64-w64-mingw32/8.1.0/../../../../x86_64-w64-mingw32/lib/../lib/libkernel32.a(dqifs00837.o)
 .data          0x000000006e295e20        0x0 C:/GNU/MINGW64/x86_64-8.1.0-win32-seh-rt_v6-rev0/mingw64/bin/../lib/gcc/x86_64-w64-mingw32/8.1.0/../../../../x86_64-w64-mingw32/lib/../lib/libkernel32.a(dqifs00835.o)
 .data          0x000000006e295e20        0x0 C:/GNU/MINGW64/x86_64-8.1.0-win32-seh-rt_v6-rev0/mingw64/bin/../lib/gcc/x86_64-w64-mingw32/8.1.0/../../../../x86_64-w64-mingw32/lib/../lib/libkernel32.a(dqifs00774.o)
 .data          0x000000006e295e20        0x0 C:/GNU/MINGW64/x86_64-8.1.0-win32-seh-rt_v6-rev0/mingw64/bin/../lib/gcc/x86_64-w64-mingw32/8.1.0/../../../../x86_64-w64-mingw32/lib/../lib/libkernel32.a(dqifh.o)
 .data          0x000000006e295e20        0x0 C:/GNU/MINGW64/x86_64-8.1.0-win32-seh-rt_v6-rev0/mingw64/bin/../lib/gcc/x86_64-w64-mingw32/8.1.0/../../../../x86_64-w64-mingw32/lib/../lib/libkernel32.a(dqift.o)
 .data          0x000000006e295e20        0x0 C:/GNU/MINGW64/x86_64-8.1.0-win32-seh-rt_v6-rev0/mingw64/bin/../lib/gcc/x86_64-w64-mingw32/8.1.0/../../../../x86_64-w64-mingw32/lib/../lib/libuser32.a(dyqes00958.o)
 .data          0x000000006e295e20        0x0 C:/GNU/MINGW64/x86_64-8.1.0-win32-seh-rt_v6-rev0/mingw64/bin/../lib/gcc/x86_64-w64-mingw32/8.1.0/../../../../x86_64-w64-mingw32/lib/../lib/libuser32.a(dyqeh.o)
 .data          0x000000006e295e20        0x0 C:/GNU/MINGW64/x86_64-8.1.0-win32-seh-rt_v6-rev0/mingw64/bin/../lib/gcc/x86_64-w64-mingw32/8.1.0/../../../../x86_64-w64-mingw32/lib/../lib/libuser32.a(dyqet.o)
 *(.data2)
 *(SORT_BY_NAME(.data$*))
 *(.jcr)
                0x000000006e295e20                __data_end__ = .
 *(.data_cygwin_nocopy)

.rdata          0x000000006e296000    0x5a800
 *(.rdata)
 .rdata         0x000000006e296000      0x1c0 ../build/x64_Debug/debug.o
 .rdata         0x000000006e2961c0      0x100 ../build/x64_Debug/INTERNALTEST_op_DivRem.o
 .rdata         0x000000006e2962c0       0x80 ../build/x64_Debug/INTERNALTEST_op_Multiply.o
 .rdata         0x000000006e296340       0xf0 ../build/x64_Debug/pmc_parse.o
 .rdata         0x000000006e296430       0xf0 ../build/x64_Debug/pmc_tostring.o
 .rdata         0x000000006e296520    0x56300 ../build/x64_Debug/TEST_autogenerated.o
 .rdata         0x000000006e2ec820      0x2c0 ../build/x64_Debug/TEST_op_Add.o
 .rdata         0x000000006e2ecae0      0x360 ../build/x64_Debug/TEST_op_BitwiseAnd.o
 .rdata         0x000000006e2ece40      0x360 ../build/x64_Debug/TEST_op_BitwiseOr.o
 .rdata         0x000000006e2ed1a0      0x120 ../build/x64_Debug/TEST_op_Clone.o
 .rdata         0x000000006e2ed2c0      0x2c0 ../build/x64_Debug/TEST_op_Compare.o
 .rdata         0x000000006e2ed580      0x320 ../build/x64_Debug/TEST_op_DivRem.o
 .rdata         0x000000006e2ed8a0      0x2c0 ../build/x64_Debug/TEST_op_Equals.o
 .rdata         0x000000006e2edb60      0x360 ../build/x64_Debug/TEST_op_ExclusiveOr.o
 .rdata         0x000000006e2edec0      0x210 ../build/x64_Debug/TEST_op_From_To.o
 .rdata         0x000000006e2ee0d0      0x110 ../build/x64_Debug/TEST_op_GetPropertyValue.o
 .rdata         0x000000006e2ee1e0      0x450 ../build/x64_Debug/TEST_op_GreatestCommonDivisor.o
 .rdata         0x000000006e2ee630      0x130 ../build/x64_Debug/TEST_op_ModPow.o
 .rdata         0x000000006e2ee760      0x330 ../build/x64_Debug/TEST_op_Multiply.o
 .rdata         0x000000006e2eea90      0x120 ../build/x64_Debug/TEST_op_ParseDN.o
 .rdata         0x000000006e2eebb0       0xe0 ../build/x64_Debug/TEST_op_ParseX.o
 .rdata         0x000000006e2eec90      0x120 ../build/x64_Debug/TEST_op_Pow.o
 .rdata         0x000000006e2eedb0      0x2d0 ../build/x64_Debug/TEST_op_Shift.o
 .rdata         0x000000006e2ef080      0x340 ../build/x64_Debug/TEST_op_Subtruct.o
 .rdata         0x000000006e2ef3c0       0xf0 ../build/x64_Debug/TEST_op_ToStringD.o
 .rdata         0x000000006e2ef4b0       0xf0 ../build/x64_Debug/TEST_op_ToStringN.o
 .rdata         0x000000006e2ef5a0       0xf0 ../build/x64_Debug/TEST_op_ToStringX.o
 *(SORT_BY_NAME(.rdata$*))
 .rdata$.refptr.PMC_Add_I_X
                0x000000006e2ef690       0x10 ../build/x64_Debug/pmc_initialize.o
                0x000000006e2ef690                .refptr.PMC_Add_I_X
 .rdata$.refptr.PMC_Add_L_X
                0x000000006e2ef6a0       0x10 ../build/x64_Debug/pmc_initialize.o
                0x000000006e2ef6a0                .refptr.PMC_Add_L_X
 .rdata$.refptr.PMC_Add_X_I
                0x000000006e2ef6b0       0x10 ../build/x64_Debug/pmc_initialize.o
                0x000000006e2ef6b0                .refptr.PMC_Add_X_I
 .rdata$.refptr.PMC_Add_X_L
                0x000000006e2ef6c0       0x10 ../build/x64_Debug/pmc_initialize.o
                0x000000006e2ef6c0                .refptr.PMC_Add_X_L
 .rdata$.refptr.PMC_Add_X_X
                0x000000006e2ef6d0       0x10 ../build/x64_Debug/pmc_initialize.o
                0x000000006e2ef6d0                .refptr.PMC_Add_X_X
 .rdata$.refptr.PMC_BitwiseAnd_I_X
                0x000000006e2ef6e0       0x10 ../build/x64_Debug/pmc_initialize.o
                0x000000006e2ef6e0                .refptr.PMC_BitwiseAnd_I_X
 .rdata$.refptr.PMC_BitwiseAnd_L_X
                0x000000006e2ef6f0       0x10 ../build/x64_Debug/pmc_initialize.o
                0x000000006e2ef6f0                .refptr.PMC_BitwiseAnd_L_X
 .rdata$.refptr.PMC_BitwiseAnd_X_I
                0x000000006e2ef700       0x10 ../build/x64_Debug/pmc_initialize.o
                0x000000006e2ef700                .refptr.PMC_BitwiseAnd_X_I
 .rdata$.refptr.PMC_BitwiseAnd_X_L
                0x000000006e2ef710       0x10 ../build/x64_Debug/pmc_initialize.o
                0x000000006e2ef710                .refptr.PMC_BitwiseAnd_X_L
 .rdata$.refptr.PMC_BitwiseAnd_X_X
                0x000000006e2ef720       0x10 ../build/x64_Debug/pmc_initialize.o
                0x000000006e2ef720                .refptr.PMC_BitwiseAnd_X_X
 .rdata$.refptr.PMC_BitwiseOr_I_X
                0x000000006e2ef730       0x10 ../build/x64_Debug/pmc_initialize.o
                0x000000006e2ef730                .refptr.PMC_BitwiseOr_I_X
 .rdata$.refptr.PMC_BitwiseOr_L_X
                0x000000006e2ef740       0x10 ../build/x64_Debug/pmc_initialize.o
                0x000000006e2ef740                .refptr.PMC_BitwiseOr_L_X
 .rdata$.refptr.PMC_BitwiseOr_X_I
                0x000000006e2ef750       0x10 ../build/x64_Debug/pmc_initialize.o
                0x000000006e2ef750                .refptr.PMC_BitwiseOr_X_I
 .rdata$.refptr.PMC_BitwiseOr_X_L
                0x000000006e2ef760       0x10 ../build/x64_Debug/pmc_initialize.o
                0x000000006e2ef760                .refptr.PMC_BitwiseOr_X_L
 .rdata$.refptr.PMC_BitwiseOr_X_X
                0x000000006e2ef770       0x10 ../build/x64_Debug/pmc_initialize.o
                0x000000006e2ef770                .refptr.PMC_BitwiseOr_X_X
 .rdata$.refptr.PMC_Clone_X
                0x000000006e2ef780       0x10 ../build/x64_Debug/pmc_initialize.o
                0x000000006e2ef780                .refptr.PMC_Clone_X
 .rdata$.refptr.PMC_Compare_I_X
                0x000000006e2ef790       0x10 ../build/x64_Debug/pmc_initialize.o
                0x000000006e2ef790                .refptr.PMC_Compare_I_X
 .rdata$.refptr.PMC_Compare_L_X
                0x000000006e2ef7a0       0x10 ../build/x64_Debug/pmc_initialize.o
                0x000000006e2ef7a0                .refptr.PMC_Compare_L_X
 .rdata$.refptr.PMC_Compare_X_I
                0x000000006e2ef7b0       0x10 ../build/x64_Debug/pmc_initialize.o
                0x000000006e2ef7b0                .refptr.PMC_Compare_X_I
 .rdata$.refptr.PMC_Compare_X_L
                0x000000006e2ef7c0       0x10 ../build/x64_Debug/pmc_initialize.o
                0x000000006e2ef7c0                .refptr.PMC_Compare_X_L
 .rdata$.refptr.PMC_Compare_X_X
                0x000000006e2ef7d0       0x10 ../build/x64_Debug/pmc_initialize.o
                0x000000006e2ef7d0                .refptr.PMC_Compare_X_X
 .rdata$.refptr.PMC_Dispose
                0x000000006e2ef7e0       0x10 ../build/x64_Debug/pmc_initialize.o
                0x000000006e2ef7e0                .refptr.PMC_Dispose
 .rdata$.refptr.PMC_DivRem_I_X
                0x000000006e2ef7f0       0x10 ../build/x64_Debug/pmc_initialize.o
                0x000000006e2ef7f0                .refptr.PMC_DivRem_I_X
 .rdata$.refptr.PMC_DivRem_L_X
                0x000000006e2ef800       0x10 ../build/x64_Debug/pmc_initialize.o
                0x000000006e2ef800                .refptr.PMC_DivRem_L_X
 .rdata$.refptr.PMC_DivRem_X_I
                0x000000006e2ef810       0x10 ../build/x64_Debug/pmc_initialize.o
                0x000000006e2ef810                .refptr.PMC_DivRem_X_I
 .rdata$.refptr.PMC_DivRem_X_L
                0x000000006e2ef820       0x10 ../build/x64_Debug/pmc_initialize.o
                0x000000006e2ef820                .refptr.PMC_DivRem_X_L
 .rdata$.refptr.PMC_DivRem_X_X
                0x000000006e2ef830       0x10 ../build/x64_Debug/pmc_initialize.o
                0x000000006e2ef830                .refptr.PMC_DivRem_X_X
 .rdata$.refptr.PMC_Equals_I_X
                0x000000006e2ef840       0x10 ../build/x64_Debug/pmc_initialize.o
                0x000000006e2ef840                .refptr.PMC_Equals_I_X
 .rdata$.refptr.PMC_Equals_L_X
                0x000000006e2ef850       0x10 ../build/x64_Debug/pmc_initialize.o
                0x000000006e2ef850                .refptr.PMC_Equals_L_X
 .rdata$.refptr.PMC_Equals_X_I
                0x000000006e2ef860       0x10 ../build/x64_Debug/pmc_initialize.o
                0x000000006e2ef860                .refptr.PMC_Equals_X_I
 .rdata$.refptr.PMC_Equals_X_L
                0x000000006e2ef870       0x10 ../build/x64_Debug/pmc_initialize.o
                0x000000006e2ef870                .refptr.PMC_Equals_X_L
 .rdata$.refptr.PMC_Equals_X_X
                0x000000006e2ef880       0x10 ../build/x64_Debug/pmc_initialize.o
                0x000000006e2ef880                .refptr.PMC_Equals_X_X
 .rdata$.refptr.PMC_ExclusiveOr_I_X
                0x000000006e2ef890       0x10 ../build/x64_Debug/pmc_initialize.o
                0x000000006e2ef890                .refptr.PMC_ExclusiveOr_I_X
 .rdata$.refptr.PMC_ExclusiveOr_L_X
                0x000000006e2ef8a0       0x10 ../build/x64_Debug/pmc_initialize.o
                0x000000006e2ef8a0                .refptr.PMC_ExclusiveOr_L_X
 .rdata$.refptr.PMC_ExclusiveOr_X_I
                0x000000006e2ef8b0       0x10 ../build/x64_Debug/pmc_initialize.o
                0x000000006e2ef8b0                .refptr.PMC_ExclusiveOr_X_I
 .rdata$.refptr.PMC_ExclusiveOr_X_L
                0x000000006e2ef8c0       0x10 ../build/x64_Debug/pmc_initialize.o
                0x000000006e2ef8c0                .refptr.PMC_ExclusiveOr_X_L
 .rdata$.refptr.PMC_ExclusiveOr_X_X
                0x000000006e2ef8d0       0x10 ../build/x64_Debug/pmc_initialize.o
                0x000000006e2ef8d0                .refptr.PMC_ExclusiveOr_X_X
 .rdata$.refptr.PMC_FromByteArray
                0x000000006e2ef8e0       0x10 ../build/x64_Debug/pmc_initialize.o
                0x000000006e2ef8e0                .refptr.PMC_FromByteArray
 .rdata$.refptr.PMC_From_I
                0x000000006e2ef8f0       0x10 ../build/x64_Debug/pmc_initialize.o
                0x000000006e2ef8f0                .refptr.PMC_From_I
 .rdata$.refptr.PMC_From_L
                0x000000006e2ef900       0x10 ../build/x64_Debug/pmc_initialize.o
                0x000000006e2ef900                .refptr.PMC_From_L
 .rdata$.refptr.PMC_GetPropertyValue_X_I
                0x000000006e2ef910       0x10 ../build/x64_Debug/pmc_initialize.o
                0x000000006e2ef910                .refptr.PMC_GetPropertyValue_X_I
 .rdata$.refptr.PMC_GetStatisticsInfo
                0x000000006e2ef920       0x10 ../build/x64_Debug/pmc_initialize.o
                0x000000006e2ef920                .refptr.PMC_GetStatisticsInfo
 .rdata$.refptr.PMC_GreatestCommonDivisor_I_X
                0x000000006e2ef930       0x10 ../build/x64_Debug/pmc_initialize.o
                0x000000006e2ef930                .refptr.PMC_GreatestCommonDivisor_I_X
 .rdata$.refptr.PMC_GreatestCommonDivisor_L_X
                0x000000006e2ef940       0x10 ../build/x64_Debug/pmc_initialize.o
                0x000000006e2ef940                .refptr.PMC_GreatestCommonDivisor_L_X
 .rdata$.refptr.PMC_GreatestCommonDivisor_X_I
                0x000000006e2ef950       0x10 ../build/x64_Debug/pmc_initialize.o
                0x000000006e2ef950                .refptr.PMC_GreatestCommonDivisor_X_I
 .rdata$.refptr.PMC_GreatestCommonDivisor_X_L
                0x000000006e2ef960       0x10 ../build/x64_Debug/pmc_initialize.o
                0x000000006e2ef960                .refptr.PMC_GreatestCommonDivisor_X_L
 .rdata$.refptr.PMC_GreatestCommonDivisor_X_X
                0x000000006e2ef970       0x10 ../build/x64_Debug/pmc_initialize.o
                0x000000006e2ef970                .refptr.PMC_GreatestCommonDivisor_X_X
 .rdata$.refptr.PMC_LeftShift_X_I
                0x000000006e2ef980       0x10 ../build/x64_Debug/pmc_initialize.o
                0x000000006e2ef980                .refptr.PMC_LeftShift_X_I
 .rdata$.refptr.PMC_LeftShift_X_L
                0x000000006e2ef990       0x10 ../build/x64_Debug/pmc_initialize.o
                0x000000006e2ef990                .refptr.PMC_LeftShift_X_L
 .rdata$.refptr.PMC_ModPow_X_X_X
                0x000000006e2ef9a0       0x10 ../build/x64_Debug/pmc_initialize.o
                0x000000006e2ef9a0                .refptr.PMC_ModPow_X_X_X
 .rdata$.refptr.PMC_Multiply_I_X
                0x000000006e2ef9b0       0x10 ../build/x64_Debug/pmc_initialize.o
                0x000000006e2ef9b0                .refptr.PMC_Multiply_I_X
 .rdata$.refptr.PMC_Multiply_L_X
                0x000000006e2ef9c0       0x10 ../build/x64_Debug/pmc_initialize.o
                0x000000006e2ef9c0                .refptr.PMC_Multiply_L_X
 .rdata$.refptr.PMC_Multiply_X_I
                0x000000006e2ef9d0       0x10 ../build/x64_Debug/pmc_initialize.o
                0x000000006e2ef9d0                .refptr.PMC_Multiply_X_I
 .rdata$.refptr.PMC_Multiply_X_L
                0x000000006e2ef9e0       0x10 ../build/x64_Debug/pmc_initialize.o
                0x000000006e2ef9e0                .refptr.PMC_Multiply_X_L
 .rdata$.refptr.PMC_Multiply_X_X
                0x000000006e2ef9f0       0x10 ../build/x64_Debug/pmc_initialize.o
                0x000000006e2ef9f0                .refptr.PMC_Multiply_X_X
 .rdata$.refptr.PMC_Pow_X_I
                0x000000006e2efa00       0x10 ../build/x64_Debug/pmc_initialize.o
                0x000000006e2efa00                .refptr.PMC_Pow_X_I
 .rdata$.refptr.PMC_RightShift_X_I
                0x000000006e2efa10       0x10 ../build/x64_Debug/pmc_initialize.o
                0x000000006e2efa10                .refptr.PMC_RightShift_X_I
 .rdata$.refptr.PMC_RightShift_X_L
                0x000000006e2efa20       0x10 ../build/x64_Debug/pmc_initialize.o
                0x000000006e2efa20                .refptr.PMC_RightShift_X_L
 .rdata$.refptr.PMC_Subtruct_I_X
                0x000000006e2efa30       0x10 ../build/x64_Debug/pmc_initialize.o
                0x000000006e2efa30                .refptr.PMC_Subtruct_I_X
 .rdata$.refptr.PMC_Subtruct_L_X
                0x000000006e2efa40       0x10 ../build/x64_Debug/pmc_initialize.o
                0x000000006e2efa40                .refptr.PMC_Subtruct_L_X
 .rdata$.refptr.PMC_Subtruct_X_I
                0x000000006e2efa50       0x10 ../build/x64_Debug/pmc_initialize.o
                0x000000006e2efa50                .refptr.PMC_Subtruct_X_I
 .rdata$.refptr.PMC_Subtruct_X_L
                0x000000006e2efa60       0x10 ../build/x64_Debug/pmc_initialize.o
                0x000000006e2efa60                .refptr.PMC_Subtruct_X_L
 .rdata$.refptr.PMC_Subtruct_X_X
                0x000000006e2efa70       0x10 ../build/x64_Debug/pmc_initialize.o
                0x000000006e2efa70                .refptr.PMC_Subtruct_X_X
 .rdata$.refptr.PMC_ToByteArray
                0x000000006e2efa80       0x10 ../build/x64_Debug/pmc_initialize.o
                0x000000006e2efa80                .refptr.PMC_ToByteArray
 .rdata$.refptr.PMC_ToString
                0x000000006e2efa90       0x10 ../build/x64_Debug/pmc_initialize.o
                0x000000006e2efa90                .refptr.PMC_ToString
 .rdata$.refptr.PMC_To_X_I
                0x000000006e2efaa0       0x10 ../build/x64_Debug/pmc_initialize.o
                0x000000006e2efaa0                .refptr.PMC_To_X_I
 .rdata$.refptr.PMC_To_X_L
                0x000000006e2efab0       0x10 ../build/x64_Debug/pmc_initialize.o
                0x000000006e2efab0                .refptr.PMC_To_X_L
 .rdata$.refptr.PMC_TryParse
                0x000000006e2efac0       0x10 ../build/x64_Debug/pmc_initialize.o
                0x000000006e2efac0                .refptr.PMC_TryParse
 .rdata$.refptr.configuration_info
                0x000000006e2efad0       0x10 ../build/x64_Debug/memory.o
                0x000000006e2efad0                .refptr.configuration_info
 .rdata$.refptr.number_one
                0x000000006e2efae0       0x10 ../build/x64_Debug/pmc_modpow.o
                0x000000006e2efae0                .refptr.number_one
 .rdata$.refptr.number_zero
                0x000000006e2efaf0       0x10 ../build/x64_Debug/pmc_add.o
                0x000000006e2efaf0                .refptr.number_zero
 .rdata$.refptr.statistics_info
                0x000000006e2efb00       0x10 ../build/x64_Debug/pmc_divrem.o
                0x000000006e2efb00                .refptr.statistics_info
 .rdata$zzz     0x000000006e2efb10       0x40 ../build/x64_Debug/cpuid.o
 .rdata$zzz     0x000000006e2efb50       0x40 ../build/x64_Debug/debug.o
 .rdata$zzz     0x000000006e2efb90       0x40 ../build/x64_Debug/dllmain.o
 .rdata$zzz     0x000000006e2efbd0       0x40 ../build/x64_Debug/INTERNALTEST_op_DivRem.o
 .rdata$zzz     0x000000006e2efc10       0x40 ../build/x64_Debug/INTERNALTEST_op_Multiply.o
 .rdata$zzz     0x000000006e2efc50       0x40 ../build/x64_Debug/memory.o
 .rdata$zzz     0x000000006e2efc90       0x40 ../build/x64_Debug/pmc_add.o
 .rdata$zzz     0x000000006e2efcd0       0x40 ../build/x64_Debug/pmc_bitwiseand.o
 .rdata$zzz     0x000000006e2efd10       0x40 ../build/x64_Debug/pmc_bitwiseor.o
 .rdata$zzz     0x000000006e2efd50       0x40 ../build/x64_Debug/pmc_bytes.o
 .rdata$zzz     0x000000006e2efd90       0x40 ../build/x64_Debug/pmc_clone.o
 .rdata$zzz     0x000000006e2efdd0       0x40 ../build/x64_Debug/pmc_compare.o
 .rdata$zzz     0x000000006e2efe10       0x40 ../build/x64_Debug/pmc_divrem.o
 .rdata$zzz     0x000000006e2efe50       0x40 ../build/x64_Debug/pmc_equals.o
 .rdata$zzz     0x000000006e2efe90       0x40 ../build/x64_Debug/pmc_exclusiveor.o
 .rdata$zzz     0x000000006e2efed0       0x40 ../build/x64_Debug/pmc_from.o
 .rdata$zzz     0x000000006e2eff10       0x40 ../build/x64_Debug/pmc_getpropertyvalue.o
 .rdata$zzz     0x000000006e2eff50       0x40 ../build/x64_Debug/pmc_greatestcommondivisor.o
 .rdata$zzz     0x000000006e2eff90       0x40 ../build/x64_Debug/pmc_initialize.o
 .rdata$zzz     0x000000006e2effd0       0x40 ../build/x64_Debug/pmc_modpow.o
 .rdata$zzz     0x000000006e2f0010       0x40 ../build/x64_Debug/pmc_multiply.o
 .rdata$zzz     0x000000006e2f0050       0x40 ../build/x64_Debug/pmc_parse.o
 .rdata$zzz     0x000000006e2f0090       0x40 ../build/x64_Debug/pmc_pow.o
 .rdata$zzz     0x000000006e2f00d0       0x40 ../build/x64_Debug/pmc_shift.o
 .rdata$zzz     0x000000006e2f0110       0x40 ../build/x64_Debug/pmc_statistics.o
 .rdata$zzz     0x000000006e2f0150       0x40 ../build/x64_Debug/pmc_subtruct.o
 .rdata$zzz     0x000000006e2f0190       0x40 ../build/x64_Debug/pmc_to.o
 .rdata$zzz     0x000000006e2f01d0       0x40 ../build/x64_Debug/pmc_tostring.o
 .rdata$zzz     0x000000006e2f0210       0x40 ../build/x64_Debug/TEST_autogenerated.o
 .rdata$zzz     0x000000006e2f0250       0x40 ../build/x64_Debug/TEST_op_Add.o
 .rdata$zzz     0x000000006e2f0290       0x40 ../build/x64_Debug/TEST_op_BitwiseAnd.o
 .rdata$zzz     0x000000006e2f02d0       0x40 ../build/x64_Debug/TEST_op_BitwiseOr.o
 .rdata$zzz     0x000000006e2f0310       0x40 ../build/x64_Debug/TEST_op_Clone.o
 .rdata$zzz     0x000000006e2f0350       0x40 ../build/x64_Debug/TEST_op_Compare.o
 .rdata$zzz     0x000000006e2f0390       0x40 ../build/x64_Debug/TEST_op_DivRem.o
 .rdata$zzz     0x000000006e2f03d0       0x40 ../build/x64_Debug/TEST_op_Equals.o
 .rdata$zzz     0x000000006e2f0410       0x40 ../build/x64_Debug/TEST_op_ExclusiveOr.o
 .rdata$zzz     0x000000006e2f0450       0x40 ../build/x64_Debug/TEST_op_From_To.o
 .rdata$zzz     0x000000006e2f0490       0x40 ../build/x64_Debug/TEST_op_GetPropertyValue.o
 .rdata$zzz     0x000000006e2f04d0       0x40 ../build/x64_Debug/TEST_op_GreatestCommonDivisor.o
 .rdata$zzz     0x000000006e2f0510       0x40 ../build/x64_Debug/TEST_op_ModPow.o
 .rdata$zzz     0x000000006e2f0550       0x40 ../build/x64_Debug/TEST_op_Multiply.o
 .rdata$zzz     0x000000006e2f0590       0x40 ../build/x64_Debug/TEST_op_ParseDN.o
 .rdata$zzz     0x000000006e2f05d0       0x40 ../build/x64_Debug/TEST_op_ParseX.o
 .rdata$zzz     0x000000006e2f0610       0x40 ../build/x64_Debug/TEST_op_Pow.o
 .rdata$zzz     0x000000006e2f0650       0x40 ../build/x64_Debug/TEST_op_Shift.o
 .rdata$zzz     0x000000006e2f0690       0x40 ../build/x64_Debug/TEST_op_Subtruct.o
 .rdata$zzz     0x000000006e2f06d0       0x40 ../build/x64_Debug/TEST_op_ToStringD.o
 .rdata$zzz     0x000000006e2f0710       0x40 ../build/x64_Debug/TEST_op_ToStringN.o
 .rdata$zzz     0x000000006e2f0750       0x40 ../build/x64_Debug/TEST_op_ToStringX.o
                0x000000006e2f0790                __rt_psrelocs_start = .
 *(.rdata_runtime_pseudo_reloc)
                0x000000006e2f0790                __rt_psrelocs_end = .
                0x0000000000000000                __rt_psrelocs_size = (__rt_psrelocs_end - __rt_psrelocs_start)
                0x000000006e2f0790                ___RUNTIME_PSEUDO_RELOC_LIST_END__ = .
                0x000000006e2f0790                __RUNTIME_PSEUDO_RELOC_LIST_END__ = .
                0x000000006e2f0790                ___RUNTIME_PSEUDO_RELOC_LIST__ = (. - __rt_psrelocs_size)
                0x000000006e2f0790                __RUNTIME_PSEUDO_RELOC_LIST__ = (. - __rt_psrelocs_size)

.eh_frame
 *(.eh_frame*)

.pdata          0x000000006e2f1000     0x1600
 *(.pdata*)
 .pdata         0x000000006e2f1000       0x30 ../build/x64_Debug/cpuid.o
 .pdata         0x000000006e2f1030       0x60 ../build/x64_Debug/debug.o
 .pdata         0x000000006e2f1090        0xc ../build/x64_Debug/dllmain.o
 .pdata         0x000000006e2f109c       0x24 ../build/x64_Debug/INTERNALTEST_op_DivRem.o
 .pdata         0x000000006e2f10c0       0x30 ../build/x64_Debug/INTERNALTEST_op_Multiply.o
 .pdata         0x000000006e2f10f0      0x168 ../build/x64_Debug/memory.o
 .pdata         0x000000006e2f1258      0x150 ../build/x64_Debug/pmc_add.o
 .pdata         0x000000006e2f13a8       0x6c ../build/x64_Debug/pmc_bitwiseand.o
 .pdata         0x000000006e2f1414       0xb4 ../build/x64_Debug/pmc_bitwiseor.o
 .pdata         0x000000006e2f14c8       0x48 ../build/x64_Debug/pmc_bytes.o
 .pdata         0x000000006e2f1510       0x18 ../build/x64_Debug/pmc_clone.o
 .pdata         0x000000006e2f1528       0x84 ../build/x64_Debug/pmc_compare.o
 .pdata         0x000000006e2f15ac      0x24c ../build/x64_Debug/pmc_divrem.o
 .pdata         0x000000006e2f17f8       0x84 ../build/x64_Debug/pmc_equals.o
 .pdata         0x000000006e2f187c       0xb4 ../build/x64_Debug/pmc_exclusiveor.o
 .pdata         0x000000006e2f1930       0x54 ../build/x64_Debug/pmc_from.o
 .pdata         0x000000006e2f1984       0x18 ../build/x64_Debug/pmc_getpropertyvalue.o
 .pdata         0x000000006e2f199c       0xc0 ../build/x64_Debug/pmc_greatestcommondivisor.o
 .pdata         0x000000006e2f1a5c        0xc ../build/x64_Debug/pmc_initialize.o
 .pdata         0x000000006e2f1a68       0x84 ../build/x64_Debug/pmc_modpow.o
 .pdata         0x000000006e2f1aec      0x144 ../build/x64_Debug/pmc_multiply.o
 .pdata         0x000000006e2f1c30      0x18c ../build/x64_Debug/pmc_parse.o
 .pdata         0x000000006e2f1dbc       0x54 ../build/x64_Debug/pmc_pow.o
 .pdata         0x000000006e2f1e10       0x9c ../build/x64_Debug/pmc_shift.o
 .pdata         0x000000006e2f1eac        0xc ../build/x64_Debug/pmc_statistics.o
 .pdata         0x000000006e2f1eb8       0xd8 ../build/x64_Debug/pmc_subtruct.o
 .pdata         0x000000006e2f1f90       0x30 ../build/x64_Debug/pmc_to.o
 .pdata         0x000000006e2f1fc0      0x108 ../build/x64_Debug/pmc_tostring.o
 .pdata         0x000000006e2f20c8        0xc ../build/x64_Debug/TEST_autogenerated.o
 .pdata         0x000000006e2f20d4       0x48 ../build/x64_Debug/TEST_op_Add.o
 .pdata         0x000000006e2f211c       0x48 ../build/x64_Debug/TEST_op_BitwiseAnd.o
 .pdata         0x000000006e2f2164       0x48 ../build/x64_Debug/TEST_op_BitwiseOr.o
 .pdata         0x000000006e2f21ac       0x18 ../build/x64_Debug/TEST_op_Clone.o
 .pdata         0x000000006e2f21c4       0x3c ../build/x64_Debug/TEST_op_Compare.o
 .pdata         0x000000006e2f2200       0x48 ../build/x64_Debug/TEST_op_DivRem.o
 .pdata         0x000000006e2f2248       0x3c ../build/x64_Debug/TEST_op_Equals.o
 .pdata         0x000000006e2f2284       0x48 ../build/x64_Debug/TEST_op_ExclusiveOr.o
 .pdata         0x000000006e2f22cc       0x3c ../build/x64_Debug/TEST_op_From_To.o
 .pdata         0x000000006e2f2308        0xc ../build/x64_Debug/TEST_op_GetPropertyValue.o
 .pdata         0x000000006e2f2314       0x48 ../build/x64_Debug/TEST_op_GreatestCommonDivisor.o
 .pdata         0x000000006e2f235c       0x18 ../build/x64_Debug/TEST_op_ModPow.o
 .pdata         0x000000006e2f2374       0x48 ../build/x64_Debug/TEST_op_Multiply.o
 .pdata         0x000000006e2f23bc       0x24 ../build/x64_Debug/TEST_op_ParseDN.o
 .pdata         0x000000006e2f23e0       0x18 ../build/x64_Debug/TEST_op_ParseX.o
 .pdata         0x000000006e2f23f8       0x18 ../build/x64_Debug/TEST_op_Pow.o
 .pdata         0x000000006e2f2410       0x3c ../build/x64_Debug/TEST_op_Shift.o
 .pdata         0x000000006e2f244c       0x48 ../build/x64_Debug/TEST_op_Subtruct.o
 .pdata         0x000000006e2f2494        0xc ../build/x64_Debug/TEST_op_ToStringD.o
 .pdata         0x000000006e2f24a0        0xc ../build/x64_Debug/TEST_op_ToStringN.o
 .pdata         0x000000006e2f24ac        0xc ../build/x64_Debug/TEST_op_ToStringX.o

.xdata          0x000000006e2f3000     0x1600
 *(.xdata*)
 .xdata         0x000000006e2f3000       0x30 ../build/x64_Debug/cpuid.o
 .xdata         0x000000006e2f3030       0x60 ../build/x64_Debug/debug.o
 .xdata         0x000000006e2f3090        0xc ../build/x64_Debug/dllmain.o
 .xdata         0x000000006e2f309c       0x28 ../build/x64_Debug/INTERNALTEST_op_DivRem.o
 .xdata         0x000000006e2f30c4       0x30 ../build/x64_Debug/INTERNALTEST_op_Multiply.o
 .xdata         0x000000006e2f30f4      0x164 ../build/x64_Debug/memory.o
 .xdata         0x000000006e2f3258      0x120 ../build/x64_Debug/pmc_add.o
 .xdata         0x000000006e2f3378       0x60 ../build/x64_Debug/pmc_bitwiseand.o
 .xdata         0x000000006e2f33d8       0xb0 ../build/x64_Debug/pmc_bitwiseor.o
 .xdata         0x000000006e2f3488       0x48 ../build/x64_Debug/pmc_bytes.o
 .xdata         0x000000006e2f34d0       0x14 ../build/x64_Debug/pmc_clone.o
 .xdata         0x000000006e2f34e4       0x7c ../build/x64_Debug/pmc_compare.o
 .xdata         0x000000006e2f3560      0x224 ../build/x64_Debug/pmc_divrem.o
 .xdata         0x000000006e2f3784       0x7c ../build/x64_Debug/pmc_equals.o
 .xdata         0x000000006e2f3800       0xb0 ../build/x64_Debug/pmc_exclusiveor.o
 .xdata         0x000000006e2f38b0       0x50 ../build/x64_Debug/pmc_from.o
 .xdata         0x000000006e2f3900       0x14 ../build/x64_Debug/pmc_getpropertyvalue.o
 .xdata         0x000000006e2f3914       0xc0 ../build/x64_Debug/pmc_greatestcommondivisor.o
 .xdata         0x000000006e2f39d4        0xc ../build/x64_Debug/pmc_initialize.o
 .xdata         0x000000006e2f39e0       0x80 ../build/x64_Debug/pmc_modpow.o
 .xdata         0x000000006e2f3a60      0x140 ../build/x64_Debug/pmc_multiply.o
 .xdata         0x000000006e2f3ba0      0x178 ../build/x64_Debug/pmc_parse.o
 .xdata         0x000000006e2f3d18       0x54 ../build/x64_Debug/pmc_pow.o
 .xdata         0x000000006e2f3d6c       0xa0 ../build/x64_Debug/pmc_shift.o
 .xdata         0x000000006e2f3e0c        0x8 ../build/x64_Debug/pmc_statistics.o
 .xdata         0x000000006e2f3e14       0xc0 ../build/x64_Debug/pmc_subtruct.o
 .xdata         0x000000006e2f3ed4       0x28 ../build/x64_Debug/pmc_to.o
 .xdata         0x000000006e2f3efc      0x104 ../build/x64_Debug/pmc_tostring.o
 .xdata         0x000000006e2f4000       0x18 ../build/x64_Debug/TEST_autogenerated.o
 .xdata         0x000000006e2f4018       0x58 ../build/x64_Debug/TEST_op_Add.o
 .xdata         0x000000006e2f4070       0x58 ../build/x64_Debug/TEST_op_BitwiseAnd.o
 .xdata         0x000000006e2f40c8       0x58 ../build/x64_Debug/TEST_op_BitwiseOr.o
 .xdata         0x000000006e2f4120       0x18 ../build/x64_Debug/TEST_op_Clone.o
 .xdata         0x000000006e2f4138       0x50 ../build/x64_Debug/TEST_op_Compare.o
 .xdata         0x000000006e2f4188       0x58 ../build/x64_Debug/TEST_op_DivRem.o
 .xdata         0x000000006e2f41e0       0x50 ../build/x64_Debug/TEST_op_Equals.o
 .xdata         0x000000006e2f4230       0x58 ../build/x64_Debug/TEST_op_ExclusiveOr.o
 .xdata         0x000000006e2f4288       0x48 ../build/x64_Debug/TEST_op_From_To.o
 .xdata         0x000000006e2f42d0       0x10 ../build/x64_Debug/TEST_op_GetPropertyValue.o
 .xdata         0x000000006e2f42e0       0x58 ../build/x64_Debug/TEST_op_GreatestCommonDivisor.o
 .xdata         0x000000006e2f4338       0x18 ../build/x64_Debug/TEST_op_ModPow.o
 .xdata         0x000000006e2f4350       0x58 ../build/x64_Debug/TEST_op_Multiply.o
 .xdata         0x000000006e2f43a8       0x28 ../build/x64_Debug/TEST_op_ParseDN.o
 .xdata         0x000000006e2f43d0       0x18 ../build/x64_Debug/TEST_op_ParseX.o
 .xdata         0x000000006e2f43e8       0x18 ../build/x64_Debug/TEST_op_Pow.o
 .xdata         0x000000006e2f4400       0x48 ../build/x64_Debug/TEST_op_Shift.o
 .xdata         0x000000006e2f4448       0x58 ../build/x64_Debug/TEST_op_Subtruct.o
 .xdata         0x000000006e2f44a0       0x10 ../build/x64_Debug/TEST_op_ToStringD.o
 .xdata         0x000000006e2f44b0       0x10 ../build/x64_Debug/TEST_op_ToStringN.o
 .xdata         0x000000006e2f44c0       0x10 ../build/x64_Debug/TEST_op_ToStringX.o

.bss            0x000000006e2f5000    0x17640
                0x000000006e2f5000                __bss_start__ = .
 *(.bss)
 .bss           0x000000006e2f5000        0x0 ../build/x64_Debug/cpuid.o
 .bss           0x000000006e2f5000      0x420 ../build/x64_Debug/debug.o
                0x000000006e2f5000                test_total_count
                0x000000006e2f5004                test_ok_count
                0x000000006e2f5008                __DEBUG_LOG
 .bss           0x000000006e2f5420        0x0 ../build/x64_Debug/dllmain.o
 .bss           0x000000006e2f5420        0x0 ../build/x64_Debug/INTERNALTEST_op_DivRem.o
 .bss           0x000000006e2f5420        0x0 ../build/x64_Debug/INTERNALTEST_op_Multiply.o
 .bss           0x000000006e2f5420        0x0 ../build/x64_Debug/memory.o
 .bss           0x000000006e2f5420       0x10 ../build/x64_Debug/pmc_add.o
 .bss           0x000000006e2f5430        0x0 ../build/x64_Debug/pmc_bitwiseand.o
 .bss           0x000000006e2f5430        0x0 ../build/x64_Debug/pmc_bitwiseor.o
 .bss           0x000000006e2f5430        0x0 ../build/x64_Debug/pmc_bytes.o
 .bss           0x000000006e2f5430        0x0 ../build/x64_Debug/pmc_clone.o
 .bss           0x000000006e2f5430        0x0 ../build/x64_Debug/pmc_compare.o
 .bss           0x000000006e2f5430       0x10 ../build/x64_Debug/pmc_divrem.o
 .bss           0x000000006e2f5440        0x0 ../build/x64_Debug/pmc_equals.o
 .bss           0x000000006e2f5440        0x0 ../build/x64_Debug/pmc_exclusiveor.o
 .bss           0x000000006e2f5440        0x0 ../build/x64_Debug/pmc_from.o
 .bss           0x000000006e2f5440        0x0 ../build/x64_Debug/pmc_getpropertyvalue.o
 .bss           0x000000006e2f5440        0x0 ../build/x64_Debug/pmc_greatestcommondivisor.o
 .bss           0x000000006e2f5440      0x240 ../build/x64_Debug/pmc_initialize.o
 .bss           0x000000006e2f5680        0x0 ../build/x64_Debug/pmc_modpow.o
 .bss           0x000000006e2f5680       0x20 ../build/x64_Debug/pmc_multiply.o
 .bss           0x000000006e2f56a0       0x40 ../build/x64_Debug/pmc_parse.o
 .bss           0x000000006e2f56e0        0x0 ../build/x64_Debug/pmc_pow.o
 .bss           0x000000006e2f56e0        0x0 ../build/x64_Debug/pmc_shift.o
 .bss           0x000000006e2f56e0        0x0 ../build/x64_Debug/pmc_statistics.o
 .bss           0x000000006e2f56e0        0x0 ../build/x64_Debug/pmc_subtruct.o
 .bss           0x000000006e2f56e0        0x0 ../build/x64_Debug/pmc_to.o
 .bss           0x000000006e2f56e0       0x40 ../build/x64_Debug/pmc_tostring.o
 .bss           0x000000006e2f5720      0xb10 ../build/x64_Debug/TEST_autogenerated.o
 .bss           0x000000006e2f6230        0x0 ../build/x64_Debug/TEST_op_Add.o
 .bss           0x000000006e2f6230        0x0 ../build/x64_Debug/TEST_op_BitwiseAnd.o
 .bss           0x000000006e2f6230        0x0 ../build/x64_Debug/TEST_op_BitwiseOr.o
 .bss           0x000000006e2f6230        0x0 ../build/x64_Debug/TEST_op_Clone.o
 .bss           0x000000006e2f6230        0x0 ../build/x64_Debug/TEST_op_Compare.o
 .bss           0x000000006e2f6230        0x0 ../build/x64_Debug/TEST_op_DivRem.o
 .bss           0x000000006e2f6230        0x0 ../build/x64_Debug/TEST_op_Equals.o
 .bss           0x000000006e2f6230        0x0 ../build/x64_Debug/TEST_op_ExclusiveOr.o
 .bss           0x000000006e2f6230        0x0 ../build/x64_Debug/TEST_op_From_To.o
 .bss           0x000000006e2f6230        0x0 ../build/x64_Debug/TEST_op_GetPropertyValue.o
 .bss           0x000000006e2f6230        0x0 ../build/x64_Debug/TEST_op_GreatestCommonDivisor.o
 .bss           0x000000006e2f6230        0x0 ../build/x64_Debug/TEST_op_ModPow.o
 .bss           0x000000006e2f6230        0x0 ../build/x64_Debug/TEST_op_Multiply.o
 *fill*         0x000000006e2f6230       0x10 
 .bss           0x000000006e2f6240      0x240 ../build/x64_Debug/TEST_op_ParseDN.o
 .bss           0x000000006e2f6480      0x120 ../build/x64_Debug/TEST_op_ParseX.o
 .bss           0x000000006e2f65a0    0x10000 ../build/x64_Debug/TEST_op_Pow.o
 .bss           0x000000006e3065a0        0x0 ../build/x64_Debug/TEST_op_Shift.o
 .bss           0x000000006e3065a0        0x0 ../build/x64_Debug/TEST_op_Subtruct.o
 .bss           0x000000006e3065a0     0x2000 ../build/x64_Debug/TEST_op_ToStringD.o
 .bss           0x000000006e3085a0     0x2000 ../build/x64_Debug/TEST_op_ToStringN.o
 .bss           0x000000006e30a5a0     0x2000 ../build/x64_Debug/TEST_op_ToStringX.o
 .bss           0x000000006e30c5a0        0x0 C:/GNU/MINGW64/x86_64-8.1.0-win32-seh-rt_v6-rev0/mingw64/bin/../lib/gcc/x86_64-w64-mingw32/8.1.0/../../../../x86_64-w64-mingw32/lib/../lib/libkernel32.a(dqifs01555.o)
 .bss           0x000000006e30c5a0        0x0 C:/GNU/MINGW64/x86_64-8.1.0-win32-seh-rt_v6-rev0/mingw64/bin/../lib/gcc/x86_64-w64-mingw32/8.1.0/../../../../x86_64-w64-mingw32/lib/../lib/libkernel32.a(dqifs01549.o)
 .bss           0x000000006e30c5a0        0x0 C:/GNU/MINGW64/x86_64-8.1.0-win32-seh-rt_v6-rev0/mingw64/bin/../lib/gcc/x86_64-w64-mingw32/8.1.0/../../../../x86_64-w64-mingw32/lib/../lib/libkernel32.a(dqifs01548.o)
 .bss           0x000000006e30c5a0        0x0 C:/GNU/MINGW64/x86_64-8.1.0-win32-seh-rt_v6-rev0/mingw64/bin/../lib/gcc/x86_64-w64-mingw32/8.1.0/../../../../x86_64-w64-mingw32/lib/../lib/libkernel32.a(dqifs01543.o)
 .bss           0x000000006e30c5a0        0x0 C:/GNU/MINGW64/x86_64-8.1.0-win32-seh-rt_v6-rev0/mingw64/bin/../lib/gcc/x86_64-w64-mingw32/8.1.0/../../../../x86_64-w64-mingw32/lib/../lib/libkernel32.a(dqifs00841.o)
 .bss           0x000000006e30c5a0        0x0 C:/GNU/MINGW64/x86_64-8.1.0-win32-seh-rt_v6-rev0/mingw64/bin/../lib/gcc/x86_64-w64-mingw32/8.1.0/../../../../x86_64-w64-mingw32/lib/../lib/libkernel32.a(dqifs00839.o)
 .bss           0x000000006e30c5a0        0x0 C:/GNU/MINGW64/x86_64-8.1.0-win32-seh-rt_v6-rev0/mingw64/bin/../lib/gcc/x86_64-w64-mingw32/8.1.0/../../../../x86_64-w64-mingw32/lib/../lib/libkernel32.a(dqifs00837.o)
 .bss           0x000000006e30c5a0        0x0 C:/GNU/MINGW64/x86_64-8.1.0-win32-seh-rt_v6-rev0/mingw64/bin/../lib/gcc/x86_64-w64-mingw32/8.1.0/../../../../x86_64-w64-mingw32/lib/../lib/libkernel32.a(dqifs00835.o)
 .bss           0x000000006e30c5a0        0x0 C:/GNU/MINGW64/x86_64-8.1.0-win32-seh-rt_v6-rev0/mingw64/bin/../lib/gcc/x86_64-w64-mingw32/8.1.0/../../../../x86_64-w64-mingw32/lib/../lib/libkernel32.a(dqifs00774.o)
 .bss           0x000000006e30c5a0        0x0 C:/GNU/MINGW64/x86_64-8.1.0-win32-seh-rt_v6-rev0/mingw64/bin/../lib/gcc/x86_64-w64-mingw32/8.1.0/../../../../x86_64-w64-mingw32/lib/../lib/libkernel32.a(dqifh.o)
 .bss           0x000000006e30c5a0        0x0 C:/GNU/MINGW64/x86_64-8.1.0-win32-seh-rt_v6-rev0/mingw64/bin/../lib/gcc/x86_64-w64-mingw32/8.1.0/../../../../x86_64-w64-mingw32/lib/../lib/libkernel32.a(dqift.o)
 .bss           0x000000006e30c5a0        0x0 C:/GNU/MINGW64/x86_64-8.1.0-win32-seh-rt_v6-rev0/mingw64/bin/../lib/gcc/x86_64-w64-mingw32/8.1.0/../../../../x86_64-w64-mingw32/lib/../lib/libuser32.a(dyqes00958.o)
 .bss           0x000000006e30c5a0        0x0 C:/GNU/MINGW64/x86_64-8.1.0-win32-seh-rt_v6-rev0/mingw64/bin/../lib/gcc/x86_64-w64-mingw32/8.1.0/../../../../x86_64-w64-mingw32/lib/../lib/libuser32.a(dyqeh.o)
 .bss           0x000000006e30c5a0        0x0 C:/GNU/MINGW64/x86_64-8.1.0-win32-seh-rt_v6-rev0/mingw64/bin/../lib/gcc/x86_64-w64-mingw32/8.1.0/../../../../x86_64-w64-mingw32/lib/../lib/libuser32.a(dyqet.o)
 *(COMMON)
 COMMON         0x000000006e30c5a0       0x88 ../build/x64_Debug/memory.o
                0x000000006e30c5a0                number_one
                0x000000006e30c5e0                number_zero
                0x000000006e30c620                hLocalHeap
 COMMON         0x000000006e30c628        0x4 ../build/x64_Debug/pmc_initialize.o
                0x000000006e30c628                configuration_info
 *fill*         0x000000006e30c62c        0x4 
 COMMON         0x000000006e30c630       0x10 ../build/x64_Debug/pmc_statistics.o
                0x000000006e30c630                statistics_info
                0x000000006e30c640                __bss_end__ = .

.edata          0x000000006e30d000      0x200
 *(.edata)
 .edata         0x000000006e30d000       0x56 dll stuff

/DISCARD/
 *(.debug$S)
 *(.debug$T)
 *(.debug$F)
 *(.drectve)
 *(.note.GNU-stack)
 *(.gnu.lto_*)

.idata          0x000000006e30e000      0x200
 SORT_BY_NAME(*)(.idata$2)
 .idata$2       0x000000006e30e000       0x14 C:/GNU/MINGW64/x86_64-8.1.0-win32-seh-rt_v6-rev0/mingw64/bin/../lib/gcc/x86_64-w64-mingw32/8.1.0/../../../../x86_64-w64-mingw32/lib/../lib/libkernel32.a(dqifh.o)
                0x000000006e30e000                _head_lib64_libkernel32_a
 .idata$2       0x000000006e30e014       0x14 C:/GNU/MINGW64/x86_64-8.1.0-win32-seh-rt_v6-rev0/mingw64/bin/../lib/gcc/x86_64-w64-mingw32/8.1.0/../../../../x86_64-w64-mingw32/lib/../lib/libuser32.a(dyqeh.o)
                0x000000006e30e014                _head_lib64_libuser32_a
 SORT_BY_NAME(*)(.idata$3)
                0x000000006e30e028        0x4 LONG 0x0
                0x000000006e30e02c        0x4 LONG 0x0
                0x000000006e30e030        0x4 LONG 0x0
                0x000000006e30e034        0x4 LONG 0x0
                0x000000006e30e038        0x4 LONG 0x0
 SORT_BY_NAME(*)(.idata$4)
 .idata$4       0x000000006e30e03c        0x0 C:/GNU/MINGW64/x86_64-8.1.0-win32-seh-rt_v6-rev0/mingw64/bin/../lib/gcc/x86_64-w64-mingw32/8.1.0/../../../../x86_64-w64-mingw32/lib/../lib/libkernel32.a(dqifh.o)
 .idata$4       0x000000006e30e03c        0x8 C:/GNU/MINGW64/x86_64-8.1.0-win32-seh-rt_v6-rev0/mingw64/bin/../lib/gcc/x86_64-w64-mingw32/8.1.0/../../../../x86_64-w64-mingw32/lib/../lib/libkernel32.a(dqifs00774.o)
 .idata$4       0x000000006e30e044        0x8 C:/GNU/MINGW64/x86_64-8.1.0-win32-seh-rt_v6-rev0/mingw64/bin/../lib/gcc/x86_64-w64-mingw32/8.1.0/../../../../x86_64-w64-mingw32/lib/../lib/libkernel32.a(dqifs00835.o)
 .idata$4       0x000000006e30e04c        0x8 C:/GNU/MINGW64/x86_64-8.1.0-win32-seh-rt_v6-rev0/mingw64/bin/../lib/gcc/x86_64-w64-mingw32/8.1.0/../../../../x86_64-w64-mingw32/lib/../lib/libkernel32.a(dqifs00837.o)
 .idata$4       0x000000006e30e054        0x8 C:/GNU/MINGW64/x86_64-8.1.0-win32-seh-rt_v6-rev0/mingw64/bin/../lib/gcc/x86_64-w64-mingw32/8.1.0/../../../../x86_64-w64-mingw32/lib/../lib/libkernel32.a(dqifs00839.o)
 .idata$4       0x000000006e30e05c        0x8 C:/GNU/MINGW64/x86_64-8.1.0-win32-seh-rt_v6-rev0/mingw64/bin/../lib/gcc/x86_64-w64-mingw32/8.1.0/../../../../x86_64-w64-mingw32/lib/../lib/libkernel32.a(dqifs00841.o)
 .idata$4       0x000000006e30e064        0x8 C:/GNU/MINGW64/x86_64-8.1.0-win32-seh-rt_v6-rev0/mingw64/bin/../lib/gcc/x86_64-w64-mingw32/8.1.0/../../../../x86_64-w64-mingw32/lib/../lib/libkernel32.a(dqifs01543.o)
 .idata$4       0x000000006e30e06c        0x8 C:/GNU/MINGW64/x86_64-8.1.0-win32-seh-rt_v6-rev0/mingw64/bin/../lib/gcc/x86_64-w64-mingw32/8.1.0/../../../../x86_64-w64-mingw32/lib/../lib/libkernel32.a(dqifs01548.o)
 .idata$4       0x000000006e30e074        0x8 C:/GNU/MINGW64/x86_64-8.1.0-win32-seh-rt_v6-rev0/mingw64/bin/../lib/gcc/x86_64-w64-mingw32/8.1.0/../../../../x86_64-w64-mingw32/lib/../lib/libkernel32.a(dqifs01549.o)
 .idata$4       0x000000006e30e07c        0x8 C:/GNU/MINGW64/x86_64-8.1.0-win32-seh-rt_v6-rev0/mingw64/bin/../lib/gcc/x86_64-w64-mingw32/8.1.0/../../../../x86_64-w64-mingw32/lib/../lib/libkernel32.a(dqifs01555.o)
 .idata$4       0x000000006e30e084        0x8 C:/GNU/MINGW64/x86_64-8.1.0-win32-seh-rt_v6-rev0/mingw64/bin/../lib/gcc/x86_64-w64-mingw32/8.1.0/../../../../x86_64-w64-mingw32/lib/../lib/libkernel32.a(dqift.o)
 .idata$4       0x000000006e30e08c        0x0 C:/GNU/MINGW64/x86_64-8.1.0-win32-seh-rt_v6-rev0/mingw64/bin/../lib/gcc/x86_64-w64-mingw32/8.1.0/../../../../x86_64-w64-mingw32/lib/../lib/libuser32.a(dyqeh.o)
 .idata$4       0x000000006e30e08c        0x8 C:/GNU/MINGW64/x86_64-8.1.0-win32-seh-rt_v6-rev0/mingw64/bin/../lib/gcc/x86_64-w64-mingw32/8.1.0/../../../../x86_64-w64-mingw32/lib/../lib/libuser32.a(dyqes00958.o)
 .idata$4       0x000000006e30e094        0x8 C:/GNU/MINGW64/x86_64-8.1.0-win32-seh-rt_v6-rev0/mingw64/bin/../lib/gcc/x86_64-w64-mingw32/8.1.0/../../../../x86_64-w64-mingw32/lib/../lib/libuser32.a(dyqet.o)
                0x000000006e30e09c                __IAT_start__ = .
 SORT_BY_NAME(*)(.idata$5)
 .idata$5       0x000000006e30e09c        0x0 C:/GNU/MINGW64/x86_64-8.1.0-win32-seh-rt_v6-rev0/mingw64/bin/../lib/gcc/x86_64-w64-mingw32/8.1.0/../../../../x86_64-w64-mingw32/lib/../lib/libkernel32.a(dqifh.o)
 .idata$5       0x000000006e30e09c        0x8 C:/GNU/MINGW64/x86_64-8.1.0-win32-seh-rt_v6-rev0/mingw64/bin/../lib/gcc/x86_64-w64-mingw32/8.1.0/../../../../x86_64-w64-mingw32/lib/../lib/libkernel32.a(dqifs00774.o)
                0x000000006e30e09c                __imp_GetTickCount
 .idata$5       0x000000006e30e0a4        0x8 C:/GNU/MINGW64/x86_64-8.1.0-win32-seh-rt_v6-rev0/mingw64/bin/../lib/gcc/x86_64-w64-mingw32/8.1.0/../../../../x86_64-w64-mingw32/lib/../lib/libkernel32.a(dqifs00835.o)
                0x000000006e30e0a4                __imp_HeapAlloc
 .idata$5       0x000000006e30e0ac        0x8 C:/GNU/MINGW64/x86_64-8.1.0-win32-seh-rt_v6-rev0/mingw64/bin/../lib/gcc/x86_64-w64-mingw32/8.1.0/../../../../x86_64-w64-mingw32/lib/../lib/libkernel32.a(dqifs00837.o)
                0x000000006e30e0ac                __imp_HeapCreate
 .idata$5       0x000000006e30e0b4        0x8 C:/GNU/MINGW64/x86_64-8.1.0-win32-seh-rt_v6-rev0/mingw64/bin/../lib/gcc/x86_64-w64-mingw32/8.1.0/../../../../x86_64-w64-mingw32/lib/../lib/libkernel32.a(dqifs00839.o)
                0x000000006e30e0b4                __imp_HeapDestroy
 .idata$5       0x000000006e30e0bc        0x8 C:/GNU/MINGW64/x86_64-8.1.0-win32-seh-rt_v6-rev0/mingw64/bin/../lib/gcc/x86_64-w64-mingw32/8.1.0/../../../../x86_64-w64-mingw32/lib/../lib/libkernel32.a(dqifs00841.o)
                0x000000006e30e0bc                __imp_HeapFree
 .idata$5       0x000000006e30e0c4        0x8 C:/GNU/MINGW64/x86_64-8.1.0-win32-seh-rt_v6-rev0/mingw64/bin/../lib/gcc/x86_64-w64-mingw32/8.1.0/../../../../x86_64-w64-mingw32/lib/../lib/libkernel32.a(dqifs01543.o)
                0x000000006e30e0c4                __imp_lstrcmpW
 .idata$5       0x000000006e30e0cc        0x8 C:/GNU/MINGW64/x86_64-8.1.0-win32-seh-rt_v6-rev0/mingw64/bin/../lib/gcc/x86_64-w64-mingw32/8.1.0/../../../../x86_64-w64-mingw32/lib/../lib/libkernel32.a(dqifs01548.o)
                0x000000006e30e0cc                __imp_lstrcpyA
 .idata$5       0x000000006e30e0d4        0x8 C:/GNU/MINGW64/x86_64-8.1.0-win32-seh-rt_v6-rev0/mingw64/bin/../lib/gcc/x86_64-w64-mingw32/8.1.0/../../../../x86_64-w64-mingw32/lib/../lib/libkernel32.a(dqifs01549.o)
                0x000000006e30e0d4                __imp_lstrcpyW
 .idata$5       0x000000006e30e0dc        0x8 C:/GNU/MINGW64/x86_64-8.1.0-win32-seh-rt_v6-rev0/mingw64/bin/../lib/gcc/x86_64-w64-mingw32/8.1.0/../../../../x86_64-w64-mingw32/lib/../lib/libkernel32.a(dqifs01555.o)
                0x000000006e30e0dc                __imp_lstrlenW
 .idata$5       0x000000006e30e0e4        0x8 C:/GNU/MINGW64/x86_64-8.1.0-win32-seh-rt_v6-rev0/mingw64/bin/../lib/gcc/x86_64-w64-mingw32/8.1.0/../../../../x86_64-w64-mingw32/lib/../lib/libkernel32.a(dqift.o)
 .idata$5       0x000000006e30e0ec        0x0 C:/GNU/MINGW64/x86_64-8.1.0-win32-seh-rt_v6-rev0/mingw64/bin/../lib/gcc/x86_64-w64-mingw32/8.1.0/../../../../x86_64-w64-mingw32/lib/../lib/libuser32.a(dyqeh.o)
 .idata$5       0x000000006e30e0ec        0x8 C:/GNU/MINGW64/x86_64-8.1.0-win32-seh-rt_v6-rev0/mingw64/bin/../lib/gcc/x86_64-w64-mingw32/8.1.0/../../../../x86_64-w64-mingw32/lib/../lib/libuser32.a(dyqes00958.o)
                0x000000006e30e0ec                __imp_wsprintfW
 .idata$5       0x000000006e30e0f4        0x8 C:/GNU/MINGW64/x86_64-8.1.0-win32-seh-rt_v6-rev0/mingw64/bin/../lib/gcc/x86_64-w64-mingw32/8.1.0/../../../../x86_64-w64-mingw32/lib/../lib/libuser32.a(dyqet.o)
                0x000000006e30e0fc                __IAT_end__ = .
 SORT_BY_NAME(*)(.idata$6)
 .idata$6       0x000000006e30e0fc       0x10 C:/GNU/MINGW64/x86_64-8.1.0-win32-seh-rt_v6-rev0/mingw64/bin/../lib/gcc/x86_64-w64-mingw32/8.1.0/../../../../x86_64-w64-mingw32/lib/../lib/libkernel32.a(dqifs00774.o)
 .idata$6       0x000000006e30e10c        0xc C:/GNU/MINGW64/x86_64-8.1.0-win32-seh-rt_v6-rev0/mingw64/bin/../lib/gcc/x86_64-w64-mingw32/8.1.0/../../../../x86_64-w64-mingw32/lib/../lib/libkernel32.a(dqifs00835.o)
 .idata$6       0x000000006e30e118        0xe C:/GNU/MINGW64/x86_64-8.1.0-win32-seh-rt_v6-rev0/mingw64/bin/../lib/gcc/x86_64-w64-mingw32/8.1.0/../../../../x86_64-w64-mingw32/lib/../lib/libkernel32.a(dqifs00837.o)
 .idata$6       0x000000006e30e126        0xe C:/GNU/MINGW64/x86_64-8.1.0-win32-seh-rt_v6-rev0/mingw64/bin/../lib/gcc/x86_64-w64-mingw32/8.1.0/../../../../x86_64-w64-mingw32/lib/../lib/libkernel32.a(dqifs00839.o)
 .idata$6       0x000000006e30e134        0xc C:/GNU/MINGW64/x86_64-8.1.0-win32-seh-rt_v6-rev0/mingw64/bin/../lib/gcc/x86_64-w64-mingw32/8.1.0/../../../../x86_64-w64-mingw32/lib/../lib/libkernel32.a(dqifs00841.o)
 .idata$6       0x000000006e30e140        0xc C:/GNU/MINGW64/x86_64-8.1.0-win32-seh-rt_v6-rev0/mingw64/bin/../lib/gcc/x86_64-w64-mingw32/8.1.0/../../../../x86_64-w64-mingw32/lib/../lib/libkernel32.a(dqifs01543.o)
 .idata$6       0x000000006e30e14c        0xc C:/GNU/MINGW64/x86_64-8.1.0-win32-seh-rt_v6-rev0/mingw64/bin/../lib/gcc/x86_64-w64-mingw32/8.1.0/../../../../x86_64-w64-mingw32/lib/../lib/libkernel32.a(dqifs01548.o)
 .idata$6       0x000000006e30e158        0xc C:/GNU/MINGW64/x86_64-8.1.0-win32-seh-rt_v6-rev0/mingw64/bin/../lib/gcc/x86_64-w64-mingw32/8.1.0/../../../../x86_64-w64-mingw32/lib/../lib/libkernel32.a(dqifs01549.o)
 .idata$6       0x000000006e30e164        0xc C:/GNU/MINGW64/x86_64-8.1.0-win32-seh-rt_v6-rev0/mingw64/bin/../lib/gcc/x86_64-w64-mingw32/8.1.0/../../../../x86_64-w64-mingw32/lib/../lib/libkernel32.a(dqifs01555.o)
 .idata$6       0x000000006e30e170        0xc C:/GNU/MINGW64/x86_64-8.1.0-win32-seh-rt_v6-rev0/mingw64/bin/../lib/gcc/x86_64-w64-mingw32/8.1.0/../../../../x86_64-w64-mingw32/lib/../lib/libuser32.a(dyqes00958.o)
 SORT_BY_NAME(*)(.idata$7)
 .idata$7       0x000000006e30e17c        0x4 C:/GNU/MINGW64/x86_64-8.1.0-win32-seh-rt_v6-rev0/mingw64/bin/../lib/gcc/x86_64-w64-mingw32/8.1.0/../../../../x86_64-w64-mingw32/lib/../lib/libkernel32.a(dqifs00774.o)
 .idata$7       0x000000006e30e180        0x4 C:/GNU/MINGW64/x86_64-8.1.0-win32-seh-rt_v6-rev0/mingw64/bin/../lib/gcc/x86_64-w64-mingw32/8.1.0/../../../../x86_64-w64-mingw32/lib/../lib/libkernel32.a(dqifs00835.o)
 .idata$7       0x000000006e30e184        0x4 C:/GNU/MINGW64/x86_64-8.1.0-win32-seh-rt_v6-rev0/mingw64/bin/../lib/gcc/x86_64-w64-mingw32/8.1.0/../../../../x86_64-w64-mingw32/lib/../lib/libkernel32.a(dqifs00837.o)
 .idata$7       0x000000006e30e188        0x4 C:/GNU/MINGW64/x86_64-8.1.0-win32-seh-rt_v6-rev0/mingw64/bin/../lib/gcc/x86_64-w64-mingw32/8.1.0/../../../../x86_64-w64-mingw32/lib/../lib/libkernel32.a(dqifs00839.o)
 .idata$7       0x000000006e30e18c        0x4 C:/GNU/MINGW64/x86_64-8.1.0-win32-seh-rt_v6-rev0/mingw64/bin/../lib/gcc/x86_64-w64-mingw32/8.1.0/../../../../x86_64-w64-mingw32/lib/../lib/libkernel32.a(dqifs00841.o)
 .idata$7       0x000000006e30e190        0x4 C:/GNU/MINGW64/x86_64-8.1.0-win32-seh-rt_v6-rev0/mingw64/bin/../lib/gcc/x86_64-w64-mingw32/8.1.0/../../../../x86_64-w64-mingw32/lib/../lib/libkernel32.a(dqifs01543.o)
 .idata$7       0x000000006e30e194        0x4 C:/GNU/MINGW64/x86_64-8.1.0-win32-seh-rt_v6-rev0/mingw64/bin/../lib/gcc/x86_64-w64-mingw32/8.1.0/../../../../x86_64-w64-mingw32/lib/../lib/libkernel32.a(dqifs01548.o)
 .idata$7       0x000000006e30e198        0x4 C:/GNU/MINGW64/x86_64-8.1.0-win32-seh-rt_v6-rev0/mingw64/bin/../lib/gcc/x86_64-w64-mingw32/8.1.0/../../../../x86_64-w64-mingw32/lib/../lib/libkernel32.a(dqifs01549.o)
 .idata$7       0x000000006e30e19c        0x4 C:/GNU/MINGW64/x86_64-8.1.0-win32-seh-rt_v6-rev0/mingw64/bin/../lib/gcc/x86_64-w64-mingw32/8.1.0/../../../../x86_64-w64-mingw32/lib/../lib/libkernel32.a(dqifs01555.o)
 .idata$7       0x000000006e30e1a0       0x10 C:/GNU/MINGW64/x86_64-8.1.0-win32-seh-rt_v6-rev0/mingw64/bin/../lib/gcc/x86_64-w64-mingw32/8.1.0/../../../../x86_64-w64-mingw32/lib/../lib/libkernel32.a(dqift.o)
                0x000000006e30e1a0                __lib64_libkernel32_a_iname
 .idata$7       0x000000006e30e1b0        0x4 C:/GNU/MINGW64/x86_64-8.1.0-win32-seh-rt_v6-rev0/mingw64/bin/../lib/gcc/x86_64-w64-mingw32/8.1.0/../../../../x86_64-w64-mingw32/lib/../lib/libuser32.a(dyqes00958.o)
 .idata$7       0x000000006e30e1b4        0xc C:/GNU/MINGW64/x86_64-8.1.0-win32-seh-rt_v6-rev0/mingw64/bin/../lib/gcc/x86_64-w64-mingw32/8.1.0/../../../../x86_64-w64-mingw32/lib/../lib/libuser32.a(dyqet.o)
                0x000000006e30e1b4                __lib64_libuser32_a_iname

.CRT            0x000000006e30f000        0x0
                0x000000006e30f000                ___crt_xc_start__ = .
 *(SORT_BY_NAME(.CRT$XC*))
                0x000000006e30f000                ___crt_xc_end__ = .
                0x000000006e30f000                ___crt_xi_start__ = .
 *(SORT_BY_NAME(.CRT$XI*))
                0x000000006e30f000                ___crt_xi_end__ = .
                0x000000006e30f000                ___crt_xl_start__ = .
 *(SORT_BY_NAME(.CRT$XL*))
                0x000000006e30f000                ___crt_xp_start__ = .
 *(SORT_BY_NAME(.CRT$XP*))
                0x000000006e30f000                ___crt_xp_end__ = .
                0x000000006e30f000                ___crt_xt_start__ = .
 *(SORT_BY_NAME(.CRT$XT*))
                0x000000006e30f000                ___crt_xt_end__ = .

.tls            0x000000006e30f000        0x0
                0x000000006e30f000                ___tls_start__ = .
 *(.tls$AAA)
 *(.tls)
 *(.tls$)
 *(SORT_BY_NAME(.tls$*))
 *(.tls$ZZZ)
                0x000000006e30f000                ___tls_end__ = .

.endjunk        0x000000006e30f000        0x0
                [!provide]                        PROVIDE (end = .)
                [!provide]                        PROVIDE (_end = .)
                0x000000006e30f000                __end__ = .

.rsrc           0x000000006e30f000      0x600
 *(.rsrc)
 .rsrc          0x000000006e30f000      0x5a0 ../build/x64_Debug/version.o
 *(.rsrc$*)

.reloc          0x000000006e310000      0x200
 *(.reloc)
 .reloc         0x000000006e310000       0x98 dll stuff

.stab
 *(.stab)

.stabstr
 *(.stabstr)

.debug_aranges  0x000000006e311000      0xa00
 *(.debug_aranges)
 .debug_aranges
                0x000000006e311000       0x30 ../build/x64_Debug/cpuid.o
 .debug_aranges
                0x000000006e311030       0x30 ../build/x64_Debug/debug.o
 .debug_aranges
                0x000000006e311060       0x30 ../build/x64_Debug/dllmain.o
 .debug_aranges
                0x000000006e311090       0x30 ../build/x64_Debug/INTERNALTEST_op_DivRem.o
 .debug_aranges
                0x000000006e3110c0       0x30 ../build/x64_Debug/INTERNALTEST_op_Multiply.o
 .debug_aranges
                0x000000006e3110f0       0x30 ../build/x64_Debug/memory.o
 .debug_aranges
                0x000000006e311120       0x30 ../build/x64_Debug/pmc_add.o
 .debug_aranges
                0x000000006e311150       0x30 ../build/x64_Debug/pmc_bitwiseand.o
 .debug_aranges
                0x000000006e311180       0x30 ../build/x64_Debug/pmc_bitwiseor.o
 .debug_aranges
                0x000000006e3111b0       0x30 ../build/x64_Debug/pmc_bytes.o
 .debug_aranges
                0x000000006e3111e0       0x30 ../build/x64_Debug/pmc_clone.o
 .debug_aranges
                0x000000006e311210       0x30 ../build/x64_Debug/pmc_compare.o
 .debug_aranges
                0x000000006e311240       0x30 ../build/x64_Debug/pmc_divrem.o
 .debug_aranges
                0x000000006e311270       0x30 ../build/x64_Debug/pmc_equals.o
 .debug_aranges
                0x000000006e3112a0       0x30 ../build/x64_Debug/pmc_exclusiveor.o
 .debug_aranges
                0x000000006e3112d0       0x30 ../build/x64_Debug/pmc_from.o
 .debug_aranges
                0x000000006e311300       0x30 ../build/x64_Debug/pmc_getpropertyvalue.o
 .debug_aranges
                0x000000006e311330       0x30 ../build/x64_Debug/pmc_greatestcommondivisor.o
 .debug_aranges
                0x000000006e311360       0x30 ../build/x64_Debug/pmc_initialize.o
 .debug_aranges
                0x000000006e311390       0x30 ../build/x64_Debug/pmc_modpow.o
 .debug_aranges
                0x000000006e3113c0       0x30 ../build/x64_Debug/pmc_multiply.o
 .debug_aranges
                0x000000006e3113f0       0x30 ../build/x64_Debug/pmc_parse.o
 .debug_aranges
                0x000000006e311420       0x30 ../build/x64_Debug/pmc_pow.o
 .debug_aranges
                0x000000006e311450       0x30 ../build/x64_Debug/pmc_shift.o
 .debug_aranges
                0x000000006e311480       0x30 ../build/x64_Debug/pmc_statistics.o
 .debug_aranges
                0x000000006e3114b0       0x30 ../build/x64_Debug/pmc_subtruct.o
 .debug_aranges
                0x000000006e3114e0       0x30 ../build/x64_Debug/pmc_to.o
 .debug_aranges
                0x000000006e311510       0x30 ../build/x64_Debug/pmc_tostring.o
 .debug_aranges
                0x000000006e311540       0x30 ../build/x64_Debug/TEST_autogenerated.o
 .debug_aranges
                0x000000006e311570       0x30 ../build/x64_Debug/TEST_op_Add.o
 .debug_aranges
                0x000000006e3115a0       0x30 ../build/x64_Debug/TEST_op_BitwiseAnd.o
 .debug_aranges
                0x000000006e3115d0       0x30 ../build/x64_Debug/TEST_op_BitwiseOr.o
 .debug_aranges
                0x000000006e311600       0x30 ../build/x64_Debug/TEST_op_Clone.o
 .debug_aranges
                0x000000006e311630       0x30 ../build/x64_Debug/TEST_op_Compare.o
 .debug_aranges
                0x000000006e311660       0x30 ../build/x64_Debug/TEST_op_DivRem.o
 .debug_aranges
                0x000000006e311690       0x30 ../build/x64_Debug/TEST_op_Equals.o
 .debug_aranges
                0x000000006e3116c0       0x30 ../build/x64_Debug/TEST_op_ExclusiveOr.o
 .debug_aranges
                0x000000006e3116f0       0x30 ../build/x64_Debug/TEST_op_From_To.o
 .debug_aranges
                0x000000006e311720       0x30 ../build/x64_Debug/TEST_op_GetPropertyValue.o
 .debug_aranges
                0x000000006e311750       0x30 ../build/x64_Debug/TEST_op_GreatestCommonDivisor.o
 .debug_aranges
                0x000000006e311780       0x30 ../build/x64_Debug/TEST_op_ModPow.o
 .debug_aranges
                0x000000006e3117b0       0x30 ../build/x64_Debug/TEST_op_Multiply.o
 .debug_aranges
                0x000000006e3117e0       0x30 ../build/x64_Debug/TEST_op_ParseDN.o
 .debug_aranges
                0x000000006e311810       0x30 ../build/x64_Debug/TEST_op_ParseX.o
 .debug_aranges
                0x000000006e311840       0x30 ../build/x64_Debug/TEST_op_Pow.o
 .debug_aranges
                0x000000006e311870       0x30 ../build/x64_Debug/TEST_op_Shift.o
 .debug_aranges
                0x000000006e3118a0       0x30 ../build/x64_Debug/TEST_op_Subtruct.o
 .debug_aranges
                0x000000006e3118d0       0x30 ../build/x64_Debug/TEST_op_ToStringD.o
 .debug_aranges
                0x000000006e311900       0x30 ../build/x64_Debug/TEST_op_ToStringN.o
 .debug_aranges
                0x000000006e311930       0x30 ../build/x64_Debug/TEST_op_ToStringX.o

.zdebug_aranges
 *(.zdebug_aranges)

.debug_pubnames
 *(.debug_pubnames)

.zdebug_pubnames
 *(.zdebug_pubnames)

.debug_pubtypes
 *(.debug_pubtypes)

.zdebug_pubtypes
 *(.zdebug_pubtypes)

.debug_info     0x000000006e312000   0x1d5200
 *(.debug_info .gnu.linkonce.wi.*)
 .debug_info    0x000000006e312000     0x511f ../build/x64_Debug/cpuid.o
 .debug_info    0x000000006e31711f     0x5f4f ../build/x64_Debug/debug.o
 .debug_info    0x000000006e31d06e     0x4d73 ../build/x64_Debug/dllmain.o
 .debug_info    0x000000006e321de1     0x5f98 ../build/x64_Debug/INTERNALTEST_op_DivRem.o
 .debug_info    0x000000006e327d79     0x5e8d ../build/x64_Debug/INTERNALTEST_op_Multiply.o
 .debug_info    0x000000006e32dc06     0x5e92 ../build/x64_Debug/memory.o
 .debug_info    0x000000006e333a98     0x6079 ../build/x64_Debug/pmc_add.o
 .debug_info    0x000000006e339b11     0x52ac ../build/x64_Debug/pmc_bitwiseand.o
 .debug_info    0x000000006e33edbd     0x562b ../build/x64_Debug/pmc_bitwiseor.o
 .debug_info    0x000000006e3443e8     0x4fff ../build/x64_Debug/pmc_bytes.o
 .debug_info    0x000000006e3493e7     0x4e83 ../build/x64_Debug/pmc_clone.o
 .debug_info    0x000000006e34e26a     0x52f9 ../build/x64_Debug/pmc_compare.o
 .debug_info    0x000000006e353563     0x74c3 ../build/x64_Debug/pmc_divrem.o
 .debug_info    0x000000006e35aa26     0x52c3 ../build/x64_Debug/pmc_equals.o
 .debug_info    0x000000006e35fce9     0x5682 ../build/x64_Debug/pmc_exclusiveor.o
 .debug_info    0x000000006e36536b     0x5083 ../build/x64_Debug/pmc_from.o
 .debug_info    0x000000006e36a3ee     0x4eec ../build/x64_Debug/pmc_getpropertyvalue.o
 .debug_info    0x000000006e36f2da     0x59a4 ../build/x64_Debug/pmc_greatestcommondivisor.o
 .debug_info    0x000000006e374c7e     0x5dc7 ../build/x64_Debug/pmc_initialize.o
 .debug_info    0x000000006e37aa45     0x560d ../build/x64_Debug/pmc_modpow.o
 .debug_info    0x000000006e380052     0x625a ../build/x64_Debug/pmc_multiply.o
 .debug_info    0x000000006e3862ac     0x692a ../build/x64_Debug/pmc_parse.o
 .debug_info    0x000000006e38cbd6     0x5325 ../build/x64_Debug/pmc_pow.o
 .debug_info    0x000000006e391efb     0x58bd ../build/x64_Debug/pmc_shift.o
 .debug_info    0x000000006e3977b8     0x4d17 ../build/x64_Debug/pmc_statistics.o
 .debug_info    0x000000006e39c4cf     0x59c0 ../build/x64_Debug/pmc_subtruct.o
 .debug_info    0x000000006e3a1e8f     0x4f2f ../build/x64_Debug/pmc_to.o
 .debug_info    0x000000006e3a6dbe     0x6404 ../build/x64_Debug/pmc_tostring.o
 .debug_info    0x000000006e3ad1c2    0xc094c ../build/x64_Debug/TEST_autogenerated.o
 .debug_info    0x000000006e46db0e     0x5e59 ../build/x64_Debug/TEST_op_Add.o
 .debug_info    0x000000006e473967     0x5dbc ../build/x64_Debug/TEST_op_BitwiseAnd.o
 .debug_info    0x000000006e479723     0x5e71 ../build/x64_Debug/TEST_op_BitwiseOr.o
 .debug_info    0x000000006e47f594     0x5a31 ../build/x64_Debug/TEST_op_Clone.o
 .debug_info    0x000000006e484fc5     0x5cbc ../build/x64_Debug/TEST_op_Compare.o
 .debug_info    0x000000006e48ac81     0x5f3c ../build/x64_Debug/TEST_op_DivRem.o
 .debug_info    0x000000006e490bbd     0x5cb6 ../build/x64_Debug/TEST_op_Equals.o
 .debug_info    0x000000006e496873     0x5e7d ../build/x64_Debug/TEST_op_ExclusiveOr.o
 .debug_info    0x000000006e49c6f0     0x5c39 ../build/x64_Debug/TEST_op_From_To.o
 .debug_info    0x000000006e4a2329     0x5980 ../build/x64_Debug/TEST_op_GetPropertyValue.o
 .debug_info    0x000000006e4a7ca9     0x5f16 ../build/x64_Debug/TEST_op_GreatestCommonDivisor.o
 .debug_info    0x000000006e4adbbf     0x5aef ../build/x64_Debug/TEST_op_ModPow.o
 .debug_info    0x000000006e4b36ae     0x5e77 ../build/x64_Debug/TEST_op_Multiply.o
 .debug_info    0x000000006e4b9525     0x5c23 ../build/x64_Debug/TEST_op_ParseDN.o
 .debug_info    0x000000006e4bf148     0x5a9c ../build/x64_Debug/TEST_op_ParseX.o
 .debug_info    0x000000006e4c4be4     0x5a63 ../build/x64_Debug/TEST_op_Pow.o
 .debug_info    0x000000006e4ca647     0x5d27 ../build/x64_Debug/TEST_op_Shift.o
 .debug_info    0x000000006e4d036e     0x5e4d ../build/x64_Debug/TEST_op_Subtruct.o
 .debug_info    0x000000006e4d61bb     0x5a1e ../build/x64_Debug/TEST_op_ToStringD.o
 .debug_info    0x000000006e4dbbd9     0x5a87 ../build/x64_Debug/TEST_op_ToStringN.o
 .debug_info    0x000000006e4e1660     0x5a1e ../build/x64_Debug/TEST_op_ToStringX.o

.zdebug_info
 *(.zdebug_info .zdebug.gnu.linkonce.wi.*)

.debug_abbrev   0x000000006e4e8000     0x7a00
 *(.debug_abbrev)
 .debug_abbrev  0x000000006e4e8000      0x222 ../build/x64_Debug/cpuid.o
 .debug_abbrev  0x000000006e4e8222      0x26c ../build/x64_Debug/debug.o
 .debug_abbrev  0x000000006e4e848e      0x195 ../build/x64_Debug/dllmain.o
 .debug_abbrev  0x000000006e4e8623      0x235 ../build/x64_Debug/INTERNALTEST_op_DivRem.o
 .debug_abbrev  0x000000006e4e8858      0x235 ../build/x64_Debug/INTERNALTEST_op_Multiply.o
 .debug_abbrev  0x000000006e4e8a8d      0x480 ../build/x64_Debug/memory.o