Archive member included to satisfy reference by file (symbol)

C:/GNU/MINGW64/x86_64-8.1.0-win32-seh-rt_v6-rev0/mingw64/bin/../lib/gcc/x86_64-w64-mingw32/8.1.0/../../../../x86_64-w64-mingw32/lib/../lib/libkernel32.a(dqifs01555.o)
                              ../build/x64_Debug/pmc_parse.o (__imp_lstrlenW)
C:/GNU/MINGW64/x86_64-8.1.0-win32-seh-rt_v6-rev0/mingw64/bin/../lib/gcc/x86_64-w64-mingw32/8.1.0/../../../../x86_64-w64-mingw32/lib/../lib/libkernel32.a(dqifs01549.o)
                              ../build/x64_Debug/pmc_parse.o (__imp_lstrcpyW)
C:/GNU/MINGW64/x86_64-8.1.0-win32-seh-rt_v6-rev0/mingw64/bin/../lib/gcc/x86_64-w64-mingw32/8.1.0/../../../../x86_64-w64-mingw32/lib/../lib/libkernel32.a(dqifs01548.o)
                              ../build/x64_Debug/pmc_parse.o (__imp_lstrcpyA)
C:/GNU/MINGW64/x86_64-8.1.0-win32-seh-rt_v6-rev0/mingw64/bin/../lib/gcc/x86_64-w64-mingw32/8.1.0/../../../../x86_64-w64-mingw32/lib/../lib/libkernel32.a(dqifs01543.o)
                              ../build/x64_Debug/TEST_op_ToStringD.o (__imp_lstrcmpW)
C:/GNU/MINGW64/x86_64-8.1.0-win32-seh-rt_v6-rev0/mingw64/bin/../lib/gcc/x86_64-w64-mingw32/8.1.0/../../../../x86_64-w64-mingw32/lib/../lib/libkernel32.a(dqifs00841.o)
                              ../build/x64_Debug/pmc_memory.o (__imp_HeapFree)
C:/GNU/MINGW64/x86_64-8.1.0-win32-seh-rt_v6-rev0/mingw64/bin/../lib/gcc/x86_64-w64-mingw32/8.1.0/../../../../x86_64-w64-mingw32/lib/../lib/libkernel32.a(dqifs00839.o)
                              ../build/x64_Debug/pmc_memory.o (__imp_HeapDestroy)
C:/GNU/MINGW64/x86_64-8.1.0-win32-seh-rt_v6-rev0/mingw64/bin/../lib/gcc/x86_64-w64-mingw32/8.1.0/../../../../x86_64-w64-mingw32/lib/../lib/libkernel32.a(dqifs00837.o)
                              ../build/x64_Debug/pmc_memory.o (__imp_HeapCreate)
C:/GNU/MINGW64/x86_64-8.1.0-win32-seh-rt_v6-rev0/mingw64/bin/../lib/gcc/x86_64-w64-mingw32/8.1.0/../../../../x86_64-w64-mingw32/lib/../lib/libkernel32.a(dqifs00835.o)
                              ../build/x64_Debug/pmc_memory.o (__imp_HeapAlloc)
C:/GNU/MINGW64/x86_64-8.1.0-win32-seh-rt_v6-rev0/mingw64/bin/../lib/gcc/x86_64-w64-mingw32/8.1.0/../../../../x86_64-w64-mingw32/lib/../lib/libkernel32.a(dqifs00774.o)
                              ../build/x64_Debug/pmc_memory.o (__imp_GetTickCount)
C:/GNU/MINGW64/x86_64-8.1.0-win32-seh-rt_v6-rev0/mingw64/bin/../lib/gcc/x86_64-w64-mingw32/8.1.0/../../../../x86_64-w64-mingw32/lib/../lib/libkernel32.a(dqifh.o)
                              C:/GNU/MINGW64/x86_64-8.1.0-win32-seh-rt_v6-rev0/mingw64/bin/../lib/gcc/x86_64-w64-mingw32/8.1.0/../../../../x86_64-w64-mingw32/lib/../lib/libkernel32.a(dqifs01555.o) (_head_lib64_libkernel32_a)
C:/GNU/MINGW64/x86_64-8.1.0-win32-seh-rt_v6-rev0/mingw64/bin/../lib/gcc/x86_64-w64-mingw32/8.1.0/../../../../x86_64-w64-mingw32/lib/../lib/libkernel32.a(dqift.o)
                              C:/GNU/MINGW64/x86_64-8.1.0-win32-seh-rt_v6-rev0/mingw64/bin/../lib/gcc/x86_64-w64-mingw32/8.1.0/../../../../x86_64-w64-mingw32/lib/../lib/libkernel32.a(dqifh.o) (__lib64_libkernel32_a_iname)
C:/GNU/MINGW64/x86_64-8.1.0-win32-seh-rt_v6-rev0/mingw64/bin/../lib/gcc/x86_64-w64-mingw32/8.1.0/../../../../x86_64-w64-mingw32/lib/../lib/libuser32.a(dyqes00958.o)
                              ../build/x64_Debug/debug.o (__imp_wsprintfW)
C:/GNU/MINGW64/x86_64-8.1.0-win32-seh-rt_v6-rev0/mingw64/bin/../lib/gcc/x86_64-w64-mingw32/8.1.0/../../../../x86_64-w64-mingw32/lib/../lib/libuser32.a(dyqeh.o)
                              C:/GNU/MINGW64/x86_64-8.1.0-win32-seh-rt_v6-rev0/mingw64/bin/../lib/gcc/x86_64-w64-mingw32/8.1.0/../../../../x86_64-w64-mingw32/lib/../lib/libuser32.a(dyqes00958.o) (_head_lib64_libuser32_a)
C:/GNU/MINGW64/x86_64-8.1.0-win32-seh-rt_v6-rev0/mingw64/bin/../lib/gcc/x86_64-w64-mingw32/8.1.0/../../../../x86_64-w64-mingw32/lib/../lib/libuser32.a(dyqet.o)
                              C:/GNU/MINGW64/x86_64-8.1.0-win32-seh-rt_v6-rev0/mingw64/bin/../lib/gcc/x86_64-w64-mingw32/8.1.0/../../../../x86_64-w64-mingw32/lib/../lib/libuser32.a(dyqeh.o) (__lib64_libuser32_a_iname)

Allocating common symbols
Common symbol       size              file

number_one          0x40              ../build/x64_Debug/pmc_memory.o
statistics_info     0x10              ../build/x64_Debug/pmc_statistics.o
number_zero         0x40              ../build/x64_Debug/pmc_memory.o
hLocalHeap          0x8               ../build/x64_Debug/pmc_memory.o
configuration_info  0x4               ../build/x64_Debug/pmc_initialize.o

Discarded input sections

 .drectve       0x0000000000000000       0x14 ../build/x64_Debug/debug.o
 .rdata$.refptr.number_zero
                0x0000000000000000       0x10 ../build/x64_Debug/pmc_bitwiseand.o
 .rdata$.refptr.number_zero
                0x0000000000000000       0x10 ../build/x64_Debug/pmc_bitwiseor.o
 .rdata$.refptr.number_zero
                0x0000000000000000       0x10 ../build/x64_Debug/pmc_bytes.o
 .rdata$.refptr.number_zero
[...]
Memory Configuration

Name             Origin             Length             Attributes
*default*        0x0000000000000000 0xffffffffffffffff

Linker script and memory map

                0x000000006ddc0000                __image_base__ = 0x6ddc0000
                0x0000000000000000                __dll__ = 0x0
                0x000000006ddc0000                __ImageBase = 0x6ddc0000
                0x0000000000001000                __section_alignment__ = 0x1000
                0x0000000000000200                __file_alignment__ = 0x200
                0x0000000000000004                __major_os_version__ = 0x4
                0x0000000000000000                __minor_os_version__ = 0x0
                0x0000000000000000                __major_image_version__ = 0x0
                0x0000000000000000                __minor_image_version__ = 0x0
                0x0000000000000005                __major_subsystem_version__ = 0x5
                0x0000000000000002                __minor_subsystem_version__ = 0x2
                0x0000000000000002                __subsystem__ = 0x2
                0x0000000000200000                __size_of_stack_reserve__ = 0x200000
                0x0000000000001000                __size_of_stack_commit__ = 0x1000
                0x0000000000100000                __size_of_heap_reserve__ = 0x100000
                0x0000000000001000                __size_of_heap_commit__ = 0x1000
                0x0000000000000000                __loader_flags__ = 0x0
                0x0000000000000000                __dll_characteristics__ = 0x0
LOAD ../build/x64_Debug/cpuid.o
LOAD ../build/x64_Debug/debug.o
LOAD ../build/x64_Debug/dllmain.o
LOAD ../build/x64_Debug/INTERNALTEST_op_DivRem.o
LOAD ../build/x64_Debug/INTERNALTEST_op_Multiply.o
LOAD ../build/x64_Debug/pmc_add.o
LOAD ../build/x64_Debug/pmc_bitwiseand.o
LOAD ../build/x64_Debug/pmc_bitwiseor.o
LOAD ../build/x64_Debug/pmc_bytes.o
LOAD ../build/x64_Debug/pmc_clone.o
LOAD ../build/x64_Debug/pmc_compare.o
LOAD ../build/x64_Debug/pmc_divrem.o
LOAD ../build/x64_Debug/pmc_equals.o
LOAD ../build/x64_Debug/pmc_exclusiveor.o
LOAD ../build/x64_Debug/pmc_from.o
LOAD ../build/x64_Debug/pmc_getnumbertype.o
LOAD ../build/x64_Debug/pmc_greatestcommondivisor.o
LOAD ../build/x64_Debug/pmc_initialize.o
LOAD ../build/x64_Debug/pmc_memory.o
LOAD ../build/x64_Debug/pmc_modpow.o
LOAD ../build/x64_Debug/pmc_multiply.o
LOAD ../build/x64_Debug/pmc_parse.o
LOAD ../build/x64_Debug/pmc_pow.o
LOAD ../build/x64_Debug/pmc_shift.o
LOAD ../build/x64_Debug/pmc_statistics.o
LOAD ../build/x64_Debug/pmc_subtruct.o
LOAD ../build/x64_Debug/pmc_to.o
LOAD ../build/x64_Debug/pmc_tostring.o
LOAD ../build/x64_Debug/TEST_autogenerated.o
LOAD ../build/x64_Debug/TEST_op_Add.o
LOAD ../build/x64_Debug/TEST_op_BitwiseAnd.o
LOAD ../build/x64_Debug/TEST_op_BitwiseOr.o
LOAD ../build/x64_Debug/TEST_op_Clone.o
LOAD ../build/x64_Debug/TEST_op_Compare.o
LOAD ../build/x64_Debug/TEST_op_DivRem.o
LOAD ../build/x64_Debug/TEST_op_Equals.o
LOAD ../build/x64_Debug/TEST_op_ExclusiveOr.o
LOAD ../build/x64_Debug/TEST_op_From_To.o
LOAD ../build/x64_Debug/TEST_op_GetNumberType.o
LOAD ../build/x64_Debug/TEST_op_GreatestCommonDivisor.o
LOAD ../build/x64_Debug/TEST_op_ModPow.o
LOAD ../build/x64_Debug/TEST_op_Multiply.o
LOAD ../build/x64_Debug/TEST_op_ParseDN.o
LOAD ../build/x64_Debug/TEST_op_ParseX.o
LOAD ../build/x64_Debug/TEST_op_Pow.o
LOAD ../build/x64_Debug/TEST_op_Shift.o
LOAD ../build/x64_Debug/TEST_op_Subtruct.o
LOAD ../build/x64_Debug/TEST_op_ToStringD.o
LOAD ../build/x64_Debug/TEST_op_ToStringN.o
LOAD ../build/x64_Debug/TEST_op_ToStringX.o
LOAD ../build/x64_Debug/version.o
LOAD C:/GNU/MINGW64/x86_64-8.1.0-win32-seh-rt_v6-rev0/mingw64/bin/../lib/gcc/x86_64-w64-mingw32/8.1.0/../../../../x86_64-w64-mingw32/lib/../lib/libkernel32.a
LOAD C:/GNU/MINGW64/x86_64-8.1.0-win32-seh-rt_v6-rev0/mingw64/bin/../lib/gcc/x86_64-w64-mingw32/8.1.0/../../../../x86_64-w64-mingw32/lib/../lib/libuser32.a
                0x0000000000000430                . = SIZEOF_HEADERS
                0x0000000000001000                . = ALIGN (__section_alignment__)

.text           0x000000006ddc1000   0x466c00
 *(.init)
 *(.text)
 .text          0x000000006ddc1000      0x340 ../build/x64_Debug/cpuid.o
                0x000000006ddc116d                GetCPUInfo
 .text          0x000000006ddc1340      0x3c0 ../build/x64_Debug/debug.o
                0x000000006ddc144f                DoDebug
                0x000000006ddc154f                TEST_Assert
                0x000000006ddc15c1                FormatTestLabel
                0x000000006ddc1601                FormatTestMesssage
                0x000000006ddc1637                DumpBinary_UNIT
 .text          0x000000006ddc1700       0x70 ../build/x64_Debug/dllmain.o
                0x000000006ddc1700                DllMain
 .text          0x000000006ddc1770      0x5a0 ../build/x64_Debug/INTERNALTEST_op_DivRem.o
                0x000000006ddc1831                INTERNALTEST_DivRem_X_X
 .text          0x000000006ddc1d10      0x350 ../build/x64_Debug/INTERNALTEST_op_Multiply.o
                0x000000006ddc1df7                INTERNALTEST_Multiply_X_X_Imp
 .text          0x000000006ddc2060     0x1a30 ../build/x64_Debug/pmc_add.o
                0x000000006ddc343e                PMC_Add_I_X
                0x000000006ddc34d3                PMC_Add_X_I
                0x000000006ddc36ee                PMC_Add_L_X
                0x000000006ddc3785                PMC_Add_X_L
                0x000000006ddc3819                PMC_Add_X_X
                0x000000006ddc3a4d                Initialize_Add
 .text          0x000000006ddc3a90      0xea0 ../build/x64_Debug/pmc_bitwiseand.o
                0x000000006ddc44aa                PMC_BitwiseAnd_I_X
                0x000000006ddc4547                PMC_BitwiseAnd_X_I
                0x000000006ddc45e4                PMC_BitwiseAnd_L_X
                0x000000006ddc4687                PMC_BitwiseAnd_X_L
                0x000000006ddc472a                PMC_BitwiseAnd_X_X
                0x000000006ddc4919                Initialize_BitwiseAnd
 .text          0x000000006ddc4930     0x1350 ../build/x64_Debug/pmc_bitwiseor.o
                0x000000006ddc56b0                PMC_BitwiseOr_I_X
                0x000000006ddc5745                PMC_BitwiseOr_X_I
                0x000000006ddc5936                PMC_BitwiseOr_L_X
                0x000000006ddc59cd                PMC_BitwiseOr_X_L
                0x000000006ddc5a61                PMC_BitwiseOr_X_X
                0x000000006ddc5c71                Initialize_BitwiseOr
 .text          0x000000006ddc5c80      0x310 ../build/x64_Debug/pmc_bytes.o
                0x000000006ddc5db4                PMC_FromByteArray
                0x000000006ddc5ea3                PMC_ToByteArray
 .text          0x000000006ddc5f90       0xd0 ../build/x64_Debug/pmc_clone.o
                0x000000006ddc5f90                PMC_Clone_X
                0x000000006ddc6051                Initialize_Clone
 .text          0x000000006ddc6060      0x620 ../build/x64_Debug/pmc_compare.o
                0x000000006ddc60c3                Compare_Imp
                0x000000006ddc623b                PMC_Compare_I_X
                0x000000006ddc62b2                PMC_Compare_X_I
                0x000000006ddc641f                PMC_Compare_L_X
                0x000000006ddc6498                PMC_Compare_X_L
                0x000000006ddc650a                PMC_Compare_X_X
                0x000000006ddc6665                Initialize_Compare
 .text          0x000000006ddc6680     0x5090 ../build/x64_Debug/pmc_divrem.o
                0x000000006ddc7544                DivRem_X_X
                0x000000006ddc766d                DivRem_X_1W
                0x000000006ddca9bc                PMC_DivRem_I_X
                0x000000006ddcab17                PMC_DivRem_X_I
                0x000000006ddcad50                PMC_DivRem_L_X
                0x000000006ddcaeff                PMC_DivRem_X_L
                0x000000006ddcb15e                PMC_DivRem_X_X
                0x000000006ddcb6ca                Initialize_DivRem
 .text          0x000000006ddcb710      0x550 ../build/x64_Debug/pmc_equals.o
                0x000000006ddcb773                Equals_X_X
                0x000000006ddcb873                PMC_Equals_I_X
                0x000000006ddcb8eb                PMC_Equals_X_I
                0x000000006ddcba19                PMC_Equals_L_X
                0x000000006ddcba93                PMC_Equals_X_L
                0x000000006ddcbb0a                PMC_Equals_X_X
                0x000000006ddcbc43                Initialize_Equals
 .text          0x000000006ddcbc60     0x1400 ../build/x64_Debug/pmc_exclusiveor.o
                0x000000006ddcca12                PMC_ExclusiveOr_I_X
                0x000000006ddccaaf                PMC_ExclusiveOr_X_I
                0x000000006ddcccdd                PMC_ExclusiveOr_L_X
                0x000000006ddccd7c                PMC_ExclusiveOr_X_L
                0x000000006ddcce1b                PMC_ExclusiveOr_X_X
                0x000000006ddcd051                Initialize_ExclusiveOr
 .text          0x000000006ddcd060      0x250 ../build/x64_Debug/pmc_from.o
                0x000000006ddcd0c3                From_I_Imp
                0x000000006ddcd12f                From_L_Imp
                0x000000006ddcd1a9                PMC_From_I
                0x000000006ddcd21e                PMC_From_L
                0x000000006ddcd296                Initialize_From
 .text          0x000000006ddcd2b0       0xd0 ../build/x64_Debug/pmc_getnumbertype.o
                0x000000006ddcd2b0                PMC_GetNumberType_X
                0x000000006ddcd36b                Initialize_GetPropertyValue
 .text          0x000000006ddcd380     0x1080 ../build/x64_Debug/pmc_greatestcommondivisor.o
                0x000000006ddcd976                PMC_GreatestCommonDivisor_I_X
                0x000000006ddcda0b                PMC_GreatestCommonDivisor_X_I
                0x000000006ddcde8d                PMC_GreatestCommonDivisor_L_X
                0x000000006ddcdf24                PMC_GreatestCommonDivisor_X_L
                0x000000006ddcdfb8                PMC_GreatestCommonDivisor_X_X
                0x000000006ddce3ee                Initialize_GreatestCommonDivisor
 .text          0x000000006ddce400      0x6b0 ../build/x64_Debug/pmc_initialize.o
                0x000000006ddce400                PMC_UINT_Initialize
 .text          0x000000006ddceab0     0x18e0 ../build/x64_Debug/pmc_memory.o
                0x000000006ddcf660                AllocateBlock
                0x000000006ddcf79c                DeallocateBlock
                0x000000006ddcf8f2                CheckBlockLight
                0x000000006ddcfba0                AttatchNumber
                0x000000006ddcfbed                AllocateNumber
                0x000000006ddcfc7d                DetatchNumber
                0x000000006ddcfcb1                DeallocateNumber
                0x000000006ddcfe12                CommitNumber
                0x000000006ddd0023                CheckNumber
                0x000000006ddd00ba                DuplicateNumber
                0x000000006ddd0193                PMC_GetConstantValue_I
                0x000000006ddd01dd                PMC_Dispose
                0x000000006ddd021c                Initialize_Memory
                0x000000006ddd02fa                AllocateHeapArea
                0x000000006ddd0349                DeallocateHeapArea
 .text          0x000000006ddd0390     0x1340 ../build/x64_Debug/pmc_modpow.o
                0x000000006ddd15bf                PMC_ModPow_X_X_X
                0x000000006ddd16bd                Initialize_ModPow
 .text          0x000000006ddd16d0     0x2650 ../build/x64_Debug/pmc_multiply.o
                0x000000006ddd1928                Multiply_X_X_Imp
                0x000000006ddd3669                PMC_Multiply_I_X
                0x000000006ddd36fe                PMC_Multiply_X_I
                0x000000006ddd391d                PMC_Multiply_L_X
                0x000000006ddd39b4                PMC_Multiply_X_L
                0x000000006ddd3a48                PMC_Multiply_X_X
                0x000000006ddd3c99                Initialize_Multiply
 .text          0x000000006ddd3d20     0x3610 ../build/x64_Debug/pmc_parse.o
                0x000000006ddd7160                PMC_TryParse
                0x000000006ddd725f                Initialize_Parse
 .text          0x000000006ddd7330      0x590 ../build/x64_Debug/pmc_pow.o
                0x000000006ddd7820                PMC_Pow_X_I
                0x000000006ddd78b1                Initialize_Pow
 .text          0x000000006ddd78c0     0x4d40 ../build/x64_Debug/pmc_shift.o
                0x000000006ddd7a46                RightShift_Imp
                0x000000006ddd8c68                RightShift_Imp_DIV
                0x000000006ddd9e8a                LeftShift_Imp
                0x000000006dddb0a2                LeftShift_Imp_DIV
                0x000000006dddc2ba                PMC_RightShift_X_I
                0x000000006dddc460                PMC_LeftShift_X_I
                0x000000006dddc5e7                Initialize_Shift
 .text          0x000000006dddc600       0x50 ../build/x64_Debug/pmc_statistics.o
                0x000000006dddc600                PMC_GetStatisticsInfo
 .text          0x000000006dddc650     0x1210 ../build/x64_Debug/pmc_subtruct.o
                0x000000006dddcdda                Subtruct_Imp
                0x000000006dddcfb8                PMC_Subtruct_I_X
                0x000000006dddd0dc                PMC_Subtruct_X_I
                0x000000006dddd2e8                PMC_Subtruct_L_X
                0x000000006dddd40f                PMC_Subtruct_X_L
                0x000000006dddd61e                PMC_Subtruct_X_X
                0x000000006dddd84a                Initialize_Subtruct
 .text          0x000000006dddd860      0x190 ../build/x64_Debug/pmc_to.o
                0x000000006dddd87c                PMC_To_X_I
                0x000000006dddd8fc                PMC_To_X_L
                0x000000006dddd9e0                Initialize_To
 .text          0x000000006dddd9f0     0x1b20 ../build/x64_Debug/pmc_tostring.o
                0x000000006dddf2e5                PMC_ToString
                0x000000006dddf47a                Initialize_ToString
 .text          0x000000006dddf510   0x43f660 ../build/x64_Debug/TEST_autogenerated.o
                0x000000006dddf510                TEST_autogenerated
 .text          0x000000006e21eb70      0xca0 ../build/x64_Debug/TEST_op_Add.o
                0x000000006e21ebcb                TEST_PMC_Add_I_X
                0x000000006e21ee1b                TEST_PMC_Add_L_X
                0x000000006e21f06c                TEST_PMC_Add_X_I
                0x000000006e21f2bf                TEST_PMC_Add_X_L
                0x000000006e21f513                TEST_PMC_Add_X_X
 .text          0x000000006e21f810      0x830 ../build/x64_Debug/TEST_op_BitwiseAnd.o
                0x000000006e21f86b                TEST_PMC_BitwiseAnd_I_X
                0x000000006e21f9a0                TEST_PMC_BitwiseAnd_L_X
                0x000000006e21fad8                TEST_PMC_BitwiseAnd_X_I
                0x000000006e21fc0d                TEST_PMC_BitwiseAnd_X_L
                0x000000006e21fd45                TEST_PMC_BitwiseAnd_X_X
 .text          0x000000006e220040      0xca0 ../build/x64_Debug/TEST_op_BitwiseOr.o
                0x000000006e22009b                TEST_PMC_BitwiseOr_I_X
                0x000000006e2202ee                TEST_PMC_BitwiseOr_L_X
                0x000000006e220542                TEST_PMC_BitwiseOr_X_I
                0x000000006e220795                TEST_PMC_BitwiseOr_X_L
                0x000000006e2209e9                TEST_PMC_BitwiseOr_X_X
 .text          0x000000006e220ce0      0x2b0 ../build/x64_Debug/TEST_op_Clone.o
                0x000000006e220d3b                TEST_PMC_Clone_X
 .text          0x000000006e220f90      0x690 ../build/x64_Debug/TEST_op_Compare.o
                0x000000006e220f90                TEST_PMC_Compare_I_X
                0x000000006e2210c5                TEST_PMC_Compare_L_X
                0x000000006e2211fb                TEST_PMC_Compare_X_I
                0x000000006e221330                TEST_PMC_Compare_X_L
                0x000000006e221466                TEST_PMC_Compare_X_X
 .text          0x000000006e221620      0xcc0 ../build/x64_Debug/TEST_op_DivRem.o
                0x000000006e22167b                TEST_PMC_DivRem_I_X
                0x000000006e2217f5                TEST_PMC_DivRem_L_X
                0x000000006e221974                TEST_PMC_DivRem_X_I
                0x000000006e221c1f                TEST_PMC_DivRem_X_L
                0x000000006e221ecd                TEST_PMC_DivRem_X_X
 .text          0x000000006e2222e0      0x690 ../build/x64_Debug/TEST_op_Equals.o
                0x000000006e2222e0                TEST_PMC_Equals_I_X
                0x000000006e222415                TEST_PMC_Equals_L_X
                0x000000006e22254b                TEST_PMC_Equals_X_I
                0x000000006e222680                TEST_PMC_Equals_X_L
                0x000000006e2227b6                TEST_PMC_Equals_X_X
 .text          0x000000006e222970      0xca0 ../build/x64_Debug/TEST_op_ExclusiveOr.o
                0x000000006e2229cb                TEST_PMC_ExclusiveOr_I_X
                0x000000006e222c1e                TEST_PMC_ExclusiveOr_L_X
                0x000000006e222e72                TEST_PMC_ExclusiveOr_X_I
                0x000000006e2230c5                TEST_PMC_ExclusiveOr_X_L
                0x000000006e223319                TEST_PMC_ExclusiveOr_X_X
 .text          0x000000006e223610      0x640 ../build/x64_Debug/TEST_op_From_To.o
                0x000000006e22366b                TEST_PMC_From_I
                0x000000006e22381d                TEST_PMC_From_L
                0x000000006e2239d0                TEST_PMC_To_X_I
                0x000000006e223b0b                TEST_PMC_To_X_L
 .text          0x000000006e223c50      0x140 ../build/x64_Debug/TEST_op_GetNumberType.o
                0x000000006e223c50                TEST_PMC_GetNumberType_X
 .text          0x000000006e223d90      0xd00 ../build/x64_Debug/TEST_op_GreatestCommonDivisor.o
                0x000000006e223deb                TEST_PMC_GreatestCommonDivisor_I_X
                0x000000006e224050                TEST_PMC_GreatestCommonDivisor_L_X
                0x000000006e2242b6                TEST_PMC_GreatestCommonDivisor_X_I
                0x000000006e22451b                TEST_PMC_GreatestCommonDivisor_X_L
                0x000000006e224781                TEST_PMC_GreatestCommonDivisor_X_X
 .text          0x000000006e224a90      0x410 ../build/x64_Debug/TEST_op_ModPow.o
                0x000000006e224aeb                TEST_PMC_ModPow_X_X_X
 .text          0x000000006e224ea0      0xca0 ../build/x64_Debug/TEST_op_Multiply.o
                0x000000006e224efb                TEST_PMC_Multiply_I_X
                0x000000006e22514e                TEST_PMC_Multiply_L_X
                0x000000006e2253a2                TEST_PMC_Multiply_X_I
                0x000000006e2255f5                TEST_PMC_Multiply_X_L
                0x000000006e225849                TEST_PMC_Multiply_X_X
 .text          0x000000006e225b40      0x450 ../build/x64_Debug/TEST_op_ParseDN.o
                0x000000006e225b9b                TEST_PMC_ParseDN1
                0x000000006e225d8b                TEST_PMC_ParseDN2
 .text          0x000000006e225f90      0x260 ../build/x64_Debug/TEST_op_ParseX.o
                0x000000006e225feb                TEST_PMC_ParseX
 .text          0x000000006e2261f0      0x240 ../build/x64_Debug/TEST_op_Pow.o
                0x000000006e22624b                TEST_PMC_Pow_X_I
 .text          0x000000006e226430      0x510 ../build/x64_Debug/TEST_op_Shift.o
                0x000000006e22648b                TEST_PMC_RightShift_X_I
                0x000000006e2266de                TEST_PMC_LeftShift_X_I
 .text          0x000000006e226940      0xab0 ../build/x64_Debug/TEST_op_Subtruct.o
                0x000000006e22699b                TEST_PMC_Subtruct_I_X
                0x000000006e226ad8                TEST_PMC_Subtruct_L_X
                0x000000006e226c18                TEST_PMC_Subtruct_X_I
                0x000000006e226e7d                TEST_PMC_Subtruct_X_L
                0x000000006e2270e3                TEST_PMC_Subtruct_X_X
 .text          0x000000006e2273f0      0x200 ../build/x64_Debug/TEST_op_ToStringD.o
                0x000000006e2273f0                TEST_PMC_ToStringD
 .text          0x000000006e2275f0      0x1f0 ../build/x64_Debug/TEST_op_ToStringN.o
                0x000000006e2275f0                TEST_PMC_ToStringN
 .text          0x000000006e2277e0      0x200 ../build/x64_Debug/TEST_op_ToStringX.o
                0x000000006e2277e0                TEST_PMC_ToStringX
 .text          0x000000006e2279e0        0x8 C:/GNU/MINGW64/x86_64-8.1.0-win32-seh-rt_v6-rev0/mingw64/bin/../lib/gcc/x86_64-w64-mingw32/8.1.0/../../../../x86_64-w64-mingw32/lib/../lib/libkernel32.a(dqifs01555.o)
                0x000000006e2279e0                lstrlenW
 .text          0x000000006e2279e8        0x8 C:/GNU/MINGW64/x86_64-8.1.0-win32-seh-rt_v6-rev0/mingw64/bin/../lib/gcc/x86_64-w64-mingw32/8.1.0/../../../../x86_64-w64-mingw32/lib/../lib/libkernel32.a(dqifs01549.o)
                0x000000006e2279e8                lstrcpyW
 .text          0x000000006e2279f0        0x8 C:/GNU/MINGW64/x86_64-8.1.0-win32-seh-rt_v6-rev0/mingw64/bin/../lib/gcc/x86_64-w64-mingw32/8.1.0/../../../../x86_64-w64-mingw32/lib/../lib/libkernel32.a(dqifs01548.o)
                0x000000006e2279f0                lstrcpyA
 .text          0x000000006e2279f8        0x8 C:/GNU/MINGW64/x86_64-8.1.0-win32-seh-rt_v6-rev0/mingw64/bin/../lib/gcc/x86_64-w64-mingw32/8.1.0/../../../../x86_64-w64-mingw32/lib/../lib/libkernel32.a(dqifs01543.o)
                0x000000006e2279f8                lstrcmpW
 .text          0x000000006e227a00        0x8 C:/GNU/MINGW64/x86_64-8.1.0-win32-seh-rt_v6-rev0/mingw64/bin/../lib/gcc/x86_64-w64-mingw32/8.1.0/../../../../x86_64-w64-mingw32/lib/../lib/libkernel32.a(dqifs00841.o)
                0x000000006e227a00                HeapFree
 .text          0x000000006e227a08        0x8 C:/GNU/MINGW64/x86_64-8.1.0-win32-seh-rt_v6-rev0/mingw64/bin/../lib/gcc/x86_64-w64-mingw32/8.1.0/../../../../x86_64-w64-mingw32/lib/../lib/libkernel32.a(dqifs00839.o)
                0x000000006e227a08                HeapDestroy
 .text          0x000000006e227a10        0x8 C:/GNU/MINGW64/x86_64-8.1.0-win32-seh-rt_v6-rev0/mingw64/bin/../lib/gcc/x86_64-w64-mingw32/8.1.0/../../../../x86_64-w64-mingw32/lib/../lib/libkernel32.a(dqifs00837.o)
                0x000000006e227a10                HeapCreate
 .text          0x000000006e227a18        0x8 C:/GNU/MINGW64/x86_64-8.1.0-win32-seh-rt_v6-rev0/mingw64/bin/../lib/gcc/x86_64-w64-mingw32/8.1.0/../../../../x86_64-w64-mingw32/lib/../lib/libkernel32.a(dqifs00835.o)
                0x000000006e227a18                HeapAlloc
 .text          0x000000006e227a20        0x8 C:/GNU/MINGW64/x86_64-8.1.0-win32-seh-rt_v6-rev0/mingw64/bin/../lib/gcc/x86_64-w64-mingw32/8.1.0/../../../../x86_64-w64-mingw32/lib/../lib/libkernel32.a(dqifs00774.o)
                0x000000006e227a20                GetTickCount
 *fill*         0x000000006e227a28        0x8 
 .text          0x000000006e227a30        0x0 C:/GNU/MINGW64/x86_64-8.1.0-win32-seh-rt_v6-rev0/mingw64/bin/../lib/gcc/x86_64-w64-mingw32/8.1.0/../../../../x86_64-w64-mingw32/lib/../lib/libkernel32.a(dqifh.o)
 .text          0x000000006e227a30        0x0 C:/GNU/MINGW64/x86_64-8.1.0-win32-seh-rt_v6-rev0/mingw64/bin/../lib/gcc/x86_64-w64-mingw32/8.1.0/../../../../x86_64-w64-mingw32/lib/../lib/libkernel32.a(dqift.o)
 .text          0x000000006e227a30        0x8 C:/GNU/MINGW64/x86_64-8.1.0-win32-seh-rt_v6-rev0/mingw64/bin/../lib/gcc/x86_64-w64-mingw32/8.1.0/../../../../x86_64-w64-mingw32/lib/../lib/libuser32.a(dyqes00958.o)
                0x000000006e227a30                wsprintfW
 *fill*         0x000000006e227a38        0x8 
 .text          0x000000006e227a40        0x0 C:/GNU/MINGW64/x86_64-8.1.0-win32-seh-rt_v6-rev0/mingw64/bin/../lib/gcc/x86_64-w64-mingw32/8.1.0/../../../../x86_64-w64-mingw32/lib/../lib/libuser32.a(dyqeh.o)
 .text          0x000000006e227a40        0x0 C:/GNU/MINGW64/x86_64-8.1.0-win32-seh-rt_v6-rev0/mingw64/bin/../lib/gcc/x86_64-w64-mingw32/8.1.0/../../../../x86_64-w64-mingw32/lib/../lib/libuser32.a(dyqet.o)
 *(SORT_BY_NAME(.text$*))
 *(.text.*)
 *(.gnu.linkonce.t.*)
 *(.glue_7t)
 *(.glue_7)
                0x000000006e227a40                . = ALIGN (0x8)
                0x000000006e227a40                ___CTOR_LIST__ = .
                0x000000006e227a40                __CTOR_LIST__ = .
                0x000000006e227a40        0x4 LONG 0xffffffffffffffff
                0x000000006e227a44        0x4 LONG 0xffffffffffffffff
 *(.ctors)
 *(.ctor)
 *(SORT_BY_NAME(.ctors.*))
                0x000000006e227a48        0x4 LONG 0x0
                0x000000006e227a4c        0x4 LONG 0x0
                0x000000006e227a50                ___DTOR_LIST__ = .
                0x000000006e227a50                __DTOR_LIST__ = .
                0x000000006e227a50        0x4 LONG 0xffffffffffffffff
                0x000000006e227a54        0x4 LONG 0xffffffffffffffff
 *(.dtors)
 *(.dtor)
 *(SORT_BY_NAME(.dtors.*))
                0x000000006e227a58        0x4 LONG 0x0
                0x000000006e227a5c        0x4 LONG 0x0
 *(.fini)
 *(.gcc_exc)
                [!provide]                        PROVIDE (etext = .)
 *(.gcc_except_table)

.data           0x000000006e228000    0x68000
                0x000000006e228000                __data_start__ = .
 *(.data)
 .data          0x000000006e228000        0x0 ../build/x64_Debug/cpuid.o
 .data          0x000000006e228000        0x0 ../build/x64_Debug/debug.o
 .data          0x000000006e228000        0x0 ../build/x64_Debug/dllmain.o
 .data          0x000000006e228000        0x0 ../build/x64_Debug/INTERNALTEST_op_DivRem.o
 .data          0x000000006e228000        0x0 ../build/x64_Debug/INTERNALTEST_op_Multiply.o
 .data          0x000000006e228000        0x0 ../build/x64_Debug/pmc_add.o
 .data          0x000000006e228000        0x0 ../build/x64_Debug/pmc_bitwiseand.o
 .data          0x000000006e228000        0x0 ../build/x64_Debug/pmc_bitwiseor.o
 .data          0x000000006e228000        0x0 ../build/x64_Debug/pmc_bytes.o
 .data          0x000000006e228000        0x0 ../build/x64_Debug/pmc_clone.o
 .data          0x000000006e228000        0x0 ../build/x64_Debug/pmc_compare.o
 .data          0x000000006e228000        0x0 ../build/x64_Debug/pmc_divrem.o
 .data          0x000000006e228000        0x0 ../build/x64_Debug/pmc_equals.o
 .data          0x000000006e228000        0x0 ../build/x64_Debug/pmc_exclusiveor.o
 .data          0x000000006e228000        0x0 ../build/x64_Debug/pmc_from.o
 .data          0x000000006e228000        0x0 ../build/x64_Debug/pmc_getnumbertype.o
 .data          0x000000006e228000        0x0 ../build/x64_Debug/pmc_greatestcommondivisor.o
 .data          0x000000006e228000        0x0 ../build/x64_Debug/pmc_initialize.o
 .data          0x000000006e228000        0x0 ../build/x64_Debug/pmc_memory.o
 .data          0x000000006e228000        0x0 ../build/x64_Debug/pmc_modpow.o
 .data          0x000000006e228000        0x0 ../build/x64_Debug/pmc_multiply.o
 .data          0x000000006e228000        0x0 ../build/x64_Debug/pmc_parse.o
 .data          0x000000006e228000        0x0 ../build/x64_Debug/pmc_pow.o
 .data          0x000000006e228000        0x0 ../build/x64_Debug/pmc_shift.o
 .data          0x000000006e228000        0x0 ../build/x64_Debug/pmc_statistics.o
 .data          0x000000006e228000        0x0 ../build/x64_Debug/pmc_subtruct.o
 .data          0x000000006e228000        0x0 ../build/x64_Debug/pmc_to.o
 .data          0x000000006e228000       0xa0 ../build/x64_Debug/pmc_tostring.o
 .data          0x000000006e2280a0    0x67d80 ../build/x64_Debug/TEST_autogenerated.o
 .data          0x000000006e28fe20        0x0 ../build/x64_Debug/TEST_op_Add.o
 .data          0x000000006e28fe20        0x0 ../build/x64_Debug/TEST_op_BitwiseAnd.o
 .data          0x000000006e28fe20        0x0 ../build/x64_Debug/TEST_op_BitwiseOr.o
 .data          0x000000006e28fe20        0x0 ../build/x64_Debug/TEST_op_Clone.o
 .data          0x000000006e28fe20        0x0 ../build/x64_Debug/TEST_op_Compare.o
 .data          0x000000006e28fe20        0x0 ../build/x64_Debug/TEST_op_DivRem.o
 .data          0x000000006e28fe20        0x0 ../build/x64_Debug/TEST_op_Equals.o
 .data          0x000000006e28fe20        0x0 ../build/x64_Debug/TEST_op_ExclusiveOr.o
 .data          0x000000006e28fe20        0x0 ../build/x64_Debug/TEST_op_From_To.o
 .data          0x000000006e28fe20        0x0 ../build/x64_Debug/TEST_op_GetNumberType.o
 .data          0x000000006e28fe20        0x0 ../build/x64_Debug/TEST_op_GreatestCommonDivisor.o
 .data          0x000000006e28fe20        0x0 ../build/x64_Debug/TEST_op_ModPow.o
 .data          0x000000006e28fe20        0x0 ../build/x64_Debug/TEST_op_Multiply.o
 .data          0x000000006e28fe20        0x0 ../build/x64_Debug/TEST_op_ParseDN.o
 .data          0x000000006e28fe20        0x0 ../build/x64_Debug/TEST_op_ParseX.o
 .data          0x000000006e28fe20        0x0 ../build/x64_Debug/TEST_op_Pow.o
 .data          0x000000006e28fe20        0x0 ../build/x64_Debug/TEST_op_Shift.o
 .data          0x000000006e28fe20        0x0 ../build/x64_Debug/TEST_op_Subtruct.o
 .data          0x000000006e28fe20        0x0 ../build/x64_Debug/TEST_op_ToStringD.o
 .data          0x000000006e28fe20        0x0 ../build/x64_Debug/TEST_op_ToStringN.o
 .data          0x000000006e28fe20        0x0 ../build/x64_Debug/TEST_op_ToStringX.o
 .data          0x000000006e28fe20        0x0 C:/GNU/MINGW64/x86_64-8.1.0-win32-seh-rt_v6-rev0/mingw64/bin/../lib/gcc/x86_64-w64-mingw32/8.1.0/../../../../x86_64-w64-mingw32/lib/../lib/libkernel32.a(dqifs01555.o)
 .data          0x000000006e28fe20        0x0 C:/GNU/MINGW64/x86_64-8.1.0-win32-seh-rt_v6-rev0/mingw64/bin/../lib/gcc/x86_64-w64-mingw32/8.1.0/../../../../x86_64-w64-mingw32/lib/../lib/libkernel32.a(dqifs01549.o)
 .data          0x000000006e28fe20        0x0 C:/GNU/MINGW64/x86_64-8.1.0-win32-seh-rt_v6-rev0/mingw64/bin/../lib/gcc/x86_64-w64-mingw32/8.1.0/../../../../x86_64-w64-mingw32/lib/../lib/libkernel32.a(dqifs01548.o)
 .data          0x000000006e28fe20        0x0 C:/GNU/MINGW64/x86_64-8.1.0-win32-seh-rt_v6-rev0/mingw64/bin/../lib/gcc/x86_64-w64-mingw32/8.1.0/../../../../x86_64-w64-mingw32/lib/../lib/libkernel32.a(dqifs01543.o)
 .data          0x000000006e28fe20        0x0 C:/GNU/MINGW64/x86_64-8.1.0-win32-seh-rt_v6-rev0/mingw64/bin/../lib/gcc/x86_64-w64-mingw32/8.1.0/../../../../x86_64-w64-mingw32/lib/../lib/libkernel32.a(dqifs00841.o)
 .data          0x000000006e28fe20        0x0 C:/GNU/MINGW64/x86_64-8.1.0-win32-seh-rt_v6-rev0/mingw64/bin/../lib/gcc/x86_64-w64-mingw32/8.1.0/../../../../x86_64-w64-mingw32/lib/../lib/libkernel32.a(dqifs00839.o)
 .data          0x000000006e28fe20        0x0 C:/GNU/MINGW64/x86_64-8.1.0-win32-seh-rt_v6-rev0/mingw64/bin/../lib/gcc/x86_64-w64-mingw32/8.1.0/../../../../x86_64-w64-mingw32/lib/../lib/libkernel32.a(dqifs00837.o)
 .data          0x000000006e28fe20        0x0 C:/GNU/MINGW64/x86_64-8.1.0-win32-seh-rt_v6-rev0/mingw64/bin/../lib/gcc/x86_64-w64-mingw32/8.1.0/../../../../x86_64-w64-mingw32/lib/../lib/libkernel32.a(dqifs00835.o)
 .data          0x000000006e28fe20        0x0 C:/GNU/MINGW64/x86_64-8.1.0-win32-seh-rt_v6-rev0/mingw64/bin/../lib/gcc/x86_64-w64-mingw32/8.1.0/../../../../x86_64-w64-mingw32/lib/../lib/libkernel32.a(dqifs00774.o)
 .data          0x000000006e28fe20        0x0 C:/GNU/MINGW64/x86_64-8.1.0-win32-seh-rt_v6-rev0/mingw64/bin/../lib/gcc/x86_64-w64-mingw32/8.1.0/../../../../x86_64-w64-mingw32/lib/../lib/libkernel32.a(dqifh.o)
 .data          0x000000006e28fe20        0x0 C:/GNU/MINGW64/x86_64-8.1.0-win32-seh-rt_v6-rev0/mingw64/bin/../lib/gcc/x86_64-w64-mingw32/8.1.0/../../../../x86_64-w64-mingw32/lib/../lib/libkernel32.a(dqift.o)
 .data          0x000000006e28fe20        0x0 C:/GNU/MINGW64/x86_64-8.1.0-win32-seh-rt_v6-rev0/mingw64/bin/../lib/gcc/x86_64-w64-mingw32/8.1.0/../../../../x86_64-w64-mingw32/lib/../lib/libuser32.a(dyqes00958.o)
 .data          0x000000006e28fe20        0x0 C:/GNU/MINGW64/x86_64-8.1.0-win32-seh-rt_v6-rev0/mingw64/bin/../lib/gcc/x86_64-w64-mingw32/8.1.0/../../../../x86_64-w64-mingw32/lib/../lib/libuser32.a(dyqeh.o)
 .data          0x000000006e28fe20        0x0 C:/GNU/MINGW64/x86_64-8.1.0-win32-seh-rt_v6-rev0/mingw64/bin/../lib/gcc/x86_64-w64-mingw32/8.1.0/../../../../x86_64-w64-mingw32/lib/../lib/libuser32.a(dyqet.o)
 *(.data2)
 *(SORT_BY_NAME(.data$*))
 *(.jcr)
                0x000000006e28fe20                __data_end__ = .
 *(.data_cygwin_nocopy)

.rdata          0x000000006e290000    0x5a800
 *(.rdata)
 .rdata         0x000000006e290000      0x1d0 ../build/x64_Debug/debug.o
 .rdata         0x000000006e2901d0      0x100 ../build/x64_Debug/INTERNALTEST_op_DivRem.o
 .rdata         0x000000006e2902d0       0x80 ../build/x64_Debug/INTERNALTEST_op_Multiply.o
 .rdata         0x000000006e290350       0xf0 ../build/x64_Debug/pmc_parse.o
 .rdata         0x000000006e290440       0xf0 ../build/x64_Debug/pmc_tostring.o
 .rdata         0x000000006e290530    0x56300 ../build/x64_Debug/TEST_autogenerated.o
 .rdata         0x000000006e2e6830      0x2c0 ../build/x64_Debug/TEST_op_Add.o
 .rdata         0x000000006e2e6af0      0x360 ../build/x64_Debug/TEST_op_BitwiseAnd.o
 .rdata         0x000000006e2e6e50      0x360 ../build/x64_Debug/TEST_op_BitwiseOr.o
 .rdata         0x000000006e2e71b0      0x120 ../build/x64_Debug/TEST_op_Clone.o
 .rdata         0x000000006e2e72d0      0x2c0 ../build/x64_Debug/TEST_op_Compare.o
 .rdata         0x000000006e2e7590      0x320 ../build/x64_Debug/TEST_op_DivRem.o
 .rdata         0x000000006e2e78b0      0x2c0 ../build/x64_Debug/TEST_op_Equals.o
 .rdata         0x000000006e2e7b70      0x360 ../build/x64_Debug/TEST_op_ExclusiveOr.o
 .rdata         0x000000006e2e7ed0      0x210 ../build/x64_Debug/TEST_op_From_To.o
 .rdata         0x000000006e2e80e0      0x110 ../build/x64_Debug/TEST_op_GetNumberType.o
 .rdata         0x000000006e2e81f0      0x450 ../build/x64_Debug/TEST_op_GreatestCommonDivisor.o
 .rdata         0x000000006e2e8640      0x130 ../build/x64_Debug/TEST_op_ModPow.o
 .rdata         0x000000006e2e8770      0x330 ../build/x64_Debug/TEST_op_Multiply.o
 .rdata         0x000000006e2e8aa0      0x120 ../build/x64_Debug/TEST_op_ParseDN.o
 .rdata         0x000000006e2e8bc0       0xe0 ../build/x64_Debug/TEST_op_ParseX.o
 .rdata         0x000000006e2e8ca0      0x120 ../build/x64_Debug/TEST_op_Pow.o
 .rdata         0x000000006e2e8dc0      0x1c0 ../build/x64_Debug/TEST_op_Shift.o
 .rdata         0x000000006e2e8f80      0x340 ../build/x64_Debug/TEST_op_Subtruct.o
 .rdata         0x000000006e2e92c0       0xf0 ../build/x64_Debug/TEST_op_ToStringD.o
 .rdata         0x000000006e2e93b0       0xf0 ../build/x64_Debug/TEST_op_ToStringN.o
 .rdata         0x000000006e2e94a0       0xf0 ../build/x64_Debug/TEST_op_ToStringX.o
 *(SORT_BY_NAME(.rdata$*))
 .rdata$.refptr.PMC_Add_I_X
                0x000000006e2e9590       0x10 ../build/x64_Debug/pmc_initialize.o
                0x000000006e2e9590                .refptr.PMC_Add_I_X
 .rdata$.refptr.PMC_Add_L_X
                0x000000006e2e95a0       0x10 ../build/x64_Debug/pmc_initialize.o
                0x000000006e2e95a0                .refptr.PMC_Add_L_X
 .rdata$.refptr.PMC_Add_X_I
                0x000000006e2e95b0       0x10 ../build/x64_Debug/pmc_initialize.o
                0x000000006e2e95b0                .refptr.PMC_Add_X_I
 .rdata$.refptr.PMC_Add_X_L
                0x000000006e2e95c0       0x10 ../build/x64_Debug/pmc_initialize.o
                0x000000006e2e95c0                .refptr.PMC_Add_X_L
 .rdata$.refptr.PMC_Add_X_X
                0x000000006e2e95d0       0x10 ../build/x64_Debug/pmc_initialize.o
                0x000000006e2e95d0                .refptr.PMC_Add_X_X
 .rdata$.refptr.PMC_BitwiseAnd_I_X
                0x000000006e2e95e0       0x10 ../build/x64_Debug/pmc_initialize.o
                0x000000006e2e95e0                .refptr.PMC_BitwiseAnd_I_X
 .rdata$.refptr.PMC_BitwiseAnd_L_X
                0x000000006e2e95f0       0x10 ../build/x64_Debug/pmc_initialize.o
                0x000000006e2e95f0                .refptr.PMC_BitwiseAnd_L_X
 .rdata$.refptr.PMC_BitwiseAnd_X_I
                0x000000006e2e9600       0x10 ../build/x64_Debug/pmc_initialize.o
                0x000000006e2e9600                .refptr.PMC_BitwiseAnd_X_I
 .rdata$.refptr.PMC_BitwiseAnd_X_L
                0x000000006e2e9610       0x10 ../build/x64_Debug/pmc_initialize.o
                0x000000006e2e9610                .refptr.PMC_BitwiseAnd_X_L
 .rdata$.refptr.PMC_BitwiseAnd_X_X
                0x000000006e2e9620       0x10 ../build/x64_Debug/pmc_initialize.o
                0x000000006e2e9620                .refptr.PMC_BitwiseAnd_X_X
 .rdata$.refptr.PMC_BitwiseOr_I_X
                0x000000006e2e9630       0x10 ../build/x64_Debug/pmc_initialize.o
                0x000000006e2e9630                .refptr.PMC_BitwiseOr_I_X
 .rdata$.refptr.PMC_BitwiseOr_L_X
                0x000000006e2e9640       0x10 ../build/x64_Debug/pmc_initialize.o
                0x000000006e2e9640                .refptr.PMC_BitwiseOr_L_X
 .rdata$.refptr.PMC_BitwiseOr_X_I
                0x000000006e2e9650       0x10 ../build/x64_Debug/pmc_initialize.o
                0x000000006e2e9650                .refptr.PMC_BitwiseOr_X_I
 .rdata$.refptr.PMC_BitwiseOr_X_L
                0x000000006e2e9660       0x10 ../build/x64_Debug/pmc_initialize.o
                0x000000006e2e9660                .refptr.PMC_BitwiseOr_X_L
 .rdata$.refptr.PMC_BitwiseOr_X_X
                0x000000006e2e9670       0x10 ../build/x64_Debug/pmc_initialize.o
                0x000000006e2e9670                .refptr.PMC_BitwiseOr_X_X
 .rdata$.refptr.PMC_Clone_X
                0x000000006e2e9680       0x10 ../build/x64_Debug/pmc_initialize.o
                0x000000006e2e9680                .refptr.PMC_Clone_X
 .rdata$.refptr.PMC_Compare_I_X
                0x000000006e2e9690       0x10 ../build/x64_Debug/pmc_initialize.o
                0x000000006e2e9690                .refptr.PMC_Compare_I_X
 .rdata$.refptr.PMC_Compare_L_X
                0x000000006e2e96a0       0x10 ../build/x64_Debug/pmc_initialize.o
                0x000000006e2e96a0                .refptr.PMC_Compare_L_X
 .rdata$.refptr.PMC_Compare_X_I
                0x000000006e2e96b0       0x10 ../build/x64_Debug/pmc_initialize.o
                0x000000006e2e96b0                .refptr.PMC_Compare_X_I
 .rdata$.refptr.PMC_Compare_X_L
                0x000000006e2e96c0       0x10 ../build/x64_Debug/pmc_initialize.o
                0x000000006e2e96c0                .refptr.PMC_Compare_X_L
 .rdata$.refptr.PMC_Compare_X_X
                0x000000006e2e96d0       0x10 ../build/x64_Debug/pmc_initialize.o
                0x000000006e2e96d0                .refptr.PMC_Compare_X_X
 .rdata$.refptr.PMC_Dispose
                0x000000006e2e96e0       0x10 ../build/x64_Debug/pmc_initialize.o
                0x000000006e2e96e0                .refptr.PMC_Dispose
 .rdata$.refptr.PMC_DivRem_I_X
                0x000000006e2e96f0       0x10 ../build/x64_Debug/pmc_initialize.o
                0x000000006e2e96f0                .refptr.PMC_DivRem_I_X
 .rdata$.refptr.PMC_DivRem_L_X
                0x000000006e2e9700       0x10 ../build/x64_Debug/pmc_initialize.o
                0x000000006e2e9700                .refptr.PMC_DivRem_L_X
 .rdata$.refptr.PMC_DivRem_X_I
                0x000000006e2e9710       0x10 ../build/x64_Debug/pmc_initialize.o
                0x000000006e2e9710                .refptr.PMC_DivRem_X_I
 .rdata$.refptr.PMC_DivRem_X_L
                0x000000006e2e9720       0x10 ../build/x64_Debug/pmc_initialize.o
                0x000000006e2e9720                .refptr.PMC_DivRem_X_L
 .rdata$.refptr.PMC_DivRem_X_X
                0x000000006e2e9730       0x10 ../build/x64_Debug/pmc_initialize.o
                0x000000006e2e9730                .refptr.PMC_DivRem_X_X
 .rdata$.refptr.PMC_Equals_I_X
                0x000000006e2e9740       0x10 ../build/x64_Debug/pmc_initialize.o
                0x000000006e2e9740                .refptr.PMC_Equals_I_X
 .rdata$.refptr.PMC_Equals_L_X
                0x000000006e2e9750       0x10 ../build/x64_Debug/pmc_initialize.o
                0x000000006e2e9750                .refptr.PMC_Equals_L_X
 .rdata$.refptr.PMC_Equals_X_I
                0x000000006e2e9760       0x10 ../build/x64_Debug/pmc_initialize.o
                0x000000006e2e9760                .refptr.PMC_Equals_X_I
 .rdata$.refptr.PMC_Equals_X_L
                0x000000006e2e9770       0x10 ../build/x64_Debug/pmc_initialize.o
                0x000000006e2e9770                .refptr.PMC_Equals_X_L
 .rdata$.refptr.PMC_Equals_X_X
                0x000000006e2e9780       0x10 ../build/x64_Debug/pmc_initialize.o
                0x000000006e2e9780                .refptr.PMC_Equals_X_X
 .rdata$.refptr.PMC_ExclusiveOr_I_X
                0x000000006e2e9790       0x10 ../build/x64_Debug/pmc_initialize.o
                0x000000006e2e9790                .refptr.PMC_ExclusiveOr_I_X
 .rdata$.refptr.PMC_ExclusiveOr_L_X
                0x000000006e2e97a0       0x10 ../build/x64_Debug/pmc_initialize.o
                0x000000006e2e97a0                .refptr.PMC_ExclusiveOr_L_X
 .rdata$.refptr.PMC_ExclusiveOr_X_I
                0x000000006e2e97b0       0x10 ../build/x64_Debug/pmc_initialize.o
                0x000000006e2e97b0                .refptr.PMC_ExclusiveOr_X_I
 .rdata$.refptr.PMC_ExclusiveOr_X_L
                0x000000006e2e97c0       0x10 ../build/x64_Debug/pmc_initialize.o
                0x000000006e2e97c0                .refptr.PMC_ExclusiveOr_X_L
 .rdata$.refptr.PMC_ExclusiveOr_X_X
                0x000000006e2e97d0       0x10 ../build/x64_Debug/pmc_initialize.o
                0x000000006e2e97d0                .refptr.PMC_ExclusiveOr_X_X
 .rdata$.refptr.PMC_FromByteArray
                0x000000006e2e97e0       0x10 ../build/x64_Debug/pmc_initialize.o
                0x000000006e2e97e0                .refptr.PMC_FromByteArray
 .rdata$.refptr.PMC_From_I
                0x000000006e2e97f0       0x10 ../build/x64_Debug/pmc_initialize.o
                0x000000006e2e97f0                .refptr.PMC_From_I
 .rdata$.refptr.PMC_From_L
                0x000000006e2e9800       0x10 ../build/x64_Debug/pmc_initialize.o
                0x000000006e2e9800                .refptr.PMC_From_L
 .rdata$.refptr.PMC_GetConstantValue_I
                0x000000006e2e9810       0x10 ../build/x64_Debug/pmc_initialize.o
                0x000000006e2e9810                .refptr.PMC_GetConstantValue_I
 .rdata$.refptr.PMC_GetNumberType_X
                0x000000006e2e9820       0x10 ../build/x64_Debug/pmc_initialize.o
                0x000000006e2e9820                .refptr.PMC_GetNumberType_X
 .rdata$.refptr.PMC_GetStatisticsInfo
                0x000000006e2e9830       0x10 ../build/x64_Debug/pmc_initialize.o
                0x000000006e2e9830                .refptr.PMC_GetStatisticsInfo
 .rdata$.refptr.PMC_GreatestCommonDivisor_I_X
                0x000000006e2e9840       0x10 ../build/x64_Debug/pmc_initialize.o
                0x000000006e2e9840                .refptr.PMC_GreatestCommonDivisor_I_X
 .rdata$.refptr.PMC_GreatestCommonDivisor_L_X
                0x000000006e2e9850       0x10 ../build/x64_Debug/pmc_initialize.o
                0x000000006e2e9850                .refptr.PMC_GreatestCommonDivisor_L_X
 .rdata$.refptr.PMC_GreatestCommonDivisor_X_I
                0x000000006e2e9860       0x10 ../build/x64_Debug/pmc_initialize.o
                0x000000006e2e9860                .refptr.PMC_GreatestCommonDivisor_X_I
 .rdata$.refptr.PMC_GreatestCommonDivisor_X_L
                0x000000006e2e9870       0x10 ../build/x64_Debug/pmc_initialize.o
                0x000000006e2e9870                .refptr.PMC_GreatestCommonDivisor_X_L
 .rdata$.refptr.PMC_GreatestCommonDivisor_X_X
                0x000000006e2e9880       0x10 ../build/x64_Debug/pmc_initialize.o
                0x000000006e2e9880                .refptr.PMC_GreatestCommonDivisor_X_X
 .rdata$.refptr.PMC_LeftShift_X_I
                0x000000006e2e9890       0x10 ../build/x64_Debug/pmc_initialize.o
                0x000000006e2e9890                .refptr.PMC_LeftShift_X_I
 .rdata$.refptr.PMC_ModPow_X_X_X
                0x000000006e2e98a0       0x10 ../build/x64_Debug/pmc_initialize.o
                0x000000006e2e98a0                .refptr.PMC_ModPow_X_X_X
 .rdata$.refptr.PMC_Multiply_I_X
                0x000000006e2e98b0       0x10 ../build/x64_Debug/pmc_initialize.o
                0x000000006e2e98b0                .refptr.PMC_Multiply_I_X
 .rdata$.refptr.PMC_Multiply_L_X
                0x000000006e2e98c0       0x10 ../build/x64_Debug/pmc_initialize.o
                0x000000006e2e98c0                .refptr.PMC_Multiply_L_X
 .rdata$.refptr.PMC_Multiply_X_I
                0x000000006e2e98d0       0x10 ../build/x64_Debug/pmc_initialize.o
                0x000000006e2e98d0                .refptr.PMC_Multiply_X_I
 .rdata$.refptr.PMC_Multiply_X_L
                0x000000006e2e98e0       0x10 ../build/x64_Debug/pmc_initialize.o
                0x000000006e2e98e0                .refptr.PMC_Multiply_X_L
 .rdata$.refptr.PMC_Multiply_X_X
                0x000000006e2e98f0       0x10 ../build/x64_Debug/pmc_initialize.o
                0x000000006e2e98f0                .refptr.PMC_Multiply_X_X
 .rdata$.refptr.PMC_Pow_X_I
                0x000000006e2e9900       0x10 ../build/x64_Debug/pmc_initialize.o
                0x000000006e2e9900                .refptr.PMC_Pow_X_I
 .rdata$.refptr.PMC_RightShift_X_I
                0x000000006e2e9910       0x10 ../build/x64_Debug/pmc_initialize.o
                0x000000006e2e9910                .refptr.PMC_RightShift_X_I
 .rdata$.refptr.PMC_Subtruct_I_X
                0x000000006e2e9920       0x10 ../build/x64_Debug/pmc_initialize.o
                0x000000006e2e9920                .refptr.PMC_Subtruct_I_X
 .rdata$.refptr.PMC_Subtruct_L_X
                0x000000006e2e9930       0x10 ../build/x64_Debug/pmc_initialize.o
                0x000000006e2e9930                .refptr.PMC_Subtruct_L_X
 .rdata$.refptr.PMC_Subtruct_X_I
                0x000000006e2e9940       0x10 ../build/x64_Debug/pmc_initialize.o
                0x000000006e2e9940                .refptr.PMC_Subtruct_X_I
 .rdata$.refptr.PMC_Subtruct_X_L
                0x000000006e2e9950       0x10 ../build/x64_Debug/pmc_initialize.o
                0x000000006e2e9950                .refptr.PMC_Subtruct_X_L
 .rdata$.refptr.PMC_Subtruct_X_X
                0x000000006e2e9960       0x10 ../build/x64_Debug/pmc_initialize.o
                0x000000006e2e9960                .refptr.PMC_Subtruct_X_X
 .rdata$.refptr.PMC_ToByteArray
                0x000000006e2e9970       0x10 ../build/x64_Debug/pmc_initialize.o
                0x000000006e2e9970                .refptr.PMC_ToByteArray
 .rdata$.refptr.PMC_ToString
                0x000000006e2e9980       0x10 ../build/x64_Debug/pmc_initialize.o
                0x000000006e2e9980                .refptr.PMC_ToString
 .rdata$.refptr.PMC_To_X_I
                0x000000006e2e9990       0x10 ../build/x64_Debug/pmc_initialize.o
                0x000000006e2e9990                .refptr.PMC_To_X_I
 .rdata$.refptr.PMC_To_X_L
                0x000000006e2e99a0       0x10 ../build/x64_Debug/pmc_initialize.o
                0x000000006e2e99a0                .refptr.PMC_To_X_L
 .rdata$.refptr.PMC_TryParse
                0x000000006e2e99b0       0x10 ../build/x64_Debug/pmc_initialize.o
                0x000000006e2e99b0                .refptr.PMC_TryParse
 .rdata$.refptr.configuration_info
                0x000000006e2e99c0       0x10 ../build/x64_Debug/pmc_memory.o
                0x000000006e2e99c0                .refptr.configuration_info
 .rdata$.refptr.number_one
                0x000000006e2e99d0       0x10 ../build/x64_Debug/pmc_modpow.o
                0x000000006e2e99d0                .refptr.number_one
 .rdata$.refptr.number_zero
                0x000000006e2e99e0       0x10 ../build/x64_Debug/pmc_add.o
                0x000000006e2e99e0                .refptr.number_zero
 .rdata$.refptr.statistics_info
                0x000000006e2e99f0       0x10 ../build/x64_Debug/pmc_divrem.o
                0x000000006e2e99f0                .refptr.statistics_info
 .rdata$zzz     0x000000006e2e9a00       0x40 ../build/x64_Debug/cpuid.o
 .rdata$zzz     0x000000006e2e9a40       0x40 ../build/x64_Debug/debug.o
 .rdata$zzz     0x000000006e2e9a80       0x40 ../build/x64_Debug/dllmain.o
 .rdata$zzz     0x000000006e2e9ac0       0x40 ../build/x64_Debug/INTERNALTEST_op_DivRem.o
 .rdata$zzz     0x000000006e2e9b00       0x40 ../build/x64_Debug/INTERNALTEST_op_Multiply.o
 .rdata$zzz     0x000000006e2e9b40       0x40 ../build/x64_Debug/pmc_add.o
 .rdata$zzz     0x000000006e2e9b80       0x40 ../build/x64_Debug/pmc_bitwiseand.o
 .rdata$zzz     0x000000006e2e9bc0       0x40 ../build/x64_Debug/pmc_bitwiseor.o
 .rdata$zzz     0x000000006e2e9c00       0x40 ../build/x64_Debug/pmc_bytes.o
 .rdata$zzz     0x000000006e2e9c40       0x40 ../build/x64_Debug/pmc_clone.o
 .rdata$zzz     0x000000006e2e9c80       0x40 ../build/x64_Debug/pmc_compare.o
 .rdata$zzz     0x000000006e2e9cc0       0x40 ../build/x64_Debug/pmc_divrem.o
 .rdata$zzz     0x000000006e2e9d00       0x40 ../build/x64_Debug/pmc_equals.o
 .rdata$zzz     0x000000006e2e9d40       0x40 ../build/x64_Debug/pmc_exclusiveor.o
 .rdata$zzz     0x000000006e2e9d80       0x40 ../build/x64_Debug/pmc_from.o
 .rdata$zzz     0x000000006e2e9dc0       0x40 ../build/x64_Debug/pmc_getnumbertype.o
 .rdata$zzz     0x000000006e2e9e00       0x40 ../build/x64_Debug/pmc_greatestcommondivisor.o
 .rdata$zzz     0x000000006e2e9e40       0x40 ../build/x64_Debug/pmc_initialize.o
 .rdata$zzz     0x000000006e2e9e80       0x40 ../build/x64_Debug/pmc_memory.o
 .rdata$zzz     0x000000006e2e9ec0       0x40 ../build/x64_Debug/pmc_modpow.o
 .rdata$zzz     0x000000006e2e9f00       0x40 ../build/x64_Debug/pmc_multiply.o
 .rdata$zzz     0x000000006e2e9f40       0x40 ../build/x64_Debug/pmc_parse.o
 .rdata$zzz     0x000000006e2e9f80       0x40 ../build/x64_Debug/pmc_pow.o
 .rdata$zzz     0x000000006e2e9fc0       0x40 ../build/x64_Debug/pmc_shift.o
 .rdata$zzz     0x000000006e2ea000       0x40 ../build/x64_Debug/pmc_statistics.o
 .rdata$zzz     0x000000006e2ea040       0x40 ../build/x64_Debug/pmc_subtruct.o
 .rdata$zzz     0x000000006e2ea080       0x40 ../build/x64_Debug/pmc_to.o
 .rdata$zzz     0x000000006e2ea0c0       0x40 ../build/x64_Debug/pmc_tostring.o
 .rdata$zzz     0x000000006e2ea100       0x40 ../build/x64_Debug/TEST_autogenerated.o
 .rdata$zzz     0x000000006e2ea140       0x40 ../build/x64_Debug/TEST_op_Add.o
 .rdata$zzz     0x000000006e2ea180       0x40 ../build/x64_Debug/TEST_op_BitwiseAnd.o
 .rdata$zzz     0x000000006e2ea1c0       0x40 ../build/x64_Debug/TEST_op_BitwiseOr.o
 .rdata$zzz     0x000000006e2ea200       0x40 ../build/x64_Debug/TEST_op_Clone.o
 .rdata$zzz     0x000000006e2ea240       0x40 ../build/x64_Debug/TEST_op_Compare.o
 .rdata$zzz     0x000000006e2ea280       0x40 ../build/x64_Debug/TEST_op_DivRem.o
 .rdata$zzz     0x000000006e2ea2c0       0x40 ../build/x64_Debug/TEST_op_Equals.o
 .rdata$zzz     0x000000006e2ea300       0x40 ../build/x64_Debug/TEST_op_ExclusiveOr.o
 .rdata$zzz     0x000000006e2ea340       0x40 ../build/x64_Debug/TEST_op_From_To.o
 .rdata$zzz     0x000000006e2ea380       0x40 ../build/x64_Debug/TEST_op_GetNumberType.o
 .rdata$zzz     0x000000006e2ea3c0       0x40 ../build/x64_Debug/TEST_op_GreatestCommonDivisor.o
 .rdata$zzz     0x000000006e2ea400       0x40 ../build/x64_Debug/TEST_op_ModPow.o
 .rdata$zzz     0x000000006e2ea440       0x40 ../build/x64_Debug/TEST_op_Multiply.o
 .rdata$zzz     0x000000006e2ea480       0x40 ../build/x64_Debug/TEST_op_ParseDN.o
 .rdata$zzz     0x000000006e2ea4c0       0x40 ../build/x64_Debug/TEST_op_ParseX.o
 .rdata$zzz     0x000000006e2ea500       0x40 ../build/x64_Debug/TEST_op_Pow.o
 .rdata$zzz     0x000000006e2ea540       0x40 ../build/x64_Debug/TEST_op_Shift.o
 .rdata$zzz     0x000000006e2ea580       0x40 ../build/x64_Debug/TEST_op_Subtruct.o
 .rdata$zzz     0x000000006e2ea5c0       0x40 ../build/x64_Debug/TEST_op_ToStringD.o
 .rdata$zzz     0x000000006e2ea600       0x40 ../build/x64_Debug/TEST_op_ToStringN.o
 .rdata$zzz     0x000000006e2ea640       0x40 ../build/x64_Debug/TEST_op_ToStringX.o
                0x000000006e2ea680                __rt_psrelocs_start = .
 *(.rdata_runtime_pseudo_reloc)
                0x000000006e2ea680                __rt_psrelocs_end = .
                0x0000000000000000                __rt_psrelocs_size = (__rt_psrelocs_end - __rt_psrelocs_start)
                0x000000006e2ea680                ___RUNTIME_PSEUDO_RELOC_LIST_END__ = .
                0x000000006e2ea680                __RUNTIME_PSEUDO_RELOC_LIST_END__ = .
                0x000000006e2ea680                ___RUNTIME_PSEUDO_RELOC_LIST__ = (. - __rt_psrelocs_size)
                0x000000006e2ea680                __RUNTIME_PSEUDO_RELOC_LIST__ = (. - __rt_psrelocs_size)

.eh_frame
 *(.eh_frame*)

.pdata          0x000000006e2eb000     0x1600
 *(.pdata*)
 .pdata         0x000000006e2eb000       0x30 ../build/x64_Debug/cpuid.o
 .pdata         0x000000006e2eb030       0x60 ../build/x64_Debug/debug.o
 .pdata         0x000000006e2eb090        0xc ../build/x64_Debug/dllmain.o
 .pdata         0x000000006e2eb09c       0x24 ../build/x64_Debug/INTERNALTEST_op_DivRem.o
 .pdata         0x000000006e2eb0c0       0x30 ../build/x64_Debug/INTERNALTEST_op_Multiply.o
 .pdata         0x000000006e2eb0f0      0x150 ../build/x64_Debug/pmc_add.o
 .pdata         0x000000006e2eb240       0x6c ../build/x64_Debug/pmc_bitwiseand.o
 .pdata         0x000000006e2eb2ac       0xb4 ../build/x64_Debug/pmc_bitwiseor.o
 .pdata         0x000000006e2eb360       0x48 ../build/x64_Debug/pmc_bytes.o
 .pdata         0x000000006e2eb3a8       0x18 ../build/x64_Debug/pmc_clone.o
 .pdata         0x000000006e2eb3c0       0x84 ../build/x64_Debug/pmc_compare.o
 .pdata         0x000000006e2eb444      0x24c ../build/x64_Debug/pmc_divrem.o
 .pdata         0x000000006e2eb690       0x84 ../build/x64_Debug/pmc_equals.o
 .pdata         0x000000006e2eb714       0xb4 ../build/x64_Debug/pmc_exclusiveor.o
 .pdata         0x000000006e2eb7c8       0x54 ../build/x64_Debug/pmc_from.o
 .pdata         0x000000006e2eb81c       0x18 ../build/x64_Debug/pmc_getnumbertype.o
 .pdata         0x000000006e2eb834       0xc0 ../build/x64_Debug/pmc_greatestcommondivisor.o
 .pdata         0x000000006e2eb8f4        0xc ../build/x64_Debug/pmc_initialize.o
 .pdata         0x000000006e2eb900      0x174 ../build/x64_Debug/pmc_memory.o
 .pdata         0x000000006e2eba74       0x84 ../build/x64_Debug/pmc_modpow.o
 .pdata         0x000000006e2ebaf8      0x144 ../build/x64_Debug/pmc_multiply.o
 .pdata         0x000000006e2ebc3c      0x18c ../build/x64_Debug/pmc_parse.o
 .pdata         0x000000006e2ebdc8       0x54 ../build/x64_Debug/pmc_pow.o
 .pdata         0x000000006e2ebe1c       0x84 ../build/x64_Debug/pmc_shift.o
 .pdata         0x000000006e2ebea0        0xc ../build/x64_Debug/pmc_statistics.o
 .pdata         0x000000006e2ebeac       0xd8 ../build/x64_Debug/pmc_subtruct.o
 .pdata         0x000000006e2ebf84       0x30 ../build/x64_Debug/pmc_to.o
 .pdata         0x000000006e2ebfb4      0x108 ../build/x64_Debug/pmc_tostring.o
 .pdata         0x000000006e2ec0bc        0xc ../build/x64_Debug/TEST_autogenerated.o
 .pdata         0x000000006e2ec0c8       0x48 ../build/x64_Debug/TEST_op_Add.o
 .pdata         0x000000006e2ec110       0x48 ../build/x64_Debug/TEST_op_BitwiseAnd.o
 .pdata         0x000000006e2ec158       0x48 ../build/x64_Debug/TEST_op_BitwiseOr.o
 .pdata         0x000000006e2ec1a0       0x18 ../build/x64_Debug/TEST_op_Clone.o
 .pdata         0x000000006e2ec1b8       0x3c ../build/x64_Debug/TEST_op_Compare.o
 .pdata         0x000000006e2ec1f4       0x48 ../build/x64_Debug/TEST_op_DivRem.o
 .pdata         0x000000006e2ec23c       0x3c ../build/x64_Debug/TEST_op_Equals.o
 .pdata         0x000000006e2ec278       0x48 ../build/x64_Debug/TEST_op_ExclusiveOr.o
 .pdata         0x000000006e2ec2c0       0x3c ../build/x64_Debug/TEST_op_From_To.o
 .pdata         0x000000006e2ec2fc        0xc ../build/x64_Debug/TEST_op_GetNumberType.o
 .pdata         0x000000006e2ec308       0x48 ../build/x64_Debug/TEST_op_GreatestCommonDivisor.o
 .pdata         0x000000006e2ec350       0x18 ../build/x64_Debug/TEST_op_ModPow.o
 .pdata         0x000000006e2ec368       0x48 ../build/x64_Debug/TEST_op_Multiply.o
 .pdata         0x000000006e2ec3b0       0x24 ../build/x64_Debug/TEST_op_ParseDN.o
 .pdata         0x000000006e2ec3d4       0x18 ../build/x64_Debug/TEST_op_ParseX.o
 .pdata         0x000000006e2ec3ec       0x18 ../build/x64_Debug/TEST_op_Pow.o
 .pdata         0x000000006e2ec404       0x24 ../build/x64_Debug/TEST_op_Shift.o
 .pdata         0x000000006e2ec428       0x48 ../build/x64_Debug/TEST_op_Subtruct.o
 .pdata         0x000000006e2ec470        0xc ../build/x64_Debug/TEST_op_ToStringD.o
 .pdata         0x000000006e2ec47c        0xc ../build/x64_Debug/TEST_op_ToStringN.o
 .pdata         0x000000006e2ec488        0xc ../build/x64_Debug/TEST_op_ToStringX.o

.xdata          0x000000006e2ed000     0x1600
 *(.xdata*)
 .xdata         0x000000006e2ed000       0x30 ../build/x64_Debug/cpuid.o
 .xdata         0x000000006e2ed030       0x60 ../build/x64_Debug/debug.o
 .xdata         0x000000006e2ed090        0xc ../build/x64_Debug/dllmain.o
 .xdata         0x000000006e2ed09c       0x28 ../build/x64_Debug/INTERNALTEST_op_DivRem.o
 .xdata         0x000000006e2ed0c4       0x30 ../build/x64_Debug/INTERNALTEST_op_Multiply.o
 .xdata         0x000000006e2ed0f4      0x120 ../build/x64_Debug/pmc_add.o
 .xdata         0x000000006e2ed214       0x60 ../build/x64_Debug/pmc_bitwiseand.o
 .xdata         0x000000006e2ed274       0xb0 ../build/x64_Debug/pmc_bitwiseor.o
 .xdata         0x000000006e2ed324       0x48 ../build/x64_Debug/pmc_bytes.o
 .xdata         0x000000006e2ed36c       0x14 ../build/x64_Debug/pmc_clone.o
 .xdata         0x000000006e2ed380       0x7c ../build/x64_Debug/pmc_compare.o
 .xdata         0x000000006e2ed3fc      0x224 ../build/x64_Debug/pmc_divrem.o
 .xdata         0x000000006e2ed620       0x7c ../build/x64_Debug/pmc_equals.o
 .xdata         0x000000006e2ed69c       0xb0 ../build/x64_Debug/pmc_exclusiveor.o
 .xdata         0x000000006e2ed74c       0x50 ../build/x64_Debug/pmc_from.o
 .xdata         0x000000006e2ed79c       0x14 ../build/x64_Debug/pmc_getnumbertype.o
 .xdata         0x000000006e2ed7b0       0xc0 ../build/x64_Debug/pmc_greatestcommondivisor.o
 .xdata         0x000000006e2ed870        0xc ../build/x64_Debug/pmc_initialize.o
 .xdata         0x000000006e2ed87c      0x16c ../build/x64_Debug/pmc_memory.o
 .xdata         0x000000006e2ed9e8       0x80 ../build/x64_Debug/pmc_modpow.o
 .xdata         0x000000006e2eda68      0x140 ../build/x64_Debug/pmc_multiply.o
 .xdata         0x000000006e2edba8      0x178 ../build/x64_Debug/pmc_parse.o
 .xdata         0x000000006e2edd20       0x54 ../build/x64_Debug/pmc_pow.o
 .xdata         0x000000006e2edd74       0x88 ../build/x64_Debug/pmc_shift.o
 .xdata         0x000000006e2eddfc        0x8 ../build/x64_Debug/pmc_statistics.o
 .xdata         0x000000006e2ede04       0xc0 ../build/x64_Debug/pmc_subtruct.o
 .xdata         0x000000006e2edec4       0x28 ../build/x64_Debug/pmc_to.o
 .xdata         0x000000006e2edeec      0x104 ../build/x64_Debug/pmc_tostring.o
 .xdata         0x000000006e2edff0       0x18 ../build/x64_Debug/TEST_autogenerated.o
 .xdata         0x000000006e2ee008       0x58 ../build/x64_Debug/TEST_op_Add.o
 .xdata         0x000000006e2ee060       0x58 ../build/x64_Debug/TEST_op_BitwiseAnd.o
 .xdata         0x000000006e2ee0b8       0x58 ../build/x64_Debug/TEST_op_BitwiseOr.o
 .xdata         0x000000006e2ee110       0x18 ../build/x64_Debug/TEST_op_Clone.o
 .xdata         0x000000006e2ee128       0x50 ../build/x64_Debug/TEST_op_Compare.o
 .xdata         0x000000006e2ee178       0x58 ../build/x64_Debug/TEST_op_DivRem.o
 .xdata         0x000000006e2ee1d0       0x50 ../build/x64_Debug/TEST_op_Equals.o
 .xdata         0x000000006e2ee220       0x58 ../build/x64_Debug/TEST_op_ExclusiveOr.o
 .xdata         0x000000006e2ee278       0x48 ../build/x64_Debug/TEST_op_From_To.o
 .xdata         0x000000006e2ee2c0       0x10 ../build/x64_Debug/TEST_op_GetNumberType.o
 .xdata         0x000000006e2ee2d0       0x58 ../build/x64_Debug/TEST_op_GreatestCommonDivisor.o
 .xdata         0x000000006e2ee328       0x18 ../build/x64_Debug/TEST_op_ModPow.o
 .xdata         0x000000006e2ee340       0x58 ../build/x64_Debug/TEST_op_Multiply.o
 .xdata         0x000000006e2ee398       0x28 ../build/x64_Debug/TEST_op_ParseDN.o
 .xdata         0x000000006e2ee3c0       0x18 ../build/x64_Debug/TEST_op_ParseX.o
 .xdata         0x000000006e2ee3d8       0x18 ../build/x64_Debug/TEST_op_Pow.o
 .xdata         0x000000006e2ee3f0       0x28 ../build/x64_Debug/TEST_op_Shift.o
 .xdata         0x000000006e2ee418       0x58 ../build/x64_Debug/TEST_op_Subtruct.o
 .xdata         0x000000006e2ee470       0x10 ../build/x64_Debug/TEST_op_ToStringD.o
 .xdata         0x000000006e2ee480       0x10 ../build/x64_Debug/TEST_op_ToStringN.o
 .xdata         0x000000006e2ee490       0x10 ../build/x64_Debug/TEST_op_ToStringX.o

.bss            0x000000006e2ef000    0x17660
                0x000000006e2ef000                __bss_start__ = .
 *(.bss)
 .bss           0x000000006e2ef000        0x0 ../build/x64_Debug/cpuid.o
 .bss           0x000000006e2ef000      0x420 ../build/x64_Debug/debug.o
                0x000000006e2ef000                test_total_count
                0x000000006e2ef004                test_ok_count
                0x000000006e2ef008                __DEBUG_LOG
 .bss           0x000000006e2ef420        0x0 ../build/x64_Debug/dllmain.o
 .bss           0x000000006e2ef420        0x0 ../build/x64_Debug/INTERNALTEST_op_DivRem.o
 .bss           0x000000006e2ef420        0x0 ../build/x64_Debug/INTERNALTEST_op_Multiply.o
 .bss           0x000000006e2ef420       0x10 ../build/x64_Debug/pmc_add.o
 .bss           0x000000006e2ef430        0x0 ../build/x64_Debug/pmc_bitwiseand.o
 .bss           0x000000006e2ef430        0x0 ../build/x64_Debug/pmc_bitwiseor.o
 .bss           0x000000006e2ef430        0x0 ../build/x64_Debug/pmc_bytes.o
 .bss           0x000000006e2ef430        0x0 ../build/x64_Debug/pmc_clone.o
 .bss           0x000000006e2ef430        0x0 ../build/x64_Debug/pmc_compare.o
 .bss           0x000000006e2ef430       0x10 ../build/x64_Debug/pmc_divrem.o
 .bss           0x000000006e2ef440        0x0 ../build/x64_Debug/pmc_equals.o
 .bss           0x000000006e2ef440        0x0 ../build/x64_Debug/pmc_exclusiveor.o
 .bss           0x000000006e2ef440        0x0 ../build/x64_Debug/pmc_from.o
 .bss           0x000000006e2ef440        0x0 ../build/x64_Debug/pmc_getnumbertype.o
 .bss           0x000000006e2ef440        0x0 ../build/x64_Debug/pmc_greatestcommondivisor.o
 .bss           0x000000006e2ef440      0x240 ../build/x64_Debug/pmc_initialize.o
 .bss           0x000000006e2ef680        0x0 ../build/x64_Debug/pmc_memory.o
 .bss           0x000000006e2ef680        0x0 ../build/x64_Debug/pmc_modpow.o
 .bss           0x000000006e2ef680       0x20 ../build/x64_Debug/pmc_multiply.o
 .bss           0x000000006e2ef6a0       0x40 ../build/x64_Debug/pmc_parse.o
 .bss           0x000000006e2ef6e0        0x0 ../build/x64_Debug/pmc_pow.o
 .bss           0x000000006e2ef6e0        0x0 ../build/x64_Debug/pmc_shift.o
 .bss           0x000000006e2ef6e0        0x0 ../build/x64_Debug/pmc_statistics.o
 .bss           0x000000006e2ef6e0        0x0 ../build/x64_Debug/pmc_subtruct.o
 .bss           0x000000006e2ef6e0        0x0 ../build/x64_Debug/pmc_to.o
 .bss           0x000000006e2ef6e0       0x40 ../build/x64_Debug/pmc_tostring.o
 .bss           0x000000006e2ef720      0xb10 ../build/x64_Debug/TEST_autogenerated.o
 .bss           0x000000006e2f0230        0x0 ../build/x64_Debug/TEST_op_Add.o
 .bss           0x000000006e2f0230        0x0 ../build/x64_Debug/TEST_op_BitwiseAnd.o
 .bss           0x000000006e2f0230        0x0 ../build/x64_Debug/TEST_op_BitwiseOr.o
 .bss           0x000000006e2f0230        0x0 ../build/x64_Debug/TEST_op_Clone.o
 .bss           0x000000006e2f0230        0x0 ../build/x64_Debug/TEST_op_Compare.o
 .bss           0x000000006e2f0230        0x0 ../build/x64_Debug/TEST_op_DivRem.o
 .bss           0x000000006e2f0230        0x0 ../build/x64_Debug/TEST_op_Equals.o
 .bss           0x000000006e2f0230        0x0 ../build/x64_Debug/TEST_op_ExclusiveOr.o
 .bss           0x000000006e2f0230        0x0 ../build/x64_Debug/TEST_op_From_To.o
 .bss           0x000000006e2f0230        0x0 ../build/x64_Debug/TEST_op_GetNumberType.o
 .bss           0x000000006e2f0230        0x0 ../build/x64_Debug/TEST_op_GreatestCommonDivisor.o
 .bss           0x000000006e2f0230        0x0 ../build/x64_Debug/TEST_op_ModPow.o
 .bss           0x000000006e2f0230        0x0 ../build/x64_Debug/TEST_op_Multiply.o
 *fill*         0x000000006e2f0230       0x10 
 .bss           0x000000006e2f0240      0x240 ../build/x64_Debug/TEST_op_ParseDN.o
 .bss           0x000000006e2f0480      0x120 ../build/x64_Debug/TEST_op_ParseX.o
 .bss           0x000000006e2f05a0    0x10000 ../build/x64_Debug/TEST_op_Pow.o
 .bss           0x000000006e3005a0        0x0 ../build/x64_Debug/TEST_op_Shift.o
 .bss           0x000000006e3005a0        0x0 ../build/x64_Debug/TEST_op_Subtruct.o
 .bss           0x000000006e3005a0     0x2000 ../build/x64_Debug/TEST_op_ToStringD.o
 .bss           0x000000006e3025a0     0x2000 ../build/x64_Debug/TEST_op_ToStringN.o
 .bss           0x000000006e3045a0     0x2000 ../build/x64_Debug/TEST_op_ToStringX.o
 .bss           0x000000006e3065a0        0x0 C:/GNU/MINGW64/x86_64-8.1.0-win32-seh-rt_v6-rev0/mingw64/bin/../lib/gcc/x86_64-w64-mingw32/8.1.0/../../../../x86_64-w64-mingw32/lib/../lib/libkernel32.a(dqifs01555.o)
 .bss           0x000000006e3065a0        0x0 C:/GNU/MINGW64/x86_64-8.1.0-win32-seh-rt_v6-rev0/mingw64/bin/../lib/gcc/x86_64-w64-mingw32/8.1.0/../../../../x86_64-w64-mingw32/lib/../lib/libkernel32.a(dqifs01549.o)
 .bss           0x000000006e3065a0        0x0 C:/GNU/MINGW64/x86_64-8.1.0-win32-seh-rt_v6-rev0/mingw64/bin/../lib/gcc/x86_64-w64-mingw32/8.1.0/../../../../x86_64-w64-mingw32/lib/../lib/libkernel32.a(dqifs01548.o)
 .bss           0x000000006e3065a0        0x0 C:/GNU/MINGW64/x86_64-8.1.0-win32-seh-rt_v6-rev0/mingw64/bin/../lib/gcc/x86_64-w64-mingw32/8.1.0/../../../../x86_64-w64-mingw32/lib/../lib/libkernel32.a(dqifs01543.o)
 .bss           0x000000006e3065a0        0x0 C:/GNU/MINGW64/x86_64-8.1.0-win32-seh-rt_v6-rev0/mingw64/bin/../lib/gcc/x86_64-w64-mingw32/8.1.0/../../../../x86_64-w64-mingw32/lib/../lib/libkernel32.a(dqifs00841.o)
 .bss           0x000000006e3065a0        0x0 C:/GNU/MINGW64/x86_64-8.1.0-win32-seh-rt_v6-rev0/mingw64/bin/../lib/gcc/x86_64-w64-mingw32/8.1.0/../../../../x86_64-w64-mingw32/lib/../lib/libkernel32.a(dqifs00839.o)
 .bss           0x000000006e3065a0        0x0 C:/GNU/MINGW64/x86_64-8.1.0-win32-seh-rt_v6-rev0/mingw64/bin/../lib/gcc/x86_64-w64-mingw32/8.1.0/../../../../x86_64-w64-mingw32/lib/../lib/libkernel32.a(dqifs00837.o)
 .bss           0x000000006e3065a0        0x0 C:/GNU/MINGW64/x86_64-8.1.0-win32-seh-rt_v6-rev0/mingw64/bin/../lib/gcc/x86_64-w64-mingw32/8.1.0/../../../../x86_64-w64-mingw32/lib/../lib/libkernel32.a(dqifs00835.o)
 .bss           0x000000006e3065a0        0x0 C:/GNU/MINGW64/x86_64-8.1.0-win32-seh-rt_v6-rev0/mingw64/bin/../lib/gcc/x86_64-w64-mingw32/8.1.0/../../../../x86_64-w64-mingw32/lib/../lib/libkernel32.a(dqifs00774.o)
 .bss           0x000000006e3065a0        0x0 C:/GNU/MINGW64/x86_64-8.1.0-win32-seh-rt_v6-rev0/mingw64/bin/../lib/gcc/x86_64-w64-mingw32/8.1.0/../../../../x86_64-w64-mingw32/lib/../lib/libkernel32.a(dqifh.o)
 .bss           0x000000006e3065a0        0x0 C:/GNU/MINGW64/x86_64-8.1.0-win32-seh-rt_v6-rev0/mingw64/bin/../lib/gcc/x86_64-w64-mingw32/8.1.0/../../../../x86_64-w64-mingw32/lib/../lib/libkernel32.a(dqift.o)
 .bss           0x000000006e3065a0        0x0 C:/GNU/MINGW64/x86_64-8.1.0-win32-seh-rt_v6-rev0/mingw64/bin/../lib/gcc/x86_64-w64-mingw32/8.1.0/../../../../x86_64-w64-mingw32/lib/../lib/libuser32.a(dyqes00958.o)
 .bss           0x000000006e3065a0        0x0 C:/GNU/MINGW64/x86_64-8.1.0-win32-seh-rt_v6-rev0/mingw64/bin/../lib/gcc/x86_64-w64-mingw32/8.1.0/../../../../x86_64-w64-mingw32/lib/../lib/libuser32.a(dyqeh.o)
 .bss           0x000000006e3065a0        0x0 C:/GNU/MINGW64/x86_64-8.1.0-win32-seh-rt_v6-rev0/mingw64/bin/../lib/gcc/x86_64-w64-mingw32/8.1.0/../../../../x86_64-w64-mingw32/lib/../lib/libuser32.a(dyqet.o)
 *(COMMON)
 COMMON         0x000000006e3065a0        0x4 ../build/x64_Debug/pmc_initialize.o
                0x000000006e3065a0                configuration_info
 *fill*         0x000000006e3065a4       0x1c 
 COMMON         0x000000006e3065c0       0x88 ../build/x64_Debug/pmc_memory.o
                0x000000006e3065c0                number_one
                0x000000006e306600                number_zero
                0x000000006e306640                hLocalHeap
 *fill*         0x000000006e306648        0x8 
 COMMON         0x000000006e306650       0x10 ../build/x64_Debug/pmc_statistics.o
                0x000000006e306650                statistics_info
                0x000000006e306660                __bss_end__ = .

.edata          0x000000006e307000      0x200
 *(.edata)
 .edata         0x000000006e307000       0x56 dll stuff

/DISCARD/
 *(.debug$S)
 *(.debug$T)
 *(.debug$F)
 *(.drectve)
 *(.note.GNU-stack)
 *(.gnu.lto_*)

.idata          0x000000006e308000      0x200
 SORT_BY_NAME(*)(.idata$2)
 .idata$2       0x000000006e308000       0x14 C:/GNU/MINGW64/x86_64-8.1.0-win32-seh-rt_v6-rev0/mingw64/bin/../lib/gcc/x86_64-w64-mingw32/8.1.0/../../../../x86_64-w64-mingw32/lib/../lib/libkernel32.a(dqifh.o)
                0x000000006e308000                _head_lib64_libkernel32_a
 .idata$2       0x000000006e308014       0x14 C:/GNU/MINGW64/x86_64-8.1.0-win32-seh-rt_v6-rev0/mingw64/bin/../lib/gcc/x86_64-w64-mingw32/8.1.0/../../../../x86_64-w64-mingw32/lib/../lib/libuser32.a(dyqeh.o)
                0x000000006e308014                _head_lib64_libuser32_a
 SORT_BY_NAME(*)(.idata$3)
                0x000000006e308028        0x4 LONG 0x0
                0x000000006e30802c        0x4 LONG 0x0
                0x000000006e308030        0x4 LONG 0x0
                0x000000006e308034        0x4 LONG 0x0
                0x000000006e308038        0x4 LONG 0x0
 SORT_BY_NAME(*)(.idata$4)
 .idata$4       0x000000006e30803c        0x0 C:/GNU/MINGW64/x86_64-8.1.0-win32-seh-rt_v6-rev0/mingw64/bin/../lib/gcc/x86_64-w64-mingw32/8.1.0/../../../../x86_64-w64-mingw32/lib/../lib/libkernel32.a(dqifh.o)
 .idata$4       0x000000006e30803c        0x8 C:/GNU/MINGW64/x86_64-8.1.0-win32-seh-rt_v6-rev0/mingw64/bin/../lib/gcc/x86_64-w64-mingw32/8.1.0/../../../../x86_64-w64-mingw32/lib/../lib/libkernel32.a(dqifs00774.o)
 .idata$4       0x000000006e308044        0x8 C:/GNU/MINGW64/x86_64-8.1.0-win32-seh-rt_v6-rev0/mingw64/bin/../lib/gcc/x86_64-w64-mingw32/8.1.0/../../../../x86_64-w64-mingw32/lib/../lib/libkernel32.a(dqifs00835.o)
 .idata$4       0x000000006e30804c        0x8 C:/GNU/MINGW64/x86_64-8.1.0-win32-seh-rt_v6-rev0/mingw64/bin/../lib/gcc/x86_64-w64-mingw32/8.1.0/../../../../x86_64-w64-mingw32/lib/../lib/libkernel32.a(dqifs00837.o)
 .idata$4       0x000000006e308054        0x8 C:/GNU/MINGW64/x86_64-8.1.0-win32-seh-rt_v6-rev0/mingw64/bin/../lib/gcc/x86_64-w64-mingw32/8.1.0/../../../../x86_64-w64-mingw32/lib/../lib/libkernel32.a(dqifs00839.o)
 .idata$4       0x000000006e30805c        0x8 C:/GNU/MINGW64/x86_64-8.1.0-win32-seh-rt_v6-rev0/mingw64/bin/../lib/gcc/x86_64-w64-mingw32/8.1.0/../../../../x86_64-w64-mingw32/lib/../lib/libkernel32.a(dqifs00841.o)
 .idata$4       0x000000006e308064        0x8 C:/GNU/MINGW64/x86_64-8.1.0-win32-seh-rt_v6-rev0/mingw64/bin/../lib/gcc/x86_64-w64-mingw32/8.1.0/../../../../x86_64-w64-mingw32/lib/../lib/libkernel32.a(dqifs01543.o)
 .idata$4       0x000000006e30806c        0x8 C:/GNU/MINGW64/x86_64-8.1.0-win32-seh-rt_v6-rev0/mingw64/bin/../lib/gcc/x86_64-w64-mingw32/8.1.0/../../../../x86_64-w64-mingw32/lib/../lib/libkernel32.a(dqifs01548.o)
 .idata$4       0x000000006e308074        0x8 C:/GNU/MINGW64/x86_64-8.1.0-win32-seh-rt_v6-rev0/mingw64/bin/../lib/gcc/x86_64-w64-mingw32/8.1.0/../../../../x86_64-w64-mingw32/lib/../lib/libkernel32.a(dqifs01549.o)
 .idata$4       0x000000006e30807c        0x8 C:/GNU/MINGW64/x86_64-8.1.0-win32-seh-rt_v6-rev0/mingw64/bin/../lib/gcc/x86_64-w64-mingw32/8.1.0/../../../../x86_64-w64-mingw32/lib/../lib/libkernel32.a(dqifs01555.o)
 .idata$4       0x000000006e308084        0x8 C:/GNU/MINGW64/x86_64-8.1.0-win32-seh-rt_v6-rev0/mingw64/bin/../lib/gcc/x86_64-w64-mingw32/8.1.0/../../../../x86_64-w64-mingw32/lib/../lib/libkernel32.a(dqift.o)
 .idata$4       0x000000006e30808c        0x0 C:/GNU/MINGW64/x86_64-8.1.0-win32-seh-rt_v6-rev0/mingw64/bin/../lib/gcc/x86_64-w64-mingw32/8.1.0/../../../../x86_64-w64-mingw32/lib/../lib/libuser32.a(dyqeh.o)
 .idata$4       0x000000006e30808c        0x8 C:/GNU/MINGW64/x86_64-8.1.0-win32-seh-rt_v6-rev0/mingw64/bin/../lib/gcc/x86_64-w64-mingw32/8.1.0/../../../../x86_64-w64-mingw32/lib/../lib/libuser32.a(dyqes00958.o)
 .idata$4       0x000000006e308094        0x8 C:/GNU/MINGW64/x86_64-8.1.0-win32-seh-rt_v6-rev0/mingw64/bin/../lib/gcc/x86_64-w64-mingw32/8.1.0/../../../../x86_64-w64-mingw32/lib/../lib/libuser32.a(dyqet.o)
                0x000000006e30809c                __IAT_start__ = .
 SORT_BY_NAME(*)(.idata$5)
 .idata$5       0x000000006e30809c        0x0 C:/GNU/MINGW64/x86_64-8.1.0-win32-seh-rt_v6-rev0/mingw64/bin/../lib/gcc/x86_64-w64-mingw32/8.1.0/../../../../x86_64-w64-mingw32/lib/../lib/libkernel32.a(dqifh.o)
 .idata$5       0x000000006e30809c        0x8 C:/GNU/MINGW64/x86_64-8.1.0-win32-seh-rt_v6-rev0/mingw64/bin/../lib/gcc/x86_64-w64-mingw32/8.1.0/../../../../x86_64-w64-mingw32/lib/../lib/libkernel32.a(dqifs00774.o)
                0x000000006e30809c                __imp_GetTickCount
 .idata$5       0x000000006e3080a4        0x8 C:/GNU/MINGW64/x86_64-8.1.0-win32-seh-rt_v6-rev0/mingw64/bin/../lib/gcc/x86_64-w64-mingw32/8.1.0/../../../../x86_64-w64-mingw32/lib/../lib/libkernel32.a(dqifs00835.o)
                0x000000006e3080a4                __imp_HeapAlloc
 .idata$5       0x000000006e3080ac        0x8 C:/GNU/MINGW64/x86_64-8.1.0-win32-seh-rt_v6-rev0/mingw64/bin/../lib/gcc/x86_64-w64-mingw32/8.1.0/../../../../x86_64-w64-mingw32/lib/../lib/libkernel32.a(dqifs00837.o)
                0x000000006e3080ac                __imp_HeapCreate
 .idata$5       0x000000006e3080b4        0x8 C:/GNU/MINGW64/x86_64-8.1.0-win32-seh-rt_v6-rev0/mingw64/bin/../lib/gcc/x86_64-w64-mingw32/8.1.0/../../../../x86_64-w64-mingw32/lib/../lib/libkernel32.a(dqifs00839.o)
                0x000000006e3080b4                __imp_HeapDestroy
 .idata$5       0x000000006e3080bc        0x8 C:/GNU/MINGW64/x86_64-8.1.0-win32-seh-rt_v6-rev0/mingw64/bin/../lib/gcc/x86_64-w64-mingw32/8.1.0/../../../../x86_64-w64-mingw32/lib/../lib/libkernel32.a(dqifs00841.o)
                0x000000006e3080bc                __imp_HeapFree
 .idata$5       0x000000006e3080c4        0x8 C:/GNU/MINGW64/x86_64-8.1.0-win32-seh-rt_v6-rev0/mingw64/bin/../lib/gcc/x86_64-w64-mingw32/8.1.0/../../../../x86_64-w64-mingw32/lib/../lib/libkernel32.a(dqifs01543.o)
                0x000000006e3080c4                __imp_lstrcmpW
 .idata$5       0x000000006e3080cc        0x8 C:/GNU/MINGW64/x86_64-8.1.0-win32-seh-rt_v6-rev0/mingw64/bin/../lib/gcc/x86_64-w64-mingw32/8.1.0/../../../../x86_64-w64-mingw32/lib/../lib/libkernel32.a(dqifs01548.o)
                0x000000006e3080cc                __imp_lstrcpyA
 .idata$5       0x000000006e3080d4        0x8 C:/GNU/MINGW64/x86_64-8.1.0-win32-seh-rt_v6-rev0/mingw64/bin/../lib/gcc/x86_64-w64-mingw32/8.1.0/../../../../x86_64-w64-mingw32/lib/../lib/libkernel32.a(dqifs01549.o)
                0x000000006e3080d4                __imp_lstrcpyW
 .idata$5       0x000000006e3080dc        0x8 C:/GNU/MINGW64/x86_64-8.1.0-win32-seh-rt_v6-rev0/mingw64/bin/../lib/gcc/x86_64-w64-mingw32/8.1.0/../../../../x86_64-w64-mingw32/lib/../lib/libkernel32.a(dqifs01555.o)
                0x000000006e3080dc                __imp_lstrlenW
 .idata$5       0x000000006e3080e4        0x8 C:/GNU/MINGW64/x86_64-8.1.0-win32-seh-rt_v6-rev0/mingw64/bin/../lib/gcc/x86_64-w64-mingw32/8.1.0/../../../../x86_64-w64-mingw32/lib/../lib/libkernel32.a(dqift.o)
 .idata$5       0x000000006e3080ec        0x0 C:/GNU/MINGW64/x86_64-8.1.0-win32-seh-rt_v6-rev0/mingw64/bin/../lib/gcc/x86_64-w64-mingw32/8.1.0/../../../../x86_64-w64-mingw32/lib/../lib/libuser32.a(dyqeh.o)
 .idata$5       0x000000006e3080ec        0x8 C:/GNU/MINGW64/x86_64-8.1.0-win32-seh-rt_v6-rev0/mingw64/bin/../lib/gcc/x86_64-w64-mingw32/8.1.0/../../../../x86_64-w64-mingw32/lib/../lib/libuser32.a(dyqes00958.o)
                0x000000006e3080ec                __imp_wsprintfW
 .idata$5       0x000000006e3080f4        0x8 C:/GNU/MINGW64/x86_64-8.1.0-win32-seh-rt_v6-rev0/mingw64/bin/../lib/gcc/x86_64-w64-mingw32/8.1.0/../../../../x86_64-w64-mingw32/lib/../lib/libuser32.a(dyqet.o)
                0x000000006e3080fc                __IAT_end__ = .
 SORT_BY_NAME(*)(.idata$6)
 .idata$6       0x000000006e3080fc       0x10 C:/GNU/MINGW64/x86_64-8.1.0-win32-seh-rt_v6-rev0/mingw64/bin/../lib/gcc/x86_64-w64-mingw32/8.1.0/../../../../x86_64-w64-mingw32/lib/../lib/libkernel32.a(dqifs00774.o)
 .idata$6       0x000000006e30810c        0xc C:/GNU/MINGW64/x86_64-8.1.0-win32-seh-rt_v6-rev0/mingw64/bin/../lib/gcc/x86_64-w64-mingw32/8.1.0/../../../../x86_64-w64-mingw32/lib/../lib/libkernel32.a(dqifs00835.o)
 .idata$6       0x000000006e308118        0xe C:/GNU/MINGW64/x86_64-8.1.0-win32-seh-rt_v6-rev0/mingw64/bin/../lib/gcc/x86_64-w64-mingw32/8.1.0/../../../../x86_64-w64-mingw32/lib/../lib/libkernel32.a(dqifs00837.o)
 .idata$6       0x000000006e308126        0xe C:/GNU/MINGW64/x86_64-8.1.0-win32-seh-rt_v6-rev0/mingw64/bin/../lib/gcc/x86_64-w64-mingw32/8.1.0/../../../../x86_64-w64-mingw32/lib/../lib/libkernel32.a(dqifs00839.o)
 .idata$6       0x000000006e308134        0xc C:/GNU/MINGW64/x86_64-8.1.0-win32-seh-rt_v6-rev0/mingw64/bin/../lib/gcc/x86_64-w64-mingw32/8.1.0/../../../../x86_64-w64-mingw32/lib/../lib/libkernel32.a(dqifs00841.o)
 .idata$6       0x000000006e308140        0xc C:/GNU/MINGW64/x86_64-8.1.0-win32-seh-rt_v6-rev0/mingw64/bin/../lib/gcc/x86_64-w64-mingw32/8.1.0/../../../../x86_64-w64-mingw32/lib/../lib/libkernel32.a(dqifs01543.o)
 .idata$6       0x000000006e30814c        0xc C:/GNU/MINGW64/x86_64-8.1.0-win32-seh-rt_v6-rev0/mingw64/bin/../lib/gcc/x86_64-w64-mingw32/8.1.0/../../../../x86_64-w64-mingw32/lib/../lib/libkernel32.a(dqifs01548.o)
 .idata$6       0x000000006e308158        0xc C:/GNU/MINGW64/x86_64-8.1.0-win32-seh-rt_v6-rev0/mingw64/bin/../lib/gcc/x86_64-w64-mingw32/8.1.0/../../../../x86_64-w64-mingw32/lib/../lib/libkernel32.a(dqifs01549.o)
 .idata$6       0x000000006e308164        0xc C:/GNU/MINGW64/x86_64-8.1.0-win32-seh-rt_v6-rev0/mingw64/bin/../lib/gcc/x86_64-w64-mingw32/8.1.0/../../../../x86_64-w64-mingw32/lib/../lib/libkernel32.a(dqifs01555.o)
 .idata$6       0x000000006e308170        0xc C:/GNU/MINGW64/x86_64-8.1.0-win32-seh-rt_v6-rev0/mingw64/bin/../lib/gcc/x86_64-w64-mingw32/8.1.0/../../../../x86_64-w64-mingw32/lib/../lib/libuser32.a(dyqes00958.o)
 SORT_BY_NAME(*)(.idata$7)
 .idata$7       0x000000006e30817c        0x4 C:/GNU/MINGW64/x86_64-8.1.0-win32-seh-rt_v6-rev0/mingw64/bin/../lib/gcc/x86_64-w64-mingw32/8.1.0/../../../../x86_64-w64-mingw32/lib/../lib/libkernel32.a(dqifs00774.o)
 .idata$7       0x000000006e308180        0x4 C:/GNU/MINGW64/x86_64-8.1.0-win32-seh-rt_v6-rev0/mingw64/bin/../lib/gcc/x86_64-w64-mingw32/8.1.0/../../../../x86_64-w64-mingw32/lib/../lib/libkernel32.a(dqifs00835.o)
 .idata$7       0x000000006e308184        0x4 C:/GNU/MINGW64/x86_64-8.1.0-win32-seh-rt_v6-rev0/mingw64/bin/../lib/gcc/x86_64-w64-mingw32/8.1.0/../../../../x86_64-w64-mingw32/lib/../lib/libkernel32.a(dqifs00837.o)
 .idata$7       0x000000006e308188        0x4 C:/GNU/MINGW64/x86_64-8.1.0-win32-seh-rt_v6-rev0/mingw64/bin/../lib/gcc/x86_64-w64-mingw32/8.1.0/../../../../x86_64-w64-mingw32/lib/../lib/libkernel32.a(dqifs00839.o)
 .idata$7       0x000000006e30818c        0x4 C:/GNU/MINGW64/x86_64-8.1.0-win32-seh-rt_v6-rev0/mingw64/bin/../lib/gcc/x86_64-w64-mingw32/8.1.0/../../../../x86_64-w64-mingw32/lib/../lib/libkernel32.a(dqifs00841.o)
 .idata$7       0x000000006e308190        0x4 C:/GNU/MINGW64/x86_64-8.1.0-win32-seh-rt_v6-rev0/mingw64/bin/../lib/gcc/x86_64-w64-mingw32/8.1.0/../../../../x86_64-w64-mingw32/lib/../lib/libkernel32.a(dqifs01543.o)
 .idata$7       0x000000006e308194        0x4 C:/GNU/MINGW64/x86_64-8.1.0-win32-seh-rt_v6-rev0/mingw64/bin/../lib/gcc/x86_64-w64-mingw32/8.1.0/../../../../x86_64-w64-mingw32/lib/../lib/libkernel32.a(dqifs01548.o)
 .idata$7       0x000000006e308198        0x4 C:/GNU/MINGW64/x86_64-8.1.0-win32-seh-rt_v6-rev0/mingw64/bin/../lib/gcc/x86_64-w64-mingw32/8.1.0/../../../../x86_64-w64-mingw32/lib/../lib/libkernel32.a(dqifs01549.o)
 .idata$7       0x000000006e30819c        0x4 C:/GNU/MINGW64/x86_64-8.1.0-win32-seh-rt_v6-rev0/mingw64/bin/../lib/gcc/x86_64-w64-mingw32/8.1.0/../../../../x86_64-w64-mingw32/lib/../lib/libkernel32.a(dqifs01555.o)
 .idata$7       0x000000006e3081a0       0x10 C:/GNU/MINGW64/x86_64-8.1.0-win32-seh-rt_v6-rev0/mingw64/bin/../lib/gcc/x86_64-w64-mingw32/8.1.0/../../../../x86_64-w64-mingw32/lib/../lib/libkernel32.a(dqift.o)
                0x000000006e3081a0                __lib64_libkernel32_a_iname
 .idata$7       0x000000006e3081b0        0x4 C:/GNU/MINGW64/x86_64-8.1.0-win32-seh-rt_v6-rev0/mingw64/bin/../lib/gcc/x86_64-w64-mingw32/8.1.0/../../../../x86_64-w64-mingw32/lib/../lib/libuser32.a(dyqes00958.o)
 .idata$7       0x000000006e3081b4        0xc C:/GNU/MINGW64/x86_64-8.1.0-win32-seh-rt_v6-rev0/mingw64/bin/../lib/gcc/x86_64-w64-mingw32/8.1.0/../../../../x86_64-w64-mingw32/lib/../lib/libuser32.a(dyqet.o)
                0x000000006e3081b4                __lib64_libuser32_a_iname

.CRT            0x000000006e309000        0x0
                0x000000006e309000                ___crt_xc_start__ = .
 *(SORT_BY_NAME(.CRT$XC*))
                0x000000006e309000                ___crt_xc_end__ = .
                0x000000006e309000                ___crt_xi_start__ = .
 *(SORT_BY_NAME(.CRT$XI*))
                0x000000006e309000                ___crt_xi_end__ = .
                0x000000006e309000                ___crt_xl_start__ = .
 *(SORT_BY_NAME(.CRT$XL*))
                0x000000006e309000                ___crt_xp_start__ = .
 *(SORT_BY_NAME(.CRT$XP*))
                0x000000006e309000                ___crt_xp_end__ = .
                0x000000006e309000                ___crt_xt_start__ = .
 *(SORT_BY_NAME(.CRT$XT*))
                0x000000006e309000                ___crt_xt_end__ = .

.tls            0x000000006e309000        0x0
                0x000000006e309000                ___tls_start__ = .
 *(.tls$AAA)
 *(.tls)
 *(.tls$)
 *(SORT_BY_NAME(.tls$*))
 *(.tls$ZZZ)
                0x000000006e309000                ___tls_end__ = .

.endjunk        0x000000006e309000        0x0
                [!provide]                        PROVIDE (end = .)
                [!provide]                        PROVIDE (_end = .)
                0x000000006e309000                __end__ = .

.rsrc           0x000000006e309000      0x400
 *(.rsrc)
 .rsrc          0x000000006e309000      0x378 ../build/x64_Debug/version.o
 *(.rsrc$*)

.reloc          0x000000006e30a000      0x200
 *(.reloc)
 .reloc         0x000000006e30a000       0x98 dll stuff

.stab
 *(.stab)

.stabstr
 *(.stabstr)

.debug_aranges  0x000000006e30b000      0xa00
 *(.debug_aranges)
 .debug_aranges
                0x000000006e30b000       0x30 ../build/x64_Debug/cpuid.o
 .debug_aranges
                0x000000006e30b030       0x30 ../build/x64_Debug/debug.o
 .debug_aranges
                0x000000006e30b060       0x30 ../build/x64_Debug/dllmain.o
 .debug_aranges
                0x000000006e30b090       0x30 ../build/x64_Debug/INTERNALTEST_op_DivRem.o
 .debug_aranges
                0x000000006e30b0c0       0x30 ../build/x64_Debug/INTERNALTEST_op_Multiply.o
 .debug_aranges
                0x000000006e30b0f0       0x30 ../build/x64_Debug/pmc_add.o
 .debug_aranges
                0x000000006e30b120       0x30 ../build/x64_Debug/pmc_bitwiseand.o
 .debug_aranges
                0x000000006e30b150       0x30 ../build/x64_Debug/pmc_bitwiseor.o
 .debug_aranges
                0x000000006e30b180       0x30 ../build/x64_Debug/pmc_bytes.o
 .debug_aranges
                0x000000006e30b1b0       0x30 ../build/x64_Debug/pmc_clone.o
 .debug_aranges
                0x000000006e30b1e0       0x30 ../build/x64_Debug/pmc_compare.o
 .debug_aranges
                0x000000006e30b210       0x30 ../build/x64_Debug/pmc_divrem.o
 .debug_aranges
                0x000000006e30b240       0x30 ../build/x64_Debug/pmc_equals.o
 .debug_aranges
                0x000000006e30b270       0x30 ../build/x64_Debug/pmc_exclusiveor.o
 .debug_aranges
                0x000000006e30b2a0       0x30 ../build/x64_Debug/pmc_from.o
 .debug_aranges
                0x000000006e30b2d0       0x30 ../build/x64_Debug/pmc_getnumbertype.o
 .debug_aranges
                0x000000006e30b300       0x30 ../build/x64_Debug/pmc_greatestcommondivisor.o
 .debug_aranges
                0x000000006e30b330       0x30 ../build/x64_Debug/pmc_initialize.o
 .debug_aranges
                0x000000006e30b360       0x30 ../build/x64_Debug/pmc_memory.o
 .debug_aranges
                0x000000006e30b390       0x30 ../build/x64_Debug/pmc_modpow.o
 .debug_aranges
                0x000000006e30b3c0       0x30 ../build/x64_Debug/pmc_multiply.o
 .debug_aranges
                0x000000006e30b3f0       0x30 ../build/x64_Debug/pmc_parse.o
 .debug_aranges
                0x000000006e30b420       0x30 ../build/x64_Debug/pmc_pow.o
 .debug_aranges
                0x000000006e30b450       0x30 ../build/x64_Debug/pmc_shift.o
 .debug_aranges
                0x000000006e30b480       0x30 ../build/x64_Debug/pmc_statistics.o
 .debug_aranges
                0x000000006e30b4b0       0x30 ../build/x64_Debug/pmc_subtruct.o
 .debug_aranges
                0x000000006e30b4e0       0x30 ../build/x64_Debug/pmc_to.o
 .debug_aranges
                0x000000006e30b510       0x30 ../build/x64_Debug/pmc_tostring.o
 .debug_aranges
                0x000000006e30b540       0x30 ../build/x64_Debug/TEST_autogenerated.o
 .debug_aranges
                0x000000006e30b570       0x30 ../build/x64_Debug/TEST_op_Add.o
 .debug_aranges
                0x000000006e30b5a0       0x30 ../build/x64_Debug/TEST_op_BitwiseAnd.o
 .debug_aranges
                0x000000006e30b5d0       0x30 ../build/x64_Debug/TEST_op_BitwiseOr.o
 .debug_aranges
                0x000000006e30b600       0x30 ../build/x64_Debug/TEST_op_Clone.o
 .debug_aranges
                0x000000006e30b630       0x30 ../build/x64_Debug/TEST_op_Compare.o
 .debug_aranges
                0x000000006e30b660       0x30 ../build/x64_Debug/TEST_op_DivRem.o
 .debug_aranges
                0x000000006e30b690       0x30 ../build/x64_Debug/TEST_op_Equals.o
 .debug_aranges
                0x000000006e30b6c0       0x30 ../build/x64_Debug/TEST_op_ExclusiveOr.o
 .debug_aranges
                0x000000006e30b6f0       0x30 ../build/x64_Debug/TEST_op_From_To.o
 .debug_aranges
                0x000000006e30b720       0x30 ../build/x64_Debug/TEST_op_GetNumberType.o
 .debug_aranges
                0x000000006e30b750       0x30 ../build/x64_Debug/TEST_op_GreatestCommonDivisor.o
 .debug_aranges
                0x000000006e30b780       0x30 ../build/x64_Debug/TEST_op_ModPow.o
 .debug_aranges
                0x000000006e30b7b0       0x30 ../build/x64_Debug/TEST_op_Multiply.o
 .debug_aranges
                0x000000006e30b7e0       0x30 ../build/x64_Debug/TEST_op_ParseDN.o
 .debug_aranges
                0x000000006e30b810       0x30 ../build/x64_Debug/TEST_op_ParseX.o
 .debug_aranges
                0x000000006e30b840       0x30 ../build/x64_Debug/TEST_op_Pow.o
 .debug_aranges
                0x000000006e30b870       0x30 ../build/x64_Debug/TEST_op_Shift.o
 .debug_aranges
                0x000000006e30b8a0       0x30 ../build/x64_Debug/TEST_op_Subtruct.o
 .debug_aranges
                0x000000006e30b8d0       0x30 ../build/x64_Debug/TEST_op_ToStringD.o
 .debug_aranges
                0x000000006e30b900       0x30 ../build/x64_Debug/TEST_op_ToStringN.o
 .debug_aranges
                0x000000006e30b930       0x30 ../build/x64_Debug/TEST_op_ToStringX.o

.zdebug_aranges
 *(.zdebug_aranges)

.debug_pubnames
 *(.debug_pubnames)

.zdebug_pubnames
 *(.zdebug_pubnames)

.debug_pubtypes
 *(.debug_pubtypes)

.zdebug_pubtypes
 *(.zdebug_pubtypes)

.debug_info     0x000000006e30c000   0x1d4200
 *(.debug_info .gnu.linkonce.wi.*)
 .debug_info    0x000000006e30c000     0x511f ../build/x64_Debug/cpuid.o
 .debug_info    0x000000006e31111f     0x5eb2 ../build/x64_Debug/debug.o
 .debug_info    0x000000006e316fd1     0x4d73 ../build/x64_Debug/dllmain.o
 .debug_info    0x000000006e31bd44     0x5efb ../build/x64_Debug/INTERNALTEST_op_DivRem.o
 .debug_info    0x000000006e321c3f     0x5df0 ../build/x64_Debug/INTERNALTEST_op_Multiply.o
 .debug_info    0x000000006e327a2f     0x60b6 ../build/x64_Debug/pmc_add.o
 .debug_info    0x000000006e32dae5     0x52e9 ../build/x64_Debug/pmc_bitwiseand.o
 .debug_info    0x000000006e332dce     0x5667 ../build/x64_Debug/pmc_bitwiseor.o
 .debug_info    0x000000006e338435     0x503c ../build/x64_Debug/pmc_bytes.o
 .debug_info    0x000000006e33d471     0x4ec0 ../build/x64_Debug/pmc_clone.o
 .debug_info    0x000000006e342331     0x5336 ../build/x64_Debug/pmc_compare.o
 .debug_info    0x000000006e347667     0x74ff ../build/x64_Debug/pmc_divrem.o
 .debug_info    0x000000006e34eb66     0x52ff ../build/x64_Debug/pmc_equals.o
 .debug_info    0x000000006e353e65     0x56bb ../build/x64_Debug/pmc_exclusiveor.o
 .debug_info    0x000000006e359520     0x50c0 ../build/x64_Debug/pmc_from.o
 .debug_info    0x000000006e35e5e0     0x4efb ../build/x64_Debug/pmc_getnumbertype.o
 .debug_info    0x000000006e3634db     0x59e1 ../build/x64_Debug/pmc_greatestcommondivisor.o
 .debug_info    0x000000006e368ebc     0x5d4d ../build/x64_Debug/pmc_initialize.o
 .debug_info    0x000000006e36ec09     0x5f5c ../build/x64_Debug/pmc_memory.o
 .debug_info    0x000000006e374b65     0x564a ../build/x64_Debug/pmc_modpow.o
 .debug_info    0x000000006e37a1af     0x6297 ../build/x64_Debug/pmc_multiply.o
 .debug_info    0x000000006e380446     0x6967 ../build/x64_Debug/pmc_parse.o
 .debug_info    0x000000006e386dad     0x5362 ../build/x64_Debug/pmc_pow.o
 .debug_info    0x000000006e38c10f     0x5755 ../build/x64_Debug/pmc_shift.o
 .debug_info    0x000000006e391864     0x4d17 ../build/x64_Debug/pmc_statistics.o
 .debug_info    0x000000006e39657b     0x59fd ../build/x64_Debug/pmc_subtruct.o
 .debug_info    0x000000006e39bf78     0x4f6c ../build/x64_Debug/pmc_to.o
 .debug_info    0x000000006e3a0ee4     0x6441 ../build/x64_Debug/pmc_tostring.o
 .debug_info    0x000000006e3a7325    0xc0878 ../build/x64_Debug/TEST_autogenerated.o
 .debug_info    0x000000006e467b9d     0x5dbc ../build/x64_Debug/TEST_op_Add.o
 .debug_info    0x000000006e46d959     0x5d1f ../build/x64_Debug/TEST_op_BitwiseAnd.o
 .debug_info    0x000000006e473678     0x5dd4 ../build/x64_Debug/TEST_op_BitwiseOr.o
 .debug_info    0x000000006e47944c     0x5994 ../build/x64_Debug/TEST_op_Clone.o
 .debug_info    0x000000006e47ede0     0x5c1f ../build/x64_Debug/TEST_op_Compare.o
 .debug_info    0x000000006e4849ff     0x5e9f ../build/x64_Debug/TEST_op_DivRem.o
 .debug_info    0x000000006e48a89e     0x5c19 ../build/x64_Debug/TEST_op_Equals.o
 .debug_info    0x000000006e4904b7     0x5de0 ../build/x64_Debug/TEST_op_ExclusiveOr.o
 .debug_info    0x000000006e496297     0x5b9c ../build/x64_Debug/TEST_op_From_To.o
 .debug_info    0x000000006e49be33     0x58c2 ../build/x64_Debug/TEST_op_GetNumberType.o
 .debug_info    0x000000006e4a16f5     0x5e79 ../build/x64_Debug/TEST_op_GreatestCommonDivisor.o
 .debug_info    0x000000006e4a756e     0x5a52 ../build/x64_Debug/TEST_op_ModPow.o
 .debug_info    0x000000006e4acfc0     0x5dda ../build/x64_Debug/TEST_op_Multiply.o
 .debug_info    0x000000006e4b2d9a     0x5b86 ../build/x64_Debug/TEST_op_ParseDN.o
 .debug_info    0x000000006e4b8920     0x59ff ../build/x64_Debug/TEST_op_ParseX.o
 .debug_info    0x000000006e4be31f     0x59c6 ../build/x64_Debug/TEST_op_Pow.o
 .debug_info    0x000000006e4c3ce5     0x5a79 ../build/x64_Debug/TEST_op_Shift.o
 .debug_info    0x000000006e4c975e     0x5db0 ../build/x64_Debug/TEST_op_Subtruct.o
 .debug_info    0x000000006e4cf50e     0x5981 ../build/x64_Debug/TEST_op_ToStringD.o
 .debug_info    0x000000006e4d4e8f     0x59ea ../build/x64_Debug/TEST_op_ToStringN.o
 .debug_info    0x000000006e4da879     0x5981 ../build/x64_Debug/TEST_op_ToStringX.o

.zdebug_info
 *(.zdebug_info .zdebug.gnu.linkonce.wi.*)

.debug_abbrev   0x000000006e4e1000     0x7a00
 *(.debug_abbrev)
 .debug_abbrev  0x000000006e4e1000      0x222 ../build/x64_Debug/cpuid.o
 .debug_abbrev  0x000000006e4e1222      0x26c ../build/x64_Debug/debug.o
 .debug_abbrev  0x000000006e4e148e      0x195 ../build/x64_Debug/dllmain.o
 .debug_abbrev  0x000000006e4e1623      0x235 ../build/x64_Debug/INTERNALTEST_op_DivRem.o
 .debug_abbrev  0x000000006e4e1858      0x235 ../build/x64_Debug/INTERNALTEST_op_Multiply.o
 .debug_abbrev  0x000000006e4e1a8d      0x331 ../build/x64_Debug/pmc_add.o
 .debug_abbrev  0x000000006e4e1dbe      0x293 ../build/x64_Debug/pmc_bitwiseand.o
 .debug_abbrev  0x000000006e4e2051      0x33d ../build/x64_Debug/pmc_bitwiseor.o
 .debug_abbrev  0x000000006e4e238e      0x282 ../build/x64_Debug/pmc_bytes.o
 .debug_abbrev  0x000000006e4e2610      0x1b5 ../build/x64_Debug/pmc_clone.o