Archive member included to satisfy reference by file (symbol)

C:/GNU/MINGW64/x86_64-8.1.0-win32-seh-rt_v6-rev0/mingw64/bin/../lib/gcc/x86_64-w64-mingw32/8.1.0/../../../../x86_64-w64-mingw32/lib/../lib/libkernel32.a(dqifs01555.o)
                              ../build/x64_Debug/pmc_parse.o (__imp_lstrlenW)
C:/GNU/MINGW64/x86_64-8.1.0-win32-seh-rt_v6-rev0/mingw64/bin/../lib/gcc/x86_64-w64-mingw32/8.1.0/../../../../x86_64-w64-mingw32/lib/../lib/libkernel32.a(dqifs01549.o)
                              ../build/x64_Debug/pmc_parse.o (__imp_lstrcpyW)
C:/GNU/MINGW64/x86_64-8.1.0-win32-seh-rt_v6-rev0/mingw64/bin/../lib/gcc/x86_64-w64-mingw32/8.1.0/../../../../x86_64-w64-mingw32/lib/../lib/libkernel32.a(dqifs01543.o)
                              ../build/x64_Debug/TEST_op_ToStringD.o (__imp_lstrcmpW)
C:/GNU/MINGW64/x86_64-8.1.0-win32-seh-rt_v6-rev0/mingw64/bin/../lib/gcc/x86_64-w64-mingw32/8.1.0/../../../../x86_64-w64-mingw32/lib/../lib/libkernel32.a(dqifs00841.o)
                              ../build/x64_Debug/pmc_memory.o (__imp_HeapFree)
C:/GNU/MINGW64/x86_64-8.1.0-win32-seh-rt_v6-rev0/mingw64/bin/../lib/gcc/x86_64-w64-mingw32/8.1.0/../../../../x86_64-w64-mingw32/lib/../lib/libkernel32.a(dqifs00839.o)
                              ../build/x64_Debug/pmc_memory.o (__imp_HeapDestroy)
C:/GNU/MINGW64/x86_64-8.1.0-win32-seh-rt_v6-rev0/mingw64/bin/../lib/gcc/x86_64-w64-mingw32/8.1.0/../../../../x86_64-w64-mingw32/lib/../lib/libkernel32.a(dqifs00837.o)
                              ../build/x64_Debug/pmc_memory.o (__imp_HeapCreate)
C:/GNU/MINGW64/x86_64-8.1.0-win32-seh-rt_v6-rev0/mingw64/bin/../lib/gcc/x86_64-w64-mingw32/8.1.0/../../../../x86_64-w64-mingw32/lib/../lib/libkernel32.a(dqifs00835.o)
                              ../build/x64_Debug/pmc_memory.o (__imp_HeapAlloc)
C:/GNU/MINGW64/x86_64-8.1.0-win32-seh-rt_v6-rev0/mingw64/bin/../lib/gcc/x86_64-w64-mingw32/8.1.0/../../../../x86_64-w64-mingw32/lib/../lib/libkernel32.a(dqifs00774.o)
                              ../build/x64_Debug/pmc_memory.o (__imp_GetTickCount)
C:/GNU/MINGW64/x86_64-8.1.0-win32-seh-rt_v6-rev0/mingw64/bin/../lib/gcc/x86_64-w64-mingw32/8.1.0/../../../../x86_64-w64-mingw32/lib/../lib/libkernel32.a(dqifh.o)
                              C:/GNU/MINGW64/x86_64-8.1.0-win32-seh-rt_v6-rev0/mingw64/bin/../lib/gcc/x86_64-w64-mingw32/8.1.0/../../../../x86_64-w64-mingw32/lib/../lib/libkernel32.a(dqifs01555.o) (_head_lib64_libkernel32_a)
C:/GNU/MINGW64/x86_64-8.1.0-win32-seh-rt_v6-rev0/mingw64/bin/../lib/gcc/x86_64-w64-mingw32/8.1.0/../../../../x86_64-w64-mingw32/lib/../lib/libkernel32.a(dqift.o)
                              C:/GNU/MINGW64/x86_64-8.1.0-win32-seh-rt_v6-rev0/mingw64/bin/../lib/gcc/x86_64-w64-mingw32/8.1.0/../../../../x86_64-w64-mingw32/lib/../lib/libkernel32.a(dqifh.o) (__lib64_libkernel32_a_iname)
C:/GNU/MINGW64/x86_64-8.1.0-win32-seh-rt_v6-rev0/mingw64/bin/../lib/gcc/x86_64-w64-mingw32/8.1.0/../../../../x86_64-w64-mingw32/lib/../lib/libuser32.a(dyqes00958.o)
                              ../build/x64_Debug/debug.o (__imp_wsprintfW)
C:/GNU/MINGW64/x86_64-8.1.0-win32-seh-rt_v6-rev0/mingw64/bin/../lib/gcc/x86_64-w64-mingw32/8.1.0/../../../../x86_64-w64-mingw32/lib/../lib/libuser32.a(dyqeh.o)
                              C:/GNU/MINGW64/x86_64-8.1.0-win32-seh-rt_v6-rev0/mingw64/bin/../lib/gcc/x86_64-w64-mingw32/8.1.0/../../../../x86_64-w64-mingw32/lib/../lib/libuser32.a(dyqes00958.o) (_head_lib64_libuser32_a)
C:/GNU/MINGW64/x86_64-8.1.0-win32-seh-rt_v6-rev0/mingw64/bin/../lib/gcc/x86_64-w64-mingw32/8.1.0/../../../../x86_64-w64-mingw32/lib/../lib/libuser32.a(dyqet.o)
                              C:/GNU/MINGW64/x86_64-8.1.0-win32-seh-rt_v6-rev0/mingw64/bin/../lib/gcc/x86_64-w64-mingw32/8.1.0/../../../../x86_64-w64-mingw32/lib/../lib/libuser32.a(dyqeh.o) (__lib64_libuser32_a_iname)

Allocating common symbols
Common symbol       size              file

number_one          0x48              ../build/x64_Debug/pmc_memory.o
statistics_info     0x10              ../build/x64_Debug/pmc_statistics.o
number_zero         0x48              ../build/x64_Debug/pmc_memory.o
hLocalHeap          0x8               ../build/x64_Debug/pmc_memory.o
configuration_info  0x4               ../build/x64_Debug/pmc_initialize.o

Discarded input sections

 .drectve       0x0000000000000000       0x14 ../build/x64_Debug/debug.o
 .rdata$.refptr.number_zero
                0x0000000000000000       0x10 ../build/x64_Debug/pmc_bitwiseand.o
 .rdata$.refptr.number_zero
                0x0000000000000000       0x10 ../build/x64_Debug/pmc_bitwiseor.o
 .rdata$.refptr.number_zero
                0x0000000000000000       0x10 ../build/x64_Debug/pmc_bytes.o
 .rdata$.refptr.number_zero
                0x0000000000000000       0x10 ../build/x64_Debug/pmc_clone.o
 .rdata$.refptr.number_zero
                0x0000000000000000       0x10 ../build/x64_Debug/pmc_divrem.o
 .rdata$.refptr.number_zero
                0x0000000000000000       0x10 ../build/x64_Debug/pmc_exclusiveor.o
[...]
Memory Configuration

Name             Origin             Length             Attributes
*default*        0x0000000000000000 0xffffffffffffffff

Linker script and memory map

                0x000000006ddc0000                __image_base__ = 0x6ddc0000
                0x0000000000000000                __dll__ = 0x0
                0x000000006ddc0000                __ImageBase = 0x6ddc0000
                0x0000000000001000                __section_alignment__ = 0x1000
                0x0000000000000200                __file_alignment__ = 0x200
                0x0000000000000004                __major_os_version__ = 0x4
                0x0000000000000000                __minor_os_version__ = 0x0
                0x0000000000000000                __major_image_version__ = 0x0
                0x0000000000000000                __minor_image_version__ = 0x0
                0x0000000000000005                __major_subsystem_version__ = 0x5
                0x0000000000000002                __minor_subsystem_version__ = 0x2
                0x0000000000000002                __subsystem__ = 0x2
                0x0000000000200000                __size_of_stack_reserve__ = 0x200000
                0x0000000000001000                __size_of_stack_commit__ = 0x1000
                0x0000000000100000                __size_of_heap_reserve__ = 0x100000
                0x0000000000001000                __size_of_heap_commit__ = 0x1000
                0x0000000000000000                __loader_flags__ = 0x0
                0x0000000000000000                __dll_characteristics__ = 0x0
LOAD ../build/x64_Debug/cpuid.o
LOAD ../build/x64_Debug/debug.o
LOAD ../build/x64_Debug/dllmain.o
LOAD ../build/x64_Debug/INTERNALTEST_op_DivRem.o
LOAD ../build/x64_Debug/INTERNALTEST_op_Multiply.o
LOAD ../build/x64_Debug/pmc_add.o
LOAD ../build/x64_Debug/pmc_bitwiseand.o
LOAD ../build/x64_Debug/pmc_bitwiseor.o
LOAD ../build/x64_Debug/pmc_bytes.o
LOAD ../build/x64_Debug/pmc_clone.o
LOAD ../build/x64_Debug/pmc_compare.o
LOAD ../build/x64_Debug/pmc_divrem.o
LOAD ../build/x64_Debug/pmc_equals.o
LOAD ../build/x64_Debug/pmc_exclusiveor.o
LOAD ../build/x64_Debug/pmc_from.o
LOAD ../build/x64_Debug/pmc_greatestcommondivisor.o
LOAD ../build/x64_Debug/pmc_initialize.o
LOAD ../build/x64_Debug/pmc_memory.o
LOAD ../build/x64_Debug/pmc_modpow.o
LOAD ../build/x64_Debug/pmc_multiply.o
LOAD ../build/x64_Debug/pmc_parse.o
LOAD ../build/x64_Debug/pmc_pow.o
LOAD ../build/x64_Debug/pmc_shift.o
LOAD ../build/x64_Debug/pmc_statistics.o
LOAD ../build/x64_Debug/pmc_subtruct.o
LOAD ../build/x64_Debug/pmc_to.o
LOAD ../build/x64_Debug/pmc_tostring.o
LOAD ../build/x64_Debug/TEST_autogenerated_1.o
LOAD ../build/x64_Debug/TEST_autogenerated_2.o
LOAD ../build/x64_Debug/TEST_op_Add.o
LOAD ../build/x64_Debug/TEST_op_BitwiseAnd.o
LOAD ../build/x64_Debug/TEST_op_BitwiseOr.o
LOAD ../build/x64_Debug/TEST_op_Clone.o
LOAD ../build/x64_Debug/TEST_op_Compare.o
LOAD ../build/x64_Debug/TEST_op_DivRem.o
LOAD ../build/x64_Debug/TEST_op_Equals.o
LOAD ../build/x64_Debug/TEST_op_ExclusiveOr.o
LOAD ../build/x64_Debug/TEST_op_From_To.o
LOAD ../build/x64_Debug/TEST_op_GreatestCommonDivisor.o
LOAD ../build/x64_Debug/TEST_op_ModPow.o
LOAD ../build/x64_Debug/TEST_op_Multiply.o
LOAD ../build/x64_Debug/TEST_op_ParseDN.o
LOAD ../build/x64_Debug/TEST_op_ParseX.o
LOAD ../build/x64_Debug/TEST_op_Pow.o
LOAD ../build/x64_Debug/TEST_op_Remainder.o
LOAD ../build/x64_Debug/TEST_op_Shift.o
LOAD ../build/x64_Debug/TEST_op_Subtruct.o
LOAD ../build/x64_Debug/TEST_op_ToStringD.o
LOAD ../build/x64_Debug/TEST_op_ToStringN.o
LOAD ../build/x64_Debug/TEST_op_ToStringX.o
LOAD ../build/x64_Debug/version.o
LOAD ../Palmtree.Math.Core.Uint.def
LOAD C:/GNU/MINGW64/x86_64-8.1.0-win32-seh-rt_v6-rev0/mingw64/bin/../lib/gcc/x86_64-w64-mingw32/8.1.0/../../../../x86_64-w64-mingw32/lib/../lib/libkernel32.a
LOAD C:/GNU/MINGW64/x86_64-8.1.0-win32-seh-rt_v6-rev0/mingw64/bin/../lib/gcc/x86_64-w64-mingw32/8.1.0/../../../../x86_64-w64-mingw32/lib/../lib/libuser32.a
                0x0000000000000430                . = SIZEOF_HEADERS
                0x0000000000001000                . = ALIGN (__section_alignment__)

.text           0x000000006ddc1000   0x623c00
 *(.init)
 *(.text)
 .text          0x000000006ddc1000      0x340 ../build/x64_Debug/cpuid.o
                0x000000006ddc116d                GetCPUInfo
 .text          0x000000006ddc1340      0x3d0 ../build/x64_Debug/debug.o
                0x000000006ddc145f                DoDebug
                0x000000006ddc155f                TEST_Assert
                0x000000006ddc15d1                FormatTestLabel
                0x000000006ddc1611                FormatTestMesssage
                0x000000006ddc1647                DumpBinary_UNIT
 .text          0x000000006ddc1710       0x70 ../build/x64_Debug/dllmain.o
                0x000000006ddc1710                DllMain
 .text          0x000000006ddc1780      0x4d0 ../build/x64_Debug/INTERNALTEST_op_DivRem.o
                0x000000006ddc1841                INTERNALTEST_DivRem_X_X
 .text          0x000000006ddc1c50      0x310 ../build/x64_Debug/INTERNALTEST_op_Multiply.o
                0x000000006ddc1d37                INTERNALTEST_Multiply_X_X_Imp
 .text          0x000000006ddc1f60     0x1a20 ../build/x64_Debug/pmc_add.o
                0x000000006ddc333d                PMC_Add_I_X
                0x000000006ddc33d2                PMC_Add_X_I
                0x000000006ddc35ec                PMC_Add_L_X
                0x000000006ddc3683                PMC_Add_X_L
                0x000000006ddc3717                PMC_Add_X_X
                0x000000006ddc3948                Initialize_Add
 .text          0x000000006ddc3980      0xea0 ../build/x64_Debug/pmc_bitwiseand.o
                0x000000006ddc439a                PMC_BitwiseAnd_I_X
                0x000000006ddc4436                PMC_BitwiseAnd_X_I
                0x000000006ddc44d2                PMC_BitwiseAnd_L_X
                0x000000006ddc4574                PMC_BitwiseAnd_X_L
                0x000000006ddc4616                PMC_BitwiseAnd_X_X
                0x000000006ddc4802                Initialize_BitwiseAnd
 .text          0x000000006ddc4820     0x1350 ../build/x64_Debug/pmc_bitwiseor.o
                0x000000006ddc559f                PMC_BitwiseOr_I_X
                0x000000006ddc5634                PMC_BitwiseOr_X_I
                0x000000006ddc5824                PMC_BitwiseOr_L_X
                0x000000006ddc58bb                PMC_BitwiseOr_X_L
                0x000000006ddc594f                PMC_BitwiseOr_X_X
                0x000000006ddc5b5d                Initialize_BitwiseOr
 .text          0x000000006ddc5b70      0x6d0 ../build/x64_Debug/pmc_bytes.o
                0x000000006ddc5ca4                PMC_FromByteArrayForSINT
                0x000000006ddc5e59                PMC_FromByteArray
                0x000000006ddc5fd0                PMC_ToByteArrayForSINT
                0x000000006ddc613d                PMC_ToByteArray
 .text          0x000000006ddc6240       0xd0 ../build/x64_Debug/pmc_clone.o
                0x000000006ddc6240                PMC_Clone_X
                0x000000006ddc6300                Initialize_Clone
 .text          0x000000006ddc6310      0x6e0 ../build/x64_Debug/pmc_compare.o
                0x000000006ddc6373                Compare_Imp
                0x000000006ddc64ea                PMC_Compare_I_X
                0x000000006ddc6588                PMC_Compare_X_I
                0x000000006ddc671b                PMC_Compare_L_X
                0x000000006ddc67bb                PMC_Compare_X_L
                0x000000006ddc6854                PMC_Compare_X_X
                0x000000006ddc69d3                Initialize_Compare
 .text          0x000000006ddc69f0     0x5fd0 ../build/x64_Debug/pmc_divrem.o
                0x000000006ddc78b4                DivRem_X_X
                0x000000006ddc7a1f                Rem_X_1W
                0x000000006ddc8485                DivRem_X_1W
                0x000000006ddcb7e2                PMC_DivRem_I_X
                0x000000006ddcb94e                PMC_DivRem_X_I
                0x000000006ddcbc00                PMC_DivRem_L_X
                0x000000006ddcbdf3                PMC_DivRem_X_L
                0x000000006ddcc109                PMC_DivRem_X_X
                0x000000006ddcc970                Initialize_DivRem
 .text          0x000000006ddcc9c0      0x540 ../build/x64_Debug/pmc_equals.o
                0x000000006ddccb85                PMC_Equals_I_X
                0x000000006ddccc0c                PMC_Equals_X_I
                0x000000006ddccc8f                PMC_Equals_L_X
                0x000000006ddccd18                PMC_Equals_X_L
                0x000000006ddccd9e                PMC_Equals_X_X
                0x000000006ddcceee                Initialize_Equals
 .text          0x000000006ddccf00     0x1400 ../build/x64_Debug/pmc_exclusiveor.o
                0x000000006ddcdcb0                PMC_ExclusiveOr_I_X
                0x000000006ddcdd4d                PMC_ExclusiveOr_X_I
                0x000000006ddcdf79                PMC_ExclusiveOr_L_X
                0x000000006ddce018                PMC_ExclusiveOr_X_L
                0x000000006ddce0b7                PMC_ExclusiveOr_X_X
                0x000000006ddce2ea                Initialize_ExclusiveOr
 .text          0x000000006ddce300      0x250 ../build/x64_Debug/pmc_from.o
                0x000000006ddce363                From_I_Imp
                0x000000006ddce3cf                From_L_Imp
                0x000000006ddce449                PMC_From_I
                0x000000006ddce4be                PMC_From_L
                0x000000006ddce536                Initialize_From
 .text          0x000000006ddce550     0x1080 ../build/x64_Debug/pmc_greatestcommondivisor.o
                0x000000006ddceb45                PMC_GreatestCommonDivisor_I_X
                0x000000006ddcebda                PMC_GreatestCommonDivisor_X_I
                0x000000006ddcf05b                PMC_GreatestCommonDivisor_L_X
                0x000000006ddcf0f2                PMC_GreatestCommonDivisor_X_L
                0x000000006ddcf186                PMC_GreatestCommonDivisor_X_X
                0x000000006ddcf5b9                Initialize_GreatestCommonDivisor
 .text          0x000000006ddcf5d0      0x810 ../build/x64_Debug/pmc_initialize.o
                0x000000006ddcf705                PMC_UINT_Initialize
 .text          0x000000006ddcfde0     0x18e0 ../build/x64_Debug/pmc_memory.o
                0x000000006ddd0990                AllocateBlock
                0x000000006ddd0acc                DeallocateBlock
                0x000000006ddd0c22                CheckBlockLight
                0x000000006ddd0eec                AttatchNumber
                0x000000006ddd0f39                AllocateNumber
                0x000000006ddd0fc9                DetatchNumber
                0x000000006ddd0ffd                DeallocateNumber
                0x000000006ddd115e                CommitNumber
                0x000000006ddd1351                CheckNumber
                0x000000006ddd13e8                DuplicateNumber
                0x000000006ddd14c0                PMC_GetConstantValue_I
                0x000000006ddd150a                PMC_Dispose
                0x000000006ddd1549                Initialize_Memory
                0x000000006ddd1627                AllocateHeapArea
                0x000000006ddd1676                DeallocateHeapArea
 .text          0x000000006ddd16c0     0x1070 ../build/x64_Debug/pmc_modpow.o
                0x000000006ddd2622                PMC_ModPow_X_X_X
                0x000000006ddd2720                Initialize_ModPow
 .text          0x000000006ddd2730     0x2650 ../build/x64_Debug/pmc_multiply.o
                0x000000006ddd2988                Multiply_X_X_Imp
                0x000000006ddd46c7                PMC_Multiply_I_X
                0x000000006ddd475c                PMC_Multiply_X_I
                0x000000006ddd4979                PMC_Multiply_L_X
                0x000000006ddd4a10                PMC_Multiply_X_L
                0x000000006ddd4aa4                PMC_Multiply_X_X
                0x000000006ddd4cf0                Initialize_Multiply
 .text          0x000000006ddd4d80     0x4630 ../build/x64_Debug/pmc_parse.o
                0x000000006ddd9206                PMC_TryParse
                0x000000006ddd92aa                PMC_TryParseForSINT
                0x000000006ddd9344                Initialize_Parse
 .text          0x000000006ddd93b0      0x590 ../build/x64_Debug/pmc_pow.o
                0x000000006ddd989e                PMC_Pow_X_I
                0x000000006ddd992f                Initialize_Pow
 .text          0x000000006ddd9940     0x4d40 ../build/x64_Debug/pmc_shift.o
                0x000000006ddd9ac6                RightShift_Imp
                0x000000006dddace8                RightShift_Imp_DIV
                0x000000006dddbf0a                LeftShift_Imp
                0x000000006dddd122                LeftShift_Imp_DIV
                0x000000006ddde33a                PMC_RightShift_X_I
                0x000000006ddde4df                PMC_LeftShift_X_I
                0x000000006ddde665                Initialize_Shift
 .text          0x000000006ddde680       0x50 ../build/x64_Debug/pmc_statistics.o
                0x000000006ddde680                PMC_GetStatisticsInfo
 .text          0x000000006ddde6d0     0x1200 ../build/x64_Debug/pmc_subtruct.o
                0x000000006dddee5a                Subtruct_Imp
                0x000000006dddf038                PMC_Subtruct_I_X
                0x000000006dddf15a                PMC_Subtruct_X_I
                0x000000006dddf364                PMC_Subtruct_L_X
                0x000000006dddf489                PMC_Subtruct_X_L
                0x000000006dddf696                PMC_Subtruct_X_X
                0x000000006dddf8bf                Initialize_Subtruct
 .text          0x000000006dddf8d0      0x190 ../build/x64_Debug/pmc_to.o
                0x000000006dddf8ec                PMC_To_X_I
                0x000000006dddf96b                PMC_To_X_L
                0x000000006dddfa4e                Initialize_To
 .text          0x000000006dddfa60     0x1ce0 ../build/x64_Debug/pmc_tostring.o
                0x000000006dde1354                PMC_ToString
                0x000000006dde14ea                InitializeNumberFormatoInfo
                0x000000006dde16fb                PMC_InitializeNumberFormatInfo
                0x000000006dde1717                Initialize_ToString
 .text          0x000000006dde1740   0x481680 ../build/x64_Debug/TEST_autogenerated_1.o
                0x000000006dde1740                TEST_autogenerated_1
 .text          0x000000006e262dc0   0x178660 ../build/x64_Debug/TEST_autogenerated_2.o
                0x000000006e262dc0                TEST_autogenerated_2
 .text          0x000000006e3db420      0xca0 ../build/x64_Debug/TEST_op_Add.o
                0x000000006e3db47b                TEST_PMC_Add_I_X
                0x000000006e3db6cb                TEST_PMC_Add_L_X
                0x000000006e3db91c                TEST_PMC_Add_X_I
                0x000000006e3dbb6f                TEST_PMC_Add_X_L
                0x000000006e3dbdc3                TEST_PMC_Add_X_X
 .text          0x000000006e3dc0c0      0x830 ../build/x64_Debug/TEST_op_BitwiseAnd.o
                0x000000006e3dc11b                TEST_PMC_BitwiseAnd_I_X
                0x000000006e3dc250                TEST_PMC_BitwiseAnd_L_X
                0x000000006e3dc388                TEST_PMC_BitwiseAnd_X_I
                0x000000006e3dc4bd                TEST_PMC_BitwiseAnd_X_L
                0x000000006e3dc5f5                TEST_PMC_BitwiseAnd_X_X
 .text          0x000000006e3dc8f0      0xca0 ../build/x64_Debug/TEST_op_BitwiseOr.o
                0x000000006e3dc94b                TEST_PMC_BitwiseOr_I_X
                0x000000006e3dcb9e                TEST_PMC_BitwiseOr_L_X
                0x000000006e3dcdf2                TEST_PMC_BitwiseOr_X_I
                0x000000006e3dd045                TEST_PMC_BitwiseOr_X_L
                0x000000006e3dd299                TEST_PMC_BitwiseOr_X_X
 .text          0x000000006e3dd590      0x2b0 ../build/x64_Debug/TEST_op_Clone.o
                0x000000006e3dd5eb                TEST_PMC_Clone_X
 .text          0x000000006e3dd840      0x690 ../build/x64_Debug/TEST_op_Compare.o
                0x000000006e3dd840                TEST_PMC_Compare_I_X
                0x000000006e3dd975                TEST_PMC_Compare_L_X
                0x000000006e3ddaab                TEST_PMC_Compare_X_I
                0x000000006e3ddbe0                TEST_PMC_Compare_X_L
                0x000000006e3ddd16                TEST_PMC_Compare_X_X
 .text          0x000000006e3dded0      0xcc0 ../build/x64_Debug/TEST_op_DivRem.o
                0x000000006e3ddf2b                TEST_PMC_DivRem_I_X
                0x000000006e3de0a5                TEST_PMC_DivRem_L_X
                0x000000006e3de224                TEST_PMC_DivRem_X_I
                0x000000006e3de4cf                TEST_PMC_DivRem_X_L
                0x000000006e3de77d                TEST_PMC_DivRem_X_X
 .text          0x000000006e3deb90      0x690 ../build/x64_Debug/TEST_op_Equals.o
                0x000000006e3deb90                TEST_PMC_Equals_I_X
                0x000000006e3decc5                TEST_PMC_Equals_L_X
                0x000000006e3dedfb                TEST_PMC_Equals_X_I
                0x000000006e3def30                TEST_PMC_Equals_X_L
                0x000000006e3df066                TEST_PMC_Equals_X_X
 .text          0x000000006e3df220      0xca0 ../build/x64_Debug/TEST_op_ExclusiveOr.o
                0x000000006e3df27b                TEST_PMC_ExclusiveOr_I_X
                0x000000006e3df4ce                TEST_PMC_ExclusiveOr_L_X
                0x000000006e3df722                TEST_PMC_ExclusiveOr_X_I
                0x000000006e3df975                TEST_PMC_ExclusiveOr_X_L
                0x000000006e3dfbc9                TEST_PMC_ExclusiveOr_X_X
 .text          0x000000006e3dfec0      0x640 ../build/x64_Debug/TEST_op_From_To.o
                0x000000006e3dff1b                TEST_PMC_From_I
                0x000000006e3e00cd                TEST_PMC_From_L
                0x000000006e3e0280                TEST_PMC_To_X_I
                0x000000006e3e03bb                TEST_PMC_To_X_L
 .text          0x000000006e3e0500      0xd00 ../build/x64_Debug/TEST_op_GreatestCommonDivisor.o
                0x000000006e3e055b                TEST_PMC_GreatestCommonDivisor_I_X
                0x000000006e3e07c0                TEST_PMC_GreatestCommonDivisor_L_X
                0x000000006e3e0a26                TEST_PMC_GreatestCommonDivisor_X_I
                0x000000006e3e0c8b                TEST_PMC_GreatestCommonDivisor_X_L
                0x000000006e3e0ef1                TEST_PMC_GreatestCommonDivisor_X_X
 .text          0x000000006e3e1200      0x410 ../build/x64_Debug/TEST_op_ModPow.o
                0x000000006e3e125b                TEST_PMC_ModPow_X_X_X
 .text          0x000000006e3e1610      0xca0 ../build/x64_Debug/TEST_op_Multiply.o
                0x000000006e3e166b                TEST_PMC_Multiply_I_X
                0x000000006e3e18be                TEST_PMC_Multiply_L_X
                0x000000006e3e1b12                TEST_PMC_Multiply_X_I
                0x000000006e3e1d65                TEST_PMC_Multiply_X_L
                0x000000006e3e1fb9                TEST_PMC_Multiply_X_X
 .text          0x000000006e3e22b0      0x570 ../build/x64_Debug/TEST_op_ParseDN.o
                0x000000006e3e230b                TEST_PMC_ParseDN1
                0x000000006e3e2506                TEST_PMC_ParseDN2
                0x000000006e3e2691                TEST_PMC_ParseDN3
 .text          0x000000006e3e2820      0x1f0 ../build/x64_Debug/TEST_op_ParseX.o
                0x000000006e3e287b                TEST_PMC_ParseX
 .text          0x000000006e3e2a10      0x240 ../build/x64_Debug/TEST_op_Pow.o
                0x000000006e3e2a6b                TEST_PMC_Pow_X_I
 .text          0x000000006e3e2c50      0x890 ../build/x64_Debug/TEST_op_Remainder.o
                0x000000006e3e2cab                TEST_PMC_Remainder_I_X
                0x000000006e3e2df1                TEST_PMC_Remainder_L_X
                0x000000006e3e2f3a                TEST_PMC_Remainder_X_I
                0x000000006e3e3080                TEST_PMC_Remainder_X_L
                0x000000006e3e31c9                TEST_PMC_Remainder_X_X
 .text          0x000000006e3e34e0      0x510 ../build/x64_Debug/TEST_op_Shift.o
                0x000000006e3e353b                TEST_PMC_RightShift_X_I
                0x000000006e3e378e                TEST_PMC_LeftShift_X_I
 .text          0x000000006e3e39f0      0xab0 ../build/x64_Debug/TEST_op_Subtruct.o
                0x000000006e3e3a4b                TEST_PMC_Subtruct_I_X
                0x000000006e3e3b88                TEST_PMC_Subtruct_L_X
                0x000000006e3e3cc8                TEST_PMC_Subtruct_X_I
                0x000000006e3e3f2d                TEST_PMC_Subtruct_X_L
                0x000000006e3e4193                TEST_PMC_Subtruct_X_X
 .text          0x000000006e3e44a0      0x1e0 ../build/x64_Debug/TEST_op_ToStringD.o
                0x000000006e3e44a0                TEST_PMC_ToStringD
 .text          0x000000006e3e4680      0x240 ../build/x64_Debug/TEST_op_ToStringN.o
                0x000000006e3e4680                TEST_PMC_ToStringN
 .text          0x000000006e3e48c0      0x1e0 ../build/x64_Debug/TEST_op_ToStringX.o
                0x000000006e3e48c0                TEST_PMC_ToStringX
 .text          0x000000006e3e4aa0        0x8 C:/GNU/MINGW64/x86_64-8.1.0-win32-seh-rt_v6-rev0/mingw64/bin/../lib/gcc/x86_64-w64-mingw32/8.1.0/../../../../x86_64-w64-mingw32/lib/../lib/libkernel32.a(dqifs01555.o)
                0x000000006e3e4aa0                lstrlenW
 .text          0x000000006e3e4aa8        0x8 C:/GNU/MINGW64/x86_64-8.1.0-win32-seh-rt_v6-rev0/mingw64/bin/../lib/gcc/x86_64-w64-mingw32/8.1.0/../../../../x86_64-w64-mingw32/lib/../lib/libkernel32.a(dqifs01549.o)
                0x000000006e3e4aa8                lstrcpyW
 .text          0x000000006e3e4ab0        0x8 C:/GNU/MINGW64/x86_64-8.1.0-win32-seh-rt_v6-rev0/mingw64/bin/../lib/gcc/x86_64-w64-mingw32/8.1.0/../../../../x86_64-w64-mingw32/lib/../lib/libkernel32.a(dqifs01543.o)
                0x000000006e3e4ab0                lstrcmpW
 .text          0x000000006e3e4ab8        0x8 C:/GNU/MINGW64/x86_64-8.1.0-win32-seh-rt_v6-rev0/mingw64/bin/../lib/gcc/x86_64-w64-mingw32/8.1.0/../../../../x86_64-w64-mingw32/lib/../lib/libkernel32.a(dqifs00841.o)
                0x000000006e3e4ab8                HeapFree
 .text          0x000000006e3e4ac0        0x8 C:/GNU/MINGW64/x86_64-8.1.0-win32-seh-rt_v6-rev0/mingw64/bin/../lib/gcc/x86_64-w64-mingw32/8.1.0/../../../../x86_64-w64-mingw32/lib/../lib/libkernel32.a(dqifs00839.o)
                0x000000006e3e4ac0                HeapDestroy
 .text          0x000000006e3e4ac8        0x8 C:/GNU/MINGW64/x86_64-8.1.0-win32-seh-rt_v6-rev0/mingw64/bin/../lib/gcc/x86_64-w64-mingw32/8.1.0/../../../../x86_64-w64-mingw32/lib/../lib/libkernel32.a(dqifs00837.o)
                0x000000006e3e4ac8                HeapCreate
 .text          0x000000006e3e4ad0        0x8 C:/GNU/MINGW64/x86_64-8.1.0-win32-seh-rt_v6-rev0/mingw64/bin/../lib/gcc/x86_64-w64-mingw32/8.1.0/../../../../x86_64-w64-mingw32/lib/../lib/libkernel32.a(dqifs00835.o)
                0x000000006e3e4ad0                HeapAlloc
 .text          0x000000006e3e4ad8        0x8 C:/GNU/MINGW64/x86_64-8.1.0-win32-seh-rt_v6-rev0/mingw64/bin/../lib/gcc/x86_64-w64-mingw32/8.1.0/../../../../x86_64-w64-mingw32/lib/../lib/libkernel32.a(dqifs00774.o)
                0x000000006e3e4ad8                GetTickCount
 .text          0x000000006e3e4ae0        0x0 C:/GNU/MINGW64/x86_64-8.1.0-win32-seh-rt_v6-rev0/mingw64/bin/../lib/gcc/x86_64-w64-mingw32/8.1.0/../../../../x86_64-w64-mingw32/lib/../lib/libkernel32.a(dqifh.o)
 .text          0x000000006e3e4ae0        0x0 C:/GNU/MINGW64/x86_64-8.1.0-win32-seh-rt_v6-rev0/mingw64/bin/../lib/gcc/x86_64-w64-mingw32/8.1.0/../../../../x86_64-w64-mingw32/lib/../lib/libkernel32.a(dqift.o)
 .text          0x000000006e3e4ae0        0x8 C:/GNU/MINGW64/x86_64-8.1.0-win32-seh-rt_v6-rev0/mingw64/bin/../lib/gcc/x86_64-w64-mingw32/8.1.0/../../../../x86_64-w64-mingw32/lib/../lib/libuser32.a(dyqes00958.o)
                0x000000006e3e4ae0                wsprintfW
 *fill*         0x000000006e3e4ae8        0x8 
 .text          0x000000006e3e4af0        0x0 C:/GNU/MINGW64/x86_64-8.1.0-win32-seh-rt_v6-rev0/mingw64/bin/../lib/gcc/x86_64-w64-mingw32/8.1.0/../../../../x86_64-w64-mingw32/lib/../lib/libuser32.a(dyqeh.o)
 .text          0x000000006e3e4af0        0x0 C:/GNU/MINGW64/x86_64-8.1.0-win32-seh-rt_v6-rev0/mingw64/bin/../lib/gcc/x86_64-w64-mingw32/8.1.0/../../../../x86_64-w64-mingw32/lib/../lib/libuser32.a(dyqet.o)
 *(SORT_BY_NAME(.text$*))
 *(.text.*)
 *(.gnu.linkonce.t.*)
 *(.glue_7t)
 *(.glue_7)
                0x000000006e3e4af0                . = ALIGN (0x8)
                0x000000006e3e4af0                ___CTOR_LIST__ = .
                0x000000006e3e4af0                __CTOR_LIST__ = .
                0x000000006e3e4af0        0x4 LONG 0xffffffffffffffff
                0x000000006e3e4af4        0x4 LONG 0xffffffffffffffff
 *(.ctors)
 *(.ctor)
 *(SORT_BY_NAME(.ctors.*))
                0x000000006e3e4af8        0x4 LONG 0x0
                0x000000006e3e4afc        0x4 LONG 0x0
                0x000000006e3e4b00                ___DTOR_LIST__ = .
                0x000000006e3e4b00                __DTOR_LIST__ = .
                0x000000006e3e4b00        0x4 LONG 0xffffffffffffffff
                0x000000006e3e4b04        0x4 LONG 0xffffffffffffffff
 *(.dtors)
 *(.dtor)
 *(SORT_BY_NAME(.dtors.*))
                0x000000006e3e4b08        0x4 LONG 0x0
                0x000000006e3e4b0c        0x4 LONG 0x0
 *(.fini)
 *(.gcc_exc)
                [!provide]                        PROVIDE (etext = .)
 *(.gcc_except_table)

.data           0x000000006e3e5000    0x77200
                0x000000006e3e5000                __data_start__ = .
 *(.data)
 .data          0x000000006e3e5000        0x0 ../build/x64_Debug/cpuid.o
 .data          0x000000006e3e5000        0x0 ../build/x64_Debug/debug.o
 .data          0x000000006e3e5000        0x0 ../build/x64_Debug/dllmain.o
 .data          0x000000006e3e5000        0x0 ../build/x64_Debug/INTERNALTEST_op_DivRem.o
 .data          0x000000006e3e5000        0x0 ../build/x64_Debug/INTERNALTEST_op_Multiply.o
 .data          0x000000006e3e5000        0x0 ../build/x64_Debug/pmc_add.o
 .data          0x000000006e3e5000        0x0 ../build/x64_Debug/pmc_bitwiseand.o
 .data          0x000000006e3e5000        0x0 ../build/x64_Debug/pmc_bitwiseor.o
 .data          0x000000006e3e5000        0x0 ../build/x64_Debug/pmc_bytes.o
 .data          0x000000006e3e5000        0x0 ../build/x64_Debug/pmc_clone.o
 .data          0x000000006e3e5000        0x0 ../build/x64_Debug/pmc_compare.o
 .data          0x000000006e3e5000        0x0 ../build/x64_Debug/pmc_divrem.o
 .data          0x000000006e3e5000        0x0 ../build/x64_Debug/pmc_equals.o
 .data          0x000000006e3e5000        0x0 ../build/x64_Debug/pmc_exclusiveor.o
 .data          0x000000006e3e5000        0x0 ../build/x64_Debug/pmc_from.o
 .data          0x000000006e3e5000        0x0 ../build/x64_Debug/pmc_greatestcommondivisor.o
 .data          0x000000006e3e5000        0x0 ../build/x64_Debug/pmc_initialize.o
 .data          0x000000006e3e5000        0x0 ../build/x64_Debug/pmc_memory.o
 .data          0x000000006e3e5000        0x0 ../build/x64_Debug/pmc_modpow.o
 .data          0x000000006e3e5000        0x0 ../build/x64_Debug/pmc_multiply.o
 .data          0x000000006e3e5000        0x0 ../build/x64_Debug/pmc_parse.o
 .data          0x000000006e3e5000        0x0 ../build/x64_Debug/pmc_pow.o
 .data          0x000000006e3e5000        0x0 ../build/x64_Debug/pmc_shift.o
 .data          0x000000006e3e5000        0x0 ../build/x64_Debug/pmc_statistics.o
 .data          0x000000006e3e5000        0x0 ../build/x64_Debug/pmc_subtruct.o
 .data          0x000000006e3e5000        0x0 ../build/x64_Debug/pmc_to.o
 .data          0x000000006e3e5000       0xa0 ../build/x64_Debug/pmc_tostring.o
 .data          0x000000006e3e50a0    0x75780 ../build/x64_Debug/TEST_autogenerated_1.o
 .data          0x000000006e45a820     0x1900 ../build/x64_Debug/TEST_autogenerated_2.o
 .data          0x000000006e45c120        0x0 ../build/x64_Debug/TEST_op_Add.o
 .data          0x000000006e45c120        0x0 ../build/x64_Debug/TEST_op_BitwiseAnd.o
 .data          0x000000006e45c120        0x0 ../build/x64_Debug/TEST_op_BitwiseOr.o
 .data          0x000000006e45c120        0x0 ../build/x64_Debug/TEST_op_Clone.o
 .data          0x000000006e45c120        0x0 ../build/x64_Debug/TEST_op_Compare.o
 .data          0x000000006e45c120        0x0 ../build/x64_Debug/TEST_op_DivRem.o
 .data          0x000000006e45c120        0x0 ../build/x64_Debug/TEST_op_Equals.o
 .data          0x000000006e45c120        0x0 ../build/x64_Debug/TEST_op_ExclusiveOr.o
 .data          0x000000006e45c120        0x0 ../build/x64_Debug/TEST_op_From_To.o
 .data          0x000000006e45c120        0x0 ../build/x64_Debug/TEST_op_GreatestCommonDivisor.o
 .data          0x000000006e45c120        0x0 ../build/x64_Debug/TEST_op_ModPow.o
 .data          0x000000006e45c120        0x0 ../build/x64_Debug/TEST_op_Multiply.o
 .data          0x000000006e45c120        0x0 ../build/x64_Debug/TEST_op_ParseDN.o
 .data          0x000000006e45c120        0x0 ../build/x64_Debug/TEST_op_ParseX.o
 .data          0x000000006e45c120        0x0 ../build/x64_Debug/TEST_op_Pow.o
 .data          0x000000006e45c120        0x0 ../build/x64_Debug/TEST_op_Remainder.o
 .data          0x000000006e45c120        0x0 ../build/x64_Debug/TEST_op_Shift.o
 .data          0x000000006e45c120        0x0 ../build/x64_Debug/TEST_op_Subtruct.o
 .data          0x000000006e45c120        0x0 ../build/x64_Debug/TEST_op_ToStringD.o
 .data          0x000000006e45c120        0x0 ../build/x64_Debug/TEST_op_ToStringN.o
 .data          0x000000006e45c120        0x0 ../build/x64_Debug/TEST_op_ToStringX.o
 .data          0x000000006e45c120        0x0 C:/GNU/MINGW64/x86_64-8.1.0-win32-seh-rt_v6-rev0/mingw64/bin/../lib/gcc/x86_64-w64-mingw32/8.1.0/../../../../x86_64-w64-mingw32/lib/../lib/libkernel32.a(dqifs01555.o)
 .data          0x000000006e45c120        0x0 C:/GNU/MINGW64/x86_64-8.1.0-win32-seh-rt_v6-rev0/mingw64/bin/../lib/gcc/x86_64-w64-mingw32/8.1.0/../../../../x86_64-w64-mingw32/lib/../lib/libkernel32.a(dqifs01549.o)
 .data          0x000000006e45c120        0x0 C:/GNU/MINGW64/x86_64-8.1.0-win32-seh-rt_v6-rev0/mingw64/bin/../lib/gcc/x86_64-w64-mingw32/8.1.0/../../../../x86_64-w64-mingw32/lib/../lib/libkernel32.a(dqifs01543.o)
 .data          0x000000006e45c120        0x0 C:/GNU/MINGW64/x86_64-8.1.0-win32-seh-rt_v6-rev0/mingw64/bin/../lib/gcc/x86_64-w64-mingw32/8.1.0/../../../../x86_64-w64-mingw32/lib/../lib/libkernel32.a(dqifs00841.o)
 .data          0x000000006e45c120        0x0 C:/GNU/MINGW64/x86_64-8.1.0-win32-seh-rt_v6-rev0/mingw64/bin/../lib/gcc/x86_64-w64-mingw32/8.1.0/../../../../x86_64-w64-mingw32/lib/../lib/libkernel32.a(dqifs00839.o)
 .data          0x000000006e45c120        0x0 C:/GNU/MINGW64/x86_64-8.1.0-win32-seh-rt_v6-rev0/mingw64/bin/../lib/gcc/x86_64-w64-mingw32/8.1.0/../../../../x86_64-w64-mingw32/lib/../lib/libkernel32.a(dqifs00837.o)
 .data          0x000000006e45c120        0x0 C:/GNU/MINGW64/x86_64-8.1.0-win32-seh-rt_v6-rev0/mingw64/bin/../lib/gcc/x86_64-w64-mingw32/8.1.0/../../../../x86_64-w64-mingw32/lib/../lib/libkernel32.a(dqifs00835.o)
 .data          0x000000006e45c120        0x0 C:/GNU/MINGW64/x86_64-8.1.0-win32-seh-rt_v6-rev0/mingw64/bin/../lib/gcc/x86_64-w64-mingw32/8.1.0/../../../../x86_64-w64-mingw32/lib/../lib/libkernel32.a(dqifs00774.o)
 .data          0x000000006e45c120        0x0 C:/GNU/MINGW64/x86_64-8.1.0-win32-seh-rt_v6-rev0/mingw64/bin/../lib/gcc/x86_64-w64-mingw32/8.1.0/../../../../x86_64-w64-mingw32/lib/../lib/libkernel32.a(dqifh.o)
 .data          0x000000006e45c120        0x0 C:/GNU/MINGW64/x86_64-8.1.0-win32-seh-rt_v6-rev0/mingw64/bin/../lib/gcc/x86_64-w64-mingw32/8.1.0/../../../../x86_64-w64-mingw32/lib/../lib/libkernel32.a(dqift.o)
 .data          0x000000006e45c120        0x0 C:/GNU/MINGW64/x86_64-8.1.0-win32-seh-rt_v6-rev0/mingw64/bin/../lib/gcc/x86_64-w64-mingw32/8.1.0/../../../../x86_64-w64-mingw32/lib/../lib/libuser32.a(dyqes00958.o)
 .data          0x000000006e45c120        0x0 C:/GNU/MINGW64/x86_64-8.1.0-win32-seh-rt_v6-rev0/mingw64/bin/../lib/gcc/x86_64-w64-mingw32/8.1.0/../../../../x86_64-w64-mingw32/lib/../lib/libuser32.a(dyqeh.o)
 .data          0x000000006e45c120        0x0 C:/GNU/MINGW64/x86_64-8.1.0-win32-seh-rt_v6-rev0/mingw64/bin/../lib/gcc/x86_64-w64-mingw32/8.1.0/../../../../x86_64-w64-mingw32/lib/../lib/libuser32.a(dyqet.o)
 *(.data2)
 *(SORT_BY_NAME(.data$*))
 *(.jcr)
                0x000000006e45c120                __data_end__ = .
 *(.data_cygwin_nocopy)

.rdata          0x000000006e45d000    0x77400
 *(.rdata)
 .rdata         0x000000006e45d000      0x1d0 ../build/x64_Debug/debug.o
 .rdata         0x000000006e45d1d0      0x100 ../build/x64_Debug/INTERNALTEST_op_DivRem.o
 .rdata         0x000000006e45d2d0       0x80 ../build/x64_Debug/INTERNALTEST_op_Multiply.o
 .rdata         0x000000006e45d350      0x110 ../build/x64_Debug/pmc_tostring.o
 .rdata         0x000000006e45d460    0x6e680 ../build/x64_Debug/TEST_autogenerated_1.o
 .rdata         0x000000006e4cbae0     0x4870 ../build/x64_Debug/TEST_autogenerated_2.o
 .rdata         0x000000006e4d0350      0x2c0 ../build/x64_Debug/TEST_op_Add.o
 .rdata         0x000000006e4d0610      0x360 ../build/x64_Debug/TEST_op_BitwiseAnd.o
 .rdata         0x000000006e4d0970      0x360 ../build/x64_Debug/TEST_op_BitwiseOr.o
 .rdata         0x000000006e4d0cd0      0x120 ../build/x64_Debug/TEST_op_Clone.o
 .rdata         0x000000006e4d0df0      0x2c0 ../build/x64_Debug/TEST_op_Compare.o
 .rdata         0x000000006e4d10b0      0x320 ../build/x64_Debug/TEST_op_DivRem.o
 .rdata         0x000000006e4d13d0      0x2c0 ../build/x64_Debug/TEST_op_Equals.o
 .rdata         0x000000006e4d1690      0x360 ../build/x64_Debug/TEST_op_ExclusiveOr.o
 .rdata         0x000000006e4d19f0      0x210 ../build/x64_Debug/TEST_op_From_To.o
 .rdata         0x000000006e4d1c00      0x450 ../build/x64_Debug/TEST_op_GreatestCommonDivisor.o
 .rdata         0x000000006e4d2050      0x130 ../build/x64_Debug/TEST_op_ModPow.o
 .rdata         0x000000006e4d2180      0x330 ../build/x64_Debug/TEST_op_Multiply.o
 .rdata         0x000000006e4d24b0      0x130 ../build/x64_Debug/TEST_op_ParseDN.o
 .rdata         0x000000006e4d25e0       0xd0 ../build/x64_Debug/TEST_op_ParseX.o
 .rdata         0x000000006e4d26b0      0x120 ../build/x64_Debug/TEST_op_Pow.o
 .rdata         0x000000006e4d27d0      0x350 ../build/x64_Debug/TEST_op_Remainder.o
 .rdata         0x000000006e4d2b20      0x1c0 ../build/x64_Debug/TEST_op_Shift.o
 .rdata         0x000000006e4d2ce0      0x340 ../build/x64_Debug/TEST_op_Subtruct.o
 .rdata         0x000000006e4d3020       0xe0 ../build/x64_Debug/TEST_op_ToStringD.o
 .rdata         0x000000006e4d3100       0xe0 ../build/x64_Debug/TEST_op_ToStringN.o
 .rdata         0x000000006e4d31e0       0xe0 ../build/x64_Debug/TEST_op_ToStringX.o
 *(SORT_BY_NAME(.rdata$*))
 .rdata$.refptr.PMC_Add_I_X
                0x000000006e4d32c0       0x10 ../build/x64_Debug/pmc_initialize.o
                0x000000006e4d32c0                .refptr.PMC_Add_I_X
 .rdata$.refptr.PMC_Add_L_X
                0x000000006e4d32d0       0x10 ../build/x64_Debug/pmc_initialize.o
                0x000000006e4d32d0                .refptr.PMC_Add_L_X
 .rdata$.refptr.PMC_Add_X_I
                0x000000006e4d32e0       0x10 ../build/x64_Debug/pmc_initialize.o
                0x000000006e4d32e0                .refptr.PMC_Add_X_I
 .rdata$.refptr.PMC_Add_X_L
                0x000000006e4d32f0       0x10 ../build/x64_Debug/pmc_initialize.o
                0x000000006e4d32f0                .refptr.PMC_Add_X_L
 .rdata$.refptr.PMC_Add_X_X
                0x000000006e4d3300       0x10 ../build/x64_Debug/pmc_initialize.o
                0x000000006e4d3300                .refptr.PMC_Add_X_X
 .rdata$.refptr.PMC_BitwiseAnd_I_X
                0x000000006e4d3310       0x10 ../build/x64_Debug/pmc_initialize.o
                0x000000006e4d3310                .refptr.PMC_BitwiseAnd_I_X
 .rdata$.refptr.PMC_BitwiseAnd_L_X
                0x000000006e4d3320       0x10 ../build/x64_Debug/pmc_initialize.o
                0x000000006e4d3320                .refptr.PMC_BitwiseAnd_L_X
 .rdata$.refptr.PMC_BitwiseAnd_X_I
                0x000000006e4d3330       0x10 ../build/x64_Debug/pmc_initialize.o
                0x000000006e4d3330                .refptr.PMC_BitwiseAnd_X_I
 .rdata$.refptr.PMC_BitwiseAnd_X_L
                0x000000006e4d3340       0x10 ../build/x64_Debug/pmc_initialize.o
                0x000000006e4d3340                .refptr.PMC_BitwiseAnd_X_L
 .rdata$.refptr.PMC_BitwiseAnd_X_X
                0x000000006e4d3350       0x10 ../build/x64_Debug/pmc_initialize.o
                0x000000006e4d3350                .refptr.PMC_BitwiseAnd_X_X
 .rdata$.refptr.PMC_BitwiseOr_I_X
                0x000000006e4d3360       0x10 ../build/x64_Debug/pmc_initialize.o
                0x000000006e4d3360                .refptr.PMC_BitwiseOr_I_X
 .rdata$.refptr.PMC_BitwiseOr_L_X
                0x000000006e4d3370       0x10 ../build/x64_Debug/pmc_initialize.o
                0x000000006e4d3370                .refptr.PMC_BitwiseOr_L_X
 .rdata$.refptr.PMC_BitwiseOr_X_I
                0x000000006e4d3380       0x10 ../build/x64_Debug/pmc_initialize.o
                0x000000006e4d3380                .refptr.PMC_BitwiseOr_X_I
 .rdata$.refptr.PMC_BitwiseOr_X_L
                0x000000006e4d3390       0x10 ../build/x64_Debug/pmc_initialize.o
                0x000000006e4d3390                .refptr.PMC_BitwiseOr_X_L
 .rdata$.refptr.PMC_BitwiseOr_X_X
                0x000000006e4d33a0       0x10 ../build/x64_Debug/pmc_initialize.o
                0x000000006e4d33a0                .refptr.PMC_BitwiseOr_X_X
 .rdata$.refptr.PMC_Clone_X
                0x000000006e4d33b0       0x10 ../build/x64_Debug/pmc_initialize.o
                0x000000006e4d33b0                .refptr.PMC_Clone_X
 .rdata$.refptr.PMC_Compare_I_X
                0x000000006e4d33c0       0x10 ../build/x64_Debug/pmc_initialize.o
                0x000000006e4d33c0                .refptr.PMC_Compare_I_X
 .rdata$.refptr.PMC_Compare_L_X
                0x000000006e4d33d0       0x10 ../build/x64_Debug/pmc_initialize.o
                0x000000006e4d33d0                .refptr.PMC_Compare_L_X
 .rdata$.refptr.PMC_Compare_X_I
                0x000000006e4d33e0       0x10 ../build/x64_Debug/pmc_initialize.o
                0x000000006e4d33e0                .refptr.PMC_Compare_X_I
 .rdata$.refptr.PMC_Compare_X_L
                0x000000006e4d33f0       0x10 ../build/x64_Debug/pmc_initialize.o
                0x000000006e4d33f0                .refptr.PMC_Compare_X_L
 .rdata$.refptr.PMC_Compare_X_X
                0x000000006e4d3400       0x10 ../build/x64_Debug/pmc_initialize.o
                0x000000006e4d3400                .refptr.PMC_Compare_X_X
 .rdata$.refptr.PMC_Dispose
                0x000000006e4d3410       0x10 ../build/x64_Debug/pmc_initialize.o
                0x000000006e4d3410                .refptr.PMC_Dispose
 .rdata$.refptr.PMC_DivRem_I_X
                0x000000006e4d3420       0x10 ../build/x64_Debug/pmc_initialize.o
                0x000000006e4d3420                .refptr.PMC_DivRem_I_X
 .rdata$.refptr.PMC_DivRem_L_X
                0x000000006e4d3430       0x10 ../build/x64_Debug/pmc_initialize.o
                0x000000006e4d3430                .refptr.PMC_DivRem_L_X
 .rdata$.refptr.PMC_DivRem_X_I
                0x000000006e4d3440       0x10 ../build/x64_Debug/pmc_initialize.o
                0x000000006e4d3440                .refptr.PMC_DivRem_X_I
 .rdata$.refptr.PMC_DivRem_X_L
                0x000000006e4d3450       0x10 ../build/x64_Debug/pmc_initialize.o
                0x000000006e4d3450                .refptr.PMC_DivRem_X_L
 .rdata$.refptr.PMC_DivRem_X_X
                0x000000006e4d3460       0x10 ../build/x64_Debug/pmc_initialize.o
                0x000000006e4d3460                .refptr.PMC_DivRem_X_X
 .rdata$.refptr.PMC_Equals_I_X
                0x000000006e4d3470       0x10 ../build/x64_Debug/pmc_initialize.o
                0x000000006e4d3470                .refptr.PMC_Equals_I_X
 .rdata$.refptr.PMC_Equals_L_X
                0x000000006e4d3480       0x10 ../build/x64_Debug/pmc_initialize.o
                0x000000006e4d3480                .refptr.PMC_Equals_L_X
 .rdata$.refptr.PMC_Equals_X_I
                0x000000006e4d3490       0x10 ../build/x64_Debug/pmc_initialize.o
                0x000000006e4d3490                .refptr.PMC_Equals_X_I
 .rdata$.refptr.PMC_Equals_X_L
                0x000000006e4d34a0       0x10 ../build/x64_Debug/pmc_initialize.o
                0x000000006e4d34a0                .refptr.PMC_Equals_X_L
 .rdata$.refptr.PMC_Equals_X_X
                0x000000006e4d34b0       0x10 ../build/x64_Debug/pmc_initialize.o
                0x000000006e4d34b0                .refptr.PMC_Equals_X_X
 .rdata$.refptr.PMC_ExclusiveOr_I_X
                0x000000006e4d34c0       0x10 ../build/x64_Debug/pmc_initialize.o
                0x000000006e4d34c0                .refptr.PMC_ExclusiveOr_I_X
 .rdata$.refptr.PMC_ExclusiveOr_L_X
                0x000000006e4d34d0       0x10 ../build/x64_Debug/pmc_initialize.o
                0x000000006e4d34d0                .refptr.PMC_ExclusiveOr_L_X
 .rdata$.refptr.PMC_ExclusiveOr_X_I
                0x000000006e4d34e0       0x10 ../build/x64_Debug/pmc_initialize.o
                0x000000006e4d34e0                .refptr.PMC_ExclusiveOr_X_I
 .rdata$.refptr.PMC_ExclusiveOr_X_L
                0x000000006e4d34f0       0x10 ../build/x64_Debug/pmc_initialize.o
                0x000000006e4d34f0                .refptr.PMC_ExclusiveOr_X_L
 .rdata$.refptr.PMC_ExclusiveOr_X_X
                0x000000006e4d3500       0x10 ../build/x64_Debug/pmc_initialize.o
                0x000000006e4d3500                .refptr.PMC_ExclusiveOr_X_X
 .rdata$.refptr.PMC_FromByteArray
                0x000000006e4d3510       0x10 ../build/x64_Debug/pmc_initialize.o
                0x000000006e4d3510                .refptr.PMC_FromByteArray
 .rdata$.refptr.PMC_FromByteArrayForSINT
                0x000000006e4d3520       0x10 ../build/x64_Debug/pmc_initialize.o
                0x000000006e4d3520                .refptr.PMC_FromByteArrayForSINT
 .rdata$.refptr.PMC_From_I
                0x000000006e4d3530       0x10 ../build/x64_Debug/pmc_initialize.o
                0x000000006e4d3530                .refptr.PMC_From_I
 .rdata$.refptr.PMC_From_L
                0x000000006e4d3540       0x10 ../build/x64_Debug/pmc_initialize.o
                0x000000006e4d3540                .refptr.PMC_From_L
 .rdata$.refptr.PMC_GetConstantValue_I
                0x000000006e4d3550       0x10 ../build/x64_Debug/pmc_initialize.o
                0x000000006e4d3550                .refptr.PMC_GetConstantValue_I
 .rdata$.refptr.PMC_GetStatisticsInfo
                0x000000006e4d3560       0x10 ../build/x64_Debug/pmc_initialize.o
                0x000000006e4d3560                .refptr.PMC_GetStatisticsInfo
 .rdata$.refptr.PMC_GreatestCommonDivisor_I_X
                0x000000006e4d3570       0x10 ../build/x64_Debug/pmc_initialize.o
                0x000000006e4d3570                .refptr.PMC_GreatestCommonDivisor_I_X
 .rdata$.refptr.PMC_GreatestCommonDivisor_L_X
                0x000000006e4d3580       0x10 ../build/x64_Debug/pmc_initialize.o
                0x000000006e4d3580                .refptr.PMC_GreatestCommonDivisor_L_X
 .rdata$.refptr.PMC_GreatestCommonDivisor_X_I
                0x000000006e4d3590       0x10 ../build/x64_Debug/pmc_initialize.o
                0x000000006e4d3590                .refptr.PMC_GreatestCommonDivisor_X_I
 .rdata$.refptr.PMC_GreatestCommonDivisor_X_L
                0x000000006e4d35a0       0x10 ../build/x64_Debug/pmc_initialize.o
                0x000000006e4d35a0                .refptr.PMC_GreatestCommonDivisor_X_L
 .rdata$.refptr.PMC_GreatestCommonDivisor_X_X
                0x000000006e4d35b0       0x10 ../build/x64_Debug/pmc_initialize.o
                0x000000006e4d35b0                .refptr.PMC_GreatestCommonDivisor_X_X
 .rdata$.refptr.PMC_InitializeNumberFormatInfo
                0x000000006e4d35c0       0x10 ../build/x64_Debug/pmc_initialize.o
                0x000000006e4d35c0                .refptr.PMC_InitializeNumberFormatInfo
 .rdata$.refptr.PMC_LeftShift_X_I
                0x000000006e4d35d0       0x10 ../build/x64_Debug/pmc_initialize.o
                0x000000006e4d35d0                .refptr.PMC_LeftShift_X_I
 .rdata$.refptr.PMC_ModPow_X_X_X
                0x000000006e4d35e0       0x10 ../build/x64_Debug/pmc_initialize.o
                0x000000006e4d35e0                .refptr.PMC_ModPow_X_X_X
 .rdata$.refptr.PMC_Multiply_I_X
                0x000000006e4d35f0       0x10 ../build/x64_Debug/pmc_initialize.o
                0x000000006e4d35f0                .refptr.PMC_Multiply_I_X
 .rdata$.refptr.PMC_Multiply_L_X
                0x000000006e4d3600       0x10 ../build/x64_Debug/pmc_initialize.o
                0x000000006e4d3600                .refptr.PMC_Multiply_L_X
 .rdata$.refptr.PMC_Multiply_X_I
                0x000000006e4d3610       0x10 ../build/x64_Debug/pmc_initialize.o
                0x000000006e4d3610                .refptr.PMC_Multiply_X_I
 .rdata$.refptr.PMC_Multiply_X_L
                0x000000006e4d3620       0x10 ../build/x64_Debug/pmc_initialize.o
                0x000000006e4d3620                .refptr.PMC_Multiply_X_L
 .rdata$.refptr.PMC_Multiply_X_X
                0x000000006e4d3630       0x10 ../build/x64_Debug/pmc_initialize.o
                0x000000006e4d3630                .refptr.PMC_Multiply_X_X
 .rdata$.refptr.PMC_Pow_X_I
                0x000000006e4d3640       0x10 ../build/x64_Debug/pmc_initialize.o
                0x000000006e4d3640                .refptr.PMC_Pow_X_I
 .rdata$.refptr.PMC_RightShift_X_I
                0x000000006e4d3650       0x10 ../build/x64_Debug/pmc_initialize.o
                0x000000006e4d3650                .refptr.PMC_RightShift_X_I
 .rdata$.refptr.PMC_Subtruct_I_X
                0x000000006e4d3660       0x10 ../build/x64_Debug/pmc_initialize.o
                0x000000006e4d3660                .refptr.PMC_Subtruct_I_X
 .rdata$.refptr.PMC_Subtruct_L_X
                0x000000006e4d3670       0x10 ../build/x64_Debug/pmc_initialize.o
                0x000000006e4d3670                .refptr.PMC_Subtruct_L_X
 .rdata$.refptr.PMC_Subtruct_X_I
                0x000000006e4d3680       0x10 ../build/x64_Debug/pmc_initialize.o
                0x000000006e4d3680                .refptr.PMC_Subtruct_X_I
 .rdata$.refptr.PMC_Subtruct_X_L
                0x000000006e4d3690       0x10 ../build/x64_Debug/pmc_initialize.o
                0x000000006e4d3690                .refptr.PMC_Subtruct_X_L
 .rdata$.refptr.PMC_Subtruct_X_X
                0x000000006e4d36a0       0x10 ../build/x64_Debug/pmc_initialize.o
                0x000000006e4d36a0                .refptr.PMC_Subtruct_X_X
 .rdata$.refptr.PMC_ToByteArray
                0x000000006e4d36b0       0x10 ../build/x64_Debug/pmc_initialize.o
                0x000000006e4d36b0                .refptr.PMC_ToByteArray
 .rdata$.refptr.PMC_ToByteArrayForSINT
                0x000000006e4d36c0       0x10 ../build/x64_Debug/pmc_initialize.o
                0x000000006e4d36c0                .refptr.PMC_ToByteArrayForSINT
 .rdata$.refptr.PMC_ToString
                0x000000006e4d36d0       0x10 ../build/x64_Debug/pmc_initialize.o
                0x000000006e4d36d0                .refptr.PMC_ToString
 .rdata$.refptr.PMC_To_X_I
                0x000000006e4d36e0       0x10 ../build/x64_Debug/pmc_initialize.o
                0x000000006e4d36e0                .refptr.PMC_To_X_I
 .rdata$.refptr.PMC_To_X_L
                0x000000006e4d36f0       0x10 ../build/x64_Debug/pmc_initialize.o
                0x000000006e4d36f0                .refptr.PMC_To_X_L
 .rdata$.refptr.PMC_TryParse
                0x000000006e4d3700       0x10 ../build/x64_Debug/pmc_initialize.o
                0x000000006e4d3700                .refptr.PMC_TryParse
 .rdata$.refptr.PMC_TryParseForSINT
                0x000000006e4d3710       0x10 ../build/x64_Debug/pmc_initialize.o
                0x000000006e4d3710                .refptr.PMC_TryParseForSINT
 .rdata$.refptr.configuration_info
                0x000000006e4d3720       0x10 ../build/x64_Debug/pmc_memory.o
                0x000000006e4d3720                .refptr.configuration_info
 .rdata$.refptr.number_one
                0x000000006e4d3730       0x10 ../build/x64_Debug/pmc_modpow.o
                0x000000006e4d3730                .refptr.number_one
 .rdata$.refptr.number_zero
                0x000000006e4d3740       0x10 ../build/x64_Debug/pmc_add.o
                0x000000006e4d3740                .refptr.number_zero
 .rdata$.refptr.statistics_info
                0x000000006e4d3750       0x10 ../build/x64_Debug/pmc_divrem.o
                0x000000006e4d3750                .refptr.statistics_info
 .rdata$zzz     0x000000006e4d3760       0x40 ../build/x64_Debug/cpuid.o
 .rdata$zzz     0x000000006e4d37a0       0x40 ../build/x64_Debug/debug.o
 .rdata$zzz     0x000000006e4d37e0       0x40 ../build/x64_Debug/dllmain.o
 .rdata$zzz     0x000000006e4d3820       0x40 ../build/x64_Debug/INTERNALTEST_op_DivRem.o
 .rdata$zzz     0x000000006e4d3860       0x40 ../build/x64_Debug/INTERNALTEST_op_Multiply.o
 .rdata$zzz     0x000000006e4d38a0       0x40 ../build/x64_Debug/pmc_add.o
 .rdata$zzz     0x000000006e4d38e0       0x40 ../build/x64_Debug/pmc_bitwiseand.o
 .rdata$zzz     0x000000006e4d3920       0x40 ../build/x64_Debug/pmc_bitwiseor.o
 .rdata$zzz     0x000000006e4d3960       0x40 ../build/x64_Debug/pmc_bytes.o
 .rdata$zzz     0x000000006e4d39a0       0x40 ../build/x64_Debug/pmc_clone.o
 .rdata$zzz     0x000000006e4d39e0       0x40 ../build/x64_Debug/pmc_compare.o
 .rdata$zzz     0x000000006e4d3a20       0x40 ../build/x64_Debug/pmc_divrem.o
 .rdata$zzz     0x000000006e4d3a60       0x40 ../build/x64_Debug/pmc_equals.o
 .rdata$zzz     0x000000006e4d3aa0       0x40 ../build/x64_Debug/pmc_exclusiveor.o
 .rdata$zzz     0x000000006e4d3ae0       0x40 ../build/x64_Debug/pmc_from.o
 .rdata$zzz     0x000000006e4d3b20       0x40 ../build/x64_Debug/pmc_greatestcommondivisor.o
 .rdata$zzz     0x000000006e4d3b60       0x40 ../build/x64_Debug/pmc_initialize.o
 .rdata$zzz     0x000000006e4d3ba0       0x40 ../build/x64_Debug/pmc_memory.o
 .rdata$zzz     0x000000006e4d3be0       0x40 ../build/x64_Debug/pmc_modpow.o
 .rdata$zzz     0x000000006e4d3c20       0x40 ../build/x64_Debug/pmc_multiply.o
 .rdata$zzz     0x000000006e4d3c60       0x40 ../build/x64_Debug/pmc_parse.o
 .rdata$zzz     0x000000006e4d3ca0       0x40 ../build/x64_Debug/pmc_pow.o
 .rdata$zzz     0x000000006e4d3ce0       0x40 ../build/x64_Debug/pmc_shift.o
 .rdata$zzz     0x000000006e4d3d20       0x40 ../build/x64_Debug/pmc_statistics.o
 .rdata$zzz     0x000000006e4d3d60       0x40 ../build/x64_Debug/pmc_subtruct.o
 .rdata$zzz     0x000000006e4d3da0       0x40 ../build/x64_Debug/pmc_to.o
 .rdata$zzz     0x000000006e4d3de0       0x40 ../build/x64_Debug/pmc_tostring.o
 .rdata$zzz     0x000000006e4d3e20       0x40 ../build/x64_Debug/TEST_autogenerated_1.o
 .rdata$zzz     0x000000006e4d3e60       0x40 ../build/x64_Debug/TEST_autogenerated_2.o
 .rdata$zzz     0x000000006e4d3ea0       0x40 ../build/x64_Debug/TEST_op_Add.o
 .rdata$zzz     0x000000006e4d3ee0       0x40 ../build/x64_Debug/TEST_op_BitwiseAnd.o
 .rdata$zzz     0x000000006e4d3f20       0x40 ../build/x64_Debug/TEST_op_BitwiseOr.o
 .rdata$zzz     0x000000006e4d3f60       0x40 ../build/x64_Debug/TEST_op_Clone.o
 .rdata$zzz     0x000000006e4d3fa0       0x40 ../build/x64_Debug/TEST_op_Compare.o
 .rdata$zzz     0x000000006e4d3fe0       0x40 ../build/x64_Debug/TEST_op_DivRem.o
 .rdata$zzz     0x000000006e4d4020       0x40 ../build/x64_Debug/TEST_op_Equals.o
 .rdata$zzz     0x000000006e4d4060       0x40 ../build/x64_Debug/TEST_op_ExclusiveOr.o
 .rdata$zzz     0x000000006e4d40a0       0x40 ../build/x64_Debug/TEST_op_From_To.o
 .rdata$zzz     0x000000006e4d40e0       0x40 ../build/x64_Debug/TEST_op_GreatestCommonDivisor.o
 .rdata$zzz     0x000000006e4d4120       0x40 ../build/x64_Debug/TEST_op_ModPow.o
 .rdata$zzz     0x000000006e4d4160       0x40 ../build/x64_Debug/TEST_op_Multiply.o
 .rdata$zzz     0x000000006e4d41a0       0x40 ../build/x64_Debug/TEST_op_ParseDN.o
 .rdata$zzz     0x000000006e4d41e0       0x40 ../build/x64_Debug/TEST_op_ParseX.o
 .rdata$zzz     0x000000006e4d4220       0x40 ../build/x64_Debug/TEST_op_Pow.o
 .rdata$zzz     0x000000006e4d4260       0x40 ../build/x64_Debug/TEST_op_Remainder.o
 .rdata$zzz     0x000000006e4d42a0       0x40 ../build/x64_Debug/TEST_op_Shift.o
 .rdata$zzz     0x000000006e4d42e0       0x40 ../build/x64_Debug/TEST_op_Subtruct.o
 .rdata$zzz     0x000000006e4d4320       0x40 ../build/x64_Debug/TEST_op_ToStringD.o
 .rdata$zzz     0x000000006e4d4360       0x40 ../build/x64_Debug/TEST_op_ToStringN.o
 .rdata$zzz     0x000000006e4d43a0       0x40 ../build/x64_Debug/TEST_op_ToStringX.o
                0x000000006e4d43e0                __rt_psrelocs_start = .
 *(.rdata_runtime_pseudo_reloc)
                0x000000006e4d43e0                __rt_psrelocs_end = .
                0x0000000000000000                __rt_psrelocs_size = (__rt_psrelocs_end - __rt_psrelocs_start)
                0x000000006e4d43e0                ___RUNTIME_PSEUDO_RELOC_LIST_END__ = .
                0x000000006e4d43e0                __RUNTIME_PSEUDO_RELOC_LIST_END__ = .
                0x000000006e4d43e0                ___RUNTIME_PSEUDO_RELOC_LIST__ = (. - __rt_psrelocs_size)
                0x000000006e4d43e0                __RUNTIME_PSEUDO_RELOC_LIST__ = (. - __rt_psrelocs_size)

.eh_frame
 *(.eh_frame*)

.pdata          0x000000006e4d5000     0x1600
 *(.pdata*)
 .pdata         0x000000006e4d5000       0x30 ../build/x64_Debug/cpuid.o
 .pdata         0x000000006e4d5030       0x60 ../build/x64_Debug/debug.o
 .pdata         0x000000006e4d5090        0xc ../build/x64_Debug/dllmain.o
 .pdata         0x000000006e4d509c       0x24 ../build/x64_Debug/INTERNALTEST_op_DivRem.o
 .pdata         0x000000006e4d50c0       0x30 ../build/x64_Debug/INTERNALTEST_op_Multiply.o
 .pdata         0x000000006e4d50f0      0x150 ../build/x64_Debug/pmc_add.o
 .pdata         0x000000006e4d5240       0x6c ../build/x64_Debug/pmc_bitwiseand.o
 .pdata         0x000000006e4d52ac       0xb4 ../build/x64_Debug/pmc_bitwiseor.o
 .pdata         0x000000006e4d5360       0x60 ../build/x64_Debug/pmc_bytes.o
 .pdata         0x000000006e4d53c0       0x18 ../build/x64_Debug/pmc_clone.o
 .pdata         0x000000006e4d53d8       0x84 ../build/x64_Debug/pmc_compare.o
 .pdata         0x000000006e4d545c      0x258 ../build/x64_Debug/pmc_divrem.o
 .pdata         0x000000006e4d56b4       0x84 ../build/x64_Debug/pmc_equals.o
 .pdata         0x000000006e4d5738       0xb4 ../build/x64_Debug/pmc_exclusiveor.o
 .pdata         0x000000006e4d57ec       0x54 ../build/x64_Debug/pmc_from.o
 .pdata         0x000000006e4d5840       0xc0 ../build/x64_Debug/pmc_greatestcommondivisor.o
 .pdata         0x000000006e4d5900       0x24 ../build/x64_Debug/pmc_initialize.o
 .pdata         0x000000006e4d5924      0x174 ../build/x64_Debug/pmc_memory.o
 .pdata         0x000000006e4d5a98       0x78 ../build/x64_Debug/pmc_modpow.o
 .pdata         0x000000006e4d5b10      0x144 ../build/x64_Debug/pmc_multiply.o
 .pdata         0x000000006e4d5c54      0x1b0 ../build/x64_Debug/pmc_parse.o
 .pdata         0x000000006e4d5e04       0x54 ../build/x64_Debug/pmc_pow.o
 .pdata         0x000000006e4d5e58       0x84 ../build/x64_Debug/pmc_shift.o
 .pdata         0x000000006e4d5edc        0xc ../build/x64_Debug/pmc_statistics.o
 .pdata         0x000000006e4d5ee8       0xd8 ../build/x64_Debug/pmc_subtruct.o
 .pdata         0x000000006e4d5fc0       0x30 ../build/x64_Debug/pmc_to.o
 .pdata         0x000000006e4d5ff0      0x120 ../build/x64_Debug/pmc_tostring.o
 .pdata         0x000000006e4d6110        0xc ../build/x64_Debug/TEST_autogenerated_1.o
 .pdata         0x000000006e4d611c        0xc ../build/x64_Debug/TEST_autogenerated_2.o
 .pdata         0x000000006e4d6128       0x48 ../build/x64_Debug/TEST_op_Add.o
 .pdata         0x000000006e4d6170       0x48 ../build/x64_Debug/TEST_op_BitwiseAnd.o
 .pdata         0x000000006e4d61b8       0x48 ../build/x64_Debug/TEST_op_BitwiseOr.o
 .pdata         0x000000006e4d6200       0x18 ../build/x64_Debug/TEST_op_Clone.o
 .pdata         0x000000006e4d6218       0x3c ../build/x64_Debug/TEST_op_Compare.o
 .pdata         0x000000006e4d6254       0x48 ../build/x64_Debug/TEST_op_DivRem.o
 .pdata         0x000000006e4d629c       0x3c ../build/x64_Debug/TEST_op_Equals.o
 .pdata         0x000000006e4d62d8       0x48 ../build/x64_Debug/TEST_op_ExclusiveOr.o
 .pdata         0x000000006e4d6320       0x3c ../build/x64_Debug/TEST_op_From_To.o
 .pdata         0x000000006e4d635c       0x48 ../build/x64_Debug/TEST_op_GreatestCommonDivisor.o
 .pdata         0x000000006e4d63a4       0x18 ../build/x64_Debug/TEST_op_ModPow.o
 .pdata         0x000000006e4d63bc       0x48 ../build/x64_Debug/TEST_op_Multiply.o
 .pdata         0x000000006e4d6404       0x30 ../build/x64_Debug/TEST_op_ParseDN.o
 .pdata         0x000000006e4d6434       0x18 ../build/x64_Debug/TEST_op_ParseX.o
 .pdata         0x000000006e4d644c       0x18 ../build/x64_Debug/TEST_op_Pow.o
 .pdata         0x000000006e4d6464       0x48 ../build/x64_Debug/TEST_op_Remainder.o
 .pdata         0x000000006e4d64ac       0x24 ../build/x64_Debug/TEST_op_Shift.o
 .pdata         0x000000006e4d64d0       0x48 ../build/x64_Debug/TEST_op_Subtruct.o
 .pdata         0x000000006e4d6518        0xc ../build/x64_Debug/TEST_op_ToStringD.o
 .pdata         0x000000006e4d6524        0xc ../build/x64_Debug/TEST_op_ToStringN.o
 .pdata         0x000000006e4d6530        0xc ../build/x64_Debug/TEST_op_ToStringX.o

.xdata          0x000000006e4d7000     0x1600
 *(.xdata*)
 .xdata         0x000000006e4d7000       0x30 ../build/x64_Debug/cpuid.o
 .xdata         0x000000006e4d7030       0x60 ../build/x64_Debug/debug.o
 .xdata         0x000000006e4d7090        0xc ../build/x64_Debug/dllmain.o
 .xdata         0x000000006e4d709c       0x28 ../build/x64_Debug/INTERNALTEST_op_DivRem.o
 .xdata         0x000000006e4d70c4       0x30 ../build/x64_Debug/INTERNALTEST_op_Multiply.o
 .xdata         0x000000006e4d70f4      0x120 ../build/x64_Debug/pmc_add.o
 .xdata         0x000000006e4d7214       0x60 ../build/x64_Debug/pmc_bitwiseand.o
 .xdata         0x000000006e4d7274       0xb0 ../build/x64_Debug/pmc_bitwiseor.o
 .xdata         0x000000006e4d7324       0x60 ../build/x64_Debug/pmc_bytes.o
 .xdata         0x000000006e4d7384       0x14 ../build/x64_Debug/pmc_clone.o
 .xdata         0x000000006e4d7398       0x7c ../build/x64_Debug/pmc_compare.o
 .xdata         0x000000006e4d7414      0x234 ../build/x64_Debug/pmc_divrem.o
 .xdata         0x000000006e4d7648       0x7c ../build/x64_Debug/pmc_equals.o
 .xdata         0x000000006e4d76c4       0xb0 ../build/x64_Debug/pmc_exclusiveor.o
 .xdata         0x000000006e4d7774       0x50 ../build/x64_Debug/pmc_from.o
 .xdata         0x000000006e4d77c4       0xc0 ../build/x64_Debug/pmc_greatestcommondivisor.o
 .xdata         0x000000006e4d7884       0x24 ../build/x64_Debug/pmc_initialize.o
 .xdata         0x000000006e4d78a8      0x16c ../build/x64_Debug/pmc_memory.o
 .xdata         0x000000006e4d7a14       0x78 ../build/x64_Debug/pmc_modpow.o
 .xdata         0x000000006e4d7a8c      0x140 ../build/x64_Debug/pmc_multiply.o
 .xdata         0x000000006e4d7bcc      0x19c ../build/x64_Debug/pmc_parse.o
 .xdata         0x000000006e4d7d68       0x54 ../build/x64_Debug/pmc_pow.o
 .xdata         0x000000006e4d7dbc       0x88 ../build/x64_Debug/pmc_shift.o
 .xdata         0x000000006e4d7e44        0x8 ../build/x64_Debug/pmc_statistics.o
 .xdata         0x000000006e4d7e4c       0xc0 ../build/x64_Debug/pmc_subtruct.o
 .xdata         0x000000006e4d7f0c       0x28 ../build/x64_Debug/pmc_to.o
 .xdata         0x000000006e4d7f34      0x11c ../build/x64_Debug/pmc_tostring.o
 .xdata         0x000000006e4d8050       0x18 ../build/x64_Debug/TEST_autogenerated_1.o
 .xdata         0x000000006e4d8068        0xc ../build/x64_Debug/TEST_autogenerated_2.o
 .xdata         0x000000006e4d8074       0x58 ../build/x64_Debug/TEST_op_Add.o
 .xdata         0x000000006e4d80cc       0x58 ../build/x64_Debug/TEST_op_BitwiseAnd.o
 .xdata         0x000000006e4d8124       0x58 ../build/x64_Debug/TEST_op_BitwiseOr.o
 .xdata         0x000000006e4d817c       0x18 ../build/x64_Debug/TEST_op_Clone.o
 .xdata         0x000000006e4d8194       0x50 ../build/x64_Debug/TEST_op_Compare.o
 .xdata         0x000000006e4d81e4       0x58 ../build/x64_Debug/TEST_op_DivRem.o
 .xdata         0x000000006e4d823c       0x50 ../build/x64_Debug/TEST_op_Equals.o
 .xdata         0x000000006e4d828c       0x58 ../build/x64_Debug/TEST_op_ExclusiveOr.o
 .xdata         0x000000006e4d82e4       0x48 ../build/x64_Debug/TEST_op_From_To.o
 .xdata         0x000000006e4d832c       0x58 ../build/x64_Debug/TEST_op_GreatestCommonDivisor.o
 .xdata         0x000000006e4d8384       0x18 ../build/x64_Debug/TEST_op_ModPow.o
 .xdata         0x000000006e4d839c       0x58 ../build/x64_Debug/TEST_op_Multiply.o
 .xdata         0x000000006e4d83f4       0x38 ../build/x64_Debug/TEST_op_ParseDN.o
 .xdata         0x000000006e4d842c       0x18 ../build/x64_Debug/TEST_op_ParseX.o
 .xdata         0x000000006e4d8444       0x18 ../build/x64_Debug/TEST_op_Pow.o
 .xdata         0x000000006e4d845c       0x58 ../build/x64_Debug/TEST_op_Remainder.o
 .xdata         0x000000006e4d84b4       0x28 ../build/x64_Debug/TEST_op_Shift.o
 .xdata         0x000000006e4d84dc       0x58 ../build/x64_Debug/TEST_op_Subtruct.o
 .xdata         0x000000006e4d8534       0x10 ../build/x64_Debug/TEST_op_ToStringD.o
 .xdata         0x000000006e4d8544       0x10 ../build/x64_Debug/TEST_op_ToStringN.o
 .xdata         0x000000006e4d8554       0x10 ../build/x64_Debug/TEST_op_ToStringX.o

.bss            0x000000006e4d9000    0x185c0
                0x000000006e4d9000                __bss_start__ = .
 *(.bss)
 .bss           0x000000006e4d9000        0x0 ../build/x64_Debug/cpuid.o
 .bss           0x000000006e4d9000      0x420 ../build/x64_Debug/debug.o
                0x000000006e4d9000                test_total_count
                0x000000006e4d9004                test_ok_count
                0x000000006e4d9008                __DEBUG_LOG
 .bss           0x000000006e4d9420        0x0 ../build/x64_Debug/dllmain.o
 .bss           0x000000006e4d9420        0x0 ../build/x64_Debug/INTERNALTEST_op_DivRem.o
 .bss           0x000000006e4d9420        0x0 ../build/x64_Debug/INTERNALTEST_op_Multiply.o
 .bss           0x000000006e4d9420       0x10 ../build/x64_Debug/pmc_add.o
 .bss           0x000000006e4d9430        0x0 ../build/x64_Debug/pmc_bitwiseand.o
 .bss           0x000000006e4d9430        0x0 ../build/x64_Debug/pmc_bitwiseor.o
 .bss           0x000000006e4d9430        0x0 ../build/x64_Debug/pmc_bytes.o
 .bss           0x000000006e4d9430        0x0 ../build/x64_Debug/pmc_clone.o
 .bss           0x000000006e4d9430        0x0 ../build/x64_Debug/pmc_compare.o
 .bss           0x000000006e4d9430       0x10 ../build/x64_Debug/pmc_divrem.o
 .bss           0x000000006e4d9440        0x0 ../build/x64_Debug/pmc_equals.o
 .bss           0x000000006e4d9440        0x0 ../build/x64_Debug/pmc_exclusiveor.o
 .bss           0x000000006e4d9440        0x0 ../build/x64_Debug/pmc_from.o
 .bss           0x000000006e4d9440        0x0 ../build/x64_Debug/pmc_greatestcommondivisor.o
 .bss           0x000000006e4d9440      0x240 ../build/x64_Debug/pmc_initialize.o
 .bss           0x000000006e4d9680        0x0 ../build/x64_Debug/pmc_memory.o
 .bss           0x000000006e4d9680        0x0 ../build/x64_Debug/pmc_modpow.o
 .bss           0x000000006e4d9680       0x20 ../build/x64_Debug/pmc_multiply.o
 .bss           0x000000006e4d96a0       0xe0 ../build/x64_Debug/pmc_parse.o
 .bss           0x000000006e4d9780        0x0 ../build/x64_Debug/pmc_pow.o
 .bss           0x000000006e4d9780        0x0 ../build/x64_Debug/pmc_shift.o
 .bss           0x000000006e4d9780        0x0 ../build/x64_Debug/pmc_statistics.o
 .bss           0x000000006e4d9780        0x0 ../build/x64_Debug/pmc_subtruct.o
 .bss           0x000000006e4d9780        0x0 ../build/x64_Debug/pmc_to.o
 .bss           0x000000006e4d9780       0xc0 ../build/x64_Debug/pmc_tostring.o
 .bss           0x000000006e4d9840      0xb60 ../build/x64_Debug/TEST_autogenerated_1.o
 .bss           0x000000006e4da3a0      0xcc0 ../build/x64_Debug/TEST_autogenerated_2.o
 .bss           0x000000006e4db060        0x0 ../build/x64_Debug/TEST_op_Add.o
 .bss           0x000000006e4db060        0x0 ../build/x64_Debug/TEST_op_BitwiseAnd.o
 .bss           0x000000006e4db060        0x0 ../build/x64_Debug/TEST_op_BitwiseOr.o
 .bss           0x000000006e4db060        0x0 ../build/x64_Debug/TEST_op_Clone.o
 .bss           0x000000006e4db060        0x0 ../build/x64_Debug/TEST_op_Compare.o
 .bss           0x000000006e4db060        0x0 ../build/x64_Debug/TEST_op_DivRem.o
 .bss           0x000000006e4db060        0x0 ../build/x64_Debug/TEST_op_Equals.o
 .bss           0x000000006e4db060        0x0 ../build/x64_Debug/TEST_op_ExclusiveOr.o
 .bss           0x000000006e4db060        0x0 ../build/x64_Debug/TEST_op_From_To.o
 .bss           0x000000006e4db060        0x0 ../build/x64_Debug/TEST_op_GreatestCommonDivisor.o
 .bss           0x000000006e4db060        0x0 ../build/x64_Debug/TEST_op_ModPow.o
 .bss           0x000000006e4db060        0x0 ../build/x64_Debug/TEST_op_Multiply.o
 .bss           0x000000006e4db060      0x360 ../build/x64_Debug/TEST_op_ParseDN.o
 .bss           0x000000006e4db3c0      0x120 ../build/x64_Debug/TEST_op_ParseX.o
 .bss           0x000000006e4db4e0    0x10000 ../build/x64_Debug/TEST_op_Pow.o
 .bss           0x000000006e4eb4e0        0x0 ../build/x64_Debug/TEST_op_Remainder.o
 .bss           0x000000006e4eb4e0        0x0 ../build/x64_Debug/TEST_op_Shift.o
 .bss           0x000000006e4eb4e0        0x0 ../build/x64_Debug/TEST_op_Subtruct.o
 .bss           0x000000006e4eb4e0     0x2000 ../build/x64_Debug/TEST_op_ToStringD.o
 .bss           0x000000006e4ed4e0     0x2000 ../build/x64_Debug/TEST_op_ToStringN.o
 .bss           0x000000006e4ef4e0     0x2000 ../build/x64_Debug/TEST_op_ToStringX.o
 .bss           0x000000006e4f14e0        0x0 C:/GNU/MINGW64/x86_64-8.1.0-win32-seh-rt_v6-rev0/mingw64/bin/../lib/gcc/x86_64-w64-mingw32/8.1.0/../../../../x86_64-w64-mingw32/lib/../lib/libkernel32.a(dqifs01555.o)
 .bss           0x000000006e4f14e0        0x0 C:/GNU/MINGW64/x86_64-8.1.0-win32-seh-rt_v6-rev0/mingw64/bin/../lib/gcc/x86_64-w64-mingw32/8.1.0/../../../../x86_64-w64-mingw32/lib/../lib/libkernel32.a(dqifs01549.o)
 .bss           0x000000006e4f14e0        0x0 C:/GNU/MINGW64/x86_64-8.1.0-win32-seh-rt_v6-rev0/mingw64/bin/../lib/gcc/x86_64-w64-mingw32/8.1.0/../../../../x86_64-w64-mingw32/lib/../lib/libkernel32.a(dqifs01543.o)
 .bss           0x000000006e4f14e0        0x0 C:/GNU/MINGW64/x86_64-8.1.0-win32-seh-rt_v6-rev0/mingw64/bin/../lib/gcc/x86_64-w64-mingw32/8.1.0/../../../../x86_64-w64-mingw32/lib/../lib/libkernel32.a(dqifs00841.o)
 .bss           0x000000006e4f14e0        0x0 C:/GNU/MINGW64/x86_64-8.1.0-win32-seh-rt_v6-rev0/mingw64/bin/../lib/gcc/x86_64-w64-mingw32/8.1.0/../../../../x86_64-w64-mingw32/lib/../lib/libkernel32.a(dqifs00839.o)
 .bss           0x000000006e4f14e0        0x0 C:/GNU/MINGW64/x86_64-8.1.0-win32-seh-rt_v6-rev0/mingw64/bin/../lib/gcc/x86_64-w64-mingw32/8.1.0/../../../../x86_64-w64-mingw32/lib/../lib/libkernel32.a(dqifs00837.o)
 .bss           0x000000006e4f14e0        0x0 C:/GNU/MINGW64/x86_64-8.1.0-win32-seh-rt_v6-rev0/mingw64/bin/../lib/gcc/x86_64-w64-mingw32/8.1.0/../../../../x86_64-w64-mingw32/lib/../lib/libkernel32.a(dqifs00835.o)
 .bss           0x000000006e4f14e0        0x0 C:/GNU/MINGW64/x86_64-8.1.0-win32-seh-rt_v6-rev0/mingw64/bin/../lib/gcc/x86_64-w64-mingw32/8.1.0/../../../../x86_64-w64-mingw32/lib/../lib/libkernel32.a(dqifs00774.o)
 .bss           0x000000006e4f14e0        0x0 C:/GNU/MINGW64/x86_64-8.1.0-win32-seh-rt_v6-rev0/mingw64/bin/../lib/gcc/x86_64-w64-mingw32/8.1.0/../../../../x86_64-w64-mingw32/lib/../lib/libkernel32.a(dqifh.o)
 .bss           0x000000006e4f14e0        0x0 C:/GNU/MINGW64/x86_64-8.1.0-win32-seh-rt_v6-rev0/mingw64/bin/../lib/gcc/x86_64-w64-mingw32/8.1.0/../../../../x86_64-w64-mingw32/lib/../lib/libkernel32.a(dqift.o)
 .bss           0x000000006e4f14e0        0x0 C:/GNU/MINGW64/x86_64-8.1.0-win32-seh-rt_v6-rev0/mingw64/bin/../lib/gcc/x86_64-w64-mingw32/8.1.0/../../../../x86_64-w64-mingw32/lib/../lib/libuser32.a(dyqes00958.o)
 .bss           0x000000006e4f14e0        0x0 C:/GNU/MINGW64/x86_64-8.1.0-win32-seh-rt_v6-rev0/mingw64/bin/../lib/gcc/x86_64-w64-mingw32/8.1.0/../../../../x86_64-w64-mingw32/lib/../lib/libuser32.a(dyqeh.o)
 .bss           0x000000006e4f14e0        0x0 C:/GNU/MINGW64/x86_64-8.1.0-win32-seh-rt_v6-rev0/mingw64/bin/../lib/gcc/x86_64-w64-mingw32/8.1.0/../../../../x86_64-w64-mingw32/lib/../lib/libuser32.a(dyqet.o)
 *(COMMON)
 COMMON         0x000000006e4f14e0        0x4 ../build/x64_Debug/pmc_initialize.o
                0x000000006e4f14e0                configuration_info
 *fill*         0x000000006e4f14e4       0x1c 
 COMMON         0x000000006e4f1500       0xb0 ../build/x64_Debug/pmc_memory.o
                0x000000006e4f1500                number_one
                0x000000006e4f1560                number_zero
                0x000000006e4f15a8                hLocalHeap
 COMMON         0x000000006e4f15b0       0x10 ../build/x64_Debug/pmc_statistics.o
                0x000000006e4f15b0                statistics_info
                0x000000006e4f15c0                __bss_end__ = .

.edata          0x000000006e4f2000      0x200
 *(.edata)
 .edata         0x000000006e4f2000       0x74 dll stuff

/DISCARD/
 *(.debug$S)
 *(.debug$T)
 *(.debug$F)
 *(.drectve)
 *(.note.GNU-stack)
 *(.gnu.lto_*)

.idata          0x000000006e4f3000      0x200
 SORT_BY_NAME(*)(.idata$2)
 .idata$2       0x000000006e4f3000       0x14 C:/GNU/MINGW64/x86_64-8.1.0-win32-seh-rt_v6-rev0/mingw64/bin/../lib/gcc/x86_64-w64-mingw32/8.1.0/../../../../x86_64-w64-mingw32/lib/../lib/libkernel32.a(dqifh.o)
                0x000000006e4f3000                _head_lib64_libkernel32_a
 .idata$2       0x000000006e4f3014       0x14 C:/GNU/MINGW64/x86_64-8.1.0-win32-seh-rt_v6-rev0/mingw64/bin/../lib/gcc/x86_64-w64-mingw32/8.1.0/../../../../x86_64-w64-mingw32/lib/../lib/libuser32.a(dyqeh.o)
                0x000000006e4f3014                _head_lib64_libuser32_a
 SORT_BY_NAME(*)(.idata$3)
                0x000000006e4f3028        0x4 LONG 0x0
                0x000000006e4f302c        0x4 LONG 0x0
                0x000000006e4f3030        0x4 LONG 0x0
                0x000000006e4f3034        0x4 LONG 0x0
                0x000000006e4f3038        0x4 LONG 0x0
 SORT_BY_NAME(*)(.idata$4)
 .idata$4       0x000000006e4f303c        0x0 C:/GNU/MINGW64/x86_64-8.1.0-win32-seh-rt_v6-rev0/mingw64/bin/../lib/gcc/x86_64-w64-mingw32/8.1.0/../../../../x86_64-w64-mingw32/lib/../lib/libkernel32.a(dqifh.o)
 .idata$4       0x000000006e4f303c        0x8 C:/GNU/MINGW64/x86_64-8.1.0-win32-seh-rt_v6-rev0/mingw64/bin/../lib/gcc/x86_64-w64-mingw32/8.1.0/../../../../x86_64-w64-mingw32/lib/../lib/libkernel32.a(dqifs00774.o)
 .idata$4       0x000000006e4f3044        0x8 C:/GNU/MINGW64/x86_64-8.1.0-win32-seh-rt_v6-rev0/mingw64/bin/../lib/gcc/x86_64-w64-mingw32/8.1.0/../../../../x86_64-w64-mingw32/lib/../lib/libkernel32.a(dqifs00835.o)
 .idata$4       0x000000006e4f304c        0x8 C:/GNU/MINGW64/x86_64-8.1.0-win32-seh-rt_v6-rev0/mingw64/bin/../lib/gcc/x86_64-w64-mingw32/8.1.0/../../../../x86_64-w64-mingw32/lib/../lib/libkernel32.a(dqifs00837.o)
 .idata$4       0x000000006e4f3054        0x8 C:/GNU/MINGW64/x86_64-8.1.0-win32-seh-rt_v6-rev0/mingw64/bin/../lib/gcc/x86_64-w64-mingw32/8.1.0/../../../../x86_64-w64-mingw32/lib/../lib/libkernel32.a(dqifs00839.o)
 .idata$4       0x000000006e4f305c        0x8 C:/GNU/MINGW64/x86_64-8.1.0-win32-seh-rt_v6-rev0/mingw64/bin/../lib/gcc/x86_64-w64-mingw32/8.1.0/../../../../x86_64-w64-mingw32/lib/../lib/libkernel32.a(dqifs00841.o)
 .idata$4       0x000000006e4f3064        0x8 C:/GNU/MINGW64/x86_64-8.1.0-win32-seh-rt_v6-rev0/mingw64/bin/../lib/gcc/x86_64-w64-mingw32/8.1.0/../../../../x86_64-w64-mingw32/lib/../lib/libkernel32.a(dqifs01543.o)
 .idata$4       0x000000006e4f306c        0x8 C:/GNU/MINGW64/x86_64-8.1.0-win32-seh-rt_v6-rev0/mingw64/bin/../lib/gcc/x86_64-w64-mingw32/8.1.0/../../../../x86_64-w64-mingw32/lib/../lib/libkernel32.a(dqifs01549.o)
 .idata$4       0x000000006e4f3074        0x8 C:/GNU/MINGW64/x86_64-8.1.0-win32-seh-rt_v6-rev0/mingw64/bin/../lib/gcc/x86_64-w64-mingw32/8.1.0/../../../../x86_64-w64-mingw32/lib/../lib/libkernel32.a(dqifs01555.o)
 .idata$4       0x000000006e4f307c        0x8 C:/GNU/MINGW64/x86_64-8.1.0-win32-seh-rt_v6-rev0/mingw64/bin/../lib/gcc/x86_64-w64-mingw32/8.1.0/../../../../x86_64-w64-mingw32/lib/../lib/libkernel32.a(dqift.o)
 .idata$4       0x000000006e4f3084        0x0 C:/GNU/MINGW64/x86_64-8.1.0-win32-seh-rt_v6-rev0/mingw64/bin/../lib/gcc/x86_64-w64-mingw32/8.1.0/../../../../x86_64-w64-mingw32/lib/../lib/libuser32.a(dyqeh.o)
 .idata$4       0x000000006e4f3084        0x8 C:/GNU/MINGW64/x86_64-8.1.0-win32-seh-rt_v6-rev0/mingw64/bin/../lib/gcc/x86_64-w64-mingw32/8.1.0/../../../../x86_64-w64-mingw32/lib/../lib/libuser32.a(dyqes00958.o)
 .idata$4       0x000000006e4f308c        0x8 C:/GNU/MINGW64/x86_64-8.1.0-win32-seh-rt_v6-rev0/mingw64/bin/../lib/gcc/x86_64-w64-mingw32/8.1.0/../../../../x86_64-w64-mingw32/lib/../lib/libuser32.a(dyqet.o)
                0x000000006e4f3094                __IAT_start__ = .
 SORT_BY_NAME(*)(.idata$5)
 .idata$5       0x000000006e4f3094        0x0 C:/GNU/MINGW64/x86_64-8.1.0-win32-seh-rt_v6-rev0/mingw64/bin/../lib/gcc/x86_64-w64-mingw32/8.1.0/../../../../x86_64-w64-mingw32/lib/../lib/libkernel32.a(dqifh.o)
 .idata$5       0x000000006e4f3094        0x8 C:/GNU/MINGW64/x86_64-8.1.0-win32-seh-rt_v6-rev0/mingw64/bin/../lib/gcc/x86_64-w64-mingw32/8.1.0/../../../../x86_64-w64-mingw32/lib/../lib/libkernel32.a(dqifs00774.o)
                0x000000006e4f3094                __imp_GetTickCount
 .idata$5       0x000000006e4f309c        0x8 C:/GNU/MINGW64/x86_64-8.1.0-win32-seh-rt_v6-rev0/mingw64/bin/../lib/gcc/x86_64-w64-mingw32/8.1.0/../../../../x86_64-w64-mingw32/lib/../lib/libkernel32.a(dqifs00835.o)
                0x000000006e4f309c                __imp_HeapAlloc
 .idata$5       0x000000006e4f30a4        0x8 C:/GNU/MINGW64/x86_64-8.1.0-win32-seh-rt_v6-rev0/mingw64/bin/../lib/gcc/x86_64-w64-mingw32/8.1.0/../../../../x86_64-w64-mingw32/lib/../lib/libkernel32.a(dqifs00837.o)
                0x000000006e4f30a4                __imp_HeapCreate
 .idata$5       0x000000006e4f30ac        0x8 C:/GNU/MINGW64/x86_64-8.1.0-win32-seh-rt_v6-rev0/mingw64/bin/../lib/gcc/x86_64-w64-mingw32/8.1.0/../../../../x86_64-w64-mingw32/lib/../lib/libkernel32.a(dqifs00839.o)
                0x000000006e4f30ac                __imp_HeapDestroy
 .idata$5       0x000000006e4f30b4        0x8 C:/GNU/MINGW64/x86_64-8.1.0-win32-seh-rt_v6-rev0/mingw64/bin/../lib/gcc/x86_64-w64-mingw32/8.1.0/../../../../x86_64-w64-mingw32/lib/../lib/libkernel32.a(dqifs00841.o)
                0x000000006e4f30b4                __imp_HeapFree
 .idata$5       0x000000006e4f30bc        0x8 C:/GNU/MINGW64/x86_64-8.1.0-win32-seh-rt_v6-rev0/mingw64/bin/../lib/gcc/x86_64-w64-mingw32/8.1.0/../../../../x86_64-w64-mingw32/lib/../lib/libkernel32.a(dqifs01543.o)
                0x000000006e4f30bc                __imp_lstrcmpW
 .idata$5       0x000000006e4f30c4        0x8 C:/GNU/MINGW64/x86_64-8.1.0-win32-seh-rt_v6-rev0/mingw64/bin/../lib/gcc/x86_64-w64-mingw32/8.1.0/../../../../x86_64-w64-mingw32/lib/../lib/libkernel32.a(dqifs01549.o)
                0x000000006e4f30c4                __imp_lstrcpyW
 .idata$5       0x000000006e4f30cc        0x8 C:/GNU/MINGW64/x86_64-8.1.0-win32-seh-rt_v6-rev0/mingw64/bin/../lib/gcc/x86_64-w64-mingw32/8.1.0/../../../../x86_64-w64-mingw32/lib/../lib/libkernel32.a(dqifs01555.o)
                0x000000006e4f30cc                __imp_lstrlenW
 .idata$5       0x000000006e4f30d4        0x8 C:/GNU/MINGW64/x86_64-8.1.0-win32-seh-rt_v6-rev0/mingw64/bin/../lib/gcc/x86_64-w64-mingw32/8.1.0/../../../../x86_64-w64-mingw32/lib/../lib/libkernel32.a(dqift.o)
 .idata$5       0x000000006e4f30dc        0x0 C:/GNU/MINGW64/x86_64-8.1.0-win32-seh-rt_v6-rev0/mingw64/bin/../lib/gcc/x86_64-w64-mingw32/8.1.0/../../../../x86_64-w64-mingw32/lib/../lib/libuser32.a(dyqeh.o)
 .idata$5       0x000000006e4f30dc        0x8 C:/GNU/MINGW64/x86_64-8.1.0-win32-seh-rt_v6-rev0/mingw64/bin/../lib/gcc/x86_64-w64-mingw32/8.1.0/../../../../x86_64-w64-mingw32/lib/../lib/libuser32.a(dyqes00958.o)
                0x000000006e4f30dc                __imp_wsprintfW
 .idata$5       0x000000006e4f30e4        0x8 C:/GNU/MINGW64/x86_64-8.1.0-win32-seh-rt_v6-rev0/mingw64/bin/../lib/gcc/x86_64-w64-mingw32/8.1.0/../../../../x86_64-w64-mingw32/lib/../lib/libuser32.a(dyqet.o)
                0x000000006e4f30ec                __IAT_end__ = .
 SORT_BY_NAME(*)(.idata$6)
 .idata$6       0x000000006e4f30ec       0x10 C:/GNU/MINGW64/x86_64-8.1.0-win32-seh-rt_v6-rev0/mingw64/bin/../lib/gcc/x86_64-w64-mingw32/8.1.0/../../../../x86_64-w64-mingw32/lib/../lib/libkernel32.a(dqifs00774.o)
 .idata$6       0x000000006e4f30fc        0xc C:/GNU/MINGW64/x86_64-8.1.0-win32-seh-rt_v6-rev0/mingw64/bin/../lib/gcc/x86_64-w64-mingw32/8.1.0/../../../../x86_64-w64-mingw32/lib/../lib/libkernel32.a(dqifs00835.o)
 .idata$6       0x000000006e4f3108        0xe C:/GNU/MINGW64/x86_64-8.1.0-win32-seh-rt_v6-rev0/mingw64/bin/../lib/gcc/x86_64-w64-mingw32/8.1.0/../../../../x86_64-w64-mingw32/lib/../lib/libkernel32.a(dqifs00837.o)
 .idata$6       0x000000006e4f3116        0xe C:/GNU/MINGW64/x86_64-8.1.0-win32-seh-rt_v6-rev0/mingw64/bin/../lib/gcc/x86_64-w64-mingw32/8.1.0/../../../../x86_64-w64-mingw32/lib/../lib/libkernel32.a(dqifs00839.o)
 .idata$6       0x000000006e4f3124        0xc C:/GNU/MINGW64/x86_64-8.1.0-win32-seh-rt_v6-rev0/mingw64/bin/../lib/gcc/x86_64-w64-mingw32/8.1.0/../../../../x86_64-w64-mingw32/lib/../lib/libkernel32.a(dqifs00841.o)
 .idata$6       0x000000006e4f3130        0xc C:/GNU/MINGW64/x86_64-8.1.0-win32-seh-rt_v6-rev0/mingw64/bin/../lib/gcc/x86_64-w64-mingw32/8.1.0/../../../../x86_64-w64-mingw32/lib/../lib/libkernel32.a(dqifs01543.o)
 .idata$6       0x000000006e4f313c        0xc C:/GNU/MINGW64/x86_64-8.1.0-win32-seh-rt_v6-rev0/mingw64/bin/../lib/gcc/x86_64-w64-mingw32/8.1.0/../../../../x86_64-w64-mingw32/lib/../lib/libkernel32.a(dqifs01549.o)
 .idata$6       0x000000006e4f3148        0xc C:/GNU/MINGW64/x86_64-8.1.0-win32-seh-rt_v6-rev0/mingw64/bin/../lib/gcc/x86_64-w64-mingw32/8.1.0/../../../../x86_64-w64-mingw32/lib/../lib/libkernel32.a(dqifs01555.o)
 .idata$6       0x000000006e4f3154        0xc C:/GNU/MINGW64/x86_64-8.1.0-win32-seh-rt_v6-rev0/mingw64/bin/../lib/gcc/x86_64-w64-mingw32/8.1.0/../../../../x86_64-w64-mingw32/lib/../lib/libuser32.a(dyqes00958.o)
 SORT_BY_NAME(*)(.idata$7)
 .idata$7       0x000000006e4f3160        0x4 C:/GNU/MINGW64/x86_64-8.1.0-win32-seh-rt_v6-rev0/mingw64/bin/../lib/gcc/x86_64-w64-mingw32/8.1.0/../../../../x86_64-w64-mingw32/lib/../lib/libkernel32.a(dqifs00774.o)
 .idata$7       0x000000006e4f3164        0x4 C:/GNU/MINGW64/x86_64-8.1.0-win32-seh-rt_v6-rev0/mingw64/bin/../lib/gcc/x86_64-w64-mingw32/8.1.0/../../../../x86_64-w64-mingw32/lib/../lib/libkernel32.a(dqifs00835.o)
 .idata$7       0x000000006e4f3168        0x4 C:/GNU/MINGW64/x86_64-8.1.0-win32-seh-rt_v6-rev0/mingw64/bin/../lib/gcc/x86_64-w64-mingw32/8.1.0/../../../../x86_64-w64-mingw32/lib/../lib/libkernel32.a(dqifs00837.o)
 .idata$7       0x000000006e4f316c        0x4 C:/GNU/MINGW64/x86_64-8.1.0-win32-seh-rt_v6-rev0/mingw64/bin/../lib/gcc/x86_64-w64-mingw32/8.1.0/../../../../x86_64-w64-mingw32/lib/../lib/libkernel32.a(dqifs00839.o)
 .idata$7       0x000000006e4f3170        0x4 C:/GNU/MINGW64/x86_64-8.1.0-win32-seh-rt_v6-rev0/mingw64/bin/../lib/gcc/x86_64-w64-mingw32/8.1.0/../../../../x86_64-w64-mingw32/lib/../lib/libkernel32.a(dqifs00841.o)
 .idata$7       0x000000006e4f3174        0x4 C:/GNU/MINGW64/x86_64-8.1.0-win32-seh-rt_v6-rev0/mingw64/bin/../lib/gcc/x86_64-w64-mingw32/8.1.0/../../../../x86_64-w64-mingw32/lib/../lib/libkernel32.a(dqifs01543.o)
 .idata$7       0x000000006e4f3178        0x4 C:/GNU/MINGW64/x86_64-8.1.0-win32-seh-rt_v6-rev0/mingw64/bin/../lib/gcc/x86_64-w64-mingw32/8.1.0/../../../../x86_64-w64-mingw32/lib/../lib/libkernel32.a(dqifs01549.o)
 .idata$7       0x000000006e4f317c        0x4 C:/GNU/MINGW64/x86_64-8.1.0-win32-seh-rt_v6-rev0/mingw64/bin/../lib/gcc/x86_64-w64-mingw32/8.1.0/../../../../x86_64-w64-mingw32/lib/../lib/libkernel32.a(dqifs01555.o)
 .idata$7       0x000000006e4f3180       0x10 C:/GNU/MINGW64/x86_64-8.1.0-win32-seh-rt_v6-rev0/mingw64/bin/../lib/gcc/x86_64-w64-mingw32/8.1.0/../../../../x86_64-w64-mingw32/lib/../lib/libkernel32.a(dqift.o)
                0x000000006e4f3180                __lib64_libkernel32_a_iname
 .idata$7       0x000000006e4f3190        0x4 C:/GNU/MINGW64/x86_64-8.1.0-win32-seh-rt_v6-rev0/mingw64/bin/../lib/gcc/x86_64-w64-mingw32/8.1.0/../../../../x86_64-w64-mingw32/lib/../lib/libuser32.a(dyqes00958.o)
 .idata$7       0x000000006e4f3194        0xc C:/GNU/MINGW64/x86_64-8.1.0-win32-seh-rt_v6-rev0/mingw64/bin/../lib/gcc/x86_64-w64-mingw32/8.1.0/../../../../x86_64-w64-mingw32/lib/../lib/libuser32.a(dyqet.o)
                0x000000006e4f3194                __lib64_libuser32_a_iname

.CRT            0x000000006e4f4000        0x0
                0x000000006e4f4000                ___crt_xc_start__ = .
 *(SORT_BY_NAME(.CRT$XC*))
                0x000000006e4f4000                ___crt_xc_end__ = .
                0x000000006e4f4000                ___crt_xi_start__ = .
 *(SORT_BY_NAME(.CRT$XI*))
                0x000000006e4f4000                ___crt_xi_end__ = .
                0x000000006e4f4000                ___crt_xl_start__ = .
 *(SORT_BY_NAME(.CRT$XL*))
                0x000000006e4f4000                ___crt_xp_start__ = .
 *(SORT_BY_NAME(.CRT$XP*))
                0x000000006e4f4000                ___crt_xp_end__ = .
                0x000000006e4f4000                ___crt_xt_start__ = .
 *(SORT_BY_NAME(.CRT$XT*))
                0x000000006e4f4000                ___crt_xt_end__ = .

.tls            0x000000006e4f4000        0x0
                0x000000006e4f4000                ___tls_start__ = .
 *(.tls$AAA)
 *(.tls)
 *(.tls$)
 *(SORT_BY_NAME(.tls$*))
 *(.tls$ZZZ)
                0x000000006e4f4000                ___tls_end__ = .

.endjunk        0x000000006e4f4000        0x0
                [!provide]                        PROVIDE (end = .)
                [!provide]                        PROVIDE (_end = .)
                0x000000006e4f4000                __end__ = .

.rsrc           0x000000006e4f4000      0x400
 *(.rsrc)
 .rsrc          0x000000006e4f4000      0x378 ../build/x64_Debug/version.o
 *(.rsrc$*)

.reloc          0x000000006e4f5000      0x200
 *(.reloc)
 .reloc         0x000000006e4f5000       0x9c dll stuff

.stab
 *(.stab)

.stabstr
 *(.stabstr)

.debug_aranges  0x000000006e4f6000      0xa00
 *(.debug_aranges)
 .debug_aranges
                0x000000006e4f6000       0x30 ../build/x64_Debug/cpuid.o
 .debug_aranges
                0x000000006e4f6030       0x30 ../build/x64_Debug/debug.o
 .debug_aranges
                0x000000006e4f6060       0x30 ../build/x64_Debug/dllmain.o
 .debug_aranges
                0x000000006e4f6090       0x30 ../build/x64_Debug/INTERNALTEST_op_DivRem.o
 .debug_aranges
                0x000000006e4f60c0       0x30 ../build/x64_Debug/INTERNALTEST_op_Multiply.o
 .debug_aranges
                0x000000006e4f60f0       0x30 ../build/x64_Debug/pmc_add.o
 .debug_aranges
                0x000000006e4f6120       0x30 ../build/x64_Debug/pmc_bitwiseand.o
 .debug_aranges
                0x000000006e4f6150       0x30 ../build/x64_Debug/pmc_bitwiseor.o
 .debug_aranges
                0x000000006e4f6180       0x30 ../build/x64_Debug/pmc_bytes.o
 .debug_aranges
                0x000000006e4f61b0       0x30 ../build/x64_Debug/pmc_clone.o
 .debug_aranges
                0x000000006e4f61e0       0x30 ../build/x64_Debug/pmc_compare.o
 .debug_aranges
                0x000000006e4f6210       0x30 ../build/x64_Debug/pmc_divrem.o
 .debug_aranges
                0x000000006e4f6240       0x30 ../build/x64_Debug/pmc_equals.o
 .debug_aranges
                0x000000006e4f6270       0x30 ../build/x64_Debug/pmc_exclusiveor.o
 .debug_aranges
                0x000000006e4f62a0       0x30 ../build/x64_Debug/pmc_from.o
 .debug_aranges
                0x000000006e4f62d0       0x30 ../build/x64_Debug/pmc_greatestcommondivisor.o
 .debug_aranges
                0x000000006e4f6300       0x30 ../build/x64_Debug/pmc_initialize.o
 .debug_aranges
                0x000000006e4f6330       0x30 ../build/x64_Debug/pmc_memory.o
 .debug_aranges
                0x000000006e4f6360       0x30 ../build/x64_Debug/pmc_modpow.o
 .debug_aranges
                0x000000006e4f6390       0x30 ../build/x64_Debug/pmc_multiply.o
 .debug_aranges
                0x000000006e4f63c0       0x30 ../build/x64_Debug/pmc_parse.o
 .debug_aranges
                0x000000006e4f63f0       0x30 ../build/x64_Debug/pmc_pow.o
 .debug_aranges
                0x000000006e4f6420       0x30 ../build/x64_Debug/pmc_shift.o
 .debug_aranges
                0x000000006e4f6450       0x30 ../build/x64_Debug/pmc_statistics.o
 .debug_aranges
                0x000000006e4f6480       0x30 ../build/x64_Debug/pmc_subtruct.o
 .debug_aranges
                0x000000006e4f64b0       0x30 ../build/x64_Debug/pmc_to.o
 .debug_aranges
                0x000000006e4f64e0       0x30 ../build/x64_Debug/pmc_tostring.o
 .debug_aranges
                0x000000006e4f6510       0x30 ../build/x64_Debug/TEST_autogenerated_1.o
 .debug_aranges
                0x000000006e4f6540       0x30 ../build/x64_Debug/TEST_autogenerated_2.o
 .debug_aranges
                0x000000006e4f6570       0x30 ../build/x64_Debug/TEST_op_Add.o
 .debug_aranges
                0x000000006e4f65a0       0x30 ../build/x64_Debug/TEST_op_BitwiseAnd.o
 .debug_aranges
                0x000000006e4f65d0       0x30 ../build/x64_Debug/TEST_op_BitwiseOr.o
 .debug_aranges
                0x000000006e4f6600       0x30 ../build/x64_Debug/TEST_op_Clone.o
 .debug_aranges
                0x000000006e4f6630       0x30 ../build/x64_Debug/TEST_op_Compare.o
 .debug_aranges
                0x000000006e4f6660       0x30 ../build/x64_Debug/TEST_op_DivRem.o
 .debug_aranges
                0x000000006e4f6690       0x30 ../build/x64_Debug/TEST_op_Equals.o
 .debug_aranges
                0x000000006e4f66c0       0x30 ../build/x64_Debug/TEST_op_ExclusiveOr.o
 .debug_aranges
                0x000000006e4f66f0       0x30 ../build/x64_Debug/TEST_op_From_To.o
 .debug_aranges
                0x000000006e4f6720       0x30 ../build/x64_Debug/TEST_op_GreatestCommonDivisor.o
 .debug_aranges
                0x000000006e4f6750       0x30 ../build/x64_Debug/TEST_op_ModPow.o
 .debug_aranges
                0x000000006e4f6780       0x30 ../build/x64_Debug/TEST_op_Multiply.o
 .debug_aranges
                0x000000006e4f67b0       0x30 ../build/x64_Debug/TEST_op_ParseDN.o
 .debug_aranges
                0x000000006e4f67e0       0x30 ../build/x64_Debug/TEST_op_ParseX.o
 .debug_aranges
                0x000000006e4f6810       0x30 ../build/x64_Debug/TEST_op_Pow.o
 .debug_aranges
                0x000000006e4f6840       0x30 ../build/x64_Debug/TEST_op_Remainder.o
 .debug_aranges
                0x000000006e4f6870       0x30 ../build/x64_Debug/TEST_op_Shift.o
 .debug_aranges
                0x000000006e4f68a0       0x30 ../build/x64_Debug/TEST_op_Subtruct.o
 .debug_aranges
                0x000000006e4f68d0       0x30 ../build/x64_Debug/TEST_op_ToStringD.o
 .debug_aranges
                0x000000006e4f6900       0x30 ../build/x64_Debug/TEST_op_ToStringN.o
 .debug_aranges
                0x000000006e4f6930       0x30 ../build/x64_Debug/TEST_op_ToStringX.o

.zdebug_aranges
 *(.zdebug_aranges)

.debug_pubnames
 *(.debug_pubnames)

.zdebug_pubnames
 *(.zdebug_pubnames)

.debug_pubtypes
 *(.debug_pubtypes)

.zdebug_pubtypes
 *(.zdebug_pubtypes)

.debug_info     0x000000006e4f7000   0x224200
 *(.debug_info .gnu.linkonce.wi.*)
 .debug_info    0x000000006e4f7000     0x511f ../build/x64_Debug/cpuid.o
 .debug_info    0x000000006e4fc11f     0x61e1 ../build/x64_Debug/debug.o
 .debug_info    0x000000006e502300     0x4d73 ../build/x64_Debug/dllmain.o
 .debug_info    0x000000006e507073     0x6160 ../build/x64_Debug/INTERNALTEST_op_DivRem.o
 .debug_info    0x000000006e50d1d3     0x60ae ../build/x64_Debug/INTERNALTEST_op_Multiply.o
 .debug_info    0x000000006e513281     0x6124 ../build/x64_Debug/pmc_add.o
 .debug_info    0x000000006e5193a5     0x5357 ../build/x64_Debug/pmc_bitwiseand.o
 .debug_info    0x000000006e51e6fc     0x56d5 ../build/x64_Debug/pmc_bitwiseor.o
 .debug_info    0x000000006e523dd1     0x5269 ../build/x64_Debug/pmc_bytes.o
 .debug_info    0x000000006e52903a     0x4f2e ../build/x64_Debug/pmc_clone.o
 .debug_info    0x000000006e52df68     0x53a4 ../build/x64_Debug/pmc_compare.o
 .debug_info    0x000000006e53330c     0x77c0 ../build/x64_Debug/pmc_divrem.o
 .debug_info    0x000000006e53aacc     0x534d ../build/x64_Debug/pmc_equals.o
 .debug_info    0x000000006e53fe19     0x5729 ../build/x64_Debug/pmc_exclusiveor.o
 .debug_info    0x000000006e545542     0x512e ../build/x64_Debug/pmc_from.o
 .debug_info    0x000000006e54a670     0x5a4f ../build/x64_Debug/pmc_greatestcommondivisor.o
 .debug_info    0x000000006e5500bf     0x6183 ../build/x64_Debug/pmc_initialize.o
 .debug_info    0x000000006e556242     0x5fca ../build/x64_Debug/pmc_memory.o
 .debug_info    0x000000006e55c20c     0x55f2 ../build/x64_Debug/pmc_modpow.o
 .debug_info    0x000000006e5617fe     0x6305 ../build/x64_Debug/pmc_multiply.o
 .debug_info    0x000000006e567b03     0x6e5e ../build/x64_Debug/pmc_parse.o
 .debug_info    0x000000006e56e961     0x53d0 ../build/x64_Debug/pmc_pow.o
 .debug_info    0x000000006e573d31     0x57c3 ../build/x64_Debug/pmc_shift.o
 .debug_info    0x000000006e5794f4     0x4d1b ../build/x64_Debug/pmc_statistics.o
 .debug_info    0x000000006e57e20f     0x5a6b ../build/x64_Debug/pmc_subtruct.o
 .debug_info    0x000000006e583c7a     0x4fda ../build/x64_Debug/pmc_to.o
 .debug_info    0x000000006e588c54     0x67b9 ../build/x64_Debug/pmc_tostring.o
 .debug_info    0x000000006e58f40d    0xc56fe ../build/x64_Debug/TEST_autogenerated_1.o
 .debug_info    0x000000006e654b0b    0x4999d ../build/x64_Debug/TEST_autogenerated_2.o
 .debug_info    0x000000006e69e4a8     0x60eb ../build/x64_Debug/TEST_op_Add.o
 .debug_info    0x000000006e6a4593     0x604e ../build/x64_Debug/TEST_op_BitwiseAnd.o
 .debug_info    0x000000006e6aa5e1     0x6103 ../build/x64_Debug/TEST_op_BitwiseOr.o
 .debug_info    0x000000006e6b06e4     0x5cc3 ../build/x64_Debug/TEST_op_Clone.o
 .debug_info    0x000000006e6b63a7     0x5f4e ../build/x64_Debug/TEST_op_Compare.o
 .debug_info    0x000000006e6bc2f5     0x61ce ../build/x64_Debug/TEST_op_DivRem.o
 .debug_info    0x000000006e6c24c3     0x5f48 ../build/x64_Debug/TEST_op_Equals.o
 .debug_info    0x000000006e6c840b     0x610f ../build/x64_Debug/TEST_op_ExclusiveOr.o
 .debug_info    0x000000006e6ce51a     0x5ecb ../build/x64_Debug/TEST_op_From_To.o
 .debug_info    0x000000006e6d43e5     0x61a8 ../build/x64_Debug/TEST_op_GreatestCommonDivisor.o
 .debug_info    0x000000006e6da58d     0x5d81 ../build/x64_Debug/TEST_op_ModPow.o
 .debug_info    0x000000006e6e030e     0x6109 ../build/x64_Debug/TEST_op_Multiply.o
 .debug_info    0x000000006e6e6417     0x5f58 ../build/x64_Debug/TEST_op_ParseDN.o
 .debug_info    0x000000006e6ec36f     0x5ccf ../build/x64_Debug/TEST_op_ParseX.o
 .debug_info    0x000000006e6f203e     0x5cf5 ../build/x64_Debug/TEST_op_Pow.o
 .debug_info    0x000000006e6f7d33     0x6094 ../build/x64_Debug/TEST_op_Remainder.o
 .debug_info    0x000000006e6fddc7     0x5da8 ../build/x64_Debug/TEST_op_Shift.o
 .debug_info    0x000000006e703b6f     0x60df ../build/x64_Debug/TEST_op_Subtruct.o
 .debug_info    0x000000006e709c4e     0x5c55 ../build/x64_Debug/TEST_op_ToStringD.o
 .debug_info    0x000000006e70f8a3     0x5cf3 ../build/x64_Debug/TEST_op_ToStringN.o
 .debug_info    0x000000006e715596     0x5c55 ../build/x64_Debug/TEST_op_ToStringX.o

.zdebug_info
 *(.zdebug_info .zdebug.gnu.linkonce.wi.*)

.debug_abbrev   0x000000006e71c000     0x8400
 *(.debug_abbrev)
 .debug_abbrev  0x000000006e71c000      0x222 ../build/x64_Debug/cpuid.o
 .debug_abbrev  0x000000006e71c222      0x29d ../build/x64_Debug/debug.o
 .debug_abbrev  0x000000006e71c4bf      0x195 ../build/x64_Debug/dllmain.o
 .debug_abbrev  0x000000006e71c654      0x27d ../build/x64_Debug/INTERNALTEST_op_DivRem.o
 .debug_abbrev  0x000000006e71c8d1      0x27d ../build/x64_Debug/INTERNALTEST_op_Multiply.o
 .debug_abbrev  0x000000006e71cb4e      0x368 ../build/x64_Debug/pmc_add.o
 .debug_abbrev  0x000000006e71ceb6      0x2ca ../build/x64_Debug/pmc_bitwiseand.o
 .debug_abbrev  0x000000006e71d180      0x374 ../build/x64_Debug/pmc_bitwiseor.o
 .debug_abbrev  0x000000006e71d4f4      0x2ca ../build/x64_Debug/pmc_bytes.o
 .debug_abbrev  0x000000006e71d7be      0x1ec ../build/x64_Debug/pmc_clone.o
 .debug_abbrev  0x000000006e71d9aa      0x2e5 ../build/x64_Debug/pmc_compare.o
 .debug_abbrev  0x000000006e71dc8f      0x46b ../build/x64_Debug/pmc_divrem.o
 .debug_abbrev  0x000000006e71e0fa      0x2d1 ../build/x64_Debug/pmc_equals.o
 .debug_abbrev  0x000000006e71e3cb      0x374 ../build/x64_Debug/pmc_exclusiveor.o
 .debug_abbrev  0x000000006e71e73f      0x288 ../build/x64_Debug/pmc_from.o
 .debug_abbrev  0x000000006e71e9c7      0x358 ../build/x64_Debug/pmc_greatestcommondivisor.o