Archive member included to satisfy reference by file (symbol)

C:/GNU/MINGW64/x86_64-8.1.0-win32-seh-rt_v6-rev0/mingw64/bin/../lib/gcc/x86_64-w64-mingw32/8.1.0/../../../../x86_64-w64-mingw32/lib/../lib/libkernel32.a(dqifs01555.o)
                              ../build/x64_Debug/pmc_parse.o (__imp_lstrlenW)
C:/GNU/MINGW64/x86_64-8.1.0-win32-seh-rt_v6-rev0/mingw64/bin/../lib/gcc/x86_64-w64-mingw32/8.1.0/../../../../x86_64-w64-mingw32/lib/../lib/libkernel32.a(dqifs01549.o)
                              ../build/x64_Debug/pmc_parse.o (__imp_lstrcpyW)
C:/GNU/MINGW64/x86_64-8.1.0-win32-seh-rt_v6-rev0/mingw64/bin/../lib/gcc/x86_64-w64-mingw32/8.1.0/../../../../x86_64-w64-mingw32/lib/../lib/libkernel32.a(dqifs01548.o)
                              ../build/x64_Debug/pmc_parse.o (__imp_lstrcpyA)
C:/GNU/MINGW64/x86_64-8.1.0-win32-seh-rt_v6-rev0/mingw64/bin/../lib/gcc/x86_64-w64-mingw32/8.1.0/../../../../x86_64-w64-mingw32/lib/../lib/libkernel32.a(dqifs01543.o)
                              ../build/x64_Debug/TEST_op_ToStringD.o (__imp_lstrcmpW)
C:/GNU/MINGW64/x86_64-8.1.0-win32-seh-rt_v6-rev0/mingw64/bin/../lib/gcc/x86_64-w64-mingw32/8.1.0/../../../../x86_64-w64-mingw32/lib/../lib/libkernel32.a(dqifs00841.o)
                              ../build/x64_Debug/pmc_memory.o (__imp_HeapFree)
C:/GNU/MINGW64/x86_64-8.1.0-win32-seh-rt_v6-rev0/mingw64/bin/../lib/gcc/x86_64-w64-mingw32/8.1.0/../../../../x86_64-w64-mingw32/lib/../lib/libkernel32.a(dqifs00839.o)
                              ../build/x64_Debug/pmc_memory.o (__imp_HeapDestroy)
C:/GNU/MINGW64/x86_64-8.1.0-win32-seh-rt_v6-rev0/mingw64/bin/../lib/gcc/x86_64-w64-mingw32/8.1.0/../../../../x86_64-w64-mingw32/lib/../lib/libkernel32.a(dqifs00837.o)
                              ../build/x64_Debug/pmc_memory.o (__imp_HeapCreate)
C:/GNU/MINGW64/x86_64-8.1.0-win32-seh-rt_v6-rev0/mingw64/bin/../lib/gcc/x86_64-w64-mingw32/8.1.0/../../../../x86_64-w64-mingw32/lib/../lib/libkernel32.a(dqifs00835.o)
                              ../build/x64_Debug/pmc_memory.o (__imp_HeapAlloc)
C:/GNU/MINGW64/x86_64-8.1.0-win32-seh-rt_v6-rev0/mingw64/bin/../lib/gcc/x86_64-w64-mingw32/8.1.0/../../../../x86_64-w64-mingw32/lib/../lib/libkernel32.a(dqifs00774.o)
                              ../build/x64_Debug/pmc_memory.o (__imp_GetTickCount)
C:/GNU/MINGW64/x86_64-8.1.0-win32-seh-rt_v6-rev0/mingw64/bin/../lib/gcc/x86_64-w64-mingw32/8.1.0/../../../../x86_64-w64-mingw32/lib/../lib/libkernel32.a(dqifh.o)
                              C:/GNU/MINGW64/x86_64-8.1.0-win32-seh-rt_v6-rev0/mingw64/bin/../lib/gcc/x86_64-w64-mingw32/8.1.0/../../../../x86_64-w64-mingw32/lib/../lib/libkernel32.a(dqifs01555.o) (_head_lib64_libkernel32_a)
C:/GNU/MINGW64/x86_64-8.1.0-win32-seh-rt_v6-rev0/mingw64/bin/../lib/gcc/x86_64-w64-mingw32/8.1.0/../../../../x86_64-w64-mingw32/lib/../lib/libkernel32.a(dqift.o)
                              C:/GNU/MINGW64/x86_64-8.1.0-win32-seh-rt_v6-rev0/mingw64/bin/../lib/gcc/x86_64-w64-mingw32/8.1.0/../../../../x86_64-w64-mingw32/lib/../lib/libkernel32.a(dqifh.o) (__lib64_libkernel32_a_iname)
C:/GNU/MINGW64/x86_64-8.1.0-win32-seh-rt_v6-rev0/mingw64/bin/../lib/gcc/x86_64-w64-mingw32/8.1.0/../../../../x86_64-w64-mingw32/lib/../lib/libuser32.a(dyqes00958.o)
                              ../build/x64_Debug/debug.o (__imp_wsprintfW)
C:/GNU/MINGW64/x86_64-8.1.0-win32-seh-rt_v6-rev0/mingw64/bin/../lib/gcc/x86_64-w64-mingw32/8.1.0/../../../../x86_64-w64-mingw32/lib/../lib/libuser32.a(dyqeh.o)
                              C:/GNU/MINGW64/x86_64-8.1.0-win32-seh-rt_v6-rev0/mingw64/bin/../lib/gcc/x86_64-w64-mingw32/8.1.0/../../../../x86_64-w64-mingw32/lib/../lib/libuser32.a(dyqes00958.o) (_head_lib64_libuser32_a)
C:/GNU/MINGW64/x86_64-8.1.0-win32-seh-rt_v6-rev0/mingw64/bin/../lib/gcc/x86_64-w64-mingw32/8.1.0/../../../../x86_64-w64-mingw32/lib/../lib/libuser32.a(dyqet.o)
                              C:/GNU/MINGW64/x86_64-8.1.0-win32-seh-rt_v6-rev0/mingw64/bin/../lib/gcc/x86_64-w64-mingw32/8.1.0/../../../../x86_64-w64-mingw32/lib/../lib/libuser32.a(dyqeh.o) (__lib64_libuser32_a_iname)

Allocating common symbols
Common symbol       size              file

number_one          0x48              ../build/x64_Debug/pmc_memory.o
statistics_info     0x10              ../build/x64_Debug/pmc_statistics.o
number_zero         0x48              ../build/x64_Debug/pmc_memory.o
hLocalHeap          0x8               ../build/x64_Debug/pmc_memory.o
configuration_info  0x4               ../build/x64_Debug/pmc_initialize.o

Discarded input sections

 .drectve       0x0000000000000000       0x14 ../build/x64_Debug/debug.o
 .rdata$.refptr.number_zero
                0x0000000000000000       0x10 ../build/x64_Debug/pmc_bitwiseand.o
 .rdata$.refptr.number_zero
                0x0000000000000000       0x10 ../build/x64_Debug/pmc_bitwiseor.o
 .rdata$.refptr.number_zero
                0x0000000000000000       0x10 ../build/x64_Debug/pmc_bytes.o
 .rdata$.refptr.number_zero
[...]
Memory Configuration

Name             Origin             Length             Attributes
*default*        0x0000000000000000 0xffffffffffffffff

Linker script and memory map

                0x000000006ddc0000                __image_base__ = 0x6ddc0000
                0x0000000000000000                __dll__ = 0x0
                0x000000006ddc0000                __ImageBase = 0x6ddc0000
                0x0000000000001000                __section_alignment__ = 0x1000
                0x0000000000000200                __file_alignment__ = 0x200
                0x0000000000000004                __major_os_version__ = 0x4
                0x0000000000000000                __minor_os_version__ = 0x0
                0x0000000000000000                __major_image_version__ = 0x0
                0x0000000000000000                __minor_image_version__ = 0x0
                0x0000000000000005                __major_subsystem_version__ = 0x5
                0x0000000000000002                __minor_subsystem_version__ = 0x2
                0x0000000000000002                __subsystem__ = 0x2
                0x0000000000200000                __size_of_stack_reserve__ = 0x200000
                0x0000000000001000                __size_of_stack_commit__ = 0x1000
                0x0000000000100000                __size_of_heap_reserve__ = 0x100000
                0x0000000000001000                __size_of_heap_commit__ = 0x1000
                0x0000000000000000                __loader_flags__ = 0x0
                0x0000000000000000                __dll_characteristics__ = 0x0
LOAD ../build/x64_Debug/cpuid.o
LOAD ../build/x64_Debug/debug.o
LOAD ../build/x64_Debug/dllmain.o
LOAD ../build/x64_Debug/INTERNALTEST_op_DivRem.o
LOAD ../build/x64_Debug/INTERNALTEST_op_Multiply.o
LOAD ../build/x64_Debug/pmc_add.o
LOAD ../build/x64_Debug/pmc_bitwiseand.o
LOAD ../build/x64_Debug/pmc_bitwiseor.o
LOAD ../build/x64_Debug/pmc_bytes.o
LOAD ../build/x64_Debug/pmc_clone.o
LOAD ../build/x64_Debug/pmc_compare.o
LOAD ../build/x64_Debug/pmc_divrem.o
LOAD ../build/x64_Debug/pmc_equals.o
LOAD ../build/x64_Debug/pmc_exclusiveor.o
LOAD ../build/x64_Debug/pmc_from.o
LOAD ../build/x64_Debug/pmc_greatestcommondivisor.o
LOAD ../build/x64_Debug/pmc_initialize.o
LOAD ../build/x64_Debug/pmc_memory.o
LOAD ../build/x64_Debug/pmc_modpow.o
LOAD ../build/x64_Debug/pmc_multiply.o
LOAD ../build/x64_Debug/pmc_parse.o
LOAD ../build/x64_Debug/pmc_pow.o
LOAD ../build/x64_Debug/pmc_shift.o
LOAD ../build/x64_Debug/pmc_statistics.o
LOAD ../build/x64_Debug/pmc_subtruct.o
LOAD ../build/x64_Debug/pmc_to.o
LOAD ../build/x64_Debug/pmc_tostring.o
LOAD ../build/x64_Debug/TEST_autogenerated.o
LOAD ../build/x64_Debug/TEST_op_Add.o
LOAD ../build/x64_Debug/TEST_op_BitwiseAnd.o
LOAD ../build/x64_Debug/TEST_op_BitwiseOr.o
LOAD ../build/x64_Debug/TEST_op_Clone.o
LOAD ../build/x64_Debug/TEST_op_Compare.o
LOAD ../build/x64_Debug/TEST_op_DivRem.o
LOAD ../build/x64_Debug/TEST_op_Equals.o
LOAD ../build/x64_Debug/TEST_op_ExclusiveOr.o
LOAD ../build/x64_Debug/TEST_op_From_To.o
LOAD ../build/x64_Debug/TEST_op_GreatestCommonDivisor.o
LOAD ../build/x64_Debug/TEST_op_ModPow.o
LOAD ../build/x64_Debug/TEST_op_Multiply.o
LOAD ../build/x64_Debug/TEST_op_ParseDN.o
LOAD ../build/x64_Debug/TEST_op_ParseX.o
LOAD ../build/x64_Debug/TEST_op_Pow.o
LOAD ../build/x64_Debug/TEST_op_Remainder.o
LOAD ../build/x64_Debug/TEST_op_Shift.o
LOAD ../build/x64_Debug/TEST_op_Subtruct.o
LOAD ../build/x64_Debug/TEST_op_ToStringD.o
LOAD ../build/x64_Debug/TEST_op_ToStringN.o
LOAD ../build/x64_Debug/TEST_op_ToStringX.o
LOAD ../build/x64_Debug/version.o
LOAD ../Palmtree.Math.Core.Uint.def
LOAD C:/GNU/MINGW64/x86_64-8.1.0-win32-seh-rt_v6-rev0/mingw64/bin/../lib/gcc/x86_64-w64-mingw32/8.1.0/../../../../x86_64-w64-mingw32/lib/../lib/libkernel32.a
LOAD C:/GNU/MINGW64/x86_64-8.1.0-win32-seh-rt_v6-rev0/mingw64/bin/../lib/gcc/x86_64-w64-mingw32/8.1.0/../../../../x86_64-w64-mingw32/lib/../lib/libuser32.a
                0x0000000000000430                . = SIZEOF_HEADERS
                0x0000000000001000                . = ALIGN (__section_alignment__)

.text           0x000000006ddc1000   0x477800
 *(.init)
 *(.text)
 .text          0x000000006ddc1000      0x340 ../build/x64_Debug/cpuid.o
                0x000000006ddc116d                GetCPUInfo
 .text          0x000000006ddc1340      0x3c0 ../build/x64_Debug/debug.o
                0x000000006ddc144f                DoDebug
                0x000000006ddc154f                TEST_Assert
                0x000000006ddc15c1                FormatTestLabel
                0x000000006ddc1601                FormatTestMesssage
                0x000000006ddc1637                DumpBinary_UNIT
 .text          0x000000006ddc1700       0x70 ../build/x64_Debug/dllmain.o
                0x000000006ddc1700                DllMain
 .text          0x000000006ddc1770      0x4d0 ../build/x64_Debug/INTERNALTEST_op_DivRem.o
                0x000000006ddc1831                INTERNALTEST_DivRem_X_X
 .text          0x000000006ddc1c40      0x310 ../build/x64_Debug/INTERNALTEST_op_Multiply.o
                0x000000006ddc1d27                INTERNALTEST_Multiply_X_X_Imp
 .text          0x000000006ddc1f50     0x1a20 ../build/x64_Debug/pmc_add.o
                0x000000006ddc332d                PMC_Add_I_X
                0x000000006ddc33c2                PMC_Add_X_I
                0x000000006ddc35dc                PMC_Add_L_X
                0x000000006ddc3673                PMC_Add_X_L
                0x000000006ddc3707                PMC_Add_X_X
                0x000000006ddc3938                Initialize_Add
 .text          0x000000006ddc3970      0xea0 ../build/x64_Debug/pmc_bitwiseand.o
                0x000000006ddc438a                PMC_BitwiseAnd_I_X
                0x000000006ddc4426                PMC_BitwiseAnd_X_I
                0x000000006ddc44c2                PMC_BitwiseAnd_L_X
                0x000000006ddc4564                PMC_BitwiseAnd_X_L
                0x000000006ddc4606                PMC_BitwiseAnd_X_X
                0x000000006ddc47f2                Initialize_BitwiseAnd
 .text          0x000000006ddc4810     0x1350 ../build/x64_Debug/pmc_bitwiseor.o
                0x000000006ddc558f                PMC_BitwiseOr_I_X
                0x000000006ddc5624                PMC_BitwiseOr_X_I
                0x000000006ddc5814                PMC_BitwiseOr_L_X
                0x000000006ddc58ab                PMC_BitwiseOr_X_L
                0x000000006ddc593f                PMC_BitwiseOr_X_X
                0x000000006ddc5b4d                Initialize_BitwiseOr
 .text          0x000000006ddc5b60      0x6d0 ../build/x64_Debug/pmc_bytes.o
                0x000000006ddc5c94                PMC_FromByteArrayForSINT
                0x000000006ddc5e49                PMC_FromByteArray
                0x000000006ddc5fc0                PMC_ToByteArrayForSINT
                0x000000006ddc612d                PMC_ToByteArray
 .text          0x000000006ddc6230       0xd0 ../build/x64_Debug/pmc_clone.o
                0x000000006ddc6230                PMC_Clone_X
                0x000000006ddc62f0                Initialize_Clone
 .text          0x000000006ddc6300      0x6e0 ../build/x64_Debug/pmc_compare.o
                0x000000006ddc6363                Compare_Imp
                0x000000006ddc64da                PMC_Compare_I_X
                0x000000006ddc6578                PMC_Compare_X_I
                0x000000006ddc670b                PMC_Compare_L_X
                0x000000006ddc67ab                PMC_Compare_X_L
                0x000000006ddc6844                PMC_Compare_X_X
                0x000000006ddc69c3                Initialize_Compare
 .text          0x000000006ddc69e0     0x5fd0 ../build/x64_Debug/pmc_divrem.o
                0x000000006ddc78a4                DivRem_X_X
                0x000000006ddc7a0f                Rem_X_1W
                0x000000006ddc8475                DivRem_X_1W
                0x000000006ddcb7d2                PMC_DivRem_I_X
                0x000000006ddcb93e                PMC_DivRem_X_I
                0x000000006ddcbbf0                PMC_DivRem_L_X
                0x000000006ddcbde3                PMC_DivRem_X_L
                0x000000006ddcc0f9                PMC_DivRem_X_X
                0x000000006ddcc960                Initialize_DivRem
 .text          0x000000006ddcc9b0      0x540 ../build/x64_Debug/pmc_equals.o
                0x000000006ddccb75                PMC_Equals_I_X
                0x000000006ddccbfc                PMC_Equals_X_I
                0x000000006ddccc7f                PMC_Equals_L_X
                0x000000006ddccd08                PMC_Equals_X_L
                0x000000006ddccd8e                PMC_Equals_X_X
                0x000000006ddccede                Initialize_Equals
 .text          0x000000006ddccef0     0x1400 ../build/x64_Debug/pmc_exclusiveor.o
                0x000000006ddcdca0                PMC_ExclusiveOr_I_X
                0x000000006ddcdd3d                PMC_ExclusiveOr_X_I
                0x000000006ddcdf69                PMC_ExclusiveOr_L_X
                0x000000006ddce008                PMC_ExclusiveOr_X_L
                0x000000006ddce0a7                PMC_ExclusiveOr_X_X
                0x000000006ddce2da                Initialize_ExclusiveOr
 .text          0x000000006ddce2f0      0x250 ../build/x64_Debug/pmc_from.o
                0x000000006ddce353                From_I_Imp
                0x000000006ddce3bf                From_L_Imp
                0x000000006ddce439                PMC_From_I
                0x000000006ddce4ae                PMC_From_L
                0x000000006ddce526                Initialize_From
 .text          0x000000006ddce540     0x1080 ../build/x64_Debug/pmc_greatestcommondivisor.o
                0x000000006ddceb35                PMC_GreatestCommonDivisor_I_X
                0x000000006ddcebca                PMC_GreatestCommonDivisor_X_I
                0x000000006ddcf04b                PMC_GreatestCommonDivisor_L_X
                0x000000006ddcf0e2                PMC_GreatestCommonDivisor_X_L
                0x000000006ddcf176                PMC_GreatestCommonDivisor_X_X
                0x000000006ddcf5a9                Initialize_GreatestCommonDivisor
 .text          0x000000006ddcf5c0      0x7f0 ../build/x64_Debug/pmc_initialize.o
                0x000000006ddcf6f5                PMC_UINT_Initialize
 .text          0x000000006ddcfdb0     0x18e0 ../build/x64_Debug/pmc_memory.o
                0x000000006ddd0960                AllocateBlock
                0x000000006ddd0a9c                DeallocateBlock
                0x000000006ddd0bf2                CheckBlockLight
                0x000000006ddd0ebc                AttatchNumber
                0x000000006ddd0f09                AllocateNumber
                0x000000006ddd0f99                DetatchNumber
                0x000000006ddd0fcd                DeallocateNumber
                0x000000006ddd112e                CommitNumber
                0x000000006ddd1321                CheckNumber
                0x000000006ddd13b8                DuplicateNumber
                0x000000006ddd1490                PMC_GetConstantValue_I
                0x000000006ddd14da                PMC_Dispose
                0x000000006ddd1519                Initialize_Memory
                0x000000006ddd15f7                AllocateHeapArea
                0x000000006ddd1646                DeallocateHeapArea
 .text          0x000000006ddd1690     0x1070 ../build/x64_Debug/pmc_modpow.o
                0x000000006ddd25f2                PMC_ModPow_X_X_X
                0x000000006ddd26f0                Initialize_ModPow
 .text          0x000000006ddd2700     0x2650 ../build/x64_Debug/pmc_multiply.o
                0x000000006ddd2958                Multiply_X_X_Imp
                0x000000006ddd4697                PMC_Multiply_I_X
                0x000000006ddd472c                PMC_Multiply_X_I
                0x000000006ddd4949                PMC_Multiply_L_X
                0x000000006ddd49e0                PMC_Multiply_X_L
                0x000000006ddd4a74                PMC_Multiply_X_X
                0x000000006ddd4cc0                Initialize_Multiply
 .text          0x000000006ddd4d50     0x3610 ../build/x64_Debug/pmc_parse.o
                0x000000006ddd818f                PMC_TryParse
                0x000000006ddd828e                Initialize_Parse
 .text          0x000000006ddd8360      0x590 ../build/x64_Debug/pmc_pow.o
                0x000000006ddd884e                PMC_Pow_X_I
                0x000000006ddd88df                Initialize_Pow
 .text          0x000000006ddd88f0     0x4d40 ../build/x64_Debug/pmc_shift.o
                0x000000006ddd8a76                RightShift_Imp
                0x000000006ddd9c98                RightShift_Imp_DIV
                0x000000006dddaeba                LeftShift_Imp
                0x000000006dddc0d2                LeftShift_Imp_DIV
                0x000000006dddd2ea                PMC_RightShift_X_I
                0x000000006dddd48f                PMC_LeftShift_X_I
                0x000000006dddd615                Initialize_Shift
 .text          0x000000006dddd630       0x50 ../build/x64_Debug/pmc_statistics.o
                0x000000006dddd630                PMC_GetStatisticsInfo
 .text          0x000000006dddd680     0x1200 ../build/x64_Debug/pmc_subtruct.o
                0x000000006dddde0a                Subtruct_Imp
                0x000000006ddddfe8                PMC_Subtruct_I_X
                0x000000006ddde10a                PMC_Subtruct_X_I
                0x000000006ddde314                PMC_Subtruct_L_X
                0x000000006ddde439                PMC_Subtruct_X_L
                0x000000006ddde646                PMC_Subtruct_X_X
                0x000000006ddde86f                Initialize_Subtruct
 .text          0x000000006ddde880      0x190 ../build/x64_Debug/pmc_to.o
                0x000000006ddde89c                PMC_To_X_I
                0x000000006ddde91b                PMC_To_X_L
                0x000000006ddde9fe                Initialize_To
 .text          0x000000006dddea10     0x1b20 ../build/x64_Debug/pmc_tostring.o
                0x000000006dde0303                PMC_ToString
                0x000000006dde0498                Initialize_ToString
 .text          0x000000006dde0530   0x44eaf0 ../build/x64_Debug/TEST_autogenerated.o
                0x000000006dde0530                TEST_autogenerated
 .text          0x000000006e22f020      0xca0 ../build/x64_Debug/TEST_op_Add.o
                0x000000006e22f07b                TEST_PMC_Add_I_X
                0x000000006e22f2cb                TEST_PMC_Add_L_X
                0x000000006e22f51f                TEST_PMC_Add_X_I
                0x000000006e22f772                TEST_PMC_Add_X_L
                0x000000006e22f9c6                TEST_PMC_Add_X_X
 .text          0x000000006e22fcc0      0x830 ../build/x64_Debug/TEST_op_BitwiseAnd.o
                0x000000006e22fd1b                TEST_PMC_BitwiseAnd_I_X
                0x000000006e22fe50                TEST_PMC_BitwiseAnd_L_X
                0x000000006e22ff88                TEST_PMC_BitwiseAnd_X_I
                0x000000006e2300bd                TEST_PMC_BitwiseAnd_X_L
                0x000000006e2301f5                TEST_PMC_BitwiseAnd_X_X
 .text          0x000000006e2304f0      0xca0 ../build/x64_Debug/TEST_op_BitwiseOr.o
                0x000000006e23054b                TEST_PMC_BitwiseOr_I_X
                0x000000006e23079e                TEST_PMC_BitwiseOr_L_X
                0x000000006e2309f2                TEST_PMC_BitwiseOr_X_I
                0x000000006e230c45                TEST_PMC_BitwiseOr_X_L
                0x000000006e230e99                TEST_PMC_BitwiseOr_X_X
 .text          0x000000006e231190      0x2b0 ../build/x64_Debug/TEST_op_Clone.o
                0x000000006e2311eb                TEST_PMC_Clone_X
 .text          0x000000006e231440      0x690 ../build/x64_Debug/TEST_op_Compare.o
                0x000000006e231440                TEST_PMC_Compare_I_X
                0x000000006e231575                TEST_PMC_Compare_L_X
                0x000000006e2316ab                TEST_PMC_Compare_X_I
                0x000000006e2317e0                TEST_PMC_Compare_X_L
                0x000000006e231916                TEST_PMC_Compare_X_X
 .text          0x000000006e231ad0      0xcc0 ../build/x64_Debug/TEST_op_DivRem.o
                0x000000006e231b2b                TEST_PMC_DivRem_I_X
                0x000000006e231ca5                TEST_PMC_DivRem_L_X
                0x000000006e231e24                TEST_PMC_DivRem_X_I
                0x000000006e2320cf                TEST_PMC_DivRem_X_L
                0x000000006e23237d                TEST_PMC_DivRem_X_X
 .text          0x000000006e232790      0x690 ../build/x64_Debug/TEST_op_Equals.o
                0x000000006e232790                TEST_PMC_Equals_I_X
                0x000000006e2328c5                TEST_PMC_Equals_L_X
                0x000000006e2329fb                TEST_PMC_Equals_X_I
                0x000000006e232b30                TEST_PMC_Equals_X_L
                0x000000006e232c66                TEST_PMC_Equals_X_X
 .text          0x000000006e232e20      0xca0 ../build/x64_Debug/TEST_op_ExclusiveOr.o
                0x000000006e232e7b                TEST_PMC_ExclusiveOr_I_X
                0x000000006e2330ce                TEST_PMC_ExclusiveOr_L_X
                0x000000006e233322                TEST_PMC_ExclusiveOr_X_I
                0x000000006e233575                TEST_PMC_ExclusiveOr_X_L
                0x000000006e2337c9                TEST_PMC_ExclusiveOr_X_X
 .text          0x000000006e233ac0      0x640 ../build/x64_Debug/TEST_op_From_To.o
                0x000000006e233b1b                TEST_PMC_From_I
                0x000000006e233ccd                TEST_PMC_From_L
                0x000000006e233e80                TEST_PMC_To_X_I
                0x000000006e233fbb                TEST_PMC_To_X_L
 .text          0x000000006e234100      0xd00 ../build/x64_Debug/TEST_op_GreatestCommonDivisor.o
                0x000000006e23415b                TEST_PMC_GreatestCommonDivisor_I_X
                0x000000006e2343c0                TEST_PMC_GreatestCommonDivisor_L_X
                0x000000006e234626                TEST_PMC_GreatestCommonDivisor_X_I
                0x000000006e23488b                TEST_PMC_GreatestCommonDivisor_X_L
                0x000000006e234af1                TEST_PMC_GreatestCommonDivisor_X_X
 .text          0x000000006e234e00      0x410 ../build/x64_Debug/TEST_op_ModPow.o
                0x000000006e234e5b                TEST_PMC_ModPow_X_X_X
 .text          0x000000006e235210      0xca0 ../build/x64_Debug/TEST_op_Multiply.o
                0x000000006e23526b                TEST_PMC_Multiply_I_X
                0x000000006e2354be                TEST_PMC_Multiply_L_X
                0x000000006e235712                TEST_PMC_Multiply_X_I
                0x000000006e235965                TEST_PMC_Multiply_X_L
                0x000000006e235bb9                TEST_PMC_Multiply_X_X
 .text          0x000000006e235eb0      0x450 ../build/x64_Debug/TEST_op_ParseDN.o
                0x000000006e235f0b                TEST_PMC_ParseDN1
                0x000000006e2360fb                TEST_PMC_ParseDN2
 .text          0x000000006e236300      0x260 ../build/x64_Debug/TEST_op_ParseX.o
                0x000000006e23635b                TEST_PMC_ParseX
 .text          0x000000006e236560      0x240 ../build/x64_Debug/TEST_op_Pow.o
                0x000000006e2365bb                TEST_PMC_Pow_X_I
 .text          0x000000006e2367a0      0x890 ../build/x64_Debug/TEST_op_Remainder.o
                0x000000006e2367fb                TEST_PMC_Remainder_I_X
                0x000000006e236941                TEST_PMC_Remainder_L_X
                0x000000006e236a8a                TEST_PMC_Remainder_X_I
                0x000000006e236bd0                TEST_PMC_Remainder_X_L
                0x000000006e236d19                TEST_PMC_Remainder_X_X
 .text          0x000000006e237030      0x510 ../build/x64_Debug/TEST_op_Shift.o
                0x000000006e23708b                TEST_PMC_RightShift_X_I
                0x000000006e2372de                TEST_PMC_LeftShift_X_I
 .text          0x000000006e237540      0xab0 ../build/x64_Debug/TEST_op_Subtruct.o
                0x000000006e23759b                TEST_PMC_Subtruct_I_X
                0x000000006e2376d8                TEST_PMC_Subtruct_L_X
                0x000000006e237818                TEST_PMC_Subtruct_X_I
                0x000000006e237a7d                TEST_PMC_Subtruct_X_L
                0x000000006e237ce3                TEST_PMC_Subtruct_X_X
 .text          0x000000006e237ff0      0x200 ../build/x64_Debug/TEST_op_ToStringD.o
                0x000000006e237ff0                TEST_PMC_ToStringD
 .text          0x000000006e2381f0      0x1f0 ../build/x64_Debug/TEST_op_ToStringN.o
                0x000000006e2381f0                TEST_PMC_ToStringN
 .text          0x000000006e2383e0      0x200 ../build/x64_Debug/TEST_op_ToStringX.o
                0x000000006e2383e0                TEST_PMC_ToStringX
 .text          0x000000006e2385e0        0x8 C:/GNU/MINGW64/x86_64-8.1.0-win32-seh-rt_v6-rev0/mingw64/bin/../lib/gcc/x86_64-w64-mingw32/8.1.0/../../../../x86_64-w64-mingw32/lib/../lib/libkernel32.a(dqifs01555.o)
                0x000000006e2385e0                lstrlenW
 .text          0x000000006e2385e8        0x8 C:/GNU/MINGW64/x86_64-8.1.0-win32-seh-rt_v6-rev0/mingw64/bin/../lib/gcc/x86_64-w64-mingw32/8.1.0/../../../../x86_64-w64-mingw32/lib/../lib/libkernel32.a(dqifs01549.o)
                0x000000006e2385e8                lstrcpyW
 .text          0x000000006e2385f0        0x8 C:/GNU/MINGW64/x86_64-8.1.0-win32-seh-rt_v6-rev0/mingw64/bin/../lib/gcc/x86_64-w64-mingw32/8.1.0/../../../../x86_64-w64-mingw32/lib/../lib/libkernel32.a(dqifs01548.o)
                0x000000006e2385f0                lstrcpyA
 .text          0x000000006e2385f8        0x8 C:/GNU/MINGW64/x86_64-8.1.0-win32-seh-rt_v6-rev0/mingw64/bin/../lib/gcc/x86_64-w64-mingw32/8.1.0/../../../../x86_64-w64-mingw32/lib/../lib/libkernel32.a(dqifs01543.o)
                0x000000006e2385f8                lstrcmpW
 .text          0x000000006e238600        0x8 C:/GNU/MINGW64/x86_64-8.1.0-win32-seh-rt_v6-rev0/mingw64/bin/../lib/gcc/x86_64-w64-mingw32/8.1.0/../../../../x86_64-w64-mingw32/lib/../lib/libkernel32.a(dqifs00841.o)
                0x000000006e238600                HeapFree
 .text          0x000000006e238608        0x8 C:/GNU/MINGW64/x86_64-8.1.0-win32-seh-rt_v6-rev0/mingw64/bin/../lib/gcc/x86_64-w64-mingw32/8.1.0/../../../../x86_64-w64-mingw32/lib/../lib/libkernel32.a(dqifs00839.o)
                0x000000006e238608                HeapDestroy
 .text          0x000000006e238610        0x8 C:/GNU/MINGW64/x86_64-8.1.0-win32-seh-rt_v6-rev0/mingw64/bin/../lib/gcc/x86_64-w64-mingw32/8.1.0/../../../../x86_64-w64-mingw32/lib/../lib/libkernel32.a(dqifs00837.o)
                0x000000006e238610                HeapCreate
 .text          0x000000006e238618        0x8 C:/GNU/MINGW64/x86_64-8.1.0-win32-seh-rt_v6-rev0/mingw64/bin/../lib/gcc/x86_64-w64-mingw32/8.1.0/../../../../x86_64-w64-mingw32/lib/../lib/libkernel32.a(dqifs00835.o)
                0x000000006e238618                HeapAlloc
 .text          0x000000006e238620        0x8 C:/GNU/MINGW64/x86_64-8.1.0-win32-seh-rt_v6-rev0/mingw64/bin/../lib/gcc/x86_64-w64-mingw32/8.1.0/../../../../x86_64-w64-mingw32/lib/../lib/libkernel32.a(dqifs00774.o)
                0x000000006e238620                GetTickCount
 *fill*         0x000000006e238628        0x8 
 .text          0x000000006e238630        0x0 C:/GNU/MINGW64/x86_64-8.1.0-win32-seh-rt_v6-rev0/mingw64/bin/../lib/gcc/x86_64-w64-mingw32/8.1.0/../../../../x86_64-w64-mingw32/lib/../lib/libkernel32.a(dqifh.o)
 .text          0x000000006e238630        0x0 C:/GNU/MINGW64/x86_64-8.1.0-win32-seh-rt_v6-rev0/mingw64/bin/../lib/gcc/x86_64-w64-mingw32/8.1.0/../../../../x86_64-w64-mingw32/lib/../lib/libkernel32.a(dqift.o)
 .text          0x000000006e238630        0x8 C:/GNU/MINGW64/x86_64-8.1.0-win32-seh-rt_v6-rev0/mingw64/bin/../lib/gcc/x86_64-w64-mingw32/8.1.0/../../../../x86_64-w64-mingw32/lib/../lib/libuser32.a(dyqes00958.o)
                0x000000006e238630                wsprintfW
 *fill*         0x000000006e238638        0x8 
 .text          0x000000006e238640        0x0 C:/GNU/MINGW64/x86_64-8.1.0-win32-seh-rt_v6-rev0/mingw64/bin/../lib/gcc/x86_64-w64-mingw32/8.1.0/../../../../x86_64-w64-mingw32/lib/../lib/libuser32.a(dyqeh.o)
 .text          0x000000006e238640        0x0 C:/GNU/MINGW64/x86_64-8.1.0-win32-seh-rt_v6-rev0/mingw64/bin/../lib/gcc/x86_64-w64-mingw32/8.1.0/../../../../x86_64-w64-mingw32/lib/../lib/libuser32.a(dyqet.o)
 *(SORT_BY_NAME(.text$*))
 *(.text.*)
 *(.gnu.linkonce.t.*)
 *(.glue_7t)
 *(.glue_7)
                0x000000006e238640                . = ALIGN (0x8)
                0x000000006e238640                ___CTOR_LIST__ = .
                0x000000006e238640                __CTOR_LIST__ = .
                0x000000006e238640        0x4 LONG 0xffffffffffffffff
                0x000000006e238644        0x4 LONG 0xffffffffffffffff
 *(.ctors)
 *(.ctor)
 *(SORT_BY_NAME(.ctors.*))
                0x000000006e238648        0x4 LONG 0x0
                0x000000006e23864c        0x4 LONG 0x0
                0x000000006e238650                ___DTOR_LIST__ = .
                0x000000006e238650                __DTOR_LIST__ = .
                0x000000006e238650        0x4 LONG 0xffffffffffffffff
                0x000000006e238654        0x4 LONG 0xffffffffffffffff
 *(.dtors)
 *(.dtor)
 *(SORT_BY_NAME(.dtors.*))
                0x000000006e238658        0x4 LONG 0x0
                0x000000006e23865c        0x4 LONG 0x0
 *(.fini)
 *(.gcc_exc)
                [!provide]                        PROVIDE (etext = .)
 *(.gcc_except_table)

.data           0x000000006e239000    0x76600
                0x000000006e239000                __data_start__ = .
 *(.data)
 .data          0x000000006e239000        0x0 ../build/x64_Debug/cpuid.o
 .data          0x000000006e239000        0x0 ../build/x64_Debug/debug.o
 .data          0x000000006e239000        0x0 ../build/x64_Debug/dllmain.o
 .data          0x000000006e239000        0x0 ../build/x64_Debug/INTERNALTEST_op_DivRem.o
 .data          0x000000006e239000        0x0 ../build/x64_Debug/INTERNALTEST_op_Multiply.o
 .data          0x000000006e239000        0x0 ../build/x64_Debug/pmc_add.o
 .data          0x000000006e239000        0x0 ../build/x64_Debug/pmc_bitwiseand.o
 .data          0x000000006e239000        0x0 ../build/x64_Debug/pmc_bitwiseor.o
 .data          0x000000006e239000        0x0 ../build/x64_Debug/pmc_bytes.o
 .data          0x000000006e239000        0x0 ../build/x64_Debug/pmc_clone.o
 .data          0x000000006e239000        0x0 ../build/x64_Debug/pmc_compare.o
 .data          0x000000006e239000        0x0 ../build/x64_Debug/pmc_divrem.o
 .data          0x000000006e239000        0x0 ../build/x64_Debug/pmc_equals.o
 .data          0x000000006e239000        0x0 ../build/x64_Debug/pmc_exclusiveor.o
 .data          0x000000006e239000        0x0 ../build/x64_Debug/pmc_from.o
 .data          0x000000006e239000        0x0 ../build/x64_Debug/pmc_greatestcommondivisor.o
 .data          0x000000006e239000        0x0 ../build/x64_Debug/pmc_initialize.o
 .data          0x000000006e239000        0x0 ../build/x64_Debug/pmc_memory.o
 .data          0x000000006e239000        0x0 ../build/x64_Debug/pmc_modpow.o
 .data          0x000000006e239000        0x0 ../build/x64_Debug/pmc_multiply.o
 .data          0x000000006e239000        0x0 ../build/x64_Debug/pmc_parse.o
 .data          0x000000006e239000        0x0 ../build/x64_Debug/pmc_pow.o
 .data          0x000000006e239000        0x0 ../build/x64_Debug/pmc_shift.o
 .data          0x000000006e239000        0x0 ../build/x64_Debug/pmc_statistics.o
 .data          0x000000006e239000        0x0 ../build/x64_Debug/pmc_subtruct.o
 .data          0x000000006e239000        0x0 ../build/x64_Debug/pmc_to.o
 .data          0x000000006e239000       0xa0 ../build/x64_Debug/pmc_tostring.o
 .data          0x000000006e2390a0    0x76400 ../build/x64_Debug/TEST_autogenerated.o
 .data          0x000000006e2af4a0        0x0 ../build/x64_Debug/TEST_op_Add.o
 .data          0x000000006e2af4a0        0x0 ../build/x64_Debug/TEST_op_BitwiseAnd.o
 .data          0x000000006e2af4a0        0x0 ../build/x64_Debug/TEST_op_BitwiseOr.o
 .data          0x000000006e2af4a0        0x0 ../build/x64_Debug/TEST_op_Clone.o
 .data          0x000000006e2af4a0        0x0 ../build/x64_Debug/TEST_op_Compare.o
 .data          0x000000006e2af4a0        0x0 ../build/x64_Debug/TEST_op_DivRem.o
 .data          0x000000006e2af4a0        0x0 ../build/x64_Debug/TEST_op_Equals.o
 .data          0x000000006e2af4a0        0x0 ../build/x64_Debug/TEST_op_ExclusiveOr.o
 .data          0x000000006e2af4a0        0x0 ../build/x64_Debug/TEST_op_From_To.o
 .data          0x000000006e2af4a0        0x0 ../build/x64_Debug/TEST_op_GreatestCommonDivisor.o
 .data          0x000000006e2af4a0        0x0 ../build/x64_Debug/TEST_op_ModPow.o
 .data          0x000000006e2af4a0        0x0 ../build/x64_Debug/TEST_op_Multiply.o
 .data          0x000000006e2af4a0        0x0 ../build/x64_Debug/TEST_op_ParseDN.o
 .data          0x000000006e2af4a0        0x0 ../build/x64_Debug/TEST_op_ParseX.o
 .data          0x000000006e2af4a0        0x0 ../build/x64_Debug/TEST_op_Pow.o
 .data          0x000000006e2af4a0        0x0 ../build/x64_Debug/TEST_op_Remainder.o
 .data          0x000000006e2af4a0        0x0 ../build/x64_Debug/TEST_op_Shift.o
 .data          0x000000006e2af4a0        0x0 ../build/x64_Debug/TEST_op_Subtruct.o
 .data          0x000000006e2af4a0        0x0 ../build/x64_Debug/TEST_op_ToStringD.o
 .data          0x000000006e2af4a0        0x0 ../build/x64_Debug/TEST_op_ToStringN.o
 .data          0x000000006e2af4a0        0x0 ../build/x64_Debug/TEST_op_ToStringX.o
 .data          0x000000006e2af4a0        0x0 C:/GNU/MINGW64/x86_64-8.1.0-win32-seh-rt_v6-rev0/mingw64/bin/../lib/gcc/x86_64-w64-mingw32/8.1.0/../../../../x86_64-w64-mingw32/lib/../lib/libkernel32.a(dqifs01555.o)
 .data          0x000000006e2af4a0        0x0 C:/GNU/MINGW64/x86_64-8.1.0-win32-seh-rt_v6-rev0/mingw64/bin/../lib/gcc/x86_64-w64-mingw32/8.1.0/../../../../x86_64-w64-mingw32/lib/../lib/libkernel32.a(dqifs01549.o)
 .data          0x000000006e2af4a0        0x0 C:/GNU/MINGW64/x86_64-8.1.0-win32-seh-rt_v6-rev0/mingw64/bin/../lib/gcc/x86_64-w64-mingw32/8.1.0/../../../../x86_64-w64-mingw32/lib/../lib/libkernel32.a(dqifs01548.o)
 .data          0x000000006e2af4a0        0x0 C:/GNU/MINGW64/x86_64-8.1.0-win32-seh-rt_v6-rev0/mingw64/bin/../lib/gcc/x86_64-w64-mingw32/8.1.0/../../../../x86_64-w64-mingw32/lib/../lib/libkernel32.a(dqifs01543.o)
 .data          0x000000006e2af4a0        0x0 C:/GNU/MINGW64/x86_64-8.1.0-win32-seh-rt_v6-rev0/mingw64/bin/../lib/gcc/x86_64-w64-mingw32/8.1.0/../../../../x86_64-w64-mingw32/lib/../lib/libkernel32.a(dqifs00841.o)
 .data          0x000000006e2af4a0        0x0 C:/GNU/MINGW64/x86_64-8.1.0-win32-seh-rt_v6-rev0/mingw64/bin/../lib/gcc/x86_64-w64-mingw32/8.1.0/../../../../x86_64-w64-mingw32/lib/../lib/libkernel32.a(dqifs00839.o)
 .data          0x000000006e2af4a0        0x0 C:/GNU/MINGW64/x86_64-8.1.0-win32-seh-rt_v6-rev0/mingw64/bin/../lib/gcc/x86_64-w64-mingw32/8.1.0/../../../../x86_64-w64-mingw32/lib/../lib/libkernel32.a(dqifs00837.o)
 .data          0x000000006e2af4a0        0x0 C:/GNU/MINGW64/x86_64-8.1.0-win32-seh-rt_v6-rev0/mingw64/bin/../lib/gcc/x86_64-w64-mingw32/8.1.0/../../../../x86_64-w64-mingw32/lib/../lib/libkernel32.a(dqifs00835.o)
 .data          0x000000006e2af4a0        0x0 C:/GNU/MINGW64/x86_64-8.1.0-win32-seh-rt_v6-rev0/mingw64/bin/../lib/gcc/x86_64-w64-mingw32/8.1.0/../../../../x86_64-w64-mingw32/lib/../lib/libkernel32.a(dqifs00774.o)
 .data          0x000000006e2af4a0        0x0 C:/GNU/MINGW64/x86_64-8.1.0-win32-seh-rt_v6-rev0/mingw64/bin/../lib/gcc/x86_64-w64-mingw32/8.1.0/../../../../x86_64-w64-mingw32/lib/../lib/libkernel32.a(dqifh.o)
 .data          0x000000006e2af4a0        0x0 C:/GNU/MINGW64/x86_64-8.1.0-win32-seh-rt_v6-rev0/mingw64/bin/../lib/gcc/x86_64-w64-mingw32/8.1.0/../../../../x86_64-w64-mingw32/lib/../lib/libkernel32.a(dqift.o)
 .data          0x000000006e2af4a0        0x0 C:/GNU/MINGW64/x86_64-8.1.0-win32-seh-rt_v6-rev0/mingw64/bin/../lib/gcc/x86_64-w64-mingw32/8.1.0/../../../../x86_64-w64-mingw32/lib/../lib/libuser32.a(dyqes00958.o)
 .data          0x000000006e2af4a0        0x0 C:/GNU/MINGW64/x86_64-8.1.0-win32-seh-rt_v6-rev0/mingw64/bin/../lib/gcc/x86_64-w64-mingw32/8.1.0/../../../../x86_64-w64-mingw32/lib/../lib/libuser32.a(dyqeh.o)
 .data          0x000000006e2af4a0        0x0 C:/GNU/MINGW64/x86_64-8.1.0-win32-seh-rt_v6-rev0/mingw64/bin/../lib/gcc/x86_64-w64-mingw32/8.1.0/../../../../x86_64-w64-mingw32/lib/../lib/libuser32.a(dyqet.o)
 *(.data2)
 *(SORT_BY_NAME(.data$*))
 *(.jcr)
                0x000000006e2af4a0                __data_end__ = .
 *(.data_cygwin_nocopy)

.rdata          0x000000006e2b0000    0x5aa00
 *(.rdata)
 .rdata         0x000000006e2b0000      0x1d0 ../build/x64_Debug/debug.o
 .rdata         0x000000006e2b01d0      0x100 ../build/x64_Debug/INTERNALTEST_op_DivRem.o
 .rdata         0x000000006e2b02d0       0x80 ../build/x64_Debug/INTERNALTEST_op_Multiply.o
 .rdata         0x000000006e2b0350       0xf0 ../build/x64_Debug/pmc_parse.o
 .rdata         0x000000006e2b0440       0xf0 ../build/x64_Debug/pmc_tostring.o
 .rdata         0x000000006e2b0530    0x56300 ../build/x64_Debug/TEST_autogenerated.o
 .rdata         0x000000006e306830      0x2c0 ../build/x64_Debug/TEST_op_Add.o
 .rdata         0x000000006e306af0      0x360 ../build/x64_Debug/TEST_op_BitwiseAnd.o
 .rdata         0x000000006e306e50      0x360 ../build/x64_Debug/TEST_op_BitwiseOr.o
 .rdata         0x000000006e3071b0      0x120 ../build/x64_Debug/TEST_op_Clone.o
 .rdata         0x000000006e3072d0      0x2c0 ../build/x64_Debug/TEST_op_Compare.o
 .rdata         0x000000006e307590      0x320 ../build/x64_Debug/TEST_op_DivRem.o
 .rdata         0x000000006e3078b0      0x2c0 ../build/x64_Debug/TEST_op_Equals.o
 .rdata         0x000000006e307b70      0x360 ../build/x64_Debug/TEST_op_ExclusiveOr.o
 .rdata         0x000000006e307ed0      0x210 ../build/x64_Debug/TEST_op_From_To.o
 .rdata         0x000000006e3080e0      0x450 ../build/x64_Debug/TEST_op_GreatestCommonDivisor.o
 .rdata         0x000000006e308530      0x130 ../build/x64_Debug/TEST_op_ModPow.o
 .rdata         0x000000006e308660      0x330 ../build/x64_Debug/TEST_op_Multiply.o
 .rdata         0x000000006e308990      0x120 ../build/x64_Debug/TEST_op_ParseDN.o
 .rdata         0x000000006e308ab0       0xe0 ../build/x64_Debug/TEST_op_ParseX.o
 .rdata         0x000000006e308b90      0x120 ../build/x64_Debug/TEST_op_Pow.o
 .rdata         0x000000006e308cb0      0x350 ../build/x64_Debug/TEST_op_Remainder.o
 .rdata         0x000000006e309000      0x1c0 ../build/x64_Debug/TEST_op_Shift.o
 .rdata         0x000000006e3091c0      0x340 ../build/x64_Debug/TEST_op_Subtruct.o
 .rdata         0x000000006e309500       0xf0 ../build/x64_Debug/TEST_op_ToStringD.o
 .rdata         0x000000006e3095f0       0xf0 ../build/x64_Debug/TEST_op_ToStringN.o
 .rdata         0x000000006e3096e0       0xf0 ../build/x64_Debug/TEST_op_ToStringX.o
 *(SORT_BY_NAME(.rdata$*))
 .rdata$.refptr.PMC_Add_I_X
                0x000000006e3097d0       0x10 ../build/x64_Debug/pmc_initialize.o
                0x000000006e3097d0                .refptr.PMC_Add_I_X
 .rdata$.refptr.PMC_Add_L_X
                0x000000006e3097e0       0x10 ../build/x64_Debug/pmc_initialize.o
                0x000000006e3097e0                .refptr.PMC_Add_L_X
 .rdata$.refptr.PMC_Add_X_I
                0x000000006e3097f0       0x10 ../build/x64_Debug/pmc_initialize.o
                0x000000006e3097f0                .refptr.PMC_Add_X_I
 .rdata$.refptr.PMC_Add_X_L
                0x000000006e309800       0x10 ../build/x64_Debug/pmc_initialize.o
                0x000000006e309800                .refptr.PMC_Add_X_L
 .rdata$.refptr.PMC_Add_X_X
                0x000000006e309810       0x10 ../build/x64_Debug/pmc_initialize.o
                0x000000006e309810                .refptr.PMC_Add_X_X
 .rdata$.refptr.PMC_BitwiseAnd_I_X
                0x000000006e309820       0x10 ../build/x64_Debug/pmc_initialize.o
                0x000000006e309820                .refptr.PMC_BitwiseAnd_I_X
 .rdata$.refptr.PMC_BitwiseAnd_L_X
                0x000000006e309830       0x10 ../build/x64_Debug/pmc_initialize.o
                0x000000006e309830                .refptr.PMC_BitwiseAnd_L_X
 .rdata$.refptr.PMC_BitwiseAnd_X_I
                0x000000006e309840       0x10 ../build/x64_Debug/pmc_initialize.o
                0x000000006e309840                .refptr.PMC_BitwiseAnd_X_I
 .rdata$.refptr.PMC_BitwiseAnd_X_L
                0x000000006e309850       0x10 ../build/x64_Debug/pmc_initialize.o
                0x000000006e309850                .refptr.PMC_BitwiseAnd_X_L
 .rdata$.refptr.PMC_BitwiseAnd_X_X
                0x000000006e309860       0x10 ../build/x64_Debug/pmc_initialize.o
                0x000000006e309860                .refptr.PMC_BitwiseAnd_X_X
 .rdata$.refptr.PMC_BitwiseOr_I_X
                0x000000006e309870       0x10 ../build/x64_Debug/pmc_initialize.o
                0x000000006e309870                .refptr.PMC_BitwiseOr_I_X
 .rdata$.refptr.PMC_BitwiseOr_L_X
                0x000000006e309880       0x10 ../build/x64_Debug/pmc_initialize.o
                0x000000006e309880                .refptr.PMC_BitwiseOr_L_X
 .rdata$.refptr.PMC_BitwiseOr_X_I
                0x000000006e309890       0x10 ../build/x64_Debug/pmc_initialize.o
                0x000000006e309890                .refptr.PMC_BitwiseOr_X_I
 .rdata$.refptr.PMC_BitwiseOr_X_L
                0x000000006e3098a0       0x10 ../build/x64_Debug/pmc_initialize.o
                0x000000006e3098a0                .refptr.PMC_BitwiseOr_X_L
 .rdata$.refptr.PMC_BitwiseOr_X_X
                0x000000006e3098b0       0x10 ../build/x64_Debug/pmc_initialize.o
                0x000000006e3098b0                .refptr.PMC_BitwiseOr_X_X
 .rdata$.refptr.PMC_Clone_X
                0x000000006e3098c0       0x10 ../build/x64_Debug/pmc_initialize.o
                0x000000006e3098c0                .refptr.PMC_Clone_X
 .rdata$.refptr.PMC_Compare_I_X
                0x000000006e3098d0       0x10 ../build/x64_Debug/pmc_initialize.o
                0x000000006e3098d0                .refptr.PMC_Compare_I_X
 .rdata$.refptr.PMC_Compare_L_X
                0x000000006e3098e0       0x10 ../build/x64_Debug/pmc_initialize.o
                0x000000006e3098e0                .refptr.PMC_Compare_L_X
 .rdata$.refptr.PMC_Compare_X_I
                0x000000006e3098f0       0x10 ../build/x64_Debug/pmc_initialize.o
                0x000000006e3098f0                .refptr.PMC_Compare_X_I
 .rdata$.refptr.PMC_Compare_X_L
                0x000000006e309900       0x10 ../build/x64_Debug/pmc_initialize.o
                0x000000006e309900                .refptr.PMC_Compare_X_L
 .rdata$.refptr.PMC_Compare_X_X
                0x000000006e309910       0x10 ../build/x64_Debug/pmc_initialize.o
                0x000000006e309910                .refptr.PMC_Compare_X_X
 .rdata$.refptr.PMC_Dispose
                0x000000006e309920       0x10 ../build/x64_Debug/pmc_initialize.o
                0x000000006e309920                .refptr.PMC_Dispose
 .rdata$.refptr.PMC_DivRem_I_X
                0x000000006e309930       0x10 ../build/x64_Debug/pmc_initialize.o
                0x000000006e309930                .refptr.PMC_DivRem_I_X
 .rdata$.refptr.PMC_DivRem_L_X
                0x000000006e309940       0x10 ../build/x64_Debug/pmc_initialize.o
                0x000000006e309940                .refptr.PMC_DivRem_L_X
 .rdata$.refptr.PMC_DivRem_X_I
                0x000000006e309950       0x10 ../build/x64_Debug/pmc_initialize.o
                0x000000006e309950                .refptr.PMC_DivRem_X_I
 .rdata$.refptr.PMC_DivRem_X_L
                0x000000006e309960       0x10 ../build/x64_Debug/pmc_initialize.o
                0x000000006e309960                .refptr.PMC_DivRem_X_L
 .rdata$.refptr.PMC_DivRem_X_X
                0x000000006e309970       0x10 ../build/x64_Debug/pmc_initialize.o
                0x000000006e309970                .refptr.PMC_DivRem_X_X
 .rdata$.refptr.PMC_Equals_I_X
                0x000000006e309980       0x10 ../build/x64_Debug/pmc_initialize.o
                0x000000006e309980                .refptr.PMC_Equals_I_X
 .rdata$.refptr.PMC_Equals_L_X
                0x000000006e309990       0x10 ../build/x64_Debug/pmc_initialize.o
                0x000000006e309990                .refptr.PMC_Equals_L_X
 .rdata$.refptr.PMC_Equals_X_I
                0x000000006e3099a0       0x10 ../build/x64_Debug/pmc_initialize.o
                0x000000006e3099a0                .refptr.PMC_Equals_X_I
 .rdata$.refptr.PMC_Equals_X_L
                0x000000006e3099b0       0x10 ../build/x64_Debug/pmc_initialize.o
                0x000000006e3099b0                .refptr.PMC_Equals_X_L
 .rdata$.refptr.PMC_Equals_X_X
                0x000000006e3099c0       0x10 ../build/x64_Debug/pmc_initialize.o
                0x000000006e3099c0                .refptr.PMC_Equals_X_X
 .rdata$.refptr.PMC_ExclusiveOr_I_X
                0x000000006e3099d0       0x10 ../build/x64_Debug/pmc_initialize.o
                0x000000006e3099d0                .refptr.PMC_ExclusiveOr_I_X
 .rdata$.refptr.PMC_ExclusiveOr_L_X
                0x000000006e3099e0       0x10 ../build/x64_Debug/pmc_initialize.o
                0x000000006e3099e0                .refptr.PMC_ExclusiveOr_L_X
 .rdata$.refptr.PMC_ExclusiveOr_X_I
                0x000000006e3099f0       0x10 ../build/x64_Debug/pmc_initialize.o
                0x000000006e3099f0                .refptr.PMC_ExclusiveOr_X_I
 .rdata$.refptr.PMC_ExclusiveOr_X_L
                0x000000006e309a00       0x10 ../build/x64_Debug/pmc_initialize.o
                0x000000006e309a00                .refptr.PMC_ExclusiveOr_X_L
 .rdata$.refptr.PMC_ExclusiveOr_X_X
                0x000000006e309a10       0x10 ../build/x64_Debug/pmc_initialize.o
                0x000000006e309a10                .refptr.PMC_ExclusiveOr_X_X
 .rdata$.refptr.PMC_FromByteArray
                0x000000006e309a20       0x10 ../build/x64_Debug/pmc_initialize.o
                0x000000006e309a20                .refptr.PMC_FromByteArray
 .rdata$.refptr.PMC_FromByteArrayForSINT
                0x000000006e309a30       0x10 ../build/x64_Debug/pmc_initialize.o
                0x000000006e309a30                .refptr.PMC_FromByteArrayForSINT
 .rdata$.refptr.PMC_From_I
                0x000000006e309a40       0x10 ../build/x64_Debug/pmc_initialize.o
                0x000000006e309a40                .refptr.PMC_From_I
 .rdata$.refptr.PMC_From_L
                0x000000006e309a50       0x10 ../build/x64_Debug/pmc_initialize.o
                0x000000006e309a50                .refptr.PMC_From_L
 .rdata$.refptr.PMC_GetConstantValue_I
                0x000000006e309a60       0x10 ../build/x64_Debug/pmc_initialize.o
                0x000000006e309a60                .refptr.PMC_GetConstantValue_I
 .rdata$.refptr.PMC_GetStatisticsInfo
                0x000000006e309a70       0x10 ../build/x64_Debug/pmc_initialize.o
                0x000000006e309a70                .refptr.PMC_GetStatisticsInfo
 .rdata$.refptr.PMC_GreatestCommonDivisor_I_X
                0x000000006e309a80       0x10 ../build/x64_Debug/pmc_initialize.o
                0x000000006e309a80                .refptr.PMC_GreatestCommonDivisor_I_X
 .rdata$.refptr.PMC_GreatestCommonDivisor_L_X
                0x000000006e309a90       0x10 ../build/x64_Debug/pmc_initialize.o
                0x000000006e309a90                .refptr.PMC_GreatestCommonDivisor_L_X
 .rdata$.refptr.PMC_GreatestCommonDivisor_X_I
                0x000000006e309aa0       0x10 ../build/x64_Debug/pmc_initialize.o
                0x000000006e309aa0                .refptr.PMC_GreatestCommonDivisor_X_I
 .rdata$.refptr.PMC_GreatestCommonDivisor_X_L
                0x000000006e309ab0       0x10 ../build/x64_Debug/pmc_initialize.o
                0x000000006e309ab0                .refptr.PMC_GreatestCommonDivisor_X_L
 .rdata$.refptr.PMC_GreatestCommonDivisor_X_X
                0x000000006e309ac0       0x10 ../build/x64_Debug/pmc_initialize.o
                0x000000006e309ac0                .refptr.PMC_GreatestCommonDivisor_X_X
 .rdata$.refptr.PMC_LeftShift_X_I
                0x000000006e309ad0       0x10 ../build/x64_Debug/pmc_initialize.o
                0x000000006e309ad0                .refptr.PMC_LeftShift_X_I
 .rdata$.refptr.PMC_ModPow_X_X_X
                0x000000006e309ae0       0x10 ../build/x64_Debug/pmc_initialize.o
                0x000000006e309ae0                .refptr.PMC_ModPow_X_X_X
 .rdata$.refptr.PMC_Multiply_I_X
                0x000000006e309af0       0x10 ../build/x64_Debug/pmc_initialize.o
                0x000000006e309af0                .refptr.PMC_Multiply_I_X
 .rdata$.refptr.PMC_Multiply_L_X
                0x000000006e309b00       0x10 ../build/x64_Debug/pmc_initialize.o
                0x000000006e309b00                .refptr.PMC_Multiply_L_X
 .rdata$.refptr.PMC_Multiply_X_I
                0x000000006e309b10       0x10 ../build/x64_Debug/pmc_initialize.o
                0x000000006e309b10                .refptr.PMC_Multiply_X_I
 .rdata$.refptr.PMC_Multiply_X_L
                0x000000006e309b20       0x10 ../build/x64_Debug/pmc_initialize.o
                0x000000006e309b20                .refptr.PMC_Multiply_X_L
 .rdata$.refptr.PMC_Multiply_X_X
                0x000000006e309b30       0x10 ../build/x64_Debug/pmc_initialize.o
                0x000000006e309b30                .refptr.PMC_Multiply_X_X
 .rdata$.refptr.PMC_Pow_X_I
                0x000000006e309b40       0x10 ../build/x64_Debug/pmc_initialize.o
                0x000000006e309b40                .refptr.PMC_Pow_X_I
 .rdata$.refptr.PMC_RightShift_X_I
                0x000000006e309b50       0x10 ../build/x64_Debug/pmc_initialize.o
                0x000000006e309b50                .refptr.PMC_RightShift_X_I
 .rdata$.refptr.PMC_Subtruct_I_X
                0x000000006e309b60       0x10 ../build/x64_Debug/pmc_initialize.o
                0x000000006e309b60                .refptr.PMC_Subtruct_I_X
 .rdata$.refptr.PMC_Subtruct_L_X
                0x000000006e309b70       0x10 ../build/x64_Debug/pmc_initialize.o
                0x000000006e309b70                .refptr.PMC_Subtruct_L_X
 .rdata$.refptr.PMC_Subtruct_X_I
                0x000000006e309b80       0x10 ../build/x64_Debug/pmc_initialize.o
                0x000000006e309b80                .refptr.PMC_Subtruct_X_I
 .rdata$.refptr.PMC_Subtruct_X_L
                0x000000006e309b90       0x10 ../build/x64_Debug/pmc_initialize.o
                0x000000006e309b90                .refptr.PMC_Subtruct_X_L
 .rdata$.refptr.PMC_Subtruct_X_X
                0x000000006e309ba0       0x10 ../build/x64_Debug/pmc_initialize.o
                0x000000006e309ba0                .refptr.PMC_Subtruct_X_X
 .rdata$.refptr.PMC_ToByteArray
                0x000000006e309bb0       0x10 ../build/x64_Debug/pmc_initialize.o
                0x000000006e309bb0                .refptr.PMC_ToByteArray
 .rdata$.refptr.PMC_ToByteArrayForSINT
                0x000000006e309bc0       0x10 ../build/x64_Debug/pmc_initialize.o
                0x000000006e309bc0                .refptr.PMC_ToByteArrayForSINT
 .rdata$.refptr.PMC_ToString
                0x000000006e309bd0       0x10 ../build/x64_Debug/pmc_initialize.o
                0x000000006e309bd0                .refptr.PMC_ToString
 .rdata$.refptr.PMC_To_X_I
                0x000000006e309be0       0x10 ../build/x64_Debug/pmc_initialize.o
                0x000000006e309be0                .refptr.PMC_To_X_I
 .rdata$.refptr.PMC_To_X_L
                0x000000006e309bf0       0x10 ../build/x64_Debug/pmc_initialize.o
                0x000000006e309bf0                .refptr.PMC_To_X_L
 .rdata$.refptr.PMC_TryParse
                0x000000006e309c00       0x10 ../build/x64_Debug/pmc_initialize.o
                0x000000006e309c00                .refptr.PMC_TryParse
 .rdata$.refptr.configuration_info
                0x000000006e309c10       0x10 ../build/x64_Debug/pmc_memory.o
                0x000000006e309c10                .refptr.configuration_info
 .rdata$.refptr.number_one
                0x000000006e309c20       0x10 ../build/x64_Debug/pmc_modpow.o
                0x000000006e309c20                .refptr.number_one
 .rdata$.refptr.number_zero
                0x000000006e309c30       0x10 ../build/x64_Debug/pmc_add.o
                0x000000006e309c30                .refptr.number_zero
 .rdata$.refptr.statistics_info
                0x000000006e309c40       0x10 ../build/x64_Debug/pmc_divrem.o
                0x000000006e309c40                .refptr.statistics_info
 .rdata$zzz     0x000000006e309c50       0x40 ../build/x64_Debug/cpuid.o
 .rdata$zzz     0x000000006e309c90       0x40 ../build/x64_Debug/debug.o
 .rdata$zzz     0x000000006e309cd0       0x40 ../build/x64_Debug/dllmain.o
 .rdata$zzz     0x000000006e309d10       0x40 ../build/x64_Debug/INTERNALTEST_op_DivRem.o
 .rdata$zzz     0x000000006e309d50       0x40 ../build/x64_Debug/INTERNALTEST_op_Multiply.o
 .rdata$zzz     0x000000006e309d90       0x40 ../build/x64_Debug/pmc_add.o
 .rdata$zzz     0x000000006e309dd0       0x40 ../build/x64_Debug/pmc_bitwiseand.o
 .rdata$zzz     0x000000006e309e10       0x40 ../build/x64_Debug/pmc_bitwiseor.o
 .rdata$zzz     0x000000006e309e50       0x40 ../build/x64_Debug/pmc_bytes.o
 .rdata$zzz     0x000000006e309e90       0x40 ../build/x64_Debug/pmc_clone.o
 .rdata$zzz     0x000000006e309ed0       0x40 ../build/x64_Debug/pmc_compare.o
 .rdata$zzz     0x000000006e309f10       0x40 ../build/x64_Debug/pmc_divrem.o
 .rdata$zzz     0x000000006e309f50       0x40 ../build/x64_Debug/pmc_equals.o
 .rdata$zzz     0x000000006e309f90       0x40 ../build/x64_Debug/pmc_exclusiveor.o
 .rdata$zzz     0x000000006e309fd0       0x40 ../build/x64_Debug/pmc_from.o
 .rdata$zzz     0x000000006e30a010       0x40 ../build/x64_Debug/pmc_greatestcommondivisor.o
 .rdata$zzz     0x000000006e30a050       0x40 ../build/x64_Debug/pmc_initialize.o
 .rdata$zzz     0x000000006e30a090       0x40 ../build/x64_Debug/pmc_memory.o
 .rdata$zzz     0x000000006e30a0d0       0x40 ../build/x64_Debug/pmc_modpow.o
 .rdata$zzz     0x000000006e30a110       0x40 ../build/x64_Debug/pmc_multiply.o
 .rdata$zzz     0x000000006e30a150       0x40 ../build/x64_Debug/pmc_parse.o
 .rdata$zzz     0x000000006e30a190       0x40 ../build/x64_Debug/pmc_pow.o
 .rdata$zzz     0x000000006e30a1d0       0x40 ../build/x64_Debug/pmc_shift.o
 .rdata$zzz     0x000000006e30a210       0x40 ../build/x64_Debug/pmc_statistics.o
 .rdata$zzz     0x000000006e30a250       0x40 ../build/x64_Debug/pmc_subtruct.o
 .rdata$zzz     0x000000006e30a290       0x40 ../build/x64_Debug/pmc_to.o
 .rdata$zzz     0x000000006e30a2d0       0x40 ../build/x64_Debug/pmc_tostring.o
 .rdata$zzz     0x000000006e30a310       0x40 ../build/x64_Debug/TEST_autogenerated.o
 .rdata$zzz     0x000000006e30a350       0x40 ../build/x64_Debug/TEST_op_Add.o
 .rdata$zzz     0x000000006e30a390       0x40 ../build/x64_Debug/TEST_op_BitwiseAnd.o
 .rdata$zzz     0x000000006e30a3d0       0x40 ../build/x64_Debug/TEST_op_BitwiseOr.o
 .rdata$zzz     0x000000006e30a410       0x40 ../build/x64_Debug/TEST_op_Clone.o
 .rdata$zzz     0x000000006e30a450       0x40 ../build/x64_Debug/TEST_op_Compare.o
 .rdata$zzz     0x000000006e30a490       0x40 ../build/x64_Debug/TEST_op_DivRem.o
 .rdata$zzz     0x000000006e30a4d0       0x40 ../build/x64_Debug/TEST_op_Equals.o
 .rdata$zzz     0x000000006e30a510       0x40 ../build/x64_Debug/TEST_op_ExclusiveOr.o
 .rdata$zzz     0x000000006e30a550       0x40 ../build/x64_Debug/TEST_op_From_To.o
 .rdata$zzz     0x000000006e30a590       0x40 ../build/x64_Debug/TEST_op_GreatestCommonDivisor.o
 .rdata$zzz     0x000000006e30a5d0       0x40 ../build/x64_Debug/TEST_op_ModPow.o
 .rdata$zzz     0x000000006e30a610       0x40 ../build/x64_Debug/TEST_op_Multiply.o
 .rdata$zzz     0x000000006e30a650       0x40 ../build/x64_Debug/TEST_op_ParseDN.o
 .rdata$zzz     0x000000006e30a690       0x40 ../build/x64_Debug/TEST_op_ParseX.o
 .rdata$zzz     0x000000006e30a6d0       0x40 ../build/x64_Debug/TEST_op_Pow.o
 .rdata$zzz     0x000000006e30a710       0x40 ../build/x64_Debug/TEST_op_Remainder.o
 .rdata$zzz     0x000000006e30a750       0x40 ../build/x64_Debug/TEST_op_Shift.o
 .rdata$zzz     0x000000006e30a790       0x40 ../build/x64_Debug/TEST_op_Subtruct.o
 .rdata$zzz     0x000000006e30a7d0       0x40 ../build/x64_Debug/TEST_op_ToStringD.o
 .rdata$zzz     0x000000006e30a810       0x40 ../build/x64_Debug/TEST_op_ToStringN.o
 .rdata$zzz     0x000000006e30a850       0x40 ../build/x64_Debug/TEST_op_ToStringX.o
                0x000000006e30a890                __rt_psrelocs_start = .
 *(.rdata_runtime_pseudo_reloc)
                0x000000006e30a890                __rt_psrelocs_end = .
                0x0000000000000000                __rt_psrelocs_size = (__rt_psrelocs_end - __rt_psrelocs_start)
                0x000000006e30a890                ___RUNTIME_PSEUDO_RELOC_LIST_END__ = .
                0x000000006e30a890                __RUNTIME_PSEUDO_RELOC_LIST_END__ = .
                0x000000006e30a890                ___RUNTIME_PSEUDO_RELOC_LIST__ = (. - __rt_psrelocs_size)
                0x000000006e30a890                __RUNTIME_PSEUDO_RELOC_LIST__ = (. - __rt_psrelocs_size)

.eh_frame
 *(.eh_frame*)

.pdata          0x000000006e30b000     0x1600
 *(.pdata*)
 .pdata         0x000000006e30b000       0x30 ../build/x64_Debug/cpuid.o
 .pdata         0x000000006e30b030       0x60 ../build/x64_Debug/debug.o
 .pdata         0x000000006e30b090        0xc ../build/x64_Debug/dllmain.o
 .pdata         0x000000006e30b09c       0x24 ../build/x64_Debug/INTERNALTEST_op_DivRem.o
 .pdata         0x000000006e30b0c0       0x30 ../build/x64_Debug/INTERNALTEST_op_Multiply.o
 .pdata         0x000000006e30b0f0      0x150 ../build/x64_Debug/pmc_add.o
 .pdata         0x000000006e30b240       0x6c ../build/x64_Debug/pmc_bitwiseand.o
 .pdata         0x000000006e30b2ac       0xb4 ../build/x64_Debug/pmc_bitwiseor.o
 .pdata         0x000000006e30b360       0x60 ../build/x64_Debug/pmc_bytes.o
 .pdata         0x000000006e30b3c0       0x18 ../build/x64_Debug/pmc_clone.o
 .pdata         0x000000006e30b3d8       0x84 ../build/x64_Debug/pmc_compare.o
 .pdata         0x000000006e30b45c      0x258 ../build/x64_Debug/pmc_divrem.o
 .pdata         0x000000006e30b6b4       0x84 ../build/x64_Debug/pmc_equals.o
 .pdata         0x000000006e30b738       0xb4 ../build/x64_Debug/pmc_exclusiveor.o
 .pdata         0x000000006e30b7ec       0x54 ../build/x64_Debug/pmc_from.o
 .pdata         0x000000006e30b840       0xc0 ../build/x64_Debug/pmc_greatestcommondivisor.o
 .pdata         0x000000006e30b900       0x24 ../build/x64_Debug/pmc_initialize.o
 .pdata         0x000000006e30b924      0x174 ../build/x64_Debug/pmc_memory.o
 .pdata         0x000000006e30ba98       0x78 ../build/x64_Debug/pmc_modpow.o
 .pdata         0x000000006e30bb10      0x144 ../build/x64_Debug/pmc_multiply.o
 .pdata         0x000000006e30bc54      0x18c ../build/x64_Debug/pmc_parse.o
 .pdata         0x000000006e30bde0       0x54 ../build/x64_Debug/pmc_pow.o
 .pdata         0x000000006e30be34       0x84 ../build/x64_Debug/pmc_shift.o
 .pdata         0x000000006e30beb8        0xc ../build/x64_Debug/pmc_statistics.o
 .pdata         0x000000006e30bec4       0xd8 ../build/x64_Debug/pmc_subtruct.o
 .pdata         0x000000006e30bf9c       0x30 ../build/x64_Debug/pmc_to.o
 .pdata         0x000000006e30bfcc      0x108 ../build/x64_Debug/pmc_tostring.o
 .pdata         0x000000006e30c0d4        0xc ../build/x64_Debug/TEST_autogenerated.o
 .pdata         0x000000006e30c0e0       0x48 ../build/x64_Debug/TEST_op_Add.o
 .pdata         0x000000006e30c128       0x48 ../build/x64_Debug/TEST_op_BitwiseAnd.o
 .pdata         0x000000006e30c170       0x48 ../build/x64_Debug/TEST_op_BitwiseOr.o
 .pdata         0x000000006e30c1b8       0x18 ../build/x64_Debug/TEST_op_Clone.o
 .pdata         0x000000006e30c1d0       0x3c ../build/x64_Debug/TEST_op_Compare.o
 .pdata         0x000000006e30c20c       0x48 ../build/x64_Debug/TEST_op_DivRem.o
 .pdata         0x000000006e30c254       0x3c ../build/x64_Debug/TEST_op_Equals.o
 .pdata         0x000000006e30c290       0x48 ../build/x64_Debug/TEST_op_ExclusiveOr.o
 .pdata         0x000000006e30c2d8       0x3c ../build/x64_Debug/TEST_op_From_To.o
 .pdata         0x000000006e30c314       0x48 ../build/x64_Debug/TEST_op_GreatestCommonDivisor.o
 .pdata         0x000000006e30c35c       0x18 ../build/x64_Debug/TEST_op_ModPow.o
 .pdata         0x000000006e30c374       0x48 ../build/x64_Debug/TEST_op_Multiply.o
 .pdata         0x000000006e30c3bc       0x24 ../build/x64_Debug/TEST_op_ParseDN.o
 .pdata         0x000000006e30c3e0       0x18 ../build/x64_Debug/TEST_op_ParseX.o
 .pdata         0x000000006e30c3f8       0x18 ../build/x64_Debug/TEST_op_Pow.o
 .pdata         0x000000006e30c410       0x48 ../build/x64_Debug/TEST_op_Remainder.o
 .pdata         0x000000006e30c458       0x24 ../build/x64_Debug/TEST_op_Shift.o
 .pdata         0x000000006e30c47c       0x48 ../build/x64_Debug/TEST_op_Subtruct.o
 .pdata         0x000000006e30c4c4        0xc ../build/x64_Debug/TEST_op_ToStringD.o
 .pdata         0x000000006e30c4d0        0xc ../build/x64_Debug/TEST_op_ToStringN.o
 .pdata         0x000000006e30c4dc        0xc ../build/x64_Debug/TEST_op_ToStringX.o

.xdata          0x000000006e30d000     0x1600
 *(.xdata*)
 .xdata         0x000000006e30d000       0x30 ../build/x64_Debug/cpuid.o
 .xdata         0x000000006e30d030       0x60 ../build/x64_Debug/debug.o
 .xdata         0x000000006e30d090        0xc ../build/x64_Debug/dllmain.o
 .xdata         0x000000006e30d09c       0x28 ../build/x64_Debug/INTERNALTEST_op_DivRem.o
 .xdata         0x000000006e30d0c4       0x30 ../build/x64_Debug/INTERNALTEST_op_Multiply.o
 .xdata         0x000000006e30d0f4      0x120 ../build/x64_Debug/pmc_add.o
 .xdata         0x000000006e30d214       0x60 ../build/x64_Debug/pmc_bitwiseand.o
 .xdata         0x000000006e30d274       0xb0 ../build/x64_Debug/pmc_bitwiseor.o
 .xdata         0x000000006e30d324       0x60 ../build/x64_Debug/pmc_bytes.o
 .xdata         0x000000006e30d384       0x14 ../build/x64_Debug/pmc_clone.o
 .xdata         0x000000006e30d398       0x7c ../build/x64_Debug/pmc_compare.o
 .xdata         0x000000006e30d414      0x234 ../build/x64_Debug/pmc_divrem.o
 .xdata         0x000000006e30d648       0x7c ../build/x64_Debug/pmc_equals.o
 .xdata         0x000000006e30d6c4       0xb0 ../build/x64_Debug/pmc_exclusiveor.o
 .xdata         0x000000006e30d774       0x50 ../build/x64_Debug/pmc_from.o
 .xdata         0x000000006e30d7c4       0xc0 ../build/x64_Debug/pmc_greatestcommondivisor.o
 .xdata         0x000000006e30d884       0x24 ../build/x64_Debug/pmc_initialize.o
 .xdata         0x000000006e30d8a8      0x16c ../build/x64_Debug/pmc_memory.o
 .xdata         0x000000006e30da14       0x78 ../build/x64_Debug/pmc_modpow.o
 .xdata         0x000000006e30da8c      0x140 ../build/x64_Debug/pmc_multiply.o
 .xdata         0x000000006e30dbcc      0x178 ../build/x64_Debug/pmc_parse.o
 .xdata         0x000000006e30dd44       0x54 ../build/x64_Debug/pmc_pow.o
 .xdata         0x000000006e30dd98       0x88 ../build/x64_Debug/pmc_shift.o
 .xdata         0x000000006e30de20        0x8 ../build/x64_Debug/pmc_statistics.o
 .xdata         0x000000006e30de28       0xc0 ../build/x64_Debug/pmc_subtruct.o
 .xdata         0x000000006e30dee8       0x28 ../build/x64_Debug/pmc_to.o
 .xdata         0x000000006e30df10      0x104 ../build/x64_Debug/pmc_tostring.o
 .xdata         0x000000006e30e014       0x18 ../build/x64_Debug/TEST_autogenerated.o
 .xdata         0x000000006e30e02c       0x58 ../build/x64_Debug/TEST_op_Add.o
 .xdata         0x000000006e30e084       0x58 ../build/x64_Debug/TEST_op_BitwiseAnd.o
 .xdata         0x000000006e30e0dc       0x58 ../build/x64_Debug/TEST_op_BitwiseOr.o
 .xdata         0x000000006e30e134       0x18 ../build/x64_Debug/TEST_op_Clone.o
 .xdata         0x000000006e30e14c       0x50 ../build/x64_Debug/TEST_op_Compare.o
 .xdata         0x000000006e30e19c       0x58 ../build/x64_Debug/TEST_op_DivRem.o
 .xdata         0x000000006e30e1f4       0x50 ../build/x64_Debug/TEST_op_Equals.o
 .xdata         0x000000006e30e244       0x58 ../build/x64_Debug/TEST_op_ExclusiveOr.o
 .xdata         0x000000006e30e29c       0x48 ../build/x64_Debug/TEST_op_From_To.o
 .xdata         0x000000006e30e2e4       0x58 ../build/x64_Debug/TEST_op_GreatestCommonDivisor.o
 .xdata         0x000000006e30e33c       0x18 ../build/x64_Debug/TEST_op_ModPow.o
 .xdata         0x000000006e30e354       0x58 ../build/x64_Debug/TEST_op_Multiply.o
 .xdata         0x000000006e30e3ac       0x28 ../build/x64_Debug/TEST_op_ParseDN.o
 .xdata         0x000000006e30e3d4       0x18 ../build/x64_Debug/TEST_op_ParseX.o
 .xdata         0x000000006e30e3ec       0x18 ../build/x64_Debug/TEST_op_Pow.o
 .xdata         0x000000006e30e404       0x58 ../build/x64_Debug/TEST_op_Remainder.o
 .xdata         0x000000006e30e45c       0x28 ../build/x64_Debug/TEST_op_Shift.o
 .xdata         0x000000006e30e484       0x58 ../build/x64_Debug/TEST_op_Subtruct.o
 .xdata         0x000000006e30e4dc       0x10 ../build/x64_Debug/TEST_op_ToStringD.o
 .xdata         0x000000006e30e4ec       0x10 ../build/x64_Debug/TEST_op_ToStringN.o
 .xdata         0x000000006e30e4fc       0x10 ../build/x64_Debug/TEST_op_ToStringX.o

.bss            0x000000006e30f000    0x176c0
                0x000000006e30f000                __bss_start__ = .
 *(.bss)
 .bss           0x000000006e30f000        0x0 ../build/x64_Debug/cpuid.o
 .bss           0x000000006e30f000      0x420 ../build/x64_Debug/debug.o
                0x000000006e30f000                test_total_count
                0x000000006e30f004                test_ok_count
                0x000000006e30f008                __DEBUG_LOG
 .bss           0x000000006e30f420        0x0 ../build/x64_Debug/dllmain.o
 .bss           0x000000006e30f420        0x0 ../build/x64_Debug/INTERNALTEST_op_DivRem.o
 .bss           0x000000006e30f420        0x0 ../build/x64_Debug/INTERNALTEST_op_Multiply.o
 .bss           0x000000006e30f420       0x10 ../build/x64_Debug/pmc_add.o
 .bss           0x000000006e30f430        0x0 ../build/x64_Debug/pmc_bitwiseand.o
 .bss           0x000000006e30f430        0x0 ../build/x64_Debug/pmc_bitwiseor.o
 .bss           0x000000006e30f430        0x0 ../build/x64_Debug/pmc_bytes.o
 .bss           0x000000006e30f430        0x0 ../build/x64_Debug/pmc_clone.o
 .bss           0x000000006e30f430        0x0 ../build/x64_Debug/pmc_compare.o
 .bss           0x000000006e30f430       0x10 ../build/x64_Debug/pmc_divrem.o
 .bss           0x000000006e30f440        0x0 ../build/x64_Debug/pmc_equals.o
 .bss           0x000000006e30f440        0x0 ../build/x64_Debug/pmc_exclusiveor.o
 .bss           0x000000006e30f440        0x0 ../build/x64_Debug/pmc_from.o
 .bss           0x000000006e30f440        0x0 ../build/x64_Debug/pmc_greatestcommondivisor.o
 .bss           0x000000006e30f440      0x240 ../build/x64_Debug/pmc_initialize.o
 .bss           0x000000006e30f680        0x0 ../build/x64_Debug/pmc_memory.o
 .bss           0x000000006e30f680        0x0 ../build/x64_Debug/pmc_modpow.o
 .bss           0x000000006e30f680       0x20 ../build/x64_Debug/pmc_multiply.o
 .bss           0x000000006e30f6a0       0x40 ../build/x64_Debug/pmc_parse.o
 .bss           0x000000006e30f6e0        0x0 ../build/x64_Debug/pmc_pow.o
 .bss           0x000000006e30f6e0        0x0 ../build/x64_Debug/pmc_shift.o
 .bss           0x000000006e30f6e0        0x0 ../build/x64_Debug/pmc_statistics.o
 .bss           0x000000006e30f6e0        0x0 ../build/x64_Debug/pmc_subtruct.o
 .bss           0x000000006e30f6e0        0x0 ../build/x64_Debug/pmc_to.o
 .bss           0x000000006e30f6e0       0x40 ../build/x64_Debug/pmc_tostring.o
 .bss           0x000000006e30f720      0xb60 ../build/x64_Debug/TEST_autogenerated.o
 .bss           0x000000006e310280        0x0 ../build/x64_Debug/TEST_op_Add.o
 .bss           0x000000006e310280        0x0 ../build/x64_Debug/TEST_op_BitwiseAnd.o
 .bss           0x000000006e310280        0x0 ../build/x64_Debug/TEST_op_BitwiseOr.o
 .bss           0x000000006e310280        0x0 ../build/x64_Debug/TEST_op_Clone.o
 .bss           0x000000006e310280        0x0 ../build/x64_Debug/TEST_op_Compare.o
 .bss           0x000000006e310280        0x0 ../build/x64_Debug/TEST_op_DivRem.o
 .bss           0x000000006e310280        0x0 ../build/x64_Debug/TEST_op_Equals.o
 .bss           0x000000006e310280        0x0 ../build/x64_Debug/TEST_op_ExclusiveOr.o
 .bss           0x000000006e310280        0x0 ../build/x64_Debug/TEST_op_From_To.o
 .bss           0x000000006e310280        0x0 ../build/x64_Debug/TEST_op_GreatestCommonDivisor.o
 .bss           0x000000006e310280        0x0 ../build/x64_Debug/TEST_op_ModPow.o
 .bss           0x000000006e310280        0x0 ../build/x64_Debug/TEST_op_Multiply.o
 .bss           0x000000006e310280      0x240 ../build/x64_Debug/TEST_op_ParseDN.o
 .bss           0x000000006e3104c0      0x120 ../build/x64_Debug/TEST_op_ParseX.o
 .bss           0x000000006e3105e0    0x10000 ../build/x64_Debug/TEST_op_Pow.o
 .bss           0x000000006e3205e0        0x0 ../build/x64_Debug/TEST_op_Remainder.o
 .bss           0x000000006e3205e0        0x0 ../build/x64_Debug/TEST_op_Shift.o
 .bss           0x000000006e3205e0        0x0 ../build/x64_Debug/TEST_op_Subtruct.o
 .bss           0x000000006e3205e0     0x2000 ../build/x64_Debug/TEST_op_ToStringD.o
 .bss           0x000000006e3225e0     0x2000 ../build/x64_Debug/TEST_op_ToStringN.o
 .bss           0x000000006e3245e0     0x2000 ../build/x64_Debug/TEST_op_ToStringX.o
 .bss           0x000000006e3265e0        0x0 C:/GNU/MINGW64/x86_64-8.1.0-win32-seh-rt_v6-rev0/mingw64/bin/../lib/gcc/x86_64-w64-mingw32/8.1.0/../../../../x86_64-w64-mingw32/lib/../lib/libkernel32.a(dqifs01555.o)
 .bss           0x000000006e3265e0        0x0 C:/GNU/MINGW64/x86_64-8.1.0-win32-seh-rt_v6-rev0/mingw64/bin/../lib/gcc/x86_64-w64-mingw32/8.1.0/../../../../x86_64-w64-mingw32/lib/../lib/libkernel32.a(dqifs01549.o)
 .bss           0x000000006e3265e0        0x0 C:/GNU/MINGW64/x86_64-8.1.0-win32-seh-rt_v6-rev0/mingw64/bin/../lib/gcc/x86_64-w64-mingw32/8.1.0/../../../../x86_64-w64-mingw32/lib/../lib/libkernel32.a(dqifs01548.o)
 .bss           0x000000006e3265e0        0x0 C:/GNU/MINGW64/x86_64-8.1.0-win32-seh-rt_v6-rev0/mingw64/bin/../lib/gcc/x86_64-w64-mingw32/8.1.0/../../../../x86_64-w64-mingw32/lib/../lib/libkernel32.a(dqifs01543.o)
 .bss           0x000000006e3265e0        0x0 C:/GNU/MINGW64/x86_64-8.1.0-win32-seh-rt_v6-rev0/mingw64/bin/../lib/gcc/x86_64-w64-mingw32/8.1.0/../../../../x86_64-w64-mingw32/lib/../lib/libkernel32.a(dqifs00841.o)
 .bss           0x000000006e3265e0        0x0 C:/GNU/MINGW64/x86_64-8.1.0-win32-seh-rt_v6-rev0/mingw64/bin/../lib/gcc/x86_64-w64-mingw32/8.1.0/../../../../x86_64-w64-mingw32/lib/../lib/libkernel32.a(dqifs00839.o)
 .bss           0x000000006e3265e0        0x0 C:/GNU/MINGW64/x86_64-8.1.0-win32-seh-rt_v6-rev0/mingw64/bin/../lib/gcc/x86_64-w64-mingw32/8.1.0/../../../../x86_64-w64-mingw32/lib/../lib/libkernel32.a(dqifs00837.o)
 .bss           0x000000006e3265e0        0x0 C:/GNU/MINGW64/x86_64-8.1.0-win32-seh-rt_v6-rev0/mingw64/bin/../lib/gcc/x86_64-w64-mingw32/8.1.0/../../../../x86_64-w64-mingw32/lib/../lib/libkernel32.a(dqifs00835.o)
 .bss           0x000000006e3265e0        0x0 C:/GNU/MINGW64/x86_64-8.1.0-win32-seh-rt_v6-rev0/mingw64/bin/../lib/gcc/x86_64-w64-mingw32/8.1.0/../../../../x86_64-w64-mingw32/lib/../lib/libkernel32.a(dqifs00774.o)
 .bss           0x000000006e3265e0        0x0 C:/GNU/MINGW64/x86_64-8.1.0-win32-seh-rt_v6-rev0/mingw64/bin/../lib/gcc/x86_64-w64-mingw32/8.1.0/../../../../x86_64-w64-mingw32/lib/../lib/libkernel32.a(dqifh.o)
 .bss           0x000000006e3265e0        0x0 C:/GNU/MINGW64/x86_64-8.1.0-win32-seh-rt_v6-rev0/mingw64/bin/../lib/gcc/x86_64-w64-mingw32/8.1.0/../../../../x86_64-w64-mingw32/lib/../lib/libkernel32.a(dqift.o)
 .bss           0x000000006e3265e0        0x0 C:/GNU/MINGW64/x86_64-8.1.0-win32-seh-rt_v6-rev0/mingw64/bin/../lib/gcc/x86_64-w64-mingw32/8.1.0/../../../../x86_64-w64-mingw32/lib/../lib/libuser32.a(dyqes00958.o)
 .bss           0x000000006e3265e0        0x0 C:/GNU/MINGW64/x86_64-8.1.0-win32-seh-rt_v6-rev0/mingw64/bin/../lib/gcc/x86_64-w64-mingw32/8.1.0/../../../../x86_64-w64-mingw32/lib/../lib/libuser32.a(dyqeh.o)
 .bss           0x000000006e3265e0        0x0 C:/GNU/MINGW64/x86_64-8.1.0-win32-seh-rt_v6-rev0/mingw64/bin/../lib/gcc/x86_64-w64-mingw32/8.1.0/../../../../x86_64-w64-mingw32/lib/../lib/libuser32.a(dyqet.o)
 *(COMMON)
 COMMON         0x000000006e3265e0        0x4 ../build/x64_Debug/pmc_initialize.o
                0x000000006e3265e0                configuration_info
 *fill*         0x000000006e3265e4       0x1c 
 COMMON         0x000000006e326600       0xb0 ../build/x64_Debug/pmc_memory.o
                0x000000006e326600                number_one
                0x000000006e326660                number_zero
                0x000000006e3266a8                hLocalHeap
 COMMON         0x000000006e3266b0       0x10 ../build/x64_Debug/pmc_statistics.o
                0x000000006e3266b0                statistics_info
                0x000000006e3266c0                __bss_end__ = .

.edata          0x000000006e327000      0x200
 *(.edata)
 .edata         0x000000006e327000       0x74 dll stuff

/DISCARD/
 *(.debug$S)
 *(.debug$T)
 *(.debug$F)
 *(.drectve)
 *(.note.GNU-stack)
 *(.gnu.lto_*)

.idata          0x000000006e328000      0x200
 SORT_BY_NAME(*)(.idata$2)
 .idata$2       0x000000006e328000       0x14 C:/GNU/MINGW64/x86_64-8.1.0-win32-seh-rt_v6-rev0/mingw64/bin/../lib/gcc/x86_64-w64-mingw32/8.1.0/../../../../x86_64-w64-mingw32/lib/../lib/libkernel32.a(dqifh.o)
                0x000000006e328000                _head_lib64_libkernel32_a
 .idata$2       0x000000006e328014       0x14 C:/GNU/MINGW64/x86_64-8.1.0-win32-seh-rt_v6-rev0/mingw64/bin/../lib/gcc/x86_64-w64-mingw32/8.1.0/../../../../x86_64-w64-mingw32/lib/../lib/libuser32.a(dyqeh.o)
                0x000000006e328014                _head_lib64_libuser32_a
 SORT_BY_NAME(*)(.idata$3)
                0x000000006e328028        0x4 LONG 0x0
                0x000000006e32802c        0x4 LONG 0x0
                0x000000006e328030        0x4 LONG 0x0
                0x000000006e328034        0x4 LONG 0x0
                0x000000006e328038        0x4 LONG 0x0
 SORT_BY_NAME(*)(.idata$4)
 .idata$4       0x000000006e32803c        0x0 C:/GNU/MINGW64/x86_64-8.1.0-win32-seh-rt_v6-rev0/mingw64/bin/../lib/gcc/x86_64-w64-mingw32/8.1.0/../../../../x86_64-w64-mingw32/lib/../lib/libkernel32.a(dqifh.o)
 .idata$4       0x000000006e32803c        0x8 C:/GNU/MINGW64/x86_64-8.1.0-win32-seh-rt_v6-rev0/mingw64/bin/../lib/gcc/x86_64-w64-mingw32/8.1.0/../../../../x86_64-w64-mingw32/lib/../lib/libkernel32.a(dqifs00774.o)
 .idata$4       0x000000006e328044        0x8 C:/GNU/MINGW64/x86_64-8.1.0-win32-seh-rt_v6-rev0/mingw64/bin/../lib/gcc/x86_64-w64-mingw32/8.1.0/../../../../x86_64-w64-mingw32/lib/../lib/libkernel32.a(dqifs00835.o)
 .idata$4       0x000000006e32804c        0x8 C:/GNU/MINGW64/x86_64-8.1.0-win32-seh-rt_v6-rev0/mingw64/bin/../lib/gcc/x86_64-w64-mingw32/8.1.0/../../../../x86_64-w64-mingw32/lib/../lib/libkernel32.a(dqifs00837.o)
 .idata$4       0x000000006e328054        0x8 C:/GNU/MINGW64/x86_64-8.1.0-win32-seh-rt_v6-rev0/mingw64/bin/../lib/gcc/x86_64-w64-mingw32/8.1.0/../../../../x86_64-w64-mingw32/lib/../lib/libkernel32.a(dqifs00839.o)
 .idata$4       0x000000006e32805c        0x8 C:/GNU/MINGW64/x86_64-8.1.0-win32-seh-rt_v6-rev0/mingw64/bin/../lib/gcc/x86_64-w64-mingw32/8.1.0/../../../../x86_64-w64-mingw32/lib/../lib/libkernel32.a(dqifs00841.o)
 .idata$4       0x000000006e328064        0x8 C:/GNU/MINGW64/x86_64-8.1.0-win32-seh-rt_v6-rev0/mingw64/bin/../lib/gcc/x86_64-w64-mingw32/8.1.0/../../../../x86_64-w64-mingw32/lib/../lib/libkernel32.a(dqifs01543.o)
 .idata$4       0x000000006e32806c        0x8 C:/GNU/MINGW64/x86_64-8.1.0-win32-seh-rt_v6-rev0/mingw64/bin/../lib/gcc/x86_64-w64-mingw32/8.1.0/../../../../x86_64-w64-mingw32/lib/../lib/libkernel32.a(dqifs01548.o)
 .idata$4       0x000000006e328074        0x8 C:/GNU/MINGW64/x86_64-8.1.0-win32-seh-rt_v6-rev0/mingw64/bin/../lib/gcc/x86_64-w64-mingw32/8.1.0/../../../../x86_64-w64-mingw32/lib/../lib/libkernel32.a(dqifs01549.o)
 .idata$4       0x000000006e32807c        0x8 C:/GNU/MINGW64/x86_64-8.1.0-win32-seh-rt_v6-rev0/mingw64/bin/../lib/gcc/x86_64-w64-mingw32/8.1.0/../../../../x86_64-w64-mingw32/lib/../lib/libkernel32.a(dqifs01555.o)
 .idata$4       0x000000006e328084        0x8 C:/GNU/MINGW64/x86_64-8.1.0-win32-seh-rt_v6-rev0/mingw64/bin/../lib/gcc/x86_64-w64-mingw32/8.1.0/../../../../x86_64-w64-mingw32/lib/../lib/libkernel32.a(dqift.o)
 .idata$4       0x000000006e32808c        0x0 C:/GNU/MINGW64/x86_64-8.1.0-win32-seh-rt_v6-rev0/mingw64/bin/../lib/gcc/x86_64-w64-mingw32/8.1.0/../../../../x86_64-w64-mingw32/lib/../lib/libuser32.a(dyqeh.o)
 .idata$4       0x000000006e32808c        0x8 C:/GNU/MINGW64/x86_64-8.1.0-win32-seh-rt_v6-rev0/mingw64/bin/../lib/gcc/x86_64-w64-mingw32/8.1.0/../../../../x86_64-w64-mingw32/lib/../lib/libuser32.a(dyqes00958.o)
 .idata$4       0x000000006e328094        0x8 C:/GNU/MINGW64/x86_64-8.1.0-win32-seh-rt_v6-rev0/mingw64/bin/../lib/gcc/x86_64-w64-mingw32/8.1.0/../../../../x86_64-w64-mingw32/lib/../lib/libuser32.a(dyqet.o)
                0x000000006e32809c                __IAT_start__ = .
 SORT_BY_NAME(*)(.idata$5)
 .idata$5       0x000000006e32809c        0x0 C:/GNU/MINGW64/x86_64-8.1.0-win32-seh-rt_v6-rev0/mingw64/bin/../lib/gcc/x86_64-w64-mingw32/8.1.0/../../../../x86_64-w64-mingw32/lib/../lib/libkernel32.a(dqifh.o)
 .idata$5       0x000000006e32809c        0x8 C:/GNU/MINGW64/x86_64-8.1.0-win32-seh-rt_v6-rev0/mingw64/bin/../lib/gcc/x86_64-w64-mingw32/8.1.0/../../../../x86_64-w64-mingw32/lib/../lib/libkernel32.a(dqifs00774.o)
                0x000000006e32809c                __imp_GetTickCount
 .idata$5       0x000000006e3280a4        0x8 C:/GNU/MINGW64/x86_64-8.1.0-win32-seh-rt_v6-rev0/mingw64/bin/../lib/gcc/x86_64-w64-mingw32/8.1.0/../../../../x86_64-w64-mingw32/lib/../lib/libkernel32.a(dqifs00835.o)
                0x000000006e3280a4                __imp_HeapAlloc
 .idata$5       0x000000006e3280ac        0x8 C:/GNU/MINGW64/x86_64-8.1.0-win32-seh-rt_v6-rev0/mingw64/bin/../lib/gcc/x86_64-w64-mingw32/8.1.0/../../../../x86_64-w64-mingw32/lib/../lib/libkernel32.a(dqifs00837.o)
                0x000000006e3280ac                __imp_HeapCreate
 .idata$5       0x000000006e3280b4        0x8 C:/GNU/MINGW64/x86_64-8.1.0-win32-seh-rt_v6-rev0/mingw64/bin/../lib/gcc/x86_64-w64-mingw32/8.1.0/../../../../x86_64-w64-mingw32/lib/../lib/libkernel32.a(dqifs00839.o)
                0x000000006e3280b4                __imp_HeapDestroy
 .idata$5       0x000000006e3280bc        0x8 C:/GNU/MINGW64/x86_64-8.1.0-win32-seh-rt_v6-rev0/mingw64/bin/../lib/gcc/x86_64-w64-mingw32/8.1.0/../../../../x86_64-w64-mingw32/lib/../lib/libkernel32.a(dqifs00841.o)
                0x000000006e3280bc                __imp_HeapFree
 .idata$5       0x000000006e3280c4        0x8 C:/GNU/MINGW64/x86_64-8.1.0-win32-seh-rt_v6-rev0/mingw64/bin/../lib/gcc/x86_64-w64-mingw32/8.1.0/../../../../x86_64-w64-mingw32/lib/../lib/libkernel32.a(dqifs01543.o)
                0x000000006e3280c4                __imp_lstrcmpW
 .idata$5       0x000000006e3280cc        0x8 C:/GNU/MINGW64/x86_64-8.1.0-win32-seh-rt_v6-rev0/mingw64/bin/../lib/gcc/x86_64-w64-mingw32/8.1.0/../../../../x86_64-w64-mingw32/lib/../lib/libkernel32.a(dqifs01548.o)
                0x000000006e3280cc                __imp_lstrcpyA
 .idata$5       0x000000006e3280d4        0x8 C:/GNU/MINGW64/x86_64-8.1.0-win32-seh-rt_v6-rev0/mingw64/bin/../lib/gcc/x86_64-w64-mingw32/8.1.0/../../../../x86_64-w64-mingw32/lib/../lib/libkernel32.a(dqifs01549.o)
                0x000000006e3280d4                __imp_lstrcpyW
 .idata$5       0x000000006e3280dc        0x8 C:/GNU/MINGW64/x86_64-8.1.0-win32-seh-rt_v6-rev0/mingw64/bin/../lib/gcc/x86_64-w64-mingw32/8.1.0/../../../../x86_64-w64-mingw32/lib/../lib/libkernel32.a(dqifs01555.o)
                0x000000006e3280dc                __imp_lstrlenW
 .idata$5       0x000000006e3280e4        0x8 C:/GNU/MINGW64/x86_64-8.1.0-win32-seh-rt_v6-rev0/mingw64/bin/../lib/gcc/x86_64-w64-mingw32/8.1.0/../../../../x86_64-w64-mingw32/lib/../lib/libkernel32.a(dqift.o)
 .idata$5       0x000000006e3280ec        0x0 C:/GNU/MINGW64/x86_64-8.1.0-win32-seh-rt_v6-rev0/mingw64/bin/../lib/gcc/x86_64-w64-mingw32/8.1.0/../../../../x86_64-w64-mingw32/lib/../lib/libuser32.a(dyqeh.o)
 .idata$5       0x000000006e3280ec        0x8 C:/GNU/MINGW64/x86_64-8.1.0-win32-seh-rt_v6-rev0/mingw64/bin/../lib/gcc/x86_64-w64-mingw32/8.1.0/../../../../x86_64-w64-mingw32/lib/../lib/libuser32.a(dyqes00958.o)
                0x000000006e3280ec                __imp_wsprintfW
 .idata$5       0x000000006e3280f4        0x8 C:/GNU/MINGW64/x86_64-8.1.0-win32-seh-rt_v6-rev0/mingw64/bin/../lib/gcc/x86_64-w64-mingw32/8.1.0/../../../../x86_64-w64-mingw32/lib/../lib/libuser32.a(dyqet.o)
                0x000000006e3280fc                __IAT_end__ = .
 SORT_BY_NAME(*)(.idata$6)
 .idata$6       0x000000006e3280fc       0x10 C:/GNU/MINGW64/x86_64-8.1.0-win32-seh-rt_v6-rev0/mingw64/bin/../lib/gcc/x86_64-w64-mingw32/8.1.0/../../../../x86_64-w64-mingw32/lib/../lib/libkernel32.a(dqifs00774.o)
 .idata$6       0x000000006e32810c        0xc C:/GNU/MINGW64/x86_64-8.1.0-win32-seh-rt_v6-rev0/mingw64/bin/../lib/gcc/x86_64-w64-mingw32/8.1.0/../../../../x86_64-w64-mingw32/lib/../lib/libkernel32.a(dqifs00835.o)
 .idata$6       0x000000006e328118        0xe C:/GNU/MINGW64/x86_64-8.1.0-win32-seh-rt_v6-rev0/mingw64/bin/../lib/gcc/x86_64-w64-mingw32/8.1.0/../../../../x86_64-w64-mingw32/lib/../lib/libkernel32.a(dqifs00837.o)
 .idata$6       0x000000006e328126        0xe C:/GNU/MINGW64/x86_64-8.1.0-win32-seh-rt_v6-rev0/mingw64/bin/../lib/gcc/x86_64-w64-mingw32/8.1.0/../../../../x86_64-w64-mingw32/lib/../lib/libkernel32.a(dqifs00839.o)
 .idata$6       0x000000006e328134        0xc C:/GNU/MINGW64/x86_64-8.1.0-win32-seh-rt_v6-rev0/mingw64/bin/../lib/gcc/x86_64-w64-mingw32/8.1.0/../../../../x86_64-w64-mingw32/lib/../lib/libkernel32.a(dqifs00841.o)
 .idata$6       0x000000006e328140        0xc C:/GNU/MINGW64/x86_64-8.1.0-win32-seh-rt_v6-rev0/mingw64/bin/../lib/gcc/x86_64-w64-mingw32/8.1.0/../../../../x86_64-w64-mingw32/lib/../lib/libkernel32.a(dqifs01543.o)
 .idata$6       0x000000006e32814c        0xc C:/GNU/MINGW64/x86_64-8.1.0-win32-seh-rt_v6-rev0/mingw64/bin/../lib/gcc/x86_64-w64-mingw32/8.1.0/../../../../x86_64-w64-mingw32/lib/../lib/libkernel32.a(dqifs01548.o)
 .idata$6       0x000000006e328158        0xc C:/GNU/MINGW64/x86_64-8.1.0-win32-seh-rt_v6-rev0/mingw64/bin/../lib/gcc/x86_64-w64-mingw32/8.1.0/../../../../x86_64-w64-mingw32/lib/../lib/libkernel32.a(dqifs01549.o)
 .idata$6       0x000000006e328164        0xc C:/GNU/MINGW64/x86_64-8.1.0-win32-seh-rt_v6-rev0/mingw64/bin/../lib/gcc/x86_64-w64-mingw32/8.1.0/../../../../x86_64-w64-mingw32/lib/../lib/libkernel32.a(dqifs01555.o)
 .idata$6       0x000000006e328170        0xc C:/GNU/MINGW64/x86_64-8.1.0-win32-seh-rt_v6-rev0/mingw64/bin/../lib/gcc/x86_64-w64-mingw32/8.1.0/../../../../x86_64-w64-mingw32/lib/../lib/libuser32.a(dyqes00958.o)
 SORT_BY_NAME(*)(.idata$7)
 .idata$7       0x000000006e32817c        0x4 C:/GNU/MINGW64/x86_64-8.1.0-win32-seh-rt_v6-rev0/mingw64/bin/../lib/gcc/x86_64-w64-mingw32/8.1.0/../../../../x86_64-w64-mingw32/lib/../lib/libkernel32.a(dqifs00774.o)
 .idata$7       0x000000006e328180        0x4 C:/GNU/MINGW64/x86_64-8.1.0-win32-seh-rt_v6-rev0/mingw64/bin/../lib/gcc/x86_64-w64-mingw32/8.1.0/../../../../x86_64-w64-mingw32/lib/../lib/libkernel32.a(dqifs00835.o)
 .idata$7       0x000000006e328184        0x4 C:/GNU/MINGW64/x86_64-8.1.0-win32-seh-rt_v6-rev0/mingw64/bin/../lib/gcc/x86_64-w64-mingw32/8.1.0/../../../../x86_64-w64-mingw32/lib/../lib/libkernel32.a(dqifs00837.o)
 .idata$7       0x000000006e328188        0x4 C:/GNU/MINGW64/x86_64-8.1.0-win32-seh-rt_v6-rev0/mingw64/bin/../lib/gcc/x86_64-w64-mingw32/8.1.0/../../../../x86_64-w64-mingw32/lib/../lib/libkernel32.a(dqifs00839.o)
 .idata$7       0x000000006e32818c        0x4 C:/GNU/MINGW64/x86_64-8.1.0-win32-seh-rt_v6-rev0/mingw64/bin/../lib/gcc/x86_64-w64-mingw32/8.1.0/../../../../x86_64-w64-mingw32/lib/../lib/libkernel32.a(dqifs00841.o)
 .idata$7       0x000000006e328190        0x4 C:/GNU/MINGW64/x86_64-8.1.0-win32-seh-rt_v6-rev0/mingw64/bin/../lib/gcc/x86_64-w64-mingw32/8.1.0/../../../../x86_64-w64-mingw32/lib/../lib/libkernel32.a(dqifs01543.o)
 .idata$7       0x000000006e328194        0x4 C:/GNU/MINGW64/x86_64-8.1.0-win32-seh-rt_v6-rev0/mingw64/bin/../lib/gcc/x86_64-w64-mingw32/8.1.0/../../../../x86_64-w64-mingw32/lib/../lib/libkernel32.a(dqifs01548.o)
 .idata$7       0x000000006e328198        0x4 C:/GNU/MINGW64/x86_64-8.1.0-win32-seh-rt_v6-rev0/mingw64/bin/../lib/gcc/x86_64-w64-mingw32/8.1.0/../../../../x86_64-w64-mingw32/lib/../lib/libkernel32.a(dqifs01549.o)
 .idata$7       0x000000006e32819c        0x4 C:/GNU/MINGW64/x86_64-8.1.0-win32-seh-rt_v6-rev0/mingw64/bin/../lib/gcc/x86_64-w64-mingw32/8.1.0/../../../../x86_64-w64-mingw32/lib/../lib/libkernel32.a(dqifs01555.o)
 .idata$7       0x000000006e3281a0       0x10 C:/GNU/MINGW64/x86_64-8.1.0-win32-seh-rt_v6-rev0/mingw64/bin/../lib/gcc/x86_64-w64-mingw32/8.1.0/../../../../x86_64-w64-mingw32/lib/../lib/libkernel32.a(dqift.o)
                0x000000006e3281a0                __lib64_libkernel32_a_iname
 .idata$7       0x000000006e3281b0        0x4 C:/GNU/MINGW64/x86_64-8.1.0-win32-seh-rt_v6-rev0/mingw64/bin/../lib/gcc/x86_64-w64-mingw32/8.1.0/../../../../x86_64-w64-mingw32/lib/../lib/libuser32.a(dyqes00958.o)
 .idata$7       0x000000006e3281b4        0xc C:/GNU/MINGW64/x86_64-8.1.0-win32-seh-rt_v6-rev0/mingw64/bin/../lib/gcc/x86_64-w64-mingw32/8.1.0/../../../../x86_64-w64-mingw32/lib/../lib/libuser32.a(dyqet.o)
                0x000000006e3281b4                __lib64_libuser32_a_iname

.CRT            0x000000006e329000        0x0
                0x000000006e329000                ___crt_xc_start__ = .
 *(SORT_BY_NAME(.CRT$XC*))
                0x000000006e329000                ___crt_xc_end__ = .
                0x000000006e329000                ___crt_xi_start__ = .
 *(SORT_BY_NAME(.CRT$XI*))
                0x000000006e329000                ___crt_xi_end__ = .
                0x000000006e329000                ___crt_xl_start__ = .
 *(SORT_BY_NAME(.CRT$XL*))
                0x000000006e329000                ___crt_xp_start__ = .
 *(SORT_BY_NAME(.CRT$XP*))
                0x000000006e329000                ___crt_xp_end__ = .
                0x000000006e329000                ___crt_xt_start__ = .
 *(SORT_BY_NAME(.CRT$XT*))
                0x000000006e329000                ___crt_xt_end__ = .

.tls            0x000000006e329000        0x0
                0x000000006e329000                ___tls_start__ = .
 *(.tls$AAA)
 *(.tls)
 *(.tls$)
 *(SORT_BY_NAME(.tls$*))
 *(.tls$ZZZ)
                0x000000006e329000                ___tls_end__ = .

.endjunk        0x000000006e329000        0x0
                [!provide]                        PROVIDE (end = .)
                [!provide]                        PROVIDE (_end = .)
                0x000000006e329000                __end__ = .

.rsrc           0x000000006e329000      0x400
 *(.rsrc)
 .rsrc          0x000000006e329000      0x378 ../build/x64_Debug/version.o
 *(.rsrc$*)

.reloc          0x000000006e32a000      0x200
 *(.reloc)
 .reloc         0x000000006e32a000       0x98 dll stuff

.stab
 *(.stab)

.stabstr
 *(.stabstr)

.debug_aranges  0x000000006e32b000      0xa00
 *(.debug_aranges)
 .debug_aranges
                0x000000006e32b000       0x30 ../build/x64_Debug/cpuid.o
 .debug_aranges
                0x000000006e32b030       0x30 ../build/x64_Debug/debug.o
 .debug_aranges
                0x000000006e32b060       0x30 ../build/x64_Debug/dllmain.o
 .debug_aranges
                0x000000006e32b090       0x30 ../build/x64_Debug/INTERNALTEST_op_DivRem.o
 .debug_aranges
                0x000000006e32b0c0       0x30 ../build/x64_Debug/INTERNALTEST_op_Multiply.o
 .debug_aranges
                0x000000006e32b0f0       0x30 ../build/x64_Debug/pmc_add.o
 .debug_aranges
                0x000000006e32b120       0x30 ../build/x64_Debug/pmc_bitwiseand.o
 .debug_aranges
                0x000000006e32b150       0x30 ../build/x64_Debug/pmc_bitwiseor.o
 .debug_aranges
                0x000000006e32b180       0x30 ../build/x64_Debug/pmc_bytes.o
 .debug_aranges
                0x000000006e32b1b0       0x30 ../build/x64_Debug/pmc_clone.o
 .debug_aranges
                0x000000006e32b1e0       0x30 ../build/x64_Debug/pmc_compare.o
 .debug_aranges
                0x000000006e32b210       0x30 ../build/x64_Debug/pmc_divrem.o
 .debug_aranges
                0x000000006e32b240       0x30 ../build/x64_Debug/pmc_equals.o
 .debug_aranges
                0x000000006e32b270       0x30 ../build/x64_Debug/pmc_exclusiveor.o
 .debug_aranges
                0x000000006e32b2a0       0x30 ../build/x64_Debug/pmc_from.o
 .debug_aranges
                0x000000006e32b2d0       0x30 ../build/x64_Debug/pmc_greatestcommondivisor.o
 .debug_aranges
                0x000000006e32b300       0x30 ../build/x64_Debug/pmc_initialize.o
 .debug_aranges
                0x000000006e32b330       0x30 ../build/x64_Debug/pmc_memory.o
 .debug_aranges
                0x000000006e32b360       0x30 ../build/x64_Debug/pmc_modpow.o
 .debug_aranges
                0x000000006e32b390       0x30 ../build/x64_Debug/pmc_multiply.o
 .debug_aranges
                0x000000006e32b3c0       0x30 ../build/x64_Debug/pmc_parse.o
 .debug_aranges
                0x000000006e32b3f0       0x30 ../build/x64_Debug/pmc_pow.o
 .debug_aranges
                0x000000006e32b420       0x30 ../build/x64_Debug/pmc_shift.o
 .debug_aranges
                0x000000006e32b450       0x30 ../build/x64_Debug/pmc_statistics.o
 .debug_aranges
                0x000000006e32b480       0x30 ../build/x64_Debug/pmc_subtruct.o
 .debug_aranges
                0x000000006e32b4b0       0x30 ../build/x64_Debug/pmc_to.o
 .debug_aranges
                0x000000006e32b4e0       0x30 ../build/x64_Debug/pmc_tostring.o
 .debug_aranges
                0x000000006e32b510       0x30 ../build/x64_Debug/TEST_autogenerated.o
 .debug_aranges
                0x000000006e32b540       0x30 ../build/x64_Debug/TEST_op_Add.o
 .debug_aranges
                0x000000006e32b570       0x30 ../build/x64_Debug/TEST_op_BitwiseAnd.o
 .debug_aranges
                0x000000006e32b5a0       0x30 ../build/x64_Debug/TEST_op_BitwiseOr.o
 .debug_aranges
                0x000000006e32b5d0       0x30 ../build/x64_Debug/TEST_op_Clone.o
 .debug_aranges
                0x000000006e32b600       0x30 ../build/x64_Debug/TEST_op_Compare.o
 .debug_aranges
                0x000000006e32b630       0x30 ../build/x64_Debug/TEST_op_DivRem.o
 .debug_aranges
                0x000000006e32b660       0x30 ../build/x64_Debug/TEST_op_Equals.o
 .debug_aranges
                0x000000006e32b690       0x30 ../build/x64_Debug/TEST_op_ExclusiveOr.o
 .debug_aranges
                0x000000006e32b6c0       0x30 ../build/x64_Debug/TEST_op_From_To.o
 .debug_aranges
                0x000000006e32b6f0       0x30 ../build/x64_Debug/TEST_op_GreatestCommonDivisor.o
 .debug_aranges
                0x000000006e32b720       0x30 ../build/x64_Debug/TEST_op_ModPow.o
 .debug_aranges
                0x000000006e32b750       0x30 ../build/x64_Debug/TEST_op_Multiply.o
 .debug_aranges
                0x000000006e32b780       0x30 ../build/x64_Debug/TEST_op_ParseDN.o
 .debug_aranges
                0x000000006e32b7b0       0x30 ../build/x64_Debug/TEST_op_ParseX.o
 .debug_aranges
                0x000000006e32b7e0       0x30 ../build/x64_Debug/TEST_op_Pow.o
 .debug_aranges
                0x000000006e32b810       0x30 ../build/x64_Debug/TEST_op_Remainder.o
 .debug_aranges
                0x000000006e32b840       0x30 ../build/x64_Debug/TEST_op_Shift.o
 .debug_aranges
                0x000000006e32b870       0x30 ../build/x64_Debug/TEST_op_Subtruct.o
 .debug_aranges
                0x000000006e32b8a0       0x30 ../build/x64_Debug/TEST_op_ToStringD.o
 .debug_aranges
                0x000000006e32b8d0       0x30 ../build/x64_Debug/TEST_op_ToStringN.o
 .debug_aranges
                0x000000006e32b900       0x30 ../build/x64_Debug/TEST_op_ToStringX.o

.zdebug_aranges
 *(.zdebug_aranges)

.debug_pubnames
 *(.debug_pubnames)

.zdebug_pubnames
 *(.zdebug_pubnames)

.debug_pubtypes
 *(.debug_pubtypes)

.zdebug_pubtypes
 *(.zdebug_pubtypes)

.debug_info     0x000000006e32c000   0x1d5a00
 *(.debug_info .gnu.linkonce.wi.*)
 .debug_info    0x000000006e32c000     0x511f ../build/x64_Debug/cpuid.o
 .debug_info    0x000000006e33111f     0x5f6e ../build/x64_Debug/debug.o
 .debug_info    0x000000006e33708d     0x4d73 ../build/x64_Debug/dllmain.o
 .debug_info    0x000000006e33be00     0x5eed ../build/x64_Debug/INTERNALTEST_op_DivRem.o
 .debug_info    0x000000006e341ced     0x5e3b ../build/x64_Debug/INTERNALTEST_op_Multiply.o
 .debug_info    0x000000006e347b28     0x6124 ../build/x64_Debug/pmc_add.o
 .debug_info    0x000000006e34dc4c     0x5357 ../build/x64_Debug/pmc_bitwiseand.o
 .debug_info    0x000000006e352fa3     0x56d5 ../build/x64_Debug/pmc_bitwiseor.o
 .debug_info    0x000000006e358678     0x5269 ../build/x64_Debug/pmc_bytes.o
 .debug_info    0x000000006e35d8e1     0x4f2e ../build/x64_Debug/pmc_clone.o
 .debug_info    0x000000006e36280f     0x53a4 ../build/x64_Debug/pmc_compare.o
 .debug_info    0x000000006e367bb3     0x77c0 ../build/x64_Debug/pmc_divrem.o
 .debug_info    0x000000006e36f373     0x534d ../build/x64_Debug/pmc_equals.o
 .debug_info    0x000000006e3746c0     0x5729 ../build/x64_Debug/pmc_exclusiveor.o
 .debug_info    0x000000006e379de9     0x512e ../build/x64_Debug/pmc_from.o
 .debug_info    0x000000006e37ef17     0x5a4f ../build/x64_Debug/pmc_greatestcommondivisor.o
 .debug_info    0x000000006e384966     0x5f10 ../build/x64_Debug/pmc_initialize.o
 .debug_info    0x000000006e38a876     0x5fca ../build/x64_Debug/pmc_memory.o
 .debug_info    0x000000006e390840     0x55f2 ../build/x64_Debug/pmc_modpow.o
 .debug_info    0x000000006e395e32     0x6305 ../build/x64_Debug/pmc_multiply.o
 .debug_info    0x000000006e39c137     0x69d5 ../build/x64_Debug/pmc_parse.o
 .debug_info    0x000000006e3a2b0c     0x53d0 ../build/x64_Debug/pmc_pow.o
 .debug_info    0x000000006e3a7edc     0x57c3 ../build/x64_Debug/pmc_shift.o
 .debug_info    0x000000006e3ad69f     0x4d17 ../build/x64_Debug/pmc_statistics.o
 .debug_info    0x000000006e3b23b6     0x5a6b ../build/x64_Debug/pmc_subtruct.o
 .debug_info    0x000000006e3b7e21     0x4fda ../build/x64_Debug/pmc_to.o
 .debug_info    0x000000006e3bcdfb     0x64af ../build/x64_Debug/pmc_tostring.o
 .debug_info    0x000000006e3c32aa    0xc4b1b ../build/x64_Debug/TEST_autogenerated.o
 .debug_info    0x000000006e487dc5     0x5e78 ../build/x64_Debug/TEST_op_Add.o
 .debug_info    0x000000006e48dc3d     0x5ddb ../build/x64_Debug/TEST_op_BitwiseAnd.o
 .debug_info    0x000000006e493a18     0x5e90 ../build/x64_Debug/TEST_op_BitwiseOr.o
 .debug_info    0x000000006e4998a8     0x5a50 ../build/x64_Debug/TEST_op_Clone.o
 .debug_info    0x000000006e49f2f8     0x5cdb ../build/x64_Debug/TEST_op_Compare.o
 .debug_info    0x000000006e4a4fd3     0x5f5b ../build/x64_Debug/TEST_op_DivRem.o
 .debug_info    0x000000006e4aaf2e     0x5cd5 ../build/x64_Debug/TEST_op_Equals.o
 .debug_info    0x000000006e4b0c03     0x5e9c ../build/x64_Debug/TEST_op_ExclusiveOr.o
 .debug_info    0x000000006e4b6a9f     0x5c58 ../build/x64_Debug/TEST_op_From_To.o
 .debug_info    0x000000006e4bc6f7     0x5f35 ../build/x64_Debug/TEST_op_GreatestCommonDivisor.o
 .debug_info    0x000000006e4c262c     0x5b0e ../build/x64_Debug/TEST_op_ModPow.o
 .debug_info    0x000000006e4c813a     0x5e96 ../build/x64_Debug/TEST_op_Multiply.o
 .debug_info    0x000000006e4cdfd0     0x5c42 ../build/x64_Debug/TEST_op_ParseDN.o
 .debug_info    0x000000006e4d3c12     0x5abb ../build/x64_Debug/TEST_op_ParseX.o
 .debug_info    0x000000006e4d96cd     0x5a82 ../build/x64_Debug/TEST_op_Pow.o
 .debug_info    0x000000006e4df14f     0x5e21 ../build/x64_Debug/TEST_op_Remainder.o
 .debug_info    0x000000006e4e4f70     0x5b35 ../build/x64_Debug/TEST_op_Shift.o
 .debug_info    0x000000006e4eaaa5     0x5e6c ../build/x64_Debug/TEST_op_Subtruct.o
 .debug_info    0x000000006e4f0911     0x5a3d ../build/x64_Debug/TEST_op_ToStringD.o
 .debug_info    0x000000006e4f634e     0x5aa6 ../build/x64_Debug/TEST_op_ToStringN.o
 .debug_info    0x000000006e4fbdf4     0x5a3d ../build/x64_Debug/TEST_op_ToStringX.o

.zdebug_info
 *(.zdebug_info .zdebug.gnu.linkonce.wi.*)

.debug_abbrev   0x000000006e502000     0x8000
 *(.debug_abbrev)
 .debug_abbrev  0x000000006e502000      0x222 ../build/x64_Debug/cpuid.o
 .debug_abbrev  0x000000006e502222      0x28c ../build/x64_Debug/debug.o
 .debug_abbrev  0x000000006e5024ae      0x195 ../build/x64_Debug/dllmain.o
 .debug_abbrev  0x000000006e502643      0x26c ../build/x64_Debug/INTERNALTEST_op_DivRem.o
 .debug_abbrev  0x000000006e5028af      0x26c ../build/x64_Debug/INTERNALTEST_op_Multiply.o
 .debug_abbrev  0x000000006e502b1b      0x368 ../build/x64_Debug/pmc_add.o
 .debug_abbrev  0x000000006e502e83      0x2ca ../build/x64_Debug/pmc_bitwiseand.o
 .debug_abbrev  0x000000006e50314d      0x374 ../build/x64_Debug/pmc_bitwiseor.o
 .debug_abbrev  0x000000006e5034c1      0x2ca ../build/x64_Debug/pmc_bytes.o
 .debug_abbrev  0x000000006e50378b      0x1ec ../build/x64_Debug/pmc_clone.o
 .debug_abbrev  0x000000006e503977      0x2e5 ../build/x64_Debug/pmc_compare.o
 .debug_abbrev  0x000000006e503c5c      0x46b ../build/x64_Debug/pmc_divrem.o
 .debug_abbrev  0x000000006e5040c7      0x2d1 ../build/x64_Debug/pmc_equals.o
 .debug_abbrev  0x000000006e504398      0x374 ../build/x64_Debug/pmc_exclusiveor.o
 .debug_abbrev  0x000000006e50470c      0x288 ../build/x64_Debug/pmc_from.o