Archive member included to satisfy reference by file (symbol)

C:/GNU/MINGW64/x86_64-8.1.0-win32-seh-rt_v6-rev0/mingw64/bin/../lib/gcc/x86_64-w64-mingw32/8.1.0/../../../../x86_64-w64-mingw32/lib/../lib/libkernel32.a(dqifs01555.o)
                              ../build/x64_Debug/pmc_parse.o (__imp_lstrlenW)
C:/GNU/MINGW64/x86_64-8.1.0-win32-seh-rt_v6-rev0/mingw64/bin/../lib/gcc/x86_64-w64-mingw32/8.1.0/../../../../x86_64-w64-mingw32/lib/../lib/libkernel32.a(dqifs01549.o)
                              ../build/x64_Debug/pmc_parse.o (__imp_lstrcpyW)
C:/GNU/MINGW64/x86_64-8.1.0-win32-seh-rt_v6-rev0/mingw64/bin/../lib/gcc/x86_64-w64-mingw32/8.1.0/../../../../x86_64-w64-mingw32/lib/../lib/libkernel32.a(dqifs01548.o)
                              ../build/x64_Debug/pmc_parse.o (__imp_lstrcpyA)
C:/GNU/MINGW64/x86_64-8.1.0-win32-seh-rt_v6-rev0/mingw64/bin/../lib/gcc/x86_64-w64-mingw32/8.1.0/../../../../x86_64-w64-mingw32/lib/../lib/libkernel32.a(dqifs01543.o)
                              ../build/x64_Debug/TEST_op_ToStringD.o (__imp_lstrcmpW)
C:/GNU/MINGW64/x86_64-8.1.0-win32-seh-rt_v6-rev0/mingw64/bin/../lib/gcc/x86_64-w64-mingw32/8.1.0/../../../../x86_64-w64-mingw32/lib/../lib/libkernel32.a(dqifs00841.o)
                              ../build/x64_Debug/pmc_memory.o (__imp_HeapFree)
C:/GNU/MINGW64/x86_64-8.1.0-win32-seh-rt_v6-rev0/mingw64/bin/../lib/gcc/x86_64-w64-mingw32/8.1.0/../../../../x86_64-w64-mingw32/lib/../lib/libkernel32.a(dqifs00839.o)
                              ../build/x64_Debug/pmc_memory.o (__imp_HeapDestroy)
C:/GNU/MINGW64/x86_64-8.1.0-win32-seh-rt_v6-rev0/mingw64/bin/../lib/gcc/x86_64-w64-mingw32/8.1.0/../../../../x86_64-w64-mingw32/lib/../lib/libkernel32.a(dqifs00837.o)
                              ../build/x64_Debug/pmc_memory.o (__imp_HeapCreate)
C:/GNU/MINGW64/x86_64-8.1.0-win32-seh-rt_v6-rev0/mingw64/bin/../lib/gcc/x86_64-w64-mingw32/8.1.0/../../../../x86_64-w64-mingw32/lib/../lib/libkernel32.a(dqifs00835.o)
                              ../build/x64_Debug/pmc_memory.o (__imp_HeapAlloc)
C:/GNU/MINGW64/x86_64-8.1.0-win32-seh-rt_v6-rev0/mingw64/bin/../lib/gcc/x86_64-w64-mingw32/8.1.0/../../../../x86_64-w64-mingw32/lib/../lib/libkernel32.a(dqifs00774.o)
                              ../build/x64_Debug/pmc_memory.o (__imp_GetTickCount)
C:/GNU/MINGW64/x86_64-8.1.0-win32-seh-rt_v6-rev0/mingw64/bin/../lib/gcc/x86_64-w64-mingw32/8.1.0/../../../../x86_64-w64-mingw32/lib/../lib/libkernel32.a(dqifh.o)
                              C:/GNU/MINGW64/x86_64-8.1.0-win32-seh-rt_v6-rev0/mingw64/bin/../lib/gcc/x86_64-w64-mingw32/8.1.0/../../../../x86_64-w64-mingw32/lib/../lib/libkernel32.a(dqifs01555.o) (_head_lib64_libkernel32_a)
C:/GNU/MINGW64/x86_64-8.1.0-win32-seh-rt_v6-rev0/mingw64/bin/../lib/gcc/x86_64-w64-mingw32/8.1.0/../../../../x86_64-w64-mingw32/lib/../lib/libkernel32.a(dqift.o)
                              C:/GNU/MINGW64/x86_64-8.1.0-win32-seh-rt_v6-rev0/mingw64/bin/../lib/gcc/x86_64-w64-mingw32/8.1.0/../../../../x86_64-w64-mingw32/lib/../lib/libkernel32.a(dqifh.o) (__lib64_libkernel32_a_iname)
C:/GNU/MINGW64/x86_64-8.1.0-win32-seh-rt_v6-rev0/mingw64/bin/../lib/gcc/x86_64-w64-mingw32/8.1.0/../../../../x86_64-w64-mingw32/lib/../lib/libuser32.a(dyqes00958.o)
                              ../build/x64_Debug/debug.o (__imp_wsprintfW)
C:/GNU/MINGW64/x86_64-8.1.0-win32-seh-rt_v6-rev0/mingw64/bin/../lib/gcc/x86_64-w64-mingw32/8.1.0/../../../../x86_64-w64-mingw32/lib/../lib/libuser32.a(dyqeh.o)
                              C:/GNU/MINGW64/x86_64-8.1.0-win32-seh-rt_v6-rev0/mingw64/bin/../lib/gcc/x86_64-w64-mingw32/8.1.0/../../../../x86_64-w64-mingw32/lib/../lib/libuser32.a(dyqes00958.o) (_head_lib64_libuser32_a)
C:/GNU/MINGW64/x86_64-8.1.0-win32-seh-rt_v6-rev0/mingw64/bin/../lib/gcc/x86_64-w64-mingw32/8.1.0/../../../../x86_64-w64-mingw32/lib/../lib/libuser32.a(dyqet.o)
                              C:/GNU/MINGW64/x86_64-8.1.0-win32-seh-rt_v6-rev0/mingw64/bin/../lib/gcc/x86_64-w64-mingw32/8.1.0/../../../../x86_64-w64-mingw32/lib/../lib/libuser32.a(dyqeh.o) (__lib64_libuser32_a_iname)

Allocating common symbols
Common symbol       size              file

number_one          0x40              ../build/x64_Debug/pmc_memory.o
statistics_info     0x10              ../build/x64_Debug/pmc_statistics.o
number_zero         0x40              ../build/x64_Debug/pmc_memory.o
hLocalHeap          0x8               ../build/x64_Debug/pmc_memory.o
configuration_info  0x4               ../build/x64_Debug/pmc_initialize.o

Discarded input sections

 .drectve       0x0000000000000000       0x14 ../build/x64_Debug/debug.o
 .rdata$.refptr.number_zero
                0x0000000000000000       0x10 ../build/x64_Debug/pmc_bitwiseand.o
 .rdata$.refptr.number_zero
                0x0000000000000000       0x10 ../build/x64_Debug/pmc_bitwiseor.o
 .rdata$.refptr.number_zero
                0x0000000000000000       0x10 ../build/x64_Debug/pmc_bytes.o
 .rdata$.refptr.number_zero
[...]
Memory Configuration

Name             Origin             Length             Attributes
*default*        0x0000000000000000 0xffffffffffffffff

Linker script and memory map

                0x000000006ddc0000                __image_base__ = 0x6ddc0000
                0x0000000000000000                __dll__ = 0x0
                0x000000006ddc0000                __ImageBase = 0x6ddc0000
                0x0000000000001000                __section_alignment__ = 0x1000
                0x0000000000000200                __file_alignment__ = 0x200
                0x0000000000000004                __major_os_version__ = 0x4
                0x0000000000000000                __minor_os_version__ = 0x0
                0x0000000000000000                __major_image_version__ = 0x0
                0x0000000000000000                __minor_image_version__ = 0x0
                0x0000000000000005                __major_subsystem_version__ = 0x5
                0x0000000000000002                __minor_subsystem_version__ = 0x2
                0x0000000000000002                __subsystem__ = 0x2
                0x0000000000200000                __size_of_stack_reserve__ = 0x200000
                0x0000000000001000                __size_of_stack_commit__ = 0x1000
                0x0000000000100000                __size_of_heap_reserve__ = 0x100000
                0x0000000000001000                __size_of_heap_commit__ = 0x1000
                0x0000000000000000                __loader_flags__ = 0x0
                0x0000000000000000                __dll_characteristics__ = 0x0
LOAD ../build/x64_Debug/cpuid.o
LOAD ../build/x64_Debug/debug.o
LOAD ../build/x64_Debug/dllmain.o
LOAD ../build/x64_Debug/INTERNALTEST_op_DivRem.o
LOAD ../build/x64_Debug/INTERNALTEST_op_Multiply.o
LOAD ../build/x64_Debug/pmc_add.o
LOAD ../build/x64_Debug/pmc_bitwiseand.o
LOAD ../build/x64_Debug/pmc_bitwiseor.o
LOAD ../build/x64_Debug/pmc_bytes.o
LOAD ../build/x64_Debug/pmc_clone.o
LOAD ../build/x64_Debug/pmc_compare.o
LOAD ../build/x64_Debug/pmc_divrem.o
LOAD ../build/x64_Debug/pmc_equals.o
LOAD ../build/x64_Debug/pmc_exclusiveor.o
LOAD ../build/x64_Debug/pmc_from.o
LOAD ../build/x64_Debug/pmc_getnumbertype.o
LOAD ../build/x64_Debug/pmc_greatestcommondivisor.o
LOAD ../build/x64_Debug/pmc_initialize.o
LOAD ../build/x64_Debug/pmc_memory.o
LOAD ../build/x64_Debug/pmc_modpow.o
LOAD ../build/x64_Debug/pmc_multiply.o
LOAD ../build/x64_Debug/pmc_parse.o
LOAD ../build/x64_Debug/pmc_pow.o
LOAD ../build/x64_Debug/pmc_shift.o
LOAD ../build/x64_Debug/pmc_statistics.o
LOAD ../build/x64_Debug/pmc_subtruct.o
LOAD ../build/x64_Debug/pmc_to.o
LOAD ../build/x64_Debug/pmc_tostring.o
LOAD ../build/x64_Debug/TEST_autogenerated.o
LOAD ../build/x64_Debug/TEST_op_Add.o
LOAD ../build/x64_Debug/TEST_op_BitwiseAnd.o
LOAD ../build/x64_Debug/TEST_op_BitwiseOr.o
LOAD ../build/x64_Debug/TEST_op_Clone.o
LOAD ../build/x64_Debug/TEST_op_Compare.o
LOAD ../build/x64_Debug/TEST_op_DivRem.o
LOAD ../build/x64_Debug/TEST_op_Equals.o
LOAD ../build/x64_Debug/TEST_op_ExclusiveOr.o
LOAD ../build/x64_Debug/TEST_op_From_To.o
LOAD ../build/x64_Debug/TEST_op_GetNumberType.o
LOAD ../build/x64_Debug/TEST_op_GreatestCommonDivisor.o
LOAD ../build/x64_Debug/TEST_op_ModPow.o
LOAD ../build/x64_Debug/TEST_op_Multiply.o
LOAD ../build/x64_Debug/TEST_op_ParseDN.o
LOAD ../build/x64_Debug/TEST_op_ParseX.o
LOAD ../build/x64_Debug/TEST_op_Pow.o
LOAD ../build/x64_Debug/TEST_op_Shift.o
LOAD ../build/x64_Debug/TEST_op_Subtruct.o
LOAD ../build/x64_Debug/TEST_op_ToStringD.o
LOAD ../build/x64_Debug/TEST_op_ToStringN.o
LOAD ../build/x64_Debug/TEST_op_ToStringX.o
LOAD ../build/x64_Debug/version.o
LOAD C:/GNU/MINGW64/x86_64-8.1.0-win32-seh-rt_v6-rev0/mingw64/bin/../lib/gcc/x86_64-w64-mingw32/8.1.0/../../../../x86_64-w64-mingw32/lib/../lib/libkernel32.a
LOAD C:/GNU/MINGW64/x86_64-8.1.0-win32-seh-rt_v6-rev0/mingw64/bin/../lib/gcc/x86_64-w64-mingw32/8.1.0/../../../../x86_64-w64-mingw32/lib/../lib/libuser32.a
                0x0000000000000430                . = SIZEOF_HEADERS
                0x0000000000001000                . = ALIGN (__section_alignment__)

.text           0x000000006ddc1000   0x466e00
 *(.init)
 *(.text)
 .text          0x000000006ddc1000      0x340 ../build/x64_Debug/cpuid.o
                0x000000006ddc116d                GetCPUInfo
 .text          0x000000006ddc1340      0x3c0 ../build/x64_Debug/debug.o
                0x000000006ddc144f                DoDebug
                0x000000006ddc154f                TEST_Assert
                0x000000006ddc15c1                FormatTestLabel
                0x000000006ddc1601                FormatTestMesssage
                0x000000006ddc1637                DumpBinary_UNIT
 .text          0x000000006ddc1700       0x70 ../build/x64_Debug/dllmain.o
                0x000000006ddc1700                DllMain
 .text          0x000000006ddc1770      0x4d0 ../build/x64_Debug/INTERNALTEST_op_DivRem.o
                0x000000006ddc1831                INTERNALTEST_DivRem_X_X
 .text          0x000000006ddc1c40      0x310 ../build/x64_Debug/INTERNALTEST_op_Multiply.o
                0x000000006ddc1d27                INTERNALTEST_Multiply_X_X_Imp
 .text          0x000000006ddc1f50     0x1a30 ../build/x64_Debug/pmc_add.o
                0x000000006ddc332e                PMC_Add_I_X
                0x000000006ddc33c3                PMC_Add_X_I
                0x000000006ddc35de                PMC_Add_L_X
                0x000000006ddc3675                PMC_Add_X_L
                0x000000006ddc3709                PMC_Add_X_X
                0x000000006ddc393d                Initialize_Add
 .text          0x000000006ddc3980      0xea0 ../build/x64_Debug/pmc_bitwiseand.o
                0x000000006ddc439a                PMC_BitwiseAnd_I_X
                0x000000006ddc4437                PMC_BitwiseAnd_X_I
                0x000000006ddc44d4                PMC_BitwiseAnd_L_X
                0x000000006ddc4577                PMC_BitwiseAnd_X_L
                0x000000006ddc461a                PMC_BitwiseAnd_X_X
                0x000000006ddc4809                Initialize_BitwiseAnd
 .text          0x000000006ddc4820     0x1350 ../build/x64_Debug/pmc_bitwiseor.o
                0x000000006ddc55a0                PMC_BitwiseOr_I_X
                0x000000006ddc5635                PMC_BitwiseOr_X_I
                0x000000006ddc5826                PMC_BitwiseOr_L_X
                0x000000006ddc58bd                PMC_BitwiseOr_X_L
                0x000000006ddc5951                PMC_BitwiseOr_X_X
                0x000000006ddc5b61                Initialize_BitwiseOr
 .text          0x000000006ddc5b70      0x6d0 ../build/x64_Debug/pmc_bytes.o
                0x000000006ddc5ca4                PMC_FromByteArrayForSINT
                0x000000006ddc5e59                PMC_FromByteArray
                0x000000006ddc5fd0                PMC_ToByteArrayForSINT
                0x000000006ddc613e                PMC_ToByteArray
 .text          0x000000006ddc6240       0xd0 ../build/x64_Debug/pmc_clone.o
                0x000000006ddc6240                PMC_Clone_X
                0x000000006ddc6301                Initialize_Clone
 .text          0x000000006ddc6310      0x620 ../build/x64_Debug/pmc_compare.o
                0x000000006ddc6373                Compare_Imp
                0x000000006ddc64eb                PMC_Compare_I_X
                0x000000006ddc6562                PMC_Compare_X_I
                0x000000006ddc66cf                PMC_Compare_L_X
                0x000000006ddc6748                PMC_Compare_X_L
                0x000000006ddc67ba                PMC_Compare_X_X
                0x000000006ddc6915                Initialize_Compare
 .text          0x000000006ddc6930     0x5090 ../build/x64_Debug/pmc_divrem.o
                0x000000006ddc77f4                DivRem_X_X
                0x000000006ddc791d                DivRem_X_1W
                0x000000006ddcac6c                PMC_DivRem_I_X
                0x000000006ddcadc7                PMC_DivRem_X_I
                0x000000006ddcb000                PMC_DivRem_L_X
                0x000000006ddcb1af                PMC_DivRem_X_L
                0x000000006ddcb40e                PMC_DivRem_X_X
                0x000000006ddcb97a                Initialize_DivRem
 .text          0x000000006ddcb9c0      0x550 ../build/x64_Debug/pmc_equals.o
                0x000000006ddcba23                Equals_X_X
                0x000000006ddcbb23                PMC_Equals_I_X
                0x000000006ddcbb9b                PMC_Equals_X_I
                0x000000006ddcbcc9                PMC_Equals_L_X
                0x000000006ddcbd43                PMC_Equals_X_L
                0x000000006ddcbdba                PMC_Equals_X_X
                0x000000006ddcbef3                Initialize_Equals
 .text          0x000000006ddcbf10     0x1400 ../build/x64_Debug/pmc_exclusiveor.o
                0x000000006ddcccc2                PMC_ExclusiveOr_I_X
                0x000000006ddccd5f                PMC_ExclusiveOr_X_I
                0x000000006ddccf8d                PMC_ExclusiveOr_L_X
                0x000000006ddcd02c                PMC_ExclusiveOr_X_L
                0x000000006ddcd0cb                PMC_ExclusiveOr_X_X
                0x000000006ddcd301                Initialize_ExclusiveOr
 .text          0x000000006ddcd310      0x250 ../build/x64_Debug/pmc_from.o
                0x000000006ddcd373                From_I_Imp
                0x000000006ddcd3df                From_L_Imp
                0x000000006ddcd459                PMC_From_I
                0x000000006ddcd4ce                PMC_From_L
                0x000000006ddcd546                Initialize_From
 .text          0x000000006ddcd560       0xd0 ../build/x64_Debug/pmc_getnumbertype.o
                0x000000006ddcd560                PMC_GetNumberType_X
                0x000000006ddcd61b                Initialize_GetPropertyValue
 .text          0x000000006ddcd630     0x1080 ../build/x64_Debug/pmc_greatestcommondivisor.o
                0x000000006ddcdc26                PMC_GreatestCommonDivisor_I_X
                0x000000006ddcdcbb                PMC_GreatestCommonDivisor_X_I
                0x000000006ddce13d                PMC_GreatestCommonDivisor_L_X
                0x000000006ddce1d4                PMC_GreatestCommonDivisor_X_L
                0x000000006ddce268                PMC_GreatestCommonDivisor_X_X
                0x000000006ddce69e                Initialize_GreatestCommonDivisor
 .text          0x000000006ddce6b0      0x6d0 ../build/x64_Debug/pmc_initialize.o
                0x000000006ddce6b0                PMC_UINT_Initialize
 .text          0x000000006ddced80     0x18e0 ../build/x64_Debug/pmc_memory.o
                0x000000006ddcf930                AllocateBlock
                0x000000006ddcfa6c                DeallocateBlock
                0x000000006ddcfbc2                CheckBlockLight
                0x000000006ddcfe70                AttatchNumber
                0x000000006ddcfebd                AllocateNumber
                0x000000006ddcff4d                DetatchNumber
                0x000000006ddcff81                DeallocateNumber
                0x000000006ddd00e2                CommitNumber
                0x000000006ddd02f3                CheckNumber
                0x000000006ddd038a                DuplicateNumber
                0x000000006ddd0463                PMC_GetConstantValue_I
                0x000000006ddd04ad                PMC_Dispose
                0x000000006ddd04ec                Initialize_Memory
                0x000000006ddd05ca                AllocateHeapArea
                0x000000006ddd0619                DeallocateHeapArea
 .text          0x000000006ddd0660     0x1340 ../build/x64_Debug/pmc_modpow.o
                0x000000006ddd188f                PMC_ModPow_X_X_X
                0x000000006ddd198d                Initialize_ModPow
 .text          0x000000006ddd19a0     0x2650 ../build/x64_Debug/pmc_multiply.o
                0x000000006ddd1bf8                Multiply_X_X_Imp
                0x000000006ddd3939                PMC_Multiply_I_X
                0x000000006ddd39ce                PMC_Multiply_X_I
                0x000000006ddd3bed                PMC_Multiply_L_X
                0x000000006ddd3c84                PMC_Multiply_X_L
                0x000000006ddd3d18                PMC_Multiply_X_X
                0x000000006ddd3f69                Initialize_Multiply
 .text          0x000000006ddd3ff0     0x3610 ../build/x64_Debug/pmc_parse.o
                0x000000006ddd7430                PMC_TryParse
                0x000000006ddd752f                Initialize_Parse
 .text          0x000000006ddd7600      0x590 ../build/x64_Debug/pmc_pow.o
                0x000000006ddd7af0                PMC_Pow_X_I
                0x000000006ddd7b81                Initialize_Pow
 .text          0x000000006ddd7b90     0x4d40 ../build/x64_Debug/pmc_shift.o
                0x000000006ddd7d16                RightShift_Imp
                0x000000006ddd8f38                RightShift_Imp_DIV
                0x000000006ddda15a                LeftShift_Imp
                0x000000006dddb372                LeftShift_Imp_DIV
                0x000000006dddc58a                PMC_RightShift_X_I
                0x000000006dddc730                PMC_LeftShift_X_I
                0x000000006dddc8b7                Initialize_Shift
 .text          0x000000006dddc8d0       0x50 ../build/x64_Debug/pmc_statistics.o
                0x000000006dddc8d0                PMC_GetStatisticsInfo
 .text          0x000000006dddc920     0x1210 ../build/x64_Debug/pmc_subtruct.o
                0x000000006dddd0aa                Subtruct_Imp
                0x000000006dddd288                PMC_Subtruct_I_X
                0x000000006dddd3ac                PMC_Subtruct_X_I
                0x000000006dddd5b8                PMC_Subtruct_L_X
                0x000000006dddd6df                PMC_Subtruct_X_L
                0x000000006dddd8ee                PMC_Subtruct_X_X
                0x000000006ddddb1a                Initialize_Subtruct
 .text          0x000000006ddddb30      0x190 ../build/x64_Debug/pmc_to.o
                0x000000006ddddb4c                PMC_To_X_I
                0x000000006ddddbcc                PMC_To_X_L
                0x000000006ddddcb0                Initialize_To
 .text          0x000000006ddddcc0     0x1b20 ../build/x64_Debug/pmc_tostring.o
                0x000000006dddf5b5                PMC_ToString
                0x000000006dddf74a                Initialize_ToString
 .text          0x000000006dddf7e0   0x43f660 ../build/x64_Debug/TEST_autogenerated.o
                0x000000006dddf7e0                TEST_autogenerated
 .text          0x000000006e21ee40      0xca0 ../build/x64_Debug/TEST_op_Add.o
                0x000000006e21ee9b                TEST_PMC_Add_I_X
                0x000000006e21f0ee                TEST_PMC_Add_L_X
                0x000000006e21f342                TEST_PMC_Add_X_I
                0x000000006e21f595                TEST_PMC_Add_X_L
                0x000000006e21f7e9                TEST_PMC_Add_X_X
 .text          0x000000006e21fae0      0x830 ../build/x64_Debug/TEST_op_BitwiseAnd.o
                0x000000006e21fb3b                TEST_PMC_BitwiseAnd_I_X
                0x000000006e21fc70                TEST_PMC_BitwiseAnd_L_X
                0x000000006e21fda8                TEST_PMC_BitwiseAnd_X_I
                0x000000006e21fedd                TEST_PMC_BitwiseAnd_X_L
                0x000000006e220015                TEST_PMC_BitwiseAnd_X_X
 .text          0x000000006e220310      0xca0 ../build/x64_Debug/TEST_op_BitwiseOr.o
                0x000000006e22036b                TEST_PMC_BitwiseOr_I_X
                0x000000006e2205be                TEST_PMC_BitwiseOr_L_X
                0x000000006e220812                TEST_PMC_BitwiseOr_X_I
                0x000000006e220a65                TEST_PMC_BitwiseOr_X_L
                0x000000006e220cb9                TEST_PMC_BitwiseOr_X_X
 .text          0x000000006e220fb0      0x2b0 ../build/x64_Debug/TEST_op_Clone.o
                0x000000006e22100b                TEST_PMC_Clone_X
 .text          0x000000006e221260      0x690 ../build/x64_Debug/TEST_op_Compare.o
                0x000000006e221260                TEST_PMC_Compare_I_X
                0x000000006e221395                TEST_PMC_Compare_L_X
                0x000000006e2214cb                TEST_PMC_Compare_X_I
                0x000000006e221600                TEST_PMC_Compare_X_L
                0x000000006e221736                TEST_PMC_Compare_X_X
 .text          0x000000006e2218f0      0xcc0 ../build/x64_Debug/TEST_op_DivRem.o
                0x000000006e22194b                TEST_PMC_DivRem_I_X
                0x000000006e221ac5                TEST_PMC_DivRem_L_X
                0x000000006e221c44                TEST_PMC_DivRem_X_I
                0x000000006e221eef                TEST_PMC_DivRem_X_L
                0x000000006e22219d                TEST_PMC_DivRem_X_X
 .text          0x000000006e2225b0      0x690 ../build/x64_Debug/TEST_op_Equals.o
                0x000000006e2225b0                TEST_PMC_Equals_I_X
                0x000000006e2226e5                TEST_PMC_Equals_L_X
                0x000000006e22281b                TEST_PMC_Equals_X_I
                0x000000006e222950                TEST_PMC_Equals_X_L
                0x000000006e222a86                TEST_PMC_Equals_X_X
 .text          0x000000006e222c40      0xca0 ../build/x64_Debug/TEST_op_ExclusiveOr.o
                0x000000006e222c9b                TEST_PMC_ExclusiveOr_I_X
                0x000000006e222eee                TEST_PMC_ExclusiveOr_L_X
                0x000000006e223142                TEST_PMC_ExclusiveOr_X_I
                0x000000006e223395                TEST_PMC_ExclusiveOr_X_L
                0x000000006e2235e9                TEST_PMC_ExclusiveOr_X_X
 .text          0x000000006e2238e0      0x640 ../build/x64_Debug/TEST_op_From_To.o
                0x000000006e22393b                TEST_PMC_From_I
                0x000000006e223aed                TEST_PMC_From_L
                0x000000006e223ca0                TEST_PMC_To_X_I
                0x000000006e223ddb                TEST_PMC_To_X_L
 .text          0x000000006e223f20      0x140 ../build/x64_Debug/TEST_op_GetNumberType.o
                0x000000006e223f20                TEST_PMC_GetNumberType_X
 .text          0x000000006e224060      0xd00 ../build/x64_Debug/TEST_op_GreatestCommonDivisor.o
                0x000000006e2240bb                TEST_PMC_GreatestCommonDivisor_I_X
                0x000000006e224320                TEST_PMC_GreatestCommonDivisor_L_X
                0x000000006e224586                TEST_PMC_GreatestCommonDivisor_X_I
                0x000000006e2247eb                TEST_PMC_GreatestCommonDivisor_X_L
                0x000000006e224a51                TEST_PMC_GreatestCommonDivisor_X_X
 .text          0x000000006e224d60      0x410 ../build/x64_Debug/TEST_op_ModPow.o
                0x000000006e224dbb                TEST_PMC_ModPow_X_X_X
 .text          0x000000006e225170      0xca0 ../build/x64_Debug/TEST_op_Multiply.o
                0x000000006e2251cb                TEST_PMC_Multiply_I_X
                0x000000006e22541e                TEST_PMC_Multiply_L_X
                0x000000006e225672                TEST_PMC_Multiply_X_I
                0x000000006e2258c5                TEST_PMC_Multiply_X_L
                0x000000006e225b19                TEST_PMC_Multiply_X_X
 .text          0x000000006e225e10      0x450 ../build/x64_Debug/TEST_op_ParseDN.o
                0x000000006e225e6b                TEST_PMC_ParseDN1
                0x000000006e22605b                TEST_PMC_ParseDN2
 .text          0x000000006e226260      0x260 ../build/x64_Debug/TEST_op_ParseX.o
                0x000000006e2262bb                TEST_PMC_ParseX
 .text          0x000000006e2264c0      0x240 ../build/x64_Debug/TEST_op_Pow.o
                0x000000006e22651b                TEST_PMC_Pow_X_I
 .text          0x000000006e226700      0x510 ../build/x64_Debug/TEST_op_Shift.o
                0x000000006e22675b                TEST_PMC_RightShift_X_I
                0x000000006e2269ae                TEST_PMC_LeftShift_X_I
 .text          0x000000006e226c10      0xab0 ../build/x64_Debug/TEST_op_Subtruct.o
                0x000000006e226c6b                TEST_PMC_Subtruct_I_X
                0x000000006e226da8                TEST_PMC_Subtruct_L_X
                0x000000006e226ee8                TEST_PMC_Subtruct_X_I
                0x000000006e22714d                TEST_PMC_Subtruct_X_L
                0x000000006e2273b3                TEST_PMC_Subtruct_X_X
 .text          0x000000006e2276c0      0x200 ../build/x64_Debug/TEST_op_ToStringD.o
                0x000000006e2276c0                TEST_PMC_ToStringD
 .text          0x000000006e2278c0      0x1f0 ../build/x64_Debug/TEST_op_ToStringN.o
                0x000000006e2278c0                TEST_PMC_ToStringN
 .text          0x000000006e227ab0      0x200 ../build/x64_Debug/TEST_op_ToStringX.o
                0x000000006e227ab0                TEST_PMC_ToStringX
 .text          0x000000006e227cb0        0x8 C:/GNU/MINGW64/x86_64-8.1.0-win32-seh-rt_v6-rev0/mingw64/bin/../lib/gcc/x86_64-w64-mingw32/8.1.0/../../../../x86_64-w64-mingw32/lib/../lib/libkernel32.a(dqifs01555.o)
                0x000000006e227cb0                lstrlenW
 .text          0x000000006e227cb8        0x8 C:/GNU/MINGW64/x86_64-8.1.0-win32-seh-rt_v6-rev0/mingw64/bin/../lib/gcc/x86_64-w64-mingw32/8.1.0/../../../../x86_64-w64-mingw32/lib/../lib/libkernel32.a(dqifs01549.o)
                0x000000006e227cb8                lstrcpyW
 .text          0x000000006e227cc0        0x8 C:/GNU/MINGW64/x86_64-8.1.0-win32-seh-rt_v6-rev0/mingw64/bin/../lib/gcc/x86_64-w64-mingw32/8.1.0/../../../../x86_64-w64-mingw32/lib/../lib/libkernel32.a(dqifs01548.o)
                0x000000006e227cc0                lstrcpyA
 .text          0x000000006e227cc8        0x8 C:/GNU/MINGW64/x86_64-8.1.0-win32-seh-rt_v6-rev0/mingw64/bin/../lib/gcc/x86_64-w64-mingw32/8.1.0/../../../../x86_64-w64-mingw32/lib/../lib/libkernel32.a(dqifs01543.o)
                0x000000006e227cc8                lstrcmpW
 .text          0x000000006e227cd0        0x8 C:/GNU/MINGW64/x86_64-8.1.0-win32-seh-rt_v6-rev0/mingw64/bin/../lib/gcc/x86_64-w64-mingw32/8.1.0/../../../../x86_64-w64-mingw32/lib/../lib/libkernel32.a(dqifs00841.o)
                0x000000006e227cd0                HeapFree
 .text          0x000000006e227cd8        0x8 C:/GNU/MINGW64/x86_64-8.1.0-win32-seh-rt_v6-rev0/mingw64/bin/../lib/gcc/x86_64-w64-mingw32/8.1.0/../../../../x86_64-w64-mingw32/lib/../lib/libkernel32.a(dqifs00839.o)
                0x000000006e227cd8                HeapDestroy
 .text          0x000000006e227ce0        0x8 C:/GNU/MINGW64/x86_64-8.1.0-win32-seh-rt_v6-rev0/mingw64/bin/../lib/gcc/x86_64-w64-mingw32/8.1.0/../../../../x86_64-w64-mingw32/lib/../lib/libkernel32.a(dqifs00837.o)
                0x000000006e227ce0                HeapCreate
 .text          0x000000006e227ce8        0x8 C:/GNU/MINGW64/x86_64-8.1.0-win32-seh-rt_v6-rev0/mingw64/bin/../lib/gcc/x86_64-w64-mingw32/8.1.0/../../../../x86_64-w64-mingw32/lib/../lib/libkernel32.a(dqifs00835.o)
                0x000000006e227ce8                HeapAlloc
 .text          0x000000006e227cf0        0x8 C:/GNU/MINGW64/x86_64-8.1.0-win32-seh-rt_v6-rev0/mingw64/bin/../lib/gcc/x86_64-w64-mingw32/8.1.0/../../../../x86_64-w64-mingw32/lib/../lib/libkernel32.a(dqifs00774.o)
                0x000000006e227cf0                GetTickCount
 *fill*         0x000000006e227cf8        0x8 
 .text          0x000000006e227d00        0x0 C:/GNU/MINGW64/x86_64-8.1.0-win32-seh-rt_v6-rev0/mingw64/bin/../lib/gcc/x86_64-w64-mingw32/8.1.0/../../../../x86_64-w64-mingw32/lib/../lib/libkernel32.a(dqifh.o)
 .text          0x000000006e227d00        0x0 C:/GNU/MINGW64/x86_64-8.1.0-win32-seh-rt_v6-rev0/mingw64/bin/../lib/gcc/x86_64-w64-mingw32/8.1.0/../../../../x86_64-w64-mingw32/lib/../lib/libkernel32.a(dqift.o)
 .text          0x000000006e227d00        0x8 C:/GNU/MINGW64/x86_64-8.1.0-win32-seh-rt_v6-rev0/mingw64/bin/../lib/gcc/x86_64-w64-mingw32/8.1.0/../../../../x86_64-w64-mingw32/lib/../lib/libuser32.a(dyqes00958.o)
                0x000000006e227d00                wsprintfW
 *fill*         0x000000006e227d08        0x8 
 .text          0x000000006e227d10        0x0 C:/GNU/MINGW64/x86_64-8.1.0-win32-seh-rt_v6-rev0/mingw64/bin/../lib/gcc/x86_64-w64-mingw32/8.1.0/../../../../x86_64-w64-mingw32/lib/../lib/libuser32.a(dyqeh.o)
 .text          0x000000006e227d10        0x0 C:/GNU/MINGW64/x86_64-8.1.0-win32-seh-rt_v6-rev0/mingw64/bin/../lib/gcc/x86_64-w64-mingw32/8.1.0/../../../../x86_64-w64-mingw32/lib/../lib/libuser32.a(dyqet.o)
 *(SORT_BY_NAME(.text$*))
 *(.text.*)
 *(.gnu.linkonce.t.*)
 *(.glue_7t)
 *(.glue_7)
                0x000000006e227d10                . = ALIGN (0x8)
                0x000000006e227d10                ___CTOR_LIST__ = .
                0x000000006e227d10                __CTOR_LIST__ = .
                0x000000006e227d10        0x4 LONG 0xffffffffffffffff
                0x000000006e227d14        0x4 LONG 0xffffffffffffffff
 *(.ctors)
 *(.ctor)
 *(SORT_BY_NAME(.ctors.*))
                0x000000006e227d18        0x4 LONG 0x0
                0x000000006e227d1c        0x4 LONG 0x0
                0x000000006e227d20                ___DTOR_LIST__ = .
                0x000000006e227d20                __DTOR_LIST__ = .
                0x000000006e227d20        0x4 LONG 0xffffffffffffffff
                0x000000006e227d24        0x4 LONG 0xffffffffffffffff
 *(.dtors)
 *(.dtor)
 *(SORT_BY_NAME(.dtors.*))
                0x000000006e227d28        0x4 LONG 0x0
                0x000000006e227d2c        0x4 LONG 0x0
 *(.fini)
 *(.gcc_exc)
                [!provide]                        PROVIDE (etext = .)
 *(.gcc_except_table)

.data           0x000000006e228000    0x75600
                0x000000006e228000                __data_start__ = .
 *(.data)
 .data          0x000000006e228000        0x0 ../build/x64_Debug/cpuid.o
 .data          0x000000006e228000        0x0 ../build/x64_Debug/debug.o
 .data          0x000000006e228000        0x0 ../build/x64_Debug/dllmain.o
 .data          0x000000006e228000        0x0 ../build/x64_Debug/INTERNALTEST_op_DivRem.o
 .data          0x000000006e228000        0x0 ../build/x64_Debug/INTERNALTEST_op_Multiply.o
 .data          0x000000006e228000        0x0 ../build/x64_Debug/pmc_add.o
 .data          0x000000006e228000        0x0 ../build/x64_Debug/pmc_bitwiseand.o
 .data          0x000000006e228000        0x0 ../build/x64_Debug/pmc_bitwiseor.o
 .data          0x000000006e228000        0x0 ../build/x64_Debug/pmc_bytes.o
 .data          0x000000006e228000        0x0 ../build/x64_Debug/pmc_clone.o
 .data          0x000000006e228000        0x0 ../build/x64_Debug/pmc_compare.o
 .data          0x000000006e228000        0x0 ../build/x64_Debug/pmc_divrem.o
 .data          0x000000006e228000        0x0 ../build/x64_Debug/pmc_equals.o
 .data          0x000000006e228000        0x0 ../build/x64_Debug/pmc_exclusiveor.o
 .data          0x000000006e228000        0x0 ../build/x64_Debug/pmc_from.o
 .data          0x000000006e228000        0x0 ../build/x64_Debug/pmc_getnumbertype.o
 .data          0x000000006e228000        0x0 ../build/x64_Debug/pmc_greatestcommondivisor.o
 .data          0x000000006e228000        0x0 ../build/x64_Debug/pmc_initialize.o
 .data          0x000000006e228000        0x0 ../build/x64_Debug/pmc_memory.o
 .data          0x000000006e228000        0x0 ../build/x64_Debug/pmc_modpow.o
 .data          0x000000006e228000        0x0 ../build/x64_Debug/pmc_multiply.o
 .data          0x000000006e228000        0x0 ../build/x64_Debug/pmc_parse.o
 .data          0x000000006e228000        0x0 ../build/x64_Debug/pmc_pow.o
 .data          0x000000006e228000        0x0 ../build/x64_Debug/pmc_shift.o
 .data          0x000000006e228000        0x0 ../build/x64_Debug/pmc_statistics.o
 .data          0x000000006e228000        0x0 ../build/x64_Debug/pmc_subtruct.o
 .data          0x000000006e228000        0x0 ../build/x64_Debug/pmc_to.o
 .data          0x000000006e228000       0xa0 ../build/x64_Debug/pmc_tostring.o
 .data          0x000000006e2280a0    0x754e0 ../build/x64_Debug/TEST_autogenerated.o
 .data          0x000000006e29d580        0x0 ../build/x64_Debug/TEST_op_Add.o
 .data          0x000000006e29d580        0x0 ../build/x64_Debug/TEST_op_BitwiseAnd.o
 .data          0x000000006e29d580        0x0 ../build/x64_Debug/TEST_op_BitwiseOr.o
 .data          0x000000006e29d580        0x0 ../build/x64_Debug/TEST_op_Clone.o
 .data          0x000000006e29d580        0x0 ../build/x64_Debug/TEST_op_Compare.o
 .data          0x000000006e29d580        0x0 ../build/x64_Debug/TEST_op_DivRem.o
 .data          0x000000006e29d580        0x0 ../build/x64_Debug/TEST_op_Equals.o
 .data          0x000000006e29d580        0x0 ../build/x64_Debug/TEST_op_ExclusiveOr.o
 .data          0x000000006e29d580        0x0 ../build/x64_Debug/TEST_op_From_To.o
 .data          0x000000006e29d580        0x0 ../build/x64_Debug/TEST_op_GetNumberType.o
 .data          0x000000006e29d580        0x0 ../build/x64_Debug/TEST_op_GreatestCommonDivisor.o
 .data          0x000000006e29d580        0x0 ../build/x64_Debug/TEST_op_ModPow.o
 .data          0x000000006e29d580        0x0 ../build/x64_Debug/TEST_op_Multiply.o
 .data          0x000000006e29d580        0x0 ../build/x64_Debug/TEST_op_ParseDN.o
 .data          0x000000006e29d580        0x0 ../build/x64_Debug/TEST_op_ParseX.o
 .data          0x000000006e29d580        0x0 ../build/x64_Debug/TEST_op_Pow.o
 .data          0x000000006e29d580        0x0 ../build/x64_Debug/TEST_op_Shift.o
 .data          0x000000006e29d580        0x0 ../build/x64_Debug/TEST_op_Subtruct.o
 .data          0x000000006e29d580        0x0 ../build/x64_Debug/TEST_op_ToStringD.o
 .data          0x000000006e29d580        0x0 ../build/x64_Debug/TEST_op_ToStringN.o
 .data          0x000000006e29d580        0x0 ../build/x64_Debug/TEST_op_ToStringX.o
 .data          0x000000006e29d580        0x0 C:/GNU/MINGW64/x86_64-8.1.0-win32-seh-rt_v6-rev0/mingw64/bin/../lib/gcc/x86_64-w64-mingw32/8.1.0/../../../../x86_64-w64-mingw32/lib/../lib/libkernel32.a(dqifs01555.o)
 .data          0x000000006e29d580        0x0 C:/GNU/MINGW64/x86_64-8.1.0-win32-seh-rt_v6-rev0/mingw64/bin/../lib/gcc/x86_64-w64-mingw32/8.1.0/../../../../x86_64-w64-mingw32/lib/../lib/libkernel32.a(dqifs01549.o)
 .data          0x000000006e29d580        0x0 C:/GNU/MINGW64/x86_64-8.1.0-win32-seh-rt_v6-rev0/mingw64/bin/../lib/gcc/x86_64-w64-mingw32/8.1.0/../../../../x86_64-w64-mingw32/lib/../lib/libkernel32.a(dqifs01548.o)
 .data          0x000000006e29d580        0x0 C:/GNU/MINGW64/x86_64-8.1.0-win32-seh-rt_v6-rev0/mingw64/bin/../lib/gcc/x86_64-w64-mingw32/8.1.0/../../../../x86_64-w64-mingw32/lib/../lib/libkernel32.a(dqifs01543.o)
 .data          0x000000006e29d580        0x0 C:/GNU/MINGW64/x86_64-8.1.0-win32-seh-rt_v6-rev0/mingw64/bin/../lib/gcc/x86_64-w64-mingw32/8.1.0/../../../../x86_64-w64-mingw32/lib/../lib/libkernel32.a(dqifs00841.o)
 .data          0x000000006e29d580        0x0 C:/GNU/MINGW64/x86_64-8.1.0-win32-seh-rt_v6-rev0/mingw64/bin/../lib/gcc/x86_64-w64-mingw32/8.1.0/../../../../x86_64-w64-mingw32/lib/../lib/libkernel32.a(dqifs00839.o)
 .data          0x000000006e29d580        0x0 C:/GNU/MINGW64/x86_64-8.1.0-win32-seh-rt_v6-rev0/mingw64/bin/../lib/gcc/x86_64-w64-mingw32/8.1.0/../../../../x86_64-w64-mingw32/lib/../lib/libkernel32.a(dqifs00837.o)
 .data          0x000000006e29d580        0x0 C:/GNU/MINGW64/x86_64-8.1.0-win32-seh-rt_v6-rev0/mingw64/bin/../lib/gcc/x86_64-w64-mingw32/8.1.0/../../../../x86_64-w64-mingw32/lib/../lib/libkernel32.a(dqifs00835.o)
 .data          0x000000006e29d580        0x0 C:/GNU/MINGW64/x86_64-8.1.0-win32-seh-rt_v6-rev0/mingw64/bin/../lib/gcc/x86_64-w64-mingw32/8.1.0/../../../../x86_64-w64-mingw32/lib/../lib/libkernel32.a(dqifs00774.o)
 .data          0x000000006e29d580        0x0 C:/GNU/MINGW64/x86_64-8.1.0-win32-seh-rt_v6-rev0/mingw64/bin/../lib/gcc/x86_64-w64-mingw32/8.1.0/../../../../x86_64-w64-mingw32/lib/../lib/libkernel32.a(dqifh.o)
 .data          0x000000006e29d580        0x0 C:/GNU/MINGW64/x86_64-8.1.0-win32-seh-rt_v6-rev0/mingw64/bin/../lib/gcc/x86_64-w64-mingw32/8.1.0/../../../../x86_64-w64-mingw32/lib/../lib/libkernel32.a(dqift.o)
 .data          0x000000006e29d580        0x0 C:/GNU/MINGW64/x86_64-8.1.0-win32-seh-rt_v6-rev0/mingw64/bin/../lib/gcc/x86_64-w64-mingw32/8.1.0/../../../../x86_64-w64-mingw32/lib/../lib/libuser32.a(dyqes00958.o)
 .data          0x000000006e29d580        0x0 C:/GNU/MINGW64/x86_64-8.1.0-win32-seh-rt_v6-rev0/mingw64/bin/../lib/gcc/x86_64-w64-mingw32/8.1.0/../../../../x86_64-w64-mingw32/lib/../lib/libuser32.a(dyqeh.o)
 .data          0x000000006e29d580        0x0 C:/GNU/MINGW64/x86_64-8.1.0-win32-seh-rt_v6-rev0/mingw64/bin/../lib/gcc/x86_64-w64-mingw32/8.1.0/../../../../x86_64-w64-mingw32/lib/../lib/libuser32.a(dyqet.o)
 *(.data2)
 *(SORT_BY_NAME(.data$*))
 *(.jcr)
                0x000000006e29d580                __data_end__ = .
 *(.data_cygwin_nocopy)

.rdata          0x000000006e29e000    0x5a800
 *(.rdata)
 .rdata         0x000000006e29e000      0x1d0 ../build/x64_Debug/debug.o
 .rdata         0x000000006e29e1d0      0x100 ../build/x64_Debug/INTERNALTEST_op_DivRem.o
 .rdata         0x000000006e29e2d0       0x80 ../build/x64_Debug/INTERNALTEST_op_Multiply.o
 .rdata         0x000000006e29e350       0xf0 ../build/x64_Debug/pmc_parse.o
 .rdata         0x000000006e29e440       0xf0 ../build/x64_Debug/pmc_tostring.o
 .rdata         0x000000006e29e530    0x56300 ../build/x64_Debug/TEST_autogenerated.o
 .rdata         0x000000006e2f4830      0x2c0 ../build/x64_Debug/TEST_op_Add.o
 .rdata         0x000000006e2f4af0      0x360 ../build/x64_Debug/TEST_op_BitwiseAnd.o
 .rdata         0x000000006e2f4e50      0x360 ../build/x64_Debug/TEST_op_BitwiseOr.o
 .rdata         0x000000006e2f51b0      0x120 ../build/x64_Debug/TEST_op_Clone.o
 .rdata         0x000000006e2f52d0      0x2c0 ../build/x64_Debug/TEST_op_Compare.o
 .rdata         0x000000006e2f5590      0x320 ../build/x64_Debug/TEST_op_DivRem.o
 .rdata         0x000000006e2f58b0      0x2c0 ../build/x64_Debug/TEST_op_Equals.o
 .rdata         0x000000006e2f5b70      0x360 ../build/x64_Debug/TEST_op_ExclusiveOr.o
 .rdata         0x000000006e2f5ed0      0x210 ../build/x64_Debug/TEST_op_From_To.o
 .rdata         0x000000006e2f60e0      0x110 ../build/x64_Debug/TEST_op_GetNumberType.o
 .rdata         0x000000006e2f61f0      0x450 ../build/x64_Debug/TEST_op_GreatestCommonDivisor.o
 .rdata         0x000000006e2f6640      0x130 ../build/x64_Debug/TEST_op_ModPow.o
 .rdata         0x000000006e2f6770      0x330 ../build/x64_Debug/TEST_op_Multiply.o
 .rdata         0x000000006e2f6aa0      0x120 ../build/x64_Debug/TEST_op_ParseDN.o
 .rdata         0x000000006e2f6bc0       0xe0 ../build/x64_Debug/TEST_op_ParseX.o
 .rdata         0x000000006e2f6ca0      0x120 ../build/x64_Debug/TEST_op_Pow.o
 .rdata         0x000000006e2f6dc0      0x1c0 ../build/x64_Debug/TEST_op_Shift.o
 .rdata         0x000000006e2f6f80      0x340 ../build/x64_Debug/TEST_op_Subtruct.o
 .rdata         0x000000006e2f72c0       0xf0 ../build/x64_Debug/TEST_op_ToStringD.o
 .rdata         0x000000006e2f73b0       0xf0 ../build/x64_Debug/TEST_op_ToStringN.o
 .rdata         0x000000006e2f74a0       0xf0 ../build/x64_Debug/TEST_op_ToStringX.o
 *(SORT_BY_NAME(.rdata$*))
 .rdata$.refptr.PMC_Add_I_X
                0x000000006e2f7590       0x10 ../build/x64_Debug/pmc_initialize.o
                0x000000006e2f7590                .refptr.PMC_Add_I_X
 .rdata$.refptr.PMC_Add_L_X
                0x000000006e2f75a0       0x10 ../build/x64_Debug/pmc_initialize.o
                0x000000006e2f75a0                .refptr.PMC_Add_L_X
 .rdata$.refptr.PMC_Add_X_I
                0x000000006e2f75b0       0x10 ../build/x64_Debug/pmc_initialize.o
                0x000000006e2f75b0                .refptr.PMC_Add_X_I
 .rdata$.refptr.PMC_Add_X_L
                0x000000006e2f75c0       0x10 ../build/x64_Debug/pmc_initialize.o
                0x000000006e2f75c0                .refptr.PMC_Add_X_L
 .rdata$.refptr.PMC_Add_X_X
                0x000000006e2f75d0       0x10 ../build/x64_Debug/pmc_initialize.o
                0x000000006e2f75d0                .refptr.PMC_Add_X_X
 .rdata$.refptr.PMC_BitwiseAnd_I_X
                0x000000006e2f75e0       0x10 ../build/x64_Debug/pmc_initialize.o
                0x000000006e2f75e0                .refptr.PMC_BitwiseAnd_I_X
 .rdata$.refptr.PMC_BitwiseAnd_L_X
                0x000000006e2f75f0       0x10 ../build/x64_Debug/pmc_initialize.o
                0x000000006e2f75f0                .refptr.PMC_BitwiseAnd_L_X
 .rdata$.refptr.PMC_BitwiseAnd_X_I
                0x000000006e2f7600       0x10 ../build/x64_Debug/pmc_initialize.o
                0x000000006e2f7600                .refptr.PMC_BitwiseAnd_X_I
 .rdata$.refptr.PMC_BitwiseAnd_X_L
                0x000000006e2f7610       0x10 ../build/x64_Debug/pmc_initialize.o
                0x000000006e2f7610                .refptr.PMC_BitwiseAnd_X_L
 .rdata$.refptr.PMC_BitwiseAnd_X_X
                0x000000006e2f7620       0x10 ../build/x64_Debug/pmc_initialize.o
                0x000000006e2f7620                .refptr.PMC_BitwiseAnd_X_X
 .rdata$.refptr.PMC_BitwiseOr_I_X
                0x000000006e2f7630       0x10 ../build/x64_Debug/pmc_initialize.o
                0x000000006e2f7630                .refptr.PMC_BitwiseOr_I_X
 .rdata$.refptr.PMC_BitwiseOr_L_X
                0x000000006e2f7640       0x10 ../build/x64_Debug/pmc_initialize.o
                0x000000006e2f7640                .refptr.PMC_BitwiseOr_L_X
 .rdata$.refptr.PMC_BitwiseOr_X_I
                0x000000006e2f7650       0x10 ../build/x64_Debug/pmc_initialize.o
                0x000000006e2f7650                .refptr.PMC_BitwiseOr_X_I
 .rdata$.refptr.PMC_BitwiseOr_X_L
                0x000000006e2f7660       0x10 ../build/x64_Debug/pmc_initialize.o
                0x000000006e2f7660                .refptr.PMC_BitwiseOr_X_L
 .rdata$.refptr.PMC_BitwiseOr_X_X
                0x000000006e2f7670       0x10 ../build/x64_Debug/pmc_initialize.o
                0x000000006e2f7670                .refptr.PMC_BitwiseOr_X_X
 .rdata$.refptr.PMC_Clone_X
                0x000000006e2f7680       0x10 ../build/x64_Debug/pmc_initialize.o
                0x000000006e2f7680                .refptr.PMC_Clone_X
 .rdata$.refptr.PMC_Compare_I_X
                0x000000006e2f7690       0x10 ../build/x64_Debug/pmc_initialize.o
                0x000000006e2f7690                .refptr.PMC_Compare_I_X
 .rdata$.refptr.PMC_Compare_L_X
                0x000000006e2f76a0       0x10 ../build/x64_Debug/pmc_initialize.o
                0x000000006e2f76a0                .refptr.PMC_Compare_L_X
 .rdata$.refptr.PMC_Compare_X_I
                0x000000006e2f76b0       0x10 ../build/x64_Debug/pmc_initialize.o
                0x000000006e2f76b0                .refptr.PMC_Compare_X_I
 .rdata$.refptr.PMC_Compare_X_L
                0x000000006e2f76c0       0x10 ../build/x64_Debug/pmc_initialize.o
                0x000000006e2f76c0                .refptr.PMC_Compare_X_L
 .rdata$.refptr.PMC_Compare_X_X
                0x000000006e2f76d0       0x10 ../build/x64_Debug/pmc_initialize.o
                0x000000006e2f76d0                .refptr.PMC_Compare_X_X
 .rdata$.refptr.PMC_Dispose
                0x000000006e2f76e0       0x10 ../build/x64_Debug/pmc_initialize.o
                0x000000006e2f76e0                .refptr.PMC_Dispose
 .rdata$.refptr.PMC_DivRem_I_X
                0x000000006e2f76f0       0x10 ../build/x64_Debug/pmc_initialize.o
                0x000000006e2f76f0                .refptr.PMC_DivRem_I_X
 .rdata$.refptr.PMC_DivRem_L_X
                0x000000006e2f7700       0x10 ../build/x64_Debug/pmc_initialize.o
                0x000000006e2f7700                .refptr.PMC_DivRem_L_X
 .rdata$.refptr.PMC_DivRem_X_I
                0x000000006e2f7710       0x10 ../build/x64_Debug/pmc_initialize.o
                0x000000006e2f7710                .refptr.PMC_DivRem_X_I
 .rdata$.refptr.PMC_DivRem_X_L
                0x000000006e2f7720       0x10 ../build/x64_Debug/pmc_initialize.o
                0x000000006e2f7720                .refptr.PMC_DivRem_X_L
 .rdata$.refptr.PMC_DivRem_X_X
                0x000000006e2f7730       0x10 ../build/x64_Debug/pmc_initialize.o
                0x000000006e2f7730                .refptr.PMC_DivRem_X_X
 .rdata$.refptr.PMC_Equals_I_X
                0x000000006e2f7740       0x10 ../build/x64_Debug/pmc_initialize.o
                0x000000006e2f7740                .refptr.PMC_Equals_I_X
 .rdata$.refptr.PMC_Equals_L_X
                0x000000006e2f7750       0x10 ../build/x64_Debug/pmc_initialize.o
                0x000000006e2f7750                .refptr.PMC_Equals_L_X
 .rdata$.refptr.PMC_Equals_X_I
                0x000000006e2f7760       0x10 ../build/x64_Debug/pmc_initialize.o
                0x000000006e2f7760                .refptr.PMC_Equals_X_I
 .rdata$.refptr.PMC_Equals_X_L
                0x000000006e2f7770       0x10 ../build/x64_Debug/pmc_initialize.o
                0x000000006e2f7770                .refptr.PMC_Equals_X_L
 .rdata$.refptr.PMC_Equals_X_X
                0x000000006e2f7780       0x10 ../build/x64_Debug/pmc_initialize.o
                0x000000006e2f7780                .refptr.PMC_Equals_X_X
 .rdata$.refptr.PMC_ExclusiveOr_I_X
                0x000000006e2f7790       0x10 ../build/x64_Debug/pmc_initialize.o
                0x000000006e2f7790                .refptr.PMC_ExclusiveOr_I_X
 .rdata$.refptr.PMC_ExclusiveOr_L_X
                0x000000006e2f77a0       0x10 ../build/x64_Debug/pmc_initialize.o
                0x000000006e2f77a0                .refptr.PMC_ExclusiveOr_L_X
 .rdata$.refptr.PMC_ExclusiveOr_X_I
                0x000000006e2f77b0       0x10 ../build/x64_Debug/pmc_initialize.o
                0x000000006e2f77b0                .refptr.PMC_ExclusiveOr_X_I
 .rdata$.refptr.PMC_ExclusiveOr_X_L
                0x000000006e2f77c0       0x10 ../build/x64_Debug/pmc_initialize.o
                0x000000006e2f77c0                .refptr.PMC_ExclusiveOr_X_L
 .rdata$.refptr.PMC_ExclusiveOr_X_X
                0x000000006e2f77d0       0x10 ../build/x64_Debug/pmc_initialize.o
                0x000000006e2f77d0                .refptr.PMC_ExclusiveOr_X_X
 .rdata$.refptr.PMC_FromByteArray
                0x000000006e2f77e0       0x10 ../build/x64_Debug/pmc_initialize.o
                0x000000006e2f77e0                .refptr.PMC_FromByteArray
 .rdata$.refptr.PMC_FromByteArrayForSINT
                0x000000006e2f77f0       0x10 ../build/x64_Debug/pmc_initialize.o
                0x000000006e2f77f0                .refptr.PMC_FromByteArrayForSINT
 .rdata$.refptr.PMC_From_I
                0x000000006e2f7800       0x10 ../build/x64_Debug/pmc_initialize.o
                0x000000006e2f7800                .refptr.PMC_From_I
 .rdata$.refptr.PMC_From_L
                0x000000006e2f7810       0x10 ../build/x64_Debug/pmc_initialize.o
                0x000000006e2f7810                .refptr.PMC_From_L
 .rdata$.refptr.PMC_GetConstantValue_I
                0x000000006e2f7820       0x10 ../build/x64_Debug/pmc_initialize.o
                0x000000006e2f7820                .refptr.PMC_GetConstantValue_I
 .rdata$.refptr.PMC_GetNumberType_X
                0x000000006e2f7830       0x10 ../build/x64_Debug/pmc_initialize.o
                0x000000006e2f7830                .refptr.PMC_GetNumberType_X
 .rdata$.refptr.PMC_GetStatisticsInfo
                0x000000006e2f7840       0x10 ../build/x64_Debug/pmc_initialize.o
                0x000000006e2f7840                .refptr.PMC_GetStatisticsInfo
 .rdata$.refptr.PMC_GreatestCommonDivisor_I_X
                0x000000006e2f7850       0x10 ../build/x64_Debug/pmc_initialize.o
                0x000000006e2f7850                .refptr.PMC_GreatestCommonDivisor_I_X
 .rdata$.refptr.PMC_GreatestCommonDivisor_L_X
                0x000000006e2f7860       0x10 ../build/x64_Debug/pmc_initialize.o
                0x000000006e2f7860                .refptr.PMC_GreatestCommonDivisor_L_X
 .rdata$.refptr.PMC_GreatestCommonDivisor_X_I
                0x000000006e2f7870       0x10 ../build/x64_Debug/pmc_initialize.o
                0x000000006e2f7870                .refptr.PMC_GreatestCommonDivisor_X_I
 .rdata$.refptr.PMC_GreatestCommonDivisor_X_L
                0x000000006e2f7880       0x10 ../build/x64_Debug/pmc_initialize.o
                0x000000006e2f7880                .refptr.PMC_GreatestCommonDivisor_X_L
 .rdata$.refptr.PMC_GreatestCommonDivisor_X_X
                0x000000006e2f7890       0x10 ../build/x64_Debug/pmc_initialize.o
                0x000000006e2f7890                .refptr.PMC_GreatestCommonDivisor_X_X
 .rdata$.refptr.PMC_LeftShift_X_I
                0x000000006e2f78a0       0x10 ../build/x64_Debug/pmc_initialize.o
                0x000000006e2f78a0                .refptr.PMC_LeftShift_X_I
 .rdata$.refptr.PMC_ModPow_X_X_X
                0x000000006e2f78b0       0x10 ../build/x64_Debug/pmc_initialize.o
                0x000000006e2f78b0                .refptr.PMC_ModPow_X_X_X
 .rdata$.refptr.PMC_Multiply_I_X
                0x000000006e2f78c0       0x10 ../build/x64_Debug/pmc_initialize.o
                0x000000006e2f78c0                .refptr.PMC_Multiply_I_X
 .rdata$.refptr.PMC_Multiply_L_X
                0x000000006e2f78d0       0x10 ../build/x64_Debug/pmc_initialize.o
                0x000000006e2f78d0                .refptr.PMC_Multiply_L_X
 .rdata$.refptr.PMC_Multiply_X_I
                0x000000006e2f78e0       0x10 ../build/x64_Debug/pmc_initialize.o
                0x000000006e2f78e0                .refptr.PMC_Multiply_X_I
 .rdata$.refptr.PMC_Multiply_X_L
                0x000000006e2f78f0       0x10 ../build/x64_Debug/pmc_initialize.o
                0x000000006e2f78f0                .refptr.PMC_Multiply_X_L
 .rdata$.refptr.PMC_Multiply_X_X
                0x000000006e2f7900       0x10 ../build/x64_Debug/pmc_initialize.o
                0x000000006e2f7900                .refptr.PMC_Multiply_X_X
 .rdata$.refptr.PMC_Pow_X_I
                0x000000006e2f7910       0x10 ../build/x64_Debug/pmc_initialize.o
                0x000000006e2f7910                .refptr.PMC_Pow_X_I
 .rdata$.refptr.PMC_RightShift_X_I
                0x000000006e2f7920       0x10 ../build/x64_Debug/pmc_initialize.o
                0x000000006e2f7920                .refptr.PMC_RightShift_X_I
 .rdata$.refptr.PMC_Subtruct_I_X
                0x000000006e2f7930       0x10 ../build/x64_Debug/pmc_initialize.o
                0x000000006e2f7930                .refptr.PMC_Subtruct_I_X
 .rdata$.refptr.PMC_Subtruct_L_X
                0x000000006e2f7940       0x10 ../build/x64_Debug/pmc_initialize.o
                0x000000006e2f7940                .refptr.PMC_Subtruct_L_X
 .rdata$.refptr.PMC_Subtruct_X_I
                0x000000006e2f7950       0x10 ../build/x64_Debug/pmc_initialize.o
                0x000000006e2f7950                .refptr.PMC_Subtruct_X_I
 .rdata$.refptr.PMC_Subtruct_X_L
                0x000000006e2f7960       0x10 ../build/x64_Debug/pmc_initialize.o
                0x000000006e2f7960                .refptr.PMC_Subtruct_X_L
 .rdata$.refptr.PMC_Subtruct_X_X
                0x000000006e2f7970       0x10 ../build/x64_Debug/pmc_initialize.o
                0x000000006e2f7970                .refptr.PMC_Subtruct_X_X
 .rdata$.refptr.PMC_ToByteArray
                0x000000006e2f7980       0x10 ../build/x64_Debug/pmc_initialize.o
                0x000000006e2f7980                .refptr.PMC_ToByteArray
 .rdata$.refptr.PMC_ToByteArrayForSINT
                0x000000006e2f7990       0x10 ../build/x64_Debug/pmc_initialize.o
                0x000000006e2f7990                .refptr.PMC_ToByteArrayForSINT
 .rdata$.refptr.PMC_ToString
                0x000000006e2f79a0       0x10 ../build/x64_Debug/pmc_initialize.o
                0x000000006e2f79a0                .refptr.PMC_ToString
 .rdata$.refptr.PMC_To_X_I
                0x000000006e2f79b0       0x10 ../build/x64_Debug/pmc_initialize.o
                0x000000006e2f79b0                .refptr.PMC_To_X_I
 .rdata$.refptr.PMC_To_X_L
                0x000000006e2f79c0       0x10 ../build/x64_Debug/pmc_initialize.o
                0x000000006e2f79c0                .refptr.PMC_To_X_L
 .rdata$.refptr.PMC_TryParse
                0x000000006e2f79d0       0x10 ../build/x64_Debug/pmc_initialize.o
                0x000000006e2f79d0                .refptr.PMC_TryParse
 .rdata$.refptr.configuration_info
                0x000000006e2f79e0       0x10 ../build/x64_Debug/pmc_memory.o
                0x000000006e2f79e0                .refptr.configuration_info
 .rdata$.refptr.number_one
                0x000000006e2f79f0       0x10 ../build/x64_Debug/pmc_modpow.o
                0x000000006e2f79f0                .refptr.number_one
 .rdata$.refptr.number_zero
                0x000000006e2f7a00       0x10 ../build/x64_Debug/pmc_add.o
                0x000000006e2f7a00                .refptr.number_zero
 .rdata$.refptr.statistics_info
                0x000000006e2f7a10       0x10 ../build/x64_Debug/pmc_divrem.o
                0x000000006e2f7a10                .refptr.statistics_info
 .rdata$zzz     0x000000006e2f7a20       0x40 ../build/x64_Debug/cpuid.o
 .rdata$zzz     0x000000006e2f7a60       0x40 ../build/x64_Debug/debug.o
 .rdata$zzz     0x000000006e2f7aa0       0x40 ../build/x64_Debug/dllmain.o
 .rdata$zzz     0x000000006e2f7ae0       0x40 ../build/x64_Debug/INTERNALTEST_op_DivRem.o
 .rdata$zzz     0x000000006e2f7b20       0x40 ../build/x64_Debug/INTERNALTEST_op_Multiply.o
 .rdata$zzz     0x000000006e2f7b60       0x40 ../build/x64_Debug/pmc_add.o
 .rdata$zzz     0x000000006e2f7ba0       0x40 ../build/x64_Debug/pmc_bitwiseand.o
 .rdata$zzz     0x000000006e2f7be0       0x40 ../build/x64_Debug/pmc_bitwiseor.o
 .rdata$zzz     0x000000006e2f7c20       0x40 ../build/x64_Debug/pmc_bytes.o
 .rdata$zzz     0x000000006e2f7c60       0x40 ../build/x64_Debug/pmc_clone.o
 .rdata$zzz     0x000000006e2f7ca0       0x40 ../build/x64_Debug/pmc_compare.o
 .rdata$zzz     0x000000006e2f7ce0       0x40 ../build/x64_Debug/pmc_divrem.o
 .rdata$zzz     0x000000006e2f7d20       0x40 ../build/x64_Debug/pmc_equals.o
 .rdata$zzz     0x000000006e2f7d60       0x40 ../build/x64_Debug/pmc_exclusiveor.o
 .rdata$zzz     0x000000006e2f7da0       0x40 ../build/x64_Debug/pmc_from.o
 .rdata$zzz     0x000000006e2f7de0       0x40 ../build/x64_Debug/pmc_getnumbertype.o
 .rdata$zzz     0x000000006e2f7e20       0x40 ../build/x64_Debug/pmc_greatestcommondivisor.o
 .rdata$zzz     0x000000006e2f7e60       0x40 ../build/x64_Debug/pmc_initialize.o
 .rdata$zzz     0x000000006e2f7ea0       0x40 ../build/x64_Debug/pmc_memory.o
 .rdata$zzz     0x000000006e2f7ee0       0x40 ../build/x64_Debug/pmc_modpow.o
 .rdata$zzz     0x000000006e2f7f20       0x40 ../build/x64_Debug/pmc_multiply.o
 .rdata$zzz     0x000000006e2f7f60       0x40 ../build/x64_Debug/pmc_parse.o
 .rdata$zzz     0x000000006e2f7fa0       0x40 ../build/x64_Debug/pmc_pow.o
 .rdata$zzz     0x000000006e2f7fe0       0x40 ../build/x64_Debug/pmc_shift.o
 .rdata$zzz     0x000000006e2f8020       0x40 ../build/x64_Debug/pmc_statistics.o
 .rdata$zzz     0x000000006e2f8060       0x40 ../build/x64_Debug/pmc_subtruct.o
 .rdata$zzz     0x000000006e2f80a0       0x40 ../build/x64_Debug/pmc_to.o
 .rdata$zzz     0x000000006e2f80e0       0x40 ../build/x64_Debug/pmc_tostring.o
 .rdata$zzz     0x000000006e2f8120       0x40 ../build/x64_Debug/TEST_autogenerated.o
 .rdata$zzz     0x000000006e2f8160       0x40 ../build/x64_Debug/TEST_op_Add.o
 .rdata$zzz     0x000000006e2f81a0       0x40 ../build/x64_Debug/TEST_op_BitwiseAnd.o
 .rdata$zzz     0x000000006e2f81e0       0x40 ../build/x64_Debug/TEST_op_BitwiseOr.o
 .rdata$zzz     0x000000006e2f8220       0x40 ../build/x64_Debug/TEST_op_Clone.o
 .rdata$zzz     0x000000006e2f8260       0x40 ../build/x64_Debug/TEST_op_Compare.o
 .rdata$zzz     0x000000006e2f82a0       0x40 ../build/x64_Debug/TEST_op_DivRem.o
 .rdata$zzz     0x000000006e2f82e0       0x40 ../build/x64_Debug/TEST_op_Equals.o
 .rdata$zzz     0x000000006e2f8320       0x40 ../build/x64_Debug/TEST_op_ExclusiveOr.o
 .rdata$zzz     0x000000006e2f8360       0x40 ../build/x64_Debug/TEST_op_From_To.o
 .rdata$zzz     0x000000006e2f83a0       0x40 ../build/x64_Debug/TEST_op_GetNumberType.o
 .rdata$zzz     0x000000006e2f83e0       0x40 ../build/x64_Debug/TEST_op_GreatestCommonDivisor.o
 .rdata$zzz     0x000000006e2f8420       0x40 ../build/x64_Debug/TEST_op_ModPow.o
 .rdata$zzz     0x000000006e2f8460       0x40 ../build/x64_Debug/TEST_op_Multiply.o
 .rdata$zzz     0x000000006e2f84a0       0x40 ../build/x64_Debug/TEST_op_ParseDN.o
 .rdata$zzz     0x000000006e2f84e0       0x40 ../build/x64_Debug/TEST_op_ParseX.o
 .rdata$zzz     0x000000006e2f8520       0x40 ../build/x64_Debug/TEST_op_Pow.o
 .rdata$zzz     0x000000006e2f8560       0x40 ../build/x64_Debug/TEST_op_Shift.o
 .rdata$zzz     0x000000006e2f85a0       0x40 ../build/x64_Debug/TEST_op_Subtruct.o
 .rdata$zzz     0x000000006e2f85e0       0x40 ../build/x64_Debug/TEST_op_ToStringD.o
 .rdata$zzz     0x000000006e2f8620       0x40 ../build/x64_Debug/TEST_op_ToStringN.o
 .rdata$zzz     0x000000006e2f8660       0x40 ../build/x64_Debug/TEST_op_ToStringX.o
                0x000000006e2f86a0                __rt_psrelocs_start = .
 *(.rdata_runtime_pseudo_reloc)
                0x000000006e2f86a0                __rt_psrelocs_end = .
                0x0000000000000000                __rt_psrelocs_size = (__rt_psrelocs_end - __rt_psrelocs_start)
                0x000000006e2f86a0                ___RUNTIME_PSEUDO_RELOC_LIST_END__ = .
                0x000000006e2f86a0                __RUNTIME_PSEUDO_RELOC_LIST_END__ = .
                0x000000006e2f86a0                ___RUNTIME_PSEUDO_RELOC_LIST__ = (. - __rt_psrelocs_size)
                0x000000006e2f86a0                __RUNTIME_PSEUDO_RELOC_LIST__ = (. - __rt_psrelocs_size)

.eh_frame
 *(.eh_frame*)

.pdata          0x000000006e2f9000     0x1600
 *(.pdata*)
 .pdata         0x000000006e2f9000       0x30 ../build/x64_Debug/cpuid.o
 .pdata         0x000000006e2f9030       0x60 ../build/x64_Debug/debug.o
 .pdata         0x000000006e2f9090        0xc ../build/x64_Debug/dllmain.o
 .pdata         0x000000006e2f909c       0x24 ../build/x64_Debug/INTERNALTEST_op_DivRem.o
 .pdata         0x000000006e2f90c0       0x30 ../build/x64_Debug/INTERNALTEST_op_Multiply.o
 .pdata         0x000000006e2f90f0      0x150 ../build/x64_Debug/pmc_add.o
 .pdata         0x000000006e2f9240       0x6c ../build/x64_Debug/pmc_bitwiseand.o
 .pdata         0x000000006e2f92ac       0xb4 ../build/x64_Debug/pmc_bitwiseor.o
 .pdata         0x000000006e2f9360       0x60 ../build/x64_Debug/pmc_bytes.o
 .pdata         0x000000006e2f93c0       0x18 ../build/x64_Debug/pmc_clone.o
 .pdata         0x000000006e2f93d8       0x84 ../build/x64_Debug/pmc_compare.o
 .pdata         0x000000006e2f945c      0x24c ../build/x64_Debug/pmc_divrem.o
 .pdata         0x000000006e2f96a8       0x84 ../build/x64_Debug/pmc_equals.o
 .pdata         0x000000006e2f972c       0xb4 ../build/x64_Debug/pmc_exclusiveor.o
 .pdata         0x000000006e2f97e0       0x54 ../build/x64_Debug/pmc_from.o
 .pdata         0x000000006e2f9834       0x18 ../build/x64_Debug/pmc_getnumbertype.o
 .pdata         0x000000006e2f984c       0xc0 ../build/x64_Debug/pmc_greatestcommondivisor.o
 .pdata         0x000000006e2f990c        0xc ../build/x64_Debug/pmc_initialize.o
 .pdata         0x000000006e2f9918      0x174 ../build/x64_Debug/pmc_memory.o
 .pdata         0x000000006e2f9a8c       0x84 ../build/x64_Debug/pmc_modpow.o
 .pdata         0x000000006e2f9b10      0x144 ../build/x64_Debug/pmc_multiply.o
 .pdata         0x000000006e2f9c54      0x18c ../build/x64_Debug/pmc_parse.o
 .pdata         0x000000006e2f9de0       0x54 ../build/x64_Debug/pmc_pow.o
 .pdata         0x000000006e2f9e34       0x84 ../build/x64_Debug/pmc_shift.o
 .pdata         0x000000006e2f9eb8        0xc ../build/x64_Debug/pmc_statistics.o
 .pdata         0x000000006e2f9ec4       0xd8 ../build/x64_Debug/pmc_subtruct.o
 .pdata         0x000000006e2f9f9c       0x30 ../build/x64_Debug/pmc_to.o
 .pdata         0x000000006e2f9fcc      0x108 ../build/x64_Debug/pmc_tostring.o
 .pdata         0x000000006e2fa0d4        0xc ../build/x64_Debug/TEST_autogenerated.o
 .pdata         0x000000006e2fa0e0       0x48 ../build/x64_Debug/TEST_op_Add.o
 .pdata         0x000000006e2fa128       0x48 ../build/x64_Debug/TEST_op_BitwiseAnd.o
 .pdata         0x000000006e2fa170       0x48 ../build/x64_Debug/TEST_op_BitwiseOr.o
 .pdata         0x000000006e2fa1b8       0x18 ../build/x64_Debug/TEST_op_Clone.o
 .pdata         0x000000006e2fa1d0       0x3c ../build/x64_Debug/TEST_op_Compare.o
 .pdata         0x000000006e2fa20c       0x48 ../build/x64_Debug/TEST_op_DivRem.o
 .pdata         0x000000006e2fa254       0x3c ../build/x64_Debug/TEST_op_Equals.o
 .pdata         0x000000006e2fa290       0x48 ../build/x64_Debug/TEST_op_ExclusiveOr.o
 .pdata         0x000000006e2fa2d8       0x3c ../build/x64_Debug/TEST_op_From_To.o
 .pdata         0x000000006e2fa314        0xc ../build/x64_Debug/TEST_op_GetNumberType.o
 .pdata         0x000000006e2fa320       0x48 ../build/x64_Debug/TEST_op_GreatestCommonDivisor.o
 .pdata         0x000000006e2fa368       0x18 ../build/x64_Debug/TEST_op_ModPow.o
 .pdata         0x000000006e2fa380       0x48 ../build/x64_Debug/TEST_op_Multiply.o
 .pdata         0x000000006e2fa3c8       0x24 ../build/x64_Debug/TEST_op_ParseDN.o
 .pdata         0x000000006e2fa3ec       0x18 ../build/x64_Debug/TEST_op_ParseX.o
 .pdata         0x000000006e2fa404       0x18 ../build/x64_Debug/TEST_op_Pow.o
 .pdata         0x000000006e2fa41c       0x24 ../build/x64_Debug/TEST_op_Shift.o
 .pdata         0x000000006e2fa440       0x48 ../build/x64_Debug/TEST_op_Subtruct.o
 .pdata         0x000000006e2fa488        0xc ../build/x64_Debug/TEST_op_ToStringD.o
 .pdata         0x000000006e2fa494        0xc ../build/x64_Debug/TEST_op_ToStringN.o
 .pdata         0x000000006e2fa4a0        0xc ../build/x64_Debug/TEST_op_ToStringX.o

.xdata          0x000000006e2fb000     0x1600
 *(.xdata*)
 .xdata         0x000000006e2fb000       0x30 ../build/x64_Debug/cpuid.o
 .xdata         0x000000006e2fb030       0x60 ../build/x64_Debug/debug.o
 .xdata         0x000000006e2fb090        0xc ../build/x64_Debug/dllmain.o
 .xdata         0x000000006e2fb09c       0x28 ../build/x64_Debug/INTERNALTEST_op_DivRem.o
 .xdata         0x000000006e2fb0c4       0x30 ../build/x64_Debug/INTERNALTEST_op_Multiply.o
 .xdata         0x000000006e2fb0f4      0x120 ../build/x64_Debug/pmc_add.o
 .xdata         0x000000006e2fb214       0x60 ../build/x64_Debug/pmc_bitwiseand.o
 .xdata         0x000000006e2fb274       0xb0 ../build/x64_Debug/pmc_bitwiseor.o
 .xdata         0x000000006e2fb324       0x60 ../build/x64_Debug/pmc_bytes.o
 .xdata         0x000000006e2fb384       0x14 ../build/x64_Debug/pmc_clone.o
 .xdata         0x000000006e2fb398       0x7c ../build/x64_Debug/pmc_compare.o
 .xdata         0x000000006e2fb414      0x224 ../build/x64_Debug/pmc_divrem.o
 .xdata         0x000000006e2fb638       0x7c ../build/x64_Debug/pmc_equals.o
 .xdata         0x000000006e2fb6b4       0xb0 ../build/x64_Debug/pmc_exclusiveor.o
 .xdata         0x000000006e2fb764       0x50 ../build/x64_Debug/pmc_from.o
 .xdata         0x000000006e2fb7b4       0x14 ../build/x64_Debug/pmc_getnumbertype.o
 .xdata         0x000000006e2fb7c8       0xc0 ../build/x64_Debug/pmc_greatestcommondivisor.o
 .xdata         0x000000006e2fb888        0xc ../build/x64_Debug/pmc_initialize.o
 .xdata         0x000000006e2fb894      0x16c ../build/x64_Debug/pmc_memory.o
 .xdata         0x000000006e2fba00       0x80 ../build/x64_Debug/pmc_modpow.o
 .xdata         0x000000006e2fba80      0x140 ../build/x64_Debug/pmc_multiply.o
 .xdata         0x000000006e2fbbc0      0x178 ../build/x64_Debug/pmc_parse.o
 .xdata         0x000000006e2fbd38       0x54 ../build/x64_Debug/pmc_pow.o
 .xdata         0x000000006e2fbd8c       0x88 ../build/x64_Debug/pmc_shift.o
 .xdata         0x000000006e2fbe14        0x8 ../build/x64_Debug/pmc_statistics.o
 .xdata         0x000000006e2fbe1c       0xc0 ../build/x64_Debug/pmc_subtruct.o
 .xdata         0x000000006e2fbedc       0x28 ../build/x64_Debug/pmc_to.o
 .xdata         0x000000006e2fbf04      0x104 ../build/x64_Debug/pmc_tostring.o
 .xdata         0x000000006e2fc008       0x18 ../build/x64_Debug/TEST_autogenerated.o
 .xdata         0x000000006e2fc020       0x58 ../build/x64_Debug/TEST_op_Add.o
 .xdata         0x000000006e2fc078       0x58 ../build/x64_Debug/TEST_op_BitwiseAnd.o
 .xdata         0x000000006e2fc0d0       0x58 ../build/x64_Debug/TEST_op_BitwiseOr.o
 .xdata         0x000000006e2fc128       0x18 ../build/x64_Debug/TEST_op_Clone.o
 .xdata         0x000000006e2fc140       0x50 ../build/x64_Debug/TEST_op_Compare.o
 .xdata         0x000000006e2fc190       0x58 ../build/x64_Debug/TEST_op_DivRem.o
 .xdata         0x000000006e2fc1e8       0x50 ../build/x64_Debug/TEST_op_Equals.o
 .xdata         0x000000006e2fc238       0x58 ../build/x64_Debug/TEST_op_ExclusiveOr.o
 .xdata         0x000000006e2fc290       0x48 ../build/x64_Debug/TEST_op_From_To.o
 .xdata         0x000000006e2fc2d8       0x10 ../build/x64_Debug/TEST_op_GetNumberType.o
 .xdata         0x000000006e2fc2e8       0x58 ../build/x64_Debug/TEST_op_GreatestCommonDivisor.o
 .xdata         0x000000006e2fc340       0x18 ../build/x64_Debug/TEST_op_ModPow.o
 .xdata         0x000000006e2fc358       0x58 ../build/x64_Debug/TEST_op_Multiply.o
 .xdata         0x000000006e2fc3b0       0x28 ../build/x64_Debug/TEST_op_ParseDN.o
 .xdata         0x000000006e2fc3d8       0x18 ../build/x64_Debug/TEST_op_ParseX.o
 .xdata         0x000000006e2fc3f0       0x18 ../build/x64_Debug/TEST_op_Pow.o
 .xdata         0x000000006e2fc408       0x28 ../build/x64_Debug/TEST_op_Shift.o
 .xdata         0x000000006e2fc430       0x58 ../build/x64_Debug/TEST_op_Subtruct.o
 .xdata         0x000000006e2fc488       0x10 ../build/x64_Debug/TEST_op_ToStringD.o
 .xdata         0x000000006e2fc498       0x10 ../build/x64_Debug/TEST_op_ToStringN.o
 .xdata         0x000000006e2fc4a8       0x10 ../build/x64_Debug/TEST_op_ToStringX.o

.bss            0x000000006e2fd000    0x17660
                0x000000006e2fd000                __bss_start__ = .
 *(.bss)
 .bss           0x000000006e2fd000        0x0 ../build/x64_Debug/cpuid.o
 .bss           0x000000006e2fd000      0x420 ../build/x64_Debug/debug.o
                0x000000006e2fd000                test_total_count
                0x000000006e2fd004                test_ok_count
                0x000000006e2fd008                __DEBUG_LOG
 .bss           0x000000006e2fd420        0x0 ../build/x64_Debug/dllmain.o
 .bss           0x000000006e2fd420        0x0 ../build/x64_Debug/INTERNALTEST_op_DivRem.o
 .bss           0x000000006e2fd420        0x0 ../build/x64_Debug/INTERNALTEST_op_Multiply.o
 .bss           0x000000006e2fd420       0x10 ../build/x64_Debug/pmc_add.o
 .bss           0x000000006e2fd430        0x0 ../build/x64_Debug/pmc_bitwiseand.o
 .bss           0x000000006e2fd430        0x0 ../build/x64_Debug/pmc_bitwiseor.o
 .bss           0x000000006e2fd430        0x0 ../build/x64_Debug/pmc_bytes.o
 .bss           0x000000006e2fd430        0x0 ../build/x64_Debug/pmc_clone.o
 .bss           0x000000006e2fd430        0x0 ../build/x64_Debug/pmc_compare.o
 .bss           0x000000006e2fd430       0x10 ../build/x64_Debug/pmc_divrem.o
 .bss           0x000000006e2fd440        0x0 ../build/x64_Debug/pmc_equals.o
 .bss           0x000000006e2fd440        0x0 ../build/x64_Debug/pmc_exclusiveor.o
 .bss           0x000000006e2fd440        0x0 ../build/x64_Debug/pmc_from.o
 .bss           0x000000006e2fd440        0x0 ../build/x64_Debug/pmc_getnumbertype.o
 .bss           0x000000006e2fd440        0x0 ../build/x64_Debug/pmc_greatestcommondivisor.o
 .bss           0x000000006e2fd440      0x240 ../build/x64_Debug/pmc_initialize.o
 .bss           0x000000006e2fd680        0x0 ../build/x64_Debug/pmc_memory.o
 .bss           0x000000006e2fd680        0x0 ../build/x64_Debug/pmc_modpow.o
 .bss           0x000000006e2fd680       0x20 ../build/x64_Debug/pmc_multiply.o
 .bss           0x000000006e2fd6a0       0x40 ../build/x64_Debug/pmc_parse.o
 .bss           0x000000006e2fd6e0        0x0 ../build/x64_Debug/pmc_pow.o
 .bss           0x000000006e2fd6e0        0x0 ../build/x64_Debug/pmc_shift.o
 .bss           0x000000006e2fd6e0        0x0 ../build/x64_Debug/pmc_statistics.o
 .bss           0x000000006e2fd6e0        0x0 ../build/x64_Debug/pmc_subtruct.o
 .bss           0x000000006e2fd6e0        0x0 ../build/x64_Debug/pmc_to.o
 .bss           0x000000006e2fd6e0       0x40 ../build/x64_Debug/pmc_tostring.o
 .bss           0x000000006e2fd720      0xb10 ../build/x64_Debug/TEST_autogenerated.o
 .bss           0x000000006e2fe230        0x0 ../build/x64_Debug/TEST_op_Add.o
 .bss           0x000000006e2fe230        0x0 ../build/x64_Debug/TEST_op_BitwiseAnd.o
 .bss           0x000000006e2fe230        0x0 ../build/x64_Debug/TEST_op_BitwiseOr.o
 .bss           0x000000006e2fe230        0x0 ../build/x64_Debug/TEST_op_Clone.o
 .bss           0x000000006e2fe230        0x0 ../build/x64_Debug/TEST_op_Compare.o
 .bss           0x000000006e2fe230        0x0 ../build/x64_Debug/TEST_op_DivRem.o
 .bss           0x000000006e2fe230        0x0 ../build/x64_Debug/TEST_op_Equals.o
 .bss           0x000000006e2fe230        0x0 ../build/x64_Debug/TEST_op_ExclusiveOr.o
 .bss           0x000000006e2fe230        0x0 ../build/x64_Debug/TEST_op_From_To.o
 .bss           0x000000006e2fe230        0x0 ../build/x64_Debug/TEST_op_GetNumberType.o
 .bss           0x000000006e2fe230        0x0 ../build/x64_Debug/TEST_op_GreatestCommonDivisor.o
 .bss           0x000000006e2fe230        0x0 ../build/x64_Debug/TEST_op_ModPow.o
 .bss           0x000000006e2fe230        0x0 ../build/x64_Debug/TEST_op_Multiply.o
 *fill*         0x000000006e2fe230       0x10 
 .bss           0x000000006e2fe240      0x240 ../build/x64_Debug/TEST_op_ParseDN.o
 .bss           0x000000006e2fe480      0x120 ../build/x64_Debug/TEST_op_ParseX.o
 .bss           0x000000006e2fe5a0    0x10000 ../build/x64_Debug/TEST_op_Pow.o
 .bss           0x000000006e30e5a0        0x0 ../build/x64_Debug/TEST_op_Shift.o
 .bss           0x000000006e30e5a0        0x0 ../build/x64_Debug/TEST_op_Subtruct.o
 .bss           0x000000006e30e5a0     0x2000 ../build/x64_Debug/TEST_op_ToStringD.o
 .bss           0x000000006e3105a0     0x2000 ../build/x64_Debug/TEST_op_ToStringN.o
 .bss           0x000000006e3125a0     0x2000 ../build/x64_Debug/TEST_op_ToStringX.o
 .bss           0x000000006e3145a0        0x0 C:/GNU/MINGW64/x86_64-8.1.0-win32-seh-rt_v6-rev0/mingw64/bin/../lib/gcc/x86_64-w64-mingw32/8.1.0/../../../../x86_64-w64-mingw32/lib/../lib/libkernel32.a(dqifs01555.o)
 .bss           0x000000006e3145a0        0x0 C:/GNU/MINGW64/x86_64-8.1.0-win32-seh-rt_v6-rev0/mingw64/bin/../lib/gcc/x86_64-w64-mingw32/8.1.0/../../../../x86_64-w64-mingw32/lib/../lib/libkernel32.a(dqifs01549.o)
 .bss           0x000000006e3145a0        0x0 C:/GNU/MINGW64/x86_64-8.1.0-win32-seh-rt_v6-rev0/mingw64/bin/../lib/gcc/x86_64-w64-mingw32/8.1.0/../../../../x86_64-w64-mingw32/lib/../lib/libkernel32.a(dqifs01548.o)
 .bss           0x000000006e3145a0        0x0 C:/GNU/MINGW64/x86_64-8.1.0-win32-seh-rt_v6-rev0/mingw64/bin/../lib/gcc/x86_64-w64-mingw32/8.1.0/../../../../x86_64-w64-mingw32/lib/../lib/libkernel32.a(dqifs01543.o)
 .bss           0x000000006e3145a0        0x0 C:/GNU/MINGW64/x86_64-8.1.0-win32-seh-rt_v6-rev0/mingw64/bin/../lib/gcc/x86_64-w64-mingw32/8.1.0/../../../../x86_64-w64-mingw32/lib/../lib/libkernel32.a(dqifs00841.o)
 .bss           0x000000006e3145a0        0x0 C:/GNU/MINGW64/x86_64-8.1.0-win32-seh-rt_v6-rev0/mingw64/bin/../lib/gcc/x86_64-w64-mingw32/8.1.0/../../../../x86_64-w64-mingw32/lib/../lib/libkernel32.a(dqifs00839.o)
 .bss           0x000000006e3145a0        0x0 C:/GNU/MINGW64/x86_64-8.1.0-win32-seh-rt_v6-rev0/mingw64/bin/../lib/gcc/x86_64-w64-mingw32/8.1.0/../../../../x86_64-w64-mingw32/lib/../lib/libkernel32.a(dqifs00837.o)
 .bss           0x000000006e3145a0        0x0 C:/GNU/MINGW64/x86_64-8.1.0-win32-seh-rt_v6-rev0/mingw64/bin/../lib/gcc/x86_64-w64-mingw32/8.1.0/../../../../x86_64-w64-mingw32/lib/../lib/libkernel32.a(dqifs00835.o)
 .bss           0x000000006e3145a0        0x0 C:/GNU/MINGW64/x86_64-8.1.0-win32-seh-rt_v6-rev0/mingw64/bin/../lib/gcc/x86_64-w64-mingw32/8.1.0/../../../../x86_64-w64-mingw32/lib/../lib/libkernel32.a(dqifs00774.o)
 .bss           0x000000006e3145a0        0x0 C:/GNU/MINGW64/x86_64-8.1.0-win32-seh-rt_v6-rev0/mingw64/bin/../lib/gcc/x86_64-w64-mingw32/8.1.0/../../../../x86_64-w64-mingw32/lib/../lib/libkernel32.a(dqifh.o)
 .bss           0x000000006e3145a0        0x0 C:/GNU/MINGW64/x86_64-8.1.0-win32-seh-rt_v6-rev0/mingw64/bin/../lib/gcc/x86_64-w64-mingw32/8.1.0/../../../../x86_64-w64-mingw32/lib/../lib/libkernel32.a(dqift.o)
 .bss           0x000000006e3145a0        0x0 C:/GNU/MINGW64/x86_64-8.1.0-win32-seh-rt_v6-rev0/mingw64/bin/../lib/gcc/x86_64-w64-mingw32/8.1.0/../../../../x86_64-w64-mingw32/lib/../lib/libuser32.a(dyqes00958.o)
 .bss           0x000000006e3145a0        0x0 C:/GNU/MINGW64/x86_64-8.1.0-win32-seh-rt_v6-rev0/mingw64/bin/../lib/gcc/x86_64-w64-mingw32/8.1.0/../../../../x86_64-w64-mingw32/lib/../lib/libuser32.a(dyqeh.o)
 .bss           0x000000006e3145a0        0x0 C:/GNU/MINGW64/x86_64-8.1.0-win32-seh-rt_v6-rev0/mingw64/bin/../lib/gcc/x86_64-w64-mingw32/8.1.0/../../../../x86_64-w64-mingw32/lib/../lib/libuser32.a(dyqet.o)
 *(COMMON)
 COMMON         0x000000006e3145a0        0x4 ../build/x64_Debug/pmc_initialize.o
                0x000000006e3145a0                configuration_info
 *fill*         0x000000006e3145a4       0x1c 
 COMMON         0x000000006e3145c0       0x88 ../build/x64_Debug/pmc_memory.o
                0x000000006e3145c0                number_one
                0x000000006e314600                number_zero
                0x000000006e314640                hLocalHeap
 *fill*         0x000000006e314648        0x8 
 COMMON         0x000000006e314650       0x10 ../build/x64_Debug/pmc_statistics.o
                0x000000006e314650                statistics_info
                0x000000006e314660                __bss_end__ = .

.edata          0x000000006e315000      0x200
 *(.edata)
 .edata         0x000000006e315000       0x56 dll stuff

/DISCARD/
 *(.debug$S)
 *(.debug$T)
 *(.debug$F)
 *(.drectve)
 *(.note.GNU-stack)
 *(.gnu.lto_*)

.idata          0x000000006e316000      0x200
 SORT_BY_NAME(*)(.idata$2)
 .idata$2       0x000000006e316000       0x14 C:/GNU/MINGW64/x86_64-8.1.0-win32-seh-rt_v6-rev0/mingw64/bin/../lib/gcc/x86_64-w64-mingw32/8.1.0/../../../../x86_64-w64-mingw32/lib/../lib/libkernel32.a(dqifh.o)
                0x000000006e316000                _head_lib64_libkernel32_a
 .idata$2       0x000000006e316014       0x14 C:/GNU/MINGW64/x86_64-8.1.0-win32-seh-rt_v6-rev0/mingw64/bin/../lib/gcc/x86_64-w64-mingw32/8.1.0/../../../../x86_64-w64-mingw32/lib/../lib/libuser32.a(dyqeh.o)
                0x000000006e316014                _head_lib64_libuser32_a
 SORT_BY_NAME(*)(.idata$3)
                0x000000006e316028        0x4 LONG 0x0
                0x000000006e31602c        0x4 LONG 0x0
                0x000000006e316030        0x4 LONG 0x0
                0x000000006e316034        0x4 LONG 0x0
                0x000000006e316038        0x4 LONG 0x0
 SORT_BY_NAME(*)(.idata$4)
 .idata$4       0x000000006e31603c        0x0 C:/GNU/MINGW64/x86_64-8.1.0-win32-seh-rt_v6-rev0/mingw64/bin/../lib/gcc/x86_64-w64-mingw32/8.1.0/../../../../x86_64-w64-mingw32/lib/../lib/libkernel32.a(dqifh.o)
 .idata$4       0x000000006e31603c        0x8 C:/GNU/MINGW64/x86_64-8.1.0-win32-seh-rt_v6-rev0/mingw64/bin/../lib/gcc/x86_64-w64-mingw32/8.1.0/../../../../x86_64-w64-mingw32/lib/../lib/libkernel32.a(dqifs00774.o)
 .idata$4       0x000000006e316044        0x8 C:/GNU/MINGW64/x86_64-8.1.0-win32-seh-rt_v6-rev0/mingw64/bin/../lib/gcc/x86_64-w64-mingw32/8.1.0/../../../../x86_64-w64-mingw32/lib/../lib/libkernel32.a(dqifs00835.o)
 .idata$4       0x000000006e31604c        0x8 C:/GNU/MINGW64/x86_64-8.1.0-win32-seh-rt_v6-rev0/mingw64/bin/../lib/gcc/x86_64-w64-mingw32/8.1.0/../../../../x86_64-w64-mingw32/lib/../lib/libkernel32.a(dqifs00837.o)
 .idata$4       0x000000006e316054        0x8 C:/GNU/MINGW64/x86_64-8.1.0-win32-seh-rt_v6-rev0/mingw64/bin/../lib/gcc/x86_64-w64-mingw32/8.1.0/../../../../x86_64-w64-mingw32/lib/../lib/libkernel32.a(dqifs00839.o)
 .idata$4       0x000000006e31605c        0x8 C:/GNU/MINGW64/x86_64-8.1.0-win32-seh-rt_v6-rev0/mingw64/bin/../lib/gcc/x86_64-w64-mingw32/8.1.0/../../../../x86_64-w64-mingw32/lib/../lib/libkernel32.a(dqifs00841.o)
 .idata$4       0x000000006e316064        0x8 C:/GNU/MINGW64/x86_64-8.1.0-win32-seh-rt_v6-rev0/mingw64/bin/../lib/gcc/x86_64-w64-mingw32/8.1.0/../../../../x86_64-w64-mingw32/lib/../lib/libkernel32.a(dqifs01543.o)
 .idata$4       0x000000006e31606c        0x8 C:/GNU/MINGW64/x86_64-8.1.0-win32-seh-rt_v6-rev0/mingw64/bin/../lib/gcc/x86_64-w64-mingw32/8.1.0/../../../../x86_64-w64-mingw32/lib/../lib/libkernel32.a(dqifs01548.o)
 .idata$4       0x000000006e316074        0x8 C:/GNU/MINGW64/x86_64-8.1.0-win32-seh-rt_v6-rev0/mingw64/bin/../lib/gcc/x86_64-w64-mingw32/8.1.0/../../../../x86_64-w64-mingw32/lib/../lib/libkernel32.a(dqifs01549.o)
 .idata$4       0x000000006e31607c        0x8 C:/GNU/MINGW64/x86_64-8.1.0-win32-seh-rt_v6-rev0/mingw64/bin/../lib/gcc/x86_64-w64-mingw32/8.1.0/../../../../x86_64-w64-mingw32/lib/../lib/libkernel32.a(dqifs01555.o)
 .idata$4       0x000000006e316084        0x8 C:/GNU/MINGW64/x86_64-8.1.0-win32-seh-rt_v6-rev0/mingw64/bin/../lib/gcc/x86_64-w64-mingw32/8.1.0/../../../../x86_64-w64-mingw32/lib/../lib/libkernel32.a(dqift.o)
 .idata$4       0x000000006e31608c        0x0 C:/GNU/MINGW64/x86_64-8.1.0-win32-seh-rt_v6-rev0/mingw64/bin/../lib/gcc/x86_64-w64-mingw32/8.1.0/../../../../x86_64-w64-mingw32/lib/../lib/libuser32.a(dyqeh.o)
 .idata$4       0x000000006e31608c        0x8 C:/GNU/MINGW64/x86_64-8.1.0-win32-seh-rt_v6-rev0/mingw64/bin/../lib/gcc/x86_64-w64-mingw32/8.1.0/../../../../x86_64-w64-mingw32/lib/../lib/libuser32.a(dyqes00958.o)
 .idata$4       0x000000006e316094        0x8 C:/GNU/MINGW64/x86_64-8.1.0-win32-seh-rt_v6-rev0/mingw64/bin/../lib/gcc/x86_64-w64-mingw32/8.1.0/../../../../x86_64-w64-mingw32/lib/../lib/libuser32.a(dyqet.o)
                0x000000006e31609c                __IAT_start__ = .
 SORT_BY_NAME(*)(.idata$5)
 .idata$5       0x000000006e31609c        0x0 C:/GNU/MINGW64/x86_64-8.1.0-win32-seh-rt_v6-rev0/mingw64/bin/../lib/gcc/x86_64-w64-mingw32/8.1.0/../../../../x86_64-w64-mingw32/lib/../lib/libkernel32.a(dqifh.o)
 .idata$5       0x000000006e31609c        0x8 C:/GNU/MINGW64/x86_64-8.1.0-win32-seh-rt_v6-rev0/mingw64/bin/../lib/gcc/x86_64-w64-mingw32/8.1.0/../../../../x86_64-w64-mingw32/lib/../lib/libkernel32.a(dqifs00774.o)
                0x000000006e31609c                __imp_GetTickCount
 .idata$5       0x000000006e3160a4        0x8 C:/GNU/MINGW64/x86_64-8.1.0-win32-seh-rt_v6-rev0/mingw64/bin/../lib/gcc/x86_64-w64-mingw32/8.1.0/../../../../x86_64-w64-mingw32/lib/../lib/libkernel32.a(dqifs00835.o)
                0x000000006e3160a4                __imp_HeapAlloc
 .idata$5       0x000000006e3160ac        0x8 C:/GNU/MINGW64/x86_64-8.1.0-win32-seh-rt_v6-rev0/mingw64/bin/../lib/gcc/x86_64-w64-mingw32/8.1.0/../../../../x86_64-w64-mingw32/lib/../lib/libkernel32.a(dqifs00837.o)
                0x000000006e3160ac                __imp_HeapCreate
 .idata$5       0x000000006e3160b4        0x8 C:/GNU/MINGW64/x86_64-8.1.0-win32-seh-rt_v6-rev0/mingw64/bin/../lib/gcc/x86_64-w64-mingw32/8.1.0/../../../../x86_64-w64-mingw32/lib/../lib/libkernel32.a(dqifs00839.o)
                0x000000006e3160b4                __imp_HeapDestroy
 .idata$5       0x000000006e3160bc        0x8 C:/GNU/MINGW64/x86_64-8.1.0-win32-seh-rt_v6-rev0/mingw64/bin/../lib/gcc/x86_64-w64-mingw32/8.1.0/../../../../x86_64-w64-mingw32/lib/../lib/libkernel32.a(dqifs00841.o)
                0x000000006e3160bc                __imp_HeapFree
 .idata$5       0x000000006e3160c4        0x8 C:/GNU/MINGW64/x86_64-8.1.0-win32-seh-rt_v6-rev0/mingw64/bin/../lib/gcc/x86_64-w64-mingw32/8.1.0/../../../../x86_64-w64-mingw32/lib/../lib/libkernel32.a(dqifs01543.o)
                0x000000006e3160c4                __imp_lstrcmpW
 .idata$5       0x000000006e3160cc        0x8 C:/GNU/MINGW64/x86_64-8.1.0-win32-seh-rt_v6-rev0/mingw64/bin/../lib/gcc/x86_64-w64-mingw32/8.1.0/../../../../x86_64-w64-mingw32/lib/../lib/libkernel32.a(dqifs01548.o)
                0x000000006e3160cc                __imp_lstrcpyA
 .idata$5       0x000000006e3160d4        0x8 C:/GNU/MINGW64/x86_64-8.1.0-win32-seh-rt_v6-rev0/mingw64/bin/../lib/gcc/x86_64-w64-mingw32/8.1.0/../../../../x86_64-w64-mingw32/lib/../lib/libkernel32.a(dqifs01549.o)
                0x000000006e3160d4                __imp_lstrcpyW
 .idata$5       0x000000006e3160dc        0x8 C:/GNU/MINGW64/x86_64-8.1.0-win32-seh-rt_v6-rev0/mingw64/bin/../lib/gcc/x86_64-w64-mingw32/8.1.0/../../../../x86_64-w64-mingw32/lib/../lib/libkernel32.a(dqifs01555.o)
                0x000000006e3160dc                __imp_lstrlenW
 .idata$5       0x000000006e3160e4        0x8 C:/GNU/MINGW64/x86_64-8.1.0-win32-seh-rt_v6-rev0/mingw64/bin/../lib/gcc/x86_64-w64-mingw32/8.1.0/../../../../x86_64-w64-mingw32/lib/../lib/libkernel32.a(dqift.o)
 .idata$5       0x000000006e3160ec        0x0 C:/GNU/MINGW64/x86_64-8.1.0-win32-seh-rt_v6-rev0/mingw64/bin/../lib/gcc/x86_64-w64-mingw32/8.1.0/../../../../x86_64-w64-mingw32/lib/../lib/libuser32.a(dyqeh.o)
 .idata$5       0x000000006e3160ec        0x8 C:/GNU/MINGW64/x86_64-8.1.0-win32-seh-rt_v6-rev0/mingw64/bin/../lib/gcc/x86_64-w64-mingw32/8.1.0/../../../../x86_64-w64-mingw32/lib/../lib/libuser32.a(dyqes00958.o)
                0x000000006e3160ec                __imp_wsprintfW
 .idata$5       0x000000006e3160f4        0x8 C:/GNU/MINGW64/x86_64-8.1.0-win32-seh-rt_v6-rev0/mingw64/bin/../lib/gcc/x86_64-w64-mingw32/8.1.0/../../../../x86_64-w64-mingw32/lib/../lib/libuser32.a(dyqet.o)
                0x000000006e3160fc                __IAT_end__ = .
 SORT_BY_NAME(*)(.idata$6)
 .idata$6       0x000000006e3160fc       0x10 C:/GNU/MINGW64/x86_64-8.1.0-win32-seh-rt_v6-rev0/mingw64/bin/../lib/gcc/x86_64-w64-mingw32/8.1.0/../../../../x86_64-w64-mingw32/lib/../lib/libkernel32.a(dqifs00774.o)
 .idata$6       0x000000006e31610c        0xc C:/GNU/MINGW64/x86_64-8.1.0-win32-seh-rt_v6-rev0/mingw64/bin/../lib/gcc/x86_64-w64-mingw32/8.1.0/../../../../x86_64-w64-mingw32/lib/../lib/libkernel32.a(dqifs00835.o)
 .idata$6       0x000000006e316118        0xe C:/GNU/MINGW64/x86_64-8.1.0-win32-seh-rt_v6-rev0/mingw64/bin/../lib/gcc/x86_64-w64-mingw32/8.1.0/../../../../x86_64-w64-mingw32/lib/../lib/libkernel32.a(dqifs00837.o)
 .idata$6       0x000000006e316126        0xe C:/GNU/MINGW64/x86_64-8.1.0-win32-seh-rt_v6-rev0/mingw64/bin/../lib/gcc/x86_64-w64-mingw32/8.1.0/../../../../x86_64-w64-mingw32/lib/../lib/libkernel32.a(dqifs00839.o)
 .idata$6       0x000000006e316134        0xc C:/GNU/MINGW64/x86_64-8.1.0-win32-seh-rt_v6-rev0/mingw64/bin/../lib/gcc/x86_64-w64-mingw32/8.1.0/../../../../x86_64-w64-mingw32/lib/../lib/libkernel32.a(dqifs00841.o)
 .idata$6       0x000000006e316140        0xc C:/GNU/MINGW64/x86_64-8.1.0-win32-seh-rt_v6-rev0/mingw64/bin/../lib/gcc/x86_64-w64-mingw32/8.1.0/../../../../x86_64-w64-mingw32/lib/../lib/libkernel32.a(dqifs01543.o)
 .idata$6       0x000000006e31614c        0xc C:/GNU/MINGW64/x86_64-8.1.0-win32-seh-rt_v6-rev0/mingw64/bin/../lib/gcc/x86_64-w64-mingw32/8.1.0/../../../../x86_64-w64-mingw32/lib/../lib/libkernel32.a(dqifs01548.o)
 .idata$6       0x000000006e316158        0xc C:/GNU/MINGW64/x86_64-8.1.0-win32-seh-rt_v6-rev0/mingw64/bin/../lib/gcc/x86_64-w64-mingw32/8.1.0/../../../../x86_64-w64-mingw32/lib/../lib/libkernel32.a(dqifs01549.o)
 .idata$6       0x000000006e316164        0xc C:/GNU/MINGW64/x86_64-8.1.0-win32-seh-rt_v6-rev0/mingw64/bin/../lib/gcc/x86_64-w64-mingw32/8.1.0/../../../../x86_64-w64-mingw32/lib/../lib/libkernel32.a(dqifs01555.o)
 .idata$6       0x000000006e316170        0xc C:/GNU/MINGW64/x86_64-8.1.0-win32-seh-rt_v6-rev0/mingw64/bin/../lib/gcc/x86_64-w64-mingw32/8.1.0/../../../../x86_64-w64-mingw32/lib/../lib/libuser32.a(dyqes00958.o)
 SORT_BY_NAME(*)(.idata$7)
 .idata$7       0x000000006e31617c        0x4 C:/GNU/MINGW64/x86_64-8.1.0-win32-seh-rt_v6-rev0/mingw64/bin/../lib/gcc/x86_64-w64-mingw32/8.1.0/../../../../x86_64-w64-mingw32/lib/../lib/libkernel32.a(dqifs00774.o)
 .idata$7       0x000000006e316180        0x4 C:/GNU/MINGW64/x86_64-8.1.0-win32-seh-rt_v6-rev0/mingw64/bin/../lib/gcc/x86_64-w64-mingw32/8.1.0/../../../../x86_64-w64-mingw32/lib/../lib/libkernel32.a(dqifs00835.o)
 .idata$7       0x000000006e316184        0x4 C:/GNU/MINGW64/x86_64-8.1.0-win32-seh-rt_v6-rev0/mingw64/bin/../lib/gcc/x86_64-w64-mingw32/8.1.0/../../../../x86_64-w64-mingw32/lib/../lib/libkernel32.a(dqifs00837.o)
 .idata$7       0x000000006e316188        0x4 C:/GNU/MINGW64/x86_64-8.1.0-win32-seh-rt_v6-rev0/mingw64/bin/../lib/gcc/x86_64-w64-mingw32/8.1.0/../../../../x86_64-w64-mingw32/lib/../lib/libkernel32.a(dqifs00839.o)
 .idata$7       0x000000006e31618c        0x4 C:/GNU/MINGW64/x86_64-8.1.0-win32-seh-rt_v6-rev0/mingw64/bin/../lib/gcc/x86_64-w64-mingw32/8.1.0/../../../../x86_64-w64-mingw32/lib/../lib/libkernel32.a(dqifs00841.o)
 .idata$7       0x000000006e316190        0x4 C:/GNU/MINGW64/x86_64-8.1.0-win32-seh-rt_v6-rev0/mingw64/bin/../lib/gcc/x86_64-w64-mingw32/8.1.0/../../../../x86_64-w64-mingw32/lib/../lib/libkernel32.a(dqifs01543.o)
 .idata$7       0x000000006e316194        0x4 C:/GNU/MINGW64/x86_64-8.1.0-win32-seh-rt_v6-rev0/mingw64/bin/../lib/gcc/x86_64-w64-mingw32/8.1.0/../../../../x86_64-w64-mingw32/lib/../lib/libkernel32.a(dqifs01548.o)
 .idata$7       0x000000006e316198        0x4 C:/GNU/MINGW64/x86_64-8.1.0-win32-seh-rt_v6-rev0/mingw64/bin/../lib/gcc/x86_64-w64-mingw32/8.1.0/../../../../x86_64-w64-mingw32/lib/../lib/libkernel32.a(dqifs01549.o)
 .idata$7       0x000000006e31619c        0x4 C:/GNU/MINGW64/x86_64-8.1.0-win32-seh-rt_v6-rev0/mingw64/bin/../lib/gcc/x86_64-w64-mingw32/8.1.0/../../../../x86_64-w64-mingw32/lib/../lib/libkernel32.a(dqifs01555.o)
 .idata$7       0x000000006e3161a0       0x10 C:/GNU/MINGW64/x86_64-8.1.0-win32-seh-rt_v6-rev0/mingw64/bin/../lib/gcc/x86_64-w64-mingw32/8.1.0/../../../../x86_64-w64-mingw32/lib/../lib/libkernel32.a(dqift.o)
                0x000000006e3161a0                __lib64_libkernel32_a_iname
 .idata$7       0x000000006e3161b0        0x4 C:/GNU/MINGW64/x86_64-8.1.0-win32-seh-rt_v6-rev0/mingw64/bin/../lib/gcc/x86_64-w64-mingw32/8.1.0/../../../../x86_64-w64-mingw32/lib/../lib/libuser32.a(dyqes00958.o)
 .idata$7       0x000000006e3161b4        0xc C:/GNU/MINGW64/x86_64-8.1.0-win32-seh-rt_v6-rev0/mingw64/bin/../lib/gcc/x86_64-w64-mingw32/8.1.0/../../../../x86_64-w64-mingw32/lib/../lib/libuser32.a(dyqet.o)
                0x000000006e3161b4                __lib64_libuser32_a_iname

.CRT            0x000000006e317000        0x0
                0x000000006e317000                ___crt_xc_start__ = .
 *(SORT_BY_NAME(.CRT$XC*))
                0x000000006e317000                ___crt_xc_end__ = .
                0x000000006e317000                ___crt_xi_start__ = .
 *(SORT_BY_NAME(.CRT$XI*))
                0x000000006e317000                ___crt_xi_end__ = .
                0x000000006e317000                ___crt_xl_start__ = .
 *(SORT_BY_NAME(.CRT$XL*))
                0x000000006e317000                ___crt_xp_start__ = .
 *(SORT_BY_NAME(.CRT$XP*))
                0x000000006e317000                ___crt_xp_end__ = .
                0x000000006e317000                ___crt_xt_start__ = .
 *(SORT_BY_NAME(.CRT$XT*))
                0x000000006e317000                ___crt_xt_end__ = .

.tls            0x000000006e317000        0x0
                0x000000006e317000                ___tls_start__ = .
 *(.tls$AAA)
 *(.tls)
 *(.tls$)
 *(SORT_BY_NAME(.tls$*))
 *(.tls$ZZZ)
                0x000000006e317000                ___tls_end__ = .

.endjunk        0x000000006e317000        0x0
                [!provide]                        PROVIDE (end = .)
                [!provide]                        PROVIDE (_end = .)
                0x000000006e317000                __end__ = .

.rsrc           0x000000006e317000      0x400
 *(.rsrc)
 .rsrc          0x000000006e317000      0x378 ../build/x64_Debug/version.o
 *(.rsrc$*)

.reloc          0x000000006e318000      0x200
 *(.reloc)
 .reloc         0x000000006e318000       0x9c dll stuff

.stab
 *(.stab)

.stabstr
 *(.stabstr)

.debug_aranges  0x000000006e319000      0xa00
 *(.debug_aranges)
 .debug_aranges
                0x000000006e319000       0x30 ../build/x64_Debug/cpuid.o
 .debug_aranges
                0x000000006e319030       0x30 ../build/x64_Debug/debug.o
 .debug_aranges
                0x000000006e319060       0x30 ../build/x64_Debug/dllmain.o
 .debug_aranges
                0x000000006e319090       0x30 ../build/x64_Debug/INTERNALTEST_op_DivRem.o
 .debug_aranges
                0x000000006e3190c0       0x30 ../build/x64_Debug/INTERNALTEST_op_Multiply.o
 .debug_aranges
                0x000000006e3190f0       0x30 ../build/x64_Debug/pmc_add.o
 .debug_aranges
                0x000000006e319120       0x30 ../build/x64_Debug/pmc_bitwiseand.o
 .debug_aranges
                0x000000006e319150       0x30 ../build/x64_Debug/pmc_bitwiseor.o
 .debug_aranges
                0x000000006e319180       0x30 ../build/x64_Debug/pmc_bytes.o
 .debug_aranges
                0x000000006e3191b0       0x30 ../build/x64_Debug/pmc_clone.o
 .debug_aranges
                0x000000006e3191e0       0x30 ../build/x64_Debug/pmc_compare.o
 .debug_aranges
                0x000000006e319210       0x30 ../build/x64_Debug/pmc_divrem.o
 .debug_aranges
                0x000000006e319240       0x30 ../build/x64_Debug/pmc_equals.o
 .debug_aranges
                0x000000006e319270       0x30 ../build/x64_Debug/pmc_exclusiveor.o
 .debug_aranges
                0x000000006e3192a0       0x30 ../build/x64_Debug/pmc_from.o
 .debug_aranges
                0x000000006e3192d0       0x30 ../build/x64_Debug/pmc_getnumbertype.o
 .debug_aranges
                0x000000006e319300       0x30 ../build/x64_Debug/pmc_greatestcommondivisor.o
 .debug_aranges
                0x000000006e319330       0x30 ../build/x64_Debug/pmc_initialize.o
 .debug_aranges
                0x000000006e319360       0x30 ../build/x64_Debug/pmc_memory.o
 .debug_aranges
                0x000000006e319390       0x30 ../build/x64_Debug/pmc_modpow.o
 .debug_aranges
                0x000000006e3193c0       0x30 ../build/x64_Debug/pmc_multiply.o
 .debug_aranges
                0x000000006e3193f0       0x30 ../build/x64_Debug/pmc_parse.o
 .debug_aranges
                0x000000006e319420       0x30 ../build/x64_Debug/pmc_pow.o
 .debug_aranges
                0x000000006e319450       0x30 ../build/x64_Debug/pmc_shift.o
 .debug_aranges
                0x000000006e319480       0x30 ../build/x64_Debug/pmc_statistics.o
 .debug_aranges
                0x000000006e3194b0       0x30 ../build/x64_Debug/pmc_subtruct.o
 .debug_aranges
                0x000000006e3194e0       0x30 ../build/x64_Debug/pmc_to.o
 .debug_aranges
                0x000000006e319510       0x30 ../build/x64_Debug/pmc_tostring.o
 .debug_aranges
                0x000000006e319540       0x30 ../build/x64_Debug/TEST_autogenerated.o
 .debug_aranges
                0x000000006e319570       0x30 ../build/x64_Debug/TEST_op_Add.o
 .debug_aranges
                0x000000006e3195a0       0x30 ../build/x64_Debug/TEST_op_BitwiseAnd.o
 .debug_aranges
                0x000000006e3195d0       0x30 ../build/x64_Debug/TEST_op_BitwiseOr.o
 .debug_aranges
                0x000000006e319600       0x30 ../build/x64_Debug/TEST_op_Clone.o
 .debug_aranges
                0x000000006e319630       0x30 ../build/x64_Debug/TEST_op_Compare.o
 .debug_aranges
                0x000000006e319660       0x30 ../build/x64_Debug/TEST_op_DivRem.o
 .debug_aranges
                0x000000006e319690       0x30 ../build/x64_Debug/TEST_op_Equals.o
 .debug_aranges
                0x000000006e3196c0       0x30 ../build/x64_Debug/TEST_op_ExclusiveOr.o
 .debug_aranges
                0x000000006e3196f0       0x30 ../build/x64_Debug/TEST_op_From_To.o
 .debug_aranges
                0x000000006e319720       0x30 ../build/x64_Debug/TEST_op_GetNumberType.o
 .debug_aranges
                0x000000006e319750       0x30 ../build/x64_Debug/TEST_op_GreatestCommonDivisor.o
 .debug_aranges
                0x000000006e319780       0x30 ../build/x64_Debug/TEST_op_ModPow.o
 .debug_aranges
                0x000000006e3197b0       0x30 ../build/x64_Debug/TEST_op_Multiply.o
 .debug_aranges
                0x000000006e3197e0       0x30 ../build/x64_Debug/TEST_op_ParseDN.o
 .debug_aranges
                0x000000006e319810       0x30 ../build/x64_Debug/TEST_op_ParseX.o
 .debug_aranges
                0x000000006e319840       0x30 ../build/x64_Debug/TEST_op_Pow.o
 .debug_aranges
                0x000000006e319870       0x30 ../build/x64_Debug/TEST_op_Shift.o
 .debug_aranges
                0x000000006e3198a0       0x30 ../build/x64_Debug/TEST_op_Subtruct.o
 .debug_aranges
                0x000000006e3198d0       0x30 ../build/x64_Debug/TEST_op_ToStringD.o
 .debug_aranges
                0x000000006e319900       0x30 ../build/x64_Debug/TEST_op_ToStringN.o
 .debug_aranges
                0x000000006e319930       0x30 ../build/x64_Debug/TEST_op_ToStringX.o

.zdebug_aranges
 *(.zdebug_aranges)

.debug_pubnames
 *(.debug_pubnames)

.zdebug_pubnames
 *(.zdebug_pubnames)

.debug_pubtypes
 *(.debug_pubtypes)

.zdebug_pubtypes
 *(.zdebug_pubtypes)

.debug_info     0x000000006e31a000   0x1d5200
 *(.debug_info .gnu.linkonce.wi.*)
 .debug_info    0x000000006e31a000     0x511f ../build/x64_Debug/cpuid.o
 .debug_info    0x000000006e31f11f     0x5f3b ../build/x64_Debug/debug.o
 .debug_info    0x000000006e32505a     0x4d73 ../build/x64_Debug/dllmain.o
 .debug_info    0x000000006e329dcd     0x5ed2 ../build/x64_Debug/INTERNALTEST_op_DivRem.o
 .debug_info    0x000000006e32fc9f     0x5e20 ../build/x64_Debug/INTERNALTEST_op_Multiply.o
 .debug_info    0x000000006e335abf     0x60b6 ../build/x64_Debug/pmc_add.o
 .debug_info    0x000000006e33bb75     0x52e9 ../build/x64_Debug/pmc_bitwiseand.o
 .debug_info    0x000000006e340e5e     0x5667 ../build/x64_Debug/pmc_bitwiseor.o
 .debug_info    0x000000006e3464c5     0x51fb ../build/x64_Debug/pmc_bytes.o
 .debug_info    0x000000006e34b6c0     0x4ec0 ../build/x64_Debug/pmc_clone.o
 .debug_info    0x000000006e350580     0x5336 ../build/x64_Debug/pmc_compare.o
 .debug_info    0x000000006e3558b6     0x74ff ../build/x64_Debug/pmc_divrem.o
 .debug_info    0x000000006e35cdb5     0x52ff ../build/x64_Debug/pmc_equals.o
 .debug_info    0x000000006e3620b4     0x56bb ../build/x64_Debug/pmc_exclusiveor.o
 .debug_info    0x000000006e36776f     0x50c0 ../build/x64_Debug/pmc_from.o
 .debug_info    0x000000006e36c82f     0x4efb ../build/x64_Debug/pmc_getnumbertype.o
 .debug_info    0x000000006e37172a     0x59e1 ../build/x64_Debug/pmc_greatestcommondivisor.o
 .debug_info    0x000000006e37710b     0x5de8 ../build/x64_Debug/pmc_initialize.o
 .debug_info    0x000000006e37cef3     0x5f5c ../build/x64_Debug/pmc_memory.o
 .debug_info    0x000000006e382e4f     0x564a ../build/x64_Debug/pmc_modpow.o
 .debug_info    0x000000006e388499     0x6297 ../build/x64_Debug/pmc_multiply.o
 .debug_info    0x000000006e38e730     0x6967 ../build/x64_Debug/pmc_parse.o
 .debug_info    0x000000006e395097     0x5362 ../build/x64_Debug/pmc_pow.o
 .debug_info    0x000000006e39a3f9     0x5755 ../build/x64_Debug/pmc_shift.o
 .debug_info    0x000000006e39fb4e     0x4d17 ../build/x64_Debug/pmc_statistics.o
 .debug_info    0x000000006e3a4865     0x59fd ../build/x64_Debug/pmc_subtruct.o
 .debug_info    0x000000006e3aa262     0x4f6c ../build/x64_Debug/pmc_to.o
 .debug_info    0x000000006e3af1ce     0x6441 ../build/x64_Debug/pmc_tostring.o
 .debug_info    0x000000006e3b560f    0xc0912 ../build/x64_Debug/TEST_autogenerated.o
 .debug_info    0x000000006e475f21     0x5e45 ../build/x64_Debug/TEST_op_Add.o
 .debug_info    0x000000006e47bd66     0x5da8 ../build/x64_Debug/TEST_op_BitwiseAnd.o
 .debug_info    0x000000006e481b0e     0x5e5d ../build/x64_Debug/TEST_op_BitwiseOr.o
 .debug_info    0x000000006e48796b     0x5a1d ../build/x64_Debug/TEST_op_Clone.o
 .debug_info    0x000000006e48d388     0x5ca8 ../build/x64_Debug/TEST_op_Compare.o
 .debug_info    0x000000006e493030     0x5f28 ../build/x64_Debug/TEST_op_DivRem.o
 .debug_info    0x000000006e498f58     0x5ca2 ../build/x64_Debug/TEST_op_Equals.o
 .debug_info    0x000000006e49ebfa     0x5e69 ../build/x64_Debug/TEST_op_ExclusiveOr.o
 .debug_info    0x000000006e4a4a63     0x5c25 ../build/x64_Debug/TEST_op_From_To.o
 .debug_info    0x000000006e4aa688     0x594b ../build/x64_Debug/TEST_op_GetNumberType.o
 .debug_info    0x000000006e4affd3     0x5f02 ../build/x64_Debug/TEST_op_GreatestCommonDivisor.o
 .debug_info    0x000000006e4b5ed5     0x5adb ../build/x64_Debug/TEST_op_ModPow.o
 .debug_info    0x000000006e4bb9b0     0x5e63 ../build/x64_Debug/TEST_op_Multiply.o
 .debug_info    0x000000006e4c1813     0x5c0f ../build/x64_Debug/TEST_op_ParseDN.o
 .debug_info    0x000000006e4c7422     0x5a88 ../build/x64_Debug/TEST_op_ParseX.o
 .debug_info    0x000000006e4cceaa     0x5a4f ../build/x64_Debug/TEST_op_Pow.o
 .debug_info    0x000000006e4d28f9     0x5b02 ../build/x64_Debug/TEST_op_Shift.o
 .debug_info    0x000000006e4d83fb     0x5e39 ../build/x64_Debug/TEST_op_Subtruct.o
 .debug_info    0x000000006e4de234     0x5a0a ../build/x64_Debug/TEST_op_ToStringD.o
 .debug_info    0x000000006e4e3c3e     0x5a73 ../build/x64_Debug/TEST_op_ToStringN.o
 .debug_info    0x000000006e4e96b1     0x5a0a ../build/x64_Debug/TEST_op_ToStringX.o

.zdebug_info
 *(.zdebug_info .zdebug.gnu.linkonce.wi.*)

.debug_abbrev   0x000000006e4f0000     0x7a00
 *(.debug_abbrev)
 .debug_abbrev  0x000000006e4f0000      0x222 ../build/x64_Debug/cpuid.o
 .debug_abbrev  0x000000006e4f0222      0x26c ../build/x64_Debug/debug.o
 .debug_abbrev  0x000000006e4f048e      0x195 ../build/x64_Debug/dllmain.o
 .debug_abbrev  0x000000006e4f0623      0x235 ../build/x64_Debug/INTERNALTEST_op_DivRem.o