Archive member included to satisfy reference by file (symbol)

C:/GNU/MINGW64/x86_64-8.1.0-win32-seh-rt_v6-rev0/mingw64/bin/../lib/gcc/x86_64-w64-mingw32/8.1.0/../../../../x86_64-w64-mingw32/lib/../lib\libkernel32.a(dqifs01555.o)
                              ../build/x64_Debug/pmc_parse.o (__imp_lstrlenW)
C:/GNU/MINGW64/x86_64-8.1.0-win32-seh-rt_v6-rev0/mingw64/bin/../lib/gcc/x86_64-w64-mingw32/8.1.0/../../../../x86_64-w64-mingw32/lib/../lib\libkernel32.a(dqifs01549.o)
                              ../build/x64_Debug/pmc_initialize.o (__imp_lstrcpyW)
C:/GNU/MINGW64/x86_64-8.1.0-win32-seh-rt_v6-rev0/mingw64/bin/../lib/gcc/x86_64-w64-mingw32/8.1.0/../../../../x86_64-w64-mingw32/lib/../lib\libkernel32.a(dqifs01543.o)
                              ../build/x64_Debug/pmc_initialize.o (__imp_lstrcmpW)
C:/GNU/MINGW64/x86_64-8.1.0-win32-seh-rt_v6-rev0/mingw64/bin/../lib/gcc/x86_64-w64-mingw32/8.1.0/../../../../x86_64-w64-mingw32/lib/../lib\libkernel32.a(dqifs01360.o)
                              C:/GNU/MINGW64/x86_64-8.1.0-win32-seh-rt_v6-rev0/mingw64/bin/../lib/gcc/x86_64-w64-mingw32/8.1.0/../../../../x86_64-w64-mingw32/lib/../lib/dllcrt2.o (__imp_Sleep)
C:/GNU/MINGW64/x86_64-8.1.0-win32-seh-rt_v6-rev0/mingw64/bin/../lib/gcc/x86_64-w64-mingw32/8.1.0/../../../../x86_64-w64-mingw32/lib/../lib\libkernel32.a(dqifs00951.o)
                              ../build/x64_Debug/pmc_memory.o (__imp_LeaveCriticalSection)
C:/GNU/MINGW64/x86_64-8.1.0-win32-seh-rt_v6-rev0/mingw64/bin/../lib/gcc/x86_64-w64-mingw32/8.1.0/../../../../x86_64-w64-mingw32/lib/../lib\libkernel32.a(dqifs00863.o)
                              ../build/x64_Debug/pmc_memory.o (__imp_InitializeCriticalSection)
C:/GNU/MINGW64/x86_64-8.1.0-win32-seh-rt_v6-rev0/mingw64/bin/../lib/gcc/x86_64-w64-mingw32/8.1.0/../../../../x86_64-w64-mingw32/lib/../lib\libkernel32.a(dqifs00852.o)
                              ../build/x64_Debug/pmc_memory.o (__imp_HeapWalk)
C:/GNU/MINGW64/x86_64-8.1.0-win32-seh-rt_v6-rev0/mingw64/bin/../lib/gcc/x86_64-w64-mingw32/8.1.0/../../../../x86_64-w64-mingw32/lib/../lib\libkernel32.a(dqifs00849.o)
                              ../build/x64_Debug/pmc_memory.o (__imp_HeapUnlock)
C:/GNU/MINGW64/x86_64-8.1.0-win32-seh-rt_v6-rev0/mingw64/bin/../lib/gcc/x86_64-w64-mingw32/8.1.0/../../../../x86_64-w64-mingw32/lib/../lib\libkernel32.a(dqifs00842.o)
                              ../build/x64_Debug/pmc_memory.o (__imp_HeapLock)
C:/GNU/MINGW64/x86_64-8.1.0-win32-seh-rt_v6-rev0/mingw64/bin/../lib/gcc/x86_64-w64-mingw32/8.1.0/../../../../x86_64-w64-mingw32/lib/../lib\libkernel32.a(dqifs00841.o)
                              ../build/x64_Debug/pmc_memory.o (__imp_HeapFree)
C:/GNU/MINGW64/x86_64-8.1.0-win32-seh-rt_v6-rev0/mingw64/bin/../lib/gcc/x86_64-w64-mingw32/8.1.0/../../../../x86_64-w64-mingw32/lib/../lib\libkernel32.a(dqifs00839.o)
                              ../build/x64_Debug/pmc_memory.o (__imp_HeapDestroy)
C:/GNU/MINGW64/x86_64-8.1.0-win32-seh-rt_v6-rev0/mingw64/bin/../lib/gcc/x86_64-w64-mingw32/8.1.0/../../../../x86_64-w64-mingw32/lib/../lib\libkernel32.a(dqifs00837.o)
                              ../build/x64_Debug/pmc_memory.o (__imp_HeapCreate)
C:/GNU/MINGW64/x86_64-8.1.0-win32-seh-rt_v6-rev0/mingw64/bin/../lib/gcc/x86_64-w64-mingw32/8.1.0/../../../../x86_64-w64-mingw32/lib/../lib\libkernel32.a(dqifs00835.o)
                              ../build/x64_Debug/pmc_memory.o (__imp_HeapAlloc)
C:/GNU/MINGW64/x86_64-8.1.0-win32-seh-rt_v6-rev0/mingw64/bin/../lib/gcc/x86_64-w64-mingw32/8.1.0/../../../../x86_64-w64-mingw32/lib/../lib\libkernel32.a(dqifs00774.o)
                              ../build/x64_Debug/pmc_memory.o (__imp_GetTickCount)
C:/GNU/MINGW64/x86_64-8.1.0-win32-seh-rt_v6-rev0/mingw64/bin/../lib/gcc/x86_64-w64-mingw32/8.1.0/../../../../x86_64-w64-mingw32/lib/../lib\libkernel32.a(dqifs00609.o)
                              ../build/x64_Debug/pmc_memory.o (__imp_GetLastError)
C:/GNU/MINGW64/x86_64-8.1.0-win32-seh-rt_v6-rev0/mingw64/bin/../lib/gcc/x86_64-w64-mingw32/8.1.0/../../../../x86_64-w64-mingw32/lib/../lib\libkernel32.a(dqifs00304.o)
                              ../build/x64_Debug/pmc_memory.o (__imp_EnterCriticalSection)
C:/GNU/MINGW64/x86_64-8.1.0-win32-seh-rt_v6-rev0/mingw64/bin/../lib/gcc/x86_64-w64-mingw32/8.1.0/../../../../x86_64-w64-mingw32/lib/../lib\libkernel32.a(dqifh.o)
                              C:/GNU/MINGW64/x86_64-8.1.0-win32-seh-rt_v6-rev0/mingw64/bin/../lib/gcc/x86_64-w64-mingw32/8.1.0/../../../../x86_64-w64-mingw32/lib/../lib\libkernel32.a(dqifs01555.o) (_head_lib64_libkernel32_a)
C:/GNU/MINGW64/x86_64-8.1.0-win32-seh-rt_v6-rev0/mingw64/bin/../lib/gcc/x86_64-w64-mingw32/8.1.0/../../../../x86_64-w64-mingw32/lib/../lib\libkernel32.a(dqift.o)
                              C:/GNU/MINGW64/x86_64-8.1.0-win32-seh-rt_v6-rev0/mingw64/bin/../lib/gcc/x86_64-w64-mingw32/8.1.0/../../../../x86_64-w64-mingw32/lib/../lib\libkernel32.a(dqifh.o) (__lib64_libkernel32_a_iname)
[...]
Memory Configuration

Name             Origin             Length             Attributes
*default*        0x0000000000000000 0xffffffffffffffff

Linker script and memory map

                0x000000006fbc0000                __image_base__ = 0x6fbc0000
                0x0000000000000000                __dll__ = 0x0
                0x000000006fbc0000                __ImageBase = 0x6fbc0000
                0x0000000000001000                __section_alignment__ = 0x1000
                0x0000000000000200                __file_alignment__ = 0x200
                0x0000000000000004                __major_os_version__ = 0x4
                0x0000000000000000                __minor_os_version__ = 0x0
                0x0000000000000000                __major_image_version__ = 0x0
                0x0000000000000000                __minor_image_version__ = 0x0
                0x0000000000000005                __major_subsystem_version__ = 0x5
                0x0000000000000002                __minor_subsystem_version__ = 0x2
                0x0000000000000002                __subsystem__ = 0x2
                0x0000000000200000                __size_of_stack_reserve__ = 0x200000
                0x0000000000001000                __size_of_stack_commit__ = 0x1000
                0x0000000000100000                __size_of_heap_reserve__ = 0x100000
                0x0000000000001000                __size_of_heap_commit__ = 0x1000
                0x0000000000000000                __loader_flags__ = 0x0
                0x0000000000000000                __dll_characteristics__ = 0x0
LOAD C:/GNU/MINGW64/x86_64-8.1.0-win32-seh-rt_v6-rev0/mingw64/bin/../lib/gcc/x86_64-w64-mingw32/8.1.0/../../../../x86_64-w64-mingw32/lib/../lib/dllcrt2.o
LOAD C:/GNU/MINGW64/x86_64-8.1.0-win32-seh-rt_v6-rev0/mingw64/bin/../lib/gcc/x86_64-w64-mingw32/8.1.0/crtbegin.o
LOAD ../build/x64_Debug/cpuid.o
LOAD ../build/x64_Debug/dllmain.o
LOAD ../build/x64_Debug/pmc_add.o
LOAD ../build/x64_Debug/pmc_bitwiseand.o
LOAD ../build/x64_Debug/pmc_bitwiseor.o
LOAD ../build/x64_Debug/pmc_bytes.o
LOAD ../build/x64_Debug/pmc_compare.o
LOAD ../build/x64_Debug/pmc_divrem.o
LOAD ../build/x64_Debug/pmc_equals.o
LOAD ../build/x64_Debug/pmc_exclusiveor.o
LOAD ../build/x64_Debug/pmc_from.o
LOAD ../build/x64_Debug/pmc_greatestcommondivisor.o
LOAD ../build/x64_Debug/pmc_initialize.o
LOAD ../build/x64_Debug/pmc_interface_csharp.o
LOAD ../build/x64_Debug/pmc_log.o
LOAD ../build/x64_Debug/pmc_memory.o
LOAD ../build/x64_Debug/pmc_modpow.o
LOAD ../build/x64_Debug/pmc_multiply.o
LOAD ../build/x64_Debug/pmc_parse.o
LOAD ../build/x64_Debug/pmc_pow.o
LOAD ../build/x64_Debug/pmc_shift.o
LOAD ../build/x64_Debug/pmc_statistics.o
LOAD ../build/x64_Debug/pmc_subtruct.o
LOAD ../build/x64_Debug/pmc_to.o
LOAD ../build/x64_Debug/pmc_tostring.o
LOAD ../build/x64_Debug/version.o
LOAD ../Palmtree.Math.Core.Uint.def
LOAD C:/GNU/MINGW64/x86_64-8.1.0-win32-seh-rt_v6-rev0/mingw64/bin/../lib/gcc/x86_64-w64-mingw32/8.1.0/../../../../x86_64-w64-mingw32/lib/../lib\libkernel32.a
LOAD C:/GNU/MINGW64/x86_64-8.1.0-win32-seh-rt_v6-rev0/mingw64/bin/../lib/gcc/x86_64-w64-mingw32/8.1.0/../../../../x86_64-w64-mingw32/lib/../lib\libuser32.a
LOAD C:/GNU/MINGW64/x86_64-8.1.0-win32-seh-rt_v6-rev0/mingw64/bin/../lib/gcc/x86_64-w64-mingw32/8.1.0\libstdc++.a
LOAD C:/GNU/MINGW64/x86_64-8.1.0-win32-seh-rt_v6-rev0/mingw64/bin/../lib/gcc/x86_64-w64-mingw32/8.1.0/../../../../x86_64-w64-mingw32/lib/../lib\libmingw32.a
LOAD C:/GNU/MINGW64/x86_64-8.1.0-win32-seh-rt_v6-rev0/mingw64/bin/../lib/gcc/x86_64-w64-mingw32/8.1.0\libgcc.a
LOAD C:/GNU/MINGW64/x86_64-8.1.0-win32-seh-rt_v6-rev0/mingw64/bin/../lib/gcc/x86_64-w64-mingw32/8.1.0\libgcc_eh.a
LOAD C:/GNU/MINGW64/x86_64-8.1.0-win32-seh-rt_v6-rev0/mingw64/bin/../lib/gcc/x86_64-w64-mingw32/8.1.0/../../../../x86_64-w64-mingw32/lib/../lib\libmoldname.a
LOAD C:/GNU/MINGW64/x86_64-8.1.0-win32-seh-rt_v6-rev0/mingw64/bin/../lib/gcc/x86_64-w64-mingw32/8.1.0/../../../../x86_64-w64-mingw32/lib/../lib\libmingwex.a
LOAD C:/GNU/MINGW64/x86_64-8.1.0-win32-seh-rt_v6-rev0/mingw64/bin/../lib/gcc/x86_64-w64-mingw32/8.1.0/../../../../x86_64-w64-mingw32/lib/../lib\libmsvcrt.a
LOAD C:/GNU/MINGW64/x86_64-8.1.0-win32-seh-rt_v6-rev0/mingw64/bin/../lib/gcc/x86_64-w64-mingw32/8.1.0/../../../../x86_64-w64-mingw32/lib/../lib\libgdi32.a
LOAD C:/GNU/MINGW64/x86_64-8.1.0-win32-seh-rt_v6-rev0/mingw64/bin/../lib/gcc/x86_64-w64-mingw32/8.1.0/../../../../x86_64-w64-mingw32/lib/../lib\libcomdlg32.a
LOAD C:/GNU/MINGW64/x86_64-8.1.0-win32-seh-rt_v6-rev0/mingw64/bin/../lib/gcc/x86_64-w64-mingw32/8.1.0/../../../../x86_64-w64-mingw32/lib/../lib\libadvapi32.a
LOAD C:/GNU/MINGW64/x86_64-8.1.0-win32-seh-rt_v6-rev0/mingw64/bin/../lib/gcc/x86_64-w64-mingw32/8.1.0/../../../../x86_64-w64-mingw32/lib/../lib\libshell32.a
LOAD C:/GNU/MINGW64/x86_64-8.1.0-win32-seh-rt_v6-rev0/mingw64/bin/../lib/gcc/x86_64-w64-mingw32/8.1.0/../../../../x86_64-w64-mingw32/lib/../lib\libuser32.a
LOAD C:/GNU/MINGW64/x86_64-8.1.0-win32-seh-rt_v6-rev0/mingw64/bin/../lib/gcc/x86_64-w64-mingw32/8.1.0/../../../../x86_64-w64-mingw32/lib/../lib\libkernel32.a
LOAD C:/GNU/MINGW64/x86_64-8.1.0-win32-seh-rt_v6-rev0/mingw64/bin/../lib/gcc/x86_64-w64-mingw32/8.1.0/../../../../x86_64-w64-mingw32/lib/../lib\libiconv.a
LOAD C:/GNU/MINGW64/x86_64-8.1.0-win32-seh-rt_v6-rev0/mingw64/bin/../lib/gcc/x86_64-w64-mingw32/8.1.0/../../../../x86_64-w64-mingw32/lib/../lib\libmingw32.a
LOAD C:/GNU/MINGW64/x86_64-8.1.0-win32-seh-rt_v6-rev0/mingw64/bin/../lib/gcc/x86_64-w64-mingw32/8.1.0\libgcc.a
LOAD C:/GNU/MINGW64/x86_64-8.1.0-win32-seh-rt_v6-rev0/mingw64/bin/../lib/gcc/x86_64-w64-mingw32/8.1.0\libgcc_eh.a
LOAD C:/GNU/MINGW64/x86_64-8.1.0-win32-seh-rt_v6-rev0/mingw64/bin/../lib/gcc/x86_64-w64-mingw32/8.1.0/../../../../x86_64-w64-mingw32/lib/../lib\libmoldname.a
LOAD C:/GNU/MINGW64/x86_64-8.1.0-win32-seh-rt_v6-rev0/mingw64/bin/../lib/gcc/x86_64-w64-mingw32/8.1.0/../../../../x86_64-w64-mingw32/lib/../lib\libmingwex.a
LOAD C:/GNU/MINGW64/x86_64-8.1.0-win32-seh-rt_v6-rev0/mingw64/bin/../lib/gcc/x86_64-w64-mingw32/8.1.0/../../../../x86_64-w64-mingw32/lib/../lib\libmsvcrt.a
LOAD C:/GNU/MINGW64/x86_64-8.1.0-win32-seh-rt_v6-rev0/mingw64/bin/../lib/gcc/x86_64-w64-mingw32/8.1.0/crtend.o
                0x00000000000004a8                . = SIZEOF_HEADERS
                0x0000000000001000                . = ALIGN (__section_alignment__)

.text           0x000000006fbc1000    0x37000
 *(.init)
 *(.text)
 .text          0x000000006fbc1000      0x390 C:/GNU/MINGW64/x86_64-8.1.0-win32-seh-rt_v6-rev0/mingw64/bin/../lib/gcc/x86_64-w64-mingw32/8.1.0/../../../../x86_64-w64-mingw32/lib/../lib/dllcrt2.o
                0x000000006fbc1010                _CRT_INIT
                0x000000006fbc1330                DllMainCRTStartup
                0x000000006fbc1380                atexit
 .text          0x000000006fbc1390       0x20 C:/GNU/MINGW64/x86_64-8.1.0-win32-seh-rt_v6-rev0/mingw64/bin/../lib/gcc/x86_64-w64-mingw32/8.1.0/crtbegin.o
                0x000000006fbc1390                __gcc_register_frame
                0x000000006fbc13a0                __gcc_deregister_frame
 .text          0x000000006fbc13b0      0x350 ../build/x64_Debug/cpuid.o
                0x000000006fbc152d                Palmtree::Math::Core::Internal::GetCPUInfo(Palmtree::Math::Core::Internal::_tag_PROCESSOR_FEATURES*)
 .text          0x000000006fbc1700       0x70 ../build/x64_Debug/dllmain.o
                0x000000006fbc1700                DllMain
 .text          0x000000006fbc1770     0x1bc0 ../build/x64_Debug/pmc_add.o
                0x000000006fbc2b64                Palmtree::Math::Core::Internal::PMC_Add_I_X(unsigned int, Palmtree::Math::Core::Internal::__tag_PMC_HANDLE_UINT*)
                0x000000006fbc2c49                Palmtree::Math::Core::Internal::PMC_Add_X_I(Palmtree::Math::Core::Internal::__tag_PMC_HANDLE_UINT*, unsigned int)
                0x000000006fbc2e88                Palmtree::Math::Core::Internal::PMC_Add_L_X(unsigned long long, Palmtree::Math::Core::Internal::__tag_PMC_HANDLE_UINT*)
                0x000000006fbc2f6f                Palmtree::Math::Core::Internal::PMC_Add_X_L(Palmtree::Math::Core::Internal::__tag_PMC_HANDLE_UINT*, unsigned long long)
                0x000000006fbc3053                Palmtree::Math::Core::Internal::PMC_Add_X_X_Imp(Palmtree::Math::Core::Internal::__tag_NUMBER_HEADER*, Palmtree::Math::Core::Internal::__tag_NUMBER_HEADER*)
                0x000000006fbc31c2                Palmtree::Math::Core::Internal::PMC_Add_X_X(Palmtree::Math::Core::Internal::__tag_PMC_HANDLE_UINT*, Palmtree::Math::Core::Internal::__tag_PMC_HANDLE_UINT*)
                0x000000006fbc32f5                Palmtree::Math::Core::Internal::Initialize_Add(Palmtree::Math::Core::Internal::_tag_PROCESSOR_FEATURES*)
 .text          0x000000006fbc3330      0xf70 ../build/x64_Debug/pmc_bitwiseand.o
                0x000000006fbc3d51                Palmtree::Math::Core::Internal::PMC_BitwiseAnd_I_X(unsigned int, Palmtree::Math::Core::Internal::__tag_PMC_HANDLE_UINT*)
                0x000000006fbc3df5                Palmtree::Math::Core::Internal::PMC_BitwiseAnd_X_I(Palmtree::Math::Core::Internal::__tag_PMC_HANDLE_UINT*, unsigned int)
                0x000000006fbc3e99                Palmtree::Math::Core::Internal::PMC_BitwiseAnd_L_X(unsigned long long, Palmtree::Math::Core::Internal::__tag_PMC_HANDLE_UINT*)
                0x000000006fbc3f40                Palmtree::Math::Core::Internal::PMC_BitwiseAnd_X_L(Palmtree::Math::Core::Internal::__tag_PMC_HANDLE_UINT*, unsigned long long)
                0x000000006fbc4148                Palmtree::Math::Core::Internal::PMC_BitwiseAnd_X_X(Palmtree::Math::Core::Internal::__tag_PMC_HANDLE_UINT*, Palmtree::Math::Core::Internal::__tag_PMC_HANDLE_UINT*)
                0x000000006fbc428e                Palmtree::Math::Core::Internal::Initialize_BitwiseAnd(Palmtree::Math::Core::Internal::_tag_PROCESSOR_FEATURES*)
 .text          0x000000006fbc42a0     0x1530 ../build/x64_Debug/pmc_bitwiseor.o
                0x000000006fbc5018                Palmtree::Math::Core::Internal::PMC_BitwiseOr_I_X(unsigned int, Palmtree::Math::Core::Internal::__tag_PMC_HANDLE_UINT*)
                0x000000006fbc50fd                Palmtree::Math::Core::Internal::PMC_BitwiseOr_X_I(Palmtree::Math::Core::Internal::__tag_PMC_HANDLE_UINT*, unsigned int)
                0x000000006fbc5335                Palmtree::Math::Core::Internal::PMC_BitwiseOr_L_X(unsigned long long, Palmtree::Math::Core::Internal::__tag_PMC_HANDLE_UINT*)
                0x000000006fbc541c                Palmtree::Math::Core::Internal::PMC_BitwiseOr_X_L(Palmtree::Math::Core::Internal::__tag_PMC_HANDLE_UINT*, unsigned long long)
                0x000000006fbc566f                Palmtree::Math::Core::Internal::PMC_BitwiseOr_X_X(Palmtree::Math::Core::Internal::__tag_PMC_HANDLE_UINT*, Palmtree::Math::Core::Internal::__tag_PMC_HANDLE_UINT*)
                0x000000006fbc57b5                Palmtree::Math::Core::Internal::Initialize_BitwiseOr(Palmtree::Math::Core::Internal::_tag_PROCESSOR_FEATURES*)
 .text          0x000000006fbc57d0      0xb10 ../build/x64_Debug/pmc_bytes.o
                0x000000006fbc5b32                Palmtree::Math::Core::Internal::PMC_FromByteArrayForSINT(unsigned char*, unsigned long long, char*)
                0x000000006fbc5e65                Palmtree::Math::Core::Internal::PMC_FromByteArray(unsigned char const*, unsigned long long)
                0x000000006fbc5f40                Palmtree::Math::Core::Internal::PMC_ToByteArrayForSINT(char, Palmtree::Math::Core::Internal::__tag_PMC_HANDLE_UINT*, unsigned char*, unsigned long long)
                0x000000006fbc6194                Palmtree::Math::Core::Internal::PMC_ToByteArray(Palmtree::Math::Core::Internal::__tag_PMC_HANDLE_UINT*, unsigned char*, unsigned long long)
 .text          0x000000006fbc62e0      0x7d0 ../build/x64_Debug/pmc_compare.o
                0x000000006fbc6343                Palmtree::Math::Core::Internal::Compare_Imp(unsigned long long*, unsigned long long*, unsigned long long)
                0x000000006fbc648c                Palmtree::Math::Core::Internal::PMC_Compare_I_X(unsigned int, Palmtree::Math::Core::Internal::__tag_PMC_HANDLE_UINT*)
                0x000000006fbc6561                Palmtree::Math::Core::Internal::PMC_Compare_X_I(Palmtree::Math::Core::Internal::__tag_PMC_HANDLE_UINT*, unsigned int)
                0x000000006fbc6701                Palmtree::Math::Core::Internal::PMC_Compare_L_X(unsigned long long, Palmtree::Math::Core::Internal::__tag_PMC_HANDLE_UINT*)
                0x000000006fbc67d8                Palmtree::Math::Core::Internal::PMC_Compare_X_L(Palmtree::Math::Core::Internal::__tag_PMC_HANDLE_UINT*, unsigned long long)
                0x000000006fbc68aa                Palmtree::Math::Core::Internal::PMC_Compare_X_X_Imp(Palmtree::Math::Core::Internal::__tag_NUMBER_HEADER*, Palmtree::Math::Core::Internal::__tag_NUMBER_HEADER*)
                0x000000006fbc6960                Palmtree::Math::Core::Internal::PMC_Compare_X_X(Palmtree::Math::Core::Internal::__tag_PMC_HANDLE_UINT*, Palmtree::Math::Core::Internal::__tag_PMC_HANDLE_UINT*)
                0x000000006fbc6a94                Palmtree::Math::Core::Internal::Initialize_Compare(Palmtree::Math::Core::Internal::_tag_PROCESSOR_FEATURES*)
 .text          0x000000006fbc6ab0     0x61c0 ../build/x64_Debug/pmc_divrem.o
                0x000000006fbc7902                Palmtree::Math::Core::Internal::DivRem_X_X(unsigned long long*, unsigned long long, unsigned long long*, unsigned long long, unsigned long long*, unsigned long long*, unsigned long long*)
                0x000000006fbc7a6d                Palmtree::Math::Core::Internal::Rem_X_1W(unsigned long long*, unsigned long long, unsigned long long)
                0x000000006fbc84d3                Palmtree::Math::Core::Internal::DivRem_X_1W(unsigned long long*, unsigned long long, unsigned long long, unsigned long long*, unsigned long long*)
                0x000000006fbcb872                Palmtree::Math::Core::Internal::PMC_DivRem_I_X(unsigned int, Palmtree::Math::Core::Internal::__tag_PMC_HANDLE_UINT*, unsigned int*)
                0x000000006fbcbc51                Palmtree::Math::Core::Internal::PMC_DivRem_X_I(Palmtree::Math::Core::Internal::__tag_PMC_HANDLE_UINT*, unsigned int, Palmtree::Math::Core::Internal::__tag_PMC_HANDLE_UINT**)
                0x000000006fbcbd75                Palmtree::Math::Core::Internal::PMC_DivRem_L_X(unsigned long long, Palmtree::Math::Core::Internal::__tag_PMC_HANDLE_UINT*, unsigned long long*)
                0x000000006fbcc229                Palmtree::Math::Core::Internal::PMC_DivRem_X_L(Palmtree::Math::Core::Internal::__tag_PMC_HANDLE_UINT*, unsigned long long, Palmtree::Math::Core::Internal::__tag_PMC_HANDLE_UINT**)
                0x000000006fbcca08                Palmtree::Math::Core::Internal::PMC_DivRem_X_X(Palmtree::Math::Core::Internal::__tag_PMC_HANDLE_UINT*, Palmtree::Math::Core::Internal::__tag_PMC_HANDLE_UINT*, Palmtree::Math::Core::Internal::__tag_PMC_HANDLE_UINT**)
                0x000000006fbccc27                Palmtree::Math::Core::Internal::Initialize_DivRem(Palmtree::Math::Core::Internal::_tag_PROCESSOR_FEATURES*)
 .text          0x000000006fbccc70      0x6b0 ../build/x64_Debug/pmc_equals.o
                0x000000006fbcce37                Palmtree::Math::Core::Internal::PMC_Equals_I_X(unsigned int, Palmtree::Math::Core::Internal::__tag_PMC_HANDLE_UINT*)
                0x000000006fbccf02                Palmtree::Math::Core::Internal::PMC_Equals_X_I(Palmtree::Math::Core::Internal::__tag_PMC_HANDLE_UINT*, unsigned int)
                0x000000006fbccfc9                Palmtree::Math::Core::Internal::PMC_Equals_L_X(unsigned long long, Palmtree::Math::Core::Internal::__tag_PMC_HANDLE_UINT*)
                0x000000006fbcd096                Palmtree::Math::Core::Internal::PMC_Equals_X_L(Palmtree::Math::Core::Internal::__tag_PMC_HANDLE_UINT*, unsigned long long)
                0x000000006fbcd160                Palmtree::Math::Core::Internal::PMC_Equals_X_X(Palmtree::Math::Core::Internal::__tag_PMC_HANDLE_UINT*, Palmtree::Math::Core::Internal::__tag_PMC_HANDLE_UINT*)
                0x000000006fbcd304                Palmtree::Math::Core::Internal::Initialize_Equals(Palmtree::Math::Core::Internal::_tag_PROCESSOR_FEATURES*)
 .text          0x000000006fbcd320     0x15d0 ../build/x64_Debug/pmc_exclusiveor.o
                0x000000006fbce0c4                Palmtree::Math::Core::Internal::PMC_ExclusiveOr_I_X(unsigned int, Palmtree::Math::Core::Internal::__tag_PMC_HANDLE_UINT*)
                0x000000006fbce1b1                Palmtree::Math::Core::Internal::PMC_ExclusiveOr_X_I(Palmtree::Math::Core::Internal::__tag_PMC_HANDLE_UINT*, unsigned int)
                0x000000006fbce421                Palmtree::Math::Core::Internal::PMC_ExclusiveOr_L_X(unsigned long long, Palmtree::Math::Core::Internal::__tag_PMC_HANDLE_UINT*)
                0x000000006fbce510                Palmtree::Math::Core::Internal::PMC_ExclusiveOr_X_L(Palmtree::Math::Core::Internal::__tag_PMC_HANDLE_UINT*, unsigned long long)
                0x000000006fbce79a                Palmtree::Math::Core::Internal::PMC_ExclusiveOr_X_X(Palmtree::Math::Core::Internal::__tag_PMC_HANDLE_UINT*, Palmtree::Math::Core::Internal::__tag_PMC_HANDLE_UINT*)
                0x000000006fbce8e0                Palmtree::Math::Core::Internal::Initialize_ExclusiveOr(Palmtree::Math::Core::Internal::_tag_PROCESSOR_FEATURES*)
 .text          0x000000006fbce8f0      0x300 ../build/x64_Debug/pmc_from.o
                0x000000006fbce953                Palmtree::Math::Core::Internal::From_I_Imp(unsigned int)
                0x000000006fbce9f2                Palmtree::Math::Core::Internal::From_L_Imp(unsigned long long)
                0x000000006fbcea9f                Palmtree::Math::Core::Internal::PMC_From_I(unsigned int)
                0x000000006fbceb3d                Palmtree::Math::Core::Internal::PMC_From_L(unsigned long long)
                0x000000006fbcebde                Palmtree::Math::Core::Internal::Initialize_From(Palmtree::Math::Core::Internal::_tag_PROCESSOR_FEATURES*)
 .text          0x000000006fbcebf0     0x1360 ../build/x64_Debug/pmc_greatestcommondivisor.o
                0x000000006fbcfa67                Palmtree::Math::Core::Internal::PMC_GreatestCommonDivisor_I_X(unsigned int, Palmtree::Math::Core::Internal::__tag_PMC_HANDLE_UINT*)
                0x000000006fbcfb4c                Palmtree::Math::Core::Internal::PMC_GreatestCommonDivisor_X_I(Palmtree::Math::Core::Internal::__tag_PMC_HANDLE_UINT*, unsigned int)
                0x000000006fbcfc2d                Palmtree::Math::Core::Internal::PMC_GreatestCommonDivisor_L_X(unsigned long long, Palmtree::Math::Core::Internal::__tag_PMC_HANDLE_UINT*)
                0x000000006fbcfd14                Palmtree::Math::Core::Internal::PMC_GreatestCommonDivisor_X_L(Palmtree::Math::Core::Internal::__tag_PMC_HANDLE_UINT*, unsigned long long)
                0x000000006fbcfdf8                Palmtree::Math::Core::Internal::PMC_GreatestCommonDivisor_X_X(Palmtree::Math::Core::Internal::__tag_PMC_HANDLE_UINT*, Palmtree::Math::Core::Internal::__tag_PMC_HANDLE_UINT*)
                0x000000006fbcff3e                Palmtree::Math::Core::Internal::Initialize_GreatestCommonDivisor(Palmtree::Math::Core::Internal::_tag_PROCESSOR_FEATURES*)
 .text          0x000000006fbcff50      0x9f0 ../build/x64_Debug/pmc_initialize.o
                0x000000006fbcffa7                Palmtree::Math::Core::Internal::PMC_GetConfigurationSettings(wchar_t const*, wchar_t*, int, int*)
                0x000000006fbd01c2                PMC_UINT_Initialize
 .text          0x000000006fbd0940     0x2840 ../build/x64_Debug/pmc_interface_csharp.o
                0x000000006fbd0940                PMCCS_UINT_Initialize
                0x000000006fbd0972                PMCCS_GetConfigurationSettings
                0x000000006fbd09ad                PMCCS_IS_EVEN
                0x000000006fbd09f3                PMCCS_IS_ONE
                0x000000006fbd0a38                PMCCS_IS_POWER_OF_TWO
                0x000000006fbd0a7e                PMCCS_IS_ZERO
                0x000000006fbd0ac1                PMCCS_GET_HASH_CODE
                0x000000006fbd0aff                PMCCS_GetStatisticsInfo
                0x000000006fbd0b1b                PMCCS_From_I
                0x000000006fbd0b90                PMCCS_From_L
                0x000000006fbd0c07                PMCCS_Dispose
                0x000000006fbd0c70                PMCCS_GetConstantValue_I
                0x000000006fbd0ce5                PMCCS_FromByteArray
                0x000000006fbd0d67                PMCCS_ToByteArray
                0x000000006fbd0e0d                PMCCS_Clone_X
                0x000000006fbd0e84                PMCCS_GetAllocatedMemorySize
                0x000000006fbd0ef3                PMCCS_To_X_I
                0x000000006fbd0f68                PMCCS_To_X_L
                0x000000006fbd0fdf                PMCCS_ToString
                0x000000006fbd1091                PMCCS_Parse
                0x000000006fbd115d                PMCCS_TryParse
                0x000000006fbd1216                PMCCS_Add_I_X
                0x000000006fbd1296                PMCCS_Add_L_X
                0x000000006fbd1318                PMCCS_Add_X_I
                0x000000006fbd1397                PMCCS_Add_X_L
                0x000000006fbd1419                PMCCS_Add_X_X
                0x000000006fbd149b                PMCCS_Subtruct_I_X
                0x000000006fbd1519                PMCCS_Subtruct_L_X
                0x000000006fbd159b                PMCCS_Subtruct_X_I
                0x000000006fbd161a                PMCCS_Subtruct_X_L
                0x000000006fbd169c                PMCCS_Subtruct_X_X
                0x000000006fbd171e                PMCCS_Multiply_I_X
                0x000000006fbd179e                PMCCS_Multiply_L_X
                0x000000006fbd1820                PMCCS_Multiply_X_I
                0x000000006fbd189f                PMCCS_Multiply_X_L
                0x000000006fbd1921                PMCCS_Multiply_X_X
                0x000000006fbd19a3                PMCCS_DivRem_I_X
                0x000000006fbd1a2c                PMCCS_DivRem_L_X
                0x000000006fbd1ab9                PMCCS_DivRem_X_I
                0x000000006fbd1b41                PMCCS_DivRem_X_L
                0x000000006fbd1bce                PMCCS_DivRem_X_X
                0x000000006fbd1c5b                PMCCS_Remainder_I_X
                0x000000006fbd1cdf                PMCCS_Remainder_L_X
                0x000000006fbd1d67                PMCCS_Remainder_X_I
                0x000000006fbd1dea                PMCCS_Remainder_X_L
                0x000000006fbd1e72                PMCCS_Remainder_X_X
                0x000000006fbd1efa                PMCCS_RightShift_X_I
                0x000000006fbd1f79                PMCCS_LeftShift_X_I
                0x000000006fbd1ff8                PMCCS_BitwiseAnd_I_X
                0x000000006fbd2076                PMCCS_BitwiseAnd_L_X
                0x000000006fbd20f8                PMCCS_BitwiseAnd_X_I
                0x000000006fbd2175                PMCCS_BitwiseAnd_X_L
                0x000000006fbd21f7                PMCCS_BitwiseAnd_X_X
                0x000000006fbd2279                PMCCS_BitwiseOr_I_X
                0x000000006fbd22f9                PMCCS_BitwiseOr_L_X
                0x000000006fbd237b                PMCCS_BitwiseOr_X_I
                0x000000006fbd23fa                PMCCS_BitwiseOr_X_L
                0x000000006fbd247c                PMCCS_BitwiseOr_X_X
                0x000000006fbd24fe                PMCCS_ExclusiveOr_I_X
                0x000000006fbd257e                PMCCS_ExclusiveOr_L_X
                0x000000006fbd2600                PMCCS_ExclusiveOr_X_I
                0x000000006fbd267f                PMCCS_ExclusiveOr_X_L
                0x000000006fbd2701                PMCCS_ExclusiveOr_X_X
                0x000000006fbd2783                PMCCS_Compare_I_X
                0x000000006fbd2801                PMCCS_Compare_L_X
                0x000000006fbd2881                PMCCS_Compare_X_I
                0x000000006fbd28fe                PMCCS_Compare_X_L
                0x000000006fbd297e                PMCCS_Compare_X_X
                0x000000006fbd29fe                PMCCS_Equals_I_X
                0x000000006fbd2a7c                PMCCS_Equals_L_X
                0x000000006fbd2afc                PMCCS_Equals_X_I
                0x000000006fbd2b79                PMCCS_Equals_X_L
                0x000000006fbd2bf9                PMCCS_Equals_X_X
                0x000000006fbd2c79                PMCCS_GreatestCommonDivisor_I_X
                0x000000006fbd2cf9                PMCCS_GreatestCommonDivisor_L_X
                0x000000006fbd2d7b                PMCCS_GreatestCommonDivisor_X_I
                0x000000006fbd2dfa                PMCCS_GreatestCommonDivisor_X_L
                0x000000006fbd2e7c                PMCCS_GreatestCommonDivisor_X_X
                0x000000006fbd2efe                PMCCS_Pow_X_I
                0x000000006fbd2f7d                PMCCS_Pow_X_L
                0x000000006fbd2fff                PMCCS_ModPow_X_X_X
                0x000000006fbd308c                PMCCS_TimesOfExponentOf10
                0x000000006fbd3109                PMCCS_Floor_Log10
 .text          0x000000006fbd3180      0x220 ../build/x64_Debug/pmc_log.o
                0x000000006fbd3180                Palmtree::Math::Core::Internal::PMC_Floor_Log10_Imp(Palmtree::Math::Core::Internal::__tag_NUMBER_HEADER*)
                0x000000006fbd32f3                Palmtree::Math::Core::Internal::PMC_Floor_Log10(Palmtree::Math::Core::Internal::__tag_PMC_HANDLE_UINT*)
                0x000000006fbd336f                Palmtree::Math::Core::Internal::Initialize_Log(Palmtree::Math::Core::Internal::_tag_PROCESSOR_FEATURES*)
 .text          0x000000006fbd33a0     0x3330 ../build/x64_Debug/pmc_memory.o
                0x000000006fbd47cd                Palmtree::Math::Core::Internal::CommitNumber(Palmtree::Math::Core::Internal::__tag_NUMBER_HEADER*)
                0x000000006fbd4a13                Palmtree::Math::Core::Internal::CheckNumber(Palmtree::Math::Core::Internal::__tag_NUMBER_HEADER*)
                0x000000006fbd4b37                Palmtree::Math::Core::Internal::DuplicateNumber(Palmtree::Math::Core::Internal::__tag_NUMBER_HEADER*)
                0x000000006fbd4bc5                Palmtree::Math::Core::Internal::PMC_GetConstantValue_I(int)
                0x000000006fbd4c32                Palmtree::Math::Core::Internal::PMC_Dispose(Palmtree::Math::Core::Internal::__tag_PMC_HANDLE_UINT*)
                0x000000006fbd4c65                Palmtree::Math::Core::Internal::PMC_Clone_X(Palmtree::Math::Core::Internal::__tag_PMC_HANDLE_UINT*)
                0x000000006fbd4d68                Palmtree::Math::Core::Internal::Lock::Lock()
                0x000000006fbd4d68                Palmtree::Math::Core::Internal::Lock::Lock()
                0x000000006fbd4d8c                Palmtree::Math::Core::Internal::Lock::~Lock()
                0x000000006fbd4d8c                Palmtree::Math::Core::Internal::Lock::~Lock()
                0x000000006fbd4db0                Palmtree::Math::Core::Internal::ResourceHolderUINT::__GenericChainBufferTag::__GenericChainBufferTag(void*)
                0x000000006fbd4db0                Palmtree::Math::Core::Internal::ResourceHolderUINT::__GenericChainBufferTag::__GenericChainBufferTag(void*)
                0x000000006fbd4dee                Palmtree::Math::Core::Internal::ResourceHolderUINT::__GenericChainBufferTag::~__GenericChainBufferTag()
                0x000000006fbd4dee                Palmtree::Math::Core::Internal::ResourceHolderUINT::__GenericChainBufferTag::~__GenericChainBufferTag()
                0x000000006fbd4e1c                Palmtree::Math::Core::Internal::ResourceHolderUINT::__GenericChainBufferTag::~__GenericChainBufferTag()
                0x000000006fbd4e46                Palmtree::Math::Core::Internal::ResourceHolderUINT::__GenericChainBufferTag::EqualsBufferAddress(void*)
                0x000000006fbd4e66                Palmtree::Math::Core::Internal::ResourceHolderUINT::__GenericChainBufferTag::Destruct()
                0x000000006fbd4e9c                Palmtree::Math::Core::Internal::ResourceHolderUINT::____UNIT_TYPE_Array_ChainBufferTag::____UNIT_TYPE_Array_ChainBufferTag(unsigned long long*, unsigned long long, unsigned long long)
                0x000000006fbd4e9c                Palmtree::Math::Core::Internal::ResourceHolderUINT::____UNIT_TYPE_Array_ChainBufferTag::____UNIT_TYPE_Array_ChainBufferTag(unsigned long long*, unsigned long long, unsigned long long)
                0x000000006fbd4efa                Palmtree::Math::Core::Internal::ResourceHolderUINT::____UNIT_TYPE_Array_ChainBufferTag::~____UNIT_TYPE_Array_ChainBufferTag()
                0x000000006fbd4efa                Palmtree::Math::Core::Internal::ResourceHolderUINT::____UNIT_TYPE_Array_ChainBufferTag::~____UNIT_TYPE_Array_ChainBufferTag()
                0x000000006fbd4f28                Palmtree::Math::Core::Internal::ResourceHolderUINT::____UNIT_TYPE_Array_ChainBufferTag::~____UNIT_TYPE_Array_ChainBufferTag()
                0x000000006fbd4f52                Palmtree::Math::Core::Internal::ResourceHolderUINT::____UNIT_TYPE_Array_ChainBufferTag::EqualsBufferAddress(void*)
                0x000000006fbd4f72                Palmtree::Math::Core::Internal::ResourceHolderUINT::____UNIT_TYPE_Array_ChainBufferTag::Clear()
                0x000000006fbd4f9e                Palmtree::Math::Core::Internal::ResourceHolderUINT::____UNIT_TYPE_Array_ChainBufferTag::Check()
                0x000000006fbd4fd4                Palmtree::Math::Core::Internal::ResourceHolderUINT::____UNIT_TYPE_Array_ChainBufferTag::Destruct()
                0x000000006fbd500a                Palmtree::Math::Core::Internal::ResourceHolderUINT::__StringChainBufferTag::__StringChainBufferTag(unsigned long long*, unsigned long long, unsigned long long)
                0x000000006fbd500a                Palmtree::Math::Core::Internal::ResourceHolderUINT::__StringChainBufferTag::__StringChainBufferTag(unsigned long long*, unsigned long long, unsigned long long)
                0x000000006fbd5068                Palmtree::Math::Core::Internal::ResourceHolderUINT::__StringChainBufferTag::~__StringChainBufferTag()
                0x000000006fbd5068                Palmtree::Math::Core::Internal::ResourceHolderUINT::__StringChainBufferTag::~__StringChainBufferTag()
                0x000000006fbd5096                Palmtree::Math::Core::Internal::ResourceHolderUINT::__StringChainBufferTag::~__StringChainBufferTag()
                0x000000006fbd50c0                Palmtree::Math::Core::Internal::ResourceHolderUINT::__StringChainBufferTag::EqualsBufferAddress(void*)
                0x000000006fbd50e0                Palmtree::Math::Core::Internal::ResourceHolderUINT::__StringChainBufferTag::Clear()
                0x000000006fbd510c                Palmtree::Math::Core::Internal::ResourceHolderUINT::__StringChainBufferTag::Check()
                0x000000006fbd5142                Palmtree::Math::Core::Internal::ResourceHolderUINT::__StringChainBufferTag::Destruct()
                0x000000006fbd5178                Palmtree::Math::Core::Internal::ResourceHolderUINT::__DynamicNumberChainBufferTag::__DynamicNumberChainBufferTag(Palmtree::Math::Core::Internal::__tag_NUMBER_HEADER*)
                0x000000006fbd5178                Palmtree::Math::Core::Internal::ResourceHolderUINT::__DynamicNumberChainBufferTag::__DynamicNumberChainBufferTag(Palmtree::Math::Core::Internal::__tag_NUMBER_HEADER*)
                0x000000006fbd51b6                Palmtree::Math::Core::Internal::ResourceHolderUINT::__DynamicNumberChainBufferTag::~__DynamicNumberChainBufferTag()
                0x000000006fbd51b6                Palmtree::Math::Core::Internal::ResourceHolderUINT::__DynamicNumberChainBufferTag::~__DynamicNumberChainBufferTag()
                0x000000006fbd51e4                Palmtree::Math::Core::Internal::ResourceHolderUINT::__DynamicNumberChainBufferTag::~__DynamicNumberChainBufferTag()
                0x000000006fbd520e                Palmtree::Math::Core::Internal::ResourceHolderUINT::__DynamicNumberChainBufferTag::EqualsBufferAddress(void*)
                0x000000006fbd522e                Palmtree::Math::Core::Internal::ResourceHolderUINT::__DynamicNumberChainBufferTag::Check()
                0x000000006fbd5252                Palmtree::Math::Core::Internal::ResourceHolderUINT::__DynamicNumberChainBufferTag::Destruct()
                0x000000006fbd5276                Palmtree::Math::Core::Internal::ResourceHolderUINT::__NumberHandleHookingChainBufferTag::__NumberHandleHookingChainBufferTag(Palmtree::Math::Core::Internal::__tag_NUMBER_HEADER*)
                0x000000006fbd5276                Palmtree::Math::Core::Internal::ResourceHolderUINT::__NumberHandleHookingChainBufferTag::__NumberHandleHookingChainBufferTag(Palmtree::Math::Core::Internal::__tag_NUMBER_HEADER*)
                0x000000006fbd52b4                Palmtree::Math::Core::Internal::ResourceHolderUINT::__NumberHandleHookingChainBufferTag::~__NumberHandleHookingChainBufferTag()
                0x000000006fbd52b4                Palmtree::Math::Core::Internal::ResourceHolderUINT::__NumberHandleHookingChainBufferTag::~__NumberHandleHookingChainBufferTag()
                0x000000006fbd52e2                Palmtree::Math::Core::Internal::ResourceHolderUINT::__NumberHandleHookingChainBufferTag::~__NumberHandleHookingChainBufferTag()
                0x000000006fbd530c                Palmtree::Math::Core::Internal::ResourceHolderUINT::__NumberHandleHookingChainBufferTag::EqualsBufferAddress(void*)
                0x000000006fbd532c                Palmtree::Math::Core::Internal::ResourceHolderUINT::__NumberHandleHookingChainBufferTag::Check()
                0x000000006fbd5338                Palmtree::Math::Core::Internal::ResourceHolderUINT::__NumberHandleHookingChainBufferTag::Destruct()
                0x000000006fbd535c                Palmtree::Math::Core::Internal::ResourceHolderUINT::__StaticNumberChainBufferTag::__StaticNumberChainBufferTag(Palmtree::Math::Core::Internal::__tag_NUMBER_HEADER*)
                0x000000006fbd535c                Palmtree::Math::Core::Internal::ResourceHolderUINT::__StaticNumberChainBufferTag::__StaticNumberChainBufferTag(Palmtree::Math::Core::Internal::__tag_NUMBER_HEADER*)
                0x000000006fbd539a                Palmtree::Math::Core::Internal::ResourceHolderUINT::__StaticNumberChainBufferTag::~__StaticNumberChainBufferTag()
                0x000000006fbd539a                Palmtree::Math::Core::Internal::ResourceHolderUINT::__StaticNumberChainBufferTag::~__StaticNumberChainBufferTag()
                0x000000006fbd53c8                Palmtree::Math::Core::Internal::ResourceHolderUINT::__StaticNumberChainBufferTag::~__StaticNumberChainBufferTag()
                0x000000006fbd53f2                Palmtree::Math::Core::Internal::ResourceHolderUINT::__StaticNumberChainBufferTag::EqualsBufferAddress(void*)
                0x000000006fbd5412                Palmtree::Math::Core::Internal::ResourceHolderUINT::__StaticNumberChainBufferTag::Check()
                0x000000006fbd541e                Palmtree::Math::Core::Internal::ResourceHolderUINT::__StaticNumberChainBufferTag::Destruct()
                0x000000006fbd5442                Palmtree::Math::Core::Internal::ResourceHolderUINT::ResourceHolderUINT()
                0x000000006fbd5442                Palmtree::Math::Core::Internal::ResourceHolderUINT::ResourceHolderUINT()
                0x000000006fbd5470                Palmtree::Math::Core::Internal::ResourceHolderUINT::~ResourceHolderUINT()
                0x000000006fbd5470                Palmtree::Math::Core::Internal::ResourceHolderUINT::~ResourceHolderUINT()
                0x000000006fbd549e                Palmtree::Math::Core::Internal::ResourceHolderUINT::~ResourceHolderUINT()
                0x000000006fbd54c8                Palmtree::Math::Core::Internal::ResourceHolderUINT::AllocateBytes(unsigned long long)
                0x000000006fbd55b2                Palmtree::Math::Core::Internal::ResourceHolderUINT::DeallocateBytes(void*)
                0x000000006fbd5660                Palmtree::Math::Core::Internal::ResourceHolderUINT::UnlinkBytes(void*)
                0x000000006fbd5716                Palmtree::Math::Core::Internal::ResourceHolderUINT::AllocateBlock(unsigned long long)
                0x000000006fbd57c8                Palmtree::Math::Core::Internal::ResourceHolderUINT::ClearBlock(unsigned long long*)
                0x000000006fbd5888                Palmtree::Math::Core::Internal::ResourceHolderUINT::DeallocateBlock(unsigned long long*)
                0x000000006fbd5936                Palmtree::Math::Core::Internal::ResourceHolderUINT::CheckBlock(unsigned long long*)
                0x000000006fbd59f6                Palmtree::Math::Core::Internal::ResourceHolderUINT::UnlinkBlock(unsigned long long*)
                0x000000006fbd5aac                Palmtree::Math::Core::Internal::ResourceHolderUINT::AllocateString(unsigned long long)
                0x000000006fbd5b64                Palmtree::Math::Core::Internal::ResourceHolderUINT::ClearString(wchar_t*)
                0x000000006fbd5c24                Palmtree::Math::Core::Internal::ResourceHolderUINT::DeallocateString(wchar_t*)
                0x000000006fbd5cd2                Palmtree::Math::Core::Internal::ResourceHolderUINT::CheckString(wchar_t*)
                0x000000006fbd5d92                Palmtree::Math::Core::Internal::ResourceHolderUINT::UnlinkString(wchar_t*)
                0x000000006fbd5e48                Palmtree::Math::Core::Internal::ResourceHolderUINT::AllocateNumber(unsigned long long)
                0x000000006fbd5ee0                Palmtree::Math::Core::Internal::ResourceHolderUINT::HookNumber(Palmtree::Math::Core::Internal::__tag_NUMBER_HEADER*)
                0x000000006fbd5f62                Palmtree::Math::Core::Internal::ResourceHolderUINT::DeallocateNumber(Palmtree::Math::Core::Internal::__tag_NUMBER_HEADER*)
                0x000000006fbd6010                Palmtree::Math::Core::Internal::ResourceHolderUINT::CheckNumber(Palmtree::Math::Core::Internal::__tag_NUMBER_HEADER*)
                0x000000006fbd60d0                Palmtree::Math::Core::Internal::ResourceHolderUINT::UnlinkNumber(Palmtree::Math::Core::Internal::__tag_NUMBER_HEADER*)
                0x000000006fbd6186                Palmtree::Math::Core::Internal::ResourceHolderUINT::AttatchStaticNumber(Palmtree::Math::Core::Internal::__tag_NUMBER_HEADER*, unsigned long long)
                0x000000006fbd621c                Palmtree::Math::Core::Internal::ResourceHolderUINT::DetatchStaticNumber(Palmtree::Math::Core::Internal::__tag_NUMBER_HEADER*)
                0x000000006fbd62ca                Palmtree::Math::Core::Internal::ResourceHolderUINT::UnlinkStatickNumber(Palmtree::Math::Core::Internal::__tag_NUMBER_HEADER*)
                0x000000006fbd642d                Palmtree::Math::Core::Internal::PMC_GetAllocatedMemorySize()
                0x000000006fbd6547                Palmtree::Math::Core::Internal::Initialize_Memory(Palmtree::Math::Core::Internal::_tag_PROCESSOR_FEATURES*)
                0x000000006fbd6651                Palmtree::Math::Core::Internal::AllocateHeapArea()
                0x000000006fbd6697                Palmtree::Math::Core::Internal::DeallocateHeapArea()
 .text          0x000000006fbd66d0      0xcd0 ../build/x64_Debug/pmc_modpow.o
                0x000000006fbd697f                Palmtree::Math::Core::Internal::exception_filter(unsigned long)
                0x000000006fbd7203                Palmtree::Math::Core::Internal::PMC_ModPow_X_X_X(Palmtree::Math::Core::Internal::__tag_PMC_HANDLE_UINT*, Palmtree::Math::Core::Internal::__tag_PMC_HANDLE_UINT*, Palmtree::Math::Core::Internal::__tag_PMC_HANDLE_UINT*)
                0x000000006fbd7390                Palmtree::Math::Core::Internal::Initialize_ModPow(Palmtree::Math::Core::Internal::_tag_PROCESSOR_FEATURES*)
 .text          0x000000006fbd73a0     0x27e0 ../build/x64_Debug/pmc_multiply.o
                0x000000006fbd75f8                Palmtree::Math::Core::Internal::Multiply_X_X_Imp(unsigned long long*, unsigned long long, unsigned long long*, unsigned long long, unsigned long long*)
                0x000000006fbd91b5                Palmtree::Math::Core::Internal::PMC_Multiply_X_I_Imp(Palmtree::Math::Core::Internal::__tag_NUMBER_HEADER*, unsigned int)
                0x000000006fbd931e                Palmtree::Math::Core::Internal::PMC_Multiply_I_X(unsigned int, Palmtree::Math::Core::Internal::__tag_PMC_HANDLE_UINT*)
                0x000000006fbd9403                Palmtree::Math::Core::Internal::PMC_Multiply_X_I(Palmtree::Math::Core::Internal::__tag_PMC_HANDLE_UINT*, unsigned int)
                0x000000006fbd965b                Palmtree::Math::Core::Internal::PMC_Multiply_L_X(unsigned long long, Palmtree::Math::Core::Internal::__tag_PMC_HANDLE_UINT*)
                0x000000006fbd9742                Palmtree::Math::Core::Internal::PMC_Multiply_X_L(Palmtree::Math::Core::Internal::__tag_PMC_HANDLE_UINT*, unsigned long long)
                0x000000006fbd99b2                Palmtree::Math::Core::Internal::PMC_Multiply_X_X(Palmtree::Math::Core::Internal::__tag_PMC_HANDLE_UINT*, Palmtree::Math::Core::Internal::__tag_PMC_HANDLE_UINT*)
                0x000000006fbd9af8                Palmtree::Math::Core::Internal::Initialize_Multiply(Palmtree::Math::Core::Internal::_tag_PROCESSOR_FEATURES*)
 .text          0x000000006fbd9b80     0x33d0 ../build/x64_Debug/pmc_parse.o
                0x000000006fbdcbfd                Palmtree::Math::Core::Internal::PMC_TryParse(wchar_t const*, int, Palmtree::Math::Core::Internal::__tag_PMC_NUMBER_FORMAT_INFO const*, Palmtree::Math::Core::Internal::__tag_PMC_HANDLE_UINT**, unsigned int*)
                0x000000006fbdcd8e                Palmtree::Math::Core::Internal::PMC_TryParseForSINT(wchar_t const*, int, Palmtree::Math::Core::Internal::__tag_PMC_NUMBER_FORMAT_INFO const*, char*, Palmtree::Math::Core::Internal::__tag_PMC_HANDLE_UINT**, unsigned int*)
                0x000000006fbdceec                Palmtree::Math::Core::Internal::Initialize_Parse(Palmtree::Math::Core::Internal::_tag_PROCESSOR_FEATURES*)
 .text          0x000000006fbdcf50      0xb70 ../build/x64_Debug/pmc_pow.o
                0x000000006fbdd207                Palmtree::Math::Core::Internal::PMC_Pow_X_I_Imp(Palmtree::Math::Core::Internal::__tag_NUMBER_HEADER*, unsigned int)
                0x000000006fbdd5c3                Palmtree::Math::Core::Internal::PMC_Pow_X_L_Imp(Palmtree::Math::Core::Internal::__tag_NUMBER_HEADER*, unsigned long long)
                0x000000006fbdd7e4                Palmtree::Math::Core::Internal::PMC_Pow_X_I(Palmtree::Math::Core::Internal::__tag_PMC_HANDLE_UINT*, unsigned int)
                0x000000006fbdd8c5                Palmtree::Math::Core::Internal::PMC_Pow_X_L(Palmtree::Math::Core::Internal::__tag_PMC_HANDLE_UINT*, unsigned long long)
                0x000000006fbdd9a9                Palmtree::Math::Core::Internal::PMC_TimesOfExponentOf10_Imp(unsigned int, unsigned long long)
                0x000000006fbdda87                Palmtree::Math::Core::Internal::PMC_TimesOfExponentOf10(unsigned int, unsigned int)
                0x000000006fbddaa9                Palmtree::Math::Core::Internal::Initialize_Pow(Palmtree::Math::Core::Internal::_tag_PROCESSOR_FEATURES*)
 .text          0x000000006fbddac0     0x29d0 ../build/x64_Debug/pmc_shift.o
                0x000000006fbddbd3                Palmtree::Math::Core::Internal::RightShift_Imp(unsigned long long*, unsigned long long, unsigned long long, unsigned long long*, int)
                0x000000006fbdedf5                Palmtree::Math::Core::Internal::LeftShift_Imp(unsigned long long*, unsigned long long, unsigned long long, unsigned long long*, int)
                0x000000006fbe024d                Palmtree::Math::Core::Internal::PMC_RightShift_X_I(Palmtree::Math::Core::Internal::__tag_PMC_HANDLE_UINT*, int)
                0x000000006fbe0365                Palmtree::Math::Core::Internal::PMC_LeftShift_X_I(Palmtree::Math::Core::Internal::__tag_PMC_HANDLE_UINT*, int)
                0x000000006fbe047d                Palmtree::Math::Core::Internal::Initialize_Shift(Palmtree::Math::Core::Internal::_tag_PROCESSOR_FEATURES*)
 .text          0x000000006fbe0490       0x40 ../build/x64_Debug/pmc_statistics.o
                0x000000006fbe0490                Palmtree::Math::Core::Internal::PMC_GetStatisticsInfo(Palmtree::Math::Core::Internal::__tag_PMC_STATISTICS_INFO*)
 .text          0x000000006fbe04d0     0x1600 ../build/x64_Debug/pmc_subtruct.o
                0x000000006fbe0cc1                Palmtree::Math::Core::Internal::Subtruct_Imp(unsigned long long*, unsigned long long, unsigned long long*, unsigned long long, unsigned long long*, unsigned long long)
                0x000000006fbe0ea0                Palmtree::Math::Core::Internal::PMC_Subtruct_I_X(unsigned int, Palmtree::Math::Core::Internal::__tag_PMC_HANDLE_UINT*)
                0x000000006fbe121f                Palmtree::Math::Core::Internal::PMC_Subtruct_X_I(Palmtree::Math::Core::Internal::__tag_PMC_HANDLE_UINT*, unsigned int)
                0x000000006fbe130c                Palmtree::Math::Core::Internal::PMC_Subtruct_L_X(unsigned long long, Palmtree::Math::Core::Internal::__tag_PMC_HANDLE_UINT*)
                0x000000006fbe1699                Palmtree::Math::Core::Internal::PMC_Subtruct_X_L(Palmtree::Math::Core::Internal::__tag_PMC_HANDLE_UINT*, unsigned long long)
                0x000000006fbe197b                Palmtree::Math::Core::Internal::PMC_Subtruct_X_X(Palmtree::Math::Core::Internal::__tag_PMC_HANDLE_UINT*, Palmtree::Math::Core::Internal::__tag_PMC_HANDLE_UINT*)
                0x000000006fbe1ac1                Palmtree::Math::Core::Internal::Initialize_Subtruct(Palmtree::Math::Core::Internal::_tag_PROCESSOR_FEATURES*)
 .text          0x000000006fbe1ad0      0x1e0 ../build/x64_Debug/pmc_to.o
                0x000000006fbe1aec                Palmtree::Math::Core::Internal::PMC_To_X_I(Palmtree::Math::Core::Internal::__tag_PMC_HANDLE_UINT*)
                0x000000006fbe1b7d                Palmtree::Math::Core::Internal::PMC_To_X_L(Palmtree::Math::Core::Internal::__tag_PMC_HANDLE_UINT*)
                0x000000006fbe1c92                Palmtree::Math::Core::Internal::Initialize_To(Palmtree::Math::Core::Internal::_tag_PROCESSOR_FEATURES*)
 .text          0x000000006fbe1cb0     0x1960 ../build/x64_Debug/pmc_tostring.o
                0x000000006fbe32ec                Palmtree::Math::Core::Internal::PMC_ToString(Palmtree::Math::Core::Internal::__tag_PMC_HANDLE_UINT*, wchar_t const*, Palmtree::Math::Core::Internal::__tag_PMC_NUMBER_FORMAT_INFO const*, wchar_t*, unsigned long long)
                0x000000006fbe33b2                Palmtree::Math::Core::Internal::InitializeNumberFormatoInfo(Palmtree::Math::Core::Internal::__tag_PMC_NUMBER_FORMAT_INFO*)
                0x000000006fbe35c4                Palmtree::Math::Core::Internal::PMC_InitializeNumberFormatInfo(Palmtree::Math::Core::Internal::__tag_PMC_NUMBER_FORMAT_INFO*)
                0x000000006fbe35e0                Palmtree::Math::Core::Internal::Initialize_ToString(Palmtree::Math::Core::Internal::_tag_PROCESSOR_FEATURES*)
 .text          0x000000006fbe3610        0x8 C:/GNU/MINGW64/x86_64-8.1.0-win32-seh-rt_v6-rev0/mingw64/bin/../lib/gcc/x86_64-w64-mingw32/8.1.0/../../../../x86_64-w64-mingw32/lib/../lib\libkernel32.a(dqifs01555.o)
                0x000000006fbe3610                lstrlenW
 .text          0x000000006fbe3618        0x8 C:/GNU/MINGW64/x86_64-8.1.0-win32-seh-rt_v6-rev0/mingw64/bin/../lib/gcc/x86_64-w64-mingw32/8.1.0/../../../../x86_64-w64-mingw32/lib/../lib\libkernel32.a(dqifs01549.o)
                0x000000006fbe3618                lstrcpyW
 .text          0x000000006fbe3620        0x8 C:/GNU/MINGW64/x86_64-8.1.0-win32-seh-rt_v6-rev0/mingw64/bin/../lib/gcc/x86_64-w64-mingw32/8.1.0/../../../../x86_64-w64-mingw32/lib/../lib\libkernel32.a(dqifs01543.o)
                0x000000006fbe3620                lstrcmpW
 .text          0x000000006fbe3628        0x8 C:/GNU/MINGW64/x86_64-8.1.0-win32-seh-rt_v6-rev0/mingw64/bin/../lib/gcc/x86_64-w64-mingw32/8.1.0/../../../../x86_64-w64-mingw32/lib/../lib\libkernel32.a(dqifs01360.o)
                0x000000006fbe3628                Sleep
 .text          0x000000006fbe3630        0x8 C:/GNU/MINGW64/x86_64-8.1.0-win32-seh-rt_v6-rev0/mingw64/bin/../lib/gcc/x86_64-w64-mingw32/8.1.0/../../../../x86_64-w64-mingw32/lib/../lib\libkernel32.a(dqifs00951.o)
                0x000000006fbe3630                LeaveCriticalSection
 .text          0x000000006fbe3638        0x8 C:/GNU/MINGW64/x86_64-8.1.0-win32-seh-rt_v6-rev0/mingw64/bin/../lib/gcc/x86_64-w64-mingw32/8.1.0/../../../../x86_64-w64-mingw32/lib/../lib\libkernel32.a(dqifs00863.o)
                0x000000006fbe3638                InitializeCriticalSection
 .text          0x000000006fbe3640        0x8 C:/GNU/MINGW64/x86_64-8.1.0-win32-seh-rt_v6-rev0/mingw64/bin/../lib/gcc/x86_64-w64-mingw32/8.1.0/../../../../x86_64-w64-mingw32/lib/../lib\libkernel32.a(dqifs00852.o)
                0x000000006fbe3640                HeapWalk
 .text          0x000000006fbe3648        0x8 C:/GNU/MINGW64/x86_64-8.1.0-win32-seh-rt_v6-rev0/mingw64/bin/../lib/gcc/x86_64-w64-mingw32/8.1.0/../../../../x86_64-w64-mingw32/lib/../lib\libkernel32.a(dqifs00849.o)
                0x000000006fbe3648                HeapUnlock
 .text          0x000000006fbe3650        0x8 C:/GNU/MINGW64/x86_64-8.1.0-win32-seh-rt_v6-rev0/mingw64/bin/../lib/gcc/x86_64-w64-mingw32/8.1.0/../../../../x86_64-w64-mingw32/lib/../lib\libkernel32.a(dqifs00842.o)
                0x000000006fbe3650                HeapLock
 .text          0x000000006fbe3658        0x8 C:/GNU/MINGW64/x86_64-8.1.0-win32-seh-rt_v6-rev0/mingw64/bin/../lib/gcc/x86_64-w64-mingw32/8.1.0/../../../../x86_64-w64-mingw32/lib/../lib\libkernel32.a(dqifs00841.o)
                0x000000006fbe3658                HeapFree
 .text          0x000000006fbe3660        0x8 C:/GNU/MINGW64/x86_64-8.1.0-win32-seh-rt_v6-rev0/mingw64/bin/../lib/gcc/x86_64-w64-mingw32/8.1.0/../../../../x86_64-w64-mingw32/lib/../lib\libkernel32.a(dqifs00839.o)
                0x000000006fbe3660                HeapDestroy
 .text          0x000000006fbe3668        0x8 C:/GNU/MINGW64/x86_64-8.1.0-win32-seh-rt_v6-rev0/mingw64/bin/../lib/gcc/x86_64-w64-mingw32/8.1.0/../../../../x86_64-w64-mingw32/lib/../lib\libkernel32.a(dqifs00837.o)
                0x000000006fbe3668                HeapCreate
 .text          0x000000006fbe3670        0x8 C:/GNU/MINGW64/x86_64-8.1.0-win32-seh-rt_v6-rev0/mingw64/bin/../lib/gcc/x86_64-w64-mingw32/8.1.0/../../../../x86_64-w64-mingw32/lib/../lib\libkernel32.a(dqifs00835.o)
                0x000000006fbe3670                HeapAlloc
 .text          0x000000006fbe3678        0x8 C:/GNU/MINGW64/x86_64-8.1.0-win32-seh-rt_v6-rev0/mingw64/bin/../lib/gcc/x86_64-w64-mingw32/8.1.0/../../../../x86_64-w64-mingw32/lib/../lib\libkernel32.a(dqifs00774.o)
                0x000000006fbe3678                GetTickCount
 .text          0x000000006fbe3680        0x8 C:/GNU/MINGW64/x86_64-8.1.0-win32-seh-rt_v6-rev0/mingw64/bin/../lib/gcc/x86_64-w64-mingw32/8.1.0/../../../../x86_64-w64-mingw32/lib/../lib\libkernel32.a(dqifs00609.o)
                0x000000006fbe3680                GetLastError
 .text          0x000000006fbe3688        0x8 C:/GNU/MINGW64/x86_64-8.1.0-win32-seh-rt_v6-rev0/mingw64/bin/../lib/gcc/x86_64-w64-mingw32/8.1.0/../../../../x86_64-w64-mingw32/lib/../lib\libkernel32.a(dqifs00304.o)
                0x000000006fbe3688                EnterCriticalSection
 .text          0x000000006fbe3690        0x0 C:/GNU/MINGW64/x86_64-8.1.0-win32-seh-rt_v6-rev0/mingw64/bin/../lib/gcc/x86_64-w64-mingw32/8.1.0/../../../../x86_64-w64-mingw32/lib/../lib\libkernel32.a(dqifh.o)
 .text          0x000000006fbe3690        0x0 C:/GNU/MINGW64/x86_64-8.1.0-win32-seh-rt_v6-rev0/mingw64/bin/../lib/gcc/x86_64-w64-mingw32/8.1.0/../../../../x86_64-w64-mingw32/lib/../lib\libkernel32.a(dqift.o)
 .text          0x000000006fbe3690        0x8 C:/GNU/MINGW64/x86_64-8.1.0-win32-seh-rt_v6-rev0/mingw64/bin/../lib/gcc/x86_64-w64-mingw32/8.1.0/../../../../x86_64-w64-mingw32/lib/../lib\libuser32.a(dyqes00958.o)
                0x000000006fbe3690                wsprintfW
 *fill*         0x000000006fbe3698        0x8 
 .text          0x000000006fbe36a0        0x0 C:/GNU/MINGW64/x86_64-8.1.0-win32-seh-rt_v6-rev0/mingw64/bin/../lib/gcc/x86_64-w64-mingw32/8.1.0/../../../../x86_64-w64-mingw32/lib/../lib\libuser32.a(dyqeh.o)
 .text          0x000000006fbe36a0        0x0 C:/GNU/MINGW64/x86_64-8.1.0-win32-seh-rt_v6-rev0/mingw64/bin/../lib/gcc/x86_64-w64-mingw32/8.1.0/../../../../x86_64-w64-mingw32/lib/../lib\libuser32.a(dyqet.o)
 .text          0x000000006fbe36a0        0x0 C:/GNU/MINGW64/x86_64-8.1.0-win32-seh-rt_v6-rev0/mingw64/bin/../lib/gcc/x86_64-w64-mingw32/8.1.0\libstdc++.a(class_type_info.o)
 .text          0x000000006fbe36a0        0x0 C:/GNU/MINGW64/x86_64-8.1.0-win32-seh-rt_v6-rev0/mingw64/bin/../lib/gcc/x86_64-w64-mingw32/8.1.0\libstdc++.a(del_ops.o)
 .text          0x000000006fbe36a0        0x0 C:/GNU/MINGW64/x86_64-8.1.0-win32-seh-rt_v6-rev0/mingw64/bin/../lib/gcc/x86_64-w64-mingw32/8.1.0\libstdc++.a(eh_alloc.o)
 .text          0x000000006fbe36a0        0x0 C:/GNU/MINGW64/x86_64-8.1.0-win32-seh-rt_v6-rev0/mingw64/bin/../lib/gcc/x86_64-w64-mingw32/8.1.0\libstdc++.a(eh_catch.o)
 .text          0x000000006fbe36a0        0x0 C:/GNU/MINGW64/x86_64-8.1.0-win32-seh-rt_v6-rev0/mingw64/bin/../lib/gcc/x86_64-w64-mingw32/8.1.0\libstdc++.a(eh_exception.o)
 .text          0x000000006fbe36a0        0x0 C:/GNU/MINGW64/x86_64-8.1.0-win32-seh-rt_v6-rev0/mingw64/bin/../lib/gcc/x86_64-w64-mingw32/8.1.0\libstdc++.a(eh_globals.o)
 .text          0x000000006fbe36a0        0x0 C:/GNU/MINGW64/x86_64-8.1.0-win32-seh-rt_v6-rev0/mingw64/bin/../lib/gcc/x86_64-w64-mingw32/8.1.0\libstdc++.a(eh_personality.o)
 .text          0x000000006fbe36a0        0x0 C:/GNU/MINGW64/x86_64-8.1.0-win32-seh-rt_v6-rev0/mingw64/bin/../lib/gcc/x86_64-w64-mingw32/8.1.0\libstdc++.a(eh_terminate.o)
 .text          0x000000006fbe36a0        0x0 C:/GNU/MINGW64/x86_64-8.1.0-win32-seh-rt_v6-rev0/mingw64/bin/../lib/gcc/x86_64-w64-mingw32/8.1.0\libstdc++.a(eh_term_handler.o)
 .text          0x000000006fbe36a0        0x0 C:/GNU/MINGW64/x86_64-8.1.0-win32-seh-rt_v6-rev0/mingw64/bin/../lib/gcc/x86_64-w64-mingw32/8.1.0\libstdc++.a(eh_throw.o)
 .text          0x000000006fbe36a0        0x0 C:/GNU/MINGW64/x86_64-8.1.0-win32-seh-rt_v6-rev0/mingw64/bin/../lib/gcc/x86_64-w64-mingw32/8.1.0\libstdc++.a(eh_unex_handler.o)
 .text          0x000000006fbe36a0        0x0 C:/GNU/MINGW64/x86_64-8.1.0-win32-seh-rt_v6-rev0/mingw64/bin/../lib/gcc/x86_64-w64-mingw32/8.1.0\libstdc++.a(new_op.o)
 .text          0x000000006fbe36a0        0x0 C:/GNU/MINGW64/x86_64-8.1.0-win32-seh-rt_v6-rev0/mingw64/bin/../lib/gcc/x86_64-w64-mingw32/8.1.0\libstdc++.a(pure.o)
 .text          0x000000006fbe36a0        0x0 C:/GNU/MINGW64/x86_64-8.1.0-win32-seh-rt_v6-rev0/mingw64/bin/../lib/gcc/x86_64-w64-mingw32/8.1.0\libstdc++.a(si_class_type_info.o)
 .text          0x000000006fbe36a0        0x0 C:/GNU/MINGW64/x86_64-8.1.0-win32-seh-rt_v6-rev0/mingw64/bin/../lib/gcc/x86_64-w64-mingw32/8.1.0\libstdc++.a(tinfo.o)
 .text          0x000000006fbe36a0        0x0 C:/GNU/MINGW64/x86_64-8.1.0-win32-seh-rt_v6-rev0/mingw64/bin/../lib/gcc/x86_64-w64-mingw32/8.1.0\libstdc++.a(vmi_class_type_info.o)
 .text          0x000000006fbe36a0        0x0 C:/GNU/MINGW64/x86_64-8.1.0-win32-seh-rt_v6-rev0/mingw64/bin/../lib/gcc/x86_64-w64-mingw32/8.1.0\libstdc++.a(vterminate.o)
 .text          0x000000006fbe36a0        0x0 C:/GNU/MINGW64/x86_64-8.1.0-win32-seh-rt_v6-rev0/mingw64/bin/../lib/gcc/x86_64-w64-mingw32/8.1.0\libstdc++.a(bad_alloc.o)
 .text          0x000000006fbe36a0     0x96f0 C:/GNU/MINGW64/x86_64-8.1.0-win32-seh-rt_v6-rev0/mingw64/bin/../lib/gcc/x86_64-w64-mingw32/8.1.0\libstdc++.a(cp-demangle.o)
                0x000000006fbecc00                __cxa_demangle
                0x000000006fbecd60                __gcclibcxx_demangle_callback
 .text          0x000000006fbecd90        0x0 C:/GNU/MINGW64/x86_64-8.1.0-win32-seh-rt_v6-rev0/mingw64/bin/../lib/gcc/x86_64-w64-mingw32/8.1.0\libstdc++.a(del_op.o)
 .text          0x000000006fbecd90        0x0 C:/GNU/MINGW64/x86_64-8.1.0-win32-seh-rt_v6-rev0/mingw64/bin/../lib/gcc/x86_64-w64-mingw32/8.1.0\libstdc++.a(eh_call.o)
 .text          0x000000006fbecd90        0x0 C:/GNU/MINGW64/x86_64-8.1.0-win32-seh-rt_v6-rev0/mingw64/bin/../lib/gcc/x86_64-w64-mingw32/8.1.0\libstdc++.a(eh_type.o)
 .text          0x000000006fbecd90        0x0 C:/GNU/MINGW64/x86_64-8.1.0-win32-seh-rt_v6-rev0/mingw64/bin/../lib/gcc/x86_64-w64-mingw32/8.1.0\libstdc++.a(new_handler.o)
 .text          0x000000006fbecd90       0xd0 C:/GNU/MINGW64/x86_64-8.1.0-win32-seh-rt_v6-rev0/mingw64/bin/../lib/gcc/x86_64-w64-mingw32/8.1.0/../../../../x86_64-w64-mingw32/lib/../lib\libmingw32.a(lib64_libmingw32_a-gccmain.o)
                0x000000006fbecd90                __do_global_dtors
                0x000000006fbecdd0                __do_global_ctors
                0x000000006fbece40                __main
 .text          0x000000006fbece60        0x0 C:/GNU/MINGW64/x86_64-8.1.0-win32-seh-rt_v6-rev0/mingw64/bin/../lib/gcc/x86_64-w64-mingw32/8.1.0/../../../../x86_64-w64-mingw32/lib/../lib\libmingw32.a(lib64_libmingw32_a-natstart.o)
 .text          0x000000006fbece60      0x1e0 C:/GNU/MINGW64/x86_64-8.1.0-win32-seh-rt_v6-rev0/mingw64/bin/../lib/gcc/x86_64-w64-mingw32/8.1.0/../../../../x86_64-w64-mingw32/lib/../lib\libmingw32.a(lib64_libmingw32_a-gs_support.o)
                0x000000006fbece60                __security_init_cookie
                0x000000006fbecf40                __report_gsfailure
 .text          0x000000006fbed040       0xc0 C:/GNU/MINGW64/x86_64-8.1.0-win32-seh-rt_v6-rev0/mingw64/bin/../lib/gcc/x86_64-w64-mingw32/8.1.0/../../../../x86_64-w64-mingw32/lib/../lib\libmingw32.a(lib64_libmingw32_a-tlssup.o)
                0x000000006fbed070                __dyn_tls_init
                0x000000006fbed0f0                __tlregdtor
 .text          0x000000006fbed100        0x0 C:/GNU/MINGW64/x86_64-8.1.0-win32-seh-rt_v6-rev0/mingw64/bin/../lib/gcc/x86_64-w64-mingw32/8.1.0/../../../../x86_64-w64-mingw32/lib/../lib\libmingw32.a(lib64_libmingw32_a-cinitexe.o)
 .text          0x000000006fbed100       0x20 C:/GNU/MINGW64/x86_64-8.1.0-win32-seh-rt_v6-rev0/mingw64/bin/../lib/gcc/x86_64-w64-mingw32/8.1.0/../../../../x86_64-w64-mingw32/lib/../lib\libmingw32.a(lib64_libmingw32_a-mingw_helpers.o)
                0x000000006fbed100                _decode_pointer
                0x000000006fbed110                _encode_pointer
 .text          0x000000006fbed120      0x490 C:/GNU/MINGW64/x86_64-8.1.0-win32-seh-rt_v6-rev0/mingw64/bin/../lib/gcc/x86_64-w64-mingw32/8.1.0/../../../../x86_64-w64-mingw32/lib/../lib\libmingw32.a(lib64_libmingw32_a-pseudo-reloc.o)
                0x000000006fbed2f0                _pei386_runtime_relocator
 .text          0x000000006fbed5b0      0x480 C:/GNU/MINGW64/x86_64-8.1.0-win32-seh-rt_v6-rev0/mingw64/bin/../lib/gcc/x86_64-w64-mingw32/8.1.0/../../../../x86_64-w64-mingw32/lib/../lib\libmingw32.a(lib64_libmingw32_a-crt_handler.o)
                0x000000006fbed5b0                __mingw_SEH_error_handler
                0x000000006fbed750                __mingw_init_ehandler
                0x000000006fbed840                _gnu_exception_handler
 .text          0x000000006fbeda30      0x270 C:/GNU/MINGW64/x86_64-8.1.0-win32-seh-rt_v6-rev0/mingw64/bin/../lib/gcc/x86_64-w64-mingw32/8.1.0/../../../../x86_64-w64-mingw32/lib/../lib\libmingw32.a(lib64_libmingw32_a-tlsthrd.o)
                0x000000006fbedaa0                ___w64_mingwthr_add_key_dtor
                0x000000006fbedb20                ___w64_mingwthr_remove_key_dtor
                0x000000006fbedbc0                __mingw_TLScallback
 .text          0x000000006fbedca0        0x0 C:/GNU/MINGW64/x86_64-8.1.0-win32-seh-rt_v6-rev0/mingw64/bin/../lib/gcc/x86_64-w64-mingw32/8.1.0/../../../../x86_64-w64-mingw32/lib/../lib\libmingw32.a(lib64_libmingw32_a-tlsmcrt.o)
 .text          0x000000006fbedca0        0x0 C:/GNU/MINGW64/x86_64-8.1.0-win32-seh-rt_v6-rev0/mingw64/bin/../lib/gcc/x86_64-w64-mingw32/8.1.0/../../../../x86_64-w64-mingw32/lib/../lib\libmingw32.a(lib64_libmingw32_a-pseudo-reloc-list.o)
 .text          0x000000006fbedca0      0x3e0 C:/GNU/MINGW64/x86_64-8.1.0-win32-seh-rt_v6-rev0/mingw64/bin/../lib/gcc/x86_64-w64-mingw32/8.1.0/../../../../x86_64-w64-mingw32/lib/../lib\libmingw32.a(lib64_libmingw32_a-pesect.o)
                0x000000006fbedcc0                _ValidateImageBase
                0x000000006fbedce0                _FindPESection
                0x000000006fbedd30                _FindPESectionByName
                0x000000006fbeddc0                __mingw_GetSectionForAddress
                0x000000006fbede40                __mingw_GetSectionCount
                0x000000006fbede80                _FindPESectionExec
                0x000000006fbedef0                _GetPEImageBase
                0x000000006fbedf30                _IsNonwritableInCurrentImage
                0x000000006fbedfd0                __mingw_enum_import_library_names
 .text          0x000000006fbee080       0x10 C:/GNU/MINGW64/x86_64-8.1.0-win32-seh-rt_v6-rev0/mingw64/bin/../lib/gcc/x86_64-w64-mingw32/8.1.0/../../../../x86_64-w64-mingw32/lib/../lib\libmingw32.a(lib64_libmingw32_a-CRT_fp10.o)
                0x000000006fbee080                fpreset
                0x000000006fbee080                _fpreset
 .text          0x000000006fbee090       0x40 C:/GNU/MINGW64/x86_64-8.1.0-win32-seh-rt_v6-rev0/mingw64/bin/../lib/gcc/x86_64-w64-mingw32/8.1.0\libgcc.a(_chkstk_ms.o)
                0x000000006fbee090                ___chkstk_ms
 .text          0x000000006fbee0d0        0x0 C:/GNU/MINGW64/x86_64-8.1.0-win32-seh-rt_v6-rev0/mingw64/bin/../lib/gcc/x86_64-w64-mingw32/8.1.0\libgcc.a(_ctors.o)
 .text          0x000000006fbee0d0      0x3b0 C:/GNU/MINGW64/x86_64-8.1.0-win32-seh-rt_v6-rev0/mingw64/bin/../lib/gcc/x86_64-w64-mingw32/8.1.0\libgcc.a(gthr-win32.o)
                0x000000006fbee0d0                __gthr_win32_once
                0x000000006fbee150                __gthr_win32_key_create
                0x000000006fbee190                __gthr_win32_key_delete
                0x000000006fbee1b0                __gthr_win32_getspecific
                0x000000006fbee1e0                __gthr_win32_setspecific
                0x000000006fbee200                __gthr_win32_mutex_init_function
                0x000000006fbee230                __gthr_win32_mutex_destroy
                0x000000006fbee240                __gthr_win32_mutex_lock
                0x000000006fbee290                __gthr_win32_mutex_trylock
                0x000000006fbee2b0                __gthr_win32_mutex_unlock
                0x000000006fbee2f0                __gthr_win32_recursive_mutex_init_function
                0x000000006fbee330                __gthr_win32_recursive_mutex_lock
                0x000000006fbee3b0                __gthr_win32_recursive_mutex_trylock
                0x000000006fbee400                __gthr_win32_recursive_mutex_unlock
                0x000000006fbee460                __gthr_win32_recursive_mutex_destroy
 .text          0x000000006fbee480      0x630 C:/GNU/MINGW64/x86_64-8.1.0-win32-seh-rt_v6-rev0/mingw64/bin/../lib/gcc/x86_64-w64-mingw32/8.1.0\libgcc_eh.a(unwind-seh.o)
                0x000000006fbee4e0                _Unwind_GetGR
                0x000000006fbee500                _Unwind_SetGR
                0x000000006fbee520                _Unwind_GetCFA
                0x000000006fbee530                _Unwind_GetIP
                0x000000006fbee540                _Unwind_GetIPInfo
                0x000000006fbee550                _Unwind_SetIP
                0x000000006fbee560                _Unwind_GetLanguageSpecificData
                0x000000006fbee570                _Unwind_GetRegionStart
                0x000000006fbee580                _Unwind_FindEnclosingFunction
                0x000000006fbee5b0                _Unwind_GetDataRelBase
                0x000000006fbee5c0                _Unwind_GetTextRelBase
                0x000000006fbee5d0                _GCC_specific_handler
                0x000000006fbee7e0                _Unwind_RaiseException
                0x000000006fbee830                _Unwind_Resume
                0x000000006fbee8e0                _Unwind_Resume_or_Rethrow
                0x000000006fbee900                _Unwind_ForcedUnwind
                0x000000006fbee930                _Unwind_DeleteException
                0x000000006fbee950                _Unwind_Backtrace
 .text          0x000000006fbeeab0      0x3b0 C:/GNU/MINGW64/x86_64-8.1.0-win32-seh-rt_v6-rev0/mingw64/bin/../lib/gcc/x86_64-w64-mingw32/8.1.0\libgcc_eh.a(emutls.o)
                0x000000006fbeebf0                __emutls_get_address
                0x000000006fbeee30                __emutls_register_common
 .text          0x000000006fbeee60       0x10 C:/GNU/MINGW64/x86_64-8.1.0-win32-seh-rt_v6-rev0/mingw64/bin/../lib/gcc/x86_64-w64-mingw32/8.1.0/../../../../x86_64-w64-mingw32/lib/../lib\libmingwex.a(lib64_libmingwex_a-dllentry.o)
                0x000000006fbeee60                DllEntryPoint
 .text          0x000000006fbeee70      0x1b0 C:/GNU/MINGW64/x86_64-8.1.0-win32-seh-rt_v6-rev0/mingw64/bin/../lib/gcc/x86_64-w64-mingw32/8.1.0/../../../../x86_64-w64-mingw32/lib/../lib\libmingwex.a(lib64_libmingwex_a-floor.o)
                0x000000006fbeee70                floor
 .text          0x000000006fbef020        0x8 C:/GNU/MINGW64/x86_64-8.1.0-win32-seh-rt_v6-rev0/mingw64/bin/../lib/gcc/x86_64-w64-mingw32/8.1.0/../../../../x86_64-w64-mingw32/lib/../lib\libmsvcrt.a(duags01243.o)
                0x000000006fbef020                vfprintf
 .text          0x000000006fbef028        0x8 C:/GNU/MINGW64/x86_64-8.1.0-win32-seh-rt_v6-rev0/mingw64/bin/../lib/gcc/x86_64-w64-mingw32/8.1.0/../../../../x86_64-w64-mingw32/lib/../lib\libmsvcrt.a(duags01211.o)
                0x000000006fbef028                strncmp
 .text          0x000000006fbef030        0x8 C:/GNU/MINGW64/x86_64-8.1.0-win32-seh-rt_v6-rev0/mingw64/bin/../lib/gcc/x86_64-w64-mingw32/8.1.0/../../../../x86_64-w64-mingw32/lib/../lib\libmsvcrt.a(duags01208.o)
                0x000000006fbef030                strlen
 .text          0x000000006fbef038        0x8 C:/GNU/MINGW64/x86_64-8.1.0-win32-seh-rt_v6-rev0/mingw64/bin/../lib/gcc/x86_64-w64-mingw32/8.1.0/../../../../x86_64-w64-mingw32/lib/../lib\libmsvcrt.a(duags01201.o)
                0x000000006fbef038                strcmp
 .text          0x000000006fbef040        0x8 C:/GNU/MINGW64/x86_64-8.1.0-win32-seh-rt_v6-rev0/mingw64/bin/../lib/gcc/x86_64-w64-mingw32/8.1.0/../../../../x86_64-w64-mingw32/lib/../lib\libmsvcrt.a(duags01192.o)
                0x000000006fbef040                sprintf
 .text          0x000000006fbef048        0x8 C:/GNU/MINGW64/x86_64-8.1.0-win32-seh-rt_v6-rev0/mingw64/bin/../lib/gcc/x86_64-w64-mingw32/8.1.0/../../../../x86_64-w64-mingw32/lib/../lib\libmsvcrt.a(duags01187.o)
                0x000000006fbef048                signal
 .text          0x000000006fbef050        0x8 C:/GNU/MINGW64/x86_64-8.1.0-win32-seh-rt_v6-rev0/mingw64/bin/../lib/gcc/x86_64-w64-mingw32/8.1.0/../../../../x86_64-w64-mingw32/lib/../lib\libmsvcrt.a(duags01177.o)
                0x000000006fbef050                realloc
 .text          0x000000006fbef058        0x8 C:/GNU/MINGW64/x86_64-8.1.0-win32-seh-rt_v6-rev0/mingw64/bin/../lib/gcc/x86_64-w64-mingw32/8.1.0/../../../../x86_64-w64-mingw32/lib/../lib\libmsvcrt.a(duags01159.o)
                0x000000006fbef058                memset
 .text          0x000000006fbef060        0x8 C:/GNU/MINGW64/x86_64-8.1.0-win32-seh-rt_v6-rev0/mingw64/bin/../lib/gcc/x86_64-w64-mingw32/8.1.0/../../../../x86_64-w64-mingw32/lib/../lib\libmsvcrt.a(duags01157.o)
                0x000000006fbef060                memcpy
 .text          0x000000006fbef068        0x8 C:/GNU/MINGW64/x86_64-8.1.0-win32-seh-rt_v6-rev0/mingw64/bin/../lib/gcc/x86_64-w64-mingw32/8.1.0/../../../../x86_64-w64-mingw32/lib/../lib\libmsvcrt.a(duags01149.o)
                0x000000006fbef068                malloc
 .text          0x000000006fbef070        0x8 C:/GNU/MINGW64/x86_64-8.1.0-win32-seh-rt_v6-rev0/mingw64/bin/../lib/gcc/x86_64-w64-mingw32/8.1.0/../../../../x86_64-w64-mingw32/lib/../lib\libmsvcrt.a(duags01145.o)
                0x000000006fbef070                log10
 .text          0x000000006fbef078        0x8 C:/GNU/MINGW64/x86_64-8.1.0-win32-seh-rt_v6-rev0/mingw64/bin/../lib/gcc/x86_64-w64-mingw32/8.1.0/../../../../x86_64-w64-mingw32/lib/../lib\libmsvcrt.a(duags01101.o)
                0x000000006fbef078                fwrite
 .text          0x000000006fbef080        0x8 C:/GNU/MINGW64/x86_64-8.1.0-win32-seh-rt_v6-rev0/mingw64/bin/../lib/gcc/x86_64-w64-mingw32/8.1.0/../../../../x86_64-w64-mingw32/lib/../lib\libmsvcrt.a(duags01089.o)
                0x000000006fbef080                free
 .text          0x000000006fbef088        0x8 C:/GNU/MINGW64/x86_64-8.1.0-win32-seh-rt_v6-rev0/mingw64/bin/../lib/gcc/x86_64-w64-mingw32/8.1.0/../../../../x86_64-w64-mingw32/lib/../lib\libmsvcrt.a(duags01085.o)
                0x000000006fbef088                fputs
 .text          0x000000006fbef090        0x8 C:/GNU/MINGW64/x86_64-8.1.0-win32-seh-rt_v6-rev0/mingw64/bin/../lib/gcc/x86_64-w64-mingw32/8.1.0/../../../../x86_64-w64-mingw32/lib/../lib\libmsvcrt.a(duags01084.o)
                0x000000006fbef090                fputc
 .text          0x000000006fbef098        0x8 C:/GNU/MINGW64/x86_64-8.1.0-win32-seh-rt_v6-rev0/mingw64/bin/../lib/gcc/x86_64-w64-mingw32/8.1.0/../../../../x86_64-w64-mingw32/lib/../lib\libmsvcrt.a(duags01050.o)
                0x000000006fbef098                calloc
 .text          0x000000006fbef0a0        0x8 C:/GNU/MINGW64/x86_64-8.1.0-win32-seh-rt_v6-rev0/mingw64/bin/../lib/gcc/x86_64-w64-mingw32/8.1.0/../../../../x86_64-w64-mingw32/lib/../lib\libmsvcrt.a(duags01032.o)
                0x000000006fbef0a0                abort
 .text          0x000000006fbef0a8        0x8 C:/GNU/MINGW64/x86_64-8.1.0-win32-seh-rt_v6-rev0/mingw64/bin/../lib/gcc/x86_64-w64-mingw32/8.1.0/../../../../x86_64-w64-mingw32/lib/../lib\libmsvcrt.a(duags00986.o)
                0x000000006fbef0a8                write
 .text          0x000000006fbef0b0        0x8 C:/GNU/MINGW64/x86_64-8.1.0-win32-seh-rt_v6-rev0/mingw64/bin/../lib/gcc/x86_64-w64-mingw32/8.1.0/../../../../x86_64-w64-mingw32/lib/../lib\libmsvcrt.a(duags00332.o)
                0x000000006fbef0b0                _initterm
 .text          0x000000006fbef0b8        0x8 C:/GNU/MINGW64/x86_64-8.1.0-win32-seh-rt_v6-rev0/mingw64/bin/../lib/gcc/x86_64-w64-mingw32/8.1.0/../../../../x86_64-w64-mingw32/lib/../lib\libmsvcrt.a(duags00122.o)
                0x000000006fbef0b8                _amsg_exit
 .text          0x000000006fbef0c0      0x170 C:/GNU/MINGW64/x86_64-8.1.0-win32-seh-rt_v6-rev0/mingw64/bin/../lib/gcc/x86_64-w64-mingw32/8.1.0/../../../../x86_64-w64-mingw32/lib/../lib\libmsvcrt.a(lib64_libmsvcrt_os_a-onexit_table.o)
                0x000000006fbef0c0                _initialize_onexit_table
                0x000000006fbef0f0                _register_onexit_function
                0x000000006fbef1c0                _execute_onexit_table
 .text          0x000000006fbef230       0x20 C:/GNU/MINGW64/x86_64-8.1.0-win32-seh-rt_v6-rev0/mingw64/bin/../lib/gcc/x86_64-w64-mingw32/8.1.0/../../../../x86_64-w64-mingw32/lib/../lib\libmsvcrt.a(lib64_libmsvcrt_os_a-acrt_iob_func.o)
                0x000000006fbef230                __acrt_iob_func
 .text          0x000000006fbef250        0x0 C:/GNU/MINGW64/x86_64-8.1.0-win32-seh-rt_v6-rev0/mingw64/bin/../lib/gcc/x86_64-w64-mingw32/8.1.0/../../../../x86_64-w64-mingw32/lib/../lib\libmsvcrt.a(duagh.o)
 .text          0x000000006fbef250        0x8 C:/GNU/MINGW64/x86_64-8.1.0-win32-seh-rt_v6-rev0/mingw64/bin/../lib/gcc/x86_64-w64-mingw32/8.1.0/../../../../x86_64-w64-mingw32/lib/../lib\libmsvcrt.a(duags00821.o)
                0x000000006fbef250                _unlock
 .text          0x000000006fbef258        0x8 C:/GNU/MINGW64/x86_64-8.1.0-win32-seh-rt_v6-rev0/mingw64/bin/../lib/gcc/x86_64-w64-mingw32/8.1.0/../../../../x86_64-w64-mingw32/lib/../lib\libmsvcrt.a(duags00441.o)
                0x000000006fbef258                _lock
 .text          0x000000006fbef260        0x8 C:/GNU/MINGW64/x86_64-8.1.0-win32-seh-rt_v6-rev0/mingw64/bin/../lib/gcc/x86_64-w64-mingw32/8.1.0/../../../../x86_64-w64-mingw32/lib/../lib\libmsvcrt.a(duags00083.o)
                0x000000006fbef260                __iob_func
 *fill*         0x000000006fbef268        0x8 
 .text          0x000000006fbef270        0x0 C:/GNU/MINGW64/x86_64-8.1.0-win32-seh-rt_v6-rev0/mingw64/bin/../lib/gcc/x86_64-w64-mingw32/8.1.0/../../../../x86_64-w64-mingw32/lib/../lib\libmsvcrt.a(duagt.o)
 .text          0x000000006fbef270        0x8 C:/GNU/MINGW64/x86_64-8.1.0-win32-seh-rt_v6-rev0/mingw64/bin/../lib/gcc/x86_64-w64-mingw32/8.1.0/../../../../x86_64-w64-mingw32/lib/../lib\libkernel32.a(dqifs01453.o)
                0x000000006fbef270                WaitForSingleObject
 .text          0x000000006fbef278        0x8 C:/GNU/MINGW64/x86_64-8.1.0-win32-seh-rt_v6-rev0/mingw64/bin/../lib/gcc/x86_64-w64-mingw32/8.1.0/../../../../x86_64-w64-mingw32/lib/../lib\libkernel32.a(dqifs01445.o)
                0x000000006fbef278                VirtualQuery
 .text          0x000000006fbef280        0x8 C:/GNU/MINGW64/x86_64-8.1.0-win32-seh-rt_v6-rev0/mingw64/bin/../lib/gcc/x86_64-w64-mingw32/8.1.0/../../../../x86_64-w64-mingw32/lib/../lib\libkernel32.a(dqifs01443.o)
                0x000000006fbef280                VirtualProtect
 .text          0x000000006fbef288        0x8 C:/GNU/MINGW64/x86_64-8.1.0-win32-seh-rt_v6-rev0/mingw64/bin/../lib/gcc/x86_64-w64-mingw32/8.1.0/../../../../x86_64-w64-mingw32/lib/../lib\libkernel32.a(dqifs01409.o)
                0x000000006fbef288                UnhandledExceptionFilter
 .text          0x000000006fbef290        0x8 C:/GNU/MINGW64/x86_64-8.1.0-win32-seh-rt_v6-rev0/mingw64/bin/../lib/gcc/x86_64-w64-mingw32/8.1.0/../../../../x86_64-w64-mingw32/lib/../lib\libkernel32.a(dqifs01396.o)
                0x000000006fbef290                TlsSetValue
 .text          0x000000006fbef298        0x8 C:/GNU/MINGW64/x86_64-8.1.0-win32-seh-rt_v6-rev0/mingw64/bin/../lib/gcc/x86_64-w64-mingw32/8.1.0/../../../../x86_64-w64-mingw32/lib/../lib\libkernel32.a(dqifs01395.o)
                0x000000006fbef298                TlsGetValue
 .text          0x000000006fbef2a0        0x8 C:/GNU/MINGW64/x86_64-8.1.0-win32-seh-rt_v6-rev0/mingw64/bin/../lib/gcc/x86_64-w64-mingw32/8.1.0/../../../../x86_64-w64-mingw32/lib/../lib\libkernel32.a(dqifs01394.o)
                0x000000006fbef2a0                TlsFree
 .text          0x000000006fbef2a8        0x8 C:/GNU/MINGW64/x86_64-8.1.0-win32-seh-rt_v6-rev0/mingw64/bin/../lib/gcc/x86_64-w64-mingw32/8.1.0/../../../../x86_64-w64-mingw32/lib/../lib\libkernel32.a(dqifs01393.o)
                0x000000006fbef2a8                TlsAlloc
 .text          0x000000006fbef2b0        0x8 C:/GNU/MINGW64/x86_64-8.1.0-win32-seh-rt_v6-rev0/mingw64/bin/../lib/gcc/x86_64-w64-mingw32/8.1.0/../../../../x86_64-w64-mingw32/lib/../lib\libkernel32.a(dqifs01375.o)
                0x000000006fbef2b0                TerminateProcess
 .text          0x000000006fbef2b8        0x8 C:/GNU/MINGW64/x86_64-8.1.0-win32-seh-rt_v6-rev0/mingw64/bin/../lib/gcc/x86_64-w64-mingw32/8.1.0/../../../../x86_64-w64-mingw32/lib/../lib\libkernel32.a(dqifs01346.o)
                0x000000006fbef2b8                SetUnhandledExceptionFilter
 .text          0x000000006fbef2c0        0x8 C:/GNU/MINGW64/x86_64-8.1.0-win32-seh-rt_v6-rev0/mingw64/bin/../lib/gcc/x86_64-w64-mingw32/8.1.0/../../../../x86_64-w64-mingw32/lib/../lib\libkernel32.a(dqifs01290.o)
                0x000000006fbef2c0                SetLastError
 .text          0x000000006fbef2c8        0x8 C:/GNU/MINGW64/x86_64-8.1.0-win32-seh-rt_v6-rev0/mingw64/bin/../lib/gcc/x86_64-w64-mingw32/8.1.0/../../../../x86_64-w64-mingw32/lib/../lib\libkernel32.a(dqifs01194.o)
                0x000000006fbef2c8                RtlVirtualUnwind
 .text          0x000000006fbef2d0        0x8 C:/GNU/MINGW64/x86_64-8.1.0-win32-seh-rt_v6-rev0/mingw64/bin/../lib/gcc/x86_64-w64-mingw32/8.1.0/../../../../x86_64-w64-mingw32/lib/../lib\libkernel32.a(dqifs01193.o)
                0x000000006fbef2d0                RtlUnwindEx
 .text          0x000000006fbef2d8        0x8 C:/GNU/MINGW64/x86_64-8.1.0-win32-seh-rt_v6-rev0/mingw64/bin/../lib/gcc/x86_64-w64-mingw32/8.1.0/../../../../x86_64-w64-mingw32/lib/../lib\libkernel32.a(dqifs01187.o)
                0x000000006fbef2d8                RtlLookupFunctionEntry
 .text          0x000000006fbef2e0        0x8 C:/GNU/MINGW64/x86_64-8.1.0-win32-seh-rt_v6-rev0/mingw64/bin/../lib/gcc/x86_64-w64-mingw32/8.1.0/../../../../x86_64-w64-mingw32/lib/../lib\libkernel32.a(dqifs01180.o)
                0x000000006fbef2e0                RtlCaptureContext
 .text          0x000000006fbef2e8        0x8 C:/GNU/MINGW64/x86_64-8.1.0-win32-seh-rt_v6-rev0/mingw64/bin/../lib/gcc/x86_64-w64-mingw32/8.1.0/../../../../x86_64-w64-mingw32/lib/../lib\libkernel32.a(dqifs01179.o)
                0x000000006fbef2e8                RtlAddFunctionTable
 .text          0x000000006fbef2f0        0x8 C:/GNU/MINGW64/x86_64-8.1.0-win32-seh-rt_v6-rev0/mingw64/bin/../lib/gcc/x86_64-w64-mingw32/8.1.0/../../../../x86_64-w64-mingw32/lib/../lib\libkernel32.a(dqifs01154.o)
                0x000000006fbef2f0                ReleaseSemaphore
 .text          0x000000006fbef2f8        0x8 C:/GNU/MINGW64/x86_64-8.1.0-win32-seh-rt_v6-rev0/mingw64/bin/../lib/gcc/x86_64-w64-mingw32/8.1.0/../../../../x86_64-w64-mingw32/lib/../lib\libkernel32.a(dqifs01112.o)
                0x000000006fbef2f8                RaiseException
 .text          0x000000006fbef300        0x8 C:/GNU/MINGW64/x86_64-8.1.0-win32-seh-rt_v6-rev0/mingw64/bin/../lib/gcc/x86_64-w64-mingw32/8.1.0/../../../../x86_64-w64-mingw32/lib/../lib\libkernel32.a(dqifs01093.o)
                0x000000006fbef300                QueryPerformanceCounter
 .text          0x000000006fbef308        0x8 C:/GNU/MINGW64/x86_64-8.1.0-win32-seh-rt_v6-rev0/mingw64/bin/../lib/gcc/x86_64-w64-mingw32/8.1.0/../../../../x86_64-w64-mingw32/lib/../lib\libkernel32.a(dqifs00746.o)
                0x000000006fbef308                GetSystemTimeAsFileTime
 .text          0x000000006fbef310        0x8 C:/GNU/MINGW64/x86_64-8.1.0-win32-seh-rt_v6-rev0/mingw64/bin/../lib/gcc/x86_64-w64-mingw32/8.1.0/../../../../x86_64-w64-mingw32/lib/../lib\libkernel32.a(dqifs00540.o)
                0x000000006fbef310                GetCurrentThreadId
 .text          0x000000006fbef318        0x8 C:/GNU/MINGW64/x86_64-8.1.0-win32-seh-rt_v6-rev0/mingw64/bin/../lib/gcc/x86_64-w64-mingw32/8.1.0/../../../../x86_64-w64-mingw32/lib/../lib\libkernel32.a(dqifs00536.o)
                0x000000006fbef318                GetCurrentProcessId
 .text          0x000000006fbef320        0x8 C:/GNU/MINGW64/x86_64-8.1.0-win32-seh-rt_v6-rev0/mingw64/bin/../lib/gcc/x86_64-w64-mingw32/8.1.0/../../../../x86_64-w64-mingw32/lib/../lib\libkernel32.a(dqifs00535.o)
                0x000000006fbef320                GetCurrentProcess
 .text          0x000000006fbef328        0x8 C:/GNU/MINGW64/x86_64-8.1.0-win32-seh-rt_v6-rev0/mingw64/bin/../lib/gcc/x86_64-w64-mingw32/8.1.0/../../../../x86_64-w64-mingw32/lib/../lib\libkernel32.a(dqifs00268.o)
                0x000000006fbef328                DeleteCriticalSection
 .text          0x000000006fbef330        0x8 C:/GNU/MINGW64/x86_64-8.1.0-win32-seh-rt_v6-rev0/mingw64/bin/../lib/gcc/x86_64-w64-mingw32/8.1.0/../../../../x86_64-w64-mingw32/lib/../lib\libkernel32.a(dqifs00231.o)
                0x000000006fbef330                CreateSemaphoreW
 .text          0x000000006fbef338        0x8 C:/GNU/MINGW64/x86_64-8.1.0-win32-seh-rt_v6-rev0/mingw64/bin/../lib/gcc/x86_64-w64-mingw32/8.1.0/../../../../x86_64-w64-mingw32/lib/../lib\libkernel32.a(dqifs00130.o)
                0x000000006fbef338                CloseHandle
 .text          0x000000006fbef340       0x30 C:/GNU/MINGW64/x86_64-8.1.0-win32-seh-rt_v6-rev0/mingw64/bin/../lib/gcc/x86_64-w64-mingw32/8.1.0/../../../../x86_64-w64-mingw32/lib/../lib\libmingw32.a(lib64_libmingw32_a-tlsmthread.o)
                0x000000006fbef340                __mingwthr_remove_key_dtor
                0x000000006fbef350                __mingwthr_key_dtor
 .text          0x000000006fbef370        0x0 C:/GNU/MINGW64/x86_64-8.1.0-win32-seh-rt_v6-rev0/mingw64/bin/../lib/gcc/x86_64-w64-mingw32/8.1.0/crtend.o
 *(SORT_BY_NAME(.text$*))
 .text$_ZGTtNKSt13bad_exceptionD1Ev
                0x000000006fbef370       0x10 C:/GNU/MINGW64/x86_64-8.1.0-win32-seh-rt_v6-rev0/mingw64/bin/../lib/gcc/x86_64-w64-mingw32/8.1.0\libstdc++.a(eh_exception.o)
                0x000000006fbef370                transaction clone for std::bad_exception::~bad_exception() const
 .text$_ZGTtNKSt9exceptionD1Ev
                0x000000006fbef380       0x10 C:/GNU/MINGW64/x86_64-8.1.0-win32-seh-rt_v6-rev0/mingw64/bin/../lib/gcc/x86_64-w64-mingw32/8.1.0\libstdc++.a(eh_exception.o)
                0x000000006fbef380                transaction clone for std::exception::~exception() const
 .text$_ZL15get_ttype_entryP16lsda_header_infoy
                0x000000006fbef390       0x90 C:/GNU/MINGW64/x86_64-8.1.0-win32-seh-rt_v6-rev0/mingw64/bin/../lib/gcc/x86_64-w64-mingw32/8.1.0\libstdc++.a(eh_personality.o)
 .text$_ZL16get_adjusted_ptrPKSt9type_infoS1_PPv
                0x000000006fbef420       0x60 C:/GNU/MINGW64/x86_64-8.1.0-win32-seh-rt_v6-rev0/mingw64/bin/../lib/gcc/x86_64-w64-mingw32/8.1.0\libstdc++.a(eh_personality.o)
 .text$_ZL17parse_lsda_headerP15_Unwind_ContextPKhP16lsda_header_info
                0x000000006fbef480       0xf0 C:/GNU/MINGW64/x86_64-8.1.0-win32-seh-rt_v6-rev0/mingw64/bin/../lib/gcc/x86_64-w64-mingw32/8.1.0\libstdc++.a(eh_personality.o)
 .text$_ZL20check_exception_specP16lsda_header_infoPKSt9type_infoPvx
                0x000000006fbef570       0x80 C:/GNU/MINGW64/x86_64-8.1.0-win32-seh-rt_v6-rev0/mingw64/bin/../lib/gcc/x86_64-w64-mingw32/8.1.0\libstdc++.a(eh_personality.o)
 .text$_ZL21base_of_encoded_valuehP15_Unwind_Context
                0x000000006fbef5f0       0x70 C:/GNU/MINGW64/x86_64-8.1.0-win32-seh-rt_v6-rev0/mingw64/bin/../lib/gcc/x86_64-w64-mingw32/8.1.0\libstdc++.a(eh_personality.o)
 .text$_ZL23__gxx_exception_cleanup19_Unwind_Reason_CodeP17_Unwind_Exception
                0x000000006fbef660       0x40 C:/GNU/MINGW64/x86_64-8.1.0-win32-seh-rt_v6-rev0/mingw64/bin/../lib/gcc/x86_64-w64-mingw32/8.1.0\libstdc++.a(eh_throw.o)
 .text$_ZL28read_encoded_value_with_basehyPKhPy
                0x000000006fbef6a0      0x160 C:/GNU/MINGW64/x86_64-8.1.0-win32-seh-rt_v6-rev0/mingw64/bin/../lib/gcc/x86_64-w64-mingw32/8.1.0\libstdc++.a(eh_personality.o)
 .text$_ZN10__cxxabiv111__terminateEPFvvE
                0x000000006fbef800       0x40 C:/GNU/MINGW64/x86_64-8.1.0-win32-seh-rt_v6-rev0/mingw64/bin/../lib/gcc/x86_64-w64-mingw32/8.1.0\libstdc++.a(eh_terminate.o)
                0x000000006fbef800                __cxxabiv1::__terminate(void (*)())
 .text$_ZN10__cxxabiv112__unexpectedEPFvvE
                0x000000006fbef840       0x10 C:/GNU/MINGW64/x86_64-8.1.0-win32-seh-rt_v6-rev0/mingw64/bin/../lib/gcc/x86_64-w64-mingw32/8.1.0\libstdc++.a(eh_terminate.o)
                0x000000006fbef840                __cxxabiv1::__unexpected(void (*)())
 .text$_ZN10__cxxabiv115__forced_unwindD0Ev
                0x000000006fbef850       0x10 C:/GNU/MINGW64/x86_64-8.1.0-win32-seh-rt_v6-rev0/mingw64/bin/../lib/gcc/x86_64-w64-mingw32/8.1.0\libstdc++.a(eh_exception.o)
                0x000000006fbef850                __cxxabiv1::__forced_unwind::~__forced_unwind()
 .text$_ZN10__cxxabiv115__forced_unwindD2Ev
                0x000000006fbef860       0x10 C:/GNU/MINGW64/x86_64-8.1.0-win32-seh-rt_v6-rev0/mingw64/bin/../lib/gcc/x86_64-w64-mingw32/8.1.0\libstdc++.a(eh_exception.o)
                0x000000006fbef860                __cxxabiv1::__forced_unwind::~__forced_unwind()
                0x000000006fbef860                __cxxabiv1::__forced_unwind::~__forced_unwind()
 .text$_ZN10__cxxabiv117__class_type_infoD0Ev
                0x000000006fbef870       0x30 C:/GNU/MINGW64/x86_64-8.1.0-win32-seh-rt_v6-rev0/mingw64/bin/../lib/gcc/x86_64-w64-mingw32/8.1.0\libstdc++.a(class_type_info.o)
                0x000000006fbef870                __cxxabiv1::__class_type_info::~__class_type_info()
 .text$_ZN10__cxxabiv117__class_type_infoD2Ev
                0x000000006fbef8a0       0x10 C:/GNU/MINGW64/x86_64-8.1.0-win32-seh-rt_v6-rev0/mingw64/bin/../lib/gcc/x86_64-w64-mingw32/8.1.0\libstdc++.a(class_type_info.o)
                0x000000006fbef8a0                __cxxabiv1::__class_type_info::~__class_type_info()
                0x000000006fbef8a0                __cxxabiv1::__class_type_info::~__class_type_info()
 .text$_ZN10__cxxabiv119__foreign_exceptionD0Ev
                0x000000006fbef8b0       0x10 C:/GNU/MINGW64/x86_64-8.1.0-win32-seh-rt_v6-rev0/mingw64/bin/../lib/gcc/x86_64-w64-mingw32/8.1.0\libstdc++.a(eh_exception.o)
                0x000000006fbef8b0                __cxxabiv1::__foreign_exception::~__foreign_exception()
 .text$_ZN10__cxxabiv119__foreign_exceptionD2Ev
                0x000000006fbef8c0       0x10 C:/GNU/MINGW64/x86_64-8.1.0-win32-seh-rt_v6-rev0/mingw64/bin/../lib/gcc/x86_64-w64-mingw32/8.1.0\libstdc++.a(eh_exception.o)
                0x000000006fbef8c0                __cxxabiv1::__foreign_exception::~__foreign_exception()
                0x000000006fbef8c0                __cxxabiv1::__foreign_exception::~__foreign_exception()
 .text$_ZN10__cxxabiv120__si_class_type_infoD0Ev
                0x000000006fbef8d0       0x30 C:/GNU/MINGW64/x86_64-8.1.0-win32-seh-rt_v6-rev0/mingw64/bin/../lib/gcc/x86_64-w64-mingw32/8.1.0\libstdc++.a(si_class_type_info.o)
                0x000000006fbef8d0                __cxxabiv1::__si_class_type_info::~__si_class_type_info()
 .text$_ZN10__cxxabiv120__si_class_type_infoD2Ev
                0x000000006fbef900       0x10 C:/GNU/MINGW64/x86_64-8.1.0-win32-seh-rt_v6-rev0/mingw64/bin/../lib/gcc/x86_64-w64-mingw32/8.1.0\libstdc++.a(si_class_type_info.o)
                0x000000006fbef900                __cxxabiv1::__si_class_type_info::~__si_class_type_info()
                0x000000006fbef900                __cxxabiv1::__si_class_type_info::~__si_class_type_info()
 .text$_ZN10__cxxabiv121__vmi_class_type_infoD0Ev
                0x000000006fbef910       0x30 C:/GNU/MINGW64/x86_64-8.1.0-win32-seh-rt_v6-rev0/mingw64/bin/../lib/gcc/x86_64-w64-mingw32/8.1.0\libstdc++.a(vmi_class_type_info.o)
                0x000000006fbef910                __cxxabiv1::__vmi_class_type_info::~__vmi_class_type_info()
 .text$_ZN10__cxxabiv121__vmi_class_type_infoD2Ev
                0x000000006fbef940       0x10 C:/GNU/MINGW64/x86_64-8.1.0-win32-seh-rt_v6-rev0/mingw64/bin/../lib/gcc/x86_64-w64-mingw32/8.1.0\libstdc++.a(vmi_class_type_info.o)
                0x000000006fbef940                __cxxabiv1::__vmi_class_type_info::~__vmi_class_type_info()
                0x000000006fbef940                __cxxabiv1::__vmi_class_type_info::~__vmi_class_type_info()
 .text$_ZN10__cxxabiv1L21__gxx_personality_impEiiyP17_Unwind_ExceptionP15_Unwind_Context
                0x000000006fbef950      0x5b0 C:/GNU/MINGW64/x86_64-8.1.0-win32-seh-rt_v6-rev0/mingw64/bin/../lib/gcc/x86_64-w64-mingw32/8.1.0\libstdc++.a(eh_personality.o)
 .text$_ZN12_GLOBAL__N_14pool4freeEPv.constprop.2
                0x000000006fbeff00      0x170 C:/GNU/MINGW64/x86_64-8.1.0-win32-seh-rt_v6-rev0/mingw64/bin/../lib/gcc/x86_64-w64-mingw32/8.1.0\libstdc++.a(eh_alloc.o)
 .text$_ZN12_GLOBAL__N_14pool8allocateEy.constprop.3
                0x000000006fbf0070      0x150 C:/GNU/MINGW64/x86_64-8.1.0-win32-seh-rt_v6-rev0/mingw64/bin/../lib/gcc/x86_64-w64-mingw32/8.1.0\libstdc++.a(eh_alloc.o)
 .text$_ZN8Palmtree4Math4Core8Internal11ParserState22ParseAsHexNumberStringEv
                0x000000006fbf01c0       0x80 ../build/x64_Debug/pmc_parse.o
                0x000000006fbf01c0                Palmtree::Math::Core::Internal::ParserState::ParseAsHexNumberString()
 .text$_ZN8Palmtree4Math4Core8Internal11ParserState26ParseAsDecimalNumberStringEv
                0x000000006fbf0240     0x17d0 ../build/x64_Debug/pmc_parse.o
                0x000000006fbf0240                Palmtree::Math::Core::Internal::ParserState::ParseAsDecimalNumberString()
 .text$_ZN8Palmtree4Math4Core8Internal11ParserState32ParseAsIntegerPartNumberSequenceEv
                0x000000006fbf1a10      0x160 ../build/x64_Debug/pmc_parse.o
                0x000000006fbf1a10                Palmtree::Math::Core::Internal::ParserState::ParseAsIntegerPartNumberSequence()
 .text$_ZN8Palmtree4Math4Core8Internal11ParserState33ParseAsFractionPartNumberSequenceEv
                0x000000006fbf1b70       0xb0 ../build/x64_Debug/pmc_parse.o
                0x000000006fbf1b70                Palmtree::Math::Core::Internal::ParserState::ParseAsFractionPartNumberSequence()
 .text$_ZN8Palmtree4Math4Core8Internal11ParserStateC1EPKwjPKNS2_28__tag_PMC_NUMBER_FORMAT_INFOEPcPwySA_y
                0x000000006fbf1c20      0x490 ../build/x64_Debug/pmc_parse.o
                0x000000006fbf1c20                Palmtree::Math::Core::Internal::ParserState::ParserState(wchar_t const*, unsigned int, Palmtree::Math::Core::Internal::__tag_PMC_NUMBER_FORMAT_INFO const*, char*, wchar_t*, unsigned long long, wchar_t*, unsigned long long)
 .text$_ZN8Palmtree4Math4Core8Internal11ParserStateD1Ev
                0x000000006fbf20b0       0x10 ../build/x64_Debug/pmc_parse.o
                0x000000006fbf20b0                Palmtree::Math::Core::Internal::ParserState::~ParserState()
 .text$_ZN8Palmtree4Math4Core8Internal12StringReader10SkipStringEPKw
                0x000000006fbf20c0       0xb0 ../build/x64_Debug/pmc_parse.o
                0x000000006fbf20c0                Palmtree::Math::Core::Internal::StringReader::SkipString(wchar_t const*)
 .text$_ZN8Palmtree4Math4Core8Internal12StringReader10StartsWithEPKw
                0x000000006fbf2170       0x30 ../build/x64_Debug/pmc_parse.o
                0x000000006fbf2170                Palmtree::Math::Core::Internal::StringReader::StartsWith(wchar_t const*)
 .text$_ZN8Palmtree4Math4Core8Internal12StringReader10StartsWithEPKwS5_
                0x000000006fbf21a0       0x50 ../build/x64_Debug/pmc_parse.o
                0x000000006fbf21a0                Palmtree::Math::Core::Internal::StringReader::StartsWith(wchar_t const*, wchar_t const*)
 .text$_ZN8Palmtree4Math4Core8Internal12StringReader8PeekCharEv
                0x000000006fbf21f0       0x20 ../build/x64_Debug/pmc_parse.o
                0x000000006fbf21f0                Palmtree::Math::Core::Internal::StringReader::PeekChar()
 .text$_ZN8Palmtree4Math4Core8Internal12StringReader8ProgressEv
                0x000000006fbf2210       0x80 ../build/x64_Debug/pmc_parse.o
                0x000000006fbf2210                Palmtree::Math::Core::Internal::StringReader::Progress()
 .text$_ZN8Palmtree4Math4Core8Internal12StringReader8ReadCharEv
                0x000000006fbf2290       0x40 ../build/x64_Debug/pmc_tostring.o
                0x000000006fbf2290                Palmtree::Math::Core::Internal::StringReader::ReadChar()
 .text$_ZN8Palmtree4Math4Core8Internal12StringReader8ReadCharEw
                0x000000006fbf22d0       0x60 ../build/x64_Debug/pmc_tostring.o
                0x000000006fbf22d0                Palmtree::Math::Core::Internal::StringReader::ReadChar(wchar_t)
 .text$_ZN8Palmtree4Math4Core8Internal12StringReader9SkipSpaceEv
                0x000000006fbf2330       0x50 ../build/x64_Debug/pmc_parse.o
                0x000000006fbf2330                Palmtree::Math::Core::Internal::StringReader::SkipSpace()
 .text$_ZN8Palmtree4Math4Core8Internal12StringReaderC1EPKw
                0x000000006fbf2380       0x30 ../build/x64_Debug/pmc_parse.o
                0x000000006fbf2380                Palmtree::Math::Core::Internal::StringReader::StringReader(wchar_t const*)
 .text$_ZN8Palmtree4Math4Core8Internal12StringReaderC2EPKw
                0x000000006fbf23b0       0x30 ../build/x64_Debug/pmc_tostring.o
                0x000000006fbf23b0                Palmtree::Math::Core::Internal::StringReader::StringReader(wchar_t const*)
 .text$_ZN8Palmtree4Math4Core8Internal12StringWriter5WriteEPKw
                0x000000006fbf23e0       0x50 ../build/x64_Debug/pmc_parse.o
                0x000000006fbf23e0                Palmtree::Math::Core::Internal::StringWriter::Write(wchar_t const*)
 .text$_ZN8Palmtree4Math4Core8Internal12StringWriter5WriteEw
                0x000000006fbf2430       0xc0 ../build/x64_Debug/pmc_parse.o
                0x000000006fbf2430                Palmtree::Math::Core::Internal::StringWriter::Write(wchar_t)
 .text$_ZN8Palmtree4Math4Core8Internal12StringWriter5WriteEwy
                0x000000006fbf24f0       0x50 ../build/x64_Debug/pmc_tostring.o
                0x000000006fbf24f0                Palmtree::Math::Core::Internal::StringWriter::Write(wchar_t, unsigned long long)
 .text$_ZN8Palmtree4Math4Core8Internal12StringWriter9GetLengthEv
                0x000000006fbf2540       0x20 ../build/x64_Debug/pmc_tostring.o
                0x000000006fbf2540                Palmtree::Math::Core::Internal::StringWriter::GetLength()
 .text$_ZN8Palmtree4Math4Core8Internal12StringWriter9GetStringEv
                0x000000006fbf2560       0x20 ../build/x64_Debug/pmc_parse.o
                0x000000006fbf2560                Palmtree::Math::Core::Internal::StringWriter::GetString()
 .text$_ZN8Palmtree4Math4Core8Internal12StringWriterC1EPwS4_S4_
                0x000000006fbf2580       0x60 ../build/x64_Debug/pmc_parse.o