Archive member included to satisfy reference by file (symbol)

C:/GNU/MINGW64/x86_64-8.1.0-win32-seh-rt_v6-rev0/mingw64/bin/../lib/gcc/x86_64-w64-mingw32/8.1.0/../../../../x86_64-w64-mingw32/lib/../lib/libkernel32.a(dqifs01555.o)
                              ../build/x64_Debug/pmc_parse.o (__imp_lstrlenW)
C:/GNU/MINGW64/x86_64-8.1.0-win32-seh-rt_v6-rev0/mingw64/bin/../lib/gcc/x86_64-w64-mingw32/8.1.0/../../../../x86_64-w64-mingw32/lib/../lib/libkernel32.a(dqifs01549.o)
                              ../build/x64_Debug/pmc_parse.o (__imp_lstrcpyW)
C:/GNU/MINGW64/x86_64-8.1.0-win32-seh-rt_v6-rev0/mingw64/bin/../lib/gcc/x86_64-w64-mingw32/8.1.0/../../../../x86_64-w64-mingw32/lib/../lib/libkernel32.a(dqifs01543.o)
                              ../build/x64_Debug/TEST_op_ToStringC.o (__imp_lstrcmpW)
C:/GNU/MINGW64/x86_64-8.1.0-win32-seh-rt_v6-rev0/mingw64/bin/../lib/gcc/x86_64-w64-mingw32/8.1.0/../../../../x86_64-w64-mingw32/lib/../lib/libkernel32.a(dqifs01540.o)
                              ../build/x64_Debug/pmc_tostring.o (__imp_lstrcatW)
C:/GNU/MINGW64/x86_64-8.1.0-win32-seh-rt_v6-rev0/mingw64/bin/../lib/gcc/x86_64-w64-mingw32/8.1.0/../../../../x86_64-w64-mingw32/lib/../lib/libkernel32.a(dqifs00841.o)
                              ../build/x64_Debug/pmc_memory.o (__imp_HeapFree)
C:/GNU/MINGW64/x86_64-8.1.0-win32-seh-rt_v6-rev0/mingw64/bin/../lib/gcc/x86_64-w64-mingw32/8.1.0/../../../../x86_64-w64-mingw32/lib/../lib/libkernel32.a(dqifs00839.o)
                              ../build/x64_Debug/pmc_memory.o (__imp_HeapDestroy)
C:/GNU/MINGW64/x86_64-8.1.0-win32-seh-rt_v6-rev0/mingw64/bin/../lib/gcc/x86_64-w64-mingw32/8.1.0/../../../../x86_64-w64-mingw32/lib/../lib/libkernel32.a(dqifs00837.o)
                              ../build/x64_Debug/pmc_memory.o (__imp_HeapCreate)
C:/GNU/MINGW64/x86_64-8.1.0-win32-seh-rt_v6-rev0/mingw64/bin/../lib/gcc/x86_64-w64-mingw32/8.1.0/../../../../x86_64-w64-mingw32/lib/../lib/libkernel32.a(dqifs00835.o)
                              ../build/x64_Debug/pmc_memory.o (__imp_HeapAlloc)
C:/GNU/MINGW64/x86_64-8.1.0-win32-seh-rt_v6-rev0/mingw64/bin/../lib/gcc/x86_64-w64-mingw32/8.1.0/../../../../x86_64-w64-mingw32/lib/../lib/libkernel32.a(dqifs00774.o)
                              ../build/x64_Debug/pmc_memory.o (__imp_GetTickCount)
C:/GNU/MINGW64/x86_64-8.1.0-win32-seh-rt_v6-rev0/mingw64/bin/../lib/gcc/x86_64-w64-mingw32/8.1.0/../../../../x86_64-w64-mingw32/lib/../lib/libkernel32.a(dqifh.o)
                              C:/GNU/MINGW64/x86_64-8.1.0-win32-seh-rt_v6-rev0/mingw64/bin/../lib/gcc/x86_64-w64-mingw32/8.1.0/../../../../x86_64-w64-mingw32/lib/../lib/libkernel32.a(dqifs01555.o) (_head_lib64_libkernel32_a)
C:/GNU/MINGW64/x86_64-8.1.0-win32-seh-rt_v6-rev0/mingw64/bin/../lib/gcc/x86_64-w64-mingw32/8.1.0/../../../../x86_64-w64-mingw32/lib/../lib/libkernel32.a(dqift.o)
                              C:/GNU/MINGW64/x86_64-8.1.0-win32-seh-rt_v6-rev0/mingw64/bin/../lib/gcc/x86_64-w64-mingw32/8.1.0/../../../../x86_64-w64-mingw32/lib/../lib/libkernel32.a(dqifh.o) (__lib64_libkernel32_a_iname)
C:/GNU/MINGW64/x86_64-8.1.0-win32-seh-rt_v6-rev0/mingw64/bin/../lib/gcc/x86_64-w64-mingw32/8.1.0/../../../../x86_64-w64-mingw32/lib/../lib/libuser32.a(dyqes00958.o)
                              ../build/x64_Debug/debug.o (__imp_wsprintfW)
C:/GNU/MINGW64/x86_64-8.1.0-win32-seh-rt_v6-rev0/mingw64/bin/../lib/gcc/x86_64-w64-mingw32/8.1.0/../../../../x86_64-w64-mingw32/lib/../lib/libuser32.a(dyqeh.o)
                              C:/GNU/MINGW64/x86_64-8.1.0-win32-seh-rt_v6-rev0/mingw64/bin/../lib/gcc/x86_64-w64-mingw32/8.1.0/../../../../x86_64-w64-mingw32/lib/../lib/libuser32.a(dyqes00958.o) (_head_lib64_libuser32_a)
C:/GNU/MINGW64/x86_64-8.1.0-win32-seh-rt_v6-rev0/mingw64/bin/../lib/gcc/x86_64-w64-mingw32/8.1.0/../../../../x86_64-w64-mingw32/lib/../lib/libuser32.a(dyqet.o)
                              C:/GNU/MINGW64/x86_64-8.1.0-win32-seh-rt_v6-rev0/mingw64/bin/../lib/gcc/x86_64-w64-mingw32/8.1.0/../../../../x86_64-w64-mingw32/lib/../lib/libuser32.a(dyqeh.o) (__lib64_libuser32_a_iname)

Allocating common symbols
Common symbol       size              file

number_one          0x48              ../build/x64_Debug/pmc_memory.o
statistics_info     0x10              ../build/x64_Debug/pmc_statistics.o
number_zero         0x48              ../build/x64_Debug/pmc_memory.o
hLocalHeap          0x8               ../build/x64_Debug/pmc_memory.o
configuration_info  0x4               ../build/x64_Debug/pmc_initialize.o

Discarded input sections

 .drectve       0x0000000000000000       0x14 ../build/x64_Debug/debug.o
 .rdata$.refptr.number_zero
                0x0000000000000000       0x10 ../build/x64_Debug/pmc_bitwiseand.o
 .rdata$.refptr.number_zero
                0x0000000000000000       0x10 ../build/x64_Debug/pmc_bitwiseor.o
 .rdata$.refptr.number_zero
                0x0000000000000000       0x10 ../build/x64_Debug/pmc_bytes.o
 .rdata$.refptr.number_zero
[...]
Memory Configuration

Name             Origin             Length             Attributes
*default*        0x0000000000000000 0xffffffffffffffff

Linker script and memory map

                0x000000006fbc0000                __image_base__ = 0x6fbc0000
                0x0000000000000000                __dll__ = 0x0
                0x000000006fbc0000                __ImageBase = 0x6fbc0000
                0x0000000000001000                __section_alignment__ = 0x1000
                0x0000000000000200                __file_alignment__ = 0x200
                0x0000000000000004                __major_os_version__ = 0x4
                0x0000000000000000                __minor_os_version__ = 0x0
                0x0000000000000000                __major_image_version__ = 0x0
                0x0000000000000000                __minor_image_version__ = 0x0
                0x0000000000000005                __major_subsystem_version__ = 0x5
                0x0000000000000002                __minor_subsystem_version__ = 0x2
                0x0000000000000002                __subsystem__ = 0x2
                0x0000000000200000                __size_of_stack_reserve__ = 0x200000
                0x0000000000001000                __size_of_stack_commit__ = 0x1000
                0x0000000000100000                __size_of_heap_reserve__ = 0x100000
                0x0000000000001000                __size_of_heap_commit__ = 0x1000
                0x0000000000000000                __loader_flags__ = 0x0
                0x0000000000000000                __dll_characteristics__ = 0x0
LOAD ../build/x64_Debug/cpuid.o
LOAD ../build/x64_Debug/debug.o
LOAD ../build/x64_Debug/dllmain.o
LOAD ../build/x64_Debug/INTERNALTEST_op_DivRem.o
LOAD ../build/x64_Debug/INTERNALTEST_op_Multiply.o
LOAD ../build/x64_Debug/pmc_add.o
LOAD ../build/x64_Debug/pmc_bitwiseand.o
LOAD ../build/x64_Debug/pmc_bitwiseor.o
LOAD ../build/x64_Debug/pmc_bytes.o
LOAD ../build/x64_Debug/pmc_clone.o
LOAD ../build/x64_Debug/pmc_compare.o
LOAD ../build/x64_Debug/pmc_divrem.o
LOAD ../build/x64_Debug/pmc_equals.o
LOAD ../build/x64_Debug/pmc_exclusiveor.o
LOAD ../build/x64_Debug/pmc_from.o
LOAD ../build/x64_Debug/pmc_greatestcommondivisor.o
LOAD ../build/x64_Debug/pmc_initialize.o
LOAD ../build/x64_Debug/pmc_memory.o
LOAD ../build/x64_Debug/pmc_modpow.o
LOAD ../build/x64_Debug/pmc_multiply.o
LOAD ../build/x64_Debug/pmc_parse.o
LOAD ../build/x64_Debug/pmc_pow.o
LOAD ../build/x64_Debug/pmc_shift.o
LOAD ../build/x64_Debug/pmc_statistics.o
LOAD ../build/x64_Debug/pmc_subtruct.o
LOAD ../build/x64_Debug/pmc_to.o
LOAD ../build/x64_Debug/pmc_tostring.o
LOAD ../build/x64_Debug/TEST_autogenerated_1.o
LOAD ../build/x64_Debug/TEST_autogenerated_2.o
LOAD ../build/x64_Debug/TEST_op_Add.o
LOAD ../build/x64_Debug/TEST_op_BitwiseAnd.o
LOAD ../build/x64_Debug/TEST_op_BitwiseOr.o
LOAD ../build/x64_Debug/TEST_op_Clone.o
LOAD ../build/x64_Debug/TEST_op_Compare.o
LOAD ../build/x64_Debug/TEST_op_DivRem.o
LOAD ../build/x64_Debug/TEST_op_Equals.o
LOAD ../build/x64_Debug/TEST_op_ExclusiveOr.o
LOAD ../build/x64_Debug/TEST_op_From_To.o
LOAD ../build/x64_Debug/TEST_op_GreatestCommonDivisor.o
LOAD ../build/x64_Debug/TEST_op_ModPow.o
LOAD ../build/x64_Debug/TEST_op_Multiply.o
LOAD ../build/x64_Debug/TEST_op_ParseDN.o
LOAD ../build/x64_Debug/TEST_op_ParseX.o
LOAD ../build/x64_Debug/TEST_op_Pow.o
LOAD ../build/x64_Debug/TEST_op_Remainder.o
LOAD ../build/x64_Debug/TEST_op_Shift.o
LOAD ../build/x64_Debug/TEST_op_Subtruct.o
LOAD ../build/x64_Debug/TEST_op_ToStringC.o
LOAD ../build/x64_Debug/TEST_op_ToStringD.o
LOAD ../build/x64_Debug/TEST_op_ToStringE.o
LOAD ../build/x64_Debug/TEST_op_ToStringF.o
LOAD ../build/x64_Debug/TEST_op_ToStringG.o
LOAD ../build/x64_Debug/TEST_op_ToStringN.o
LOAD ../build/x64_Debug/TEST_op_ToStringP.o
LOAD ../build/x64_Debug/TEST_op_ToStringR.o
LOAD ../build/x64_Debug/TEST_op_ToStringX.o
LOAD ../build/x64_Debug/version.o
LOAD ../Palmtree.Math.Core.Uint.def
LOAD C:/GNU/MINGW64/x86_64-8.1.0-win32-seh-rt_v6-rev0/mingw64/bin/../lib/gcc/x86_64-w64-mingw32/8.1.0/../../../../x86_64-w64-mingw32/lib/../lib/libkernel32.a
LOAD C:/GNU/MINGW64/x86_64-8.1.0-win32-seh-rt_v6-rev0/mingw64/bin/../lib/gcc/x86_64-w64-mingw32/8.1.0/../../../../x86_64-w64-mingw32/lib/../lib/libuser32.a
                0x0000000000000430                . = SIZEOF_HEADERS
                0x0000000000001000                . = ALIGN (__section_alignment__)

.text           0x000000006fbc1000   0x604200
 *(.init)
 *(.text)
 .text          0x000000006fbc1000      0x340 ../build/x64_Debug/cpuid.o
                0x000000006fbc116d                GetCPUInfo
 .text          0x000000006fbc1340      0x3d0 ../build/x64_Debug/debug.o
                0x000000006fbc145f                DoDebug
                0x000000006fbc155f                TEST_Assert
                0x000000006fbc15d1                FormatTestLabel
                0x000000006fbc1611                FormatTestMesssage
                0x000000006fbc1647                DumpBinary_UNIT
 .text          0x000000006fbc1710       0x70 ../build/x64_Debug/dllmain.o
                0x000000006fbc1710                DllMain
 .text          0x000000006fbc1780      0x4d0 ../build/x64_Debug/INTERNALTEST_op_DivRem.o
                0x000000006fbc1841                INTERNALTEST_DivRem_X_X
 .text          0x000000006fbc1c50      0x310 ../build/x64_Debug/INTERNALTEST_op_Multiply.o
                0x000000006fbc1d37                INTERNALTEST_Multiply_X_X_Imp
 .text          0x000000006fbc1f60     0x1a20 ../build/x64_Debug/pmc_add.o
                0x000000006fbc333d                PMC_Add_I_X
                0x000000006fbc33d2                PMC_Add_X_I
                0x000000006fbc35ec                PMC_Add_L_X
                0x000000006fbc3683                PMC_Add_X_L
                0x000000006fbc3717                PMC_Add_X_X
                0x000000006fbc3948                Initialize_Add
 .text          0x000000006fbc3980      0xea0 ../build/x64_Debug/pmc_bitwiseand.o
                0x000000006fbc439a                PMC_BitwiseAnd_I_X
                0x000000006fbc4436                PMC_BitwiseAnd_X_I
                0x000000006fbc44d2                PMC_BitwiseAnd_L_X
                0x000000006fbc4574                PMC_BitwiseAnd_X_L
                0x000000006fbc4616                PMC_BitwiseAnd_X_X
                0x000000006fbc4802                Initialize_BitwiseAnd
 .text          0x000000006fbc4820     0x1350 ../build/x64_Debug/pmc_bitwiseor.o
                0x000000006fbc559f                PMC_BitwiseOr_I_X
                0x000000006fbc5634                PMC_BitwiseOr_X_I
                0x000000006fbc5824                PMC_BitwiseOr_L_X
                0x000000006fbc58bb                PMC_BitwiseOr_X_L
                0x000000006fbc594f                PMC_BitwiseOr_X_X
                0x000000006fbc5b5d                Initialize_BitwiseOr
 .text          0x000000006fbc5b70      0x6d0 ../build/x64_Debug/pmc_bytes.o
                0x000000006fbc5ca4                PMC_FromByteArrayForSINT
                0x000000006fbc5e59                PMC_FromByteArray
                0x000000006fbc5fd0                PMC_ToByteArrayForSINT
                0x000000006fbc613d                PMC_ToByteArray
 .text          0x000000006fbc6240       0xd0 ../build/x64_Debug/pmc_clone.o
                0x000000006fbc6240                PMC_Clone_X
                0x000000006fbc6300                Initialize_Clone
 .text          0x000000006fbc6310      0x6e0 ../build/x64_Debug/pmc_compare.o
                0x000000006fbc6373                Compare_Imp
                0x000000006fbc64ea                PMC_Compare_I_X
                0x000000006fbc6588                PMC_Compare_X_I
                0x000000006fbc671b                PMC_Compare_L_X
                0x000000006fbc67bb                PMC_Compare_X_L
                0x000000006fbc6854                PMC_Compare_X_X
                0x000000006fbc69d3                Initialize_Compare
 .text          0x000000006fbc69f0     0x5fd0 ../build/x64_Debug/pmc_divrem.o
                0x000000006fbc78b4                DivRem_X_X
                0x000000006fbc7a1f                Rem_X_1W
                0x000000006fbc8485                DivRem_X_1W
                0x000000006fbcb7e2                PMC_DivRem_I_X
                0x000000006fbcb94e                PMC_DivRem_X_I
                0x000000006fbcbc00                PMC_DivRem_L_X
                0x000000006fbcbdf3                PMC_DivRem_X_L
                0x000000006fbcc109                PMC_DivRem_X_X
                0x000000006fbcc970                Initialize_DivRem
 .text          0x000000006fbcc9c0      0x540 ../build/x64_Debug/pmc_equals.o
                0x000000006fbccb85                PMC_Equals_I_X
                0x000000006fbccc0c                PMC_Equals_X_I
                0x000000006fbccc8f                PMC_Equals_L_X
                0x000000006fbccd18                PMC_Equals_X_L
                0x000000006fbccd9e                PMC_Equals_X_X
                0x000000006fbcceee                Initialize_Equals
 .text          0x000000006fbccf00     0x1400 ../build/x64_Debug/pmc_exclusiveor.o
                0x000000006fbcdcb0                PMC_ExclusiveOr_I_X
                0x000000006fbcdd4d                PMC_ExclusiveOr_X_I
                0x000000006fbcdf79                PMC_ExclusiveOr_L_X
                0x000000006fbce018                PMC_ExclusiveOr_X_L
                0x000000006fbce0b7                PMC_ExclusiveOr_X_X
                0x000000006fbce2ea                Initialize_ExclusiveOr
 .text          0x000000006fbce300      0x250 ../build/x64_Debug/pmc_from.o
                0x000000006fbce363                From_I_Imp
                0x000000006fbce3cf                From_L_Imp
                0x000000006fbce449                PMC_From_I
                0x000000006fbce4be                PMC_From_L
                0x000000006fbce536                Initialize_From
 .text          0x000000006fbce550     0x1080 ../build/x64_Debug/pmc_greatestcommondivisor.o
                0x000000006fbceb45                PMC_GreatestCommonDivisor_I_X
                0x000000006fbcebda                PMC_GreatestCommonDivisor_X_I
                0x000000006fbcf05b                PMC_GreatestCommonDivisor_L_X
                0x000000006fbcf0f2                PMC_GreatestCommonDivisor_X_L
                0x000000006fbcf186                PMC_GreatestCommonDivisor_X_X
                0x000000006fbcf5b9                Initialize_GreatestCommonDivisor
 .text          0x000000006fbcf5d0      0x810 ../build/x64_Debug/pmc_initialize.o
                0x000000006fbcf705                PMC_UINT_Initialize
 .text          0x000000006fbcfde0     0x1c70 ../build/x64_Debug/pmc_memory.o
                0x000000006fbd0a4a                AllocateBlock
                0x000000006fbd0b86                DeallocateBlock
                0x000000006fbd0cdc                CheckBlockLight
                0x000000006fbd0fa6                AttatchNumber
                0x000000006fbd0ff3                AllocateNumber
                0x000000006fbd1083                DetatchNumber
                0x000000006fbd10b7                DeallocateNumber
                0x000000006fbd1218                CommitNumber
                0x000000006fbd140b                CheckNumber
                0x000000006fbd14a2                DuplicateNumber
                0x000000006fbd157a                PMC_GetConstantValue_I
                0x000000006fbd15c4                PMC_Dispose
                0x000000006fbd16e7                InitializeChainBuffer
                0x000000006fbd1709                CleanUpChainBuffer
                0x000000006fbd1756                AllocateChainedBuffer
                0x000000006fbd1837                CheckChainedBuffer
                0x000000006fbd185a                DeallocateChainedBuffer
                0x000000006fbd18df                Initialize_Memory
                0x000000006fbd19bd                AllocateHeapArea
                0x000000006fbd1a0c                DeallocateHeapArea
 .text          0x000000006fbd1a50     0x1070 ../build/x64_Debug/pmc_modpow.o
                0x000000006fbd29b2                PMC_ModPow_X_X_X
                0x000000006fbd2ab0                Initialize_ModPow
 .text          0x000000006fbd2ac0     0x2650 ../build/x64_Debug/pmc_multiply.o
                0x000000006fbd2d18                Multiply_X_X_Imp
                0x000000006fbd48d3                PMC_Multiply_X_I_Imp
                0x000000006fbd4a57                PMC_Multiply_I_X
                0x000000006fbd4aec                PMC_Multiply_X_I
                0x000000006fbd4d09                PMC_Multiply_L_X
                0x000000006fbd4da0                PMC_Multiply_X_L
                0x000000006fbd4e34                PMC_Multiply_X_X
                0x000000006fbd5080                Initialize_Multiply
 .text          0x000000006fbd5110     0x4430 ../build/x64_Debug/pmc_parse.o
                0x000000006fbd93a3                PMC_TryParse
                0x000000006fbd9447                PMC_TryParseForSINT
                0x000000006fbd94e1                Initialize_Parse
 .text          0x000000006fbd9540      0x590 ../build/x64_Debug/pmc_pow.o
                0x000000006fbd9a2e                PMC_Pow_X_I
                0x000000006fbd9abf                Initialize_Pow
 .text          0x000000006fbd9ad0     0x4d40 ../build/x64_Debug/pmc_shift.o
                0x000000006fbd9c56                RightShift_Imp
                0x000000006fbdae78                RightShift_Imp_DIV
                0x000000006fbdc09a                LeftShift_Imp
                0x000000006fbdd2b2                LeftShift_Imp_DIV
                0x000000006fbde4ca                PMC_RightShift_X_I
                0x000000006fbde66f                PMC_LeftShift_X_I
                0x000000006fbde7f5                Initialize_Shift
 .text          0x000000006fbde810       0x50 ../build/x64_Debug/pmc_statistics.o
                0x000000006fbde810                PMC_GetStatisticsInfo
 .text          0x000000006fbde860     0x1200 ../build/x64_Debug/pmc_subtruct.o
                0x000000006fbdefea                Subtruct_Imp
                0x000000006fbdf1c8                PMC_Subtruct_I_X
                0x000000006fbdf2ea                PMC_Subtruct_X_I
                0x000000006fbdf4f4                PMC_Subtruct_L_X
                0x000000006fbdf619                PMC_Subtruct_X_L
                0x000000006fbdf826                PMC_Subtruct_X_X
                0x000000006fbdfa4f                Initialize_Subtruct
 .text          0x000000006fbdfa60      0x190 ../build/x64_Debug/pmc_to.o
                0x000000006fbdfa7c                PMC_To_X_I
                0x000000006fbdfafb                PMC_To_X_L
                0x000000006fbdfbde                Initialize_To
 .text          0x000000006fbdfbf0     0x4200 ../build/x64_Debug/pmc_tostring.o
                0x000000006fbe3aeb                PMC_ToString
                0x000000006fbe3ba6                InitializeNumberFormatoInfo
                0x000000006fbe3da5                PMC_InitializeNumberFormatInfo
                0x000000006fbe3dc1                Initialize_ToString
 .text          0x000000006fbe3df0   0x45ecc0 ../build/x64_Debug/TEST_autogenerated_1.o
                0x000000006fbe3df0                TEST_autogenerated_1
 .text          0x0000000070042ab0   0x1785e0 ../build/x64_Debug/TEST_autogenerated_2.o
                0x0000000070042ab0                TEST_autogenerated_2
 .text          0x00000000701bb090      0xca0 ../build/x64_Debug/TEST_op_Add.o
                0x00000000701bb0eb                TEST_PMC_Add_I_X
                0x00000000701bb33b                TEST_PMC_Add_L_X
                0x00000000701bb58c                TEST_PMC_Add_X_I
                0x00000000701bb7df                TEST_PMC_Add_X_L
                0x00000000701bba33                TEST_PMC_Add_X_X
 .text          0x00000000701bbd30      0x830 ../build/x64_Debug/TEST_op_BitwiseAnd.o
                0x00000000701bbd8b                TEST_PMC_BitwiseAnd_I_X
                0x00000000701bbec0                TEST_PMC_BitwiseAnd_L_X
                0x00000000701bbff8                TEST_PMC_BitwiseAnd_X_I
                0x00000000701bc12d                TEST_PMC_BitwiseAnd_X_L
                0x00000000701bc265                TEST_PMC_BitwiseAnd_X_X
 .text          0x00000000701bc560      0xca0 ../build/x64_Debug/TEST_op_BitwiseOr.o
                0x00000000701bc5bb                TEST_PMC_BitwiseOr_I_X
                0x00000000701bc80e                TEST_PMC_BitwiseOr_L_X
                0x00000000701bca62                TEST_PMC_BitwiseOr_X_I
                0x00000000701bccb5                TEST_PMC_BitwiseOr_X_L
                0x00000000701bcf09                TEST_PMC_BitwiseOr_X_X
 .text          0x00000000701bd200      0x2b0 ../build/x64_Debug/TEST_op_Clone.o
                0x00000000701bd25b                TEST_PMC_Clone_X
 .text          0x00000000701bd4b0      0x690 ../build/x64_Debug/TEST_op_Compare.o
                0x00000000701bd4b0                TEST_PMC_Compare_I_X
                0x00000000701bd5e5                TEST_PMC_Compare_L_X
                0x00000000701bd71b                TEST_PMC_Compare_X_I
                0x00000000701bd850                TEST_PMC_Compare_X_L
                0x00000000701bd986                TEST_PMC_Compare_X_X
 .text          0x00000000701bdb40      0xcc0 ../build/x64_Debug/TEST_op_DivRem.o
                0x00000000701bdb9b                TEST_PMC_DivRem_I_X
                0x00000000701bdd15                TEST_PMC_DivRem_L_X
                0x00000000701bde94                TEST_PMC_DivRem_X_I
                0x00000000701be13f                TEST_PMC_DivRem_X_L
                0x00000000701be3ed                TEST_PMC_DivRem_X_X
 .text          0x00000000701be800      0x690 ../build/x64_Debug/TEST_op_Equals.o
                0x00000000701be800                TEST_PMC_Equals_I_X
                0x00000000701be935                TEST_PMC_Equals_L_X
                0x00000000701bea6b                TEST_PMC_Equals_X_I
                0x00000000701beba0                TEST_PMC_Equals_X_L
                0x00000000701becd6                TEST_PMC_Equals_X_X
 .text          0x00000000701bee90      0xca0 ../build/x64_Debug/TEST_op_ExclusiveOr.o
                0x00000000701beeeb                TEST_PMC_ExclusiveOr_I_X
                0x00000000701bf13e                TEST_PMC_ExclusiveOr_L_X
                0x00000000701bf392                TEST_PMC_ExclusiveOr_X_I
                0x00000000701bf5e5                TEST_PMC_ExclusiveOr_X_L
                0x00000000701bf839                TEST_PMC_ExclusiveOr_X_X
 .text          0x00000000701bfb30      0x640 ../build/x64_Debug/TEST_op_From_To.o
                0x00000000701bfb8b                TEST_PMC_From_I
                0x00000000701bfd3d                TEST_PMC_From_L
                0x00000000701bfef0                TEST_PMC_To_X_I
                0x00000000701c002b                TEST_PMC_To_X_L
 .text          0x00000000701c0170      0xd00 ../build/x64_Debug/TEST_op_GreatestCommonDivisor.o
                0x00000000701c01cb                TEST_PMC_GreatestCommonDivisor_I_X
                0x00000000701c0430                TEST_PMC_GreatestCommonDivisor_L_X
                0x00000000701c0696                TEST_PMC_GreatestCommonDivisor_X_I
                0x00000000701c08fb                TEST_PMC_GreatestCommonDivisor_X_L
                0x00000000701c0b61                TEST_PMC_GreatestCommonDivisor_X_X
 .text          0x00000000701c0e70      0x410 ../build/x64_Debug/TEST_op_ModPow.o
                0x00000000701c0ecb                TEST_PMC_ModPow_X_X_X
 .text          0x00000000701c1280      0xca0 ../build/x64_Debug/TEST_op_Multiply.o
                0x00000000701c12db                TEST_PMC_Multiply_I_X
                0x00000000701c152e                TEST_PMC_Multiply_L_X
                0x00000000701c1782                TEST_PMC_Multiply_X_I
                0x00000000701c19d5                TEST_PMC_Multiply_X_L
                0x00000000701c1c29                TEST_PMC_Multiply_X_X
 .text          0x00000000701c1f20      0x570 ../build/x64_Debug/TEST_op_ParseDN.o
                0x00000000701c1f7b                TEST_PMC_ParseDN1
                0x00000000701c2176                TEST_PMC_ParseDN2
                0x00000000701c2301                TEST_PMC_ParseDN3
 .text          0x00000000701c2490      0x1f0 ../build/x64_Debug/TEST_op_ParseX.o
                0x00000000701c24eb                TEST_PMC_ParseX
 .text          0x00000000701c2680      0x240 ../build/x64_Debug/TEST_op_Pow.o
                0x00000000701c26db                TEST_PMC_Pow_X_I
 .text          0x00000000701c28c0      0x890 ../build/x64_Debug/TEST_op_Remainder.o
                0x00000000701c291b                TEST_PMC_Remainder_I_X
                0x00000000701c2a61                TEST_PMC_Remainder_L_X
                0x00000000701c2baa                TEST_PMC_Remainder_X_I
                0x00000000701c2cf0                TEST_PMC_Remainder_X_L
                0x00000000701c2e39                TEST_PMC_Remainder_X_X
 .text          0x00000000701c3150      0x510 ../build/x64_Debug/TEST_op_Shift.o
                0x00000000701c31ab                TEST_PMC_RightShift_X_I
                0x00000000701c33fe                TEST_PMC_LeftShift_X_I
 .text          0x00000000701c3660      0xab0 ../build/x64_Debug/TEST_op_Subtruct.o
                0x00000000701c36bb                TEST_PMC_Subtruct_I_X
                0x00000000701c37f8                TEST_PMC_Subtruct_L_X
                0x00000000701c3938                TEST_PMC_Subtruct_X_I
                0x00000000701c3b9d                TEST_PMC_Subtruct_X_L
                0x00000000701c3e03                TEST_PMC_Subtruct_X_X
 .text          0x00000000701c4110      0x200 ../build/x64_Debug/TEST_op_ToStringC.o
                0x00000000701c4110                TEST_PMC_ToStringC
 .text          0x00000000701c4310      0x180 ../build/x64_Debug/TEST_op_ToStringD.o
                0x00000000701c4310                TEST_PMC_ToStringD
 .text          0x00000000701c4490      0x190 ../build/x64_Debug/TEST_op_ToStringE.o
                0x00000000701c4490                TEST_PMC_ToStringE
 .text          0x00000000701c4620      0x1a0 ../build/x64_Debug/TEST_op_ToStringF.o
                0x00000000701c4620                TEST_PMC_ToStringF
 .text          0x00000000701c47c0      0x180 ../build/x64_Debug/TEST_op_ToStringG.o
                0x00000000701c47c0                TEST_PMC_ToStringG
 .text          0x00000000701c4940      0x1d0 ../build/x64_Debug/TEST_op_ToStringN.o
                0x00000000701c4940                TEST_PMC_ToStringN
 .text          0x00000000701c4b10      0x1f0 ../build/x64_Debug/TEST_op_ToStringP.o
                0x00000000701c4b10                TEST_PMC_ToStringP
 .text          0x00000000701c4d00      0x180 ../build/x64_Debug/TEST_op_ToStringR.o
                0x00000000701c4d00                TEST_PMC_ToStringR
 .text          0x00000000701c4e80      0x180 ../build/x64_Debug/TEST_op_ToStringX.o
                0x00000000701c4e80                TEST_PMC_ToStringX
 .text          0x00000000701c5000        0x8 C:/GNU/MINGW64/x86_64-8.1.0-win32-seh-rt_v6-rev0/mingw64/bin/../lib/gcc/x86_64-w64-mingw32/8.1.0/../../../../x86_64-w64-mingw32/lib/../lib/libkernel32.a(dqifs01555.o)
                0x00000000701c5000                lstrlenW
 .text          0x00000000701c5008        0x8 C:/GNU/MINGW64/x86_64-8.1.0-win32-seh-rt_v6-rev0/mingw64/bin/../lib/gcc/x86_64-w64-mingw32/8.1.0/../../../../x86_64-w64-mingw32/lib/../lib/libkernel32.a(dqifs01549.o)
                0x00000000701c5008                lstrcpyW
 .text          0x00000000701c5010        0x8 C:/GNU/MINGW64/x86_64-8.1.0-win32-seh-rt_v6-rev0/mingw64/bin/../lib/gcc/x86_64-w64-mingw32/8.1.0/../../../../x86_64-w64-mingw32/lib/../lib/libkernel32.a(dqifs01543.o)
                0x00000000701c5010                lstrcmpW
 .text          0x00000000701c5018        0x8 C:/GNU/MINGW64/x86_64-8.1.0-win32-seh-rt_v6-rev0/mingw64/bin/../lib/gcc/x86_64-w64-mingw32/8.1.0/../../../../x86_64-w64-mingw32/lib/../lib/libkernel32.a(dqifs01540.o)
                0x00000000701c5018                lstrcatW
 .text          0x00000000701c5020        0x8 C:/GNU/MINGW64/x86_64-8.1.0-win32-seh-rt_v6-rev0/mingw64/bin/../lib/gcc/x86_64-w64-mingw32/8.1.0/../../../../x86_64-w64-mingw32/lib/../lib/libkernel32.a(dqifs00841.o)
                0x00000000701c5020                HeapFree
 .text          0x00000000701c5028        0x8 C:/GNU/MINGW64/x86_64-8.1.0-win32-seh-rt_v6-rev0/mingw64/bin/../lib/gcc/x86_64-w64-mingw32/8.1.0/../../../../x86_64-w64-mingw32/lib/../lib/libkernel32.a(dqifs00839.o)
                0x00000000701c5028                HeapDestroy
 .text          0x00000000701c5030        0x8 C:/GNU/MINGW64/x86_64-8.1.0-win32-seh-rt_v6-rev0/mingw64/bin/../lib/gcc/x86_64-w64-mingw32/8.1.0/../../../../x86_64-w64-mingw32/lib/../lib/libkernel32.a(dqifs00837.o)
                0x00000000701c5030                HeapCreate
 .text          0x00000000701c5038        0x8 C:/GNU/MINGW64/x86_64-8.1.0-win32-seh-rt_v6-rev0/mingw64/bin/../lib/gcc/x86_64-w64-mingw32/8.1.0/../../../../x86_64-w64-mingw32/lib/../lib/libkernel32.a(dqifs00835.o)
                0x00000000701c5038                HeapAlloc
 .text          0x00000000701c5040        0x8 C:/GNU/MINGW64/x86_64-8.1.0-win32-seh-rt_v6-rev0/mingw64/bin/../lib/gcc/x86_64-w64-mingw32/8.1.0/../../../../x86_64-w64-mingw32/lib/../lib/libkernel32.a(dqifs00774.o)
                0x00000000701c5040                GetTickCount
 *fill*         0x00000000701c5048        0x8 
 .text          0x00000000701c5050        0x0 C:/GNU/MINGW64/x86_64-8.1.0-win32-seh-rt_v6-rev0/mingw64/bin/../lib/gcc/x86_64-w64-mingw32/8.1.0/../../../../x86_64-w64-mingw32/lib/../lib/libkernel32.a(dqifh.o)
 .text          0x00000000701c5050        0x0 C:/GNU/MINGW64/x86_64-8.1.0-win32-seh-rt_v6-rev0/mingw64/bin/../lib/gcc/x86_64-w64-mingw32/8.1.0/../../../../x86_64-w64-mingw32/lib/../lib/libkernel32.a(dqift.o)
 .text          0x00000000701c5050        0x8 C:/GNU/MINGW64/x86_64-8.1.0-win32-seh-rt_v6-rev0/mingw64/bin/../lib/gcc/x86_64-w64-mingw32/8.1.0/../../../../x86_64-w64-mingw32/lib/../lib/libuser32.a(dyqes00958.o)
                0x00000000701c5050                wsprintfW
 *fill*         0x00000000701c5058        0x8 
 .text          0x00000000701c5060        0x0 C:/GNU/MINGW64/x86_64-8.1.0-win32-seh-rt_v6-rev0/mingw64/bin/../lib/gcc/x86_64-w64-mingw32/8.1.0/../../../../x86_64-w64-mingw32/lib/../lib/libuser32.a(dyqeh.o)
 .text          0x00000000701c5060        0x0 C:/GNU/MINGW64/x86_64-8.1.0-win32-seh-rt_v6-rev0/mingw64/bin/../lib/gcc/x86_64-w64-mingw32/8.1.0/../../../../x86_64-w64-mingw32/lib/../lib/libuser32.a(dyqet.o)
 *(SORT_BY_NAME(.text$*))
 *(.text.*)
 *(.gnu.linkonce.t.*)
 *(.glue_7t)
 *(.glue_7)
                0x00000000701c5060                . = ALIGN (0x8)
                0x00000000701c5060                ___CTOR_LIST__ = .
                0x00000000701c5060                __CTOR_LIST__ = .
                0x00000000701c5060        0x4 LONG 0xffffffffffffffff
                0x00000000701c5064        0x4 LONG 0xffffffffffffffff
 *(.ctors)
 *(.ctor)
 *(SORT_BY_NAME(.ctors.*))
                0x00000000701c5068        0x4 LONG 0x0
                0x00000000701c506c        0x4 LONG 0x0
                0x00000000701c5070                ___DTOR_LIST__ = .
                0x00000000701c5070                __DTOR_LIST__ = .
                0x00000000701c5070        0x4 LONG 0xffffffffffffffff
                0x00000000701c5074        0x4 LONG 0xffffffffffffffff
 *(.dtors)
 *(.dtor)
 *(SORT_BY_NAME(.dtors.*))
                0x00000000701c5078        0x4 LONG 0x0
                0x00000000701c507c        0x4 LONG 0x0
 *(.fini)
 *(.gcc_exc)
                [!provide]                        PROVIDE (etext = .)
 *(.gcc_except_table)

.data           0x00000000701c6000    0x76c00
                0x00000000701c6000                __data_start__ = .
 *(.data)
 .data          0x00000000701c6000        0x0 ../build/x64_Debug/cpuid.o
 .data          0x00000000701c6000        0x0 ../build/x64_Debug/debug.o
 .data          0x00000000701c6000        0x0 ../build/x64_Debug/dllmain.o
 .data          0x00000000701c6000        0x0 ../build/x64_Debug/INTERNALTEST_op_DivRem.o
 .data          0x00000000701c6000        0x0 ../build/x64_Debug/INTERNALTEST_op_Multiply.o
 .data          0x00000000701c6000        0x0 ../build/x64_Debug/pmc_add.o
 .data          0x00000000701c6000        0x0 ../build/x64_Debug/pmc_bitwiseand.o
 .data          0x00000000701c6000        0x0 ../build/x64_Debug/pmc_bitwiseor.o
 .data          0x00000000701c6000        0x0 ../build/x64_Debug/pmc_bytes.o
 .data          0x00000000701c6000        0x0 ../build/x64_Debug/pmc_clone.o
 .data          0x00000000701c6000        0x0 ../build/x64_Debug/pmc_compare.o
 .data          0x00000000701c6000        0x0 ../build/x64_Debug/pmc_divrem.o
 .data          0x00000000701c6000        0x0 ../build/x64_Debug/pmc_equals.o
 .data          0x00000000701c6000        0x0 ../build/x64_Debug/pmc_exclusiveor.o
 .data          0x00000000701c6000        0x0 ../build/x64_Debug/pmc_from.o
 .data          0x00000000701c6000        0x0 ../build/x64_Debug/pmc_greatestcommondivisor.o
 .data          0x00000000701c6000        0x0 ../build/x64_Debug/pmc_initialize.o
 .data          0x00000000701c6000        0x0 ../build/x64_Debug/pmc_memory.o
 .data          0x00000000701c6000        0x0 ../build/x64_Debug/pmc_modpow.o
 .data          0x00000000701c6000        0x0 ../build/x64_Debug/pmc_multiply.o
 .data          0x00000000701c6000        0x0 ../build/x64_Debug/pmc_parse.o
 .data          0x00000000701c6000        0x0 ../build/x64_Debug/pmc_pow.o
 .data          0x00000000701c6000        0x0 ../build/x64_Debug/pmc_shift.o
 .data          0x00000000701c6000        0x0 ../build/x64_Debug/pmc_statistics.o
 .data          0x00000000701c6000        0x0 ../build/x64_Debug/pmc_subtruct.o
 .data          0x00000000701c6000        0x0 ../build/x64_Debug/pmc_to.o
 .data          0x00000000701c6000       0x80 ../build/x64_Debug/pmc_tostring.o
 .data          0x00000000701c6080    0x75220 ../build/x64_Debug/TEST_autogenerated_1.o
 .data          0x000000007023b2a0     0x1900 ../build/x64_Debug/TEST_autogenerated_2.o
 .data          0x000000007023cba0        0x0 ../build/x64_Debug/TEST_op_Add.o
 .data          0x000000007023cba0        0x0 ../build/x64_Debug/TEST_op_BitwiseAnd.o
 .data          0x000000007023cba0        0x0 ../build/x64_Debug/TEST_op_BitwiseOr.o
 .data          0x000000007023cba0        0x0 ../build/x64_Debug/TEST_op_Clone.o
 .data          0x000000007023cba0        0x0 ../build/x64_Debug/TEST_op_Compare.o
 .data          0x000000007023cba0        0x0 ../build/x64_Debug/TEST_op_DivRem.o
 .data          0x000000007023cba0        0x0 ../build/x64_Debug/TEST_op_Equals.o
 .data          0x000000007023cba0        0x0 ../build/x64_Debug/TEST_op_ExclusiveOr.o
 .data          0x000000007023cba0        0x0 ../build/x64_Debug/TEST_op_From_To.o
 .data          0x000000007023cba0        0x0 ../build/x64_Debug/TEST_op_GreatestCommonDivisor.o
 .data          0x000000007023cba0        0x0 ../build/x64_Debug/TEST_op_ModPow.o
 .data          0x000000007023cba0        0x0 ../build/x64_Debug/TEST_op_Multiply.o
 .data          0x000000007023cba0        0x0 ../build/x64_Debug/TEST_op_ParseDN.o
 .data          0x000000007023cba0        0x0 ../build/x64_Debug/TEST_op_ParseX.o
 .data          0x000000007023cba0        0x0 ../build/x64_Debug/TEST_op_Pow.o
 .data          0x000000007023cba0        0x0 ../build/x64_Debug/TEST_op_Remainder.o
 .data          0x000000007023cba0        0x0 ../build/x64_Debug/TEST_op_Shift.o
 .data          0x000000007023cba0        0x0 ../build/x64_Debug/TEST_op_Subtruct.o
 .data          0x000000007023cba0        0x0 ../build/x64_Debug/TEST_op_ToStringC.o
 .data          0x000000007023cba0        0x0 ../build/x64_Debug/TEST_op_ToStringD.o
 .data          0x000000007023cba0        0x0 ../build/x64_Debug/TEST_op_ToStringE.o
 .data          0x000000007023cba0        0x0 ../build/x64_Debug/TEST_op_ToStringF.o
 .data          0x000000007023cba0        0x0 ../build/x64_Debug/TEST_op_ToStringG.o
 .data          0x000000007023cba0        0x0 ../build/x64_Debug/TEST_op_ToStringN.o
 .data          0x000000007023cba0        0x0 ../build/x64_Debug/TEST_op_ToStringP.o
 .data          0x000000007023cba0        0x0 ../build/x64_Debug/TEST_op_ToStringR.o
 .data          0x000000007023cba0        0x0 ../build/x64_Debug/TEST_op_ToStringX.o
 .data          0x000000007023cba0        0x0 C:/GNU/MINGW64/x86_64-8.1.0-win32-seh-rt_v6-rev0/mingw64/bin/../lib/gcc/x86_64-w64-mingw32/8.1.0/../../../../x86_64-w64-mingw32/lib/../lib/libkernel32.a(dqifs01555.o)
 .data          0x000000007023cba0        0x0 C:/GNU/MINGW64/x86_64-8.1.0-win32-seh-rt_v6-rev0/mingw64/bin/../lib/gcc/x86_64-w64-mingw32/8.1.0/../../../../x86_64-w64-mingw32/lib/../lib/libkernel32.a(dqifs01549.o)
 .data          0x000000007023cba0        0x0 C:/GNU/MINGW64/x86_64-8.1.0-win32-seh-rt_v6-rev0/mingw64/bin/../lib/gcc/x86_64-w64-mingw32/8.1.0/../../../../x86_64-w64-mingw32/lib/../lib/libkernel32.a(dqifs01543.o)
 .data          0x000000007023cba0        0x0 C:/GNU/MINGW64/x86_64-8.1.0-win32-seh-rt_v6-rev0/mingw64/bin/../lib/gcc/x86_64-w64-mingw32/8.1.0/../../../../x86_64-w64-mingw32/lib/../lib/libkernel32.a(dqifs01540.o)
 .data          0x000000007023cba0        0x0 C:/GNU/MINGW64/x86_64-8.1.0-win32-seh-rt_v6-rev0/mingw64/bin/../lib/gcc/x86_64-w64-mingw32/8.1.0/../../../../x86_64-w64-mingw32/lib/../lib/libkernel32.a(dqifs00841.o)
 .data          0x000000007023cba0        0x0 C:/GNU/MINGW64/x86_64-8.1.0-win32-seh-rt_v6-rev0/mingw64/bin/../lib/gcc/x86_64-w64-mingw32/8.1.0/../../../../x86_64-w64-mingw32/lib/../lib/libkernel32.a(dqifs00839.o)
 .data          0x000000007023cba0        0x0 C:/GNU/MINGW64/x86_64-8.1.0-win32-seh-rt_v6-rev0/mingw64/bin/../lib/gcc/x86_64-w64-mingw32/8.1.0/../../../../x86_64-w64-mingw32/lib/../lib/libkernel32.a(dqifs00837.o)
 .data          0x000000007023cba0        0x0 C:/GNU/MINGW64/x86_64-8.1.0-win32-seh-rt_v6-rev0/mingw64/bin/../lib/gcc/x86_64-w64-mingw32/8.1.0/../../../../x86_64-w64-mingw32/lib/../lib/libkernel32.a(dqifs00835.o)
 .data          0x000000007023cba0        0x0 C:/GNU/MINGW64/x86_64-8.1.0-win32-seh-rt_v6-rev0/mingw64/bin/../lib/gcc/x86_64-w64-mingw32/8.1.0/../../../../x86_64-w64-mingw32/lib/../lib/libkernel32.a(dqifs00774.o)
 .data          0x000000007023cba0        0x0 C:/GNU/MINGW64/x86_64-8.1.0-win32-seh-rt_v6-rev0/mingw64/bin/../lib/gcc/x86_64-w64-mingw32/8.1.0/../../../../x86_64-w64-mingw32/lib/../lib/libkernel32.a(dqifh.o)
 .data          0x000000007023cba0        0x0 C:/GNU/MINGW64/x86_64-8.1.0-win32-seh-rt_v6-rev0/mingw64/bin/../lib/gcc/x86_64-w64-mingw32/8.1.0/../../../../x86_64-w64-mingw32/lib/../lib/libkernel32.a(dqift.o)
 .data          0x000000007023cba0        0x0 C:/GNU/MINGW64/x86_64-8.1.0-win32-seh-rt_v6-rev0/mingw64/bin/../lib/gcc/x86_64-w64-mingw32/8.1.0/../../../../x86_64-w64-mingw32/lib/../lib/libuser32.a(dyqes00958.o)
 .data          0x000000007023cba0        0x0 C:/GNU/MINGW64/x86_64-8.1.0-win32-seh-rt_v6-rev0/mingw64/bin/../lib/gcc/x86_64-w64-mingw32/8.1.0/../../../../x86_64-w64-mingw32/lib/../lib/libuser32.a(dyqeh.o)
 .data          0x000000007023cba0        0x0 C:/GNU/MINGW64/x86_64-8.1.0-win32-seh-rt_v6-rev0/mingw64/bin/../lib/gcc/x86_64-w64-mingw32/8.1.0/../../../../x86_64-w64-mingw32/lib/../lib/libuser32.a(dyqet.o)
 *(.data2)
 *(SORT_BY_NAME(.data$*))
 *(.jcr)
                0x000000007023cba0                __data_end__ = .
 *(.data_cygwin_nocopy)

.rdata          0x000000007023d000    0x4e200
 *(.rdata)
 .rdata         0x000000007023d000      0x1d0 ../build/x64_Debug/debug.o
 .rdata         0x000000007023d1d0      0x100 ../build/x64_Debug/INTERNALTEST_op_DivRem.o
 .rdata         0x000000007023d2d0       0x80 ../build/x64_Debug/INTERNALTEST_op_Multiply.o
 .rdata         0x000000007023d350      0x300 ../build/x64_Debug/pmc_tostring.o
 .rdata         0x000000007023d650    0x44a90 ../build/x64_Debug/TEST_autogenerated_1.o
 .rdata         0x00000000702820e0     0x4870 ../build/x64_Debug/TEST_autogenerated_2.o
 .rdata         0x0000000070286950      0x2c0 ../build/x64_Debug/TEST_op_Add.o
 .rdata         0x0000000070286c10      0x360 ../build/x64_Debug/TEST_op_BitwiseAnd.o
 .rdata         0x0000000070286f70      0x360 ../build/x64_Debug/TEST_op_BitwiseOr.o
 .rdata         0x00000000702872d0      0x120 ../build/x64_Debug/TEST_op_Clone.o
 .rdata         0x00000000702873f0      0x2c0 ../build/x64_Debug/TEST_op_Compare.o
 .rdata         0x00000000702876b0      0x320 ../build/x64_Debug/TEST_op_DivRem.o
 .rdata         0x00000000702879d0      0x2c0 ../build/x64_Debug/TEST_op_Equals.o
 .rdata         0x0000000070287c90      0x360 ../build/x64_Debug/TEST_op_ExclusiveOr.o
 .rdata         0x0000000070287ff0      0x210 ../build/x64_Debug/TEST_op_From_To.o
 .rdata         0x0000000070288200      0x450 ../build/x64_Debug/TEST_op_GreatestCommonDivisor.o
 .rdata         0x0000000070288650      0x130 ../build/x64_Debug/TEST_op_ModPow.o
 .rdata         0x0000000070288780      0x330 ../build/x64_Debug/TEST_op_Multiply.o
 .rdata         0x0000000070288ab0      0x130 ../build/x64_Debug/TEST_op_ParseDN.o
 .rdata         0x0000000070288be0       0xd0 ../build/x64_Debug/TEST_op_ParseX.o
 .rdata         0x0000000070288cb0      0x120 ../build/x64_Debug/TEST_op_Pow.o
 .rdata         0x0000000070288dd0      0x350 ../build/x64_Debug/TEST_op_Remainder.o
 .rdata         0x0000000070289120      0x1c0 ../build/x64_Debug/TEST_op_Shift.o
 .rdata         0x00000000702892e0      0x340 ../build/x64_Debug/TEST_op_Subtruct.o
 .rdata         0x0000000070289620       0xe0 ../build/x64_Debug/TEST_op_ToStringC.o
 .rdata         0x0000000070289700       0xe0 ../build/x64_Debug/TEST_op_ToStringD.o
 .rdata         0x00000000702897e0       0xe0 ../build/x64_Debug/TEST_op_ToStringE.o
 .rdata         0x00000000702898c0       0xe0 ../build/x64_Debug/TEST_op_ToStringF.o
 .rdata         0x00000000702899a0       0xe0 ../build/x64_Debug/TEST_op_ToStringG.o
 .rdata         0x0000000070289a80       0xe0 ../build/x64_Debug/TEST_op_ToStringN.o
 .rdata         0x0000000070289b60       0xe0 ../build/x64_Debug/TEST_op_ToStringP.o
 .rdata         0x0000000070289c40       0xe0 ../build/x64_Debug/TEST_op_ToStringR.o
 .rdata         0x0000000070289d20       0xe0 ../build/x64_Debug/TEST_op_ToStringX.o
 *(SORT_BY_NAME(.rdata$*))
 .rdata$.refptr.PMC_Add_I_X
                0x0000000070289e00       0x10 ../build/x64_Debug/pmc_initialize.o
                0x0000000070289e00                .refptr.PMC_Add_I_X
 .rdata$.refptr.PMC_Add_L_X
                0x0000000070289e10       0x10 ../build/x64_Debug/pmc_initialize.o
                0x0000000070289e10                .refptr.PMC_Add_L_X
 .rdata$.refptr.PMC_Add_X_I
                0x0000000070289e20       0x10 ../build/x64_Debug/pmc_initialize.o
                0x0000000070289e20                .refptr.PMC_Add_X_I
 .rdata$.refptr.PMC_Add_X_L
                0x0000000070289e30       0x10 ../build/x64_Debug/pmc_initialize.o
                0x0000000070289e30                .refptr.PMC_Add_X_L
 .rdata$.refptr.PMC_Add_X_X
                0x0000000070289e40       0x10 ../build/x64_Debug/pmc_initialize.o
                0x0000000070289e40                .refptr.PMC_Add_X_X
 .rdata$.refptr.PMC_BitwiseAnd_I_X
                0x0000000070289e50       0x10 ../build/x64_Debug/pmc_initialize.o
                0x0000000070289e50                .refptr.PMC_BitwiseAnd_I_X
 .rdata$.refptr.PMC_BitwiseAnd_L_X
                0x0000000070289e60       0x10 ../build/x64_Debug/pmc_initialize.o
                0x0000000070289e60                .refptr.PMC_BitwiseAnd_L_X
 .rdata$.refptr.PMC_BitwiseAnd_X_I
                0x0000000070289e70       0x10 ../build/x64_Debug/pmc_initialize.o
                0x0000000070289e70                .refptr.PMC_BitwiseAnd_X_I
 .rdata$.refptr.PMC_BitwiseAnd_X_L
                0x0000000070289e80       0x10 ../build/x64_Debug/pmc_initialize.o
                0x0000000070289e80                .refptr.PMC_BitwiseAnd_X_L
 .rdata$.refptr.PMC_BitwiseAnd_X_X
                0x0000000070289e90       0x10 ../build/x64_Debug/pmc_initialize.o
                0x0000000070289e90                .refptr.PMC_BitwiseAnd_X_X
 .rdata$.refptr.PMC_BitwiseOr_I_X
                0x0000000070289ea0       0x10 ../build/x64_Debug/pmc_initialize.o
                0x0000000070289ea0                .refptr.PMC_BitwiseOr_I_X
 .rdata$.refptr.PMC_BitwiseOr_L_X
                0x0000000070289eb0       0x10 ../build/x64_Debug/pmc_initialize.o
                0x0000000070289eb0                .refptr.PMC_BitwiseOr_L_X
 .rdata$.refptr.PMC_BitwiseOr_X_I
                0x0000000070289ec0       0x10 ../build/x64_Debug/pmc_initialize.o
                0x0000000070289ec0                .refptr.PMC_BitwiseOr_X_I
 .rdata$.refptr.PMC_BitwiseOr_X_L
                0x0000000070289ed0       0x10 ../build/x64_Debug/pmc_initialize.o
                0x0000000070289ed0                .refptr.PMC_BitwiseOr_X_L
 .rdata$.refptr.PMC_BitwiseOr_X_X
                0x0000000070289ee0       0x10 ../build/x64_Debug/pmc_initialize.o
                0x0000000070289ee0                .refptr.PMC_BitwiseOr_X_X
 .rdata$.refptr.PMC_Clone_X
                0x0000000070289ef0       0x10 ../build/x64_Debug/pmc_initialize.o
                0x0000000070289ef0                .refptr.PMC_Clone_X
 .rdata$.refptr.PMC_Compare_I_X
                0x0000000070289f00       0x10 ../build/x64_Debug/pmc_initialize.o
                0x0000000070289f00                .refptr.PMC_Compare_I_X
 .rdata$.refptr.PMC_Compare_L_X
                0x0000000070289f10       0x10 ../build/x64_Debug/pmc_initialize.o
                0x0000000070289f10                .refptr.PMC_Compare_L_X
 .rdata$.refptr.PMC_Compare_X_I
                0x0000000070289f20       0x10 ../build/x64_Debug/pmc_initialize.o
                0x0000000070289f20                .refptr.PMC_Compare_X_I
 .rdata$.refptr.PMC_Compare_X_L
                0x0000000070289f30       0x10 ../build/x64_Debug/pmc_initialize.o
                0x0000000070289f30                .refptr.PMC_Compare_X_L
 .rdata$.refptr.PMC_Compare_X_X
                0x0000000070289f40       0x10 ../build/x64_Debug/pmc_initialize.o
                0x0000000070289f40                .refptr.PMC_Compare_X_X
 .rdata$.refptr.PMC_Dispose
                0x0000000070289f50       0x10 ../build/x64_Debug/pmc_initialize.o
                0x0000000070289f50                .refptr.PMC_Dispose
 .rdata$.refptr.PMC_DivRem_I_X
                0x0000000070289f60       0x10 ../build/x64_Debug/pmc_initialize.o
                0x0000000070289f60                .refptr.PMC_DivRem_I_X
 .rdata$.refptr.PMC_DivRem_L_X
                0x0000000070289f70       0x10 ../build/x64_Debug/pmc_initialize.o
                0x0000000070289f70                .refptr.PMC_DivRem_L_X
 .rdata$.refptr.PMC_DivRem_X_I
                0x0000000070289f80       0x10 ../build/x64_Debug/pmc_initialize.o
                0x0000000070289f80                .refptr.PMC_DivRem_X_I
 .rdata$.refptr.PMC_DivRem_X_L
                0x0000000070289f90       0x10 ../build/x64_Debug/pmc_initialize.o
                0x0000000070289f90                .refptr.PMC_DivRem_X_L
 .rdata$.refptr.PMC_DivRem_X_X
                0x0000000070289fa0       0x10 ../build/x64_Debug/pmc_initialize.o
                0x0000000070289fa0                .refptr.PMC_DivRem_X_X
 .rdata$.refptr.PMC_Equals_I_X
                0x0000000070289fb0       0x10 ../build/x64_Debug/pmc_initialize.o
                0x0000000070289fb0                .refptr.PMC_Equals_I_X
 .rdata$.refptr.PMC_Equals_L_X
                0x0000000070289fc0       0x10 ../build/x64_Debug/pmc_initialize.o
                0x0000000070289fc0                .refptr.PMC_Equals_L_X
 .rdata$.refptr.PMC_Equals_X_I
                0x0000000070289fd0       0x10 ../build/x64_Debug/pmc_initialize.o
                0x0000000070289fd0                .refptr.PMC_Equals_X_I
 .rdata$.refptr.PMC_Equals_X_L
                0x0000000070289fe0       0x10 ../build/x64_Debug/pmc_initialize.o
                0x0000000070289fe0                .refptr.PMC_Equals_X_L
 .rdata$.refptr.PMC_Equals_X_X
                0x0000000070289ff0       0x10 ../build/x64_Debug/pmc_initialize.o
                0x0000000070289ff0                .refptr.PMC_Equals_X_X
 .rdata$.refptr.PMC_ExclusiveOr_I_X
                0x000000007028a000       0x10 ../build/x64_Debug/pmc_initialize.o
                0x000000007028a000                .refptr.PMC_ExclusiveOr_I_X
 .rdata$.refptr.PMC_ExclusiveOr_L_X
                0x000000007028a010       0x10 ../build/x64_Debug/pmc_initialize.o
                0x000000007028a010                .refptr.PMC_ExclusiveOr_L_X
 .rdata$.refptr.PMC_ExclusiveOr_X_I
                0x000000007028a020       0x10 ../build/x64_Debug/pmc_initialize.o
                0x000000007028a020                .refptr.PMC_ExclusiveOr_X_I
 .rdata$.refptr.PMC_ExclusiveOr_X_L
                0x000000007028a030       0x10 ../build/x64_Debug/pmc_initialize.o
                0x000000007028a030                .refptr.PMC_ExclusiveOr_X_L
 .rdata$.refptr.PMC_ExclusiveOr_X_X
                0x000000007028a040       0x10 ../build/x64_Debug/pmc_initialize.o
                0x000000007028a040                .refptr.PMC_ExclusiveOr_X_X
 .rdata$.refptr.PMC_FromByteArray
                0x000000007028a050       0x10 ../build/x64_Debug/pmc_initialize.o
                0x000000007028a050                .refptr.PMC_FromByteArray
 .rdata$.refptr.PMC_FromByteArrayForSINT
                0x000000007028a060       0x10 ../build/x64_Debug/pmc_initialize.o
                0x000000007028a060                .refptr.PMC_FromByteArrayForSINT
 .rdata$.refptr.PMC_From_I
                0x000000007028a070       0x10 ../build/x64_Debug/pmc_initialize.o
                0x000000007028a070                .refptr.PMC_From_I
 .rdata$.refptr.PMC_From_L
                0x000000007028a080       0x10 ../build/x64_Debug/pmc_initialize.o
                0x000000007028a080                .refptr.PMC_From_L
 .rdata$.refptr.PMC_GetConstantValue_I
                0x000000007028a090       0x10 ../build/x64_Debug/pmc_initialize.o
                0x000000007028a090                .refptr.PMC_GetConstantValue_I
 .rdata$.refptr.PMC_GetStatisticsInfo
                0x000000007028a0a0       0x10 ../build/x64_Debug/pmc_initialize.o
                0x000000007028a0a0                .refptr.PMC_GetStatisticsInfo
 .rdata$.refptr.PMC_GreatestCommonDivisor_I_X
                0x000000007028a0b0       0x10 ../build/x64_Debug/pmc_initialize.o
                0x000000007028a0b0                .refptr.PMC_GreatestCommonDivisor_I_X
 .rdata$.refptr.PMC_GreatestCommonDivisor_L_X
                0x000000007028a0c0       0x10 ../build/x64_Debug/pmc_initialize.o
                0x000000007028a0c0                .refptr.PMC_GreatestCommonDivisor_L_X
 .rdata$.refptr.PMC_GreatestCommonDivisor_X_I
                0x000000007028a0d0       0x10 ../build/x64_Debug/pmc_initialize.o
                0x000000007028a0d0                .refptr.PMC_GreatestCommonDivisor_X_I
 .rdata$.refptr.PMC_GreatestCommonDivisor_X_L
                0x000000007028a0e0       0x10 ../build/x64_Debug/pmc_initialize.o
                0x000000007028a0e0                .refptr.PMC_GreatestCommonDivisor_X_L
 .rdata$.refptr.PMC_GreatestCommonDivisor_X_X
                0x000000007028a0f0       0x10 ../build/x64_Debug/pmc_initialize.o
                0x000000007028a0f0                .refptr.PMC_GreatestCommonDivisor_X_X
 .rdata$.refptr.PMC_InitializeNumberFormatInfo
                0x000000007028a100       0x10 ../build/x64_Debug/pmc_initialize.o
                0x000000007028a100                .refptr.PMC_InitializeNumberFormatInfo
 .rdata$.refptr.PMC_LeftShift_X_I
                0x000000007028a110       0x10 ../build/x64_Debug/pmc_initialize.o
                0x000000007028a110                .refptr.PMC_LeftShift_X_I
 .rdata$.refptr.PMC_ModPow_X_X_X
                0x000000007028a120       0x10 ../build/x64_Debug/pmc_initialize.o
                0x000000007028a120                .refptr.PMC_ModPow_X_X_X
 .rdata$.refptr.PMC_Multiply_I_X
                0x000000007028a130       0x10 ../build/x64_Debug/pmc_initialize.o
                0x000000007028a130                .refptr.PMC_Multiply_I_X
 .rdata$.refptr.PMC_Multiply_L_X
                0x000000007028a140       0x10 ../build/x64_Debug/pmc_initialize.o
                0x000000007028a140                .refptr.PMC_Multiply_L_X
 .rdata$.refptr.PMC_Multiply_X_I
                0x000000007028a150       0x10 ../build/x64_Debug/pmc_initialize.o
                0x000000007028a150                .refptr.PMC_Multiply_X_I
 .rdata$.refptr.PMC_Multiply_X_L
                0x000000007028a160       0x10 ../build/x64_Debug/pmc_initialize.o
                0x000000007028a160                .refptr.PMC_Multiply_X_L
 .rdata$.refptr.PMC_Multiply_X_X
                0x000000007028a170       0x10 ../build/x64_Debug/pmc_initialize.o
                0x000000007028a170                .refptr.PMC_Multiply_X_X
 .rdata$.refptr.PMC_Pow_X_I
                0x000000007028a180       0x10 ../build/x64_Debug/pmc_initialize.o
                0x000000007028a180                .refptr.PMC_Pow_X_I
 .rdata$.refptr.PMC_RightShift_X_I
                0x000000007028a190       0x10 ../build/x64_Debug/pmc_initialize.o
                0x000000007028a190                .refptr.PMC_RightShift_X_I
 .rdata$.refptr.PMC_Subtruct_I_X
                0x000000007028a1a0       0x10 ../build/x64_Debug/pmc_initialize.o
                0x000000007028a1a0                .refptr.PMC_Subtruct_I_X
 .rdata$.refptr.PMC_Subtruct_L_X
                0x000000007028a1b0       0x10 ../build/x64_Debug/pmc_initialize.o
                0x000000007028a1b0                .refptr.PMC_Subtruct_L_X
 .rdata$.refptr.PMC_Subtruct_X_I
                0x000000007028a1c0       0x10 ../build/x64_Debug/pmc_initialize.o
                0x000000007028a1c0                .refptr.PMC_Subtruct_X_I
 .rdata$.refptr.PMC_Subtruct_X_L
                0x000000007028a1d0       0x10 ../build/x64_Debug/pmc_initialize.o
                0x000000007028a1d0                .refptr.PMC_Subtruct_X_L
 .rdata$.refptr.PMC_Subtruct_X_X
                0x000000007028a1e0       0x10 ../build/x64_Debug/pmc_initialize.o
                0x000000007028a1e0                .refptr.PMC_Subtruct_X_X
 .rdata$.refptr.PMC_ToByteArray
                0x000000007028a1f0       0x10 ../build/x64_Debug/pmc_initialize.o
                0x000000007028a1f0                .refptr.PMC_ToByteArray
 .rdata$.refptr.PMC_ToByteArrayForSINT
                0x000000007028a200       0x10 ../build/x64_Debug/pmc_initialize.o
                0x000000007028a200                .refptr.PMC_ToByteArrayForSINT
 .rdata$.refptr.PMC_ToString
                0x000000007028a210       0x10 ../build/x64_Debug/pmc_initialize.o
                0x000000007028a210                .refptr.PMC_ToString
 .rdata$.refptr.PMC_To_X_I
                0x000000007028a220       0x10 ../build/x64_Debug/pmc_initialize.o
                0x000000007028a220                .refptr.PMC_To_X_I
 .rdata$.refptr.PMC_To_X_L
                0x000000007028a230       0x10 ../build/x64_Debug/pmc_initialize.o
                0x000000007028a230                .refptr.PMC_To_X_L
 .rdata$.refptr.PMC_TryParse
                0x000000007028a240       0x10 ../build/x64_Debug/pmc_initialize.o
                0x000000007028a240                .refptr.PMC_TryParse
 .rdata$.refptr.PMC_TryParseForSINT
                0x000000007028a250       0x10 ../build/x64_Debug/pmc_initialize.o
                0x000000007028a250                .refptr.PMC_TryParseForSINT
 .rdata$.refptr.configuration_info
                0x000000007028a260       0x10 ../build/x64_Debug/pmc_memory.o
                0x000000007028a260                .refptr.configuration_info
 .rdata$.refptr.number_one
                0x000000007028a270       0x10 ../build/x64_Debug/pmc_modpow.o
                0x000000007028a270                .refptr.number_one
 .rdata$.refptr.number_zero
                0x000000007028a280       0x10 ../build/x64_Debug/pmc_add.o
                0x000000007028a280                .refptr.number_zero
 .rdata$.refptr.statistics_info
                0x000000007028a290       0x10 ../build/x64_Debug/pmc_divrem.o
                0x000000007028a290                .refptr.statistics_info
 .rdata$zzz     0x000000007028a2a0       0x40 ../build/x64_Debug/cpuid.o
 .rdata$zzz     0x000000007028a2e0       0x40 ../build/x64_Debug/debug.o
 .rdata$zzz     0x000000007028a320       0x40 ../build/x64_Debug/dllmain.o
 .rdata$zzz     0x000000007028a360       0x40 ../build/x64_Debug/INTERNALTEST_op_DivRem.o
 .rdata$zzz     0x000000007028a3a0       0x40 ../build/x64_Debug/INTERNALTEST_op_Multiply.o
 .rdata$zzz     0x000000007028a3e0       0x40 ../build/x64_Debug/pmc_add.o
 .rdata$zzz     0x000000007028a420       0x40 ../build/x64_Debug/pmc_bitwiseand.o
 .rdata$zzz     0x000000007028a460       0x40 ../build/x64_Debug/pmc_bitwiseor.o
 .rdata$zzz     0x000000007028a4a0       0x40 ../build/x64_Debug/pmc_bytes.o
 .rdata$zzz     0x000000007028a4e0       0x40 ../build/x64_Debug/pmc_clone.o
 .rdata$zzz     0x000000007028a520       0x40 ../build/x64_Debug/pmc_compare.o
 .rdata$zzz     0x000000007028a560       0x40 ../build/x64_Debug/pmc_divrem.o
 .rdata$zzz     0x000000007028a5a0       0x40 ../build/x64_Debug/pmc_equals.o
 .rdata$zzz     0x000000007028a5e0       0x40 ../build/x64_Debug/pmc_exclusiveor.o
 .rdata$zzz     0x000000007028a620       0x40 ../build/x64_Debug/pmc_from.o
 .rdata$zzz     0x000000007028a660       0x40 ../build/x64_Debug/pmc_greatestcommondivisor.o
 .rdata$zzz     0x000000007028a6a0       0x40 ../build/x64_Debug/pmc_initialize.o
 .rdata$zzz     0x000000007028a6e0       0x40 ../build/x64_Debug/pmc_memory.o
 .rdata$zzz     0x000000007028a720       0x40 ../build/x64_Debug/pmc_modpow.o
 .rdata$zzz     0x000000007028a760       0x40 ../build/x64_Debug/pmc_multiply.o
 .rdata$zzz     0x000000007028a7a0       0x40 ../build/x64_Debug/pmc_parse.o
 .rdata$zzz     0x000000007028a7e0       0x40 ../build/x64_Debug/pmc_pow.o
 .rdata$zzz     0x000000007028a820       0x40 ../build/x64_Debug/pmc_shift.o
 .rdata$zzz     0x000000007028a860       0x40 ../build/x64_Debug/pmc_statistics.o
 .rdata$zzz     0x000000007028a8a0       0x40 ../build/x64_Debug/pmc_subtruct.o
 .rdata$zzz     0x000000007028a8e0       0x40 ../build/x64_Debug/pmc_to.o
 .rdata$zzz     0x000000007028a920       0x40 ../build/x64_Debug/pmc_tostring.o
 .rdata$zzz     0x000000007028a960       0x40 ../build/x64_Debug/TEST_autogenerated_1.o
 .rdata$zzz     0x000000007028a9a0       0x40 ../build/x64_Debug/TEST_autogenerated_2.o
 .rdata$zzz     0x000000007028a9e0       0x40 ../build/x64_Debug/TEST_op_Add.o
 .rdata$zzz     0x000000007028aa20       0x40 ../build/x64_Debug/TEST_op_BitwiseAnd.o
 .rdata$zzz     0x000000007028aa60       0x40 ../build/x64_Debug/TEST_op_BitwiseOr.o
 .rdata$zzz     0x000000007028aaa0       0x40 ../build/x64_Debug/TEST_op_Clone.o
 .rdata$zzz     0x000000007028aae0       0x40 ../build/x64_Debug/TEST_op_Compare.o
 .rdata$zzz     0x000000007028ab20       0x40 ../build/x64_Debug/TEST_op_DivRem.o
 .rdata$zzz     0x000000007028ab60       0x40 ../build/x64_Debug/TEST_op_Equals.o
 .rdata$zzz     0x000000007028aba0       0x40 ../build/x64_Debug/TEST_op_ExclusiveOr.o
 .rdata$zzz     0x000000007028abe0       0x40 ../build/x64_Debug/TEST_op_From_To.o
 .rdata$zzz     0x000000007028ac20       0x40 ../build/x64_Debug/TEST_op_GreatestCommonDivisor.o
 .rdata$zzz     0x000000007028ac60       0x40 ../build/x64_Debug/TEST_op_ModPow.o
 .rdata$zzz     0x000000007028aca0       0x40 ../build/x64_Debug/TEST_op_Multiply.o
 .rdata$zzz     0x000000007028ace0       0x40 ../build/x64_Debug/TEST_op_ParseDN.o
 .rdata$zzz     0x000000007028ad20       0x40 ../build/x64_Debug/TEST_op_ParseX.o
 .rdata$zzz     0x000000007028ad60       0x40 ../build/x64_Debug/TEST_op_Pow.o
 .rdata$zzz     0x000000007028ada0       0x40 ../build/x64_Debug/TEST_op_Remainder.o
 .rdata$zzz     0x000000007028ade0       0x40 ../build/x64_Debug/TEST_op_Shift.o
 .rdata$zzz     0x000000007028ae20       0x40 ../build/x64_Debug/TEST_op_Subtruct.o
 .rdata$zzz     0x000000007028ae60       0x40 ../build/x64_Debug/TEST_op_ToStringC.o
 .rdata$zzz     0x000000007028aea0       0x40 ../build/x64_Debug/TEST_op_ToStringD.o
 .rdata$zzz     0x000000007028aee0       0x40 ../build/x64_Debug/TEST_op_ToStringE.o
 .rdata$zzz     0x000000007028af20       0x40 ../build/x64_Debug/TEST_op_ToStringF.o
 .rdata$zzz     0x000000007028af60       0x40 ../build/x64_Debug/TEST_op_ToStringG.o
 .rdata$zzz     0x000000007028afa0       0x40 ../build/x64_Debug/TEST_op_ToStringN.o
 .rdata$zzz     0x000000007028afe0       0x40 ../build/x64_Debug/TEST_op_ToStringP.o
 .rdata$zzz     0x000000007028b020       0x40 ../build/x64_Debug/TEST_op_ToStringR.o
 .rdata$zzz     0x000000007028b060       0x40 ../build/x64_Debug/TEST_op_ToStringX.o
                0x000000007028b0a0                __rt_psrelocs_start = .
 *(.rdata_runtime_pseudo_reloc)
                0x000000007028b0a0                __rt_psrelocs_end = .
                0x0000000000000000                __rt_psrelocs_size = (__rt_psrelocs_end - __rt_psrelocs_start)
                0x000000007028b0a0                ___RUNTIME_PSEUDO_RELOC_LIST_END__ = .
                0x000000007028b0a0                __RUNTIME_PSEUDO_RELOC_LIST_END__ = .
                0x000000007028b0a0                ___RUNTIME_PSEUDO_RELOC_LIST__ = (. - __rt_psrelocs_size)
                0x000000007028b0a0                __RUNTIME_PSEUDO_RELOC_LIST__ = (. - __rt_psrelocs_size)

.eh_frame
 *(.eh_frame*)

.pdata          0x000000007028c000     0x1800
 *(.pdata*)
 .pdata         0x000000007028c000       0x30 ../build/x64_Debug/cpuid.o
 .pdata         0x000000007028c030       0x60 ../build/x64_Debug/debug.o
 .pdata         0x000000007028c090        0xc ../build/x64_Debug/dllmain.o
 .pdata         0x000000007028c09c       0x24 ../build/x64_Debug/INTERNALTEST_op_DivRem.o
 .pdata         0x000000007028c0c0       0x30 ../build/x64_Debug/INTERNALTEST_op_Multiply.o
 .pdata         0x000000007028c0f0      0x150 ../build/x64_Debug/pmc_add.o
 .pdata         0x000000007028c240       0x6c ../build/x64_Debug/pmc_bitwiseand.o
 .pdata         0x000000007028c2ac       0xb4 ../build/x64_Debug/pmc_bitwiseor.o
 .pdata         0x000000007028c360       0x60 ../build/x64_Debug/pmc_bytes.o
 .pdata         0x000000007028c3c0       0x18 ../build/x64_Debug/pmc_clone.o
 .pdata         0x000000007028c3d8       0x84 ../build/x64_Debug/pmc_compare.o
 .pdata         0x000000007028c45c      0x258 ../build/x64_Debug/pmc_divrem.o
 .pdata         0x000000007028c6b4       0x84 ../build/x64_Debug/pmc_equals.o
 .pdata         0x000000007028c738       0xb4 ../build/x64_Debug/pmc_exclusiveor.o
 .pdata         0x000000007028c7ec       0x54 ../build/x64_Debug/pmc_from.o
 .pdata         0x000000007028c840       0xc0 ../build/x64_Debug/pmc_greatestcommondivisor.o
 .pdata         0x000000007028c900       0x24 ../build/x64_Debug/pmc_initialize.o
 .pdata         0x000000007028c924      0x1ec ../build/x64_Debug/pmc_memory.o
 .pdata         0x000000007028cb10       0x78 ../build/x64_Debug/pmc_modpow.o
 .pdata         0x000000007028cb88      0x144 ../build/x64_Debug/pmc_multiply.o
 .pdata         0x000000007028cccc      0x1b0 ../build/x64_Debug/pmc_parse.o
 .pdata         0x000000007028ce7c       0x54 ../build/x64_Debug/pmc_pow.o
 .pdata         0x000000007028ced0       0x84 ../build/x64_Debug/pmc_shift.o
 .pdata         0x000000007028cf54        0xc ../build/x64_Debug/pmc_statistics.o
 .pdata         0x000000007028cf60       0xd8 ../build/x64_Debug/pmc_subtruct.o
 .pdata         0x000000007028d038       0x30 ../build/x64_Debug/pmc_to.o
 .pdata         0x000000007028d068      0x228 ../build/x64_Debug/pmc_tostring.o
 .pdata         0x000000007028d290        0xc ../build/x64_Debug/TEST_autogenerated_1.o
 .pdata         0x000000007028d29c        0xc ../build/x64_Debug/TEST_autogenerated_2.o
 .pdata         0x000000007028d2a8       0x48 ../build/x64_Debug/TEST_op_Add.o
 .pdata         0x000000007028d2f0       0x48 ../build/x64_Debug/TEST_op_BitwiseAnd.o
 .pdata         0x000000007028d338       0x48 ../build/x64_Debug/TEST_op_BitwiseOr.o
 .pdata         0x000000007028d380       0x18 ../build/x64_Debug/TEST_op_Clone.o
 .pdata         0x000000007028d398       0x3c ../build/x64_Debug/TEST_op_Compare.o
 .pdata         0x000000007028d3d4       0x48 ../build/x64_Debug/TEST_op_DivRem.o
 .pdata         0x000000007028d41c       0x3c ../build/x64_Debug/TEST_op_Equals.o
 .pdata         0x000000007028d458       0x48 ../build/x64_Debug/TEST_op_ExclusiveOr.o
 .pdata         0x000000007028d4a0       0x3c ../build/x64_Debug/TEST_op_From_To.o
 .pdata         0x000000007028d4dc       0x48 ../build/x64_Debug/TEST_op_GreatestCommonDivisor.o
 .pdata         0x000000007028d524       0x18 ../build/x64_Debug/TEST_op_ModPow.o
 .pdata         0x000000007028d53c       0x48 ../build/x64_Debug/TEST_op_Multiply.o
 .pdata         0x000000007028d584       0x30 ../build/x64_Debug/TEST_op_ParseDN.o
 .pdata         0x000000007028d5b4       0x18 ../build/x64_Debug/TEST_op_ParseX.o
 .pdata         0x000000007028d5cc       0x18 ../build/x64_Debug/TEST_op_Pow.o
 .pdata         0x000000007028d5e4       0x48 ../build/x64_Debug/TEST_op_Remainder.o
 .pdata         0x000000007028d62c       0x24 ../build/x64_Debug/TEST_op_Shift.o
 .pdata         0x000000007028d650       0x48 ../build/x64_Debug/TEST_op_Subtruct.o
 .pdata         0x000000007028d698        0xc ../build/x64_Debug/TEST_op_ToStringC.o
 .pdata         0x000000007028d6a4        0xc ../build/x64_Debug/TEST_op_ToStringD.o
 .pdata         0x000000007028d6b0        0xc ../build/x64_Debug/TEST_op_ToStringE.o
 .pdata         0x000000007028d6bc        0xc ../build/x64_Debug/TEST_op_ToStringF.o
 .pdata         0x000000007028d6c8        0xc ../build/x64_Debug/TEST_op_ToStringG.o
 .pdata         0x000000007028d6d4        0xc ../build/x64_Debug/TEST_op_ToStringN.o
 .pdata         0x000000007028d6e0        0xc ../build/x64_Debug/TEST_op_ToStringP.o
 .pdata         0x000000007028d6ec        0xc ../build/x64_Debug/TEST_op_ToStringR.o
 .pdata         0x000000007028d6f8        0xc ../build/x64_Debug/TEST_op_ToStringX.o

.xdata          0x000000007028e000     0x1800
 *(.xdata*)
 .xdata         0x000000007028e000       0x30 ../build/x64_Debug/cpuid.o
 .xdata         0x000000007028e030       0x60 ../build/x64_Debug/debug.o
 .xdata         0x000000007028e090        0xc ../build/x64_Debug/dllmain.o
 .xdata         0x000000007028e09c       0x28 ../build/x64_Debug/INTERNALTEST_op_DivRem.o
 .xdata         0x000000007028e0c4       0x30 ../build/x64_Debug/INTERNALTEST_op_Multiply.o
 .xdata         0x000000007028e0f4      0x120 ../build/x64_Debug/pmc_add.o
 .xdata         0x000000007028e214       0x60 ../build/x64_Debug/pmc_bitwiseand.o
 .xdata         0x000000007028e274       0xb0 ../build/x64_Debug/pmc_bitwiseor.o
 .xdata         0x000000007028e324       0x60 ../build/x64_Debug/pmc_bytes.o
 .xdata         0x000000007028e384       0x14 ../build/x64_Debug/pmc_clone.o
 .xdata         0x000000007028e398       0x7c ../build/x64_Debug/pmc_compare.o
 .xdata         0x000000007028e414      0x234 ../build/x64_Debug/pmc_divrem.o
 .xdata         0x000000007028e648       0x7c ../build/x64_Debug/pmc_equals.o
 .xdata         0x000000007028e6c4       0xb0 ../build/x64_Debug/pmc_exclusiveor.o
 .xdata         0x000000007028e774       0x50 ../build/x64_Debug/pmc_from.o
 .xdata         0x000000007028e7c4       0xc0 ../build/x64_Debug/pmc_greatestcommondivisor.o
 .xdata         0x000000007028e884       0x24 ../build/x64_Debug/pmc_initialize.o
 .xdata         0x000000007028e8a8      0x1dc ../build/x64_Debug/pmc_memory.o
 .xdata         0x000000007028ea84       0x78 ../build/x64_Debug/pmc_modpow.o
 .xdata         0x000000007028eafc      0x140 ../build/x64_Debug/pmc_multiply.o
 .xdata         0x000000007028ec3c      0x19c ../build/x64_Debug/pmc_parse.o
 .xdata         0x000000007028edd8       0x54 ../build/x64_Debug/pmc_pow.o
 .xdata         0x000000007028ee2c       0x88 ../build/x64_Debug/pmc_shift.o
 .xdata         0x000000007028eeb4        0x8 ../build/x64_Debug/pmc_statistics.o
 .xdata         0x000000007028eebc       0xc0 ../build/x64_Debug/pmc_subtruct.o
 .xdata         0x000000007028ef7c       0x28 ../build/x64_Debug/pmc_to.o
 .xdata         0x000000007028efa4      0x21c ../build/x64_Debug/pmc_tostring.o
 .xdata         0x000000007028f1c0       0x18 ../build/x64_Debug/TEST_autogenerated_1.o
 .xdata         0x000000007028f1d8        0xc ../build/x64_Debug/TEST_autogenerated_2.o
 .xdata         0x000000007028f1e4       0x58 ../build/x64_Debug/TEST_op_Add.o
 .xdata         0x000000007028f23c       0x58 ../build/x64_Debug/TEST_op_BitwiseAnd.o
 .xdata         0x000000007028f294       0x58 ../build/x64_Debug/TEST_op_BitwiseOr.o
 .xdata         0x000000007028f2ec       0x18 ../build/x64_Debug/TEST_op_Clone.o
 .xdata         0x000000007028f304       0x50 ../build/x64_Debug/TEST_op_Compare.o
 .xdata         0x000000007028f354       0x58 ../build/x64_Debug/TEST_op_DivRem.o
 .xdata         0x000000007028f3ac       0x50 ../build/x64_Debug/TEST_op_Equals.o
 .xdata         0x000000007028f3fc       0x58 ../build/x64_Debug/TEST_op_ExclusiveOr.o
 .xdata         0x000000007028f454       0x48 ../build/x64_Debug/TEST_op_From_To.o
 .xdata         0x000000007028f49c       0x58 ../build/x64_Debug/TEST_op_GreatestCommonDivisor.o
 .xdata         0x000000007028f4f4       0x18 ../build/x64_Debug/TEST_op_ModPow.o
 .xdata         0x000000007028f50c       0x58 ../build/x64_Debug/TEST_op_Multiply.o
 .xdata         0x000000007028f564       0x38 ../build/x64_Debug/TEST_op_ParseDN.o
 .xdata         0x000000007028f59c       0x18 ../build/x64_Debug/TEST_op_ParseX.o
 .xdata         0x000000007028f5b4       0x18 ../build/x64_Debug/TEST_op_Pow.o
 .xdata         0x000000007028f5cc       0x58 ../build/x64_Debug/TEST_op_Remainder.o
 .xdata         0x000000007028f624       0x28 ../build/x64_Debug/TEST_op_Shift.o
 .xdata         0x000000007028f64c       0x58 ../build/x64_Debug/TEST_op_Subtruct.o
 .xdata         0x000000007028f6a4       0x10 ../build/x64_Debug/TEST_op_ToStringC.o
 .xdata         0x000000007028f6b4       0x10 ../build/x64_Debug/TEST_op_ToStringD.o
 .xdata         0x000000007028f6c4       0x10 ../build/x64_Debug/TEST_op_ToStringE.o
 .xdata         0x000000007028f6d4       0x10 ../build/x64_Debug/TEST_op_ToStringF.o
 .xdata         0x000000007028f6e4       0x10 ../build/x64_Debug/TEST_op_ToStringG.o
 .xdata         0x000000007028f6f4       0x10 ../build/x64_Debug/TEST_op_ToStringN.o
 .xdata         0x000000007028f704       0x10 ../build/x64_Debug/TEST_op_ToStringP.o
 .xdata         0x000000007028f714       0x10 ../build/x64_Debug/TEST_op_ToStringR.o
 .xdata         0x000000007028f724       0x10 ../build/x64_Debug/TEST_op_ToStringX.o

.bss            0x0000000070290000    0x245a0
                0x0000000070290000                __bss_start__ = .
 *(.bss)
 .bss           0x0000000070290000        0x0 ../build/x64_Debug/cpuid.o
 .bss           0x0000000070290000      0x420 ../build/x64_Debug/debug.o
                0x0000000070290000                test_total_count
                0x0000000070290004                test_ok_count
                0x0000000070290008                __DEBUG_LOG
 .bss           0x0000000070290420        0x0 ../build/x64_Debug/dllmain.o
 .bss           0x0000000070290420        0x0 ../build/x64_Debug/INTERNALTEST_op_DivRem.o
 .bss           0x0000000070290420        0x0 ../build/x64_Debug/INTERNALTEST_op_Multiply.o
 .bss           0x0000000070290420       0x10 ../build/x64_Debug/pmc_add.o
 .bss           0x0000000070290430        0x0 ../build/x64_Debug/pmc_bitwiseand.o
 .bss           0x0000000070290430        0x0 ../build/x64_Debug/pmc_bitwiseor.o
 .bss           0x0000000070290430        0x0 ../build/x64_Debug/pmc_bytes.o
 .bss           0x0000000070290430        0x0 ../build/x64_Debug/pmc_clone.o
 .bss           0x0000000070290430        0x0 ../build/x64_Debug/pmc_compare.o
 .bss           0x0000000070290430       0x10 ../build/x64_Debug/pmc_divrem.o
 .bss           0x0000000070290440        0x0 ../build/x64_Debug/pmc_equals.o
 .bss           0x0000000070290440        0x0 ../build/x64_Debug/pmc_exclusiveor.o
 .bss           0x0000000070290440        0x0 ../build/x64_Debug/pmc_from.o
 .bss           0x0000000070290440        0x0 ../build/x64_Debug/pmc_greatestcommondivisor.o
 .bss           0x0000000070290440      0x240 ../build/x64_Debug/pmc_initialize.o
 .bss           0x0000000070290680        0x0 ../build/x64_Debug/pmc_memory.o
 .bss           0x0000000070290680        0x0 ../build/x64_Debug/pmc_modpow.o
 .bss           0x0000000070290680       0x20 ../build/x64_Debug/pmc_multiply.o
 .bss           0x00000000702906a0       0xc0 ../build/x64_Debug/pmc_parse.o
 .bss           0x0000000070290760        0x0 ../build/x64_Debug/pmc_pow.o
 .bss           0x0000000070290760        0x0 ../build/x64_Debug/pmc_shift.o
 .bss           0x0000000070290760        0x0 ../build/x64_Debug/pmc_statistics.o
 .bss           0x0000000070290760        0x0 ../build/x64_Debug/pmc_subtruct.o
 .bss           0x0000000070290760        0x0 ../build/x64_Debug/pmc_to.o
 .bss           0x0000000070290760       0xc0 ../build/x64_Debug/pmc_tostring.o
 .bss           0x0000000070290820      0xb60 ../build/x64_Debug/TEST_autogenerated_1.o
 .bss           0x0000000070291380      0xcc0 ../build/x64_Debug/TEST_autogenerated_2.o
 .bss           0x0000000070292040        0x0 ../build/x64_Debug/TEST_op_Add.o
 .bss           0x0000000070292040        0x0 ../build/x64_Debug/TEST_op_BitwiseAnd.o
 .bss           0x0000000070292040        0x0 ../build/x64_Debug/TEST_op_BitwiseOr.o
 .bss           0x0000000070292040        0x0 ../build/x64_Debug/TEST_op_Clone.o
 .bss           0x0000000070292040        0x0 ../build/x64_Debug/TEST_op_Compare.o
 .bss           0x0000000070292040        0x0 ../build/x64_Debug/TEST_op_DivRem.o
 .bss           0x0000000070292040        0x0 ../build/x64_Debug/TEST_op_Equals.o
 .bss           0x0000000070292040        0x0 ../build/x64_Debug/TEST_op_ExclusiveOr.o
 .bss           0x0000000070292040        0x0 ../build/x64_Debug/TEST_op_From_To.o
 .bss           0x0000000070292040        0x0 ../build/x64_Debug/TEST_op_GreatestCommonDivisor.o
 .bss           0x0000000070292040        0x0 ../build/x64_Debug/TEST_op_ModPow.o
 .bss           0x0000000070292040        0x0 ../build/x64_Debug/TEST_op_Multiply.o
 .bss           0x0000000070292040      0x360 ../build/x64_Debug/TEST_op_ParseDN.o
 .bss           0x00000000702923a0      0x120 ../build/x64_Debug/TEST_op_ParseX.o
 .bss           0x00000000702924c0    0x10000 ../build/x64_Debug/TEST_op_Pow.o
 .bss           0x00000000702a24c0        0x0 ../build/x64_Debug/TEST_op_Remainder.o
 .bss           0x00000000702a24c0        0x0 ../build/x64_Debug/TEST_op_Shift.o
 .bss           0x00000000702a24c0        0x0 ../build/x64_Debug/TEST_op_Subtruct.o
 .bss           0x00000000702a24c0     0x2000 ../build/x64_Debug/TEST_op_ToStringC.o
 .bss           0x00000000702a44c0     0x2000 ../build/x64_Debug/TEST_op_ToStringD.o
 .bss           0x00000000702a64c0     0x2000 ../build/x64_Debug/TEST_op_ToStringE.o
 .bss           0x00000000702a84c0     0x2000 ../build/x64_Debug/TEST_op_ToStringF.o
 .bss           0x00000000702aa4c0     0x2000 ../build/x64_Debug/TEST_op_ToStringG.o
 .bss           0x00000000702ac4c0     0x2000 ../build/x64_Debug/TEST_op_ToStringN.o
 .bss           0x00000000702ae4c0     0x2000 ../build/x64_Debug/TEST_op_ToStringP.o
 .bss           0x00000000702b04c0     0x2000 ../build/x64_Debug/TEST_op_ToStringR.o
 .bss           0x00000000702b24c0     0x2000 ../build/x64_Debug/TEST_op_ToStringX.o
 .bss           0x00000000702b44c0        0x0 C:/GNU/MINGW64/x86_64-8.1.0-win32-seh-rt_v6-rev0/mingw64/bin/../lib/gcc/x86_64-w64-mingw32/8.1.0/../../../../x86_64-w64-mingw32/lib/../lib/libkernel32.a(dqifs01555.o)
 .bss           0x00000000702b44c0        0x0 C:/GNU/MINGW64/x86_64-8.1.0-win32-seh-rt_v6-rev0/mingw64/bin/../lib/gcc/x86_64-w64-mingw32/8.1.0/../../../../x86_64-w64-mingw32/lib/../lib/libkernel32.a(dqifs01549.o)
 .bss           0x00000000702b44c0        0x0 C:/GNU/MINGW64/x86_64-8.1.0-win32-seh-rt_v6-rev0/mingw64/bin/../lib/gcc/x86_64-w64-mingw32/8.1.0/../../../../x86_64-w64-mingw32/lib/../lib/libkernel32.a(dqifs01543.o)
 .bss           0x00000000702b44c0        0x0 C:/GNU/MINGW64/x86_64-8.1.0-win32-seh-rt_v6-rev0/mingw64/bin/../lib/gcc/x86_64-w64-mingw32/8.1.0/../../../../x86_64-w64-mingw32/lib/../lib/libkernel32.a(dqifs01540.o)
 .bss           0x00000000702b44c0        0x0 C:/GNU/MINGW64/x86_64-8.1.0-win32-seh-rt_v6-rev0/mingw64/bin/../lib/gcc/x86_64-w64-mingw32/8.1.0/../../../../x86_64-w64-mingw32/lib/../lib/libkernel32.a(dqifs00841.o)
 .bss           0x00000000702b44c0        0x0 C:/GNU/MINGW64/x86_64-8.1.0-win32-seh-rt_v6-rev0/mingw64/bin/../lib/gcc/x86_64-w64-mingw32/8.1.0/../../../../x86_64-w64-mingw32/lib/../lib/libkernel32.a(dqifs00839.o)
 .bss           0x00000000702b44c0        0x0 C:/GNU/MINGW64/x86_64-8.1.0-win32-seh-rt_v6-rev0/mingw64/bin/../lib/gcc/x86_64-w64-mingw32/8.1.0/../../../../x86_64-w64-mingw32/lib/../lib/libkernel32.a(dqifs00837.o)
 .bss           0x00000000702b44c0        0x0 C:/GNU/MINGW64/x86_64-8.1.0-win32-seh-rt_v6-rev0/mingw64/bin/../lib/gcc/x86_64-w64-mingw32/8.1.0/../../../../x86_64-w64-mingw32/lib/../lib/libkernel32.a(dqifs00835.o)
 .bss           0x00000000702b44c0        0x0 C:/GNU/MINGW64/x86_64-8.1.0-win32-seh-rt_v6-rev0/mingw64/bin/../lib/gcc/x86_64-w64-mingw32/8.1.0/../../../../x86_64-w64-mingw32/lib/../lib/libkernel32.a(dqifs00774.o)
 .bss           0x00000000702b44c0        0x0 C:/GNU/MINGW64/x86_64-8.1.0-win32-seh-rt_v6-rev0/mingw64/bin/../lib/gcc/x86_64-w64-mingw32/8.1.0/../../../../x86_64-w64-mingw32/lib/../lib/libkernel32.a(dqifh.o)
 .bss           0x00000000702b44c0        0x0 C:/GNU/MINGW64/x86_64-8.1.0-win32-seh-rt_v6-rev0/mingw64/bin/../lib/gcc/x86_64-w64-mingw32/8.1.0/../../../../x86_64-w64-mingw32/lib/../lib/libkernel32.a(dqift.o)
 .bss           0x00000000702b44c0        0x0 C:/GNU/MINGW64/x86_64-8.1.0-win32-seh-rt_v6-rev0/mingw64/bin/../lib/gcc/x86_64-w64-mingw32/8.1.0/../../../../x86_64-w64-mingw32/lib/../lib/libuser32.a(dyqes00958.o)
 .bss           0x00000000702b44c0        0x0 C:/GNU/MINGW64/x86_64-8.1.0-win32-seh-rt_v6-rev0/mingw64/bin/../lib/gcc/x86_64-w64-mingw32/8.1.0/../../../../x86_64-w64-mingw32/lib/../lib/libuser32.a(dyqeh.o)
 .bss           0x00000000702b44c0        0x0 C:/GNU/MINGW64/x86_64-8.1.0-win32-seh-rt_v6-rev0/mingw64/bin/../lib/gcc/x86_64-w64-mingw32/8.1.0/../../../../x86_64-w64-mingw32/lib/../lib/libuser32.a(dyqet.o)
 *(COMMON)
 COMMON         0x00000000702b44c0        0x4 ../build/x64_Debug/pmc_initialize.o
                0x00000000702b44c0                configuration_info
 *fill*         0x00000000702b44c4       0x1c 
 COMMON         0x00000000702b44e0       0xb0 ../build/x64_Debug/pmc_memory.o
                0x00000000702b44e0                number_one
                0x00000000702b4540                number_zero
                0x00000000702b4588                hLocalHeap
 COMMON         0x00000000702b4590       0x10 ../build/x64_Debug/pmc_statistics.o
                0x00000000702b4590                statistics_info
                0x00000000702b45a0                __bss_end__ = .

.edata          0x00000000702b5000      0x200
 *(.edata)
 .edata         0x00000000702b5000       0x74 dll stuff

/DISCARD/
 *(.debug$S)
 *(.debug$T)
 *(.debug$F)
 *(.drectve)
 *(.note.GNU-stack)
 *(.gnu.lto_*)

.idata          0x00000000702b6000      0x200
 SORT_BY_NAME(*)(.idata$2)
 .idata$2       0x00000000702b6000       0x14 C:/GNU/MINGW64/x86_64-8.1.0-win32-seh-rt_v6-rev0/mingw64/bin/../lib/gcc/x86_64-w64-mingw32/8.1.0/../../../../x86_64-w64-mingw32/lib/../lib/libkernel32.a(dqifh.o)
                0x00000000702b6000                _head_lib64_libkernel32_a
 .idata$2       0x00000000702b6014       0x14 C:/GNU/MINGW64/x86_64-8.1.0-win32-seh-rt_v6-rev0/mingw64/bin/../lib/gcc/x86_64-w64-mingw32/8.1.0/../../../../x86_64-w64-mingw32/lib/../lib/libuser32.a(dyqeh.o)
                0x00000000702b6014                _head_lib64_libuser32_a
 SORT_BY_NAME(*)(.idata$3)
                0x00000000702b6028        0x4 LONG 0x0
                0x00000000702b602c        0x4 LONG 0x0
                0x00000000702b6030        0x4 LONG 0x0
                0x00000000702b6034        0x4 LONG 0x0
                0x00000000702b6038        0x4 LONG 0x0
 SORT_BY_NAME(*)(.idata$4)
 .idata$4       0x00000000702b603c        0x0 C:/GNU/MINGW64/x86_64-8.1.0-win32-seh-rt_v6-rev0/mingw64/bin/../lib/gcc/x86_64-w64-mingw32/8.1.0/../../../../x86_64-w64-mingw32/lib/../lib/libkernel32.a(dqifh.o)
 .idata$4       0x00000000702b603c        0x8 C:/GNU/MINGW64/x86_64-8.1.0-win32-seh-rt_v6-rev0/mingw64/bin/../lib/gcc/x86_64-w64-mingw32/8.1.0/../../../../x86_64-w64-mingw32/lib/../lib/libkernel32.a(dqifs00774.o)
 .idata$4       0x00000000702b6044        0x8 C:/GNU/MINGW64/x86_64-8.1.0-win32-seh-rt_v6-rev0/mingw64/bin/../lib/gcc/x86_64-w64-mingw32/8.1.0/../../../../x86_64-w64-mingw32/lib/../lib/libkernel32.a(dqifs00835.o)
 .idata$4       0x00000000702b604c        0x8 C:/GNU/MINGW64/x86_64-8.1.0-win32-seh-rt_v6-rev0/mingw64/bin/../lib/gcc/x86_64-w64-mingw32/8.1.0/../../../../x86_64-w64-mingw32/lib/../lib/libkernel32.a(dqifs00837.o)
 .idata$4       0x00000000702b6054        0x8 C:/GNU/MINGW64/x86_64-8.1.0-win32-seh-rt_v6-rev0/mingw64/bin/../lib/gcc/x86_64-w64-mingw32/8.1.0/../../../../x86_64-w64-mingw32/lib/../lib/libkernel32.a(dqifs00839.o)
 .idata$4       0x00000000702b605c        0x8 C:/GNU/MINGW64/x86_64-8.1.0-win32-seh-rt_v6-rev0/mingw64/bin/../lib/gcc/x86_64-w64-mingw32/8.1.0/../../../../x86_64-w64-mingw32/lib/../lib/libkernel32.a(dqifs00841.o)
 .idata$4       0x00000000702b6064        0x8 C:/GNU/MINGW64/x86_64-8.1.0-win32-seh-rt_v6-rev0/mingw64/bin/../lib/gcc/x86_64-w64-mingw32/8.1.0/../../../../x86_64-w64-mingw32/lib/../lib/libkernel32.a(dqifs01540.o)
 .idata$4       0x00000000702b606c        0x8 C:/GNU/MINGW64/x86_64-8.1.0-win32-seh-rt_v6-rev0/mingw64/bin/../lib/gcc/x86_64-w64-mingw32/8.1.0/../../../../x86_64-w64-mingw32/lib/../lib/libkernel32.a(dqifs01543.o)
 .idata$4       0x00000000702b6074        0x8 C:/GNU/MINGW64/x86_64-8.1.0-win32-seh-rt_v6-rev0/mingw64/bin/../lib/gcc/x86_64-w64-mingw32/8.1.0/../../../../x86_64-w64-mingw32/lib/../lib/libkernel32.a(dqifs01549.o)
 .idata$4       0x00000000702b607c        0x8 C:/GNU/MINGW64/x86_64-8.1.0-win32-seh-rt_v6-rev0/mingw64/bin/../lib/gcc/x86_64-w64-mingw32/8.1.0/../../../../x86_64-w64-mingw32/lib/../lib/libkernel32.a(dqifs01555.o)
 .idata$4       0x00000000702b6084        0x8 C:/GNU/MINGW64/x86_64-8.1.0-win32-seh-rt_v6-rev0/mingw64/bin/../lib/gcc/x86_64-w64-mingw32/8.1.0/../../../../x86_64-w64-mingw32/lib/../lib/libkernel32.a(dqift.o)
 .idata$4       0x00000000702b608c        0x0 C:/GNU/MINGW64/x86_64-8.1.0-win32-seh-rt_v6-rev0/mingw64/bin/../lib/gcc/x86_64-w64-mingw32/8.1.0/../../../../x86_64-w64-mingw32/lib/../lib/libuser32.a(dyqeh.o)
 .idata$4       0x00000000702b608c        0x8 C:/GNU/MINGW64/x86_64-8.1.0-win32-seh-rt_v6-rev0/mingw64/bin/../lib/gcc/x86_64-w64-mingw32/8.1.0/../../../../x86_64-w64-mingw32/lib/../lib/libuser32.a(dyqes00958.o)
 .idata$4       0x00000000702b6094        0x8 C:/GNU/MINGW64/x86_64-8.1.0-win32-seh-rt_v6-rev0/mingw64/bin/../lib/gcc/x86_64-w64-mingw32/8.1.0/../../../../x86_64-w64-mingw32/lib/../lib/libuser32.a(dyqet.o)
                0x00000000702b609c                __IAT_start__ = .
 SORT_BY_NAME(*)(.idata$5)
 .idata$5       0x00000000702b609c        0x0 C:/GNU/MINGW64/x86_64-8.1.0-win32-seh-rt_v6-rev0/mingw64/bin/../lib/gcc/x86_64-w64-mingw32/8.1.0/../../../../x86_64-w64-mingw32/lib/../lib/libkernel32.a(dqifh.o)
 .idata$5       0x00000000702b609c        0x8 C:/GNU/MINGW64/x86_64-8.1.0-win32-seh-rt_v6-rev0/mingw64/bin/../lib/gcc/x86_64-w64-mingw32/8.1.0/../../../../x86_64-w64-mingw32/lib/../lib/libkernel32.a(dqifs00774.o)
                0x00000000702b609c                __imp_GetTickCount
 .idata$5       0x00000000702b60a4        0x8 C:/GNU/MINGW64/x86_64-8.1.0-win32-seh-rt_v6-rev0/mingw64/bin/../lib/gcc/x86_64-w64-mingw32/8.1.0/../../../../x86_64-w64-mingw32/lib/../lib/libkernel32.a(dqifs00835.o)
                0x00000000702b60a4                __imp_HeapAlloc
 .idata$5       0x00000000702b60ac        0x8 C:/GNU/MINGW64/x86_64-8.1.0-win32-seh-rt_v6-rev0/mingw64/bin/../lib/gcc/x86_64-w64-mingw32/8.1.0/../../../../x86_64-w64-mingw32/lib/../lib/libkernel32.a(dqifs00837.o)
                0x00000000702b60ac                __imp_HeapCreate
 .idata$5       0x00000000702b60b4        0x8 C:/GNU/MINGW64/x86_64-8.1.0-win32-seh-rt_v6-rev0/mingw64/bin/../lib/gcc/x86_64-w64-mingw32/8.1.0/../../../../x86_64-w64-mingw32/lib/../lib/libkernel32.a(dqifs00839.o)
                0x00000000702b60b4                __imp_HeapDestroy
 .idata$5       0x00000000702b60bc        0x8 C:/GNU/MINGW64/x86_64-8.1.0-win32-seh-rt_v6-rev0/mingw64/bin/../lib/gcc/x86_64-w64-mingw32/8.1.0/../../../../x86_64-w64-mingw32/lib/../lib/libkernel32.a(dqifs00841.o)
                0x00000000702b60bc                __imp_HeapFree
 .idata$5       0x00000000702b60c4        0x8 C:/GNU/MINGW64/x86_64-8.1.0-win32-seh-rt_v6-rev0/mingw64/bin/../lib/gcc/x86_64-w64-mingw32/8.1.0/../../../../x86_64-w64-mingw32/lib/../lib/libkernel32.a(dqifs01540.o)
                0x00000000702b60c4                __imp_lstrcatW
 .idata$5       0x00000000702b60cc        0x8 C:/GNU/MINGW64/x86_64-8.1.0-win32-seh-rt_v6-rev0/mingw64/bin/../lib/gcc/x86_64-w64-mingw32/8.1.0/../../../../x86_64-w64-mingw32/lib/../lib/libkernel32.a(dqifs01543.o)
                0x00000000702b60cc                __imp_lstrcmpW
 .idata$5       0x00000000702b60d4        0x8 C:/GNU/MINGW64/x86_64-8.1.0-win32-seh-rt_v6-rev0/mingw64/bin/../lib/gcc/x86_64-w64-mingw32/8.1.0/../../../../x86_64-w64-mingw32/lib/../lib/libkernel32.a(dqifs01549.o)
                0x00000000702b60d4                __imp_lstrcpyW
 .idata$5       0x00000000702b60dc        0x8 C:/GNU/MINGW64/x86_64-8.1.0-win32-seh-rt_v6-rev0/mingw64/bin/../lib/gcc/x86_64-w64-mingw32/8.1.0/../../../../x86_64-w64-mingw32/lib/../lib/libkernel32.a(dqifs01555.o)
                0x00000000702b60dc                __imp_lstrlenW
 .idata$5       0x00000000702b60e4        0x8 C:/GNU/MINGW64/x86_64-8.1.0-win32-seh-rt_v6-rev0/mingw64/bin/../lib/gcc/x86_64-w64-mingw32/8.1.0/../../../../x86_64-w64-mingw32/lib/../lib/libkernel32.a(dqift.o)
 .idata$5       0x00000000702b60ec        0x0 C:/GNU/MINGW64/x86_64-8.1.0-win32-seh-rt_v6-rev0/mingw64/bin/../lib/gcc/x86_64-w64-mingw32/8.1.0/../../../../x86_64-w64-mingw32/lib/../lib/libuser32.a(dyqeh.o)
 .idata$5       0x00000000702b60ec        0x8 C:/GNU/MINGW64/x86_64-8.1.0-win32-seh-rt_v6-rev0/mingw64/bin/../lib/gcc/x86_64-w64-mingw32/8.1.0/../../../../x86_64-w64-mingw32/lib/../lib/libuser32.a(dyqes00958.o)
                0x00000000702b60ec                __imp_wsprintfW
 .idata$5       0x00000000702b60f4        0x8 C:/GNU/MINGW64/x86_64-8.1.0-win32-seh-rt_v6-rev0/mingw64/bin/../lib/gcc/x86_64-w64-mingw32/8.1.0/../../../../x86_64-w64-mingw32/lib/../lib/libuser32.a(dyqet.o)
                0x00000000702b60fc                __IAT_end__ = .
 SORT_BY_NAME(*)(.idata$6)
 .idata$6       0x00000000702b60fc       0x10 C:/GNU/MINGW64/x86_64-8.1.0-win32-seh-rt_v6-rev0/mingw64/bin/../lib/gcc/x86_64-w64-mingw32/8.1.0/../../../../x86_64-w64-mingw32/lib/../lib/libkernel32.a(dqifs00774.o)
 .idata$6       0x00000000702b610c        0xc C:/GNU/MINGW64/x86_64-8.1.0-win32-seh-rt_v6-rev0/mingw64/bin/../lib/gcc/x86_64-w64-mingw32/8.1.0/../../../../x86_64-w64-mingw32/lib/../lib/libkernel32.a(dqifs00835.o)
 .idata$6       0x00000000702b6118        0xe C:/GNU/MINGW64/x86_64-8.1.0-win32-seh-rt_v6-rev0/mingw64/bin/../lib/gcc/x86_64-w64-mingw32/8.1.0/../../../../x86_64-w64-mingw32/lib/../lib/libkernel32.a(dqifs00837.o)
 .idata$6       0x00000000702b6126        0xe C:/GNU/MINGW64/x86_64-8.1.0-win32-seh-rt_v6-rev0/mingw64/bin/../lib/gcc/x86_64-w64-mingw32/8.1.0/../../../../x86_64-w64-mingw32/lib/../lib/libkernel32.a(dqifs00839.o)
 .idata$6       0x00000000702b6134        0xc C:/GNU/MINGW64/x86_64-8.1.0-win32-seh-rt_v6-rev0/mingw64/bin/../lib/gcc/x86_64-w64-mingw32/8.1.0/../../../../x86_64-w64-mingw32/lib/../lib/libkernel32.a(dqifs00841.o)
 .idata$6       0x00000000702b6140        0xc C:/GNU/MINGW64/x86_64-8.1.0-win32-seh-rt_v6-rev0/mingw64/bin/../lib/gcc/x86_64-w64-mingw32/8.1.0/../../../../x86_64-w64-mingw32/lib/../lib/libkernel32.a(dqifs01540.o)
 .idata$6       0x00000000702b614c        0xc C:/GNU/MINGW64/x86_64-8.1.0-win32-seh-rt_v6-rev0/mingw64/bin/../lib/gcc/x86_64-w64-mingw32/8.1.0/../../../../x86_64-w64-mingw32/lib/../lib/libkernel32.a(dqifs01543.o)
 .idata$6       0x00000000702b6158        0xc C:/GNU/MINGW64/x86_64-8.1.0-win32-seh-rt_v6-rev0/mingw64/bin/../lib/gcc/x86_64-w64-mingw32/8.1.0/../../../../x86_64-w64-mingw32/lib/../lib/libkernel32.a(dqifs01549.o)
 .idata$6       0x00000000702b6164        0xc C:/GNU/MINGW64/x86_64-8.1.0-win32-seh-rt_v6-rev0/mingw64/bin/../lib/gcc/x86_64-w64-mingw32/8.1.0/../../../../x86_64-w64-mingw32/lib/../lib/libkernel32.a(dqifs01555.o)
 .idata$6       0x00000000702b6170        0xc C:/GNU/MINGW64/x86_64-8.1.0-win32-seh-rt_v6-rev0/mingw64/bin/../lib/gcc/x86_64-w64-mingw32/8.1.0/../../../../x86_64-w64-mingw32/lib/../lib/libuser32.a(dyqes00958.o)
 SORT_BY_NAME(*)(.idata$7)
 .idata$7       0x00000000702b617c        0x4 C:/GNU/MINGW64/x86_64-8.1.0-win32-seh-rt_v6-rev0/mingw64/bin/../lib/gcc/x86_64-w64-mingw32/8.1.0/../../../../x86_64-w64-mingw32/lib/../lib/libkernel32.a(dqifs00774.o)
 .idata$7       0x00000000702b6180        0x4 C:/GNU/MINGW64/x86_64-8.1.0-win32-seh-rt_v6-rev0/mingw64/bin/../lib/gcc/x86_64-w64-mingw32/8.1.0/../../../../x86_64-w64-mingw32/lib/../lib/libkernel32.a(dqifs00835.o)
 .idata$7       0x00000000702b6184        0x4 C:/GNU/MINGW64/x86_64-8.1.0-win32-seh-rt_v6-rev0/mingw64/bin/../lib/gcc/x86_64-w64-mingw32/8.1.0/../../../../x86_64-w64-mingw32/lib/../lib/libkernel32.a(dqifs00837.o)
 .idata$7       0x00000000702b6188        0x4 C:/GNU/MINGW64/x86_64-8.1.0-win32-seh-rt_v6-rev0/mingw64/bin/../lib/gcc/x86_64-w64-mingw32/8.1.0/../../../../x86_64-w64-mingw32/lib/../lib/libkernel32.a(dqifs00839.o)
 .idata$7       0x00000000702b618c        0x4 C:/GNU/MINGW64/x86_64-8.1.0-win32-seh-rt_v6-rev0/mingw64/bin/../lib/gcc/x86_64-w64-mingw32/8.1.0/../../../../x86_64-w64-mingw32/lib/../lib/libkernel32.a(dqifs00841.o)
 .idata$7       0x00000000702b6190        0x4 C:/GNU/MINGW64/x86_64-8.1.0-win32-seh-rt_v6-rev0/mingw64/bin/../lib/gcc/x86_64-w64-mingw32/8.1.0/../../../../x86_64-w64-mingw32/lib/../lib/libkernel32.a(dqifs01540.o)
 .idata$7       0x00000000702b6194        0x4 C:/GNU/MINGW64/x86_64-8.1.0-win32-seh-rt_v6-rev0/mingw64/bin/../lib/gcc/x86_64-w64-mingw32/8.1.0/../../../../x86_64-w64-mingw32/lib/../lib/libkernel32.a(dqifs01543.o)
 .idata$7       0x00000000702b6198        0x4 C:/GNU/MINGW64/x86_64-8.1.0-win32-seh-rt_v6-rev0/mingw64/bin/../lib/gcc/x86_64-w64-mingw32/8.1.0/../../../../x86_64-w64-mingw32/lib/../lib/libkernel32.a(dqifs01549.o)
 .idata$7       0x00000000702b619c        0x4 C:/GNU/MINGW64/x86_64-8.1.0-win32-seh-rt_v6-rev0/mingw64/bin/../lib/gcc/x86_64-w64-mingw32/8.1.0/../../../../x86_64-w64-mingw32/lib/../lib/libkernel32.a(dqifs01555.o)
 .idata$7       0x00000000702b61a0       0x10 C:/GNU/MINGW64/x86_64-8.1.0-win32-seh-rt_v6-rev0/mingw64/bin/../lib/gcc/x86_64-w64-mingw32/8.1.0/../../../../x86_64-w64-mingw32/lib/../lib/libkernel32.a(dqift.o)
                0x00000000702b61a0                __lib64_libkernel32_a_iname
 .idata$7       0x00000000702b61b0        0x4 C:/GNU/MINGW64/x86_64-8.1.0-win32-seh-rt_v6-rev0/mingw64/bin/../lib/gcc/x86_64-w64-mingw32/8.1.0/../../../../x86_64-w64-mingw32/lib/../lib/libuser32.a(dyqes00958.o)
 .idata$7       0x00000000702b61b4        0xc C:/GNU/MINGW64/x86_64-8.1.0-win32-seh-rt_v6-rev0/mingw64/bin/../lib/gcc/x86_64-w64-mingw32/8.1.0/../../../../x86_64-w64-mingw32/lib/../lib/libuser32.a(dyqet.o)
                0x00000000702b61b4                __lib64_libuser32_a_iname

.CRT            0x00000000702b7000        0x0
                0x00000000702b7000                ___crt_xc_start__ = .
 *(SORT_BY_NAME(.CRT$XC*))
                0x00000000702b7000                ___crt_xc_end__ = .
                0x00000000702b7000                ___crt_xi_start__ = .
 *(SORT_BY_NAME(.CRT$XI*))
                0x00000000702b7000                ___crt_xi_end__ = .
                0x00000000702b7000                ___crt_xl_start__ = .
 *(SORT_BY_NAME(.CRT$XL*))
                0x00000000702b7000                ___crt_xp_start__ = .
 *(SORT_BY_NAME(.CRT$XP*))
                0x00000000702b7000                ___crt_xp_end__ = .
                0x00000000702b7000                ___crt_xt_start__ = .
 *(SORT_BY_NAME(.CRT$XT*))
                0x00000000702b7000                ___crt_xt_end__ = .

.tls            0x00000000702b7000        0x0
                0x00000000702b7000                ___tls_start__ = .
 *(.tls$AAA)
 *(.tls)
 *(.tls$)
 *(SORT_BY_NAME(.tls$*))
 *(.tls$ZZZ)
                0x00000000702b7000                ___tls_end__ = .

.endjunk        0x00000000702b7000        0x0
                [!provide]                        PROVIDE (end = .)
                [!provide]                        PROVIDE (_end = .)
                0x00000000702b7000                __end__ = .

.rsrc           0x00000000702b7000      0x400
 *(.rsrc)
 .rsrc          0x00000000702b7000      0x378 ../build/x64_Debug/version.o
 *(.rsrc$*)

.reloc          0x00000000702b8000      0x200
 *(.reloc)
 .reloc         0x00000000702b8000       0xa4 dll stuff

.stab
 *(.stab)

.stabstr
 *(.stabstr)

.debug_aranges  0x00000000702b9000      0xc00
 *(.debug_aranges)
 .debug_aranges
                0x00000000702b9000       0x30 ../build/x64_Debug/cpuid.o
 .debug_aranges
                0x00000000702b9030       0x30 ../build/x64_Debug/debug.o
 .debug_aranges
                0x00000000702b9060       0x30 ../build/x64_Debug/dllmain.o
 .debug_aranges
                0x00000000702b9090       0x30 ../build/x64_Debug/INTERNALTEST_op_DivRem.o
 .debug_aranges
                0x00000000702b90c0       0x30 ../build/x64_Debug/INTERNALTEST_op_Multiply.o
 .debug_aranges
                0x00000000702b90f0       0x30 ../build/x64_Debug/pmc_add.o
 .debug_aranges
                0x00000000702b9120       0x30 ../build/x64_Debug/pmc_bitwiseand.o
 .debug_aranges
                0x00000000702b9150       0x30 ../build/x64_Debug/pmc_bitwiseor.o
 .debug_aranges
                0x00000000702b9180       0x30 ../build/x64_Debug/pmc_bytes.o
 .debug_aranges
                0x00000000702b91b0       0x30 ../build/x64_Debug/pmc_clone.o
 .debug_aranges
                0x00000000702b91e0       0x30 ../build/x64_Debug/pmc_compare.o
 .debug_aranges
                0x00000000702b9210       0x30 ../build/x64_Debug/pmc_divrem.o
 .debug_aranges
                0x00000000702b9240       0x30 ../build/x64_Debug/pmc_equals.o
 .debug_aranges
                0x00000000702b9270       0x30 ../build/x64_Debug/pmc_exclusiveor.o
 .debug_aranges
                0x00000000702b92a0       0x30 ../build/x64_Debug/pmc_from.o
 .debug_aranges
                0x00000000702b92d0       0x30 ../build/x64_Debug/pmc_greatestcommondivisor.o
 .debug_aranges
                0x00000000702b9300       0x30 ../build/x64_Debug/pmc_initialize.o
 .debug_aranges
                0x00000000702b9330       0x30 ../build/x64_Debug/pmc_memory.o
 .debug_aranges
                0x00000000702b9360       0x30 ../build/x64_Debug/pmc_modpow.o
 .debug_aranges
                0x00000000702b9390       0x30 ../build/x64_Debug/pmc_multiply.o
 .debug_aranges
                0x00000000702b93c0       0x30 ../build/x64_Debug/pmc_parse.o
 .debug_aranges
                0x00000000702b93f0       0x30 ../build/x64_Debug/pmc_pow.o
 .debug_aranges
                0x00000000702b9420       0x30 ../build/x64_Debug/pmc_shift.o
 .debug_aranges
                0x00000000702b9450       0x30 ../build/x64_Debug/pmc_statistics.o
 .debug_aranges
                0x00000000702b9480       0x30 ../build/x64_Debug/pmc_subtruct.o
 .debug_aranges
                0x00000000702b94b0       0x30 ../build/x64_Debug/pmc_to.o
 .debug_aranges
                0x00000000702b94e0       0x30 ../build/x64_Debug/pmc_tostring.o
 .debug_aranges
                0x00000000702b9510       0x30 ../build/x64_Debug/TEST_autogenerated_1.o
 .debug_aranges
                0x00000000702b9540       0x30 ../build/x64_Debug/TEST_autogenerated_2.o
 .debug_aranges
                0x00000000702b9570       0x30 ../build/x64_Debug/TEST_op_Add.o
 .debug_aranges
                0x00000000702b95a0       0x30 ../build/x64_Debug/TEST_op_BitwiseAnd.o
 .debug_aranges
                0x00000000702b95d0       0x30 ../build/x64_Debug/TEST_op_BitwiseOr.o
 .debug_aranges
                0x00000000702b9600       0x30 ../build/x64_Debug/TEST_op_Clone.o
 .debug_aranges
                0x00000000702b9630       0x30 ../build/x64_Debug/TEST_op_Compare.o
 .debug_aranges
                0x00000000702b9660       0x30 ../build/x64_Debug/TEST_op_DivRem.o
 .debug_aranges
                0x00000000702b9690       0x30 ../build/x64_Debug/TEST_op_Equals.o
 .debug_aranges
                0x00000000702b96c0       0x30 ../build/x64_Debug/TEST_op_ExclusiveOr.o
 .debug_aranges
                0x00000000702b96f0       0x30 ../build/x64_Debug/TEST_op_From_To.o
 .debug_aranges
                0x00000000702b9720       0x30 ../build/x64_Debug/TEST_op_GreatestCommonDivisor.o
 .debug_aranges
                0x00000000702b9750       0x30 ../build/x64_Debug/TEST_op_ModPow.o
 .debug_aranges
                0x00000000702b9780       0x30 ../build/x64_Debug/TEST_op_Multiply.o
 .debug_aranges
                0x00000000702b97b0       0x30 ../build/x64_Debug/TEST_op_ParseDN.o
 .debug_aranges
                0x00000000702b97e0       0x30 ../build/x64_Debug/TEST_op_ParseX.o
 .debug_aranges
                0x00000000702b9810       0x30 ../build/x64_Debug/TEST_op_Pow.o
 .debug_aranges