Archive member included to satisfy reference by file (symbol)

C:/GNU/MINGW64/x86_64-8.1.0-win32-seh-rt_v6-rev0/mingw64/bin/../lib/gcc/x86_64-w64-mingw32/8.1.0/../../../../x86_64-w64-mingw32/lib/../lib\libkernel32.a(dqifs01555.o)
                              ../build/x64_Debug/pmc_parse.o (__imp_lstrlenW)
C:/GNU/MINGW64/x86_64-8.1.0-win32-seh-rt_v6-rev0/mingw64/bin/../lib/gcc/x86_64-w64-mingw32/8.1.0/../../../../x86_64-w64-mingw32/lib/../lib\libkernel32.a(dqifs01549.o)
                              ../build/x64_Debug/pmc_initialize.o (__imp_lstrcpyW)
C:/GNU/MINGW64/x86_64-8.1.0-win32-seh-rt_v6-rev0/mingw64/bin/../lib/gcc/x86_64-w64-mingw32/8.1.0/../../../../x86_64-w64-mingw32/lib/../lib\libkernel32.a(dqifs01543.o)
                              ../build/x64_Debug/pmc_initialize.o (__imp_lstrcmpW)
C:/GNU/MINGW64/x86_64-8.1.0-win32-seh-rt_v6-rev0/mingw64/bin/../lib/gcc/x86_64-w64-mingw32/8.1.0/../../../../x86_64-w64-mingw32/lib/../lib\libkernel32.a(dqifs01360.o)
                              C:/GNU/MINGW64/x86_64-8.1.0-win32-seh-rt_v6-rev0/mingw64/bin/../lib/gcc/x86_64-w64-mingw32/8.1.0/../../../../x86_64-w64-mingw32/lib/../lib/dllcrt2.o (__imp_Sleep)
C:/GNU/MINGW64/x86_64-8.1.0-win32-seh-rt_v6-rev0/mingw64/bin/../lib/gcc/x86_64-w64-mingw32/8.1.0/../../../../x86_64-w64-mingw32/lib/../lib\libkernel32.a(dqifs00951.o)
                              ../build/x64_Debug/pmc_memory.o (__imp_LeaveCriticalSection)
C:/GNU/MINGW64/x86_64-8.1.0-win32-seh-rt_v6-rev0/mingw64/bin/../lib/gcc/x86_64-w64-mingw32/8.1.0/../../../../x86_64-w64-mingw32/lib/../lib\libkernel32.a(dqifs00863.o)
                              ../build/x64_Debug/pmc_memory.o (__imp_InitializeCriticalSection)
C:/GNU/MINGW64/x86_64-8.1.0-win32-seh-rt_v6-rev0/mingw64/bin/../lib/gcc/x86_64-w64-mingw32/8.1.0/../../../../x86_64-w64-mingw32/lib/../lib\libkernel32.a(dqifs00852.o)
                              ../build/x64_Debug/pmc_memory.o (__imp_HeapWalk)
C:/GNU/MINGW64/x86_64-8.1.0-win32-seh-rt_v6-rev0/mingw64/bin/../lib/gcc/x86_64-w64-mingw32/8.1.0/../../../../x86_64-w64-mingw32/lib/../lib\libkernel32.a(dqifs00849.o)
                              ../build/x64_Debug/pmc_memory.o (__imp_HeapUnlock)
C:/GNU/MINGW64/x86_64-8.1.0-win32-seh-rt_v6-rev0/mingw64/bin/../lib/gcc/x86_64-w64-mingw32/8.1.0/../../../../x86_64-w64-mingw32/lib/../lib\libkernel32.a(dqifs00842.o)
                              ../build/x64_Debug/pmc_memory.o (__imp_HeapLock)
C:/GNU/MINGW64/x86_64-8.1.0-win32-seh-rt_v6-rev0/mingw64/bin/../lib/gcc/x86_64-w64-mingw32/8.1.0/../../../../x86_64-w64-mingw32/lib/../lib\libkernel32.a(dqifs00841.o)
                              ../build/x64_Debug/pmc_memory.o (__imp_HeapFree)
C:/GNU/MINGW64/x86_64-8.1.0-win32-seh-rt_v6-rev0/mingw64/bin/../lib/gcc/x86_64-w64-mingw32/8.1.0/../../../../x86_64-w64-mingw32/lib/../lib\libkernel32.a(dqifs00839.o)
                              ../build/x64_Debug/pmc_memory.o (__imp_HeapDestroy)
C:/GNU/MINGW64/x86_64-8.1.0-win32-seh-rt_v6-rev0/mingw64/bin/../lib/gcc/x86_64-w64-mingw32/8.1.0/../../../../x86_64-w64-mingw32/lib/../lib\libkernel32.a(dqifs00837.o)
                              ../build/x64_Debug/pmc_memory.o (__imp_HeapCreate)
C:/GNU/MINGW64/x86_64-8.1.0-win32-seh-rt_v6-rev0/mingw64/bin/../lib/gcc/x86_64-w64-mingw32/8.1.0/../../../../x86_64-w64-mingw32/lib/../lib\libkernel32.a(dqifs00835.o)
                              ../build/x64_Debug/pmc_memory.o (__imp_HeapAlloc)
C:/GNU/MINGW64/x86_64-8.1.0-win32-seh-rt_v6-rev0/mingw64/bin/../lib/gcc/x86_64-w64-mingw32/8.1.0/../../../../x86_64-w64-mingw32/lib/../lib\libkernel32.a(dqifs00774.o)
                              ../build/x64_Debug/pmc_memory.o (__imp_GetTickCount)
C:/GNU/MINGW64/x86_64-8.1.0-win32-seh-rt_v6-rev0/mingw64/bin/../lib/gcc/x86_64-w64-mingw32/8.1.0/../../../../x86_64-w64-mingw32/lib/../lib\libkernel32.a(dqifs00609.o)
                              ../build/x64_Debug/pmc_memory.o (__imp_GetLastError)
C:/GNU/MINGW64/x86_64-8.1.0-win32-seh-rt_v6-rev0/mingw64/bin/../lib/gcc/x86_64-w64-mingw32/8.1.0/../../../../x86_64-w64-mingw32/lib/../lib\libkernel32.a(dqifs00304.o)
                              ../build/x64_Debug/pmc_memory.o (__imp_EnterCriticalSection)
C:/GNU/MINGW64/x86_64-8.1.0-win32-seh-rt_v6-rev0/mingw64/bin/../lib/gcc/x86_64-w64-mingw32/8.1.0/../../../../x86_64-w64-mingw32/lib/../lib\libkernel32.a(dqifh.o)
                              C:/GNU/MINGW64/x86_64-8.1.0-win32-seh-rt_v6-rev0/mingw64/bin/../lib/gcc/x86_64-w64-mingw32/8.1.0/../../../../x86_64-w64-mingw32/lib/../lib\libkernel32.a(dqifs01555.o) (_head_lib64_libkernel32_a)
C:/GNU/MINGW64/x86_64-8.1.0-win32-seh-rt_v6-rev0/mingw64/bin/../lib/gcc/x86_64-w64-mingw32/8.1.0/../../../../x86_64-w64-mingw32/lib/../lib\libkernel32.a(dqift.o)
                              C:/GNU/MINGW64/x86_64-8.1.0-win32-seh-rt_v6-rev0/mingw64/bin/../lib/gcc/x86_64-w64-mingw32/8.1.0/../../../../x86_64-w64-mingw32/lib/../lib\libkernel32.a(dqifh.o) (__lib64_libkernel32_a_iname)
[...]
Memory Configuration

Name             Origin             Length             Attributes
*default*        0x0000000000000000 0xffffffffffffffff

Linker script and memory map

                0x000000006fbc0000                __image_base__ = 0x6fbc0000
                0x0000000000000000                __dll__ = 0x0
                0x000000006fbc0000                __ImageBase = 0x6fbc0000
                0x0000000000001000                __section_alignment__ = 0x1000
                0x0000000000000200                __file_alignment__ = 0x200
                0x0000000000000004                __major_os_version__ = 0x4
                0x0000000000000000                __minor_os_version__ = 0x0
                0x0000000000000000                __major_image_version__ = 0x0
                0x0000000000000000                __minor_image_version__ = 0x0
                0x0000000000000005                __major_subsystem_version__ = 0x5
                0x0000000000000002                __minor_subsystem_version__ = 0x2
                0x0000000000000002                __subsystem__ = 0x2
                0x0000000000200000                __size_of_stack_reserve__ = 0x200000
                0x0000000000001000                __size_of_stack_commit__ = 0x1000
                0x0000000000100000                __size_of_heap_reserve__ = 0x100000
                0x0000000000001000                __size_of_heap_commit__ = 0x1000
                0x0000000000000000                __loader_flags__ = 0x0
                0x0000000000000000                __dll_characteristics__ = 0x0
LOAD C:/GNU/MINGW64/x86_64-8.1.0-win32-seh-rt_v6-rev0/mingw64/bin/../lib/gcc/x86_64-w64-mingw32/8.1.0/../../../../x86_64-w64-mingw32/lib/../lib/dllcrt2.o
LOAD C:/GNU/MINGW64/x86_64-8.1.0-win32-seh-rt_v6-rev0/mingw64/bin/../lib/gcc/x86_64-w64-mingw32/8.1.0/crtbegin.o
LOAD ../build/x64_Debug/cpuid.o
LOAD ../build/x64_Debug/dllmain.o
LOAD ../build/x64_Debug/pmc_add.o
LOAD ../build/x64_Debug/pmc_bitwiseand.o
LOAD ../build/x64_Debug/pmc_bitwiseor.o
LOAD ../build/x64_Debug/pmc_bytes.o
LOAD ../build/x64_Debug/pmc_compare.o
LOAD ../build/x64_Debug/pmc_divrem.o
LOAD ../build/x64_Debug/pmc_equals.o
LOAD ../build/x64_Debug/pmc_exclusiveor.o
LOAD ../build/x64_Debug/pmc_from.o
LOAD ../build/x64_Debug/pmc_greatestcommondivisor.o
LOAD ../build/x64_Debug/pmc_initialize.o
LOAD ../build/x64_Debug/pmc_interface_csharp.o
LOAD ../build/x64_Debug/pmc_memory.o
LOAD ../build/x64_Debug/pmc_modpow.o
LOAD ../build/x64_Debug/pmc_multiply.o
LOAD ../build/x64_Debug/pmc_parse.o
LOAD ../build/x64_Debug/pmc_pow.o
LOAD ../build/x64_Debug/pmc_shift.o
LOAD ../build/x64_Debug/pmc_statistics.o
LOAD ../build/x64_Debug/pmc_subtruct.o
LOAD ../build/x64_Debug/pmc_to.o
LOAD ../build/x64_Debug/pmc_tostring.o
LOAD ../build/x64_Debug/version.o
LOAD ../Palmtree.Math.Core.Uint.def
LOAD C:/GNU/MINGW64/x86_64-8.1.0-win32-seh-rt_v6-rev0/mingw64/bin/../lib/gcc/x86_64-w64-mingw32/8.1.0/../../../../x86_64-w64-mingw32/lib/../lib\libkernel32.a
LOAD C:/GNU/MINGW64/x86_64-8.1.0-win32-seh-rt_v6-rev0/mingw64/bin/../lib/gcc/x86_64-w64-mingw32/8.1.0/../../../../x86_64-w64-mingw32/lib/../lib\libuser32.a
LOAD C:/GNU/MINGW64/x86_64-8.1.0-win32-seh-rt_v6-rev0/mingw64/bin/../lib/gcc/x86_64-w64-mingw32/8.1.0\libstdc++.a
LOAD C:/GNU/MINGW64/x86_64-8.1.0-win32-seh-rt_v6-rev0/mingw64/bin/../lib/gcc/x86_64-w64-mingw32/8.1.0/../../../../x86_64-w64-mingw32/lib/../lib\libmingw32.a
LOAD C:/GNU/MINGW64/x86_64-8.1.0-win32-seh-rt_v6-rev0/mingw64/bin/../lib/gcc/x86_64-w64-mingw32/8.1.0\libgcc.a
LOAD C:/GNU/MINGW64/x86_64-8.1.0-win32-seh-rt_v6-rev0/mingw64/bin/../lib/gcc/x86_64-w64-mingw32/8.1.0\libgcc_eh.a
LOAD C:/GNU/MINGW64/x86_64-8.1.0-win32-seh-rt_v6-rev0/mingw64/bin/../lib/gcc/x86_64-w64-mingw32/8.1.0/../../../../x86_64-w64-mingw32/lib/../lib\libmoldname.a
LOAD C:/GNU/MINGW64/x86_64-8.1.0-win32-seh-rt_v6-rev0/mingw64/bin/../lib/gcc/x86_64-w64-mingw32/8.1.0/../../../../x86_64-w64-mingw32/lib/../lib\libmingwex.a
LOAD C:/GNU/MINGW64/x86_64-8.1.0-win32-seh-rt_v6-rev0/mingw64/bin/../lib/gcc/x86_64-w64-mingw32/8.1.0/../../../../x86_64-w64-mingw32/lib/../lib\libmsvcrt.a
LOAD C:/GNU/MINGW64/x86_64-8.1.0-win32-seh-rt_v6-rev0/mingw64/bin/../lib/gcc/x86_64-w64-mingw32/8.1.0/../../../../x86_64-w64-mingw32/lib/../lib\libgdi32.a
LOAD C:/GNU/MINGW64/x86_64-8.1.0-win32-seh-rt_v6-rev0/mingw64/bin/../lib/gcc/x86_64-w64-mingw32/8.1.0/../../../../x86_64-w64-mingw32/lib/../lib\libcomdlg32.a
LOAD C:/GNU/MINGW64/x86_64-8.1.0-win32-seh-rt_v6-rev0/mingw64/bin/../lib/gcc/x86_64-w64-mingw32/8.1.0/../../../../x86_64-w64-mingw32/lib/../lib\libadvapi32.a
LOAD C:/GNU/MINGW64/x86_64-8.1.0-win32-seh-rt_v6-rev0/mingw64/bin/../lib/gcc/x86_64-w64-mingw32/8.1.0/../../../../x86_64-w64-mingw32/lib/../lib\libshell32.a
LOAD C:/GNU/MINGW64/x86_64-8.1.0-win32-seh-rt_v6-rev0/mingw64/bin/../lib/gcc/x86_64-w64-mingw32/8.1.0/../../../../x86_64-w64-mingw32/lib/../lib\libuser32.a
LOAD C:/GNU/MINGW64/x86_64-8.1.0-win32-seh-rt_v6-rev0/mingw64/bin/../lib/gcc/x86_64-w64-mingw32/8.1.0/../../../../x86_64-w64-mingw32/lib/../lib\libkernel32.a
LOAD C:/GNU/MINGW64/x86_64-8.1.0-win32-seh-rt_v6-rev0/mingw64/bin/../lib/gcc/x86_64-w64-mingw32/8.1.0/../../../../x86_64-w64-mingw32/lib/../lib\libiconv.a
LOAD C:/GNU/MINGW64/x86_64-8.1.0-win32-seh-rt_v6-rev0/mingw64/bin/../lib/gcc/x86_64-w64-mingw32/8.1.0/../../../../x86_64-w64-mingw32/lib/../lib\libmingw32.a
LOAD C:/GNU/MINGW64/x86_64-8.1.0-win32-seh-rt_v6-rev0/mingw64/bin/../lib/gcc/x86_64-w64-mingw32/8.1.0\libgcc.a
LOAD C:/GNU/MINGW64/x86_64-8.1.0-win32-seh-rt_v6-rev0/mingw64/bin/../lib/gcc/x86_64-w64-mingw32/8.1.0\libgcc_eh.a
LOAD C:/GNU/MINGW64/x86_64-8.1.0-win32-seh-rt_v6-rev0/mingw64/bin/../lib/gcc/x86_64-w64-mingw32/8.1.0/../../../../x86_64-w64-mingw32/lib/../lib\libmoldname.a
LOAD C:/GNU/MINGW64/x86_64-8.1.0-win32-seh-rt_v6-rev0/mingw64/bin/../lib/gcc/x86_64-w64-mingw32/8.1.0/../../../../x86_64-w64-mingw32/lib/../lib\libmingwex.a
LOAD C:/GNU/MINGW64/x86_64-8.1.0-win32-seh-rt_v6-rev0/mingw64/bin/../lib/gcc/x86_64-w64-mingw32/8.1.0/../../../../x86_64-w64-mingw32/lib/../lib\libmsvcrt.a
LOAD C:/GNU/MINGW64/x86_64-8.1.0-win32-seh-rt_v6-rev0/mingw64/bin/../lib/gcc/x86_64-w64-mingw32/8.1.0/crtend.o
                0x00000000000004a8                . = SIZEOF_HEADERS
                0x0000000000001000                . = ALIGN (__section_alignment__)

.text           0x000000006fbc1000    0x36c00
 *(.init)
 *(.text)
 .text          0x000000006fbc1000      0x390 C:/GNU/MINGW64/x86_64-8.1.0-win32-seh-rt_v6-rev0/mingw64/bin/../lib/gcc/x86_64-w64-mingw32/8.1.0/../../../../x86_64-w64-mingw32/lib/../lib/dllcrt2.o
                0x000000006fbc1010                _CRT_INIT
                0x000000006fbc1330                DllMainCRTStartup
                0x000000006fbc1380                atexit
 .text          0x000000006fbc1390       0x20 C:/GNU/MINGW64/x86_64-8.1.0-win32-seh-rt_v6-rev0/mingw64/bin/../lib/gcc/x86_64-w64-mingw32/8.1.0/crtbegin.o
                0x000000006fbc1390                __gcc_register_frame
                0x000000006fbc13a0                __gcc_deregister_frame
 .text          0x000000006fbc13b0      0x350 ../build/x64_Debug/cpuid.o
                0x000000006fbc152d                Palmtree::Math::Core::Internal::GetCPUInfo(Palmtree::Math::Core::Internal::_tag_PROCESSOR_FEATURES*)
 .text          0x000000006fbc1700       0x70 ../build/x64_Debug/dllmain.o
                0x000000006fbc1700                DllMain
 .text          0x000000006fbc1770     0x1bc0 ../build/x64_Debug/pmc_add.o
                0x000000006fbc2b64                Palmtree::Math::Core::Internal::PMC_Add_I_X(unsigned int, Palmtree::Math::Core::Internal::__tag_PMC_HANDLE_UINT*)
                0x000000006fbc2c49                Palmtree::Math::Core::Internal::PMC_Add_X_I(Palmtree::Math::Core::Internal::__tag_PMC_HANDLE_UINT*, unsigned int)
                0x000000006fbc2e88                Palmtree::Math::Core::Internal::PMC_Add_L_X(unsigned long long, Palmtree::Math::Core::Internal::__tag_PMC_HANDLE_UINT*)
                0x000000006fbc2f6f                Palmtree::Math::Core::Internal::PMC_Add_X_L(Palmtree::Math::Core::Internal::__tag_PMC_HANDLE_UINT*, unsigned long long)
                0x000000006fbc3053                Palmtree::Math::Core::Internal::PMC_Add_X_X_Imp(Palmtree::Math::Core::Internal::__tag_NUMBER_HEADER*, Palmtree::Math::Core::Internal::__tag_NUMBER_HEADER*)
                0x000000006fbc31c2                Palmtree::Math::Core::Internal::PMC_Add_X_X(Palmtree::Math::Core::Internal::__tag_PMC_HANDLE_UINT*, Palmtree::Math::Core::Internal::__tag_PMC_HANDLE_UINT*)
                0x000000006fbc32f5                Palmtree::Math::Core::Internal::Initialize_Add(Palmtree::Math::Core::Internal::_tag_PROCESSOR_FEATURES*)
 .text          0x000000006fbc3330      0xf70 ../build/x64_Debug/pmc_bitwiseand.o
                0x000000006fbc3d51                Palmtree::Math::Core::Internal::PMC_BitwiseAnd_I_X(unsigned int, Palmtree::Math::Core::Internal::__tag_PMC_HANDLE_UINT*)
                0x000000006fbc3df5                Palmtree::Math::Core::Internal::PMC_BitwiseAnd_X_I(Palmtree::Math::Core::Internal::__tag_PMC_HANDLE_UINT*, unsigned int)
                0x000000006fbc3e99                Palmtree::Math::Core::Internal::PMC_BitwiseAnd_L_X(unsigned long long, Palmtree::Math::Core::Internal::__tag_PMC_HANDLE_UINT*)
                0x000000006fbc3f40                Palmtree::Math::Core::Internal::PMC_BitwiseAnd_X_L(Palmtree::Math::Core::Internal::__tag_PMC_HANDLE_UINT*, unsigned long long)
                0x000000006fbc4148                Palmtree::Math::Core::Internal::PMC_BitwiseAnd_X_X(Palmtree::Math::Core::Internal::__tag_PMC_HANDLE_UINT*, Palmtree::Math::Core::Internal::__tag_PMC_HANDLE_UINT*)
                0x000000006fbc428e                Palmtree::Math::Core::Internal::Initialize_BitwiseAnd(Palmtree::Math::Core::Internal::_tag_PROCESSOR_FEATURES*)
 .text          0x000000006fbc42a0     0x1530 ../build/x64_Debug/pmc_bitwiseor.o
                0x000000006fbc5018                Palmtree::Math::Core::Internal::PMC_BitwiseOr_I_X(unsigned int, Palmtree::Math::Core::Internal::__tag_PMC_HANDLE_UINT*)
                0x000000006fbc50fd                Palmtree::Math::Core::Internal::PMC_BitwiseOr_X_I(Palmtree::Math::Core::Internal::__tag_PMC_HANDLE_UINT*, unsigned int)
                0x000000006fbc5335                Palmtree::Math::Core::Internal::PMC_BitwiseOr_L_X(unsigned long long, Palmtree::Math::Core::Internal::__tag_PMC_HANDLE_UINT*)
                0x000000006fbc541c                Palmtree::Math::Core::Internal::PMC_BitwiseOr_X_L(Palmtree::Math::Core::Internal::__tag_PMC_HANDLE_UINT*, unsigned long long)
                0x000000006fbc566f                Palmtree::Math::Core::Internal::PMC_BitwiseOr_X_X(Palmtree::Math::Core::Internal::__tag_PMC_HANDLE_UINT*, Palmtree::Math::Core::Internal::__tag_PMC_HANDLE_UINT*)
                0x000000006fbc57b5                Palmtree::Math::Core::Internal::Initialize_BitwiseOr(Palmtree::Math::Core::Internal::_tag_PROCESSOR_FEATURES*)
 .text          0x000000006fbc57d0      0xb10 ../build/x64_Debug/pmc_bytes.o
                0x000000006fbc5b32                Palmtree::Math::Core::Internal::PMC_FromByteArrayForSINT(unsigned char*, unsigned long long, char*)
                0x000000006fbc5e65                Palmtree::Math::Core::Internal::PMC_FromByteArray(unsigned char const*, unsigned long long)
                0x000000006fbc5f40                Palmtree::Math::Core::Internal::PMC_ToByteArrayForSINT(char, Palmtree::Math::Core::Internal::__tag_PMC_HANDLE_UINT*, unsigned char*, unsigned long long)
                0x000000006fbc6194                Palmtree::Math::Core::Internal::PMC_ToByteArray(Palmtree::Math::Core::Internal::__tag_PMC_HANDLE_UINT*, unsigned char*, unsigned long long)
 .text          0x000000006fbc62e0      0x7b0 ../build/x64_Debug/pmc_compare.o
                0x000000006fbc6343                Palmtree::Math::Core::Internal::Compare_Imp(unsigned long long*, unsigned long long*, unsigned long long)
                0x000000006fbc648c                Palmtree::Math::Core::Internal::PMC_Compare_I_X(unsigned int, Palmtree::Math::Core::Internal::__tag_PMC_HANDLE_UINT*)
                0x000000006fbc6561                Palmtree::Math::Core::Internal::PMC_Compare_X_I(Palmtree::Math::Core::Internal::__tag_PMC_HANDLE_UINT*, unsigned int)
                0x000000006fbc6701                Palmtree::Math::Core::Internal::PMC_Compare_L_X(unsigned long long, Palmtree::Math::Core::Internal::__tag_PMC_HANDLE_UINT*)
                0x000000006fbc67d8                Palmtree::Math::Core::Internal::PMC_Compare_X_L(Palmtree::Math::Core::Internal::__tag_PMC_HANDLE_UINT*, unsigned long long)
                0x000000006fbc68aa                Palmtree::Math::Core::Internal::PMC_Compare_X_X(Palmtree::Math::Core::Internal::__tag_PMC_HANDLE_UINT*, Palmtree::Math::Core::Internal::__tag_PMC_HANDLE_UINT*)
                0x000000006fbc6a76                Palmtree::Math::Core::Internal::Initialize_Compare(Palmtree::Math::Core::Internal::_tag_PROCESSOR_FEATURES*)
 .text          0x000000006fbc6a90     0x61c0 ../build/x64_Debug/pmc_divrem.o
                0x000000006fbc78e2                Palmtree::Math::Core::Internal::DivRem_X_X(unsigned long long*, unsigned long long, unsigned long long*, unsigned long long, unsigned long long*, unsigned long long*, unsigned long long*)
                0x000000006fbc7a4d                Palmtree::Math::Core::Internal::Rem_X_1W(unsigned long long*, unsigned long long, unsigned long long)
                0x000000006fbc84b3                Palmtree::Math::Core::Internal::DivRem_X_1W(unsigned long long*, unsigned long long, unsigned long long, unsigned long long*, unsigned long long*)
                0x000000006fbcb852                Palmtree::Math::Core::Internal::PMC_DivRem_I_X(unsigned int, Palmtree::Math::Core::Internal::__tag_PMC_HANDLE_UINT*, unsigned int*)
                0x000000006fbcbc31                Palmtree::Math::Core::Internal::PMC_DivRem_X_I(Palmtree::Math::Core::Internal::__tag_PMC_HANDLE_UINT*, unsigned int, Palmtree::Math::Core::Internal::__tag_PMC_HANDLE_UINT**)
                0x000000006fbcbd55                Palmtree::Math::Core::Internal::PMC_DivRem_L_X(unsigned long long, Palmtree::Math::Core::Internal::__tag_PMC_HANDLE_UINT*, unsigned long long*)
                0x000000006fbcc209                Palmtree::Math::Core::Internal::PMC_DivRem_X_L(Palmtree::Math::Core::Internal::__tag_PMC_HANDLE_UINT*, unsigned long long, Palmtree::Math::Core::Internal::__tag_PMC_HANDLE_UINT**)
                0x000000006fbcc9e8                Palmtree::Math::Core::Internal::PMC_DivRem_X_X(Palmtree::Math::Core::Internal::__tag_PMC_HANDLE_UINT*, Palmtree::Math::Core::Internal::__tag_PMC_HANDLE_UINT*, Palmtree::Math::Core::Internal::__tag_PMC_HANDLE_UINT**)
                0x000000006fbccc07                Palmtree::Math::Core::Internal::Initialize_DivRem(Palmtree::Math::Core::Internal::_tag_PROCESSOR_FEATURES*)
 .text          0x000000006fbccc50      0x6b0 ../build/x64_Debug/pmc_equals.o
                0x000000006fbcce17                Palmtree::Math::Core::Internal::PMC_Equals_I_X(unsigned int, Palmtree::Math::Core::Internal::__tag_PMC_HANDLE_UINT*)
                0x000000006fbccee2                Palmtree::Math::Core::Internal::PMC_Equals_X_I(Palmtree::Math::Core::Internal::__tag_PMC_HANDLE_UINT*, unsigned int)
                0x000000006fbccfa9                Palmtree::Math::Core::Internal::PMC_Equals_L_X(unsigned long long, Palmtree::Math::Core::Internal::__tag_PMC_HANDLE_UINT*)
                0x000000006fbcd076                Palmtree::Math::Core::Internal::PMC_Equals_X_L(Palmtree::Math::Core::Internal::__tag_PMC_HANDLE_UINT*, unsigned long long)
                0x000000006fbcd140                Palmtree::Math::Core::Internal::PMC_Equals_X_X(Palmtree::Math::Core::Internal::__tag_PMC_HANDLE_UINT*, Palmtree::Math::Core::Internal::__tag_PMC_HANDLE_UINT*)
                0x000000006fbcd2e4                Palmtree::Math::Core::Internal::Initialize_Equals(Palmtree::Math::Core::Internal::_tag_PROCESSOR_FEATURES*)
 .text          0x000000006fbcd300     0x15d0 ../build/x64_Debug/pmc_exclusiveor.o
                0x000000006fbce0a4                Palmtree::Math::Core::Internal::PMC_ExclusiveOr_I_X(unsigned int, Palmtree::Math::Core::Internal::__tag_PMC_HANDLE_UINT*)
                0x000000006fbce191                Palmtree::Math::Core::Internal::PMC_ExclusiveOr_X_I(Palmtree::Math::Core::Internal::__tag_PMC_HANDLE_UINT*, unsigned int)
                0x000000006fbce401                Palmtree::Math::Core::Internal::PMC_ExclusiveOr_L_X(unsigned long long, Palmtree::Math::Core::Internal::__tag_PMC_HANDLE_UINT*)
                0x000000006fbce4f0                Palmtree::Math::Core::Internal::PMC_ExclusiveOr_X_L(Palmtree::Math::Core::Internal::__tag_PMC_HANDLE_UINT*, unsigned long long)
                0x000000006fbce77a                Palmtree::Math::Core::Internal::PMC_ExclusiveOr_X_X(Palmtree::Math::Core::Internal::__tag_PMC_HANDLE_UINT*, Palmtree::Math::Core::Internal::__tag_PMC_HANDLE_UINT*)
                0x000000006fbce8c0                Palmtree::Math::Core::Internal::Initialize_ExclusiveOr(Palmtree::Math::Core::Internal::_tag_PROCESSOR_FEATURES*)
 .text          0x000000006fbce8d0      0x300 ../build/x64_Debug/pmc_from.o
                0x000000006fbce933                Palmtree::Math::Core::Internal::From_I_Imp(unsigned int)
                0x000000006fbce9d2                Palmtree::Math::Core::Internal::From_L_Imp(unsigned long long)
                0x000000006fbcea7f                Palmtree::Math::Core::Internal::PMC_From_I(unsigned int)
                0x000000006fbceb1d                Palmtree::Math::Core::Internal::PMC_From_L(unsigned long long)
                0x000000006fbcebbe                Palmtree::Math::Core::Internal::Initialize_From(Palmtree::Math::Core::Internal::_tag_PROCESSOR_FEATURES*)
 .text          0x000000006fbcebd0     0x1360 ../build/x64_Debug/pmc_greatestcommondivisor.o
                0x000000006fbcfa47                Palmtree::Math::Core::Internal::PMC_GreatestCommonDivisor_I_X(unsigned int, Palmtree::Math::Core::Internal::__tag_PMC_HANDLE_UINT*)
                0x000000006fbcfb2c                Palmtree::Math::Core::Internal::PMC_GreatestCommonDivisor_X_I(Palmtree::Math::Core::Internal::__tag_PMC_HANDLE_UINT*, unsigned int)
                0x000000006fbcfc0d                Palmtree::Math::Core::Internal::PMC_GreatestCommonDivisor_L_X(unsigned long long, Palmtree::Math::Core::Internal::__tag_PMC_HANDLE_UINT*)
                0x000000006fbcfcf4                Palmtree::Math::Core::Internal::PMC_GreatestCommonDivisor_X_L(Palmtree::Math::Core::Internal::__tag_PMC_HANDLE_UINT*, unsigned long long)
                0x000000006fbcfdd8                Palmtree::Math::Core::Internal::PMC_GreatestCommonDivisor_X_X(Palmtree::Math::Core::Internal::__tag_PMC_HANDLE_UINT*, Palmtree::Math::Core::Internal::__tag_PMC_HANDLE_UINT*)
                0x000000006fbcff1e                Palmtree::Math::Core::Internal::Initialize_GreatestCommonDivisor(Palmtree::Math::Core::Internal::_tag_PROCESSOR_FEATURES*)
 .text          0x000000006fbcff30      0x9b0 ../build/x64_Debug/pmc_initialize.o
                0x000000006fbcff87                Palmtree::Math::Core::Internal::PMC_GetConfigurationSettings(wchar_t const*, wchar_t*, int, int*)
                0x000000006fbd01a2                PMC_UINT_Initialize
 .text          0x000000006fbd08e0     0x2720 ../build/x64_Debug/pmc_interface_csharp.o
                0x000000006fbd08e0                PMCCS_UINT_Initialize
                0x000000006fbd0912                PMCCS_GetConfigurationSettings
                0x000000006fbd094d                PMCCS_IS_EVEN
                0x000000006fbd0993                PMCCS_IS_ONE
                0x000000006fbd09d8                PMCCS_IS_POWER_OF_TWO
                0x000000006fbd0a1e                PMCCS_IS_ZERO
                0x000000006fbd0a61                PMCCS_GET_HASH_CODE
                0x000000006fbd0a9f                PMCCS_GetStatisticsInfo
                0x000000006fbd0abb                PMCCS_From_I
                0x000000006fbd0b30                PMCCS_From_L
                0x000000006fbd0ba7                PMCCS_Dispose
                0x000000006fbd0c10                PMCCS_GetConstantValue_I
                0x000000006fbd0c85                PMCCS_FromByteArray
                0x000000006fbd0d07                PMCCS_ToByteArray
                0x000000006fbd0dad                PMCCS_Clone_X
                0x000000006fbd0e24                PMCCS_GetAllocatedMemorySize
                0x000000006fbd0e93                PMCCS_To_X_I
                0x000000006fbd0f08                PMCCS_To_X_L
                0x000000006fbd0f7f                PMCCS_ToString
                0x000000006fbd1031                PMCCS_Parse
                0x000000006fbd10e3                PMCCS_TryParse
                0x000000006fbd1182                PMCCS_Add_I_X
                0x000000006fbd1202                PMCCS_Add_L_X
                0x000000006fbd1284                PMCCS_Add_X_I
                0x000000006fbd1303                PMCCS_Add_X_L
                0x000000006fbd1385                PMCCS_Add_X_X
                0x000000006fbd1407                PMCCS_Subtruct_I_X
                0x000000006fbd1485                PMCCS_Subtruct_L_X
                0x000000006fbd1507                PMCCS_Subtruct_X_I
                0x000000006fbd1586                PMCCS_Subtruct_X_L
                0x000000006fbd1608                PMCCS_Subtruct_X_X
                0x000000006fbd168a                PMCCS_Multiply_I_X
                0x000000006fbd170a                PMCCS_Multiply_L_X
                0x000000006fbd178c                PMCCS_Multiply_X_I
                0x000000006fbd180b                PMCCS_Multiply_X_L
                0x000000006fbd188d                PMCCS_Multiply_X_X
                0x000000006fbd190f                PMCCS_DivRem_I_X
                0x000000006fbd1998                PMCCS_DivRem_L_X
                0x000000006fbd1a25                PMCCS_DivRem_X_I
                0x000000006fbd1aad                PMCCS_DivRem_X_L
                0x000000006fbd1b3a                PMCCS_DivRem_X_X
                0x000000006fbd1bc7                PMCCS_Remainder_I_X
                0x000000006fbd1c4b                PMCCS_Remainder_L_X
                0x000000006fbd1cd3                PMCCS_Remainder_X_I
                0x000000006fbd1d56                PMCCS_Remainder_X_L
                0x000000006fbd1dde                PMCCS_Remainder_X_X
                0x000000006fbd1e66                PMCCS_RightShift_X_I
                0x000000006fbd1ee5                PMCCS_LeftShift_X_I
                0x000000006fbd1f64                PMCCS_BitwiseAnd_I_X
                0x000000006fbd1fe2                PMCCS_BitwiseAnd_L_X
                0x000000006fbd2064                PMCCS_BitwiseAnd_X_I
                0x000000006fbd20e1                PMCCS_BitwiseAnd_X_L
                0x000000006fbd2163                PMCCS_BitwiseAnd_X_X
                0x000000006fbd21e5                PMCCS_BitwiseOr_I_X
                0x000000006fbd2265                PMCCS_BitwiseOr_L_X
                0x000000006fbd22e7                PMCCS_BitwiseOr_X_I
                0x000000006fbd2366                PMCCS_BitwiseOr_X_L
                0x000000006fbd23e8                PMCCS_BitwiseOr_X_X
                0x000000006fbd246a                PMCCS_ExclusiveOr_I_X
                0x000000006fbd24ea                PMCCS_ExclusiveOr_L_X
                0x000000006fbd256c                PMCCS_ExclusiveOr_X_I
                0x000000006fbd25eb                PMCCS_ExclusiveOr_X_L
                0x000000006fbd266d                PMCCS_ExclusiveOr_X_X
                0x000000006fbd26ef                PMCCS_Compare_I_X
                0x000000006fbd276d                PMCCS_Compare_L_X
                0x000000006fbd27ed                PMCCS_Compare_X_I
                0x000000006fbd286a                PMCCS_Compare_X_L
                0x000000006fbd28ea                PMCCS_Compare_X_X
                0x000000006fbd296a                PMCCS_Equals_I_X
                0x000000006fbd29e8                PMCCS_Equals_L_X
                0x000000006fbd2a68                PMCCS_Equals_X_I
                0x000000006fbd2ae5                PMCCS_Equals_X_L
                0x000000006fbd2b65                PMCCS_Equals_X_X
                0x000000006fbd2be5                PMCCS_GreatestCommonDivisor_I_X
                0x000000006fbd2c65                PMCCS_GreatestCommonDivisor_L_X
                0x000000006fbd2ce7                PMCCS_GreatestCommonDivisor_X_I
                0x000000006fbd2d66                PMCCS_GreatestCommonDivisor_X_L
                0x000000006fbd2de8                PMCCS_GreatestCommonDivisor_X_X
                0x000000006fbd2e6a                PMCCS_Pow_X_I
                0x000000006fbd2ee9                PMCCS_Pow_X_L
                0x000000006fbd2f6b                PMCCS_ModPow_X_X_X
 .text          0x000000006fbd3000     0x3330 ../build/x64_Debug/pmc_memory.o
                0x000000006fbd442d                Palmtree::Math::Core::Internal::CommitNumber(Palmtree::Math::Core::Internal::__tag_NUMBER_HEADER*)
                0x000000006fbd4673                Palmtree::Math::Core::Internal::CheckNumber(Palmtree::Math::Core::Internal::__tag_NUMBER_HEADER*)
                0x000000006fbd4797                Palmtree::Math::Core::Internal::DuplicateNumber(Palmtree::Math::Core::Internal::__tag_NUMBER_HEADER*)
                0x000000006fbd4825                Palmtree::Math::Core::Internal::PMC_GetConstantValue_I(int)
                0x000000006fbd4892                Palmtree::Math::Core::Internal::PMC_Dispose(Palmtree::Math::Core::Internal::__tag_PMC_HANDLE_UINT*)
                0x000000006fbd48c5                Palmtree::Math::Core::Internal::PMC_Clone_X(Palmtree::Math::Core::Internal::__tag_PMC_HANDLE_UINT*)
                0x000000006fbd49c8                Palmtree::Math::Core::Internal::Lock::Lock()
                0x000000006fbd49c8                Palmtree::Math::Core::Internal::Lock::Lock()
                0x000000006fbd49ec                Palmtree::Math::Core::Internal::Lock::~Lock()
                0x000000006fbd49ec                Palmtree::Math::Core::Internal::Lock::~Lock()
                0x000000006fbd4a10                Palmtree::Math::Core::Internal::ResourceHolderUINT::__GenericChainBufferTag::__GenericChainBufferTag(void*)
                0x000000006fbd4a10                Palmtree::Math::Core::Internal::ResourceHolderUINT::__GenericChainBufferTag::__GenericChainBufferTag(void*)
                0x000000006fbd4a4e                Palmtree::Math::Core::Internal::ResourceHolderUINT::__GenericChainBufferTag::~__GenericChainBufferTag()
                0x000000006fbd4a4e                Palmtree::Math::Core::Internal::ResourceHolderUINT::__GenericChainBufferTag::~__GenericChainBufferTag()
                0x000000006fbd4a7c                Palmtree::Math::Core::Internal::ResourceHolderUINT::__GenericChainBufferTag::~__GenericChainBufferTag()
                0x000000006fbd4aa6                Palmtree::Math::Core::Internal::ResourceHolderUINT::__GenericChainBufferTag::EqualsBufferAddress(void*)
                0x000000006fbd4ac6                Palmtree::Math::Core::Internal::ResourceHolderUINT::__GenericChainBufferTag::Destruct()
                0x000000006fbd4afc                Palmtree::Math::Core::Internal::ResourceHolderUINT::____UNIT_TYPE_Array_ChainBufferTag::____UNIT_TYPE_Array_ChainBufferTag(unsigned long long*, unsigned long long, unsigned long long)
                0x000000006fbd4afc                Palmtree::Math::Core::Internal::ResourceHolderUINT::____UNIT_TYPE_Array_ChainBufferTag::____UNIT_TYPE_Array_ChainBufferTag(unsigned long long*, unsigned long long, unsigned long long)
                0x000000006fbd4b5a                Palmtree::Math::Core::Internal::ResourceHolderUINT::____UNIT_TYPE_Array_ChainBufferTag::~____UNIT_TYPE_Array_ChainBufferTag()
                0x000000006fbd4b5a                Palmtree::Math::Core::Internal::ResourceHolderUINT::____UNIT_TYPE_Array_ChainBufferTag::~____UNIT_TYPE_Array_ChainBufferTag()
                0x000000006fbd4b88                Palmtree::Math::Core::Internal::ResourceHolderUINT::____UNIT_TYPE_Array_ChainBufferTag::~____UNIT_TYPE_Array_ChainBufferTag()
                0x000000006fbd4bb2                Palmtree::Math::Core::Internal::ResourceHolderUINT::____UNIT_TYPE_Array_ChainBufferTag::EqualsBufferAddress(void*)
                0x000000006fbd4bd2                Palmtree::Math::Core::Internal::ResourceHolderUINT::____UNIT_TYPE_Array_ChainBufferTag::Clear()
                0x000000006fbd4bfe                Palmtree::Math::Core::Internal::ResourceHolderUINT::____UNIT_TYPE_Array_ChainBufferTag::Check()
                0x000000006fbd4c34                Palmtree::Math::Core::Internal::ResourceHolderUINT::____UNIT_TYPE_Array_ChainBufferTag::Destruct()
                0x000000006fbd4c6a                Palmtree::Math::Core::Internal::ResourceHolderUINT::__StringChainBufferTag::__StringChainBufferTag(unsigned long long*, unsigned long long, unsigned long long)
                0x000000006fbd4c6a                Palmtree::Math::Core::Internal::ResourceHolderUINT::__StringChainBufferTag::__StringChainBufferTag(unsigned long long*, unsigned long long, unsigned long long)
                0x000000006fbd4cc8                Palmtree::Math::Core::Internal::ResourceHolderUINT::__StringChainBufferTag::~__StringChainBufferTag()
                0x000000006fbd4cc8                Palmtree::Math::Core::Internal::ResourceHolderUINT::__StringChainBufferTag::~__StringChainBufferTag()
                0x000000006fbd4cf6                Palmtree::Math::Core::Internal::ResourceHolderUINT::__StringChainBufferTag::~__StringChainBufferTag()
                0x000000006fbd4d20                Palmtree::Math::Core::Internal::ResourceHolderUINT::__StringChainBufferTag::EqualsBufferAddress(void*)
                0x000000006fbd4d40                Palmtree::Math::Core::Internal::ResourceHolderUINT::__StringChainBufferTag::Clear()
                0x000000006fbd4d6c                Palmtree::Math::Core::Internal::ResourceHolderUINT::__StringChainBufferTag::Check()
                0x000000006fbd4da2                Palmtree::Math::Core::Internal::ResourceHolderUINT::__StringChainBufferTag::Destruct()
                0x000000006fbd4dd8                Palmtree::Math::Core::Internal::ResourceHolderUINT::__DynamicNumberChainBufferTag::__DynamicNumberChainBufferTag(Palmtree::Math::Core::Internal::__tag_NUMBER_HEADER*)
                0x000000006fbd4dd8                Palmtree::Math::Core::Internal::ResourceHolderUINT::__DynamicNumberChainBufferTag::__DynamicNumberChainBufferTag(Palmtree::Math::Core::Internal::__tag_NUMBER_HEADER*)
                0x000000006fbd4e16                Palmtree::Math::Core::Internal::ResourceHolderUINT::__DynamicNumberChainBufferTag::~__DynamicNumberChainBufferTag()
                0x000000006fbd4e16                Palmtree::Math::Core::Internal::ResourceHolderUINT::__DynamicNumberChainBufferTag::~__DynamicNumberChainBufferTag()
                0x000000006fbd4e44                Palmtree::Math::Core::Internal::ResourceHolderUINT::__DynamicNumberChainBufferTag::~__DynamicNumberChainBufferTag()
                0x000000006fbd4e6e                Palmtree::Math::Core::Internal::ResourceHolderUINT::__DynamicNumberChainBufferTag::EqualsBufferAddress(void*)
                0x000000006fbd4e8e                Palmtree::Math::Core::Internal::ResourceHolderUINT::__DynamicNumberChainBufferTag::Check()
                0x000000006fbd4eb2                Palmtree::Math::Core::Internal::ResourceHolderUINT::__DynamicNumberChainBufferTag::Destruct()
                0x000000006fbd4ed6                Palmtree::Math::Core::Internal::ResourceHolderUINT::__NumberHandleHookingChainBufferTag::__NumberHandleHookingChainBufferTag(Palmtree::Math::Core::Internal::__tag_NUMBER_HEADER*)
                0x000000006fbd4ed6                Palmtree::Math::Core::Internal::ResourceHolderUINT::__NumberHandleHookingChainBufferTag::__NumberHandleHookingChainBufferTag(Palmtree::Math::Core::Internal::__tag_NUMBER_HEADER*)
                0x000000006fbd4f14                Palmtree::Math::Core::Internal::ResourceHolderUINT::__NumberHandleHookingChainBufferTag::~__NumberHandleHookingChainBufferTag()
                0x000000006fbd4f14                Palmtree::Math::Core::Internal::ResourceHolderUINT::__NumberHandleHookingChainBufferTag::~__NumberHandleHookingChainBufferTag()
                0x000000006fbd4f42                Palmtree::Math::Core::Internal::ResourceHolderUINT::__NumberHandleHookingChainBufferTag::~__NumberHandleHookingChainBufferTag()
                0x000000006fbd4f6c                Palmtree::Math::Core::Internal::ResourceHolderUINT::__NumberHandleHookingChainBufferTag::EqualsBufferAddress(void*)
                0x000000006fbd4f8c                Palmtree::Math::Core::Internal::ResourceHolderUINT::__NumberHandleHookingChainBufferTag::Check()
                0x000000006fbd4f98                Palmtree::Math::Core::Internal::ResourceHolderUINT::__NumberHandleHookingChainBufferTag::Destruct()
                0x000000006fbd4fbc                Palmtree::Math::Core::Internal::ResourceHolderUINT::__StaticNumberChainBufferTag::__StaticNumberChainBufferTag(Palmtree::Math::Core::Internal::__tag_NUMBER_HEADER*)
                0x000000006fbd4fbc                Palmtree::Math::Core::Internal::ResourceHolderUINT::__StaticNumberChainBufferTag::__StaticNumberChainBufferTag(Palmtree::Math::Core::Internal::__tag_NUMBER_HEADER*)
                0x000000006fbd4ffa                Palmtree::Math::Core::Internal::ResourceHolderUINT::__StaticNumberChainBufferTag::~__StaticNumberChainBufferTag()
                0x000000006fbd4ffa                Palmtree::Math::Core::Internal::ResourceHolderUINT::__StaticNumberChainBufferTag::~__StaticNumberChainBufferTag()
                0x000000006fbd5028                Palmtree::Math::Core::Internal::ResourceHolderUINT::__StaticNumberChainBufferTag::~__StaticNumberChainBufferTag()
                0x000000006fbd5052                Palmtree::Math::Core::Internal::ResourceHolderUINT::__StaticNumberChainBufferTag::EqualsBufferAddress(void*)
                0x000000006fbd5072                Palmtree::Math::Core::Internal::ResourceHolderUINT::__StaticNumberChainBufferTag::Check()
                0x000000006fbd507e                Palmtree::Math::Core::Internal::ResourceHolderUINT::__StaticNumberChainBufferTag::Destruct()
                0x000000006fbd50a2                Palmtree::Math::Core::Internal::ResourceHolderUINT::ResourceHolderUINT()
                0x000000006fbd50a2                Palmtree::Math::Core::Internal::ResourceHolderUINT::ResourceHolderUINT()
                0x000000006fbd50d0                Palmtree::Math::Core::Internal::ResourceHolderUINT::~ResourceHolderUINT()
                0x000000006fbd50d0                Palmtree::Math::Core::Internal::ResourceHolderUINT::~ResourceHolderUINT()
                0x000000006fbd50fe                Palmtree::Math::Core::Internal::ResourceHolderUINT::~ResourceHolderUINT()
                0x000000006fbd5128                Palmtree::Math::Core::Internal::ResourceHolderUINT::AllocateBytes(unsigned long long)
                0x000000006fbd5212                Palmtree::Math::Core::Internal::ResourceHolderUINT::DeallocateBytes(void*)
                0x000000006fbd52c0                Palmtree::Math::Core::Internal::ResourceHolderUINT::UnlinkBytes(void*)
                0x000000006fbd5376                Palmtree::Math::Core::Internal::ResourceHolderUINT::AllocateBlock(unsigned long long)
                0x000000006fbd5428                Palmtree::Math::Core::Internal::ResourceHolderUINT::ClearBlock(unsigned long long*)
                0x000000006fbd54e8                Palmtree::Math::Core::Internal::ResourceHolderUINT::DeallocateBlock(unsigned long long*)
                0x000000006fbd5596                Palmtree::Math::Core::Internal::ResourceHolderUINT::CheckBlock(unsigned long long*)
                0x000000006fbd5656                Palmtree::Math::Core::Internal::ResourceHolderUINT::UnlinkBlock(unsigned long long*)
                0x000000006fbd570c                Palmtree::Math::Core::Internal::ResourceHolderUINT::AllocateString(unsigned long long)
                0x000000006fbd57c4                Palmtree::Math::Core::Internal::ResourceHolderUINT::ClearString(wchar_t*)
                0x000000006fbd5884                Palmtree::Math::Core::Internal::ResourceHolderUINT::DeallocateString(wchar_t*)
                0x000000006fbd5932                Palmtree::Math::Core::Internal::ResourceHolderUINT::CheckString(wchar_t*)
                0x000000006fbd59f2                Palmtree::Math::Core::Internal::ResourceHolderUINT::UnlinkString(wchar_t*)
                0x000000006fbd5aa8                Palmtree::Math::Core::Internal::ResourceHolderUINT::AllocateNumber(unsigned long long)
                0x000000006fbd5b40                Palmtree::Math::Core::Internal::ResourceHolderUINT::HookNumber(Palmtree::Math::Core::Internal::__tag_NUMBER_HEADER*)
                0x000000006fbd5bc2                Palmtree::Math::Core::Internal::ResourceHolderUINT::DeallocateNumber(Palmtree::Math::Core::Internal::__tag_NUMBER_HEADER*)
                0x000000006fbd5c70                Palmtree::Math::Core::Internal::ResourceHolderUINT::CheckNumber(Palmtree::Math::Core::Internal::__tag_NUMBER_HEADER*)
                0x000000006fbd5d30                Palmtree::Math::Core::Internal::ResourceHolderUINT::UnlinkNumber(Palmtree::Math::Core::Internal::__tag_NUMBER_HEADER*)
                0x000000006fbd5de6                Palmtree::Math::Core::Internal::ResourceHolderUINT::AttatchStaticNumber(Palmtree::Math::Core::Internal::__tag_NUMBER_HEADER*, unsigned long long)
                0x000000006fbd5e7c                Palmtree::Math::Core::Internal::ResourceHolderUINT::DetatchStaticNumber(Palmtree::Math::Core::Internal::__tag_NUMBER_HEADER*)
                0x000000006fbd5f2a                Palmtree::Math::Core::Internal::ResourceHolderUINT::UnlinkStatickNumber(Palmtree::Math::Core::Internal::__tag_NUMBER_HEADER*)
                0x000000006fbd608d                Palmtree::Math::Core::Internal::PMC_GetAllocatedMemorySize()
                0x000000006fbd61a7                Palmtree::Math::Core::Internal::Initialize_Memory(Palmtree::Math::Core::Internal::_tag_PROCESSOR_FEATURES*)
                0x000000006fbd62b1                Palmtree::Math::Core::Internal::AllocateHeapArea()
                0x000000006fbd62f7                Palmtree::Math::Core::Internal::DeallocateHeapArea()
 .text          0x000000006fbd6330      0xcd0 ../build/x64_Debug/pmc_modpow.o
                0x000000006fbd65df                Palmtree::Math::Core::Internal::exception_filter(unsigned long)
                0x000000006fbd6e63                Palmtree::Math::Core::Internal::PMC_ModPow_X_X_X(Palmtree::Math::Core::Internal::__tag_PMC_HANDLE_UINT*, Palmtree::Math::Core::Internal::__tag_PMC_HANDLE_UINT*, Palmtree::Math::Core::Internal::__tag_PMC_HANDLE_UINT*)
                0x000000006fbd6ff0                Palmtree::Math::Core::Internal::Initialize_ModPow(Palmtree::Math::Core::Internal::_tag_PROCESSOR_FEATURES*)
 .text          0x000000006fbd7000     0x27e0 ../build/x64_Debug/pmc_multiply.o
                0x000000006fbd7258                Palmtree::Math::Core::Internal::Multiply_X_X_Imp(unsigned long long*, unsigned long long, unsigned long long*, unsigned long long, unsigned long long*)
                0x000000006fbd8e15                Palmtree::Math::Core::Internal::PMC_Multiply_X_I_Imp(Palmtree::Math::Core::Internal::__tag_NUMBER_HEADER*, unsigned int)
                0x000000006fbd8f7e                Palmtree::Math::Core::Internal::PMC_Multiply_I_X(unsigned int, Palmtree::Math::Core::Internal::__tag_PMC_HANDLE_UINT*)
                0x000000006fbd9063                Palmtree::Math::Core::Internal::PMC_Multiply_X_I(Palmtree::Math::Core::Internal::__tag_PMC_HANDLE_UINT*, unsigned int)
                0x000000006fbd92bb                Palmtree::Math::Core::Internal::PMC_Multiply_L_X(unsigned long long, Palmtree::Math::Core::Internal::__tag_PMC_HANDLE_UINT*)
                0x000000006fbd93a2                Palmtree::Math::Core::Internal::PMC_Multiply_X_L(Palmtree::Math::Core::Internal::__tag_PMC_HANDLE_UINT*, unsigned long long)
                0x000000006fbd9612                Palmtree::Math::Core::Internal::PMC_Multiply_X_X(Palmtree::Math::Core::Internal::__tag_PMC_HANDLE_UINT*, Palmtree::Math::Core::Internal::__tag_PMC_HANDLE_UINT*)
                0x000000006fbd9758                Palmtree::Math::Core::Internal::Initialize_Multiply(Palmtree::Math::Core::Internal::_tag_PROCESSOR_FEATURES*)
 .text          0x000000006fbd97e0     0x33d0 ../build/x64_Debug/pmc_parse.o
                0x000000006fbdc85d                Palmtree::Math::Core::Internal::PMC_TryParse(wchar_t const*, int, Palmtree::Math::Core::Internal::__tag_PMC_NUMBER_FORMAT_INFO const*, Palmtree::Math::Core::Internal::__tag_PMC_HANDLE_UINT**, unsigned int*)
                0x000000006fbdc9ee                Palmtree::Math::Core::Internal::PMC_TryParseForSINT(wchar_t const*, int, Palmtree::Math::Core::Internal::__tag_PMC_NUMBER_FORMAT_INFO const*, char*, Palmtree::Math::Core::Internal::__tag_PMC_HANDLE_UINT**, unsigned int*)
                0x000000006fbdcb4c                Palmtree::Math::Core::Internal::Initialize_Parse(Palmtree::Math::Core::Internal::_tag_PROCESSOR_FEATURES*)
 .text          0x000000006fbdcbb0      0xa70 ../build/x64_Debug/pmc_pow.o
                0x000000006fbdce67                Palmtree::Math::Core::Internal::PMC_Pow_X_I_Imp(Palmtree::Math::Core::Internal::__tag_NUMBER_HEADER*, unsigned int)
                0x000000006fbdd223                Palmtree::Math::Core::Internal::PMC_Pow_X_L_Imp(Palmtree::Math::Core::Internal::__tag_NUMBER_HEADER*, unsigned long long)
                0x000000006fbdd444                Palmtree::Math::Core::Internal::PMC_Pow_X_I(Palmtree::Math::Core::Internal::__tag_PMC_HANDLE_UINT*, unsigned int)
                0x000000006fbdd525                Palmtree::Math::Core::Internal::PMC_Pow_X_L(Palmtree::Math::Core::Internal::__tag_PMC_HANDLE_UINT*, unsigned long long)
                0x000000006fbdd609                Palmtree::Math::Core::Internal::Initialize_Pow(Palmtree::Math::Core::Internal::_tag_PROCESSOR_FEATURES*)
 .text          0x000000006fbdd620     0x29d0 ../build/x64_Debug/pmc_shift.o
                0x000000006fbdd733                Palmtree::Math::Core::Internal::RightShift_Imp(unsigned long long*, unsigned long long, unsigned long long, unsigned long long*, int)
                0x000000006fbde955                Palmtree::Math::Core::Internal::LeftShift_Imp(unsigned long long*, unsigned long long, unsigned long long, unsigned long long*, int)
                0x000000006fbdfdad                Palmtree::Math::Core::Internal::PMC_RightShift_X_I(Palmtree::Math::Core::Internal::__tag_PMC_HANDLE_UINT*, int)
                0x000000006fbdfec5                Palmtree::Math::Core::Internal::PMC_LeftShift_X_I(Palmtree::Math::Core::Internal::__tag_PMC_HANDLE_UINT*, int)
                0x000000006fbdffdd                Palmtree::Math::Core::Internal::Initialize_Shift(Palmtree::Math::Core::Internal::_tag_PROCESSOR_FEATURES*)
 .text          0x000000006fbdfff0       0x40 ../build/x64_Debug/pmc_statistics.o
                0x000000006fbdfff0                Palmtree::Math::Core::Internal::PMC_GetStatisticsInfo(Palmtree::Math::Core::Internal::__tag_PMC_STATISTICS_INFO*)
 .text          0x000000006fbe0030     0x1600 ../build/x64_Debug/pmc_subtruct.o
                0x000000006fbe0821                Palmtree::Math::Core::Internal::Subtruct_Imp(unsigned long long*, unsigned long long, unsigned long long*, unsigned long long, unsigned long long*, unsigned long long)
                0x000000006fbe0a00                Palmtree::Math::Core::Internal::PMC_Subtruct_I_X(unsigned int, Palmtree::Math::Core::Internal::__tag_PMC_HANDLE_UINT*)
                0x000000006fbe0d7f                Palmtree::Math::Core::Internal::PMC_Subtruct_X_I(Palmtree::Math::Core::Internal::__tag_PMC_HANDLE_UINT*, unsigned int)
                0x000000006fbe0e6c                Palmtree::Math::Core::Internal::PMC_Subtruct_L_X(unsigned long long, Palmtree::Math::Core::Internal::__tag_PMC_HANDLE_UINT*)
                0x000000006fbe11f9                Palmtree::Math::Core::Internal::PMC_Subtruct_X_L(Palmtree::Math::Core::Internal::__tag_PMC_HANDLE_UINT*, unsigned long long)
                0x000000006fbe14db                Palmtree::Math::Core::Internal::PMC_Subtruct_X_X(Palmtree::Math::Core::Internal::__tag_PMC_HANDLE_UINT*, Palmtree::Math::Core::Internal::__tag_PMC_HANDLE_UINT*)
                0x000000006fbe1621                Palmtree::Math::Core::Internal::Initialize_Subtruct(Palmtree::Math::Core::Internal::_tag_PROCESSOR_FEATURES*)
 .text          0x000000006fbe1630      0x1e0 ../build/x64_Debug/pmc_to.o
                0x000000006fbe164c                Palmtree::Math::Core::Internal::PMC_To_X_I(Palmtree::Math::Core::Internal::__tag_PMC_HANDLE_UINT*)
                0x000000006fbe16dd                Palmtree::Math::Core::Internal::PMC_To_X_L(Palmtree::Math::Core::Internal::__tag_PMC_HANDLE_UINT*)
                0x000000006fbe17f2                Palmtree::Math::Core::Internal::Initialize_To(Palmtree::Math::Core::Internal::_tag_PROCESSOR_FEATURES*)
 .text          0x000000006fbe1810     0x1b50 ../build/x64_Debug/pmc_tostring.o
                0x000000006fbe3049                Palmtree::Math::Core::Internal::PMC_ToString(Palmtree::Math::Core::Internal::__tag_PMC_HANDLE_UINT*, wchar_t const*, Palmtree::Math::Core::Internal::__tag_PMC_NUMBER_FORMAT_INFO const*, wchar_t*, unsigned long long)
                0x000000006fbe310f                Palmtree::Math::Core::Internal::InitializeNumberFormatoInfo(Palmtree::Math::Core::Internal::__tag_PMC_NUMBER_FORMAT_INFO*)
                0x000000006fbe3321                Palmtree::Math::Core::Internal::PMC_InitializeNumberFormatInfo(Palmtree::Math::Core::Internal::__tag_PMC_NUMBER_FORMAT_INFO*)
                0x000000006fbe333d                Palmtree::Math::Core::Internal::Initialize_ToString(Palmtree::Math::Core::Internal::_tag_PROCESSOR_FEATURES*)
 .text          0x000000006fbe3360        0x8 C:/GNU/MINGW64/x86_64-8.1.0-win32-seh-rt_v6-rev0/mingw64/bin/../lib/gcc/x86_64-w64-mingw32/8.1.0/../../../../x86_64-w64-mingw32/lib/../lib\libkernel32.a(dqifs01555.o)
                0x000000006fbe3360                lstrlenW
 .text          0x000000006fbe3368        0x8 C:/GNU/MINGW64/x86_64-8.1.0-win32-seh-rt_v6-rev0/mingw64/bin/../lib/gcc/x86_64-w64-mingw32/8.1.0/../../../../x86_64-w64-mingw32/lib/../lib\libkernel32.a(dqifs01549.o)
                0x000000006fbe3368                lstrcpyW
 .text          0x000000006fbe3370        0x8 C:/GNU/MINGW64/x86_64-8.1.0-win32-seh-rt_v6-rev0/mingw64/bin/../lib/gcc/x86_64-w64-mingw32/8.1.0/../../../../x86_64-w64-mingw32/lib/../lib\libkernel32.a(dqifs01543.o)
                0x000000006fbe3370                lstrcmpW
 .text          0x000000006fbe3378        0x8 C:/GNU/MINGW64/x86_64-8.1.0-win32-seh-rt_v6-rev0/mingw64/bin/../lib/gcc/x86_64-w64-mingw32/8.1.0/../../../../x86_64-w64-mingw32/lib/../lib\libkernel32.a(dqifs01360.o)
                0x000000006fbe3378                Sleep
 .text          0x000000006fbe3380        0x8 C:/GNU/MINGW64/x86_64-8.1.0-win32-seh-rt_v6-rev0/mingw64/bin/../lib/gcc/x86_64-w64-mingw32/8.1.0/../../../../x86_64-w64-mingw32/lib/../lib\libkernel32.a(dqifs00951.o)
                0x000000006fbe3380                LeaveCriticalSection
 .text          0x000000006fbe3388        0x8 C:/GNU/MINGW64/x86_64-8.1.0-win32-seh-rt_v6-rev0/mingw64/bin/../lib/gcc/x86_64-w64-mingw32/8.1.0/../../../../x86_64-w64-mingw32/lib/../lib\libkernel32.a(dqifs00863.o)
                0x000000006fbe3388                InitializeCriticalSection
 .text          0x000000006fbe3390        0x8 C:/GNU/MINGW64/x86_64-8.1.0-win32-seh-rt_v6-rev0/mingw64/bin/../lib/gcc/x86_64-w64-mingw32/8.1.0/../../../../x86_64-w64-mingw32/lib/../lib\libkernel32.a(dqifs00852.o)
                0x000000006fbe3390                HeapWalk
 .text          0x000000006fbe3398        0x8 C:/GNU/MINGW64/x86_64-8.1.0-win32-seh-rt_v6-rev0/mingw64/bin/../lib/gcc/x86_64-w64-mingw32/8.1.0/../../../../x86_64-w64-mingw32/lib/../lib\libkernel32.a(dqifs00849.o)
                0x000000006fbe3398                HeapUnlock
 .text          0x000000006fbe33a0        0x8 C:/GNU/MINGW64/x86_64-8.1.0-win32-seh-rt_v6-rev0/mingw64/bin/../lib/gcc/x86_64-w64-mingw32/8.1.0/../../../../x86_64-w64-mingw32/lib/../lib\libkernel32.a(dqifs00842.o)
                0x000000006fbe33a0                HeapLock
 .text          0x000000006fbe33a8        0x8 C:/GNU/MINGW64/x86_64-8.1.0-win32-seh-rt_v6-rev0/mingw64/bin/../lib/gcc/x86_64-w64-mingw32/8.1.0/../../../../x86_64-w64-mingw32/lib/../lib\libkernel32.a(dqifs00841.o)
                0x000000006fbe33a8                HeapFree
 .text          0x000000006fbe33b0        0x8 C:/GNU/MINGW64/x86_64-8.1.0-win32-seh-rt_v6-rev0/mingw64/bin/../lib/gcc/x86_64-w64-mingw32/8.1.0/../../../../x86_64-w64-mingw32/lib/../lib\libkernel32.a(dqifs00839.o)
                0x000000006fbe33b0                HeapDestroy
 .text          0x000000006fbe33b8        0x8 C:/GNU/MINGW64/x86_64-8.1.0-win32-seh-rt_v6-rev0/mingw64/bin/../lib/gcc/x86_64-w64-mingw32/8.1.0/../../../../x86_64-w64-mingw32/lib/../lib\libkernel32.a(dqifs00837.o)
                0x000000006fbe33b8                HeapCreate
 .text          0x000000006fbe33c0        0x8 C:/GNU/MINGW64/x86_64-8.1.0-win32-seh-rt_v6-rev0/mingw64/bin/../lib/gcc/x86_64-w64-mingw32/8.1.0/../../../../x86_64-w64-mingw32/lib/../lib\libkernel32.a(dqifs00835.o)
                0x000000006fbe33c0                HeapAlloc
 .text          0x000000006fbe33c8        0x8 C:/GNU/MINGW64/x86_64-8.1.0-win32-seh-rt_v6-rev0/mingw64/bin/../lib/gcc/x86_64-w64-mingw32/8.1.0/../../../../x86_64-w64-mingw32/lib/../lib\libkernel32.a(dqifs00774.o)
                0x000000006fbe33c8                GetTickCount
 .text          0x000000006fbe33d0        0x8 C:/GNU/MINGW64/x86_64-8.1.0-win32-seh-rt_v6-rev0/mingw64/bin/../lib/gcc/x86_64-w64-mingw32/8.1.0/../../../../x86_64-w64-mingw32/lib/../lib\libkernel32.a(dqifs00609.o)
                0x000000006fbe33d0                GetLastError
 .text          0x000000006fbe33d8        0x8 C:/GNU/MINGW64/x86_64-8.1.0-win32-seh-rt_v6-rev0/mingw64/bin/../lib/gcc/x86_64-w64-mingw32/8.1.0/../../../../x86_64-w64-mingw32/lib/../lib\libkernel32.a(dqifs00304.o)
                0x000000006fbe33d8                EnterCriticalSection
 .text          0x000000006fbe33e0        0x0 C:/GNU/MINGW64/x86_64-8.1.0-win32-seh-rt_v6-rev0/mingw64/bin/../lib/gcc/x86_64-w64-mingw32/8.1.0/../../../../x86_64-w64-mingw32/lib/../lib\libkernel32.a(dqifh.o)
 .text          0x000000006fbe33e0        0x0 C:/GNU/MINGW64/x86_64-8.1.0-win32-seh-rt_v6-rev0/mingw64/bin/../lib/gcc/x86_64-w64-mingw32/8.1.0/../../../../x86_64-w64-mingw32/lib/../lib\libkernel32.a(dqift.o)
 .text          0x000000006fbe33e0        0x8 C:/GNU/MINGW64/x86_64-8.1.0-win32-seh-rt_v6-rev0/mingw64/bin/../lib/gcc/x86_64-w64-mingw32/8.1.0/../../../../x86_64-w64-mingw32/lib/../lib\libuser32.a(dyqes00958.o)
                0x000000006fbe33e0                wsprintfW
 *fill*         0x000000006fbe33e8        0x8 
 .text          0x000000006fbe33f0        0x0 C:/GNU/MINGW64/x86_64-8.1.0-win32-seh-rt_v6-rev0/mingw64/bin/../lib/gcc/x86_64-w64-mingw32/8.1.0/../../../../x86_64-w64-mingw32/lib/../lib\libuser32.a(dyqeh.o)
 .text          0x000000006fbe33f0        0x0 C:/GNU/MINGW64/x86_64-8.1.0-win32-seh-rt_v6-rev0/mingw64/bin/../lib/gcc/x86_64-w64-mingw32/8.1.0/../../../../x86_64-w64-mingw32/lib/../lib\libuser32.a(dyqet.o)
 .text          0x000000006fbe33f0        0x0 C:/GNU/MINGW64/x86_64-8.1.0-win32-seh-rt_v6-rev0/mingw64/bin/../lib/gcc/x86_64-w64-mingw32/8.1.0\libstdc++.a(class_type_info.o)
 .text          0x000000006fbe33f0        0x0 C:/GNU/MINGW64/x86_64-8.1.0-win32-seh-rt_v6-rev0/mingw64/bin/../lib/gcc/x86_64-w64-mingw32/8.1.0\libstdc++.a(del_ops.o)
 .text          0x000000006fbe33f0        0x0 C:/GNU/MINGW64/x86_64-8.1.0-win32-seh-rt_v6-rev0/mingw64/bin/../lib/gcc/x86_64-w64-mingw32/8.1.0\libstdc++.a(eh_alloc.o)
 .text          0x000000006fbe33f0        0x0 C:/GNU/MINGW64/x86_64-8.1.0-win32-seh-rt_v6-rev0/mingw64/bin/../lib/gcc/x86_64-w64-mingw32/8.1.0\libstdc++.a(eh_catch.o)
 .text          0x000000006fbe33f0        0x0 C:/GNU/MINGW64/x86_64-8.1.0-win32-seh-rt_v6-rev0/mingw64/bin/../lib/gcc/x86_64-w64-mingw32/8.1.0\libstdc++.a(eh_exception.o)
 .text          0x000000006fbe33f0        0x0 C:/GNU/MINGW64/x86_64-8.1.0-win32-seh-rt_v6-rev0/mingw64/bin/../lib/gcc/x86_64-w64-mingw32/8.1.0\libstdc++.a(eh_globals.o)
 .text          0x000000006fbe33f0        0x0 C:/GNU/MINGW64/x86_64-8.1.0-win32-seh-rt_v6-rev0/mingw64/bin/../lib/gcc/x86_64-w64-mingw32/8.1.0\libstdc++.a(eh_personality.o)
 .text          0x000000006fbe33f0        0x0 C:/GNU/MINGW64/x86_64-8.1.0-win32-seh-rt_v6-rev0/mingw64/bin/../lib/gcc/x86_64-w64-mingw32/8.1.0\libstdc++.a(eh_terminate.o)
 .text          0x000000006fbe33f0        0x0 C:/GNU/MINGW64/x86_64-8.1.0-win32-seh-rt_v6-rev0/mingw64/bin/../lib/gcc/x86_64-w64-mingw32/8.1.0\libstdc++.a(eh_term_handler.o)
 .text          0x000000006fbe33f0        0x0 C:/GNU/MINGW64/x86_64-8.1.0-win32-seh-rt_v6-rev0/mingw64/bin/../lib/gcc/x86_64-w64-mingw32/8.1.0\libstdc++.a(eh_throw.o)
 .text          0x000000006fbe33f0        0x0 C:/GNU/MINGW64/x86_64-8.1.0-win32-seh-rt_v6-rev0/mingw64/bin/../lib/gcc/x86_64-w64-mingw32/8.1.0\libstdc++.a(eh_unex_handler.o)
 .text          0x000000006fbe33f0        0x0 C:/GNU/MINGW64/x86_64-8.1.0-win32-seh-rt_v6-rev0/mingw64/bin/../lib/gcc/x86_64-w64-mingw32/8.1.0\libstdc++.a(new_op.o)
 .text          0x000000006fbe33f0        0x0 C:/GNU/MINGW64/x86_64-8.1.0-win32-seh-rt_v6-rev0/mingw64/bin/../lib/gcc/x86_64-w64-mingw32/8.1.0\libstdc++.a(pure.o)
 .text          0x000000006fbe33f0        0x0 C:/GNU/MINGW64/x86_64-8.1.0-win32-seh-rt_v6-rev0/mingw64/bin/../lib/gcc/x86_64-w64-mingw32/8.1.0\libstdc++.a(si_class_type_info.o)
 .text          0x000000006fbe33f0        0x0 C:/GNU/MINGW64/x86_64-8.1.0-win32-seh-rt_v6-rev0/mingw64/bin/../lib/gcc/x86_64-w64-mingw32/8.1.0\libstdc++.a(tinfo.o)
 .text          0x000000006fbe33f0        0x0 C:/GNU/MINGW64/x86_64-8.1.0-win32-seh-rt_v6-rev0/mingw64/bin/../lib/gcc/x86_64-w64-mingw32/8.1.0\libstdc++.a(vmi_class_type_info.o)
 .text          0x000000006fbe33f0        0x0 C:/GNU/MINGW64/x86_64-8.1.0-win32-seh-rt_v6-rev0/mingw64/bin/../lib/gcc/x86_64-w64-mingw32/8.1.0\libstdc++.a(vterminate.o)
 .text          0x000000006fbe33f0        0x0 C:/GNU/MINGW64/x86_64-8.1.0-win32-seh-rt_v6-rev0/mingw64/bin/../lib/gcc/x86_64-w64-mingw32/8.1.0\libstdc++.a(bad_alloc.o)
 .text          0x000000006fbe33f0     0x96f0 C:/GNU/MINGW64/x86_64-8.1.0-win32-seh-rt_v6-rev0/mingw64/bin/../lib/gcc/x86_64-w64-mingw32/8.1.0\libstdc++.a(cp-demangle.o)
                0x000000006fbec950                __cxa_demangle
                0x000000006fbecab0                __gcclibcxx_demangle_callback
 .text          0x000000006fbecae0        0x0 C:/GNU/MINGW64/x86_64-8.1.0-win32-seh-rt_v6-rev0/mingw64/bin/../lib/gcc/x86_64-w64-mingw32/8.1.0\libstdc++.a(del_op.o)
 .text          0x000000006fbecae0        0x0 C:/GNU/MINGW64/x86_64-8.1.0-win32-seh-rt_v6-rev0/mingw64/bin/../lib/gcc/x86_64-w64-mingw32/8.1.0\libstdc++.a(eh_call.o)
 .text          0x000000006fbecae0        0x0 C:/GNU/MINGW64/x86_64-8.1.0-win32-seh-rt_v6-rev0/mingw64/bin/../lib/gcc/x86_64-w64-mingw32/8.1.0\libstdc++.a(eh_type.o)
 .text          0x000000006fbecae0        0x0 C:/GNU/MINGW64/x86_64-8.1.0-win32-seh-rt_v6-rev0/mingw64/bin/../lib/gcc/x86_64-w64-mingw32/8.1.0\libstdc++.a(new_handler.o)
 .text          0x000000006fbecae0       0xd0 C:/GNU/MINGW64/x86_64-8.1.0-win32-seh-rt_v6-rev0/mingw64/bin/../lib/gcc/x86_64-w64-mingw32/8.1.0/../../../../x86_64-w64-mingw32/lib/../lib\libmingw32.a(lib64_libmingw32_a-gccmain.o)
                0x000000006fbecae0                __do_global_dtors
                0x000000006fbecb20                __do_global_ctors
                0x000000006fbecb90                __main
 .text          0x000000006fbecbb0        0x0 C:/GNU/MINGW64/x86_64-8.1.0-win32-seh-rt_v6-rev0/mingw64/bin/../lib/gcc/x86_64-w64-mingw32/8.1.0/../../../../x86_64-w64-mingw32/lib/../lib\libmingw32.a(lib64_libmingw32_a-natstart.o)
 .text          0x000000006fbecbb0      0x1e0 C:/GNU/MINGW64/x86_64-8.1.0-win32-seh-rt_v6-rev0/mingw64/bin/../lib/gcc/x86_64-w64-mingw32/8.1.0/../../../../x86_64-w64-mingw32/lib/../lib\libmingw32.a(lib64_libmingw32_a-gs_support.o)
                0x000000006fbecbb0                __security_init_cookie
                0x000000006fbecc90                __report_gsfailure
 .text          0x000000006fbecd90       0xc0 C:/GNU/MINGW64/x86_64-8.1.0-win32-seh-rt_v6-rev0/mingw64/bin/../lib/gcc/x86_64-w64-mingw32/8.1.0/../../../../x86_64-w64-mingw32/lib/../lib\libmingw32.a(lib64_libmingw32_a-tlssup.o)
                0x000000006fbecdc0                __dyn_tls_init
                0x000000006fbece40                __tlregdtor
 .text          0x000000006fbece50        0x0 C:/GNU/MINGW64/x86_64-8.1.0-win32-seh-rt_v6-rev0/mingw64/bin/../lib/gcc/x86_64-w64-mingw32/8.1.0/../../../../x86_64-w64-mingw32/lib/../lib\libmingw32.a(lib64_libmingw32_a-cinitexe.o)
 .text          0x000000006fbece50       0x20 C:/GNU/MINGW64/x86_64-8.1.0-win32-seh-rt_v6-rev0/mingw64/bin/../lib/gcc/x86_64-w64-mingw32/8.1.0/../../../../x86_64-w64-mingw32/lib/../lib\libmingw32.a(lib64_libmingw32_a-mingw_helpers.o)
                0x000000006fbece50                _decode_pointer
                0x000000006fbece60                _encode_pointer
 .text          0x000000006fbece70      0x490 C:/GNU/MINGW64/x86_64-8.1.0-win32-seh-rt_v6-rev0/mingw64/bin/../lib/gcc/x86_64-w64-mingw32/8.1.0/../../../../x86_64-w64-mingw32/lib/../lib\libmingw32.a(lib64_libmingw32_a-pseudo-reloc.o)
                0x000000006fbed040                _pei386_runtime_relocator
 .text          0x000000006fbed300      0x480 C:/GNU/MINGW64/x86_64-8.1.0-win32-seh-rt_v6-rev0/mingw64/bin/../lib/gcc/x86_64-w64-mingw32/8.1.0/../../../../x86_64-w64-mingw32/lib/../lib\libmingw32.a(lib64_libmingw32_a-crt_handler.o)
                0x000000006fbed300                __mingw_SEH_error_handler
                0x000000006fbed4a0                __mingw_init_ehandler
                0x000000006fbed590                _gnu_exception_handler
 .text          0x000000006fbed780      0x270 C:/GNU/MINGW64/x86_64-8.1.0-win32-seh-rt_v6-rev0/mingw64/bin/../lib/gcc/x86_64-w64-mingw32/8.1.0/../../../../x86_64-w64-mingw32/lib/../lib\libmingw32.a(lib64_libmingw32_a-tlsthrd.o)
                0x000000006fbed7f0                ___w64_mingwthr_add_key_dtor
                0x000000006fbed870                ___w64_mingwthr_remove_key_dtor
                0x000000006fbed910                __mingw_TLScallback
 .text          0x000000006fbed9f0        0x0 C:/GNU/MINGW64/x86_64-8.1.0-win32-seh-rt_v6-rev0/mingw64/bin/../lib/gcc/x86_64-w64-mingw32/8.1.0/../../../../x86_64-w64-mingw32/lib/../lib\libmingw32.a(lib64_libmingw32_a-tlsmcrt.o)
 .text          0x000000006fbed9f0        0x0 C:/GNU/MINGW64/x86_64-8.1.0-win32-seh-rt_v6-rev0/mingw64/bin/../lib/gcc/x86_64-w64-mingw32/8.1.0/../../../../x86_64-w64-mingw32/lib/../lib\libmingw32.a(lib64_libmingw32_a-pseudo-reloc-list.o)
 .text          0x000000006fbed9f0      0x3e0 C:/GNU/MINGW64/x86_64-8.1.0-win32-seh-rt_v6-rev0/mingw64/bin/../lib/gcc/x86_64-w64-mingw32/8.1.0/../../../../x86_64-w64-mingw32/lib/../lib\libmingw32.a(lib64_libmingw32_a-pesect.o)
                0x000000006fbeda10                _ValidateImageBase
                0x000000006fbeda30                _FindPESection
                0x000000006fbeda80                _FindPESectionByName
                0x000000006fbedb10                __mingw_GetSectionForAddress
                0x000000006fbedb90                __mingw_GetSectionCount
                0x000000006fbedbd0                _FindPESectionExec
                0x000000006fbedc40                _GetPEImageBase
                0x000000006fbedc80                _IsNonwritableInCurrentImage
                0x000000006fbedd20                __mingw_enum_import_library_names
 .text          0x000000006fbeddd0       0x10 C:/GNU/MINGW64/x86_64-8.1.0-win32-seh-rt_v6-rev0/mingw64/bin/../lib/gcc/x86_64-w64-mingw32/8.1.0/../../../../x86_64-w64-mingw32/lib/../lib\libmingw32.a(lib64_libmingw32_a-CRT_fp10.o)
                0x000000006fbeddd0                fpreset
                0x000000006fbeddd0                _fpreset
 .text          0x000000006fbedde0       0x40 C:/GNU/MINGW64/x86_64-8.1.0-win32-seh-rt_v6-rev0/mingw64/bin/../lib/gcc/x86_64-w64-mingw32/8.1.0\libgcc.a(_chkstk_ms.o)
                0x000000006fbedde0                ___chkstk_ms
 .text          0x000000006fbede20        0x0 C:/GNU/MINGW64/x86_64-8.1.0-win32-seh-rt_v6-rev0/mingw64/bin/../lib/gcc/x86_64-w64-mingw32/8.1.0\libgcc.a(_ctors.o)
 .text          0x000000006fbede20      0x3b0 C:/GNU/MINGW64/x86_64-8.1.0-win32-seh-rt_v6-rev0/mingw64/bin/../lib/gcc/x86_64-w64-mingw32/8.1.0\libgcc.a(gthr-win32.o)
                0x000000006fbede20                __gthr_win32_once
                0x000000006fbedea0                __gthr_win32_key_create
                0x000000006fbedee0                __gthr_win32_key_delete
                0x000000006fbedf00                __gthr_win32_getspecific
                0x000000006fbedf30                __gthr_win32_setspecific
                0x000000006fbedf50                __gthr_win32_mutex_init_function
                0x000000006fbedf80                __gthr_win32_mutex_destroy
                0x000000006fbedf90                __gthr_win32_mutex_lock
                0x000000006fbedfe0                __gthr_win32_mutex_trylock
                0x000000006fbee000                __gthr_win32_mutex_unlock
                0x000000006fbee040                __gthr_win32_recursive_mutex_init_function
                0x000000006fbee080                __gthr_win32_recursive_mutex_lock
                0x000000006fbee100                __gthr_win32_recursive_mutex_trylock
                0x000000006fbee150                __gthr_win32_recursive_mutex_unlock
                0x000000006fbee1b0                __gthr_win32_recursive_mutex_destroy
 .text          0x000000006fbee1d0      0x630 C:/GNU/MINGW64/x86_64-8.1.0-win32-seh-rt_v6-rev0/mingw64/bin/../lib/gcc/x86_64-w64-mingw32/8.1.0\libgcc_eh.a(unwind-seh.o)
                0x000000006fbee230                _Unwind_GetGR
                0x000000006fbee250                _Unwind_SetGR
                0x000000006fbee270                _Unwind_GetCFA
                0x000000006fbee280                _Unwind_GetIP
                0x000000006fbee290                _Unwind_GetIPInfo
                0x000000006fbee2a0                _Unwind_SetIP
                0x000000006fbee2b0                _Unwind_GetLanguageSpecificData
                0x000000006fbee2c0                _Unwind_GetRegionStart
                0x000000006fbee2d0                _Unwind_FindEnclosingFunction
                0x000000006fbee300                _Unwind_GetDataRelBase
                0x000000006fbee310                _Unwind_GetTextRelBase
                0x000000006fbee320                _GCC_specific_handler
                0x000000006fbee530                _Unwind_RaiseException
                0x000000006fbee580                _Unwind_Resume
                0x000000006fbee630                _Unwind_Resume_or_Rethrow
                0x000000006fbee650                _Unwind_ForcedUnwind
                0x000000006fbee680                _Unwind_DeleteException
                0x000000006fbee6a0                _Unwind_Backtrace
 .text          0x000000006fbee800      0x3b0 C:/GNU/MINGW64/x86_64-8.1.0-win32-seh-rt_v6-rev0/mingw64/bin/../lib/gcc/x86_64-w64-mingw32/8.1.0\libgcc_eh.a(emutls.o)
                0x000000006fbee940                __emutls_get_address
                0x000000006fbeeb80                __emutls_register_common
 .text          0x000000006fbeebb0       0x10 C:/GNU/MINGW64/x86_64-8.1.0-win32-seh-rt_v6-rev0/mingw64/bin/../lib/gcc/x86_64-w64-mingw32/8.1.0/../../../../x86_64-w64-mingw32/lib/../lib\libmingwex.a(lib64_libmingwex_a-dllentry.o)
                0x000000006fbeebb0                DllEntryPoint
 .text          0x000000006fbeebc0        0x8 C:/GNU/MINGW64/x86_64-8.1.0-win32-seh-rt_v6-rev0/mingw64/bin/../lib/gcc/x86_64-w64-mingw32/8.1.0/../../../../x86_64-w64-mingw32/lib/../lib\libmsvcrt.a(duags01243.o)
                0x000000006fbeebc0                vfprintf
 .text          0x000000006fbeebc8        0x8 C:/GNU/MINGW64/x86_64-8.1.0-win32-seh-rt_v6-rev0/mingw64/bin/../lib/gcc/x86_64-w64-mingw32/8.1.0/../../../../x86_64-w64-mingw32/lib/../lib\libmsvcrt.a(duags01211.o)
                0x000000006fbeebc8                strncmp
 .text          0x000000006fbeebd0        0x8 C:/GNU/MINGW64/x86_64-8.1.0-win32-seh-rt_v6-rev0/mingw64/bin/../lib/gcc/x86_64-w64-mingw32/8.1.0/../../../../x86_64-w64-mingw32/lib/../lib\libmsvcrt.a(duags01208.o)
                0x000000006fbeebd0                strlen
 .text          0x000000006fbeebd8        0x8 C:/GNU/MINGW64/x86_64-8.1.0-win32-seh-rt_v6-rev0/mingw64/bin/../lib/gcc/x86_64-w64-mingw32/8.1.0/../../../../x86_64-w64-mingw32/lib/../lib\libmsvcrt.a(duags01201.o)
                0x000000006fbeebd8                strcmp
 .text          0x000000006fbeebe0        0x8 C:/GNU/MINGW64/x86_64-8.1.0-win32-seh-rt_v6-rev0/mingw64/bin/../lib/gcc/x86_64-w64-mingw32/8.1.0/../../../../x86_64-w64-mingw32/lib/../lib\libmsvcrt.a(duags01192.o)
                0x000000006fbeebe0                sprintf
 .text          0x000000006fbeebe8        0x8 C:/GNU/MINGW64/x86_64-8.1.0-win32-seh-rt_v6-rev0/mingw64/bin/../lib/gcc/x86_64-w64-mingw32/8.1.0/../../../../x86_64-w64-mingw32/lib/../lib\libmsvcrt.a(duags01187.o)
                0x000000006fbeebe8                signal
 .text          0x000000006fbeebf0        0x8 C:/GNU/MINGW64/x86_64-8.1.0-win32-seh-rt_v6-rev0/mingw64/bin/../lib/gcc/x86_64-w64-mingw32/8.1.0/../../../../x86_64-w64-mingw32/lib/../lib\libmsvcrt.a(duags01177.o)
                0x000000006fbeebf0                realloc
 .text          0x000000006fbeebf8        0x8 C:/GNU/MINGW64/x86_64-8.1.0-win32-seh-rt_v6-rev0/mingw64/bin/../lib/gcc/x86_64-w64-mingw32/8.1.0/../../../../x86_64-w64-mingw32/lib/../lib\libmsvcrt.a(duags01159.o)
                0x000000006fbeebf8                memset
 .text          0x000000006fbeec00        0x8 C:/GNU/MINGW64/x86_64-8.1.0-win32-seh-rt_v6-rev0/mingw64/bin/../lib/gcc/x86_64-w64-mingw32/8.1.0/../../../../x86_64-w64-mingw32/lib/../lib\libmsvcrt.a(duags01157.o)
                0x000000006fbeec00                memcpy
 .text          0x000000006fbeec08        0x8 C:/GNU/MINGW64/x86_64-8.1.0-win32-seh-rt_v6-rev0/mingw64/bin/../lib/gcc/x86_64-w64-mingw32/8.1.0/../../../../x86_64-w64-mingw32/lib/../lib\libmsvcrt.a(duags01149.o)
                0x000000006fbeec08                malloc
 .text          0x000000006fbeec10        0x8 C:/GNU/MINGW64/x86_64-8.1.0-win32-seh-rt_v6-rev0/mingw64/bin/../lib/gcc/x86_64-w64-mingw32/8.1.0/../../../../x86_64-w64-mingw32/lib/../lib\libmsvcrt.a(duags01101.o)
                0x000000006fbeec10                fwrite
 .text          0x000000006fbeec18        0x8 C:/GNU/MINGW64/x86_64-8.1.0-win32-seh-rt_v6-rev0/mingw64/bin/../lib/gcc/x86_64-w64-mingw32/8.1.0/../../../../x86_64-w64-mingw32/lib/../lib\libmsvcrt.a(duags01089.o)
                0x000000006fbeec18                free
 .text          0x000000006fbeec20        0x8 C:/GNU/MINGW64/x86_64-8.1.0-win32-seh-rt_v6-rev0/mingw64/bin/../lib/gcc/x86_64-w64-mingw32/8.1.0/../../../../x86_64-w64-mingw32/lib/../lib\libmsvcrt.a(duags01085.o)
                0x000000006fbeec20                fputs
 .text          0x000000006fbeec28        0x8 C:/GNU/MINGW64/x86_64-8.1.0-win32-seh-rt_v6-rev0/mingw64/bin/../lib/gcc/x86_64-w64-mingw32/8.1.0/../../../../x86_64-w64-mingw32/lib/../lib\libmsvcrt.a(duags01084.o)
                0x000000006fbeec28                fputc
 .text          0x000000006fbeec30        0x8 C:/GNU/MINGW64/x86_64-8.1.0-win32-seh-rt_v6-rev0/mingw64/bin/../lib/gcc/x86_64-w64-mingw32/8.1.0/../../../../x86_64-w64-mingw32/lib/../lib\libmsvcrt.a(duags01050.o)
                0x000000006fbeec30                calloc
 .text          0x000000006fbeec38        0x8 C:/GNU/MINGW64/x86_64-8.1.0-win32-seh-rt_v6-rev0/mingw64/bin/../lib/gcc/x86_64-w64-mingw32/8.1.0/../../../../x86_64-w64-mingw32/lib/../lib\libmsvcrt.a(duags01032.o)
                0x000000006fbeec38                abort
 .text          0x000000006fbeec40        0x8 C:/GNU/MINGW64/x86_64-8.1.0-win32-seh-rt_v6-rev0/mingw64/bin/../lib/gcc/x86_64-w64-mingw32/8.1.0/../../../../x86_64-w64-mingw32/lib/../lib\libmsvcrt.a(duags00986.o)
                0x000000006fbeec40                write
 .text          0x000000006fbeec48        0x8 C:/GNU/MINGW64/x86_64-8.1.0-win32-seh-rt_v6-rev0/mingw64/bin/../lib/gcc/x86_64-w64-mingw32/8.1.0/../../../../x86_64-w64-mingw32/lib/../lib\libmsvcrt.a(duags00332.o)
                0x000000006fbeec48                _initterm
 .text          0x000000006fbeec50        0x8 C:/GNU/MINGW64/x86_64-8.1.0-win32-seh-rt_v6-rev0/mingw64/bin/../lib/gcc/x86_64-w64-mingw32/8.1.0/../../../../x86_64-w64-mingw32/lib/../lib\libmsvcrt.a(duags00122.o)
                0x000000006fbeec50                _amsg_exit
 *fill*         0x000000006fbeec58        0x8 
 .text          0x000000006fbeec60      0x170 C:/GNU/MINGW64/x86_64-8.1.0-win32-seh-rt_v6-rev0/mingw64/bin/../lib/gcc/x86_64-w64-mingw32/8.1.0/../../../../x86_64-w64-mingw32/lib/../lib\libmsvcrt.a(lib64_libmsvcrt_os_a-onexit_table.o)
                0x000000006fbeec60                _initialize_onexit_table
                0x000000006fbeec90                _register_onexit_function
                0x000000006fbeed60                _execute_onexit_table
 .text          0x000000006fbeedd0       0x20 C:/GNU/MINGW64/x86_64-8.1.0-win32-seh-rt_v6-rev0/mingw64/bin/../lib/gcc/x86_64-w64-mingw32/8.1.0/../../../../x86_64-w64-mingw32/lib/../lib\libmsvcrt.a(lib64_libmsvcrt_os_a-acrt_iob_func.o)
                0x000000006fbeedd0                __acrt_iob_func
 .text          0x000000006fbeedf0        0x0 C:/GNU/MINGW64/x86_64-8.1.0-win32-seh-rt_v6-rev0/mingw64/bin/../lib/gcc/x86_64-w64-mingw32/8.1.0/../../../../x86_64-w64-mingw32/lib/../lib\libmsvcrt.a(duagh.o)
 .text          0x000000006fbeedf0        0x8 C:/GNU/MINGW64/x86_64-8.1.0-win32-seh-rt_v6-rev0/mingw64/bin/../lib/gcc/x86_64-w64-mingw32/8.1.0/../../../../x86_64-w64-mingw32/lib/../lib\libmsvcrt.a(duags00821.o)
                0x000000006fbeedf0                _unlock
 .text          0x000000006fbeedf8        0x8 C:/GNU/MINGW64/x86_64-8.1.0-win32-seh-rt_v6-rev0/mingw64/bin/../lib/gcc/x86_64-w64-mingw32/8.1.0/../../../../x86_64-w64-mingw32/lib/../lib\libmsvcrt.a(duags00441.o)
                0x000000006fbeedf8                _lock
 .text          0x000000006fbeee00        0x8 C:/GNU/MINGW64/x86_64-8.1.0-win32-seh-rt_v6-rev0/mingw64/bin/../lib/gcc/x86_64-w64-mingw32/8.1.0/../../../../x86_64-w64-mingw32/lib/../lib\libmsvcrt.a(duags00083.o)
                0x000000006fbeee00                __iob_func
 *fill*         0x000000006fbeee08        0x8 
 .text          0x000000006fbeee10        0x0 C:/GNU/MINGW64/x86_64-8.1.0-win32-seh-rt_v6-rev0/mingw64/bin/../lib/gcc/x86_64-w64-mingw32/8.1.0/../../../../x86_64-w64-mingw32/lib/../lib\libmsvcrt.a(duagt.o)
 .text          0x000000006fbeee10        0x8 C:/GNU/MINGW64/x86_64-8.1.0-win32-seh-rt_v6-rev0/mingw64/bin/../lib/gcc/x86_64-w64-mingw32/8.1.0/../../../../x86_64-w64-mingw32/lib/../lib\libkernel32.a(dqifs01453.o)
                0x000000006fbeee10                WaitForSingleObject
 .text          0x000000006fbeee18        0x8 C:/GNU/MINGW64/x86_64-8.1.0-win32-seh-rt_v6-rev0/mingw64/bin/../lib/gcc/x86_64-w64-mingw32/8.1.0/../../../../x86_64-w64-mingw32/lib/../lib\libkernel32.a(dqifs01445.o)
                0x000000006fbeee18                VirtualQuery
 .text          0x000000006fbeee20        0x8 C:/GNU/MINGW64/x86_64-8.1.0-win32-seh-rt_v6-rev0/mingw64/bin/../lib/gcc/x86_64-w64-mingw32/8.1.0/../../../../x86_64-w64-mingw32/lib/../lib\libkernel32.a(dqifs01443.o)
                0x000000006fbeee20                VirtualProtect
 .text          0x000000006fbeee28        0x8 C:/GNU/MINGW64/x86_64-8.1.0-win32-seh-rt_v6-rev0/mingw64/bin/../lib/gcc/x86_64-w64-mingw32/8.1.0/../../../../x86_64-w64-mingw32/lib/../lib\libkernel32.a(dqifs01409.o)
                0x000000006fbeee28                UnhandledExceptionFilter
 .text          0x000000006fbeee30        0x8 C:/GNU/MINGW64/x86_64-8.1.0-win32-seh-rt_v6-rev0/mingw64/bin/../lib/gcc/x86_64-w64-mingw32/8.1.0/../../../../x86_64-w64-mingw32/lib/../lib\libkernel32.a(dqifs01396.o)
                0x000000006fbeee30                TlsSetValue
 .text          0x000000006fbeee38        0x8 C:/GNU/MINGW64/x86_64-8.1.0-win32-seh-rt_v6-rev0/mingw64/bin/../lib/gcc/x86_64-w64-mingw32/8.1.0/../../../../x86_64-w64-mingw32/lib/../lib\libkernel32.a(dqifs01395.o)
                0x000000006fbeee38                TlsGetValue
 .text          0x000000006fbeee40        0x8 C:/GNU/MINGW64/x86_64-8.1.0-win32-seh-rt_v6-rev0/mingw64/bin/../lib/gcc/x86_64-w64-mingw32/8.1.0/../../../../x86_64-w64-mingw32/lib/../lib\libkernel32.a(dqifs01394.o)
                0x000000006fbeee40                TlsFree
 .text          0x000000006fbeee48        0x8 C:/GNU/MINGW64/x86_64-8.1.0-win32-seh-rt_v6-rev0/mingw64/bin/../lib/gcc/x86_64-w64-mingw32/8.1.0/../../../../x86_64-w64-mingw32/lib/../lib\libkernel32.a(dqifs01393.o)
                0x000000006fbeee48                TlsAlloc
 .text          0x000000006fbeee50        0x8 C:/GNU/MINGW64/x86_64-8.1.0-win32-seh-rt_v6-rev0/mingw64/bin/../lib/gcc/x86_64-w64-mingw32/8.1.0/../../../../x86_64-w64-mingw32/lib/../lib\libkernel32.a(dqifs01375.o)
                0x000000006fbeee50                TerminateProcess
 .text          0x000000006fbeee58        0x8 C:/GNU/MINGW64/x86_64-8.1.0-win32-seh-rt_v6-rev0/mingw64/bin/../lib/gcc/x86_64-w64-mingw32/8.1.0/../../../../x86_64-w64-mingw32/lib/../lib\libkernel32.a(dqifs01346.o)
                0x000000006fbeee58                SetUnhandledExceptionFilter
 .text          0x000000006fbeee60        0x8 C:/GNU/MINGW64/x86_64-8.1.0-win32-seh-rt_v6-rev0/mingw64/bin/../lib/gcc/x86_64-w64-mingw32/8.1.0/../../../../x86_64-w64-mingw32/lib/../lib\libkernel32.a(dqifs01290.o)
                0x000000006fbeee60                SetLastError
 .text          0x000000006fbeee68        0x8 C:/GNU/MINGW64/x86_64-8.1.0-win32-seh-rt_v6-rev0/mingw64/bin/../lib/gcc/x86_64-w64-mingw32/8.1.0/../../../../x86_64-w64-mingw32/lib/../lib\libkernel32.a(dqifs01194.o)
                0x000000006fbeee68                RtlVirtualUnwind
 .text          0x000000006fbeee70        0x8 C:/GNU/MINGW64/x86_64-8.1.0-win32-seh-rt_v6-rev0/mingw64/bin/../lib/gcc/x86_64-w64-mingw32/8.1.0/../../../../x86_64-w64-mingw32/lib/../lib\libkernel32.a(dqifs01193.o)
                0x000000006fbeee70                RtlUnwindEx
 .text          0x000000006fbeee78        0x8 C:/GNU/MINGW64/x86_64-8.1.0-win32-seh-rt_v6-rev0/mingw64/bin/../lib/gcc/x86_64-w64-mingw32/8.1.0/../../../../x86_64-w64-mingw32/lib/../lib\libkernel32.a(dqifs01187.o)
                0x000000006fbeee78                RtlLookupFunctionEntry
 .text          0x000000006fbeee80        0x8 C:/GNU/MINGW64/x86_64-8.1.0-win32-seh-rt_v6-rev0/mingw64/bin/../lib/gcc/x86_64-w64-mingw32/8.1.0/../../../../x86_64-w64-mingw32/lib/../lib\libkernel32.a(dqifs01180.o)
                0x000000006fbeee80                RtlCaptureContext
 .text          0x000000006fbeee88        0x8 C:/GNU/MINGW64/x86_64-8.1.0-win32-seh-rt_v6-rev0/mingw64/bin/../lib/gcc/x86_64-w64-mingw32/8.1.0/../../../../x86_64-w64-mingw32/lib/../lib\libkernel32.a(dqifs01179.o)
                0x000000006fbeee88                RtlAddFunctionTable
 .text          0x000000006fbeee90        0x8 C:/GNU/MINGW64/x86_64-8.1.0-win32-seh-rt_v6-rev0/mingw64/bin/../lib/gcc/x86_64-w64-mingw32/8.1.0/../../../../x86_64-w64-mingw32/lib/../lib\libkernel32.a(dqifs01154.o)
                0x000000006fbeee90                ReleaseSemaphore
 .text          0x000000006fbeee98        0x8 C:/GNU/MINGW64/x86_64-8.1.0-win32-seh-rt_v6-rev0/mingw64/bin/../lib/gcc/x86_64-w64-mingw32/8.1.0/../../../../x86_64-w64-mingw32/lib/../lib\libkernel32.a(dqifs01112.o)
                0x000000006fbeee98                RaiseException
 .text          0x000000006fbeeea0        0x8 C:/GNU/MINGW64/x86_64-8.1.0-win32-seh-rt_v6-rev0/mingw64/bin/../lib/gcc/x86_64-w64-mingw32/8.1.0/../../../../x86_64-w64-mingw32/lib/../lib\libkernel32.a(dqifs01093.o)
                0x000000006fbeeea0                QueryPerformanceCounter
 .text          0x000000006fbeeea8        0x8 C:/GNU/MINGW64/x86_64-8.1.0-win32-seh-rt_v6-rev0/mingw64/bin/../lib/gcc/x86_64-w64-mingw32/8.1.0/../../../../x86_64-w64-mingw32/lib/../lib\libkernel32.a(dqifs00746.o)
                0x000000006fbeeea8                GetSystemTimeAsFileTime
 .text          0x000000006fbeeeb0        0x8 C:/GNU/MINGW64/x86_64-8.1.0-win32-seh-rt_v6-rev0/mingw64/bin/../lib/gcc/x86_64-w64-mingw32/8.1.0/../../../../x86_64-w64-mingw32/lib/../lib\libkernel32.a(dqifs00540.o)
                0x000000006fbeeeb0                GetCurrentThreadId
 .text          0x000000006fbeeeb8        0x8 C:/GNU/MINGW64/x86_64-8.1.0-win32-seh-rt_v6-rev0/mingw64/bin/../lib/gcc/x86_64-w64-mingw32/8.1.0/../../../../x86_64-w64-mingw32/lib/../lib\libkernel32.a(dqifs00536.o)
                0x000000006fbeeeb8                GetCurrentProcessId
 .text          0x000000006fbeeec0        0x8 C:/GNU/MINGW64/x86_64-8.1.0-win32-seh-rt_v6-rev0/mingw64/bin/../lib/gcc/x86_64-w64-mingw32/8.1.0/../../../../x86_64-w64-mingw32/lib/../lib\libkernel32.a(dqifs00535.o)
                0x000000006fbeeec0                GetCurrentProcess
 .text          0x000000006fbeeec8        0x8 C:/GNU/MINGW64/x86_64-8.1.0-win32-seh-rt_v6-rev0/mingw64/bin/../lib/gcc/x86_64-w64-mingw32/8.1.0/../../../../x86_64-w64-mingw32/lib/../lib\libkernel32.a(dqifs00268.o)
                0x000000006fbeeec8                DeleteCriticalSection
 .text          0x000000006fbeeed0        0x8 C:/GNU/MINGW64/x86_64-8.1.0-win32-seh-rt_v6-rev0/mingw64/bin/../lib/gcc/x86_64-w64-mingw32/8.1.0/../../../../x86_64-w64-mingw32/lib/../lib\libkernel32.a(dqifs00231.o)
                0x000000006fbeeed0                CreateSemaphoreW
 .text          0x000000006fbeeed8        0x8 C:/GNU/MINGW64/x86_64-8.1.0-win32-seh-rt_v6-rev0/mingw64/bin/../lib/gcc/x86_64-w64-mingw32/8.1.0/../../../../x86_64-w64-mingw32/lib/../lib\libkernel32.a(dqifs00130.o)
                0x000000006fbeeed8                CloseHandle
 .text          0x000000006fbeeee0       0x30 C:/GNU/MINGW64/x86_64-8.1.0-win32-seh-rt_v6-rev0/mingw64/bin/../lib/gcc/x86_64-w64-mingw32/8.1.0/../../../../x86_64-w64-mingw32/lib/../lib\libmingw32.a(lib64_libmingw32_a-tlsmthread.o)
                0x000000006fbeeee0                __mingwthr_remove_key_dtor
                0x000000006fbeeef0                __mingwthr_key_dtor
 .text          0x000000006fbeef10        0x0 C:/GNU/MINGW64/x86_64-8.1.0-win32-seh-rt_v6-rev0/mingw64/bin/../lib/gcc/x86_64-w64-mingw32/8.1.0/crtend.o
 *(SORT_BY_NAME(.text$*))
 .text$_ZGTtNKSt13bad_exceptionD1Ev
                0x000000006fbeef10       0x10 C:/GNU/MINGW64/x86_64-8.1.0-win32-seh-rt_v6-rev0/mingw64/bin/../lib/gcc/x86_64-w64-mingw32/8.1.0\libstdc++.a(eh_exception.o)
                0x000000006fbeef10                transaction clone for std::bad_exception::~bad_exception() const
 .text$_ZGTtNKSt9exceptionD1Ev
                0x000000006fbeef20       0x10 C:/GNU/MINGW64/x86_64-8.1.0-win32-seh-rt_v6-rev0/mingw64/bin/../lib/gcc/x86_64-w64-mingw32/8.1.0\libstdc++.a(eh_exception.o)
                0x000000006fbeef20                transaction clone for std::exception::~exception() const
 .text$_ZL15get_ttype_entryP16lsda_header_infoy
                0x000000006fbeef30       0x90 C:/GNU/MINGW64/x86_64-8.1.0-win32-seh-rt_v6-rev0/mingw64/bin/../lib/gcc/x86_64-w64-mingw32/8.1.0\libstdc++.a(eh_personality.o)
 .text$_ZL16get_adjusted_ptrPKSt9type_infoS1_PPv
                0x000000006fbeefc0       0x60 C:/GNU/MINGW64/x86_64-8.1.0-win32-seh-rt_v6-rev0/mingw64/bin/../lib/gcc/x86_64-w64-mingw32/8.1.0\libstdc++.a(eh_personality.o)
 .text$_ZL17parse_lsda_headerP15_Unwind_ContextPKhP16lsda_header_info
                0x000000006fbef020       0xf0 C:/GNU/MINGW64/x86_64-8.1.0-win32-seh-rt_v6-rev0/mingw64/bin/../lib/gcc/x86_64-w64-mingw32/8.1.0\libstdc++.a(eh_personality.o)
 .text$_ZL20check_exception_specP16lsda_header_infoPKSt9type_infoPvx
                0x000000006fbef110       0x80 C:/GNU/MINGW64/x86_64-8.1.0-win32-seh-rt_v6-rev0/mingw64/bin/../lib/gcc/x86_64-w64-mingw32/8.1.0\libstdc++.a(eh_personality.o)
 .text$_ZL21base_of_encoded_valuehP15_Unwind_Context
                0x000000006fbef190       0x70 C:/GNU/MINGW64/x86_64-8.1.0-win32-seh-rt_v6-rev0/mingw64/bin/../lib/gcc/x86_64-w64-mingw32/8.1.0\libstdc++.a(eh_personality.o)
 .text$_ZL23__gxx_exception_cleanup19_Unwind_Reason_CodeP17_Unwind_Exception
                0x000000006fbef200       0x40 C:/GNU/MINGW64/x86_64-8.1.0-win32-seh-rt_v6-rev0/mingw64/bin/../lib/gcc/x86_64-w64-mingw32/8.1.0\libstdc++.a(eh_throw.o)
 .text$_ZL28read_encoded_value_with_basehyPKhPy
                0x000000006fbef240      0x160 C:/GNU/MINGW64/x86_64-8.1.0-win32-seh-rt_v6-rev0/mingw64/bin/../lib/gcc/x86_64-w64-mingw32/8.1.0\libstdc++.a(eh_personality.o)
 .text$_ZN10__cxxabiv111__terminateEPFvvE
                0x000000006fbef3a0       0x40 C:/GNU/MINGW64/x86_64-8.1.0-win32-seh-rt_v6-rev0/mingw64/bin/../lib/gcc/x86_64-w64-mingw32/8.1.0\libstdc++.a(eh_terminate.o)
                0x000000006fbef3a0                __cxxabiv1::__terminate(void (*)())
 .text$_ZN10__cxxabiv112__unexpectedEPFvvE
                0x000000006fbef3e0       0x10 C:/GNU/MINGW64/x86_64-8.1.0-win32-seh-rt_v6-rev0/mingw64/bin/../lib/gcc/x86_64-w64-mingw32/8.1.0\libstdc++.a(eh_terminate.o)
                0x000000006fbef3e0                __cxxabiv1::__unexpected(void (*)())
 .text$_ZN10__cxxabiv115__forced_unwindD0Ev
                0x000000006fbef3f0       0x10 C:/GNU/MINGW64/x86_64-8.1.0-win32-seh-rt_v6-rev0/mingw64/bin/../lib/gcc/x86_64-w64-mingw32/8.1.0\libstdc++.a(eh_exception.o)
                0x000000006fbef3f0                __cxxabiv1::__forced_unwind::~__forced_unwind()
 .text$_ZN10__cxxabiv115__forced_unwindD2Ev
                0x000000006fbef400       0x10 C:/GNU/MINGW64/x86_64-8.1.0-win32-seh-rt_v6-rev0/mingw64/bin/../lib/gcc/x86_64-w64-mingw32/8.1.0\libstdc++.a(eh_exception.o)
                0x000000006fbef400                __cxxabiv1::__forced_unwind::~__forced_unwind()
                0x000000006fbef400                __cxxabiv1::__forced_unwind::~__forced_unwind()
 .text$_ZN10__cxxabiv117__class_type_infoD0Ev
                0x000000006fbef410       0x30 C:/GNU/MINGW64/x86_64-8.1.0-win32-seh-rt_v6-rev0/mingw64/bin/../lib/gcc/x86_64-w64-mingw32/8.1.0\libstdc++.a(class_type_info.o)
                0x000000006fbef410                __cxxabiv1::__class_type_info::~__class_type_info()
 .text$_ZN10__cxxabiv117__class_type_infoD2Ev
                0x000000006fbef440       0x10 C:/GNU/MINGW64/x86_64-8.1.0-win32-seh-rt_v6-rev0/mingw64/bin/../lib/gcc/x86_64-w64-mingw32/8.1.0\libstdc++.a(class_type_info.o)
                0x000000006fbef440                __cxxabiv1::__class_type_info::~__class_type_info()
                0x000000006fbef440                __cxxabiv1::__class_type_info::~__class_type_info()
 .text$_ZN10__cxxabiv119__foreign_exceptionD0Ev
                0x000000006fbef450       0x10 C:/GNU/MINGW64/x86_64-8.1.0-win32-seh-rt_v6-rev0/mingw64/bin/../lib/gcc/x86_64-w64-mingw32/8.1.0\libstdc++.a(eh_exception.o)
                0x000000006fbef450                __cxxabiv1::__foreign_exception::~__foreign_exception()
 .text$_ZN10__cxxabiv119__foreign_exceptionD2Ev
                0x000000006fbef460       0x10 C:/GNU/MINGW64/x86_64-8.1.0-win32-seh-rt_v6-rev0/mingw64/bin/../lib/gcc/x86_64-w64-mingw32/8.1.0\libstdc++.a(eh_exception.o)
                0x000000006fbef460                __cxxabiv1::__foreign_exception::~__foreign_exception()
                0x000000006fbef460                __cxxabiv1::__foreign_exception::~__foreign_exception()
 .text$_ZN10__cxxabiv120__si_class_type_infoD0Ev
                0x000000006fbef470       0x30 C:/GNU/MINGW64/x86_64-8.1.0-win32-seh-rt_v6-rev0/mingw64/bin/../lib/gcc/x86_64-w64-mingw32/8.1.0\libstdc++.a(si_class_type_info.o)
                0x000000006fbef470                __cxxabiv1::__si_class_type_info::~__si_class_type_info()
 .text$_ZN10__cxxabiv120__si_class_type_infoD2Ev
                0x000000006fbef4a0       0x10 C:/GNU/MINGW64/x86_64-8.1.0-win32-seh-rt_v6-rev0/mingw64/bin/../lib/gcc/x86_64-w64-mingw32/8.1.0\libstdc++.a(si_class_type_info.o)
                0x000000006fbef4a0                __cxxabiv1::__si_class_type_info::~__si_class_type_info()
                0x000000006fbef4a0                __cxxabiv1::__si_class_type_info::~__si_class_type_info()
 .text$_ZN10__cxxabiv121__vmi_class_type_infoD0Ev
                0x000000006fbef4b0       0x30 C:/GNU/MINGW64/x86_64-8.1.0-win32-seh-rt_v6-rev0/mingw64/bin/../lib/gcc/x86_64-w64-mingw32/8.1.0\libstdc++.a(vmi_class_type_info.o)
                0x000000006fbef4b0                __cxxabiv1::__vmi_class_type_info::~__vmi_class_type_info()
 .text$_ZN10__cxxabiv121__vmi_class_type_infoD2Ev
                0x000000006fbef4e0       0x10 C:/GNU/MINGW64/x86_64-8.1.0-win32-seh-rt_v6-rev0/mingw64/bin/../lib/gcc/x86_64-w64-mingw32/8.1.0\libstdc++.a(vmi_class_type_info.o)
                0x000000006fbef4e0                __cxxabiv1::__vmi_class_type_info::~__vmi_class_type_info()
                0x000000006fbef4e0                __cxxabiv1::__vmi_class_type_info::~__vmi_class_type_info()
 .text$_ZN10__cxxabiv1L21__gxx_personality_impEiiyP17_Unwind_ExceptionP15_Unwind_Context
                0x000000006fbef4f0      0x5b0 C:/GNU/MINGW64/x86_64-8.1.0-win32-seh-rt_v6-rev0/mingw64/bin/../lib/gcc/x86_64-w64-mingw32/8.1.0\libstdc++.a(eh_personality.o)
 .text$_ZN12_GLOBAL__N_14pool4freeEPv.constprop.2
                0x000000006fbefaa0      0x170 C:/GNU/MINGW64/x86_64-8.1.0-win32-seh-rt_v6-rev0/mingw64/bin/../lib/gcc/x86_64-w64-mingw32/8.1.0\libstdc++.a(eh_alloc.o)
 .text$_ZN12_GLOBAL__N_14pool8allocateEy.constprop.3
                0x000000006fbefc10      0x150 C:/GNU/MINGW64/x86_64-8.1.0-win32-seh-rt_v6-rev0/mingw64/bin/../lib/gcc/x86_64-w64-mingw32/8.1.0\libstdc++.a(eh_alloc.o)
 .text$_ZN8Palmtree4Math4Core8Internal11ParserState22ParseAsHexNumberStringEv
                0x000000006fbefd60       0x80 ../build/x64_Debug/pmc_parse.o
                0x000000006fbefd60                Palmtree::Math::Core::Internal::ParserState::ParseAsHexNumberString()
 .text$_ZN8Palmtree4Math4Core8Internal11ParserState26ParseAsDecimalNumberStringEv
                0x000000006fbefde0     0x17d0 ../build/x64_Debug/pmc_parse.o
                0x000000006fbefde0                Palmtree::Math::Core::Internal::ParserState::ParseAsDecimalNumberString()
 .text$_ZN8Palmtree4Math4Core8Internal11ParserState32ParseAsIntegerPartNumberSequenceEv
                0x000000006fbf15b0      0x160 ../build/x64_Debug/pmc_parse.o
                0x000000006fbf15b0                Palmtree::Math::Core::Internal::ParserState::ParseAsIntegerPartNumberSequence()
 .text$_ZN8Palmtree4Math4Core8Internal11ParserState33ParseAsFractionPartNumberSequenceEv
                0x000000006fbf1710       0xb0 ../build/x64_Debug/pmc_parse.o
                0x000000006fbf1710                Palmtree::Math::Core::Internal::ParserState::ParseAsFractionPartNumberSequence()
 .text$_ZN8Palmtree4Math4Core8Internal11ParserStateC1EPKwjPKNS2_28__tag_PMC_NUMBER_FORMAT_INFOEPcPwySA_y
                0x000000006fbf17c0      0x490 ../build/x64_Debug/pmc_parse.o
                0x000000006fbf17c0                Palmtree::Math::Core::Internal::ParserState::ParserState(wchar_t const*, unsigned int, Palmtree::Math::Core::Internal::__tag_PMC_NUMBER_FORMAT_INFO const*, char*, wchar_t*, unsigned long long, wchar_t*, unsigned long long)
 .text$_ZN8Palmtree4Math4Core8Internal11ParserStateD1Ev
                0x000000006fbf1c50       0x10 ../build/x64_Debug/pmc_parse.o
                0x000000006fbf1c50                Palmtree::Math::Core::Internal::ParserState::~ParserState()
 .text$_ZN8Palmtree4Math4Core8Internal12StringReader10SkipStringEPKw
                0x000000006fbf1c60       0xb0 ../build/x64_Debug/pmc_parse.o
                0x000000006fbf1c60                Palmtree::Math::Core::Internal::StringReader::SkipString(wchar_t const*)
 .text$_ZN8Palmtree4Math4Core8Internal12StringReader10StartsWithEPKw
                0x000000006fbf1d10       0x30 ../build/x64_Debug/pmc_parse.o
                0x000000006fbf1d10                Palmtree::Math::Core::Internal::StringReader::StartsWith(wchar_t const*)
 .text$_ZN8Palmtree4Math4Core8Internal12StringReader10StartsWithEPKwS5_
                0x000000006fbf1d40       0x50 ../build/x64_Debug/pmc_parse.o
                0x000000006fbf1d40                Palmtree::Math::Core::Internal::StringReader::StartsWith(wchar_t const*, wchar_t const*)
 .text$_ZN8Palmtree4Math4Core8Internal12StringReader8PeekCharEv
                0x000000006fbf1d90       0x20 ../build/x64_Debug/pmc_parse.o
                0x000000006fbf1d90                Palmtree::Math::Core::Internal::StringReader::PeekChar()
 .text$_ZN8Palmtree4Math4Core8Internal12StringReader8ProgressEv
                0x000000006fbf1db0       0x80 ../build/x64_Debug/pmc_parse.o
                0x000000006fbf1db0                Palmtree::Math::Core::Internal::StringReader::Progress()
 .text$_ZN8Palmtree4Math4Core8Internal12StringReader8ReadCharEv
                0x000000006fbf1e30       0x40 ../build/x64_Debug/pmc_tostring.o
                0x000000006fbf1e30                Palmtree::Math::Core::Internal::StringReader::ReadChar()
 .text$_ZN8Palmtree4Math4Core8Internal12StringReader8ReadCharEw
                0x000000006fbf1e70       0x60 ../build/x64_Debug/pmc_tostring.o
                0x000000006fbf1e70                Palmtree::Math::Core::Internal::StringReader::ReadChar(wchar_t)
 .text$_ZN8Palmtree4Math4Core8Internal12StringReader9SkipSpaceEv
                0x000000006fbf1ed0       0x50 ../build/x64_Debug/pmc_parse.o
                0x000000006fbf1ed0                Palmtree::Math::Core::Internal::StringReader::SkipSpace()
 .text$_ZN8Palmtree4Math4Core8Internal12StringReaderC1EPKw
                0x000000006fbf1f20       0x30 ../build/x64_Debug/pmc_parse.o
                0x000000006fbf1f20                Palmtree::Math::Core::Internal::StringReader::StringReader(wchar_t const*)
 .text$_ZN8Palmtree4Math4Core8Internal12StringReaderC2EPKw
                0x000000006fbf1f50       0x30 ../build/x64_Debug/pmc_tostring.o
                0x000000006fbf1f50                Palmtree::Math::Core::Internal::StringReader::StringReader(wchar_t const*)
 .text$_ZN8Palmtree4Math4Core8Internal12StringWriter5WriteEPKw
                0x000000006fbf1f80       0x50 ../build/x64_Debug/pmc_parse.o
                0x000000006fbf1f80                Palmtree::Math::Core::Internal::StringWriter::Write(wchar_t const*)
 .text$_ZN8Palmtree4Math4Core8Internal12StringWriter5WriteEw
                0x000000006fbf1fd0       0xc0 ../build/x64_Debug/pmc_parse.o
                0x000000006fbf1fd0                Palmtree::Math::Core::Internal::StringWriter::Write(wchar_t)
 .text$_ZN8Palmtree4Math4Core8Internal12StringWriter5WriteEwy
                0x000000006fbf2090       0x50 ../build/x64_Debug/pmc_tostring.o
                0x000000006fbf2090                Palmtree::Math::Core::Internal::StringWriter::Write(wchar_t, unsigned long long)
 .text$_ZN8Palmtree4Math4Core8Internal12StringWriter9GetLengthEv
                0x000000006fbf20e0       0x20 ../build/x64_Debug/pmc_tostring.o
                0x000000006fbf20e0                Palmtree::Math::Core::Internal::StringWriter::GetLength()
 .text$_ZN8Palmtree4Math4Core8Internal12StringWriter9GetStringEv
                0x000000006fbf2100       0x20 ../build/x64_Debug/pmc_parse.o
                0x000000006fbf2100                Palmtree::Math::Core::Internal::StringWriter::GetString()
 .text$_ZN8Palmtree4Math4Core8Internal12StringWriterC1EPwS4_S4_
                0x000000006fbf2120       0x60 ../build/x64_Debug/pmc_parse.o
                0x000000006fbf2120                Palmtree::Math::Core::Internal::StringWriter::StringWriter(wchar_t*, wchar_t*, wchar_t*)
 .text$_ZN8Palmtree4Math4Core8Internal12StringWriterC1EPwy
                0x000000006fbf2180       0x60 ../build/x64_Debug/pmc_parse.o
                0x000000006fbf2180                Palmtree::Math::Core::Internal::StringWriter::StringWriter(wchar_t*, unsigned long long)
 .text$_ZN8Palmtree4Math4Core8Internal12StringWriterC2EPwS4_S4_
                0x000000006fbf21e0       0x60 ../build/x64_Debug/pmc_tostring.o
                0x000000006fbf21e0                Palmtree::Math::Core::Internal::StringWriter::StringWriter(wchar_t*, wchar_t*, wchar_t*)
 .text$_ZN8Palmtree4Math4Core8Internal14ResourceHolder16__ChainBufferTag4LinkEPS4_
                0x000000006fbf2240       0x50 ../build/x64_Debug/pmc_memory.o
                0x000000006fbf2240                Palmtree::Math::Core::Internal::ResourceHolder::__ChainBufferTag::Link(Palmtree::Math::Core::Internal::ResourceHolder::__ChainBufferTag*)
 .text$_ZN8Palmtree4Math4Core8Internal14ResourceHolder16__ChainBufferTag4NextEv
                0x000000006fbf2290       0x20 ../build/x64_Debug/pmc_memory.o
                0x000000006fbf2290                Palmtree::Math::Core::Internal::ResourceHolder::__ChainBufferTag::Next()
 .text$_ZN8Palmtree4Math4Core8Internal14ResourceHolder16__ChainBufferTag5CheckEv
                0x000000006fbf22b0       0x10 ../build/x64_Debug/pmc_memory.o
                0x000000006fbf22b0                Palmtree::Math::Core::Internal::ResourceHolder::__ChainBufferTag::Check()
 .text$_ZN8Palmtree4Math4Core8Internal14ResourceHolder16__ChainBufferTag5ClearEv
                0x000000006fbf22c0       0x10 ../build/x64_Debug/pmc_memory.o