Archive member included to satisfy reference by file (symbol)

C:/GNU/MINGW64/i686-8.1.0-win32-dwarf-rt_v6-rev0/mingw32/bin/../lib/gcc/i686-w64-mingw32/8.1.0/../../../../i686-w64-mingw32/lib/../lib/libkernel32.a(dgzcs01342.o)
                              ../build/x86_Release/pmc_parse.o (_imp__lstrlenW@4)
C:/GNU/MINGW64/i686-8.1.0-win32-dwarf-rt_v6-rev0/mingw32/bin/../lib/gcc/i686-w64-mingw32/8.1.0/../../../../i686-w64-mingw32/lib/../lib/libkernel32.a(dgzcs01336.o)
                              ../build/x86_Release/pmc_parse.o (_imp__lstrcpyW@8)
C:/GNU/MINGW64/i686-8.1.0-win32-dwarf-rt_v6-rev0/mingw32/bin/../lib/gcc/i686-w64-mingw32/8.1.0/../../../../i686-w64-mingw32/lib/../lib/libkernel32.a(dgzcs01335.o)
                              ../build/x86_Release/pmc_parse.o (_imp__lstrcpyA@8)
C:/GNU/MINGW64/i686-8.1.0-win32-dwarf-rt_v6-rev0/mingw32/bin/../lib/gcc/i686-w64-mingw32/8.1.0/../../../../i686-w64-mingw32/lib/../lib/libkernel32.a(dgzcs00729.o)
                              ../build/x86_Release/memory.o (_imp__HeapFree@12)
C:/GNU/MINGW64/i686-8.1.0-win32-dwarf-rt_v6-rev0/mingw32/bin/../lib/gcc/i686-w64-mingw32/8.1.0/../../../../i686-w64-mingw32/lib/../lib/libkernel32.a(dgzcs00727.o)
                              ../build/x86_Release/memory.o (_imp__HeapDestroy@4)
C:/GNU/MINGW64/i686-8.1.0-win32-dwarf-rt_v6-rev0/mingw32/bin/../lib/gcc/i686-w64-mingw32/8.1.0/../../../../i686-w64-mingw32/lib/../lib/libkernel32.a(dgzcs00725.o)
                              ../build/x86_Release/memory.o (_imp__HeapCreate@12)
C:/GNU/MINGW64/i686-8.1.0-win32-dwarf-rt_v6-rev0/mingw32/bin/../lib/gcc/i686-w64-mingw32/8.1.0/../../../../i686-w64-mingw32/lib/../lib/libkernel32.a(dgzcs00723.o)
                              ../build/x86_Release/memory.o (_imp__HeapAlloc@12)
C:/GNU/MINGW64/i686-8.1.0-win32-dwarf-rt_v6-rev0/mingw32/bin/../lib/gcc/i686-w64-mingw32/8.1.0/../../../../i686-w64-mingw32/lib/../lib/libkernel32.a(dgzch.o)
                              C:/GNU/MINGW64/i686-8.1.0-win32-dwarf-rt_v6-rev0/mingw32/bin/../lib/gcc/i686-w64-mingw32/8.1.0/../../../../i686-w64-mingw32/lib/../lib/libkernel32.a(dgzcs01342.o) (_head_lib32_libkernel32_a)
C:/GNU/MINGW64/i686-8.1.0-win32-dwarf-rt_v6-rev0/mingw32/bin/../lib/gcc/i686-w64-mingw32/8.1.0/../../../../i686-w64-mingw32/lib/../lib/libkernel32.a(dgzct.o)
                              C:/GNU/MINGW64/i686-8.1.0-win32-dwarf-rt_v6-rev0/mingw32/bin/../lib/gcc/i686-w64-mingw32/8.1.0/../../../../i686-w64-mingw32/lib/../lib/libkernel32.a(dgzch.o) (_lib32_libkernel32_a_iname)

Allocating common symbols
Common symbol       size              file

number_zero         0x24              ../build/x86_Release/memory.o
number_one          0x24              ../build/x86_Release/memory.o
statistics_info     0x10              ../build/x86_Release/pmc_statistics.o
hLocalHeap          0x4               ../build/x86_Release/memory.o
configuration_info  0x4               ../build/x86_Release/pmc_initialize.o

Discarded input sections

 .drectve       0x00000000       0x14 ../build/x86_Release/debug.o
 .drectve       0x00000000       0x54 ../build/x86_Release/memory.o
 .drectve       0x00000000       0x24 ../build/x86_Release/pmc_initialize.o
 .drectve       0x00000000       0x20 ../build/x86_Release/pmc_statistics.o
 .text          0x00000000        0x8 C:/GNU/MINGW64/i686-8.1.0-win32-dwarf-rt_v6-rev0/mingw32/bin/../lib/gcc/i686-w64-mingw32/8.1.0/../../../../i686-w64-mingw32/lib/../lib/libkernel32.a(dgzcs01342.o)
 .text          0x00000000        0x8 C:/GNU/MINGW64/i686-8.1.0-win32-dwarf-rt_v6-rev0/mingw32/bin/../lib/gcc/i686-w64-mingw32/8.1.0/../../../../i686-w64-mingw32/lib/../lib/libkernel32.a(dgzcs01336.o)
 .text          0x00000000        0x8 C:/GNU/MINGW64/i686-8.1.0-win32-dwarf-rt_v6-rev0/mingw32/bin/../lib/gcc/i686-w64-mingw32/8.1.0/../../../../i686-w64-mingw32/lib/../lib/libkernel32.a(dgzcs01335.o)
 .text          0x00000000        0x8 C:/GNU/MINGW64/i686-8.1.0-win32-dwarf-rt_v6-rev0/mingw32/bin/../lib/gcc/i686-w64-mingw32/8.1.0/../../../../i686-w64-mingw32/lib/../lib/libkernel32.a(dgzcs00729.o)
 .text          0x00000000        0x8 C:/GNU/MINGW64/i686-8.1.0-win32-dwarf-rt_v6-rev0/mingw32/bin/../lib/gcc/i686-w64-mingw32/8.1.0/../../../../i686-w64-mingw32/lib/../lib/libkernel32.a(dgzcs00727.o)
 .text          0x00000000        0x8 C:/GNU/MINGW64/i686-8.1.0-win32-dwarf-rt_v6-rev0/mingw32/bin/../lib/gcc/i686-w64-mingw32/8.1.0/../../../../i686-w64-mingw32/lib/../lib/libkernel32.a(dgzcs00725.o)
 .text          0x00000000        0x8 C:/GNU/MINGW64/i686-8.1.0-win32-dwarf-rt_v6-rev0/mingw32/bin/../lib/gcc/i686-w64-mingw32/8.1.0/../../../../i686-w64-mingw32/lib/../lib/libkernel32.a(dgzcs00723.o)

Memory Configuration

Name             Origin             Length             Attributes
*default*        0x00000000         0xffffffff

Linker script and memory map

                0x6cf00000                __image_base__ = 0x6cf00000
                0x00000000                __dll__ = 0x0
                0x6cf00000                ___ImageBase = 0x6cf00000
                0x00001000                __section_alignment__ = 0x1000
                0x00000200                __file_alignment__ = 0x200
                0x00000004                __major_os_version__ = 0x4
                0x00000000                __minor_os_version__ = 0x0
                0x00000001                __major_image_version__ = 0x1
                0x00000000                __minor_image_version__ = 0x0
                0x00000004                __major_subsystem_version__ = 0x4
                0x00000000                __minor_subsystem_version__ = 0x0
                0x00000002                __subsystem__ = 0x2
                0x00200000                __size_of_stack_reserve__ = 0x200000
                0x00001000                __size_of_stack_commit__ = 0x1000
                0x00100000                __size_of_heap_reserve__ = 0x100000
                0x00001000                __size_of_heap_commit__ = 0x1000
                0x00000000                __loader_flags__ = 0x0
                0x00000000                __dll_characteristics__ = 0x0
LOAD ../build/x86_Release/cpuid.o
LOAD ../build/x86_Release/debug.o
LOAD ../build/x86_Release/dllmain.o
LOAD ../build/x86_Release/INTERNALTEST_op_DivRem.o
LOAD ../build/x86_Release/INTERNALTEST_op_Multiply.o
LOAD ../build/x86_Release/memory.o
LOAD ../build/x86_Release/pmc_add.o
LOAD ../build/x86_Release/pmc_bitwiseand.o
LOAD ../build/x86_Release/pmc_bitwiseor.o
LOAD ../build/x86_Release/pmc_bytes.o
LOAD ../build/x86_Release/pmc_clone.o
LOAD ../build/x86_Release/pmc_compare.o
LOAD ../build/x86_Release/pmc_divrem.o
LOAD ../build/x86_Release/pmc_equals.o
LOAD ../build/x86_Release/pmc_exclusiveor.o
LOAD ../build/x86_Release/pmc_from.o
LOAD ../build/x86_Release/pmc_getpropertyvalue.o
LOAD ../build/x86_Release/pmc_greatestcommondivisor.o
LOAD ../build/x86_Release/pmc_initialize.o
LOAD ../build/x86_Release/pmc_modpow.o
LOAD ../build/x86_Release/pmc_multiply.o
LOAD ../build/x86_Release/pmc_parse.o
LOAD ../build/x86_Release/pmc_pow.o
LOAD ../build/x86_Release/pmc_shift.o
LOAD ../build/x86_Release/pmc_statistics.o
LOAD ../build/x86_Release/pmc_subtruct.o
LOAD ../build/x86_Release/pmc_to.o
LOAD ../build/x86_Release/pmc_tostring.o
LOAD ../build/x86_Release/TEST_autogenerated.o
LOAD ../build/x86_Release/TEST_op_Add.o
LOAD ../build/x86_Release/TEST_op_BitwiseAnd.o
LOAD ../build/x86_Release/TEST_op_BitwiseOr.o
LOAD ../build/x86_Release/TEST_op_Clone.o
LOAD ../build/x86_Release/TEST_op_Compare.o
LOAD ../build/x86_Release/TEST_op_DivRem.o
LOAD ../build/x86_Release/TEST_op_Equals.o
LOAD ../build/x86_Release/TEST_op_ExclusiveOr.o
LOAD ../build/x86_Release/TEST_op_From_To.o
LOAD ../build/x86_Release/TEST_op_GetPropertyValue.o
LOAD ../build/x86_Release/TEST_op_GreatestCommonDivisor.o
LOAD ../build/x86_Release/TEST_op_ModPow.o
LOAD ../build/x86_Release/TEST_op_Multiply.o
LOAD ../build/x86_Release/TEST_op_ParseDN.o
LOAD ../build/x86_Release/TEST_op_ParseX.o
LOAD ../build/x86_Release/TEST_op_Pow.o
LOAD ../build/x86_Release/TEST_op_Shift.o
LOAD ../build/x86_Release/TEST_op_Subtruct.o
LOAD ../build/x86_Release/TEST_op_ToStringD.o
LOAD ../build/x86_Release/TEST_op_ToStringN.o
LOAD ../build/x86_Release/TEST_op_ToStringX.o
LOAD ../build/x86_Release/version.o
LOAD C:/GNU/MINGW64/i686-8.1.0-win32-dwarf-rt_v6-rev0/mingw32/bin/../lib/gcc/i686-w64-mingw32/8.1.0/../../../../i686-w64-mingw32/lib/../lib/libkernel32.a
LOAD C:/GNU/MINGW64/i686-8.1.0-win32-dwarf-rt_v6-rev0/mingw32/bin/../lib/gcc/i686-w64-mingw32/8.1.0/../../../../i686-w64-mingw32/lib/../lib/libuser32.a
                0x000002e0                . = SIZEOF_HEADERS
                0x00001000                . = ALIGN (__section_alignment__)

.text           0x6cf01000     0xfe00
 *(.init)
 *(.text)
 .text          0x6cf01000       0xb0 ../build/x86_Release/cpuid.o
                0x6cf01000                GetCPUInfo
 .text          0x6cf010b0       0x10 ../build/x86_Release/debug.o
                0x6cf010b0                DoDebug@4
 .text          0x6cf010c0       0x50 ../build/x86_Release/dllmain.o
                0x6cf010c0                DllMain@12
 .text          0x6cf01110        0x0 ../build/x86_Release/INTERNALTEST_op_DivRem.o
 .text          0x6cf01110        0x0 ../build/x86_Release/INTERNALTEST_op_Multiply.o
 .text          0x6cf01110      0x8f0 ../build/x86_Release/memory.o
                0x6cf012f0                AllocateBlock
                0x6cf013c0                DeallocateBlock
                0x6cf014e0                CheckBlockLight
                0x6cf014f0                AttatchNumber
                0x6cf01570                AllocateNumber
                0x6cf01610                DetatchNumber
                0x6cf01630                DeallocateNumber
                0x6cf01650                CommitNumber
                0x6cf017a0                CheckNumber
                0x6cf017d0                DuplicateNumber
                0x6cf01870                PMC_Dispose@4
                0x6cf018a0                Initialize_Memory
                0x6cf01980                AllocateHeapArea
                0x6cf019c0                DeallocateHeapArea
 .text          0x6cf01a00      0xf90 ../build/x86_Release/pmc_add.o
                0x6cf02680                PMC_Add_I_X@12
                0x6cf026d0                PMC_Add_X_I@12
                0x6cf02720                PMC_Add_L_X@16
                0x6cf02780                PMC_Add_X_L@16
                0x6cf027e0                PMC_Add_X_X@12
                0x6cf02970                Initialize_Add
 .text          0x6cf02990      0x5d0 ../build/x86_Release/pmc_bitwiseand.o
                0x6cf02990                PMC_BitwiseAnd_I_X@12
                0x6cf029f0                PMC_BitwiseAnd_X_I@12
                0x6cf02a50                PMC_BitwiseAnd_L_X@16
                0x6cf02ae0                PMC_BitwiseAnd_X_L@16
                0x6cf02b70                PMC_BitwiseAnd_X_X@12
                0x6cf02f50                Initialize_BitwiseAnd
 .text          0x6cf02f60      0x830 ../build/x86_Release/pmc_bitwiseor.o
                0x6cf031e0                PMC_BitwiseOr_I_X@12
                0x6cf03230                PMC_BitwiseOr_X_I@12
                0x6cf03280                PMC_BitwiseOr_L_X@16
                0x6cf032e0                PMC_BitwiseOr_X_L@16
                0x6cf03340                PMC_BitwiseOr_X_X@12
                0x6cf03780                Initialize_BitwiseOr
 .text          0x6cf03790      0x140 ../build/x86_Release/pmc_bytes.o
                0x6cf03790                PMC_FromByteArray@12
                0x6cf03850                PMC_ToByteArray@16
 .text          0x6cf038d0       0x80 ../build/x86_Release/pmc_clone.o
                0x6cf038d0                PMC_Clone_X@8
                0x6cf03940                Initialize_Clone
 .text          0x6cf03950      0x470 ../build/x86_Release/pmc_compare.o
                0x6cf03a50                Compare_Imp
                0x6cf03ac0                PMC_Compare_I_X@12
                0x6cf03b20                PMC_Compare_X_I@12
                0x6cf03b70                PMC_Compare_L_X@16
                0x6cf03c00                PMC_Compare_X_L@16
                0x6cf03c90                PMC_Compare_X_X@12
                0x6cf03db0                Initialize_Compare
 .text          0x6cf03dc0     0x3b70 ../build/x86_Release/pmc_divrem.o
                0x6cf068a0                DivRem_X_1W
                0x6cf06bf0                DivRem_X_X
                0x6cf06cd0                PMC_DivRem_I_X@16
                0x6cf06dc0                PMC_DivRem_X_I@16
                0x6cf06f50                PMC_DivRem_L_X@20
                0x6cf07200                PMC_DivRem_X_L@20
                0x6cf07560                PMC_DivRem_X_X@16
                0x6cf07900                Initialize_DivRem
 .text          0x6cf07930      0x3f0 ../build/x86_Release/pmc_equals.o
                0x6cf079f0                Equals_X_X
                0x6cf07a30                PMC_Equals_I_X@12
                0x6cf07a80                PMC_Equals_X_I@12
                0x6cf07ad0                PMC_Equals_L_X@16
                0x6cf07b80                PMC_Equals_X_L@16
                0x6cf07c30                PMC_Equals_X_X@12
                0x6cf07d10                Initialize_Equals
 .text          0x6cf07d20      0x880 ../build/x86_Release/pmc_exclusiveor.o
                0x6cf07fe0                PMC_ExclusiveOr_I_X@12
                0x6cf08030                PMC_ExclusiveOr_X_I@12
                0x6cf08080                PMC_ExclusiveOr_L_X@16
                0x6cf080e0                PMC_ExclusiveOr_X_L@16
                0x6cf08140                PMC_ExclusiveOr_X_X@12
                0x6cf08590                Initialize_ExclusiveOr
 .text          0x6cf085a0      0x180 ../build/x86_Release/pmc_from.o
                0x6cf085a0                From_I_Imp
                0x6cf085f0                From_L_Imp
                0x6cf08670                PMC_From_I@8
                0x6cf086c0                PMC_From_L@12
                0x6cf08710                Initialize_From
 .text          0x6cf08720       0xc0 ../build/x86_Release/pmc_getpropertyvalue.o
                0x6cf08720                PMC_GetPropertyValue_X_I@12
                0x6cf087d0                Initialize_GetPropertyValue
 .text          0x6cf087e0      0xcd0 ../build/x86_Release/pmc_greatestcommondivisor.o
                0x6cf09020                PMC_GreatestCommonDivisor_I_X@12
                0x6cf09070                PMC_GreatestCommonDivisor_X_I@12
                0x6cf090c0                PMC_GreatestCommonDivisor_L_X@16
                0x6cf09120                PMC_GreatestCommonDivisor_X_L@16
                0x6cf09180                PMC_GreatestCommonDivisor_X_X@12
                0x6cf094a0                Initialize_GreatestCommonDivisor
 .text          0x6cf094b0      0x430 ../build/x86_Release/pmc_initialize.o
                0x6cf094b0                PMC_Initialize@4
 .text          0x6cf098e0      0xa80 ../build/x86_Release/pmc_modpow.o
                0x6cf098e0                PMC_ModPow_X_X_X@16
                0x6cf0a350                Initialize_ModPow
 .text          0x6cf0a360     0x1ad0 ../build/x86_Release/pmc_multiply.o
                0x6cf0bac0                Multiply_X_X_Imp
                0x6cf0bad0                PMC_Multiply_I_X@12
                0x6cf0bb20                PMC_Multiply_X_I@12
                0x6cf0bb70                PMC_Multiply_L_X@16
                0x6cf0bbd0                PMC_Multiply_X_L@16
                0x6cf0bc30                PMC_Multiply_X_X@12
                0x6cf0bdd0                Initialize_Multiply
 .text          0x6cf0be30     0x2200 ../build/x86_Release/pmc_parse.o
                0x6cf0ce10                PMC_TryParse@16
                0x6cf0df80                Initialize_Parse
 .text          0x6cf0e030      0x330 ../build/x86_Release/pmc_pow.o
                0x6cf0e030                PMC_Pow_X_I@12
                0x6cf0e350                Initialize_Pow
 .text          0x6cf0e360     0x1040 ../build/x86_Release/pmc_shift.o
                0x6cf0e360                RightShift_Imp_DIV
                0x6cf0ea20                RightShift_Imp
                0x6cf0ea30                LeftShift_Imp_DIV
                0x6cf0f140                LeftShift_Imp
                0x6cf0f150                PMC_RightShift_X_I@12
                0x6cf0f260                PMC_RightShift_X_L@16
                0x6cf0f270                PMC_LeftShift_X_I@12
                0x6cf0f380                PMC_LeftShift_X_L@16
                0x6cf0f390                Initialize_Shift
 .text          0x6cf0f3a0       0x30 ../build/x86_Release/pmc_statistics.o
                0x6cf0f3a0                PMC_GetStatisticsInfo@4
 .text          0x6cf0f3d0      0xb20 ../build/x86_Release/pmc_subtruct.o
                0x6cf0f450                Subtruct_Imp
                0x6cf0f800                PMC_Subtruct_I_X@12
                0x6cf0f880                PMC_Subtruct_X_I@12
                0x6cf0f9e0                PMC_Subtruct_L_X@16
                0x6cf0fb00                PMC_Subtruct_X_L@16
                0x6cf0fd60                PMC_Subtruct_X_X@12
                0x6cf0fee0                Initialize_Subtruct
 .text          0x6cf0fef0       0xe0 ../build/x86_Release/pmc_to.o
                0x6cf0fef0                PMC_To_X_I@8
                0x6cf0ff40                PMC_To_X_L@8
                0x6cf0ffc0                Initialize_To
 .text          0x6cf0ffd0      0xd20 ../build/x86_Release/pmc_tostring.o
                0x6cf10b40                PMC_ToString@24
                0x6cf10c60                Initialize_ToString
 .text          0x6cf10cf0        0x0 ../build/x86_Release/TEST_autogenerated.o
 .text          0x6cf10cf0        0x0 ../build/x86_Release/TEST_op_Add.o
 .text          0x6cf10cf0        0x0 ../build/x86_Release/TEST_op_BitwiseAnd.o
 .text          0x6cf10cf0        0x0 ../build/x86_Release/TEST_op_BitwiseOr.o
 .text          0x6cf10cf0        0x0 ../build/x86_Release/TEST_op_Clone.o
 .text          0x6cf10cf0        0x0 ../build/x86_Release/TEST_op_Compare.o
 .text          0x6cf10cf0        0x0 ../build/x86_Release/TEST_op_DivRem.o
 .text          0x6cf10cf0        0x0 ../build/x86_Release/TEST_op_Equals.o
 .text          0x6cf10cf0        0x0 ../build/x86_Release/TEST_op_ExclusiveOr.o
 .text          0x6cf10cf0        0x0 ../build/x86_Release/TEST_op_From_To.o
 .text          0x6cf10cf0        0x0 ../build/x86_Release/TEST_op_GetPropertyValue.o
 .text          0x6cf10cf0        0x0 ../build/x86_Release/TEST_op_GreatestCommonDivisor.o
 .text          0x6cf10cf0        0x0 ../build/x86_Release/TEST_op_ModPow.o
 .text          0x6cf10cf0        0x0 ../build/x86_Release/TEST_op_Multiply.o
 .text          0x6cf10cf0        0x0 ../build/x86_Release/TEST_op_ParseDN.o
 .text          0x6cf10cf0        0x0 ../build/x86_Release/TEST_op_ParseX.o
 .text          0x6cf10cf0        0x0 ../build/x86_Release/TEST_op_Pow.o
 .text          0x6cf10cf0        0x0 ../build/x86_Release/TEST_op_Shift.o
 .text          0x6cf10cf0        0x0 ../build/x86_Release/TEST_op_Subtruct.o
 .text          0x6cf10cf0        0x0 ../build/x86_Release/TEST_op_ToStringD.o
 .text          0x6cf10cf0        0x0 ../build/x86_Release/TEST_op_ToStringN.o
 .text          0x6cf10cf0        0x0 ../build/x86_Release/TEST_op_ToStringX.o
 .text          0x6cf10cf0        0x0 C:/GNU/MINGW64/i686-8.1.0-win32-dwarf-rt_v6-rev0/mingw32/bin/../lib/gcc/i686-w64-mingw32/8.1.0/../../../../i686-w64-mingw32/lib/../lib/libkernel32.a(dgzch.o)
 .text          0x6cf10cf0        0x0 C:/GNU/MINGW64/i686-8.1.0-win32-dwarf-rt_v6-rev0/mingw32/bin/../lib/gcc/i686-w64-mingw32/8.1.0/../../../../i686-w64-mingw32/lib/../lib/libkernel32.a(dgzct.o)
 *(SORT_BY_NAME(.text$*))
 *(.text.*)
 *(.gnu.linkonce.t.*)
 *(.glue_7t)
 *(.glue_7)
                0x6cf10cf0                ___CTOR_LIST__ = .
                0x6cf10cf0                __CTOR_LIST__ = .
                0x6cf10cf0        0x4 LONG 0xffffffff
 *(.ctors)
 *(.ctor)
 *(SORT_BY_NAME(.ctors.*))
                0x6cf10cf4        0x4 LONG 0x0
                0x6cf10cf8                ___DTOR_LIST__ = .
                0x6cf10cf8                __DTOR_LIST__ = .
                0x6cf10cf8        0x4 LONG 0xffffffff
 *(.dtors)
 *(.dtor)
 *(SORT_BY_NAME(.dtors.*))
                0x6cf10cfc        0x4 LONG 0x0
 *(.fini)
 *(.gcc_exc)
                [!provide]                PROVIDE (etext = .)
                [!provide]                PROVIDE (_etext = .)
 *(.gcc_except_table)

.data           0x6cf11000      0x200
                0x6cf11000                __data_start__ = .
 *(.data)
 .data          0x6cf11000        0x0 ../build/x86_Release/cpuid.o
 .data          0x6cf11000        0x0 ../build/x86_Release/debug.o
 .data          0x6cf11000        0x0 ../build/x86_Release/dllmain.o
 .data          0x6cf11000        0x0 ../build/x86_Release/INTERNALTEST_op_DivRem.o
 .data          0x6cf11000        0x0 ../build/x86_Release/INTERNALTEST_op_Multiply.o
 .data          0x6cf11000        0x0 ../build/x86_Release/memory.o
 .data          0x6cf11000        0x0 ../build/x86_Release/pmc_add.o
 .data          0x6cf11000        0x0 ../build/x86_Release/pmc_bitwiseand.o
 .data          0x6cf11000        0x0 ../build/x86_Release/pmc_bitwiseor.o
 .data          0x6cf11000        0x0 ../build/x86_Release/pmc_bytes.o
 .data          0x6cf11000        0x0 ../build/x86_Release/pmc_clone.o
 .data          0x6cf11000        0x0 ../build/x86_Release/pmc_compare.o
 .data          0x6cf11000        0x0 ../build/x86_Release/pmc_divrem.o
 .data          0x6cf11000        0x0 ../build/x86_Release/pmc_equals.o
 .data          0x6cf11000        0x0 ../build/x86_Release/pmc_exclusiveor.o
 .data          0x6cf11000        0x0 ../build/x86_Release/pmc_from.o
 .data          0x6cf11000        0x0 ../build/x86_Release/pmc_getpropertyvalue.o
 .data          0x6cf11000        0x0 ../build/x86_Release/pmc_greatestcommondivisor.o
 .data          0x6cf11000        0x0 ../build/x86_Release/pmc_initialize.o
 .data          0x6cf11000        0x0 ../build/x86_Release/pmc_modpow.o
 .data          0x6cf11000        0x0 ../build/x86_Release/pmc_multiply.o
 .data          0x6cf11000        0x0 ../build/x86_Release/pmc_parse.o
 .data          0x6cf11000        0x0 ../build/x86_Release/pmc_pow.o
 .data          0x6cf11000        0x0 ../build/x86_Release/pmc_shift.o
 .data          0x6cf11000        0x0 ../build/x86_Release/pmc_statistics.o
 .data          0x6cf11000        0x0 ../build/x86_Release/pmc_subtruct.o
 .data          0x6cf11000        0x0 ../build/x86_Release/pmc_to.o
 .data          0x6cf11000       0x80 ../build/x86_Release/pmc_tostring.o
 .data          0x6cf11080        0x0 ../build/x86_Release/TEST_autogenerated.o
 .data          0x6cf11080        0x0 ../build/x86_Release/TEST_op_Add.o
 .data          0x6cf11080        0x0 ../build/x86_Release/TEST_op_BitwiseAnd.o
 .data          0x6cf11080        0x0 ../build/x86_Release/TEST_op_BitwiseOr.o
 .data          0x6cf11080        0x0 ../build/x86_Release/TEST_op_Clone.o
 .data          0x6cf11080        0x0 ../build/x86_Release/TEST_op_Compare.o
 .data          0x6cf11080        0x0 ../build/x86_Release/TEST_op_DivRem.o
 .data          0x6cf11080        0x0 ../build/x86_Release/TEST_op_Equals.o
 .data          0x6cf11080        0x0 ../build/x86_Release/TEST_op_ExclusiveOr.o
 .data          0x6cf11080        0x0 ../build/x86_Release/TEST_op_From_To.o
 .data          0x6cf11080        0x0 ../build/x86_Release/TEST_op_GetPropertyValue.o
 .data          0x6cf11080        0x0 ../build/x86_Release/TEST_op_GreatestCommonDivisor.o
 .data          0x6cf11080        0x0 ../build/x86_Release/TEST_op_ModPow.o
 .data          0x6cf11080        0x0 ../build/x86_Release/TEST_op_Multiply.o
 .data          0x6cf11080        0x0 ../build/x86_Release/TEST_op_ParseDN.o
 .data          0x6cf11080        0x0 ../build/x86_Release/TEST_op_ParseX.o
 .data          0x6cf11080        0x0 ../build/x86_Release/TEST_op_Pow.o
 .data          0x6cf11080        0x0 ../build/x86_Release/TEST_op_Shift.o
 .data          0x6cf11080        0x0 ../build/x86_Release/TEST_op_Subtruct.o
 .data          0x6cf11080        0x0 ../build/x86_Release/TEST_op_ToStringD.o
 .data          0x6cf11080        0x0 ../build/x86_Release/TEST_op_ToStringN.o
 .data          0x6cf11080        0x0 ../build/x86_Release/TEST_op_ToStringX.o
 .data          0x6cf11080        0x0 C:/GNU/MINGW64/i686-8.1.0-win32-dwarf-rt_v6-rev0/mingw32/bin/../lib/gcc/i686-w64-mingw32/8.1.0/../../../../i686-w64-mingw32/lib/../lib/libkernel32.a(dgzcs01342.o)
 .data          0x6cf11080        0x0 C:/GNU/MINGW64/i686-8.1.0-win32-dwarf-rt_v6-rev0/mingw32/bin/../lib/gcc/i686-w64-mingw32/8.1.0/../../../../i686-w64-mingw32/lib/../lib/libkernel32.a(dgzcs01336.o)
 .data          0x6cf11080        0x0 C:/GNU/MINGW64/i686-8.1.0-win32-dwarf-rt_v6-rev0/mingw32/bin/../lib/gcc/i686-w64-mingw32/8.1.0/../../../../i686-w64-mingw32/lib/../lib/libkernel32.a(dgzcs01335.o)
 .data          0x6cf11080        0x0 C:/GNU/MINGW64/i686-8.1.0-win32-dwarf-rt_v6-rev0/mingw32/bin/../lib/gcc/i686-w64-mingw32/8.1.0/../../../../i686-w64-mingw32/lib/../lib/libkernel32.a(dgzcs00729.o)
 .data          0x6cf11080        0x0 C:/GNU/MINGW64/i686-8.1.0-win32-dwarf-rt_v6-rev0/mingw32/bin/../lib/gcc/i686-w64-mingw32/8.1.0/../../../../i686-w64-mingw32/lib/../lib/libkernel32.a(dgzcs00727.o)
 .data          0x6cf11080        0x0 C:/GNU/MINGW64/i686-8.1.0-win32-dwarf-rt_v6-rev0/mingw32/bin/../lib/gcc/i686-w64-mingw32/8.1.0/../../../../i686-w64-mingw32/lib/../lib/libkernel32.a(dgzcs00725.o)
 .data          0x6cf11080        0x0 C:/GNU/MINGW64/i686-8.1.0-win32-dwarf-rt_v6-rev0/mingw32/bin/../lib/gcc/i686-w64-mingw32/8.1.0/../../../../i686-w64-mingw32/lib/../lib/libkernel32.a(dgzcs00723.o)
 .data          0x6cf11080        0x0 C:/GNU/MINGW64/i686-8.1.0-win32-dwarf-rt_v6-rev0/mingw32/bin/../lib/gcc/i686-w64-mingw32/8.1.0/../../../../i686-w64-mingw32/lib/../lib/libkernel32.a(dgzch.o)
 .data          0x6cf11080        0x0 C:/GNU/MINGW64/i686-8.1.0-win32-dwarf-rt_v6-rev0/mingw32/bin/../lib/gcc/i686-w64-mingw32/8.1.0/../../../../i686-w64-mingw32/lib/../lib/libkernel32.a(dgzct.o)
 *(.data2)
 *(SORT_BY_NAME(.data$*))
 *(.jcr)
                0x6cf11080                __data_end__ = .
 *(.data_cygwin_nocopy)

.rdata          0x6cf12000     0x1800
 *(.rdata)
 .rdata         0x6cf12000      0x8ac ../build/x86_Release/pmc_parse.o
 .rdata         0x6cf128ac      0x100 ../build/x86_Release/pmc_tostring.o
 *(SORT_BY_NAME(.rdata$*))
 .rdata$zzz     0x6cf129ac       0x40 ../build/x86_Release/cpuid.o
 .rdata$zzz     0x6cf129ec       0x40 ../build/x86_Release/debug.o
 .rdata$zzz     0x6cf12a2c       0x40 ../build/x86_Release/dllmain.o
 .rdata$zzz     0x6cf12a6c       0x40 ../build/x86_Release/INTERNALTEST_op_DivRem.o
 .rdata$zzz     0x6cf12aac       0x40 ../build/x86_Release/INTERNALTEST_op_Multiply.o
 .rdata$zzz     0x6cf12aec       0x40 ../build/x86_Release/memory.o
 .rdata$zzz     0x6cf12b2c       0x40 ../build/x86_Release/pmc_add.o
 .rdata$zzz     0x6cf12b6c       0x40 ../build/x86_Release/pmc_bitwiseand.o
 .rdata$zzz     0x6cf12bac       0x40 ../build/x86_Release/pmc_bitwiseor.o
 .rdata$zzz     0x6cf12bec       0x40 ../build/x86_Release/pmc_bytes.o
 .rdata$zzz     0x6cf12c2c       0x40 ../build/x86_Release/pmc_clone.o
 .rdata$zzz     0x6cf12c6c       0x40 ../build/x86_Release/pmc_compare.o
 .rdata$zzz     0x6cf12cac       0x40 ../build/x86_Release/pmc_divrem.o
 .rdata$zzz     0x6cf12cec       0x40 ../build/x86_Release/pmc_equals.o
 .rdata$zzz     0x6cf12d2c       0x40 ../build/x86_Release/pmc_exclusiveor.o
 .rdata$zzz     0x6cf12d6c       0x40 ../build/x86_Release/pmc_from.o
 .rdata$zzz     0x6cf12dac       0x40 ../build/x86_Release/pmc_getpropertyvalue.o
 .rdata$zzz     0x6cf12dec       0x40 ../build/x86_Release/pmc_greatestcommondivisor.o
 .rdata$zzz     0x6cf12e2c       0x40 ../build/x86_Release/pmc_initialize.o
 .rdata$zzz     0x6cf12e6c       0x40 ../build/x86_Release/pmc_modpow.o
 .rdata$zzz     0x6cf12eac       0x40 ../build/x86_Release/pmc_multiply.o
 .rdata$zzz     0x6cf12eec       0x40 ../build/x86_Release/pmc_parse.o
 .rdata$zzz     0x6cf12f2c       0x40 ../build/x86_Release/pmc_pow.o
 .rdata$zzz     0x6cf12f6c       0x40 ../build/x86_Release/pmc_shift.o
 .rdata$zzz     0x6cf12fac       0x40 ../build/x86_Release/pmc_statistics.o
 .rdata$zzz     0x6cf12fec       0x40 ../build/x86_Release/pmc_subtruct.o
 .rdata$zzz     0x6cf1302c       0x40 ../build/x86_Release/pmc_to.o
 .rdata$zzz     0x6cf1306c       0x40 ../build/x86_Release/pmc_tostring.o
 .rdata$zzz     0x6cf130ac       0x40 ../build/x86_Release/TEST_autogenerated.o
 .rdata$zzz     0x6cf130ec       0x40 ../build/x86_Release/TEST_op_Add.o
 .rdata$zzz     0x6cf1312c       0x40 ../build/x86_Release/TEST_op_BitwiseAnd.o
 .rdata$zzz     0x6cf1316c       0x40 ../build/x86_Release/TEST_op_BitwiseOr.o
 .rdata$zzz     0x6cf131ac       0x40 ../build/x86_Release/TEST_op_Clone.o
 .rdata$zzz     0x6cf131ec       0x40 ../build/x86_Release/TEST_op_Compare.o
 .rdata$zzz     0x6cf1322c       0x40 ../build/x86_Release/TEST_op_DivRem.o
 .rdata$zzz     0x6cf1326c       0x40 ../build/x86_Release/TEST_op_Equals.o
 .rdata$zzz     0x6cf132ac       0x40 ../build/x86_Release/TEST_op_ExclusiveOr.o
 .rdata$zzz     0x6cf132ec       0x40 ../build/x86_Release/TEST_op_From_To.o
 .rdata$zzz     0x6cf1332c       0x40 ../build/x86_Release/TEST_op_GetPropertyValue.o
 .rdata$zzz     0x6cf1336c       0x40 ../build/x86_Release/TEST_op_GreatestCommonDivisor.o
 .rdata$zzz     0x6cf133ac       0x40 ../build/x86_Release/TEST_op_ModPow.o
 .rdata$zzz     0x6cf133ec       0x40 ../build/x86_Release/TEST_op_Multiply.o
 .rdata$zzz     0x6cf1342c       0x40 ../build/x86_Release/TEST_op_ParseDN.o
 .rdata$zzz     0x6cf1346c       0x40 ../build/x86_Release/TEST_op_ParseX.o
 .rdata$zzz     0x6cf134ac       0x40 ../build/x86_Release/TEST_op_Pow.o
 .rdata$zzz     0x6cf134ec       0x40 ../build/x86_Release/TEST_op_Shift.o
 .rdata$zzz     0x6cf1352c       0x40 ../build/x86_Release/TEST_op_Subtruct.o
 .rdata$zzz     0x6cf1356c       0x40 ../build/x86_Release/TEST_op_ToStringD.o
 .rdata$zzz     0x6cf135ac       0x40 ../build/x86_Release/TEST_op_ToStringN.o
 .rdata$zzz     0x6cf135ec       0x40 ../build/x86_Release/TEST_op_ToStringX.o
                0x6cf1362c                __rt_psrelocs_start = .
 *(.rdata_runtime_pseudo_reloc)
                0x6cf1362c                __rt_psrelocs_end = .
                0x00000000                __rt_psrelocs_size = (__rt_psrelocs_end - __rt_psrelocs_start)
                0x6cf1362c                ___RUNTIME_PSEUDO_RELOC_LIST_END__ = .
                0x6cf1362c                __RUNTIME_PSEUDO_RELOC_LIST_END__ = .
                0x6cf1362c                ___RUNTIME_PSEUDO_RELOC_LIST__ = (. - __rt_psrelocs_size)
                0x6cf1362c                __RUNTIME_PSEUDO_RELOC_LIST__ = (. - __rt_psrelocs_size)

.eh_frame       0x6cf14000     0x2800
 *(.eh_frame*)
 .eh_frame      0x6cf14000       0x50 ../build/x86_Release/cpuid.o
 .eh_frame      0x6cf14050       0x2c ../build/x86_Release/debug.o
 .eh_frame      0x6cf1407c       0x3c ../build/x86_Release/dllmain.o
 .eh_frame      0x6cf140b8      0x33c ../build/x86_Release/memory.o
 .eh_frame      0x6cf143f4      0x2dc ../build/x86_Release/pmc_add.o
 .eh_frame      0x6cf146d0      0x1a4 ../build/x86_Release/pmc_bitwiseand.o
 .eh_frame      0x6cf14874      0x23c ../build/x86_Release/pmc_bitwiseor.o
 .eh_frame      0x6cf14ab0       0xa8 ../build/x86_Release/pmc_bytes.o
 .eh_frame      0x6cf14b58       0x64 ../build/x86_Release/pmc_clone.o
 .eh_frame      0x6cf14bbc      0x250 ../build/x86_Release/pmc_compare.o
 .eh_frame      0x6cf14e0c      0x3dc ../build/x86_Release/pmc_divrem.o
 .eh_frame      0x6cf151e8      0x260 ../build/x86_Release/pmc_equals.o
 .eh_frame      0x6cf15448      0x224 ../build/x86_Release/pmc_exclusiveor.o
 .eh_frame      0x6cf1566c       0xd0 ../build/x86_Release/pmc_from.o
 .eh_frame      0x6cf1573c       0xa8 ../build/x86_Release/pmc_getpropertyvalue.o
 .eh_frame      0x6cf157e4      0x228 ../build/x86_Release/pmc_greatestcommondivisor.o
 .eh_frame      0x6cf15a0c       0x3c ../build/x86_Release/pmc_initialize.o
 .eh_frame      0x6cf15a48       0x6c ../build/x86_Release/pmc_modpow.o
 .eh_frame      0x6cf15ab4      0x35c ../build/x86_Release/pmc_multiply.o
 .eh_frame      0x6cf15e10      0x240 ../build/x86_Release/pmc_parse.o
 .eh_frame      0x6cf16050       0x9c ../build/x86_Release/pmc_pow.o
 .eh_frame      0x6cf160ec      0x194 ../build/x86_Release/pmc_shift.o
 .eh_frame      0x6cf16280       0x2c ../build/x86_Release/pmc_statistics.o
 .eh_frame      0x6cf162ac      0x268 ../build/x86_Release/pmc_subtruct.o
 .eh_frame      0x6cf16514       0x94 ../build/x86_Release/pmc_to.o
 .eh_frame      0x6cf165a8      0x1e0 ../build/x86_Release/pmc_tostring.o

.pdata
 *(.pdata*)

.bss            0x6cf17000      0x27c
                0x6cf17000                __bss_start__ = .
 *(.bss)
 .bss           0x6cf17000        0x0 ../build/x86_Release/cpuid.o
 .bss           0x6cf17000        0x0 ../build/x86_Release/debug.o
 .bss           0x6cf17000        0x0 ../build/x86_Release/dllmain.o
 .bss           0x6cf17000        0x0 ../build/x86_Release/INTERNALTEST_op_DivRem.o
 .bss           0x6cf17000        0x0 ../build/x86_Release/INTERNALTEST_op_Multiply.o
 .bss           0x6cf17000        0x0 ../build/x86_Release/memory.o
 .bss           0x6cf17000        0x4 ../build/x86_Release/pmc_add.o
 .bss           0x6cf17004        0x0 ../build/x86_Release/pmc_bitwiseand.o
 .bss           0x6cf17004        0x0 ../build/x86_Release/pmc_bitwiseor.o
 .bss           0x6cf17004        0x0 ../build/x86_Release/pmc_bytes.o
 .bss           0x6cf17004        0x0 ../build/x86_Release/pmc_clone.o
 .bss           0x6cf17004        0x0 ../build/x86_Release/pmc_compare.o
 .bss           0x6cf17004        0x4 ../build/x86_Release/pmc_divrem.o
 .bss           0x6cf17008        0x0 ../build/x86_Release/pmc_equals.o
 .bss           0x6cf17008        0x0 ../build/x86_Release/pmc_exclusiveor.o
 .bss           0x6cf17008        0x0 ../build/x86_Release/pmc_from.o
 .bss           0x6cf17008        0x0 ../build/x86_Release/pmc_getpropertyvalue.o
 .bss           0x6cf17008        0x0 ../build/x86_Release/pmc_greatestcommondivisor.o
 *fill*         0x6cf17008       0x18 
 .bss           0x6cf17020      0x120 ../build/x86_Release/pmc_initialize.o
 .bss           0x6cf17140        0x0 ../build/x86_Release/pmc_modpow.o
 .bss           0x6cf17140        0xc ../build/x86_Release/pmc_multiply.o
 *fill*         0x6cf1714c       0x14 
 .bss           0x6cf17160       0x60 ../build/x86_Release/pmc_parse.o
 .bss           0x6cf171c0        0x0 ../build/x86_Release/pmc_pow.o
 .bss           0x6cf171c0        0x0 ../build/x86_Release/pmc_shift.o
 .bss           0x6cf171c0        0x0 ../build/x86_Release/pmc_statistics.o
 .bss           0x6cf171c0        0x0 ../build/x86_Release/pmc_subtruct.o
 .bss           0x6cf171c0        0x0 ../build/x86_Release/pmc_to.o
 .bss           0x6cf171c0       0x40 ../build/x86_Release/pmc_tostring.o
 .bss           0x6cf17200        0x0 ../build/x86_Release/TEST_autogenerated.o
 .bss           0x6cf17200        0x0 ../build/x86_Release/TEST_op_Add.o
 .bss           0x6cf17200        0x0 ../build/x86_Release/TEST_op_BitwiseAnd.o
 .bss           0x6cf17200        0x0 ../build/x86_Release/TEST_op_BitwiseOr.o
 .bss           0x6cf17200        0x0 ../build/x86_Release/TEST_op_Clone.o
 .bss           0x6cf17200        0x0 ../build/x86_Release/TEST_op_Compare.o
 .bss           0x6cf17200        0x0 ../build/x86_Release/TEST_op_DivRem.o
 .bss           0x6cf17200        0x0 ../build/x86_Release/TEST_op_Equals.o
 .bss           0x6cf17200        0x0 ../build/x86_Release/TEST_op_ExclusiveOr.o
 .bss           0x6cf17200        0x0 ../build/x86_Release/TEST_op_From_To.o
 .bss           0x6cf17200        0x0 ../build/x86_Release/TEST_op_GetPropertyValue.o
 .bss           0x6cf17200        0x0 ../build/x86_Release/TEST_op_GreatestCommonDivisor.o
 .bss           0x6cf17200        0x0 ../build/x86_Release/TEST_op_ModPow.o
 .bss           0x6cf17200        0x0 ../build/x86_Release/TEST_op_Multiply.o
 .bss           0x6cf17200        0x0 ../build/x86_Release/TEST_op_ParseDN.o
 .bss           0x6cf17200        0x0 ../build/x86_Release/TEST_op_ParseX.o
 .bss           0x6cf17200        0x0 ../build/x86_Release/TEST_op_Pow.o
 .bss           0x6cf17200        0x0 ../build/x86_Release/TEST_op_Shift.o
 .bss           0x6cf17200        0x0 ../build/x86_Release/TEST_op_Subtruct.o
 .bss           0x6cf17200        0x0 ../build/x86_Release/TEST_op_ToStringD.o
 .bss           0x6cf17200        0x0 ../build/x86_Release/TEST_op_ToStringN.o
 .bss           0x6cf17200        0x0 ../build/x86_Release/TEST_op_ToStringX.o
 .bss           0x6cf17200        0x0 C:/GNU/MINGW64/i686-8.1.0-win32-dwarf-rt_v6-rev0/mingw32/bin/../lib/gcc/i686-w64-mingw32/8.1.0/../../../../i686-w64-mingw32/lib/../lib/libkernel32.a(dgzcs01342.o)
 .bss           0x6cf17200        0x0 C:/GNU/MINGW64/i686-8.1.0-win32-dwarf-rt_v6-rev0/mingw32/bin/../lib/gcc/i686-w64-mingw32/8.1.0/../../../../i686-w64-mingw32/lib/../lib/libkernel32.a(dgzcs01336.o)
 .bss           0x6cf17200        0x0 C:/GNU/MINGW64/i686-8.1.0-win32-dwarf-rt_v6-rev0/mingw32/bin/../lib/gcc/i686-w64-mingw32/8.1.0/../../../../i686-w64-mingw32/lib/../lib/libkernel32.a(dgzcs01335.o)
 .bss           0x6cf17200        0x0 C:/GNU/MINGW64/i686-8.1.0-win32-dwarf-rt_v6-rev0/mingw32/bin/../lib/gcc/i686-w64-mingw32/8.1.0/../../../../i686-w64-mingw32/lib/../lib/libkernel32.a(dgzcs00729.o)
 .bss           0x6cf17200        0x0 C:/GNU/MINGW64/i686-8.1.0-win32-dwarf-rt_v6-rev0/mingw32/bin/../lib/gcc/i686-w64-mingw32/8.1.0/../../../../i686-w64-mingw32/lib/../lib/libkernel32.a(dgzcs00727.o)
 .bss           0x6cf17200        0x0 C:/GNU/MINGW64/i686-8.1.0-win32-dwarf-rt_v6-rev0/mingw32/bin/../lib/gcc/i686-w64-mingw32/8.1.0/../../../../i686-w64-mingw32/lib/../lib/libkernel32.a(dgzcs00725.o)
 .bss           0x6cf17200        0x0 C:/GNU/MINGW64/i686-8.1.0-win32-dwarf-rt_v6-rev0/mingw32/bin/../lib/gcc/i686-w64-mingw32/8.1.0/../../../../i686-w64-mingw32/lib/../lib/libkernel32.a(dgzcs00723.o)
 .bss           0x6cf17200        0x0 C:/GNU/MINGW64/i686-8.1.0-win32-dwarf-rt_v6-rev0/mingw32/bin/../lib/gcc/i686-w64-mingw32/8.1.0/../../../../i686-w64-mingw32/lib/../lib/libkernel32.a(dgzch.o)
 .bss           0x6cf17200        0x0 C:/GNU/MINGW64/i686-8.1.0-win32-dwarf-rt_v6-rev0/mingw32/bin/../lib/gcc/i686-w64-mingw32/8.1.0/../../../../i686-w64-mingw32/lib/../lib/libkernel32.a(dgzct.o)
 *(COMMON)
 COMMON         0x6cf17200       0x68 ../build/x86_Release/memory.o
                0x6cf17200                number_zero
                0x6cf17240                number_one
                0x6cf17264                hLocalHeap
 COMMON         0x6cf17268        0x4 ../build/x86_Release/pmc_initialize.o
                0x6cf17268                configuration_info
 COMMON         0x6cf1726c       0x10 ../build/x86_Release/pmc_statistics.o
                0x6cf1726c                statistics_info
                0x6cf1727c                __bss_end__ = .

.edata          0x6cf18000      0x200
 *(.edata)
 .edata         0x6cf18000       0x58 dll stuff

/DISCARD/
 *(.debug$S)
 *(.debug$T)
 *(.debug$F)
 *(.drectve)
 *(.note.GNU-stack)
 *(.gnu.lto_*)

.idata          0x6cf19000      0x200
 SORT_BY_NAME(*)(.idata$2)
 .idata$2       0x6cf19000       0x14 C:/GNU/MINGW64/i686-8.1.0-win32-dwarf-rt_v6-rev0/mingw32/bin/../lib/gcc/i686-w64-mingw32/8.1.0/../../../../i686-w64-mingw32/lib/../lib/libkernel32.a(dgzch.o)
                0x6cf19000                _head_lib32_libkernel32_a
 SORT_BY_NAME(*)(.idata$3)
                0x6cf19014        0x4 LONG 0x0
                0x6cf19018        0x4 LONG 0x0
                0x6cf1901c        0x4 LONG 0x0
                0x6cf19020        0x4 LONG 0x0
                0x6cf19024        0x4 LONG 0x0
 SORT_BY_NAME(*)(.idata$4)
 .idata$4       0x6cf19028        0x0 C:/GNU/MINGW64/i686-8.1.0-win32-dwarf-rt_v6-rev0/mingw32/bin/../lib/gcc/i686-w64-mingw32/8.1.0/../../../../i686-w64-mingw32/lib/../lib/libkernel32.a(dgzch.o)
 .idata$4       0x6cf19028        0x4 C:/GNU/MINGW64/i686-8.1.0-win32-dwarf-rt_v6-rev0/mingw32/bin/../lib/gcc/i686-w64-mingw32/8.1.0/../../../../i686-w64-mingw32/lib/../lib/libkernel32.a(dgzcs00723.o)
 .idata$4       0x6cf1902c        0x4 C:/GNU/MINGW64/i686-8.1.0-win32-dwarf-rt_v6-rev0/mingw32/bin/../lib/gcc/i686-w64-mingw32/8.1.0/../../../../i686-w64-mingw32/lib/../lib/libkernel32.a(dgzcs00725.o)
 .idata$4       0x6cf19030        0x4 C:/GNU/MINGW64/i686-8.1.0-win32-dwarf-rt_v6-rev0/mingw32/bin/../lib/gcc/i686-w64-mingw32/8.1.0/../../../../i686-w64-mingw32/lib/../lib/libkernel32.a(dgzcs00727.o)
 .idata$4       0x6cf19034        0x4 C:/GNU/MINGW64/i686-8.1.0-win32-dwarf-rt_v6-rev0/mingw32/bin/../lib/gcc/i686-w64-mingw32/8.1.0/../../../../i686-w64-mingw32/lib/../lib/libkernel32.a(dgzcs00729.o)
 .idata$4       0x6cf19038        0x4 C:/GNU/MINGW64/i686-8.1.0-win32-dwarf-rt_v6-rev0/mingw32/bin/../lib/gcc/i686-w64-mingw32/8.1.0/../../../../i686-w64-mingw32/lib/../lib/libkernel32.a(dgzcs01335.o)
 .idata$4       0x6cf1903c        0x4 C:/GNU/MINGW64/i686-8.1.0-win32-dwarf-rt_v6-rev0/mingw32/bin/../lib/gcc/i686-w64-mingw32/8.1.0/../../../../i686-w64-mingw32/lib/../lib/libkernel32.a(dgzcs01336.o)
 .idata$4       0x6cf19040        0x4 C:/GNU/MINGW64/i686-8.1.0-win32-dwarf-rt_v6-rev0/mingw32/bin/../lib/gcc/i686-w64-mingw32/8.1.0/../../../../i686-w64-mingw32/lib/../lib/libkernel32.a(dgzcs01342.o)
 .idata$4       0x6cf19044        0x4 C:/GNU/MINGW64/i686-8.1.0-win32-dwarf-rt_v6-rev0/mingw32/bin/../lib/gcc/i686-w64-mingw32/8.1.0/../../../../i686-w64-mingw32/lib/../lib/libkernel32.a(dgzct.o)
                0x6cf19048                __IAT_start__ = .
 SORT_BY_NAME(*)(.idata$5)
 .idata$5       0x6cf19048        0x0 C:/GNU/MINGW64/i686-8.1.0-win32-dwarf-rt_v6-rev0/mingw32/bin/../lib/gcc/i686-w64-mingw32/8.1.0/../../../../i686-w64-mingw32/lib/../lib/libkernel32.a(dgzch.o)
 .idata$5       0x6cf19048        0x4 C:/GNU/MINGW64/i686-8.1.0-win32-dwarf-rt_v6-rev0/mingw32/bin/../lib/gcc/i686-w64-mingw32/8.1.0/../../../../i686-w64-mingw32/lib/../lib/libkernel32.a(dgzcs00723.o)
                0x6cf19048                _imp__HeapAlloc@12
 .idata$5       0x6cf1904c        0x4 C:/GNU/MINGW64/i686-8.1.0-win32-dwarf-rt_v6-rev0/mingw32/bin/../lib/gcc/i686-w64-mingw32/8.1.0/../../../../i686-w64-mingw32/lib/../lib/libkernel32.a(dgzcs00725.o)
                0x6cf1904c                _imp__HeapCreate@12
 .idata$5       0x6cf19050        0x4 C:/GNU/MINGW64/i686-8.1.0-win32-dwarf-rt_v6-rev0/mingw32/bin/../lib/gcc/i686-w64-mingw32/8.1.0/../../../../i686-w64-mingw32/lib/../lib/libkernel32.a(dgzcs00727.o)
                0x6cf19050                _imp__HeapDestroy@4
 .idata$5       0x6cf19054        0x4 C:/GNU/MINGW64/i686-8.1.0-win32-dwarf-rt_v6-rev0/mingw32/bin/../lib/gcc/i686-w64-mingw32/8.1.0/../../../../i686-w64-mingw32/lib/../lib/libkernel32.a(dgzcs00729.o)
                0x6cf19054                _imp__HeapFree@12
 .idata$5       0x6cf19058        0x4 C:/GNU/MINGW64/i686-8.1.0-win32-dwarf-rt_v6-rev0/mingw32/bin/../lib/gcc/i686-w64-mingw32/8.1.0/../../../../i686-w64-mingw32/lib/../lib/libkernel32.a(dgzcs01335.o)
                0x6cf19058                _imp__lstrcpyA@8
 .idata$5       0x6cf1905c        0x4 C:/GNU/MINGW64/i686-8.1.0-win32-dwarf-rt_v6-rev0/mingw32/bin/../lib/gcc/i686-w64-mingw32/8.1.0/../../../../i686-w64-mingw32/lib/../lib/libkernel32.a(dgzcs01336.o)
                0x6cf1905c                _imp__lstrcpyW@8
 .idata$5       0x6cf19060        0x4 C:/GNU/MINGW64/i686-8.1.0-win32-dwarf-rt_v6-rev0/mingw32/bin/../lib/gcc/i686-w64-mingw32/8.1.0/../../../../i686-w64-mingw32/lib/../lib/libkernel32.a(dgzcs01342.o)
                0x6cf19060                _imp__lstrlenW@4
 .idata$5       0x6cf19064        0x4 C:/GNU/MINGW64/i686-8.1.0-win32-dwarf-rt_v6-rev0/mingw32/bin/../lib/gcc/i686-w64-mingw32/8.1.0/../../../../i686-w64-mingw32/lib/../lib/libkernel32.a(dgzct.o)
                0x6cf19068                __IAT_end__ = .
 SORT_BY_NAME(*)(.idata$6)
 .idata$6       0x6cf19068        0xc C:/GNU/MINGW64/i686-8.1.0-win32-dwarf-rt_v6-rev0/mingw32/bin/../lib/gcc/i686-w64-mingw32/8.1.0/../../../../i686-w64-mingw32/lib/../lib/libkernel32.a(dgzcs00723.o)
 .idata$6       0x6cf19074        0xe C:/GNU/MINGW64/i686-8.1.0-win32-dwarf-rt_v6-rev0/mingw32/bin/../lib/gcc/i686-w64-mingw32/8.1.0/../../../../i686-w64-mingw32/lib/../lib/libkernel32.a(dgzcs00725.o)
 .idata$6       0x6cf19082        0xe C:/GNU/MINGW64/i686-8.1.0-win32-dwarf-rt_v6-rev0/mingw32/bin/../lib/gcc/i686-w64-mingw32/8.1.0/../../../../i686-w64-mingw32/lib/../lib/libkernel32.a(dgzcs00727.o)
 .idata$6       0x6cf19090        0xc C:/GNU/MINGW64/i686-8.1.0-win32-dwarf-rt_v6-rev0/mingw32/bin/../lib/gcc/i686-w64-mingw32/8.1.0/../../../../i686-w64-mingw32/lib/../lib/libkernel32.a(dgzcs00729.o)
 .idata$6       0x6cf1909c        0xc C:/GNU/MINGW64/i686-8.1.0-win32-dwarf-rt_v6-rev0/mingw32/bin/../lib/gcc/i686-w64-mingw32/8.1.0/../../../../i686-w64-mingw32/lib/../lib/libkernel32.a(dgzcs01335.o)
 .idata$6       0x6cf190a8        0xc C:/GNU/MINGW64/i686-8.1.0-win32-dwarf-rt_v6-rev0/mingw32/bin/../lib/gcc/i686-w64-mingw32/8.1.0/../../../../i686-w64-mingw32/lib/../lib/libkernel32.a(dgzcs01336.o)
 .idata$6       0x6cf190b4        0xc C:/GNU/MINGW64/i686-8.1.0-win32-dwarf-rt_v6-rev0/mingw32/bin/../lib/gcc/i686-w64-mingw32/8.1.0/../../../../i686-w64-mingw32/lib/../lib/libkernel32.a(dgzcs01342.o)
 SORT_BY_NAME(*)(.idata$7)
 .idata$7       0x6cf190c0        0x4 C:/GNU/MINGW64/i686-8.1.0-win32-dwarf-rt_v6-rev0/mingw32/bin/../lib/gcc/i686-w64-mingw32/8.1.0/../../../../i686-w64-mingw32/lib/../lib/libkernel32.a(dgzcs00723.o)
 .idata$7       0x6cf190c4        0x4 C:/GNU/MINGW64/i686-8.1.0-win32-dwarf-rt_v6-rev0/mingw32/bin/../lib/gcc/i686-w64-mingw32/8.1.0/../../../../i686-w64-mingw32/lib/../lib/libkernel32.a(dgzcs00725.o)
 .idata$7       0x6cf190c8        0x4 C:/GNU/MINGW64/i686-8.1.0-win32-dwarf-rt_v6-rev0/mingw32/bin/../lib/gcc/i686-w64-mingw32/8.1.0/../../../../i686-w64-mingw32/lib/../lib/libkernel32.a(dgzcs00727.o)
 .idata$7       0x6cf190cc        0x4 C:/GNU/MINGW64/i686-8.1.0-win32-dwarf-rt_v6-rev0/mingw32/bin/../lib/gcc/i686-w64-mingw32/8.1.0/../../../../i686-w64-mingw32/lib/../lib/libkernel32.a(dgzcs00729.o)
 .idata$7       0x6cf190d0        0x4 C:/GNU/MINGW64/i686-8.1.0-win32-dwarf-rt_v6-rev0/mingw32/bin/../lib/gcc/i686-w64-mingw32/8.1.0/../../../../i686-w64-mingw32/lib/../lib/libkernel32.a(dgzcs01335.o)
 .idata$7       0x6cf190d4        0x4 C:/GNU/MINGW64/i686-8.1.0-win32-dwarf-rt_v6-rev0/mingw32/bin/../lib/gcc/i686-w64-mingw32/8.1.0/../../../../i686-w64-mingw32/lib/../lib/libkernel32.a(dgzcs01336.o)
 .idata$7       0x6cf190d8        0x4 C:/GNU/MINGW64/i686-8.1.0-win32-dwarf-rt_v6-rev0/mingw32/bin/../lib/gcc/i686-w64-mingw32/8.1.0/../../../../i686-w64-mingw32/lib/../lib/libkernel32.a(dgzcs01342.o)
 .idata$7       0x6cf190dc       0x10 C:/GNU/MINGW64/i686-8.1.0-win32-dwarf-rt_v6-rev0/mingw32/bin/../lib/gcc/i686-w64-mingw32/8.1.0/../../../../i686-w64-mingw32/lib/../lib/libkernel32.a(dgzct.o)
                0x6cf190dc                _lib32_libkernel32_a_iname

.CRT            0x6cf1a000        0x0
                0x6cf1a000                ___crt_xc_start__ = .
 *(SORT_BY_NAME(.CRT$XC*))
                0x6cf1a000                ___crt_xc_end__ = .
                0x6cf1a000                ___crt_xi_start__ = .
 *(SORT_BY_NAME(.CRT$XI*))
                0x6cf1a000                ___crt_xi_end__ = .
                0x6cf1a000                ___crt_xl_start__ = .
 *(SORT_BY_NAME(.CRT$XL*))
                0x6cf1a000                ___crt_xp_start__ = .
 *(SORT_BY_NAME(.CRT$XP*))
                0x6cf1a000                ___crt_xp_end__ = .
                0x6cf1a000                ___crt_xt_start__ = .
 *(SORT_BY_NAME(.CRT$XT*))
                0x6cf1a000                ___crt_xt_end__ = .

.tls            0x6cf1a000        0x0
                0x6cf1a000                ___tls_start__ = .
 *(.tls$AAA)
 *(.tls)
 *(.tls$)
 *(SORT_BY_NAME(.tls$*))
 *(.tls$ZZZ)
                0x6cf1a000                ___tls_end__ = .

.endjunk        0x6cf1a000        0x0
                [!provide]                PROVIDE (end = .)
                [!provide]                PROVIDE (_end = .)
                0x6cf1a000                __end__ = .

.rsrc           0x6cf1a000      0x600
 *(.rsrc)
 .rsrc          0x6cf1a000      0x5a0 ../build/x86_Release/version.o
 *(.rsrc$*)

.reloc          0x6cf1b000      0xa00
 *(.reloc)
 .reloc         0x6cf1b000      0x81c dll stuff

.stab
 *(.stab)

.stabstr
 *(.stabstr)

.debug_aranges
 *(.debug_aranges)

.zdebug_aranges
 *(.zdebug_aranges)

.debug_pubnames
 *(.debug_pubnames)

.zdebug_pubnames
 *(.zdebug_pubnames)

.debug_pubtypes
 *(.debug_pubtypes)

.zdebug_pubtypes
 *(.zdebug_pubtypes)

.debug_info
 *(.debug_info .gnu.linkonce.wi.*)

.zdebug_info
 *(.zdebug_info .zdebug.gnu.linkonce.wi.*)

.debug_abbrev
 *(.debug_abbrev)

.zdebug_abbrev
 *(.zdebug_abbrev)

.debug_line
 *(.debug_line)

.zdebug_line
 *(.zdebug_line)

.debug_frame
 *(.debug_frame*)

.zdebug_frame
 *(.zdebug_frame*)

.debug_str
 *(.debug_str)

.zdebug_str
 *(.zdebug_str)

.debug_loc
 *(.debug_loc)

.zdebug_loc
 *(.zdebug_loc)

.debug_macinfo
 *(.debug_macinfo)

.zdebug_macinfo
 *(.zdebug_macinfo)

.debug_weaknames
 *(.debug_weaknames)

.zdebug_weaknames
 *(.zdebug_weaknames)

.debug_funcnames
 *(.debug_funcnames)

.zdebug_funcnames
 *(.zdebug_funcnames)

.debug_typenames
 *(.debug_typenames)

.zdebug_typenames
 *(.zdebug_typenames)

.debug_varnames
 *(.debug_varnames)

.zdebug_varnames
 *(.zdebug_varnames)

.debug_macro
 *(.debug_macro)

.zdebug_macro
 *(.zdebug_macro)

.debug_ranges
 *(.debug_ranges)

.zdebug_ranges
 *(.zdebug_ranges)

.debug_types
 *(.debug_types .gnu.linkonce.wt.*)

.zdebug_types
 *(.zdebug_types .gnu.linkonce.wt.*)

.debug_gdb_scripts
 *(.debug_gdb_scripts)

.zdebug_gdb_scripts
 *(.zdebug_gdb_scripts)
OUTPUT(../../dist/x86_Release/Palmtree.Math.Core.Uint.dll pei-i386)
LOAD dll stuff
