Archive member included to satisfy reference by file (symbol)

C:/GNU/MINGW64/x86_64-8.1.0-win32-seh-rt_v6-rev0/mingw64/bin/../lib/gcc/x86_64-w64-mingw32/8.1.0/../../../../x86_64-w64-mingw32/lib/../lib/libkernel32.a(dqifs01555.o)
                              ../build/x64_Release/pmc_parse.o (__imp_lstrlenW)
C:/GNU/MINGW64/x86_64-8.1.0-win32-seh-rt_v6-rev0/mingw64/bin/../lib/gcc/x86_64-w64-mingw32/8.1.0/../../../../x86_64-w64-mingw32/lib/../lib/libkernel32.a(dqifs01549.o)
                              ../build/x64_Release/pmc_parse.o (__imp_lstrcpyW)
C:/GNU/MINGW64/x86_64-8.1.0-win32-seh-rt_v6-rev0/mingw64/bin/../lib/gcc/x86_64-w64-mingw32/8.1.0/../../../../x86_64-w64-mingw32/lib/../lib/libkernel32.a(dqifs01548.o)
                              ../build/x64_Release/pmc_parse.o (__imp_lstrcpyA)
C:/GNU/MINGW64/x86_64-8.1.0-win32-seh-rt_v6-rev0/mingw64/bin/../lib/gcc/x86_64-w64-mingw32/8.1.0/../../../../x86_64-w64-mingw32/lib/../lib/libkernel32.a(dqifs00841.o)
                              ../build/x64_Release/memory.o (__imp_HeapFree)
C:/GNU/MINGW64/x86_64-8.1.0-win32-seh-rt_v6-rev0/mingw64/bin/../lib/gcc/x86_64-w64-mingw32/8.1.0/../../../../x86_64-w64-mingw32/lib/../lib/libkernel32.a(dqifs00839.o)
                              ../build/x64_Release/memory.o (__imp_HeapDestroy)
C:/GNU/MINGW64/x86_64-8.1.0-win32-seh-rt_v6-rev0/mingw64/bin/../lib/gcc/x86_64-w64-mingw32/8.1.0/../../../../x86_64-w64-mingw32/lib/../lib/libkernel32.a(dqifs00837.o)
                              ../build/x64_Release/memory.o (__imp_HeapCreate)
C:/GNU/MINGW64/x86_64-8.1.0-win32-seh-rt_v6-rev0/mingw64/bin/../lib/gcc/x86_64-w64-mingw32/8.1.0/../../../../x86_64-w64-mingw32/lib/../lib/libkernel32.a(dqifs00835.o)
                              ../build/x64_Release/memory.o (__imp_HeapAlloc)
C:/GNU/MINGW64/x86_64-8.1.0-win32-seh-rt_v6-rev0/mingw64/bin/../lib/gcc/x86_64-w64-mingw32/8.1.0/../../../../x86_64-w64-mingw32/lib/../lib/libkernel32.a(dqifh.o)
                              C:/GNU/MINGW64/x86_64-8.1.0-win32-seh-rt_v6-rev0/mingw64/bin/../lib/gcc/x86_64-w64-mingw32/8.1.0/../../../../x86_64-w64-mingw32/lib/../lib/libkernel32.a(dqifs01555.o) (_head_lib64_libkernel32_a)
C:/GNU/MINGW64/x86_64-8.1.0-win32-seh-rt_v6-rev0/mingw64/bin/../lib/gcc/x86_64-w64-mingw32/8.1.0/../../../../x86_64-w64-mingw32/lib/../lib/libkernel32.a(dqift.o)
                              C:/GNU/MINGW64/x86_64-8.1.0-win32-seh-rt_v6-rev0/mingw64/bin/../lib/gcc/x86_64-w64-mingw32/8.1.0/../../../../x86_64-w64-mingw32/lib/../lib/libkernel32.a(dqifh.o) (__lib64_libkernel32_a_iname)

Allocating common symbols
Common symbol       size              file

number_one          0x40              ../build/x64_Release/memory.o
statistics_info     0x10              ../build/x64_Release/pmc_statistics.o
number_zero         0x40              ../build/x64_Release/memory.o
hLocalHeap          0x8               ../build/x64_Release/memory.o
configuration_info  0x4               ../build/x64_Release/pmc_initialize.o

Discarded input sections

 .drectve       0x0000000000000000       0x14 ../build/x64_Release/debug.o
 .drectve       0x0000000000000000       0x50 ../build/x64_Release/memory.o
 .rdata$.refptr.number_zero
                0x0000000000000000       0x10 ../build/x64_Release/pmc_bitwiseand.o
 .rdata$.refptr.number_zero
                0x0000000000000000       0x10 ../build/x64_Release/pmc_bitwiseor.o
 .rdata$.refptr.number_zero
                0x0000000000000000       0x10 ../build/x64_Release/pmc_bytes.o
 .rdata$.refptr.number_zero
                0x0000000000000000       0x10 ../build/x64_Release/pmc_clone.o
 .rdata$.refptr.number_zero
                0x0000000000000000       0x10 ../build/x64_Release/pmc_divrem.o
 .rdata$.refptr.number_zero
                0x0000000000000000       0x10 ../build/x64_Release/pmc_exclusiveor.o
 .rdata$.refptr.number_zero
                0x0000000000000000       0x10 ../build/x64_Release/pmc_from.o
 .drectve       0x0000000000000000       0x24 ../build/x64_Release/pmc_initialize.o
 .rdata$.refptr.number_zero
                0x0000000000000000       0x10 ../build/x64_Release/pmc_modpow.o
 .rdata$.refptr.number_zero
                0x0000000000000000       0x10 ../build/x64_Release/pmc_multiply.o
 .rdata$.refptr.statistics_info
                0x0000000000000000       0x10 ../build/x64_Release/pmc_multiply.o
 .rdata$.refptr.number_zero
                0x0000000000000000       0x10 ../build/x64_Release/pmc_parse.o
 .rdata$.refptr.statistics_info
                0x0000000000000000       0x10 ../build/x64_Release/pmc_parse.o
 .rdata$.refptr.number_one
                0x0000000000000000       0x10 ../build/x64_Release/pmc_pow.o
 .rdata$.refptr.number_zero
                0x0000000000000000       0x10 ../build/x64_Release/pmc_pow.o
 .rdata$.refptr.number_zero
                0x0000000000000000       0x10 ../build/x64_Release/pmc_shift.o
 .drectve       0x0000000000000000       0x20 ../build/x64_Release/pmc_statistics.o
 .rdata$.refptr.number_zero
                0x0000000000000000       0x10 ../build/x64_Release/pmc_subtruct.o
 .rdata$.refptr.statistics_info
                0x0000000000000000       0x10 ../build/x64_Release/pmc_tostring.o

Memory Configuration

Name             Origin             Length             Attributes
*default*        0x0000000000000000 0xffffffffffffffff

Linker script and memory map

                0x0000000063480000                __image_base__ = 0x63480000
                0x0000000000000000                __dll__ = 0x0
                0x0000000063480000                __ImageBase = 0x63480000
                0x0000000000001000                __section_alignment__ = 0x1000
                0x0000000000000200                __file_alignment__ = 0x200
                0x0000000000000004                __major_os_version__ = 0x4
                0x0000000000000000                __minor_os_version__ = 0x0
                0x0000000000000000                __major_image_version__ = 0x0
                0x0000000000000000                __minor_image_version__ = 0x0
                0x0000000000000005                __major_subsystem_version__ = 0x5
                0x0000000000000002                __minor_subsystem_version__ = 0x2
                0x0000000000000002                __subsystem__ = 0x2
                0x0000000000200000                __size_of_stack_reserve__ = 0x200000
                0x0000000000001000                __size_of_stack_commit__ = 0x1000
                0x0000000000100000                __size_of_heap_reserve__ = 0x100000
                0x0000000000001000                __size_of_heap_commit__ = 0x1000
                0x0000000000000000                __loader_flags__ = 0x0
                0x0000000000000000                __dll_characteristics__ = 0x0
LOAD ../build/x64_Release/cpuid.o
LOAD ../build/x64_Release/debug.o
LOAD ../build/x64_Release/dllmain.o
LOAD ../build/x64_Release/INTERNALTEST_op_DivRem.o
LOAD ../build/x64_Release/INTERNALTEST_op_Multiply.o
LOAD ../build/x64_Release/memory.o
LOAD ../build/x64_Release/pmc_add.o
LOAD ../build/x64_Release/pmc_bitwiseand.o
LOAD ../build/x64_Release/pmc_bitwiseor.o
LOAD ../build/x64_Release/pmc_bytes.o
LOAD ../build/x64_Release/pmc_clone.o
LOAD ../build/x64_Release/pmc_compare.o
LOAD ../build/x64_Release/pmc_divrem.o
LOAD ../build/x64_Release/pmc_equals.o
LOAD ../build/x64_Release/pmc_exclusiveor.o
LOAD ../build/x64_Release/pmc_from.o
LOAD ../build/x64_Release/pmc_getpropertyvalue.o
LOAD ../build/x64_Release/pmc_greatestcommondivisor.o
LOAD ../build/x64_Release/pmc_initialize.o
LOAD ../build/x64_Release/pmc_modpow.o
LOAD ../build/x64_Release/pmc_multiply.o
LOAD ../build/x64_Release/pmc_parse.o
LOAD ../build/x64_Release/pmc_pow.o
LOAD ../build/x64_Release/pmc_shift.o
LOAD ../build/x64_Release/pmc_statistics.o
LOAD ../build/x64_Release/pmc_subtruct.o
LOAD ../build/x64_Release/pmc_to.o
LOAD ../build/x64_Release/pmc_tostring.o
LOAD ../build/x64_Release/TEST_autogenerated.o
LOAD ../build/x64_Release/TEST_op_Add.o
LOAD ../build/x64_Release/TEST_op_BitwiseAnd.o
LOAD ../build/x64_Release/TEST_op_BitwiseOr.o
LOAD ../build/x64_Release/TEST_op_Clone.o
LOAD ../build/x64_Release/TEST_op_Compare.o
LOAD ../build/x64_Release/TEST_op_DivRem.o
LOAD ../build/x64_Release/TEST_op_Equals.o
LOAD ../build/x64_Release/TEST_op_ExclusiveOr.o
LOAD ../build/x64_Release/TEST_op_From_To.o
LOAD ../build/x64_Release/TEST_op_GetPropertyValue.o
LOAD ../build/x64_Release/TEST_op_GreatestCommonDivisor.o
LOAD ../build/x64_Release/TEST_op_ModPow.o
LOAD ../build/x64_Release/TEST_op_Multiply.o
LOAD ../build/x64_Release/TEST_op_ParseDN.o
LOAD ../build/x64_Release/TEST_op_ParseX.o
LOAD ../build/x64_Release/TEST_op_Pow.o
LOAD ../build/x64_Release/TEST_op_Shift.o
LOAD ../build/x64_Release/TEST_op_Subtruct.o
LOAD ../build/x64_Release/TEST_op_ToStringD.o
LOAD ../build/x64_Release/TEST_op_ToStringN.o
LOAD ../build/x64_Release/TEST_op_ToStringX.o
LOAD ../build/x64_Release/version.o
LOAD C:/GNU/MINGW64/x86_64-8.1.0-win32-seh-rt_v6-rev0/mingw64/bin/../lib/gcc/x86_64-w64-mingw32/8.1.0/../../../../x86_64-w64-mingw32/lib/../lib/libkernel32.a
LOAD C:/GNU/MINGW64/x86_64-8.1.0-win32-seh-rt_v6-rev0/mingw64/bin/../lib/gcc/x86_64-w64-mingw32/8.1.0/../../../../x86_64-w64-mingw32/lib/../lib/libuser32.a
                0x0000000000000318                . = SIZEOF_HEADERS
                0x0000000000001000                . = ALIGN (__section_alignment__)

.text           0x0000000063481000    0x10e00
 *(.init)
 *(.text)
 .text          0x0000000063481000       0xb0 ../build/x64_Release/cpuid.o
                0x0000000063481000                GetCPUInfo
 .text          0x00000000634810b0       0x10 ../build/x64_Release/debug.o
                0x00000000634810b0                DoDebug
 .text          0x00000000634810c0       0x50 ../build/x64_Release/dllmain.o
                0x00000000634810c0                DllMain
 .text          0x0000000063481110        0x0 ../build/x64_Release/INTERNALTEST_op_DivRem.o
 .text          0x0000000063481110        0x0 ../build/x64_Release/INTERNALTEST_op_Multiply.o
 .text          0x0000000063481110      0x9b0 ../build/x64_Release/memory.o
                0x00000000634813b0                AllocateBlock
                0x0000000063481480                DeallocateBlock
                0x0000000063481550                CheckBlockLight
                0x0000000063481560                AttatchNumber
                0x00000000634815e0                AllocateNumber
                0x00000000634816a0                DetatchNumber
                0x00000000634816c0                DeallocateNumber
                0x00000000634816e0                CommitNumber
                0x0000000063481870                CheckNumber
                0x0000000063481890                DuplicateNumber
                0x0000000063481940                PMC_Dispose
                0x0000000063481970                Initialize_Memory
                0x0000000063481a60                AllocateHeapArea
                0x0000000063481a90                DeallocateHeapArea
 .text          0x0000000063481ac0     0x1050 ../build/x64_Release/pmc_add.o
                0x0000000063482850                PMC_Add_I_X
                0x00000000634828a0                PMC_Add_X_I
                0x00000000634828f0                PMC_Add_L_X
                0x0000000063482940                PMC_Add_X_L
                0x0000000063482990                PMC_Add_X_X
                0x0000000063482af0                Initialize_Add
 .text          0x0000000063482b10      0x6e0 ../build/x64_Release/pmc_bitwiseand.o
                0x0000000063482b10                PMC_BitwiseAnd_I_X
                0x0000000063482b70                PMC_BitwiseAnd_X_I
                0x0000000063482bd0                PMC_BitwiseAnd_L_X
                0x0000000063482c40                PMC_BitwiseAnd_X_L
                0x0000000063482cb0                PMC_BitwiseAnd_X_X
                0x00000000634831e0                Initialize_BitwiseAnd
 .text          0x00000000634831f0      0x8c0 ../build/x64_Release/pmc_bitwiseor.o
                0x00000000634833f0                PMC_BitwiseOr_I_X
                0x0000000063483440                PMC_BitwiseOr_X_I
                0x0000000063483490                PMC_BitwiseOr_L_X
                0x00000000634834e0                PMC_BitwiseOr_X_L
                0x0000000063483530                PMC_BitwiseOr_X_X
                0x0000000063483aa0                Initialize_BitwiseOr
 .text          0x0000000063483ab0      0x150 ../build/x64_Release/pmc_bytes.o
                0x0000000063483ab0                PMC_FromByteArray
                0x0000000063483b80                PMC_ToByteArray
 .text          0x0000000063483c00       0x80 ../build/x64_Release/pmc_clone.o
                0x0000000063483c00                PMC_Clone_X
                0x0000000063483c70                Initialize_Clone
 .text          0x0000000063483c80      0x3e0 ../build/x64_Release/pmc_compare.o
                0x0000000063483d40                Compare_Imp
                0x0000000063483db0                PMC_Compare_I_X
                0x0000000063483e10                PMC_Compare_X_I
                0x0000000063483e70                PMC_Compare_L_X
                0x0000000063483ed0                PMC_Compare_X_L
                0x0000000063483f30                PMC_Compare_X_X
                0x0000000063484050                Initialize_Compare
 .text          0x0000000063484060     0x40e0 ../build/x64_Release/pmc_divrem.o
                0x0000000063487340                DivRem_X_1W
                0x0000000063487790                DivRem_X_X
                0x0000000063487890                PMC_DivRem_I_X
                0x0000000063487990                PMC_DivRem_X_I
                0x0000000063487b20                PMC_DivRem_L_X
                0x0000000063487c20                PMC_DivRem_X_L
                0x0000000063487db0                PMC_DivRem_X_X
                0x0000000063488110                Initialize_DivRem
 .text          0x0000000063488140      0x330 ../build/x64_Release/pmc_equals.o
                0x0000000063488200                Equals_X_X
                0x0000000063488240                PMC_Equals_I_X
                0x0000000063488290                PMC_Equals_X_I
                0x00000000634882e0                PMC_Equals_L_X
                0x0000000063488330                PMC_Equals_X_L
                0x0000000063488380                PMC_Equals_X_X
                0x0000000063488460                Initialize_Equals
 .text          0x0000000063488470      0x920 ../build/x64_Release/pmc_exclusiveor.o
                0x00000000634886b0                PMC_ExclusiveOr_I_X
                0x0000000063488700                PMC_ExclusiveOr_X_I
                0x0000000063488750                PMC_ExclusiveOr_L_X
                0x00000000634887a0                PMC_ExclusiveOr_X_L
                0x00000000634887f0                PMC_ExclusiveOr_X_X
                0x0000000063488d80                Initialize_ExclusiveOr
 .text          0x0000000063488d90      0x150 ../build/x64_Release/pmc_from.o
                0x0000000063488d90                From_I_Imp
                0x0000000063488df0                From_L_Imp
                0x0000000063488e50                PMC_From_I
                0x0000000063488e90                PMC_From_L
                0x0000000063488ed0                Initialize_From
 .text          0x0000000063488ee0       0xc0 ../build/x64_Release/pmc_getpropertyvalue.o
                0x0000000063488ee0                PMC_GetPropertyValue_X_I
                0x0000000063488f90                Initialize_GetPropertyValue
 .text          0x0000000063488fa0      0x950 ../build/x64_Release/pmc_greatestcommondivisor.o
                0x00000000634894e0                PMC_GreatestCommonDivisor_I_X
                0x0000000063489530                PMC_GreatestCommonDivisor_X_I
                0x0000000063489580                PMC_GreatestCommonDivisor_L_X
                0x00000000634895d0                PMC_GreatestCommonDivisor_X_L
                0x0000000063489620                PMC_GreatestCommonDivisor_X_X
                0x00000000634898e0                Initialize_GreatestCommonDivisor
 .text          0x00000000634898f0      0x540 ../build/x64_Release/pmc_initialize.o
                0x00000000634898f0                PMC_Initialize
 .text          0x0000000063489e30      0xa80 ../build/x64_Release/pmc_modpow.o
                0x0000000063489e30                PMC_ModPow_X_X_X
                0x000000006348a8a0                Initialize_ModPow
 .text          0x000000006348a8b0     0x1c30 ../build/x64_Release/pmc_multiply.o
                0x000000006348c1f0                Multiply_X_X_Imp
                0x000000006348c200                PMC_Multiply_I_X
                0x000000006348c250                PMC_Multiply_X_I
                0x000000006348c2a0                PMC_Multiply_L_X
                0x000000006348c2f0                PMC_Multiply_X_L
                0x000000006348c340                PMC_Multiply_X_X
                0x000000006348c490                Initialize_Multiply
 .text          0x000000006348c4e0     0x24a0 ../build/x64_Release/pmc_parse.o
                0x000000006348d800                PMC_TryParse
                0x000000006348e8e0                Initialize_Parse
 .text          0x000000006348e980      0x300 ../build/x64_Release/pmc_pow.o
                0x000000006348e980                PMC_Pow_X_I
                0x000000006348ec70                Initialize_Pow
 .text          0x000000006348ec80     0x1420 ../build/x64_Release/pmc_shift.o
                0x000000006348ec80                RightShift_Imp_DIV
                0x000000006348f4b0                RightShift_Imp
                0x000000006348f4c0                LeftShift_Imp_DIV
                0x000000006348fcc0                LeftShift_Imp
                0x000000006348fcd0                PMC_RightShift_X_I
                0x000000006348fdc0                PMC_RightShift_X_L
                0x000000006348feb0                PMC_LeftShift_X_I
                0x000000006348ffa0                PMC_LeftShift_X_L
                0x0000000063490090                Initialize_Shift
 .text          0x00000000634900a0       0x30 ../build/x64_Release/pmc_statistics.o
                0x00000000634900a0                PMC_GetStatisticsInfo
 .text          0x00000000634900d0      0xad0 ../build/x64_Release/pmc_subtruct.o
                0x0000000063490150                Subtruct_Imp
                0x0000000063490670                PMC_Subtruct_I_X
                0x0000000063490700                PMC_Subtruct_X_I
                0x0000000063490850                PMC_Subtruct_L_X
                0x00000000634908e0                PMC_Subtruct_X_L
                0x0000000063490a40                PMC_Subtruct_X_X
                0x0000000063490b90                Initialize_Subtruct
 .text          0x0000000063490ba0       0xb0 ../build/x64_Release/pmc_to.o
                0x0000000063490ba0                PMC_To_X_I
                0x0000000063490bf0                PMC_To_X_L
                0x0000000063490c40                Initialize_To
 .text          0x0000000063490c50      0xfc0 ../build/x64_Release/pmc_tostring.o
                0x0000000063491a60                PMC_ToString
                0x0000000063491b90                Initialize_ToString
 .text          0x0000000063491c10        0x0 ../build/x64_Release/TEST_autogenerated.o
 .text          0x0000000063491c10        0x0 ../build/x64_Release/TEST_op_Add.o
 .text          0x0000000063491c10        0x0 ../build/x64_Release/TEST_op_BitwiseAnd.o
 .text          0x0000000063491c10        0x0 ../build/x64_Release/TEST_op_BitwiseOr.o
 .text          0x0000000063491c10        0x0 ../build/x64_Release/TEST_op_Clone.o
 .text          0x0000000063491c10        0x0 ../build/x64_Release/TEST_op_Compare.o
 .text          0x0000000063491c10        0x0 ../build/x64_Release/TEST_op_DivRem.o
 .text          0x0000000063491c10        0x0 ../build/x64_Release/TEST_op_Equals.o
 .text          0x0000000063491c10        0x0 ../build/x64_Release/TEST_op_ExclusiveOr.o
 .text          0x0000000063491c10        0x0 ../build/x64_Release/TEST_op_From_To.o
 .text          0x0000000063491c10        0x0 ../build/x64_Release/TEST_op_GetPropertyValue.o
 .text          0x0000000063491c10        0x0 ../build/x64_Release/TEST_op_GreatestCommonDivisor.o
 .text          0x0000000063491c10        0x0 ../build/x64_Release/TEST_op_ModPow.o
 .text          0x0000000063491c10        0x0 ../build/x64_Release/TEST_op_Multiply.o
 .text          0x0000000063491c10        0x0 ../build/x64_Release/TEST_op_ParseDN.o
 .text          0x0000000063491c10        0x0 ../build/x64_Release/TEST_op_ParseX.o
 .text          0x0000000063491c10        0x0 ../build/x64_Release/TEST_op_Pow.o
 .text          0x0000000063491c10        0x0 ../build/x64_Release/TEST_op_Shift.o
 .text          0x0000000063491c10        0x0 ../build/x64_Release/TEST_op_Subtruct.o
 .text          0x0000000063491c10        0x0 ../build/x64_Release/TEST_op_ToStringD.o
 .text          0x0000000063491c10        0x0 ../build/x64_Release/TEST_op_ToStringN.o
 .text          0x0000000063491c10        0x0 ../build/x64_Release/TEST_op_ToStringX.o
 .text          0x0000000063491c10        0x8 C:/GNU/MINGW64/x86_64-8.1.0-win32-seh-rt_v6-rev0/mingw64/bin/../lib/gcc/x86_64-w64-mingw32/8.1.0/../../../../x86_64-w64-mingw32/lib/../lib/libkernel32.a(dqifs01555.o)
                0x0000000063491c10                lstrlenW
 .text          0x0000000063491c18        0x8 C:/GNU/MINGW64/x86_64-8.1.0-win32-seh-rt_v6-rev0/mingw64/bin/../lib/gcc/x86_64-w64-mingw32/8.1.0/../../../../x86_64-w64-mingw32/lib/../lib/libkernel32.a(dqifs01549.o)
                0x0000000063491c18                lstrcpyW
 .text          0x0000000063491c20        0x8 C:/GNU/MINGW64/x86_64-8.1.0-win32-seh-rt_v6-rev0/mingw64/bin/../lib/gcc/x86_64-w64-mingw32/8.1.0/../../../../x86_64-w64-mingw32/lib/../lib/libkernel32.a(dqifs01548.o)
                0x0000000063491c20                lstrcpyA
 .text          0x0000000063491c28        0x8 C:/GNU/MINGW64/x86_64-8.1.0-win32-seh-rt_v6-rev0/mingw64/bin/../lib/gcc/x86_64-w64-mingw32/8.1.0/../../../../x86_64-w64-mingw32/lib/../lib/libkernel32.a(dqifs00841.o)
                0x0000000063491c28                HeapFree
 .text          0x0000000063491c30        0x8 C:/GNU/MINGW64/x86_64-8.1.0-win32-seh-rt_v6-rev0/mingw64/bin/../lib/gcc/x86_64-w64-mingw32/8.1.0/../../../../x86_64-w64-mingw32/lib/../lib/libkernel32.a(dqifs00839.o)
                0x0000000063491c30                HeapDestroy
 .text          0x0000000063491c38        0x8 C:/GNU/MINGW64/x86_64-8.1.0-win32-seh-rt_v6-rev0/mingw64/bin/../lib/gcc/x86_64-w64-mingw32/8.1.0/../../../../x86_64-w64-mingw32/lib/../lib/libkernel32.a(dqifs00837.o)
                0x0000000063491c38                HeapCreate
 .text          0x0000000063491c40        0x8 C:/GNU/MINGW64/x86_64-8.1.0-win32-seh-rt_v6-rev0/mingw64/bin/../lib/gcc/x86_64-w64-mingw32/8.1.0/../../../../x86_64-w64-mingw32/lib/../lib/libkernel32.a(dqifs00835.o)
                0x0000000063491c40                HeapAlloc
 *fill*         0x0000000063491c48        0x8 
 .text          0x0000000063491c50        0x0 C:/GNU/MINGW64/x86_64-8.1.0-win32-seh-rt_v6-rev0/mingw64/bin/../lib/gcc/x86_64-w64-mingw32/8.1.0/../../../../x86_64-w64-mingw32/lib/../lib/libkernel32.a(dqifh.o)
 .text          0x0000000063491c50        0x0 C:/GNU/MINGW64/x86_64-8.1.0-win32-seh-rt_v6-rev0/mingw64/bin/../lib/gcc/x86_64-w64-mingw32/8.1.0/../../../../x86_64-w64-mingw32/lib/../lib/libkernel32.a(dqift.o)
 *(SORT_BY_NAME(.text$*))
 *(.text.*)
 *(.gnu.linkonce.t.*)
 *(.glue_7t)
 *(.glue_7)
                0x0000000063491c50                . = ALIGN (0x8)
                0x0000000063491c50                ___CTOR_LIST__ = .
                0x0000000063491c50                __CTOR_LIST__ = .
                0x0000000063491c50        0x4 LONG 0xffffffffffffffff
                0x0000000063491c54        0x4 LONG 0xffffffffffffffff
 *(.ctors)
 *(.ctor)
 *(SORT_BY_NAME(.ctors.*))
                0x0000000063491c58        0x4 LONG 0x0
                0x0000000063491c5c        0x4 LONG 0x0
                0x0000000063491c60                ___DTOR_LIST__ = .
                0x0000000063491c60                __DTOR_LIST__ = .
                0x0000000063491c60        0x4 LONG 0xffffffffffffffff
                0x0000000063491c64        0x4 LONG 0xffffffffffffffff
 *(.dtors)
 *(.dtor)
 *(SORT_BY_NAME(.dtors.*))
                0x0000000063491c68        0x4 LONG 0x0
                0x0000000063491c6c        0x4 LONG 0x0
 *(.fini)
 *(.gcc_exc)
                [!provide]                        PROVIDE (etext = .)
 *(.gcc_except_table)

.data           0x0000000063492000      0x200
                0x0000000063492000                __data_start__ = .
 *(.data)
 .data          0x0000000063492000        0x0 ../build/x64_Release/cpuid.o
 .data          0x0000000063492000        0x0 ../build/x64_Release/debug.o
 .data          0x0000000063492000        0x0 ../build/x64_Release/dllmain.o
 .data          0x0000000063492000        0x0 ../build/x64_Release/INTERNALTEST_op_DivRem.o
 .data          0x0000000063492000        0x0 ../build/x64_Release/INTERNALTEST_op_Multiply.o
 .data          0x0000000063492000        0x0 ../build/x64_Release/memory.o
 .data          0x0000000063492000        0x0 ../build/x64_Release/pmc_add.o
 .data          0x0000000063492000        0x0 ../build/x64_Release/pmc_bitwiseand.o
 .data          0x0000000063492000        0x0 ../build/x64_Release/pmc_bitwiseor.o
 .data          0x0000000063492000        0x0 ../build/x64_Release/pmc_bytes.o
 .data          0x0000000063492000        0x0 ../build/x64_Release/pmc_clone.o
 .data          0x0000000063492000        0x0 ../build/x64_Release/pmc_compare.o
 .data          0x0000000063492000        0x0 ../build/x64_Release/pmc_divrem.o
 .data          0x0000000063492000        0x0 ../build/x64_Release/pmc_equals.o
 .data          0x0000000063492000        0x0 ../build/x64_Release/pmc_exclusiveor.o
 .data          0x0000000063492000        0x0 ../build/x64_Release/pmc_from.o
 .data          0x0000000063492000        0x0 ../build/x64_Release/pmc_getpropertyvalue.o
 .data          0x0000000063492000        0x0 ../build/x64_Release/pmc_greatestcommondivisor.o
 .data          0x0000000063492000        0x0 ../build/x64_Release/pmc_initialize.o
 .data          0x0000000063492000        0x0 ../build/x64_Release/pmc_modpow.o
 .data          0x0000000063492000        0x0 ../build/x64_Release/pmc_multiply.o
 .data          0x0000000063492000        0x0 ../build/x64_Release/pmc_parse.o
 .data          0x0000000063492000        0x0 ../build/x64_Release/pmc_pow.o
 .data          0x0000000063492000        0x0 ../build/x64_Release/pmc_shift.o
 .data          0x0000000063492000        0x0 ../build/x64_Release/pmc_statistics.o
 .data          0x0000000063492000        0x0 ../build/x64_Release/pmc_subtruct.o
 .data          0x0000000063492000        0x0 ../build/x64_Release/pmc_to.o
 .data          0x0000000063492000       0x80 ../build/x64_Release/pmc_tostring.o
 .data          0x0000000063492080        0x0 ../build/x64_Release/TEST_autogenerated.o
 .data          0x0000000063492080        0x0 ../build/x64_Release/TEST_op_Add.o
 .data          0x0000000063492080        0x0 ../build/x64_Release/TEST_op_BitwiseAnd.o
 .data          0x0000000063492080        0x0 ../build/x64_Release/TEST_op_BitwiseOr.o
 .data          0x0000000063492080        0x0 ../build/x64_Release/TEST_op_Clone.o
 .data          0x0000000063492080        0x0 ../build/x64_Release/TEST_op_Compare.o
 .data          0x0000000063492080        0x0 ../build/x64_Release/TEST_op_DivRem.o
 .data          0x0000000063492080        0x0 ../build/x64_Release/TEST_op_Equals.o
 .data          0x0000000063492080        0x0 ../build/x64_Release/TEST_op_ExclusiveOr.o
 .data          0x0000000063492080        0x0 ../build/x64_Release/TEST_op_From_To.o
 .data          0x0000000063492080        0x0 ../build/x64_Release/TEST_op_GetPropertyValue.o
 .data          0x0000000063492080        0x0 ../build/x64_Release/TEST_op_GreatestCommonDivisor.o
 .data          0x0000000063492080        0x0 ../build/x64_Release/TEST_op_ModPow.o
 .data          0x0000000063492080        0x0 ../build/x64_Release/TEST_op_Multiply.o
 .data          0x0000000063492080        0x0 ../build/x64_Release/TEST_op_ParseDN.o
 .data          0x0000000063492080        0x0 ../build/x64_Release/TEST_op_ParseX.o
 .data          0x0000000063492080        0x0 ../build/x64_Release/TEST_op_Pow.o
 .data          0x0000000063492080        0x0 ../build/x64_Release/TEST_op_Shift.o
 .data          0x0000000063492080        0x0 ../build/x64_Release/TEST_op_Subtruct.o
 .data          0x0000000063492080        0x0 ../build/x64_Release/TEST_op_ToStringD.o
 .data          0x0000000063492080        0x0 ../build/x64_Release/TEST_op_ToStringN.o
 .data          0x0000000063492080        0x0 ../build/x64_Release/TEST_op_ToStringX.o
 .data          0x0000000063492080        0x0 C:/GNU/MINGW64/x86_64-8.1.0-win32-seh-rt_v6-rev0/mingw64/bin/../lib/gcc/x86_64-w64-mingw32/8.1.0/../../../../x86_64-w64-mingw32/lib/../lib/libkernel32.a(dqifs01555.o)
 .data          0x0000000063492080        0x0 C:/GNU/MINGW64/x86_64-8.1.0-win32-seh-rt_v6-rev0/mingw64/bin/../lib/gcc/x86_64-w64-mingw32/8.1.0/../../../../x86_64-w64-mingw32/lib/../lib/libkernel32.a(dqifs01549.o)
 .data          0x0000000063492080        0x0 C:/GNU/MINGW64/x86_64-8.1.0-win32-seh-rt_v6-rev0/mingw64/bin/../lib/gcc/x86_64-w64-mingw32/8.1.0/../../../../x86_64-w64-mingw32/lib/../lib/libkernel32.a(dqifs01548.o)
 .data          0x0000000063492080        0x0 C:/GNU/MINGW64/x86_64-8.1.0-win32-seh-rt_v6-rev0/mingw64/bin/../lib/gcc/x86_64-w64-mingw32/8.1.0/../../../../x86_64-w64-mingw32/lib/../lib/libkernel32.a(dqifs00841.o)
 .data          0x0000000063492080        0x0 C:/GNU/MINGW64/x86_64-8.1.0-win32-seh-rt_v6-rev0/mingw64/bin/../lib/gcc/x86_64-w64-mingw32/8.1.0/../../../../x86_64-w64-mingw32/lib/../lib/libkernel32.a(dqifs00839.o)
 .data          0x0000000063492080        0x0 C:/GNU/MINGW64/x86_64-8.1.0-win32-seh-rt_v6-rev0/mingw64/bin/../lib/gcc/x86_64-w64-mingw32/8.1.0/../../../../x86_64-w64-mingw32/lib/../lib/libkernel32.a(dqifs00837.o)
 .data          0x0000000063492080        0x0 C:/GNU/MINGW64/x86_64-8.1.0-win32-seh-rt_v6-rev0/mingw64/bin/../lib/gcc/x86_64-w64-mingw32/8.1.0/../../../../x86_64-w64-mingw32/lib/../lib/libkernel32.a(dqifs00835.o)
 .data          0x0000000063492080        0x0 C:/GNU/MINGW64/x86_64-8.1.0-win32-seh-rt_v6-rev0/mingw64/bin/../lib/gcc/x86_64-w64-mingw32/8.1.0/../../../../x86_64-w64-mingw32/lib/../lib/libkernel32.a(dqifh.o)
 .data          0x0000000063492080        0x0 C:/GNU/MINGW64/x86_64-8.1.0-win32-seh-rt_v6-rev0/mingw64/bin/../lib/gcc/x86_64-w64-mingw32/8.1.0/../../../../x86_64-w64-mingw32/lib/../lib/libkernel32.a(dqift.o)
 *(.data2)
 *(SORT_BY_NAME(.data$*))
 *(.jcr)
                0x0000000063492080                __data_end__ = .
 *(.data_cygwin_nocopy)

.rdata          0x0000000063493000     0x1400
 *(.rdata)
 .rdata         0x0000000063493000       0x20 ../build/x64_Release/pmc_parse.o
 .rdata         0x0000000063493020      0x110 ../build/x64_Release/pmc_tostring.o
 *(SORT_BY_NAME(.rdata$*))
 .rdata$.refptr.PMC_Add_I_X
                0x0000000063493130       0x10 ../build/x64_Release/pmc_initialize.o
                0x0000000063493130                .refptr.PMC_Add_I_X
 .rdata$.refptr.PMC_Add_L_X
                0x0000000063493140       0x10 ../build/x64_Release/pmc_initialize.o
                0x0000000063493140                .refptr.PMC_Add_L_X
 .rdata$.refptr.PMC_Add_X_I
                0x0000000063493150       0x10 ../build/x64_Release/pmc_initialize.o
                0x0000000063493150                .refptr.PMC_Add_X_I
 .rdata$.refptr.PMC_Add_X_L
                0x0000000063493160       0x10 ../build/x64_Release/pmc_initialize.o
                0x0000000063493160                .refptr.PMC_Add_X_L
 .rdata$.refptr.PMC_Add_X_X
                0x0000000063493170       0x10 ../build/x64_Release/pmc_initialize.o
                0x0000000063493170                .refptr.PMC_Add_X_X
 .rdata$.refptr.PMC_BitwiseAnd_I_X
                0x0000000063493180       0x10 ../build/x64_Release/pmc_initialize.o
                0x0000000063493180                .refptr.PMC_BitwiseAnd_I_X
 .rdata$.refptr.PMC_BitwiseAnd_L_X
                0x0000000063493190       0x10 ../build/x64_Release/pmc_initialize.o
                0x0000000063493190                .refptr.PMC_BitwiseAnd_L_X
 .rdata$.refptr.PMC_BitwiseAnd_X_I
                0x00000000634931a0       0x10 ../build/x64_Release/pmc_initialize.o
                0x00000000634931a0                .refptr.PMC_BitwiseAnd_X_I
 .rdata$.refptr.PMC_BitwiseAnd_X_L
                0x00000000634931b0       0x10 ../build/x64_Release/pmc_initialize.o
                0x00000000634931b0                .refptr.PMC_BitwiseAnd_X_L
 .rdata$.refptr.PMC_BitwiseAnd_X_X
                0x00000000634931c0       0x10 ../build/x64_Release/pmc_initialize.o
                0x00000000634931c0                .refptr.PMC_BitwiseAnd_X_X
 .rdata$.refptr.PMC_BitwiseOr_I_X
                0x00000000634931d0       0x10 ../build/x64_Release/pmc_initialize.o
                0x00000000634931d0                .refptr.PMC_BitwiseOr_I_X
 .rdata$.refptr.PMC_BitwiseOr_L_X
                0x00000000634931e0       0x10 ../build/x64_Release/pmc_initialize.o
                0x00000000634931e0                .refptr.PMC_BitwiseOr_L_X
 .rdata$.refptr.PMC_BitwiseOr_X_I
                0x00000000634931f0       0x10 ../build/x64_Release/pmc_initialize.o
                0x00000000634931f0                .refptr.PMC_BitwiseOr_X_I
 .rdata$.refptr.PMC_BitwiseOr_X_L
                0x0000000063493200       0x10 ../build/x64_Release/pmc_initialize.o
                0x0000000063493200                .refptr.PMC_BitwiseOr_X_L
 .rdata$.refptr.PMC_BitwiseOr_X_X
                0x0000000063493210       0x10 ../build/x64_Release/pmc_initialize.o
                0x0000000063493210                .refptr.PMC_BitwiseOr_X_X
 .rdata$.refptr.PMC_Clone_X
                0x0000000063493220       0x10 ../build/x64_Release/pmc_initialize.o
                0x0000000063493220                .refptr.PMC_Clone_X
 .rdata$.refptr.PMC_Compare_I_X
                0x0000000063493230       0x10 ../build/x64_Release/pmc_initialize.o
                0x0000000063493230                .refptr.PMC_Compare_I_X
 .rdata$.refptr.PMC_Compare_L_X
                0x0000000063493240       0x10 ../build/x64_Release/pmc_initialize.o
                0x0000000063493240                .refptr.PMC_Compare_L_X
 .rdata$.refptr.PMC_Compare_X_I
                0x0000000063493250       0x10 ../build/x64_Release/pmc_initialize.o
                0x0000000063493250                .refptr.PMC_Compare_X_I
 .rdata$.refptr.PMC_Compare_X_L
                0x0000000063493260       0x10 ../build/x64_Release/pmc_initialize.o
                0x0000000063493260                .refptr.PMC_Compare_X_L
 .rdata$.refptr.PMC_Compare_X_X
                0x0000000063493270       0x10 ../build/x64_Release/pmc_initialize.o
                0x0000000063493270                .refptr.PMC_Compare_X_X
 .rdata$.refptr.PMC_Dispose
                0x0000000063493280       0x10 ../build/x64_Release/pmc_initialize.o
                0x0000000063493280                .refptr.PMC_Dispose
 .rdata$.refptr.PMC_DivRem_I_X
                0x0000000063493290       0x10 ../build/x64_Release/pmc_initialize.o
                0x0000000063493290                .refptr.PMC_DivRem_I_X
 .rdata$.refptr.PMC_DivRem_L_X
                0x00000000634932a0       0x10 ../build/x64_Release/pmc_initialize.o
                0x00000000634932a0                .refptr.PMC_DivRem_L_X
 .rdata$.refptr.PMC_DivRem_X_I
                0x00000000634932b0       0x10 ../build/x64_Release/pmc_initialize.o
                0x00000000634932b0                .refptr.PMC_DivRem_X_I
 .rdata$.refptr.PMC_DivRem_X_L
                0x00000000634932c0       0x10 ../build/x64_Release/pmc_initialize.o
                0x00000000634932c0                .refptr.PMC_DivRem_X_L
 .rdata$.refptr.PMC_DivRem_X_X
                0x00000000634932d0       0x10 ../build/x64_Release/pmc_initialize.o
                0x00000000634932d0                .refptr.PMC_DivRem_X_X
 .rdata$.refptr.PMC_Equals_I_X
                0x00000000634932e0       0x10 ../build/x64_Release/pmc_initialize.o
                0x00000000634932e0                .refptr.PMC_Equals_I_X
 .rdata$.refptr.PMC_Equals_L_X
                0x00000000634932f0       0x10 ../build/x64_Release/pmc_initialize.o
                0x00000000634932f0                .refptr.PMC_Equals_L_X
 .rdata$.refptr.PMC_Equals_X_I
                0x0000000063493300       0x10 ../build/x64_Release/pmc_initialize.o
                0x0000000063493300                .refptr.PMC_Equals_X_I
 .rdata$.refptr.PMC_Equals_X_L
                0x0000000063493310       0x10 ../build/x64_Release/pmc_initialize.o
                0x0000000063493310                .refptr.PMC_Equals_X_L
 .rdata$.refptr.PMC_Equals_X_X
                0x0000000063493320       0x10 ../build/x64_Release/pmc_initialize.o
                0x0000000063493320                .refptr.PMC_Equals_X_X
 .rdata$.refptr.PMC_ExclusiveOr_I_X
                0x0000000063493330       0x10 ../build/x64_Release/pmc_initialize.o
                0x0000000063493330                .refptr.PMC_ExclusiveOr_I_X
 .rdata$.refptr.PMC_ExclusiveOr_L_X
                0x0000000063493340       0x10 ../build/x64_Release/pmc_initialize.o
                0x0000000063493340                .refptr.PMC_ExclusiveOr_L_X
 .rdata$.refptr.PMC_ExclusiveOr_X_I
                0x0000000063493350       0x10 ../build/x64_Release/pmc_initialize.o
                0x0000000063493350                .refptr.PMC_ExclusiveOr_X_I
 .rdata$.refptr.PMC_ExclusiveOr_X_L
                0x0000000063493360       0x10 ../build/x64_Release/pmc_initialize.o
                0x0000000063493360                .refptr.PMC_ExclusiveOr_X_L
 .rdata$.refptr.PMC_ExclusiveOr_X_X
                0x0000000063493370       0x10 ../build/x64_Release/pmc_initialize.o
                0x0000000063493370                .refptr.PMC_ExclusiveOr_X_X
 .rdata$.refptr.PMC_FromByteArray
                0x0000000063493380       0x10 ../build/x64_Release/pmc_initialize.o
                0x0000000063493380                .refptr.PMC_FromByteArray
 .rdata$.refptr.PMC_From_I
                0x0000000063493390       0x10 ../build/x64_Release/pmc_initialize.o
                0x0000000063493390                .refptr.PMC_From_I
 .rdata$.refptr.PMC_From_L
                0x00000000634933a0       0x10 ../build/x64_Release/pmc_initialize.o
                0x00000000634933a0                .refptr.PMC_From_L
 .rdata$.refptr.PMC_GetPropertyValue_X_I
                0x00000000634933b0       0x10 ../build/x64_Release/pmc_initialize.o
                0x00000000634933b0                .refptr.PMC_GetPropertyValue_X_I
 .rdata$.refptr.PMC_GetStatisticsInfo
                0x00000000634933c0       0x10 ../build/x64_Release/pmc_initialize.o
                0x00000000634933c0                .refptr.PMC_GetStatisticsInfo
 .rdata$.refptr.PMC_GreatestCommonDivisor_I_X
                0x00000000634933d0       0x10 ../build/x64_Release/pmc_initialize.o
                0x00000000634933d0                .refptr.PMC_GreatestCommonDivisor_I_X
 .rdata$.refptr.PMC_GreatestCommonDivisor_L_X
                0x00000000634933e0       0x10 ../build/x64_Release/pmc_initialize.o
                0x00000000634933e0                .refptr.PMC_GreatestCommonDivisor_L_X
 .rdata$.refptr.PMC_GreatestCommonDivisor_X_I
                0x00000000634933f0       0x10 ../build/x64_Release/pmc_initialize.o
                0x00000000634933f0                .refptr.PMC_GreatestCommonDivisor_X_I
 .rdata$.refptr.PMC_GreatestCommonDivisor_X_L
                0x0000000063493400       0x10 ../build/x64_Release/pmc_initialize.o
                0x0000000063493400                .refptr.PMC_GreatestCommonDivisor_X_L
 .rdata$.refptr.PMC_GreatestCommonDivisor_X_X
                0x0000000063493410       0x10 ../build/x64_Release/pmc_initialize.o
                0x0000000063493410                .refptr.PMC_GreatestCommonDivisor_X_X
 .rdata$.refptr.PMC_LeftShift_X_I
                0x0000000063493420       0x10 ../build/x64_Release/pmc_initialize.o
                0x0000000063493420                .refptr.PMC_LeftShift_X_I
 .rdata$.refptr.PMC_LeftShift_X_L
                0x0000000063493430       0x10 ../build/x64_Release/pmc_initialize.o
                0x0000000063493430                .refptr.PMC_LeftShift_X_L
 .rdata$.refptr.PMC_ModPow_X_X_X
                0x0000000063493440       0x10 ../build/x64_Release/pmc_initialize.o
                0x0000000063493440                .refptr.PMC_ModPow_X_X_X
 .rdata$.refptr.PMC_Multiply_I_X
                0x0000000063493450       0x10 ../build/x64_Release/pmc_initialize.o
                0x0000000063493450                .refptr.PMC_Multiply_I_X
 .rdata$.refptr.PMC_Multiply_L_X
                0x0000000063493460       0x10 ../build/x64_Release/pmc_initialize.o
                0x0000000063493460                .refptr.PMC_Multiply_L_X
 .rdata$.refptr.PMC_Multiply_X_I
                0x0000000063493470       0x10 ../build/x64_Release/pmc_initialize.o
                0x0000000063493470                .refptr.PMC_Multiply_X_I
 .rdata$.refptr.PMC_Multiply_X_L
                0x0000000063493480       0x10 ../build/x64_Release/pmc_initialize.o
                0x0000000063493480                .refptr.PMC_Multiply_X_L
 .rdata$.refptr.PMC_Multiply_X_X
                0x0000000063493490       0x10 ../build/x64_Release/pmc_initialize.o
                0x0000000063493490                .refptr.PMC_Multiply_X_X
 .rdata$.refptr.PMC_Pow_X_I
                0x00000000634934a0       0x10 ../build/x64_Release/pmc_initialize.o
                0x00000000634934a0                .refptr.PMC_Pow_X_I
 .rdata$.refptr.PMC_RightShift_X_I
                0x00000000634934b0       0x10 ../build/x64_Release/pmc_initialize.o
                0x00000000634934b0                .refptr.PMC_RightShift_X_I
 .rdata$.refptr.PMC_RightShift_X_L
                0x00000000634934c0       0x10 ../build/x64_Release/pmc_initialize.o
                0x00000000634934c0                .refptr.PMC_RightShift_X_L
 .rdata$.refptr.PMC_Subtruct_I_X
                0x00000000634934d0       0x10 ../build/x64_Release/pmc_initialize.o
                0x00000000634934d0                .refptr.PMC_Subtruct_I_X
 .rdata$.refptr.PMC_Subtruct_L_X
                0x00000000634934e0       0x10 ../build/x64_Release/pmc_initialize.o
                0x00000000634934e0                .refptr.PMC_Subtruct_L_X
 .rdata$.refptr.PMC_Subtruct_X_I
                0x00000000634934f0       0x10 ../build/x64_Release/pmc_initialize.o
                0x00000000634934f0                .refptr.PMC_Subtruct_X_I
 .rdata$.refptr.PMC_Subtruct_X_L
                0x0000000063493500       0x10 ../build/x64_Release/pmc_initialize.o
                0x0000000063493500                .refptr.PMC_Subtruct_X_L
 .rdata$.refptr.PMC_Subtruct_X_X
                0x0000000063493510       0x10 ../build/x64_Release/pmc_initialize.o
                0x0000000063493510                .refptr.PMC_Subtruct_X_X
 .rdata$.refptr.PMC_ToByteArray
                0x0000000063493520       0x10 ../build/x64_Release/pmc_initialize.o
                0x0000000063493520                .refptr.PMC_ToByteArray
 .rdata$.refptr.PMC_ToString
                0x0000000063493530       0x10 ../build/x64_Release/pmc_initialize.o
                0x0000000063493530                .refptr.PMC_ToString
 .rdata$.refptr.PMC_To_X_I
                0x0000000063493540       0x10 ../build/x64_Release/pmc_initialize.o
                0x0000000063493540                .refptr.PMC_To_X_I
 .rdata$.refptr.PMC_To_X_L
                0x0000000063493550       0x10 ../build/x64_Release/pmc_initialize.o
                0x0000000063493550                .refptr.PMC_To_X_L
 .rdata$.refptr.PMC_TryParse
                0x0000000063493560       0x10 ../build/x64_Release/pmc_initialize.o
                0x0000000063493560                .refptr.PMC_TryParse
 .rdata$.refptr.number_one
                0x0000000063493570       0x10 ../build/x64_Release/pmc_modpow.o
                0x0000000063493570                .refptr.number_one
 .rdata$.refptr.number_zero
                0x0000000063493580       0x10 ../build/x64_Release/pmc_add.o
                0x0000000063493580                .refptr.number_zero
 .rdata$.refptr.statistics_info
                0x0000000063493590       0x10 ../build/x64_Release/pmc_divrem.o
                0x0000000063493590                .refptr.statistics_info
 .rdata$zzz     0x00000000634935a0       0x40 ../build/x64_Release/cpuid.o
 .rdata$zzz     0x00000000634935e0       0x40 ../build/x64_Release/debug.o
 .rdata$zzz     0x0000000063493620       0x40 ../build/x64_Release/dllmain.o
 .rdata$zzz     0x0000000063493660       0x40 ../build/x64_Release/INTERNALTEST_op_DivRem.o
 .rdata$zzz     0x00000000634936a0       0x40 ../build/x64_Release/INTERNALTEST_op_Multiply.o
 .rdata$zzz     0x00000000634936e0       0x40 ../build/x64_Release/memory.o
 .rdata$zzz     0x0000000063493720       0x40 ../build/x64_Release/pmc_add.o
 .rdata$zzz     0x0000000063493760       0x40 ../build/x64_Release/pmc_bitwiseand.o
 .rdata$zzz     0x00000000634937a0       0x40 ../build/x64_Release/pmc_bitwiseor.o
 .rdata$zzz     0x00000000634937e0       0x40 ../build/x64_Release/pmc_bytes.o
 .rdata$zzz     0x0000000063493820       0x40 ../build/x64_Release/pmc_clone.o
 .rdata$zzz     0x0000000063493860       0x40 ../build/x64_Release/pmc_compare.o
 .rdata$zzz     0x00000000634938a0       0x40 ../build/x64_Release/pmc_divrem.o
 .rdata$zzz     0x00000000634938e0       0x40 ../build/x64_Release/pmc_equals.o
 .rdata$zzz     0x0000000063493920       0x40 ../build/x64_Release/pmc_exclusiveor.o
 .rdata$zzz     0x0000000063493960       0x40 ../build/x64_Release/pmc_from.o
 .rdata$zzz     0x00000000634939a0       0x40 ../build/x64_Release/pmc_getpropertyvalue.o
 .rdata$zzz     0x00000000634939e0       0x40 ../build/x64_Release/pmc_greatestcommondivisor.o
 .rdata$zzz     0x0000000063493a20       0x40 ../build/x64_Release/pmc_initialize.o
 .rdata$zzz     0x0000000063493a60       0x40 ../build/x64_Release/pmc_modpow.o
 .rdata$zzz     0x0000000063493aa0       0x40 ../build/x64_Release/pmc_multiply.o
 .rdata$zzz     0x0000000063493ae0       0x40 ../build/x64_Release/pmc_parse.o
 .rdata$zzz     0x0000000063493b20       0x40 ../build/x64_Release/pmc_pow.o
 .rdata$zzz     0x0000000063493b60       0x40 ../build/x64_Release/pmc_shift.o
 .rdata$zzz     0x0000000063493ba0       0x40 ../build/x64_Release/pmc_statistics.o
 .rdata$zzz     0x0000000063493be0       0x40 ../build/x64_Release/pmc_subtruct.o
 .rdata$zzz     0x0000000063493c20       0x40 ../build/x64_Release/pmc_to.o
 .rdata$zzz     0x0000000063493c60       0x40 ../build/x64_Release/pmc_tostring.o
 .rdata$zzz     0x0000000063493ca0       0x40 ../build/x64_Release/TEST_autogenerated.o
 .rdata$zzz     0x0000000063493ce0       0x40 ../build/x64_Release/TEST_op_Add.o
 .rdata$zzz     0x0000000063493d20       0x40 ../build/x64_Release/TEST_op_BitwiseAnd.o
 .rdata$zzz     0x0000000063493d60       0x40 ../build/x64_Release/TEST_op_BitwiseOr.o
 .rdata$zzz     0x0000000063493da0       0x40 ../build/x64_Release/TEST_op_Clone.o
 .rdata$zzz     0x0000000063493de0       0x40 ../build/x64_Release/TEST_op_Compare.o
 .rdata$zzz     0x0000000063493e20       0x40 ../build/x64_Release/TEST_op_DivRem.o
 .rdata$zzz     0x0000000063493e60       0x40 ../build/x64_Release/TEST_op_Equals.o
 .rdata$zzz     0x0000000063493ea0       0x40 ../build/x64_Release/TEST_op_ExclusiveOr.o
 .rdata$zzz     0x0000000063493ee0       0x40 ../build/x64_Release/TEST_op_From_To.o
 .rdata$zzz     0x0000000063493f20       0x40 ../build/x64_Release/TEST_op_GetPropertyValue.o
 .rdata$zzz     0x0000000063493f60       0x40 ../build/x64_Release/TEST_op_GreatestCommonDivisor.o
 .rdata$zzz     0x0000000063493fa0       0x40 ../build/x64_Release/TEST_op_ModPow.o
 .rdata$zzz     0x0000000063493fe0       0x40 ../build/x64_Release/TEST_op_Multiply.o
 .rdata$zzz     0x0000000063494020       0x40 ../build/x64_Release/TEST_op_ParseDN.o
 .rdata$zzz     0x0000000063494060       0x40 ../build/x64_Release/TEST_op_ParseX.o
 .rdata$zzz     0x00000000634940a0       0x40 ../build/x64_Release/TEST_op_Pow.o
 .rdata$zzz     0x00000000634940e0       0x40 ../build/x64_Release/TEST_op_Shift.o
 .rdata$zzz     0x0000000063494120       0x40 ../build/x64_Release/TEST_op_Subtruct.o
 .rdata$zzz     0x0000000063494160       0x40 ../build/x64_Release/TEST_op_ToStringD.o
 .rdata$zzz     0x00000000634941a0       0x40 ../build/x64_Release/TEST_op_ToStringN.o
 .rdata$zzz     0x00000000634941e0       0x40 ../build/x64_Release/TEST_op_ToStringX.o
                0x0000000063494220                __rt_psrelocs_start = .
 *(.rdata_runtime_pseudo_reloc)
                0x0000000063494220                __rt_psrelocs_end = .
                0x0000000000000000                __rt_psrelocs_size = (__rt_psrelocs_end - __rt_psrelocs_start)
                0x0000000063494220                ___RUNTIME_PSEUDO_RELOC_LIST_END__ = .
                0x0000000063494220                __RUNTIME_PSEUDO_RELOC_LIST_END__ = .
                0x0000000063494220                ___RUNTIME_PSEUDO_RELOC_LIST__ = (. - __rt_psrelocs_size)
                0x0000000063494220                __RUNTIME_PSEUDO_RELOC_LIST__ = (. - __rt_psrelocs_size)

.eh_frame
 *(.eh_frame*)

.pdata          0x0000000063495000      0x800
 *(.pdata*)
 .pdata         0x0000000063495000        0xc ../build/x64_Release/cpuid.o
 .pdata         0x000000006349500c        0xc ../build/x64_Release/debug.o
 .pdata         0x0000000063495018        0xc ../build/x64_Release/dllmain.o
 .pdata         0x0000000063495024       0xd8 ../build/x64_Release/memory.o
 .pdata         0x00000000634950fc       0x84 ../build/x64_Release/pmc_add.o
 .pdata         0x0000000063495180       0x48 ../build/x64_Release/pmc_bitwiseand.o
 .pdata         0x00000000634951c8       0x60 ../build/x64_Release/pmc_bitwiseor.o
 .pdata         0x0000000063495228       0x18 ../build/x64_Release/pmc_bytes.o
 .pdata         0x0000000063495240       0x18 ../build/x64_Release/pmc_clone.o
 .pdata         0x0000000063495258       0x6c ../build/x64_Release/pmc_compare.o
 .pdata         0x00000000634952c4       0x90 ../build/x64_Release/pmc_divrem.o
 .pdata         0x0000000063495354       0x6c ../build/x64_Release/pmc_equals.o
 .pdata         0x00000000634953c0       0x60 ../build/x64_Release/pmc_exclusiveor.o
 .pdata         0x0000000063495420       0x3c ../build/x64_Release/pmc_from.o
 .pdata         0x000000006349545c       0x18 ../build/x64_Release/pmc_getpropertyvalue.o
 .pdata         0x0000000063495474       0x6c ../build/x64_Release/pmc_greatestcommondivisor.o
 .pdata         0x00000000634954e0        0xc ../build/x64_Release/pmc_initialize.o
 .pdata         0x00000000634954ec       0x18 ../build/x64_Release/pmc_modpow.o
 .pdata         0x0000000063495504       0xcc ../build/x64_Release/pmc_multiply.o
 .pdata         0x00000000634955d0       0x60 ../build/x64_Release/pmc_parse.o
 .pdata         0x0000000063495630       0x18 ../build/x64_Release/pmc_pow.o
 .pdata         0x0000000063495648       0x6c ../build/x64_Release/pmc_shift.o
 .pdata         0x00000000634956b4        0xc ../build/x64_Release/pmc_statistics.o
 .pdata         0x00000000634956c0       0x60 ../build/x64_Release/pmc_subtruct.o
 .pdata         0x0000000063495720       0x24 ../build/x64_Release/pmc_to.o
 .pdata         0x0000000063495744       0x3c ../build/x64_Release/pmc_tostring.o

.xdata          0x0000000063496000      0x800
 *(.xdata*)
 .xdata         0x0000000063496000        0x8 ../build/x64_Release/cpuid.o
 .xdata         0x0000000063496008        0x4 ../build/x64_Release/debug.o
 .xdata         0x000000006349600c        0x8 ../build/x64_Release/dllmain.o
 .xdata         0x0000000063496014       0x9c ../build/x64_Release/memory.o
 .xdata         0x00000000634960b0       0x94 ../build/x64_Release/pmc_add.o
 .xdata         0x0000000063496144       0x44 ../build/x64_Release/pmc_bitwiseand.o
 .xdata         0x0000000063496188       0x68 ../build/x64_Release/pmc_bitwiseor.o
 .xdata         0x00000000634961f0       0x20 ../build/x64_Release/pmc_bytes.o
 .xdata         0x0000000063496210       0x10 ../build/x64_Release/pmc_clone.o
 .xdata         0x0000000063496220       0x4c ../build/x64_Release/pmc_compare.o
 .xdata         0x000000006349626c       0xd0 ../build/x64_Release/pmc_divrem.o
 .xdata         0x000000006349633c       0x4c ../build/x64_Release/pmc_equals.o
 .xdata         0x0000000063496388       0x68 ../build/x64_Release/pmc_exclusiveor.o
 .xdata         0x00000000634963f0       0x2c ../build/x64_Release/pmc_from.o
 .xdata         0x000000006349641c       0x10 ../build/x64_Release/pmc_getpropertyvalue.o
 .xdata         0x000000006349642c       0x8c ../build/x64_Release/pmc_greatestcommondivisor.o
 .xdata         0x00000000634964b8        0x8 ../build/x64_Release/pmc_initialize.o
 .xdata         0x00000000634964c0       0x1c ../build/x64_Release/pmc_modpow.o
 .xdata         0x00000000634964dc       0xd8 ../build/x64_Release/pmc_multiply.o
 .xdata         0x00000000634965b4       0x68 ../build/x64_Release/pmc_parse.o
 .xdata         0x000000006349661c       0x1c ../build/x64_Release/pmc_pow.o
 .xdata         0x0000000063496638       0x6c ../build/x64_Release/pmc_shift.o
 .xdata         0x00000000634966a4        0x4 ../build/x64_Release/pmc_statistics.o
 .xdata         0x00000000634966a8       0x64 ../build/x64_Release/pmc_subtruct.o
 .xdata         0x000000006349670c       0x1c ../build/x64_Release/pmc_to.o
 .xdata         0x0000000063496728       0x4c ../build/x64_Release/pmc_tostring.o

.bss            0x0000000063497000      0x3c0
                0x0000000063497000                __bss_start__ = .
 *(.bss)
 .bss           0x0000000063497000        0x0 ../build/x64_Release/cpuid.o
 .bss           0x0000000063497000        0x0 ../build/x64_Release/debug.o
 .bss           0x0000000063497000        0x0 ../build/x64_Release/dllmain.o
 .bss           0x0000000063497000        0x0 ../build/x64_Release/INTERNALTEST_op_DivRem.o
 .bss           0x0000000063497000        0x0 ../build/x64_Release/INTERNALTEST_op_Multiply.o
 .bss           0x0000000063497000        0x0 ../build/x64_Release/memory.o
 .bss           0x0000000063497000       0x10 ../build/x64_Release/pmc_add.o
 .bss           0x0000000063497010        0x0 ../build/x64_Release/pmc_bitwiseand.o
 .bss           0x0000000063497010        0x0 ../build/x64_Release/pmc_bitwiseor.o
 .bss           0x0000000063497010        0x0 ../build/x64_Release/pmc_bytes.o
 .bss           0x0000000063497010        0x0 ../build/x64_Release/pmc_clone.o
 .bss           0x0000000063497010        0x0 ../build/x64_Release/pmc_compare.o
 .bss           0x0000000063497010       0x10 ../build/x64_Release/pmc_divrem.o
 .bss           0x0000000063497020        0x0 ../build/x64_Release/pmc_equals.o
 .bss           0x0000000063497020        0x0 ../build/x64_Release/pmc_exclusiveor.o
 .bss           0x0000000063497020        0x0 ../build/x64_Release/pmc_from.o
 .bss           0x0000000063497020        0x0 ../build/x64_Release/pmc_getpropertyvalue.o
 .bss           0x0000000063497020        0x0 ../build/x64_Release/pmc_greatestcommondivisor.o
 .bss           0x0000000063497020      0x240 ../build/x64_Release/pmc_initialize.o
 .bss           0x0000000063497260        0x0 ../build/x64_Release/pmc_modpow.o
 .bss           0x0000000063497260       0x10 ../build/x64_Release/pmc_multiply.o
 *fill*         0x0000000063497270       0x10 
 .bss           0x0000000063497280       0x60 ../build/x64_Release/pmc_parse.o
 .bss           0x00000000634972e0        0x0 ../build/x64_Release/pmc_pow.o
 .bss           0x00000000634972e0        0x0 ../build/x64_Release/pmc_shift.o
 .bss           0x00000000634972e0        0x0 ../build/x64_Release/pmc_statistics.o
 .bss           0x00000000634972e0        0x0 ../build/x64_Release/pmc_subtruct.o
 .bss           0x00000000634972e0        0x0 ../build/x64_Release/pmc_to.o
 .bss           0x00000000634972e0       0x40 ../build/x64_Release/pmc_tostring.o
 .bss           0x0000000063497320        0x0 ../build/x64_Release/TEST_autogenerated.o
 .bss           0x0000000063497320        0x0 ../build/x64_Release/TEST_op_Add.o
 .bss           0x0000000063497320        0x0 ../build/x64_Release/TEST_op_BitwiseAnd.o
 .bss           0x0000000063497320        0x0 ../build/x64_Release/TEST_op_BitwiseOr.o
 .bss           0x0000000063497320        0x0 ../build/x64_Release/TEST_op_Clone.o
 .bss           0x0000000063497320        0x0 ../build/x64_Release/TEST_op_Compare.o
 .bss           0x0000000063497320        0x0 ../build/x64_Release/TEST_op_DivRem.o
 .bss           0x0000000063497320        0x0 ../build/x64_Release/TEST_op_Equals.o
 .bss           0x0000000063497320        0x0 ../build/x64_Release/TEST_op_ExclusiveOr.o
 .bss           0x0000000063497320        0x0 ../build/x64_Release/TEST_op_From_To.o
 .bss           0x0000000063497320        0x0 ../build/x64_Release/TEST_op_GetPropertyValue.o
 .bss           0x0000000063497320        0x0 ../build/x64_Release/TEST_op_GreatestCommonDivisor.o
 .bss           0x0000000063497320        0x0 ../build/x64_Release/TEST_op_ModPow.o
 .bss           0x0000000063497320        0x0 ../build/x64_Release/TEST_op_Multiply.o
 .bss           0x0000000063497320        0x0 ../build/x64_Release/TEST_op_ParseDN.o
 .bss           0x0000000063497320        0x0 ../build/x64_Release/TEST_op_ParseX.o
 .bss           0x0000000063497320        0x0 ../build/x64_Release/TEST_op_Pow.o
 .bss           0x0000000063497320        0x0 ../build/x64_Release/TEST_op_Shift.o
 .bss           0x0000000063497320        0x0 ../build/x64_Release/TEST_op_Subtruct.o
 .bss           0x0000000063497320        0x0 ../build/x64_Release/TEST_op_ToStringD.o
 .bss           0x0000000063497320        0x0 ../build/x64_Release/TEST_op_ToStringN.o
 .bss           0x0000000063497320        0x0 ../build/x64_Release/TEST_op_ToStringX.o
 .bss           0x0000000063497320        0x0 C:/GNU/MINGW64/x86_64-8.1.0-win32-seh-rt_v6-rev0/mingw64/bin/../lib/gcc/x86_64-w64-mingw32/8.1.0/../../../../x86_64-w64-mingw32/lib/../lib/libkernel32.a(dqifs01555.o)
 .bss           0x0000000063497320        0x0 C:/GNU/MINGW64/x86_64-8.1.0-win32-seh-rt_v6-rev0/mingw64/bin/../lib/gcc/x86_64-w64-mingw32/8.1.0/../../../../x86_64-w64-mingw32/lib/../lib/libkernel32.a(dqifs01549.o)
 .bss           0x0000000063497320        0x0 C:/GNU/MINGW64/x86_64-8.1.0-win32-seh-rt_v6-rev0/mingw64/bin/../lib/gcc/x86_64-w64-mingw32/8.1.0/../../../../x86_64-w64-mingw32/lib/../lib/libkernel32.a(dqifs01548.o)
 .bss           0x0000000063497320        0x0 C:/GNU/MINGW64/x86_64-8.1.0-win32-seh-rt_v6-rev0/mingw64/bin/../lib/gcc/x86_64-w64-mingw32/8.1.0/../../../../x86_64-w64-mingw32/lib/../lib/libkernel32.a(dqifs00841.o)
 .bss           0x0000000063497320        0x0 C:/GNU/MINGW64/x86_64-8.1.0-win32-seh-rt_v6-rev0/mingw64/bin/../lib/gcc/x86_64-w64-mingw32/8.1.0/../../../../x86_64-w64-mingw32/lib/../lib/libkernel32.a(dqifs00839.o)
 .bss           0x0000000063497320        0x0 C:/GNU/MINGW64/x86_64-8.1.0-win32-seh-rt_v6-rev0/mingw64/bin/../lib/gcc/x86_64-w64-mingw32/8.1.0/../../../../x86_64-w64-mingw32/lib/../lib/libkernel32.a(dqifs00837.o)
 .bss           0x0000000063497320        0x0 C:/GNU/MINGW64/x86_64-8.1.0-win32-seh-rt_v6-rev0/mingw64/bin/../lib/gcc/x86_64-w64-mingw32/8.1.0/../../../../x86_64-w64-mingw32/lib/../lib/libkernel32.a(dqifs00835.o)
 .bss           0x0000000063497320        0x0 C:/GNU/MINGW64/x86_64-8.1.0-win32-seh-rt_v6-rev0/mingw64/bin/../lib/gcc/x86_64-w64-mingw32/8.1.0/../../../../x86_64-w64-mingw32/lib/../lib/libkernel32.a(dqifh.o)
 .bss           0x0000000063497320        0x0 C:/GNU/MINGW64/x86_64-8.1.0-win32-seh-rt_v6-rev0/mingw64/bin/../lib/gcc/x86_64-w64-mingw32/8.1.0/../../../../x86_64-w64-mingw32/lib/../lib/libkernel32.a(dqift.o)
 *(COMMON)
 COMMON         0x0000000063497320       0x88 ../build/x64_Release/memory.o
                0x0000000063497320                number_one
                0x0000000063497360                number_zero
                0x00000000634973a0                hLocalHeap
 COMMON         0x00000000634973a8        0x4 ../build/x64_Release/pmc_initialize.o
                0x00000000634973a8                configuration_info
 *fill*         0x00000000634973ac        0x4 
 COMMON         0x00000000634973b0       0x10 ../build/x64_Release/pmc_statistics.o
                0x00000000634973b0                statistics_info
                0x00000000634973c0                __bss_end__ = .

.edata          0x0000000063498000      0x200
 *(.edata)
 .edata         0x0000000063498000       0x56 dll stuff

/DISCARD/
 *(.debug$S)
 *(.debug$T)
 *(.debug$F)
 *(.drectve)
 *(.note.GNU-stack)
 *(.gnu.lto_*)

.idata          0x0000000063499000      0x200
 SORT_BY_NAME(*)(.idata$2)
 .idata$2       0x0000000063499000       0x14 C:/GNU/MINGW64/x86_64-8.1.0-win32-seh-rt_v6-rev0/mingw64/bin/../lib/gcc/x86_64-w64-mingw32/8.1.0/../../../../x86_64-w64-mingw32/lib/../lib/libkernel32.a(dqifh.o)
                0x0000000063499000                _head_lib64_libkernel32_a
 SORT_BY_NAME(*)(.idata$3)
                0x0000000063499014        0x4 LONG 0x0
                0x0000000063499018        0x4 LONG 0x0
                0x000000006349901c        0x4 LONG 0x0
                0x0000000063499020        0x4 LONG 0x0
                0x0000000063499024        0x4 LONG 0x0
 SORT_BY_NAME(*)(.idata$4)
 .idata$4       0x0000000063499028        0x0 C:/GNU/MINGW64/x86_64-8.1.0-win32-seh-rt_v6-rev0/mingw64/bin/../lib/gcc/x86_64-w64-mingw32/8.1.0/../../../../x86_64-w64-mingw32/lib/../lib/libkernel32.a(dqifh.o)
 .idata$4       0x0000000063499028        0x8 C:/GNU/MINGW64/x86_64-8.1.0-win32-seh-rt_v6-rev0/mingw64/bin/../lib/gcc/x86_64-w64-mingw32/8.1.0/../../../../x86_64-w64-mingw32/lib/../lib/libkernel32.a(dqifs00835.o)
 .idata$4       0x0000000063499030        0x8 C:/GNU/MINGW64/x86_64-8.1.0-win32-seh-rt_v6-rev0/mingw64/bin/../lib/gcc/x86_64-w64-mingw32/8.1.0/../../../../x86_64-w64-mingw32/lib/../lib/libkernel32.a(dqifs00837.o)
 .idata$4       0x0000000063499038        0x8 C:/GNU/MINGW64/x86_64-8.1.0-win32-seh-rt_v6-rev0/mingw64/bin/../lib/gcc/x86_64-w64-mingw32/8.1.0/../../../../x86_64-w64-mingw32/lib/../lib/libkernel32.a(dqifs00839.o)
 .idata$4       0x0000000063499040        0x8 C:/GNU/MINGW64/x86_64-8.1.0-win32-seh-rt_v6-rev0/mingw64/bin/../lib/gcc/x86_64-w64-mingw32/8.1.0/../../../../x86_64-w64-mingw32/lib/../lib/libkernel32.a(dqifs00841.o)
 .idata$4       0x0000000063499048        0x8 C:/GNU/MINGW64/x86_64-8.1.0-win32-seh-rt_v6-rev0/mingw64/bin/../lib/gcc/x86_64-w64-mingw32/8.1.0/../../../../x86_64-w64-mingw32/lib/../lib/libkernel32.a(dqifs01548.o)
 .idata$4       0x0000000063499050        0x8 C:/GNU/MINGW64/x86_64-8.1.0-win32-seh-rt_v6-rev0/mingw64/bin/../lib/gcc/x86_64-w64-mingw32/8.1.0/../../../../x86_64-w64-mingw32/lib/../lib/libkernel32.a(dqifs01549.o)
 .idata$4       0x0000000063499058        0x8 C:/GNU/MINGW64/x86_64-8.1.0-win32-seh-rt_v6-rev0/mingw64/bin/../lib/gcc/x86_64-w64-mingw32/8.1.0/../../../../x86_64-w64-mingw32/lib/../lib/libkernel32.a(dqifs01555.o)
 .idata$4       0x0000000063499060        0x8 C:/GNU/MINGW64/x86_64-8.1.0-win32-seh-rt_v6-rev0/mingw64/bin/../lib/gcc/x86_64-w64-mingw32/8.1.0/../../../../x86_64-w64-mingw32/lib/../lib/libkernel32.a(dqift.o)
                0x0000000063499068                __IAT_start__ = .
 SORT_BY_NAME(*)(.idata$5)
 .idata$5       0x0000000063499068        0x0 C:/GNU/MINGW64/x86_64-8.1.0-win32-seh-rt_v6-rev0/mingw64/bin/../lib/gcc/x86_64-w64-mingw32/8.1.0/../../../../x86_64-w64-mingw32/lib/../lib/libkernel32.a(dqifh.o)
 .idata$5       0x0000000063499068        0x8 C:/GNU/MINGW64/x86_64-8.1.0-win32-seh-rt_v6-rev0/mingw64/bin/../lib/gcc/x86_64-w64-mingw32/8.1.0/../../../../x86_64-w64-mingw32/lib/../lib/libkernel32.a(dqifs00835.o)
                0x0000000063499068                __imp_HeapAlloc
 .idata$5       0x0000000063499070        0x8 C:/GNU/MINGW64/x86_64-8.1.0-win32-seh-rt_v6-rev0/mingw64/bin/../lib/gcc/x86_64-w64-mingw32/8.1.0/../../../../x86_64-w64-mingw32/lib/../lib/libkernel32.a(dqifs00837.o)
                0x0000000063499070                __imp_HeapCreate
 .idata$5       0x0000000063499078        0x8 C:/GNU/MINGW64/x86_64-8.1.0-win32-seh-rt_v6-rev0/mingw64/bin/../lib/gcc/x86_64-w64-mingw32/8.1.0/../../../../x86_64-w64-mingw32/lib/../lib/libkernel32.a(dqifs00839.o)
                0x0000000063499078                __imp_HeapDestroy
 .idata$5       0x0000000063499080        0x8 C:/GNU/MINGW64/x86_64-8.1.0-win32-seh-rt_v6-rev0/mingw64/bin/../lib/gcc/x86_64-w64-mingw32/8.1.0/../../../../x86_64-w64-mingw32/lib/../lib/libkernel32.a(dqifs00841.o)
                0x0000000063499080                __imp_HeapFree
 .idata$5       0x0000000063499088        0x8 C:/GNU/MINGW64/x86_64-8.1.0-win32-seh-rt_v6-rev0/mingw64/bin/../lib/gcc/x86_64-w64-mingw32/8.1.0/../../../../x86_64-w64-mingw32/lib/../lib/libkernel32.a(dqifs01548.o)
                0x0000000063499088                __imp_lstrcpyA
 .idata$5       0x0000000063499090        0x8 C:/GNU/MINGW64/x86_64-8.1.0-win32-seh-rt_v6-rev0/mingw64/bin/../lib/gcc/x86_64-w64-mingw32/8.1.0/../../../../x86_64-w64-mingw32/lib/../lib/libkernel32.a(dqifs01549.o)
                0x0000000063499090                __imp_lstrcpyW
 .idata$5       0x0000000063499098        0x8 C:/GNU/MINGW64/x86_64-8.1.0-win32-seh-rt_v6-rev0/mingw64/bin/../lib/gcc/x86_64-w64-mingw32/8.1.0/../../../../x86_64-w64-mingw32/lib/../lib/libkernel32.a(dqifs01555.o)
                0x0000000063499098                __imp_lstrlenW
 .idata$5       0x00000000634990a0        0x8 C:/GNU/MINGW64/x86_64-8.1.0-win32-seh-rt_v6-rev0/mingw64/bin/../lib/gcc/x86_64-w64-mingw32/8.1.0/../../../../x86_64-w64-mingw32/lib/../lib/libkernel32.a(dqift.o)
                0x00000000634990a8                __IAT_end__ = .
 SORT_BY_NAME(*)(.idata$6)
 .idata$6       0x00000000634990a8        0xc C:/GNU/MINGW64/x86_64-8.1.0-win32-seh-rt_v6-rev0/mingw64/bin/../lib/gcc/x86_64-w64-mingw32/8.1.0/../../../../x86_64-w64-mingw32/lib/../lib/libkernel32.a(dqifs00835.o)
 .idata$6       0x00000000634990b4        0xe C:/GNU/MINGW64/x86_64-8.1.0-win32-seh-rt_v6-rev0/mingw64/bin/../lib/gcc/x86_64-w64-mingw32/8.1.0/../../../../x86_64-w64-mingw32/lib/../lib/libkernel32.a(dqifs00837.o)
 .idata$6       0x00000000634990c2        0xe C:/GNU/MINGW64/x86_64-8.1.0-win32-seh-rt_v6-rev0/mingw64/bin/../lib/gcc/x86_64-w64-mingw32/8.1.0/../../../../x86_64-w64-mingw32/lib/../lib/libkernel32.a(dqifs00839.o)
 .idata$6       0x00000000634990d0        0xc C:/GNU/MINGW64/x86_64-8.1.0-win32-seh-rt_v6-rev0/mingw64/bin/../lib/gcc/x86_64-w64-mingw32/8.1.0/../../../../x86_64-w64-mingw32/lib/../lib/libkernel32.a(dqifs00841.o)
 .idata$6       0x00000000634990dc        0xc C:/GNU/MINGW64/x86_64-8.1.0-win32-seh-rt_v6-rev0/mingw64/bin/../lib/gcc/x86_64-w64-mingw32/8.1.0/../../../../x86_64-w64-mingw32/lib/../lib/libkernel32.a(dqifs01548.o)
 .idata$6       0x00000000634990e8        0xc C:/GNU/MINGW64/x86_64-8.1.0-win32-seh-rt_v6-rev0/mingw64/bin/../lib/gcc/x86_64-w64-mingw32/8.1.0/../../../../x86_64-w64-mingw32/lib/../lib/libkernel32.a(dqifs01549.o)
 .idata$6       0x00000000634990f4        0xc C:/GNU/MINGW64/x86_64-8.1.0-win32-seh-rt_v6-rev0/mingw64/bin/../lib/gcc/x86_64-w64-mingw32/8.1.0/../../../../x86_64-w64-mingw32/lib/../lib/libkernel32.a(dqifs01555.o)
 SORT_BY_NAME(*)(.idata$7)
 .idata$7       0x0000000063499100        0x4 C:/GNU/MINGW64/x86_64-8.1.0-win32-seh-rt_v6-rev0/mingw64/bin/../lib/gcc/x86_64-w64-mingw32/8.1.0/../../../../x86_64-w64-mingw32/lib/../lib/libkernel32.a(dqifs00835.o)
 .idata$7       0x0000000063499104        0x4 C:/GNU/MINGW64/x86_64-8.1.0-win32-seh-rt_v6-rev0/mingw64/bin/../lib/gcc/x86_64-w64-mingw32/8.1.0/../../../../x86_64-w64-mingw32/lib/../lib/libkernel32.a(dqifs00837.o)
 .idata$7       0x0000000063499108        0x4 C:/GNU/MINGW64/x86_64-8.1.0-win32-seh-rt_v6-rev0/mingw64/bin/../lib/gcc/x86_64-w64-mingw32/8.1.0/../../../../x86_64-w64-mingw32/lib/../lib/libkernel32.a(dqifs00839.o)
 .idata$7       0x000000006349910c        0x4 C:/GNU/MINGW64/x86_64-8.1.0-win32-seh-rt_v6-rev0/mingw64/bin/../lib/gcc/x86_64-w64-mingw32/8.1.0/../../../../x86_64-w64-mingw32/lib/../lib/libkernel32.a(dqifs00841.o)
 .idata$7       0x0000000063499110        0x4 C:/GNU/MINGW64/x86_64-8.1.0-win32-seh-rt_v6-rev0/mingw64/bin/../lib/gcc/x86_64-w64-mingw32/8.1.0/../../../../x86_64-w64-mingw32/lib/../lib/libkernel32.a(dqifs01548.o)
 .idata$7       0x0000000063499114        0x4 C:/GNU/MINGW64/x86_64-8.1.0-win32-seh-rt_v6-rev0/mingw64/bin/../lib/gcc/x86_64-w64-mingw32/8.1.0/../../../../x86_64-w64-mingw32/lib/../lib/libkernel32.a(dqifs01549.o)
 .idata$7       0x0000000063499118        0x4 C:/GNU/MINGW64/x86_64-8.1.0-win32-seh-rt_v6-rev0/mingw64/bin/../lib/gcc/x86_64-w64-mingw32/8.1.0/../../../../x86_64-w64-mingw32/lib/../lib/libkernel32.a(dqifs01555.o)
 .idata$7       0x000000006349911c       0x10 C:/GNU/MINGW64/x86_64-8.1.0-win32-seh-rt_v6-rev0/mingw64/bin/../lib/gcc/x86_64-w64-mingw32/8.1.0/../../../../x86_64-w64-mingw32/lib/../lib/libkernel32.a(dqift.o)
                0x000000006349911c                __lib64_libkernel32_a_iname

.CRT            0x000000006349a000        0x0
                0x000000006349a000                ___crt_xc_start__ = .
 *(SORT_BY_NAME(.CRT$XC*))
                0x000000006349a000                ___crt_xc_end__ = .
                0x000000006349a000                ___crt_xi_start__ = .
 *(SORT_BY_NAME(.CRT$XI*))
                0x000000006349a000                ___crt_xi_end__ = .
                0x000000006349a000                ___crt_xl_start__ = .
 *(SORT_BY_NAME(.CRT$XL*))
                0x000000006349a000                ___crt_xp_start__ = .
 *(SORT_BY_NAME(.CRT$XP*))
                0x000000006349a000                ___crt_xp_end__ = .
                0x000000006349a000                ___crt_xt_start__ = .
 *(SORT_BY_NAME(.CRT$XT*))
                0x000000006349a000                ___crt_xt_end__ = .

.tls            0x000000006349a000        0x0
                0x000000006349a000                ___tls_start__ = .
 *(.tls$AAA)
 *(.tls)
 *(.tls$)
 *(SORT_BY_NAME(.tls$*))
 *(.tls$ZZZ)
                0x000000006349a000                ___tls_end__ = .

.endjunk        0x000000006349a000        0x0
                [!provide]                        PROVIDE (end = .)
                [!provide]                        PROVIDE (_end = .)
                0x000000006349a000                __end__ = .

.rsrc           0x000000006349a000      0x600
 *(.rsrc)
 .rsrc          0x000000006349a000      0x5a0 ../build/x64_Release/version.o
 *(.rsrc$*)

.reloc          0x000000006349b000      0x200
 *(.reloc)
 .reloc         0x000000006349b000       0x98 dll stuff

.stab
 *(.stab)

.stabstr
 *(.stabstr)

.debug_aranges
 *(.debug_aranges)

.zdebug_aranges
 *(.zdebug_aranges)

.debug_pubnames
 *(.debug_pubnames)

.zdebug_pubnames
 *(.zdebug_pubnames)

.debug_pubtypes
 *(.debug_pubtypes)

.zdebug_pubtypes
 *(.zdebug_pubtypes)

.debug_info
 *(.debug_info .gnu.linkonce.wi.*)

.zdebug_info
 *(.zdebug_info .zdebug.gnu.linkonce.wi.*)

.debug_abbrev
 *(.debug_abbrev)

.zdebug_abbrev
 *(.zdebug_abbrev)

.debug_line
 *(.debug_line)

.zdebug_line
 *(.zdebug_line)

.debug_frame
 *(.debug_frame)

.zdebug_frame
 *(.zdebug_frame)

.debug_str
 *(.debug_str)

.zdebug_str
 *(.zdebug_str)

.debug_loc
 *(.debug_loc)

.zdebug_loc
 *(.zdebug_loc)

.debug_macinfo
 *(.debug_macinfo)

.zdebug_macinfo
 *(.zdebug_macinfo)

.debug_weaknames
 *(.debug_weaknames)

.zdebug_weaknames
 *(.zdebug_weaknames)

.debug_funcnames
 *(.debug_funcnames)

.zdebug_funcnames
 *(.zdebug_funcnames)

.debug_typenames
 *(.debug_typenames)

.zdebug_typenames
 *(.zdebug_typenames)

.debug_varnames
 *(.debug_varnames)

.zdebug_varnames
 *(.zdebug_varnames)

.debug_macro
 *(.debug_macro)

.zdebug_macro
 *(.zdebug_macro)

.debug_ranges
 *(.debug_ranges)

.zdebug_ranges
 *(.zdebug_ranges)

.debug_types
 *(.debug_types .gnu.linkonce.wt.*)

.zdebug_types
 *(.zdebug_types .zdebug.gnu.linkonce.wt.*)

.debug_gdb_scripts
 *(.debug_gdb_scripts)

.zdebug_gdb_scripts
 *(.zdebug_gdb_scripts)
OUTPUT(../../dist/x64_Release/Palmtree.Math.Core.Uint.dll pei-x86-64)
LOAD dll stuff
