Archive member included to satisfy reference by file (symbol)

C:/GNU/MINGW64/x86_64-8.1.0-win32-seh-rt_v6-rev0/mingw64/bin/../lib/gcc/x86_64-w64-mingw32/8.1.0/../../../../x86_64-w64-mingw32/lib/../lib\libkernel32.a(dqifs01555.o)
                              ../build/x64_Release/pmc_parse.o (__imp_lstrlenW)
C:/GNU/MINGW64/x86_64-8.1.0-win32-seh-rt_v6-rev0/mingw64/bin/../lib/gcc/x86_64-w64-mingw32/8.1.0/../../../../x86_64-w64-mingw32/lib/../lib\libkernel32.a(dqifs01549.o)
                              ../build/x64_Release/pmc_initialize.o (__imp_lstrcpyW)
C:/GNU/MINGW64/x86_64-8.1.0-win32-seh-rt_v6-rev0/mingw64/bin/../lib/gcc/x86_64-w64-mingw32/8.1.0/../../../../x86_64-w64-mingw32/lib/../lib\libkernel32.a(dqifs01543.o)
                              ../build/x64_Release/pmc_initialize.o (__imp_lstrcmpW)
C:/GNU/MINGW64/x86_64-8.1.0-win32-seh-rt_v6-rev0/mingw64/bin/../lib/gcc/x86_64-w64-mingw32/8.1.0/../../../../x86_64-w64-mingw32/lib/../lib\libkernel32.a(dqifs01360.o)
                              C:/GNU/MINGW64/x86_64-8.1.0-win32-seh-rt_v6-rev0/mingw64/bin/../lib/gcc/x86_64-w64-mingw32/8.1.0/../../../../x86_64-w64-mingw32/lib/../lib/dllcrt2.o (__imp_Sleep)
C:/GNU/MINGW64/x86_64-8.1.0-win32-seh-rt_v6-rev0/mingw64/bin/../lib/gcc/x86_64-w64-mingw32/8.1.0/../../../../x86_64-w64-mingw32/lib/../lib\libkernel32.a(dqifs00951.o)
                              ../build/x64_Release/pmc_memory.o (__imp_LeaveCriticalSection)
C:/GNU/MINGW64/x86_64-8.1.0-win32-seh-rt_v6-rev0/mingw64/bin/../lib/gcc/x86_64-w64-mingw32/8.1.0/../../../../x86_64-w64-mingw32/lib/../lib\libkernel32.a(dqifs00863.o)
                              ../build/x64_Release/pmc_memory.o (__imp_InitializeCriticalSection)
C:/GNU/MINGW64/x86_64-8.1.0-win32-seh-rt_v6-rev0/mingw64/bin/../lib/gcc/x86_64-w64-mingw32/8.1.0/../../../../x86_64-w64-mingw32/lib/../lib\libkernel32.a(dqifs00852.o)
                              ../build/x64_Release/pmc_memory.o (__imp_HeapWalk)
C:/GNU/MINGW64/x86_64-8.1.0-win32-seh-rt_v6-rev0/mingw64/bin/../lib/gcc/x86_64-w64-mingw32/8.1.0/../../../../x86_64-w64-mingw32/lib/../lib\libkernel32.a(dqifs00849.o)
                              ../build/x64_Release/pmc_memory.o (__imp_HeapUnlock)
C:/GNU/MINGW64/x86_64-8.1.0-win32-seh-rt_v6-rev0/mingw64/bin/../lib/gcc/x86_64-w64-mingw32/8.1.0/../../../../x86_64-w64-mingw32/lib/../lib\libkernel32.a(dqifs00842.o)
                              ../build/x64_Release/pmc_memory.o (__imp_HeapLock)
C:/GNU/MINGW64/x86_64-8.1.0-win32-seh-rt_v6-rev0/mingw64/bin/../lib/gcc/x86_64-w64-mingw32/8.1.0/../../../../x86_64-w64-mingw32/lib/../lib\libkernel32.a(dqifs00841.o)
                              ../build/x64_Release/pmc_memory.o (__imp_HeapFree)
C:/GNU/MINGW64/x86_64-8.1.0-win32-seh-rt_v6-rev0/mingw64/bin/../lib/gcc/x86_64-w64-mingw32/8.1.0/../../../../x86_64-w64-mingw32/lib/../lib\libkernel32.a(dqifs00839.o)
                              ../build/x64_Release/pmc_memory.o (__imp_HeapDestroy)
C:/GNU/MINGW64/x86_64-8.1.0-win32-seh-rt_v6-rev0/mingw64/bin/../lib/gcc/x86_64-w64-mingw32/8.1.0/../../../../x86_64-w64-mingw32/lib/../lib\libkernel32.a(dqifs00837.o)
                              ../build/x64_Release/pmc_memory.o (__imp_HeapCreate)
C:/GNU/MINGW64/x86_64-8.1.0-win32-seh-rt_v6-rev0/mingw64/bin/../lib/gcc/x86_64-w64-mingw32/8.1.0/../../../../x86_64-w64-mingw32/lib/../lib\libkernel32.a(dqifs00835.o)
                              ../build/x64_Release/pmc_memory.o (__imp_HeapAlloc)
C:/GNU/MINGW64/x86_64-8.1.0-win32-seh-rt_v6-rev0/mingw64/bin/../lib/gcc/x86_64-w64-mingw32/8.1.0/../../../../x86_64-w64-mingw32/lib/../lib\libkernel32.a(dqifs00609.o)
                              ../build/x64_Release/pmc_memory.o (__imp_GetLastError)
C:/GNU/MINGW64/x86_64-8.1.0-win32-seh-rt_v6-rev0/mingw64/bin/../lib/gcc/x86_64-w64-mingw32/8.1.0/../../../../x86_64-w64-mingw32/lib/../lib\libkernel32.a(dqifs00304.o)
                              ../build/x64_Release/pmc_memory.o (__imp_EnterCriticalSection)
C:/GNU/MINGW64/x86_64-8.1.0-win32-seh-rt_v6-rev0/mingw64/bin/../lib/gcc/x86_64-w64-mingw32/8.1.0/../../../../x86_64-w64-mingw32/lib/../lib\libkernel32.a(dqifh.o)
                              C:/GNU/MINGW64/x86_64-8.1.0-win32-seh-rt_v6-rev0/mingw64/bin/../lib/gcc/x86_64-w64-mingw32/8.1.0/../../../../x86_64-w64-mingw32/lib/../lib\libkernel32.a(dqifs01555.o) (_head_lib64_libkernel32_a)
C:/GNU/MINGW64/x86_64-8.1.0-win32-seh-rt_v6-rev0/mingw64/bin/../lib/gcc/x86_64-w64-mingw32/8.1.0/../../../../x86_64-w64-mingw32/lib/../lib\libkernel32.a(dqift.o)
                              C:/GNU/MINGW64/x86_64-8.1.0-win32-seh-rt_v6-rev0/mingw64/bin/../lib/gcc/x86_64-w64-mingw32/8.1.0/../../../../x86_64-w64-mingw32/lib/../lib\libkernel32.a(dqifh.o) (__lib64_libkernel32_a_iname)
C:/GNU/MINGW64/x86_64-8.1.0-win32-seh-rt_v6-rev0/mingw64/bin/../lib/gcc/x86_64-w64-mingw32/8.1.0/../../../../x86_64-w64-mingw32/lib/../lib\libuser32.a(dyqes00958.o)
                              ../build/x64_Release/pmc_tostring.o (__imp_wsprintfW)
[...]
Memory Configuration

Name             Origin             Length             Attributes
*default*        0x0000000000000000 0xffffffffffffffff

Linker script and memory map

                0x0000000066100000                __image_base__ = 0x66100000
                0x0000000000000000                __dll__ = 0x0
                0x0000000066100000                __ImageBase = 0x66100000
                0x0000000000001000                __section_alignment__ = 0x1000
                0x0000000000000200                __file_alignment__ = 0x200
                0x0000000000000004                __major_os_version__ = 0x4
                0x0000000000000000                __minor_os_version__ = 0x0
                0x0000000000000000                __major_image_version__ = 0x0
                0x0000000000000000                __minor_image_version__ = 0x0
                0x0000000000000005                __major_subsystem_version__ = 0x5
                0x0000000000000002                __minor_subsystem_version__ = 0x2
                0x0000000000000002                __subsystem__ = 0x2
                0x0000000000200000                __size_of_stack_reserve__ = 0x200000
                0x0000000000001000                __size_of_stack_commit__ = 0x1000
                0x0000000000100000                __size_of_heap_reserve__ = 0x100000
                0x0000000000001000                __size_of_heap_commit__ = 0x1000
                0x0000000000000000                __loader_flags__ = 0x0
                0x0000000000000000                __dll_characteristics__ = 0x0
LOAD C:/GNU/MINGW64/x86_64-8.1.0-win32-seh-rt_v6-rev0/mingw64/bin/../lib/gcc/x86_64-w64-mingw32/8.1.0/../../../../x86_64-w64-mingw32/lib/../lib/dllcrt2.o
LOAD C:/GNU/MINGW64/x86_64-8.1.0-win32-seh-rt_v6-rev0/mingw64/bin/../lib/gcc/x86_64-w64-mingw32/8.1.0/crtbegin.o
LOAD ../build/x64_Release/cpuid.o
LOAD ../build/x64_Release/dllmain.o
LOAD ../build/x64_Release/pmc_add.o
LOAD ../build/x64_Release/pmc_bitwiseand.o
LOAD ../build/x64_Release/pmc_bitwiseor.o
LOAD ../build/x64_Release/pmc_bytes.o
LOAD ../build/x64_Release/pmc_compare.o
LOAD ../build/x64_Release/pmc_divrem.o
LOAD ../build/x64_Release/pmc_equals.o
LOAD ../build/x64_Release/pmc_exclusiveor.o
LOAD ../build/x64_Release/pmc_from.o
LOAD ../build/x64_Release/pmc_greatestcommondivisor.o
LOAD ../build/x64_Release/pmc_initialize.o
LOAD ../build/x64_Release/pmc_interface_csharp.o
LOAD ../build/x64_Release/pmc_memory.o
LOAD ../build/x64_Release/pmc_modpow.o
LOAD ../build/x64_Release/pmc_multiply.o
LOAD ../build/x64_Release/pmc_parse.o
LOAD ../build/x64_Release/pmc_pow.o
LOAD ../build/x64_Release/pmc_shift.o
LOAD ../build/x64_Release/pmc_statistics.o
LOAD ../build/x64_Release/pmc_subtruct.o
LOAD ../build/x64_Release/pmc_to.o
LOAD ../build/x64_Release/pmc_tostring.o
LOAD ../build/x64_Release/version.o
LOAD ../Palmtree.Math.Core.Uint.def
LOAD C:/GNU/MINGW64/x86_64-8.1.0-win32-seh-rt_v6-rev0/mingw64/bin/../lib/gcc/x86_64-w64-mingw32/8.1.0/../../../../x86_64-w64-mingw32/lib/../lib\libkernel32.a
LOAD C:/GNU/MINGW64/x86_64-8.1.0-win32-seh-rt_v6-rev0/mingw64/bin/../lib/gcc/x86_64-w64-mingw32/8.1.0/../../../../x86_64-w64-mingw32/lib/../lib\libuser32.a
LOAD C:/GNU/MINGW64/x86_64-8.1.0-win32-seh-rt_v6-rev0/mingw64/bin/../lib/gcc/x86_64-w64-mingw32/8.1.0\libstdc++.a
LOAD C:/GNU/MINGW64/x86_64-8.1.0-win32-seh-rt_v6-rev0/mingw64/bin/../lib/gcc/x86_64-w64-mingw32/8.1.0/../../../../x86_64-w64-mingw32/lib/../lib\libmingw32.a
LOAD C:/GNU/MINGW64/x86_64-8.1.0-win32-seh-rt_v6-rev0/mingw64/bin/../lib/gcc/x86_64-w64-mingw32/8.1.0\libgcc.a
LOAD C:/GNU/MINGW64/x86_64-8.1.0-win32-seh-rt_v6-rev0/mingw64/bin/../lib/gcc/x86_64-w64-mingw32/8.1.0\libgcc_eh.a
LOAD C:/GNU/MINGW64/x86_64-8.1.0-win32-seh-rt_v6-rev0/mingw64/bin/../lib/gcc/x86_64-w64-mingw32/8.1.0/../../../../x86_64-w64-mingw32/lib/../lib\libmoldname.a
LOAD C:/GNU/MINGW64/x86_64-8.1.0-win32-seh-rt_v6-rev0/mingw64/bin/../lib/gcc/x86_64-w64-mingw32/8.1.0/../../../../x86_64-w64-mingw32/lib/../lib\libmingwex.a
LOAD C:/GNU/MINGW64/x86_64-8.1.0-win32-seh-rt_v6-rev0/mingw64/bin/../lib/gcc/x86_64-w64-mingw32/8.1.0/../../../../x86_64-w64-mingw32/lib/../lib\libmsvcrt.a
LOAD C:/GNU/MINGW64/x86_64-8.1.0-win32-seh-rt_v6-rev0/mingw64/bin/../lib/gcc/x86_64-w64-mingw32/8.1.0/../../../../x86_64-w64-mingw32/lib/../lib\libgdi32.a
LOAD C:/GNU/MINGW64/x86_64-8.1.0-win32-seh-rt_v6-rev0/mingw64/bin/../lib/gcc/x86_64-w64-mingw32/8.1.0/../../../../x86_64-w64-mingw32/lib/../lib\libcomdlg32.a
LOAD C:/GNU/MINGW64/x86_64-8.1.0-win32-seh-rt_v6-rev0/mingw64/bin/../lib/gcc/x86_64-w64-mingw32/8.1.0/../../../../x86_64-w64-mingw32/lib/../lib\libadvapi32.a
LOAD C:/GNU/MINGW64/x86_64-8.1.0-win32-seh-rt_v6-rev0/mingw64/bin/../lib/gcc/x86_64-w64-mingw32/8.1.0/../../../../x86_64-w64-mingw32/lib/../lib\libshell32.a
LOAD C:/GNU/MINGW64/x86_64-8.1.0-win32-seh-rt_v6-rev0/mingw64/bin/../lib/gcc/x86_64-w64-mingw32/8.1.0/../../../../x86_64-w64-mingw32/lib/../lib\libuser32.a
LOAD C:/GNU/MINGW64/x86_64-8.1.0-win32-seh-rt_v6-rev0/mingw64/bin/../lib/gcc/x86_64-w64-mingw32/8.1.0/../../../../x86_64-w64-mingw32/lib/../lib\libkernel32.a
LOAD C:/GNU/MINGW64/x86_64-8.1.0-win32-seh-rt_v6-rev0/mingw64/bin/../lib/gcc/x86_64-w64-mingw32/8.1.0/../../../../x86_64-w64-mingw32/lib/../lib\libiconv.a
LOAD C:/GNU/MINGW64/x86_64-8.1.0-win32-seh-rt_v6-rev0/mingw64/bin/../lib/gcc/x86_64-w64-mingw32/8.1.0/../../../../x86_64-w64-mingw32/lib/../lib\libmingw32.a
LOAD C:/GNU/MINGW64/x86_64-8.1.0-win32-seh-rt_v6-rev0/mingw64/bin/../lib/gcc/x86_64-w64-mingw32/8.1.0\libgcc.a
LOAD C:/GNU/MINGW64/x86_64-8.1.0-win32-seh-rt_v6-rev0/mingw64/bin/../lib/gcc/x86_64-w64-mingw32/8.1.0\libgcc_eh.a
LOAD C:/GNU/MINGW64/x86_64-8.1.0-win32-seh-rt_v6-rev0/mingw64/bin/../lib/gcc/x86_64-w64-mingw32/8.1.0/../../../../x86_64-w64-mingw32/lib/../lib\libmoldname.a
LOAD C:/GNU/MINGW64/x86_64-8.1.0-win32-seh-rt_v6-rev0/mingw64/bin/../lib/gcc/x86_64-w64-mingw32/8.1.0/../../../../x86_64-w64-mingw32/lib/../lib\libmingwex.a
LOAD C:/GNU/MINGW64/x86_64-8.1.0-win32-seh-rt_v6-rev0/mingw64/bin/../lib/gcc/x86_64-w64-mingw32/8.1.0/../../../../x86_64-w64-mingw32/lib/../lib\libmsvcrt.a
LOAD C:/GNU/MINGW64/x86_64-8.1.0-win32-seh-rt_v6-rev0/mingw64/bin/../lib/gcc/x86_64-w64-mingw32/8.1.0/crtend.o
                0x00000000000004a8                . = SIZEOF_HEADERS
                0x0000000000001000                . = ALIGN (__section_alignment__)

.text           0x0000000066101000    0x2c600
 *(.init)
 *(.text)
 .text          0x0000000066101000      0x390 C:/GNU/MINGW64/x86_64-8.1.0-win32-seh-rt_v6-rev0/mingw64/bin/../lib/gcc/x86_64-w64-mingw32/8.1.0/../../../../x86_64-w64-mingw32/lib/../lib/dllcrt2.o
                0x0000000066101010                _CRT_INIT
                0x0000000066101330                DllMainCRTStartup
                0x0000000066101380                atexit
 .text          0x0000000066101390       0x20 C:/GNU/MINGW64/x86_64-8.1.0-win32-seh-rt_v6-rev0/mingw64/bin/../lib/gcc/x86_64-w64-mingw32/8.1.0/crtbegin.o
                0x0000000066101390                __gcc_register_frame
                0x00000000661013a0                __gcc_deregister_frame
 .text          0x00000000661013b0       0xb0 ../build/x64_Release/cpuid.o
                0x00000000661013b0                Palmtree::Math::Core::Internal::GetCPUInfo(Palmtree::Math::Core::Internal::_tag_PROCESSOR_FEATURES*)
 .text          0x0000000066101460       0x50 ../build/x64_Release/dllmain.o
                0x0000000066101460                DllMain
 .text          0x00000000661014b0     0x1330 ../build/x64_Release/pmc_add.o
                0x0000000066102040                Palmtree::Math::Core::Internal::Initialize_Add(Palmtree::Math::Core::Internal::_tag_PROCESSOR_FEATURES*)
                0x0000000066102190                Palmtree::Math::Core::Internal::PMC_Add_I_X(unsigned int, Palmtree::Math::Core::Internal::__tag_PMC_HANDLE_UINT*)
                0x0000000066102250                Palmtree::Math::Core::Internal::PMC_Add_X_I(Palmtree::Math::Core::Internal::__tag_PMC_HANDLE_UINT*, unsigned int)
                0x0000000066102440                Palmtree::Math::Core::Internal::PMC_Add_L_X(unsigned long long, Palmtree::Math::Core::Internal::__tag_PMC_HANDLE_UINT*)
                0x0000000066102500                Palmtree::Math::Core::Internal::PMC_Add_X_L(Palmtree::Math::Core::Internal::__tag_PMC_HANDLE_UINT*, unsigned long long)
                0x00000000661025c0                Palmtree::Math::Core::Internal::PMC_Add_X_X_Imp(Palmtree::Math::Core::Internal::__tag_NUMBER_HEADER*, Palmtree::Math::Core::Internal::__tag_NUMBER_HEADER*)
                0x00000000661026d0                Palmtree::Math::Core::Internal::PMC_Add_X_X(Palmtree::Math::Core::Internal::__tag_PMC_HANDLE_UINT*, Palmtree::Math::Core::Internal::__tag_PMC_HANDLE_UINT*)
 .text          0x00000000661027e0      0x800 ../build/x64_Release/pmc_bitwiseand.o
                0x00000000661027e0                Palmtree::Math::Core::Internal::PMC_BitwiseAnd_I_X(unsigned int, Palmtree::Math::Core::Internal::__tag_PMC_HANDLE_UINT*)
                0x0000000066102870                Palmtree::Math::Core::Internal::PMC_BitwiseAnd_X_I(Palmtree::Math::Core::Internal::__tag_PMC_HANDLE_UINT*, unsigned int)
                0x0000000066102900                Palmtree::Math::Core::Internal::PMC_BitwiseAnd_L_X(unsigned long long, Palmtree::Math::Core::Internal::__tag_PMC_HANDLE_UINT*)
                0x0000000066102990                Palmtree::Math::Core::Internal::PMC_BitwiseAnd_X_L(Palmtree::Math::Core::Internal::__tag_PMC_HANDLE_UINT*, unsigned long long)
                0x0000000066102a20                Palmtree::Math::Core::Internal::Initialize_BitwiseAnd(Palmtree::Math::Core::Internal::_tag_PROCESSOR_FEATURES*)
                0x0000000066102a30                Palmtree::Math::Core::Internal::PMC_BitwiseAnd_X_X(Palmtree::Math::Core::Internal::__tag_PMC_HANDLE_UINT*, Palmtree::Math::Core::Internal::__tag_PMC_HANDLE_UINT*)
 .text          0x0000000066102fe0      0xb30 ../build/x64_Release/pmc_bitwiseor.o
                0x0000000066102fe0                Palmtree::Math::Core::Internal::Initialize_BitwiseOr(Palmtree::Math::Core::Internal::_tag_PROCESSOR_FEATURES*)
                0x0000000066103110                Palmtree::Math::Core::Internal::PMC_BitwiseOr_I_X(unsigned int, Palmtree::Math::Core::Internal::__tag_PMC_HANDLE_UINT*)
                0x00000000661031d0                Palmtree::Math::Core::Internal::PMC_BitwiseOr_X_I(Palmtree::Math::Core::Internal::__tag_PMC_HANDLE_UINT*, unsigned int)
                0x00000000661033b0                Palmtree::Math::Core::Internal::PMC_BitwiseOr_L_X(unsigned long long, Palmtree::Math::Core::Internal::__tag_PMC_HANDLE_UINT*)
                0x0000000066103470                Palmtree::Math::Core::Internal::PMC_BitwiseOr_X_L(Palmtree::Math::Core::Internal::__tag_PMC_HANDLE_UINT*, unsigned long long)
                0x0000000066103530                Palmtree::Math::Core::Internal::PMC_BitwiseOr_X_X(Palmtree::Math::Core::Internal::__tag_PMC_HANDLE_UINT*, Palmtree::Math::Core::Internal::__tag_PMC_HANDLE_UINT*)
 .text          0x0000000066103b10      0x890 ../build/x64_Release/pmc_bytes.o
                0x0000000066103b10                Palmtree::Math::Core::Internal::PMC_ToByteArrayForSINT(char, Palmtree::Math::Core::Internal::__tag_PMC_HANDLE_UINT*, unsigned char*, unsigned long long)
                0x0000000066103d00                Palmtree::Math::Core::Internal::PMC_ToByteArray(Palmtree::Math::Core::Internal::__tag_PMC_HANDLE_UINT*, unsigned char*, unsigned long long)
                0x0000000066103e10                Palmtree::Math::Core::Internal::PMC_FromByteArrayForSINT(unsigned char*, unsigned long long, char*)
                0x0000000066104100                Palmtree::Math::Core::Internal::PMC_FromByteArray(unsigned char const*, unsigned long long)
 .text          0x00000000661043a0      0x470 ../build/x64_Release/pmc_compare.o
                0x0000000066104460                Palmtree::Math::Core::Internal::Compare_Imp(unsigned long long*, unsigned long long*, unsigned long long)
                0x00000000661044d0                Palmtree::Math::Core::Internal::PMC_Compare_I_X(unsigned int, Palmtree::Math::Core::Internal::__tag_PMC_HANDLE_UINT*)
                0x0000000066104550                Palmtree::Math::Core::Internal::PMC_Compare_X_I(Palmtree::Math::Core::Internal::__tag_PMC_HANDLE_UINT*, unsigned int)
                0x00000000661045c0                Palmtree::Math::Core::Internal::PMC_Compare_L_X(unsigned long long, Palmtree::Math::Core::Internal::__tag_PMC_HANDLE_UINT*)
                0x0000000066104640                Palmtree::Math::Core::Internal::PMC_Compare_X_L(Palmtree::Math::Core::Internal::__tag_PMC_HANDLE_UINT*, unsigned long long)
                0x00000000661046b0                Palmtree::Math::Core::Internal::PMC_Compare_X_X(Palmtree::Math::Core::Internal::__tag_PMC_HANDLE_UINT*, Palmtree::Math::Core::Internal::__tag_PMC_HANDLE_UINT*)
                0x0000000066104800                Palmtree::Math::Core::Internal::Initialize_Compare(Palmtree::Math::Core::Internal::_tag_PROCESSOR_FEATURES*)
 .text          0x0000000066104810     0x4890 ../build/x64_Release/pmc_divrem.o
                0x0000000066107b10                Palmtree::Math::Core::Internal::Rem_X_1W(unsigned long long*, unsigned long long, unsigned long long)
                0x0000000066107e00                Palmtree::Math::Core::Internal::DivRem_X_1W(unsigned long long*, unsigned long long, unsigned long long, unsigned long long*, unsigned long long*)
                0x0000000066108250                Palmtree::Math::Core::Internal::DivRem_X_X(unsigned long long*, unsigned long long, unsigned long long*, unsigned long long, unsigned long long*, unsigned long long*, unsigned long long*)
                0x0000000066108340                Palmtree::Math::Core::Internal::PMC_DivRem_I_X(unsigned int, Palmtree::Math::Core::Internal::__tag_PMC_HANDLE_UINT*, unsigned int*)
                0x0000000066108480                Palmtree::Math::Core::Internal::PMC_DivRem_L_X(unsigned long long, Palmtree::Math::Core::Internal::__tag_PMC_HANDLE_UINT*, unsigned long long*)
                0x00000000661085d0                Palmtree::Math::Core::Internal::Initialize_DivRem(Palmtree::Math::Core::Internal::_tag_PROCESSOR_FEATURES*)
                0x00000000661087c0                Palmtree::Math::Core::Internal::PMC_DivRem_X_I(Palmtree::Math::Core::Internal::__tag_PMC_HANDLE_UINT*, unsigned int, Palmtree::Math::Core::Internal::__tag_PMC_HANDLE_UINT**)
                0x0000000066108a70                Palmtree::Math::Core::Internal::PMC_DivRem_X_L(Palmtree::Math::Core::Internal::__tag_PMC_HANDLE_UINT*, unsigned long long, Palmtree::Math::Core::Internal::__tag_PMC_HANDLE_UINT**)
                0x0000000066108f00                Palmtree::Math::Core::Internal::PMC_DivRem_X_X(Palmtree::Math::Core::Internal::__tag_PMC_HANDLE_UINT*, Palmtree::Math::Core::Internal::__tag_PMC_HANDLE_UINT*, Palmtree::Math::Core::Internal::__tag_PMC_HANDLE_UINT**)
 .text          0x00000000661090a0      0x400 ../build/x64_Release/pmc_equals.o
                0x00000000661090a0                Palmtree::Math::Core::Internal::PMC_Equals_I_X(unsigned int, Palmtree::Math::Core::Internal::__tag_PMC_HANDLE_UINT*)
                0x0000000066109160                Palmtree::Math::Core::Internal::PMC_Equals_X_I(Palmtree::Math::Core::Internal::__tag_PMC_HANDLE_UINT*, unsigned int)
                0x0000000066109210                Palmtree::Math::Core::Internal::PMC_Equals_L_X(unsigned long long, Palmtree::Math::Core::Internal::__tag_PMC_HANDLE_UINT*)
                0x00000000661092d0                Palmtree::Math::Core::Internal::PMC_Equals_X_L(Palmtree::Math::Core::Internal::__tag_PMC_HANDLE_UINT*, unsigned long long)
                0x0000000066109390                Palmtree::Math::Core::Internal::PMC_Equals_X_X(Palmtree::Math::Core::Internal::__tag_PMC_HANDLE_UINT*, Palmtree::Math::Core::Internal::__tag_PMC_HANDLE_UINT*)
                0x0000000066109490                Palmtree::Math::Core::Internal::Initialize_Equals(Palmtree::Math::Core::Internal::_tag_PROCESSOR_FEATURES*)
 .text          0x00000000661094a0      0xb70 ../build/x64_Release/pmc_exclusiveor.o
                0x00000000661094a0                Palmtree::Math::Core::Internal::Initialize_ExclusiveOr(Palmtree::Math::Core::Internal::_tag_PROCESSOR_FEATURES*)
                0x00000000661095e0                Palmtree::Math::Core::Internal::PMC_ExclusiveOr_I_X(unsigned int, Palmtree::Math::Core::Internal::__tag_PMC_HANDLE_UINT*)
                0x00000000661096a0                Palmtree::Math::Core::Internal::PMC_ExclusiveOr_X_I(Palmtree::Math::Core::Internal::__tag_PMC_HANDLE_UINT*, unsigned int)
                0x0000000066109890                Palmtree::Math::Core::Internal::PMC_ExclusiveOr_L_X(unsigned long long, Palmtree::Math::Core::Internal::__tag_PMC_HANDLE_UINT*)
                0x0000000066109950                Palmtree::Math::Core::Internal::PMC_ExclusiveOr_X_L(Palmtree::Math::Core::Internal::__tag_PMC_HANDLE_UINT*, unsigned long long)
                0x0000000066109a10                Palmtree::Math::Core::Internal::PMC_ExclusiveOr_X_X(Palmtree::Math::Core::Internal::__tag_PMC_HANDLE_UINT*, Palmtree::Math::Core::Internal::__tag_PMC_HANDLE_UINT*)
 .text          0x000000006610a010      0x1f0 ../build/x64_Release/pmc_from.o
                0x000000006610a010                Palmtree::Math::Core::Internal::Initialize_From(Palmtree::Math::Core::Internal::_tag_PROCESSOR_FEATURES*)
                0x000000006610a020                Palmtree::Math::Core::Internal::From_I_Imp(unsigned int)
                0x000000006610a0a0                Palmtree::Math::Core::Internal::From_L_Imp(unsigned long long)
                0x000000006610a120                Palmtree::Math::Core::Internal::PMC_From_I(unsigned int)
                0x000000006610a190                Palmtree::Math::Core::Internal::PMC_From_L(unsigned long long)
 .text          0x000000006610a200      0xd50 ../build/x64_Release/pmc_greatestcommondivisor.o
                0x000000006610a480                Palmtree::Math::Core::Internal::Initialize_GreatestCommonDivisor(Palmtree::Math::Core::Internal::_tag_PROCESSOR_FEATURES*)
                0x000000006610a6d0                Palmtree::Math::Core::Internal::PMC_GreatestCommonDivisor_I_X(unsigned int, Palmtree::Math::Core::Internal::__tag_PMC_HANDLE_UINT*)
                0x000000006610a790                Palmtree::Math::Core::Internal::PMC_GreatestCommonDivisor_X_I(Palmtree::Math::Core::Internal::__tag_PMC_HANDLE_UINT*, unsigned int)
                0x000000006610aa90                Palmtree::Math::Core::Internal::PMC_GreatestCommonDivisor_L_X(unsigned long long, Palmtree::Math::Core::Internal::__tag_PMC_HANDLE_UINT*)
                0x000000006610ab50                Palmtree::Math::Core::Internal::PMC_GreatestCommonDivisor_X_L(Palmtree::Math::Core::Internal::__tag_PMC_HANDLE_UINT*, unsigned long long)
                0x000000006610ac10                Palmtree::Math::Core::Internal::PMC_GreatestCommonDivisor_X_X(Palmtree::Math::Core::Internal::__tag_PMC_HANDLE_UINT*, Palmtree::Math::Core::Internal::__tag_PMC_HANDLE_UINT*)
 .text          0x000000006610af50      0x6d0 ../build/x64_Release/pmc_initialize.o
                0x000000006610af50                Palmtree::Math::Core::Internal::PMC_GetConfigurationSettings(wchar_t const*, wchar_t*, int, int*)
                0x000000006610b040                PMC_UINT_Initialize
 .text          0x000000006610b620     0x1810 ../build/x64_Release/pmc_interface_csharp.o
                0x000000006610b620                PMCCS_UINT_Initialize
                0x000000006610b640                PMCCS_GetConfigurationSettings
                0x000000006610b650                PMCCS_IS_EVEN
                0x000000006610b670                PMCCS_IS_ONE
                0x000000006610b690                PMCCS_IS_POWER_OF_TWO
                0x000000006610b6b0                PMCCS_IS_ZERO
                0x000000006610b6d0                PMCCS_GET_HASH_CODE
                0x000000006610b6f0                PMCCS_GetStatisticsInfo
                0x000000006610b700                PMCCS_From_I
                0x000000006610b750                PMCCS_From_L
                0x000000006610b7a0                PMCCS_Dispose
                0x000000006610b7f0                PMCCS_GetConstantValue_I
                0x000000006610b840                PMCCS_FromByteArray
                0x000000006610b890                PMCCS_ToByteArray
                0x000000006610b900                PMCCS_Clone_X
                0x000000006610b950                PMCCS_GetAllocatedMemorySize
                0x000000006610b9a0                PMCCS_To_X_I
                0x000000006610b9f0                PMCCS_To_X_L
                0x000000006610ba40                PMCCS_ToString
                0x000000006610bab0                PMCCS_Parse
                0x000000006610bb20                PMCCS_TryParse
                0x000000006610bb70                PMCCS_Add_I_X
                0x000000006610bbc0                PMCCS_Add_L_X
                0x000000006610bc10                PMCCS_Add_X_I
                0x000000006610bc60                PMCCS_Add_X_L
                0x000000006610bcb0                PMCCS_Add_X_X
                0x000000006610bd00                PMCCS_Subtruct_I_X
                0x000000006610bd50                PMCCS_Subtruct_L_X
                0x000000006610bda0                PMCCS_Subtruct_X_I
                0x000000006610bdf0                PMCCS_Subtruct_X_L
                0x000000006610be40                PMCCS_Subtruct_X_X
                0x000000006610be90                PMCCS_Multiply_I_X
                0x000000006610bee0                PMCCS_Multiply_L_X
                0x000000006610bf30                PMCCS_Multiply_X_I
                0x000000006610bf80                PMCCS_Multiply_X_L
                0x000000006610bfd0                PMCCS_Multiply_X_X
                0x000000006610c020                PMCCS_DivRem_I_X
                0x000000006610c070                PMCCS_DivRem_L_X
                0x000000006610c0c0                PMCCS_DivRem_X_I
                0x000000006610c110                PMCCS_DivRem_X_L
                0x000000006610c160                PMCCS_DivRem_X_X
                0x000000006610c1b0                PMCCS_Remainder_I_X
                0x000000006610c200                PMCCS_Remainder_L_X
                0x000000006610c250                PMCCS_Remainder_X_I
                0x000000006610c2a0                PMCCS_Remainder_X_L
                0x000000006610c2f0                PMCCS_Remainder_X_X
                0x000000006610c340                PMCCS_RightShift_X_I
                0x000000006610c390                PMCCS_LeftShift_X_I
                0x000000006610c3e0                PMCCS_BitwiseAnd_I_X
                0x000000006610c430                PMCCS_BitwiseAnd_L_X
                0x000000006610c480                PMCCS_BitwiseAnd_X_I
                0x000000006610c4d0                PMCCS_BitwiseAnd_X_L
                0x000000006610c520                PMCCS_BitwiseAnd_X_X
                0x000000006610c570                PMCCS_BitwiseOr_I_X
                0x000000006610c5c0                PMCCS_BitwiseOr_L_X
                0x000000006610c610                PMCCS_BitwiseOr_X_I
                0x000000006610c660                PMCCS_BitwiseOr_X_L
                0x000000006610c6b0                PMCCS_BitwiseOr_X_X
                0x000000006610c700                PMCCS_ExclusiveOr_I_X
                0x000000006610c750                PMCCS_ExclusiveOr_L_X
                0x000000006610c7a0                PMCCS_ExclusiveOr_X_I
                0x000000006610c7f0                PMCCS_ExclusiveOr_X_L
                0x000000006610c840                PMCCS_ExclusiveOr_X_X
                0x000000006610c890                PMCCS_Compare_I_X
                0x000000006610c8e0                PMCCS_Compare_L_X
                0x000000006610c930                PMCCS_Compare_X_I
                0x000000006610c980                PMCCS_Compare_X_L
                0x000000006610c9d0                PMCCS_Compare_X_X
                0x000000006610ca20                PMCCS_Equals_I_X
                0x000000006610ca70                PMCCS_Equals_L_X
                0x000000006610cac0                PMCCS_Equals_X_I
                0x000000006610cb10                PMCCS_Equals_X_L
                0x000000006610cb60                PMCCS_Equals_X_X
                0x000000006610cbb0                PMCCS_GreatestCommonDivisor_I_X
                0x000000006610cc00                PMCCS_GreatestCommonDivisor_L_X
                0x000000006610cc50                PMCCS_GreatestCommonDivisor_X_I
                0x000000006610cca0                PMCCS_GreatestCommonDivisor_X_L
                0x000000006610ccf0                PMCCS_GreatestCommonDivisor_X_X
                0x000000006610cd40                PMCCS_Pow_X_I
                0x000000006610cd90                PMCCS_Pow_X_L
                0x000000006610cde0                PMCCS_ModPow_X_X_X
 .text          0x000000006610ce30     0x2190 ../build/x64_Release/pmc_memory.o
                0x000000006610d0d0                Palmtree::Math::Core::Internal::ResourceHolderUINT::__GenericChainBufferTag::~__GenericChainBufferTag()
                0x000000006610d0d0                Palmtree::Math::Core::Internal::ResourceHolderUINT::__GenericChainBufferTag::~__GenericChainBufferTag()
                0x000000006610d0f0                Palmtree::Math::Core::Internal::ResourceHolderUINT::__GenericChainBufferTag::EqualsBufferAddress(void*)
                0x000000006610d100                Palmtree::Math::Core::Internal::ResourceHolderUINT::____UNIT_TYPE_Array_ChainBufferTag::~____UNIT_TYPE_Array_ChainBufferTag()
                0x000000006610d100                Palmtree::Math::Core::Internal::ResourceHolderUINT::____UNIT_TYPE_Array_ChainBufferTag::~____UNIT_TYPE_Array_ChainBufferTag()
                0x000000006610d120                Palmtree::Math::Core::Internal::ResourceHolderUINT::____UNIT_TYPE_Array_ChainBufferTag::EqualsBufferAddress(void*)
                0x000000006610d130                Palmtree::Math::Core::Internal::ResourceHolderUINT::____UNIT_TYPE_Array_ChainBufferTag::Clear()
                0x000000006610d140                Palmtree::Math::Core::Internal::ResourceHolderUINT::__StringChainBufferTag::~__StringChainBufferTag()
                0x000000006610d140                Palmtree::Math::Core::Internal::ResourceHolderUINT::__StringChainBufferTag::~__StringChainBufferTag()
                0x000000006610d160                Palmtree::Math::Core::Internal::ResourceHolderUINT::__StringChainBufferTag::EqualsBufferAddress(void*)
                0x000000006610d170                Palmtree::Math::Core::Internal::ResourceHolderUINT::__StringChainBufferTag::Clear()
                0x000000006610d180                Palmtree::Math::Core::Internal::ResourceHolderUINT::__DynamicNumberChainBufferTag::~__DynamicNumberChainBufferTag()
                0x000000006610d180                Palmtree::Math::Core::Internal::ResourceHolderUINT::__DynamicNumberChainBufferTag::~__DynamicNumberChainBufferTag()
                0x000000006610d1a0                Palmtree::Math::Core::Internal::ResourceHolderUINT::__DynamicNumberChainBufferTag::EqualsBufferAddress(void*)
                0x000000006610d1b0                Palmtree::Math::Core::Internal::ResourceHolderUINT::__NumberHandleHookingChainBufferTag::~__NumberHandleHookingChainBufferTag()
                0x000000006610d1b0                Palmtree::Math::Core::Internal::ResourceHolderUINT::__NumberHandleHookingChainBufferTag::~__NumberHandleHookingChainBufferTag()
                0x000000006610d1d0                Palmtree::Math::Core::Internal::ResourceHolderUINT::__NumberHandleHookingChainBufferTag::EqualsBufferAddress(void*)
                0x000000006610d1e0                Palmtree::Math::Core::Internal::ResourceHolderUINT::__StaticNumberChainBufferTag::Check()
                0x000000006610d1e0                Palmtree::Math::Core::Internal::ResourceHolderUINT::__NumberHandleHookingChainBufferTag::Check()
                0x000000006610d1f0                Palmtree::Math::Core::Internal::ResourceHolderUINT::__StaticNumberChainBufferTag::~__StaticNumberChainBufferTag()
                0x000000006610d1f0                Palmtree::Math::Core::Internal::ResourceHolderUINT::__StaticNumberChainBufferTag::~__StaticNumberChainBufferTag()
                0x000000006610d210                Palmtree::Math::Core::Internal::ResourceHolderUINT::__StaticNumberChainBufferTag::EqualsBufferAddress(void*)
                0x000000006610d220                Palmtree::Math::Core::Internal::ResourceHolderUINT::__GenericChainBufferTag::~__GenericChainBufferTag()
                0x000000006610d250                Palmtree::Math::Core::Internal::ResourceHolderUINT::____UNIT_TYPE_Array_ChainBufferTag::~____UNIT_TYPE_Array_ChainBufferTag()
                0x000000006610d280                Palmtree::Math::Core::Internal::ResourceHolderUINT::__StringChainBufferTag::~__StringChainBufferTag()
                0x000000006610d2b0                Palmtree::Math::Core::Internal::ResourceHolderUINT::__DynamicNumberChainBufferTag::~__DynamicNumberChainBufferTag()
                0x000000006610d2e0                Palmtree::Math::Core::Internal::ResourceHolderUINT::__NumberHandleHookingChainBufferTag::~__NumberHandleHookingChainBufferTag()
                0x000000006610d310                Palmtree::Math::Core::Internal::ResourceHolderUINT::__StaticNumberChainBufferTag::~__StaticNumberChainBufferTag()
                0x000000006610d340                Palmtree::Math::Core::Internal::ResourceHolderUINT::__GenericChainBufferTag::Destruct()
                0x000000006610d390                Palmtree::Math::Core::Internal::ResourceHolderUINT::__StaticNumberChainBufferTag::Destruct()
                0x000000006610d3d0                Palmtree::Math::Core::Internal::ResourceHolderUINT::____UNIT_TYPE_Array_ChainBufferTag::Destruct()
                0x000000006610d3f0                Palmtree::Math::Core::Internal::ResourceHolderUINT::__StringChainBufferTag::Destruct()
                0x000000006610d480                Palmtree::Math::Core::Internal::ResourceHolderUINT::__DynamicNumberChainBufferTag::Destruct()
                0x000000006610d4a0                Palmtree::Math::Core::Internal::ResourceHolderUINT::__NumberHandleHookingChainBufferTag::Destruct()
                0x000000006610d6e0                Palmtree::Math::Core::Internal::ResourceHolderUINT::____UNIT_TYPE_Array_ChainBufferTag::Check()
                0x000000006610d700                Palmtree::Math::Core::Internal::ResourceHolderUINT::__StringChainBufferTag::Check()
                0x000000006610d720                Palmtree::Math::Core::Internal::ResourceHolderUINT::~ResourceHolderUINT()
                0x000000006610d720                Palmtree::Math::Core::Internal::ResourceHolderUINT::~ResourceHolderUINT()
                0x000000006610d7c0                Palmtree::Math::Core::Internal::ResourceHolderUINT::~ResourceHolderUINT()
                0x000000006610d870                Palmtree::Math::Core::Internal::CommitNumber(Palmtree::Math::Core::Internal::__tag_NUMBER_HEADER*)
                0x000000006610da20                Palmtree::Math::Core::Internal::CheckNumber(Palmtree::Math::Core::Internal::__tag_NUMBER_HEADER*)
                0x000000006610dab0                Palmtree::Math::Core::Internal::ResourceHolderUINT::__DynamicNumberChainBufferTag::Check()
                0x000000006610dac0                Palmtree::Math::Core::Internal::PMC_GetConstantValue_I(int)
                0x000000006610db40                Palmtree::Math::Core::Internal::PMC_Dispose(Palmtree::Math::Core::Internal::__tag_PMC_HANDLE_UINT*)
                0x000000006610db70                Palmtree::Math::Core::Internal::Lock::Lock()
                0x000000006610db70                Palmtree::Math::Core::Internal::Lock::Lock()
                0x000000006610db80                Palmtree::Math::Core::Internal::Lock::~Lock()
                0x000000006610db80                Palmtree::Math::Core::Internal::Lock::~Lock()
                0x000000006610db90                Palmtree::Math::Core::Internal::ResourceHolderUINT::__GenericChainBufferTag::__GenericChainBufferTag(void*)
                0x000000006610db90                Palmtree::Math::Core::Internal::ResourceHolderUINT::__GenericChainBufferTag::__GenericChainBufferTag(void*)
                0x000000006610dbb0                Palmtree::Math::Core::Internal::ResourceHolderUINT::____UNIT_TYPE_Array_ChainBufferTag::____UNIT_TYPE_Array_ChainBufferTag(unsigned long long*, unsigned long long, unsigned long long)
                0x000000006610dbb0                Palmtree::Math::Core::Internal::ResourceHolderUINT::____UNIT_TYPE_Array_ChainBufferTag::____UNIT_TYPE_Array_ChainBufferTag(unsigned long long*, unsigned long long, unsigned long long)
                0x000000006610dbd0                Palmtree::Math::Core::Internal::ResourceHolderUINT::__StringChainBufferTag::__StringChainBufferTag(unsigned long long*, unsigned long long, unsigned long long)
                0x000000006610dbd0                Palmtree::Math::Core::Internal::ResourceHolderUINT::__StringChainBufferTag::__StringChainBufferTag(unsigned long long*, unsigned long long, unsigned long long)
                0x000000006610dbf0                Palmtree::Math::Core::Internal::ResourceHolderUINT::__DynamicNumberChainBufferTag::__DynamicNumberChainBufferTag(Palmtree::Math::Core::Internal::__tag_NUMBER_HEADER*)
                0x000000006610dbf0                Palmtree::Math::Core::Internal::ResourceHolderUINT::__DynamicNumberChainBufferTag::__DynamicNumberChainBufferTag(Palmtree::Math::Core::Internal::__tag_NUMBER_HEADER*)
                0x000000006610dc10                Palmtree::Math::Core::Internal::ResourceHolderUINT::__NumberHandleHookingChainBufferTag::__NumberHandleHookingChainBufferTag(Palmtree::Math::Core::Internal::__tag_NUMBER_HEADER*)
                0x000000006610dc10                Palmtree::Math::Core::Internal::ResourceHolderUINT::__NumberHandleHookingChainBufferTag::__NumberHandleHookingChainBufferTag(Palmtree::Math::Core::Internal::__tag_NUMBER_HEADER*)
                0x000000006610dc30                Palmtree::Math::Core::Internal::ResourceHolderUINT::__StaticNumberChainBufferTag::__StaticNumberChainBufferTag(Palmtree::Math::Core::Internal::__tag_NUMBER_HEADER*)
                0x000000006610dc30                Palmtree::Math::Core::Internal::ResourceHolderUINT::__StaticNumberChainBufferTag::__StaticNumberChainBufferTag(Palmtree::Math::Core::Internal::__tag_NUMBER_HEADER*)
                0x000000006610dc50                Palmtree::Math::Core::Internal::ResourceHolderUINT::ResourceHolderUINT()
                0x000000006610dc50                Palmtree::Math::Core::Internal::ResourceHolderUINT::ResourceHolderUINT()
                0x000000006610dc80                Palmtree::Math::Core::Internal::ResourceHolderUINT::AllocateBytes(unsigned long long)
                0x000000006610dd60                Palmtree::Math::Core::Internal::ResourceHolderUINT::DeallocateBytes(void*)
                0x000000006610de10                Palmtree::Math::Core::Internal::ResourceHolderUINT::UnlinkBytes(void*)
                0x000000006610e010                Palmtree::Math::Core::Internal::DuplicateNumber(Palmtree::Math::Core::Internal::__tag_NUMBER_HEADER*)
                0x000000006610e080                Palmtree::Math::Core::Internal::ResourceHolderUINT::AllocateBlock(unsigned long long)
                0x000000006610e130                Palmtree::Math::Core::Internal::ResourceHolderUINT::ClearBlock(unsigned long long*)
                0x000000006610e200                Palmtree::Math::Core::Internal::ResourceHolderUINT::DeallocateBlock(unsigned long long*)
                0x000000006610e2b0                Palmtree::Math::Core::Internal::ResourceHolderUINT::CheckBlock(unsigned long long*)
                0x000000006610e2c0                Palmtree::Math::Core::Internal::ResourceHolderUINT::UnlinkBlock(unsigned long long*)
                0x000000006610e3a0                Palmtree::Math::Core::Internal::ResourceHolderUINT::AllocateString(unsigned long long)
                0x000000006610e450                Palmtree::Math::Core::Internal::ResourceHolderUINT::ClearString(wchar_t*)
                0x000000006610e520                Palmtree::Math::Core::Internal::ResourceHolderUINT::DeallocateString(wchar_t*)
                0x000000006610e5d0                Palmtree::Math::Core::Internal::ResourceHolderUINT::CheckString(wchar_t*)
                0x000000006610e5e0                Palmtree::Math::Core::Internal::ResourceHolderUINT::UnlinkString(wchar_t*)
                0x000000006610e6c0                Palmtree::Math::Core::Internal::ResourceHolderUINT::AllocateNumber(unsigned long long)
                0x000000006610e750                Palmtree::Math::Core::Internal::ResourceHolderUINT::HookNumber(Palmtree::Math::Core::Internal::__tag_NUMBER_HEADER*)
                0x000000006610e7d0                Palmtree::Math::Core::Internal::ResourceHolderUINT::DeallocateNumber(Palmtree::Math::Core::Internal::__tag_NUMBER_HEADER*)
                0x000000006610e880                Palmtree::Math::Core::Internal::ResourceHolderUINT::CheckNumber(Palmtree::Math::Core::Internal::__tag_NUMBER_HEADER*)
                0x000000006610e890                Palmtree::Math::Core::Internal::ResourceHolderUINT::UnlinkNumber(Palmtree::Math::Core::Internal::__tag_NUMBER_HEADER*)
                0x000000006610e970                Palmtree::Math::Core::Internal::PMC_Clone_X(Palmtree::Math::Core::Internal::__tag_PMC_HANDLE_UINT*)
                0x000000006610eb20                Palmtree::Math::Core::Internal::ResourceHolderUINT::AttatchStaticNumber(Palmtree::Math::Core::Internal::__tag_NUMBER_HEADER*, unsigned long long)
                0x000000006610ebb0                Palmtree::Math::Core::Internal::ResourceHolderUINT::DetatchStaticNumber(Palmtree::Math::Core::Internal::__tag_NUMBER_HEADER*)
                0x000000006610ebc0                Palmtree::Math::Core::Internal::ResourceHolderUINT::UnlinkStatickNumber(Palmtree::Math::Core::Internal::__tag_NUMBER_HEADER*)
                0x000000006610eca0                Palmtree::Math::Core::Internal::PMC_GetAllocatedMemorySize()
                0x000000006610ede0                Palmtree::Math::Core::Internal::Initialize_Memory(Palmtree::Math::Core::Internal::_tag_PROCESSOR_FEATURES*)
                0x000000006610ef60                Palmtree::Math::Core::Internal::AllocateHeapArea()
                0x000000006610ef90                Palmtree::Math::Core::Internal::DeallocateHeapArea()
 .text          0x000000006610efc0      0x850 ../build/x64_Release/pmc_modpow.o
                0x000000006610efc0                Palmtree::Math::Core::Internal::exception_filter(unsigned long)
                0x000000006610efd0                Palmtree::Math::Core::Internal::Initialize_ModPow(Palmtree::Math::Core::Internal::_tag_PROCESSOR_FEATURES*)
                0x000000006610efe0                Palmtree::Math::Core::Internal::PMC_ModPow_X_X_X(Palmtree::Math::Core::Internal::__tag_PMC_HANDLE_UINT*, Palmtree::Math::Core::Internal::__tag_PMC_HANDLE_UINT*, Palmtree::Math::Core::Internal::__tag_PMC_HANDLE_UINT*)
 .text          0x000000006610f810     0x1ee0 ../build/x64_Release/pmc_multiply.o
                0x0000000066110fa0                Palmtree::Math::Core::Internal::Multiply_X_X_Imp(unsigned long long*, unsigned long long, unsigned long long*, unsigned long long, unsigned long long*)
                0x0000000066110fb0                Palmtree::Math::Core::Internal::Initialize_Multiply(Palmtree::Math::Core::Internal::_tag_PROCESSOR_FEATURES*)
                0x0000000066111000                Palmtree::Math::Core::Internal::PMC_Multiply_X_I_Imp(Palmtree::Math::Core::Internal::__tag_NUMBER_HEADER*, unsigned int)
                0x0000000066111110                Palmtree::Math::Core::Internal::PMC_Multiply_I_X(unsigned int, Palmtree::Math::Core::Internal::__tag_PMC_HANDLE_UINT*)
                0x00000000661111d0                Palmtree::Math::Core::Internal::PMC_Multiply_X_I(Palmtree::Math::Core::Internal::__tag_PMC_HANDLE_UINT*, unsigned int)
                0x00000000661113b0                Palmtree::Math::Core::Internal::PMC_Multiply_L_X(unsigned long long, Palmtree::Math::Core::Internal::__tag_PMC_HANDLE_UINT*)
                0x0000000066111470                Palmtree::Math::Core::Internal::PMC_Multiply_X_L(Palmtree::Math::Core::Internal::__tag_PMC_HANDLE_UINT*, unsigned long long)
                0x0000000066111530                Palmtree::Math::Core::Internal::PMC_Multiply_X_X(Palmtree::Math::Core::Internal::__tag_PMC_HANDLE_UINT*, Palmtree::Math::Core::Internal::__tag_PMC_HANDLE_UINT*)
 .text          0x00000000661116f0     0x2d70 ../build/x64_Release/pmc_parse.o
                0x0000000066112fa0                Palmtree::Math::Core::Internal::Initialize_Parse(Palmtree::Math::Core::Internal::_tag_PROCESSOR_FEATURES*)
                0x00000000661141f0                Palmtree::Math::Core::Internal::PMC_TryParseForSINT(wchar_t const*, int, Palmtree::Math::Core::Internal::__tag_PMC_NUMBER_FORMAT_INFO const*, char*, Palmtree::Math::Core::Internal::__tag_PMC_HANDLE_UINT**, unsigned int*)
                0x0000000066114300                Palmtree::Math::Core::Internal::PMC_TryParse(wchar_t const*, int, Palmtree::Math::Core::Internal::__tag_PMC_NUMBER_FORMAT_INFO const*, Palmtree::Math::Core::Internal::__tag_PMC_HANDLE_UINT**, unsigned int*)
 .text          0x0000000066114460      0x730 ../build/x64_Release/pmc_pow.o
                0x0000000066114460                Palmtree::Math::Core::Internal::Initialize_Pow(Palmtree::Math::Core::Internal::_tag_PROCESSOR_FEATURES*)
                0x0000000066114470                Palmtree::Math::Core::Internal::PMC_Pow_X_I_Imp(Palmtree::Math::Core::Internal::__tag_NUMBER_HEADER*, unsigned int)
                0x0000000066114740                Palmtree::Math::Core::Internal::PMC_Pow_X_L_Imp(Palmtree::Math::Core::Internal::__tag_NUMBER_HEADER*, unsigned long long)
                0x0000000066114a10                Palmtree::Math::Core::Internal::PMC_Pow_X_I(Palmtree::Math::Core::Internal::__tag_PMC_HANDLE_UINT*, unsigned int)
                0x0000000066114ad0                Palmtree::Math::Core::Internal::PMC_Pow_X_L(Palmtree::Math::Core::Internal::__tag_PMC_HANDLE_UINT*, unsigned long long)
 .text          0x0000000066114b90     0x13e0 ../build/x64_Release/pmc_shift.o
                0x0000000066114b90                Palmtree::Math::Core::Internal::RightShift_Imp(unsigned long long*, unsigned long long, unsigned long long, unsigned long long*, int)
                0x00000000661153c0                Palmtree::Math::Core::Internal::LeftShift_Imp(unsigned long long*, unsigned long long, unsigned long long, unsigned long long*, int)
                0x0000000066115bc0                Palmtree::Math::Core::Internal::Initialize_Shift(Palmtree::Math::Core::Internal::_tag_PROCESSOR_FEATURES*)
                0x0000000066115db0                Palmtree::Math::Core::Internal::PMC_RightShift_X_I(Palmtree::Math::Core::Internal::__tag_PMC_HANDLE_UINT*, int)
                0x0000000066115e90                Palmtree::Math::Core::Internal::PMC_LeftShift_X_I(Palmtree::Math::Core::Internal::__tag_PMC_HANDLE_UINT*, int)
 .text          0x0000000066115f70       0x30 ../build/x64_Release/pmc_statistics.o
                0x0000000066115f70                Palmtree::Math::Core::Internal::PMC_GetStatisticsInfo(Palmtree::Math::Core::Internal::__tag_PMC_STATISTICS_INFO*)
 .text          0x0000000066115fa0      0xe20 ../build/x64_Release/pmc_subtruct.o
                0x0000000066116050                Palmtree::Math::Core::Internal::Subtruct_Imp(unsigned long long*, unsigned long long, unsigned long long*, unsigned long long, unsigned long long*, unsigned long long)
                0x0000000066116510                Palmtree::Math::Core::Internal::PMC_Subtruct_I_X(unsigned int, Palmtree::Math::Core::Internal::__tag_PMC_HANDLE_UINT*)
                0x0000000066116610                Palmtree::Math::Core::Internal::PMC_Subtruct_L_X(unsigned long long, Palmtree::Math::Core::Internal::__tag_PMC_HANDLE_UINT*)
                0x0000000066116710                Palmtree::Math::Core::Internal::Initialize_Subtruct(Palmtree::Math::Core::Internal::_tag_PROCESSOR_FEATURES*)
                0x0000000066116720                Palmtree::Math::Core::Internal::PMC_Subtruct_X_I(Palmtree::Math::Core::Internal::__tag_PMC_HANDLE_UINT*, unsigned int)
                0x0000000066116940                Palmtree::Math::Core::Internal::PMC_Subtruct_X_L(Palmtree::Math::Core::Internal::__tag_PMC_HANDLE_UINT*, unsigned long long)
                0x0000000066116b60                Palmtree::Math::Core::Internal::PMC_Subtruct_X_X(Palmtree::Math::Core::Internal::__tag_PMC_HANDLE_UINT*, Palmtree::Math::Core::Internal::__tag_PMC_HANDLE_UINT*)
 .text          0x0000000066116dc0      0x100 ../build/x64_Release/pmc_to.o
                0x0000000066116dc0                Palmtree::Math::Core::Internal::PMC_To_X_I(Palmtree::Math::Core::Internal::__tag_PMC_HANDLE_UINT*)
                0x0000000066116e30                Palmtree::Math::Core::Internal::PMC_To_X_L(Palmtree::Math::Core::Internal::__tag_PMC_HANDLE_UINT*)
                0x0000000066116eb0                Palmtree::Math::Core::Internal::Initialize_To(Palmtree::Math::Core::Internal::_tag_PROCESSOR_FEATURES*)
 .text          0x0000000066116ec0     0x2f30 ../build/x64_Release/pmc_tostring.o
                0x00000000661177c0                Palmtree::Math::Core::Internal::InitializeNumberFormatoInfo(Palmtree::Math::Core::Internal::__tag_PMC_NUMBER_FORMAT_INFO*)
                0x00000000661178f0                Palmtree::Math::Core::Internal::PMC_InitializeNumberFormatInfo(Palmtree::Math::Core::Internal::__tag_PMC_NUMBER_FORMAT_INFO*)
                0x0000000066117900                Palmtree::Math::Core::Internal::Initialize_ToString(Palmtree::Math::Core::Internal::_tag_PROCESSOR_FEATURES*)
                0x0000000066118620                Palmtree::Math::Core::Internal::PMC_ToString(Palmtree::Math::Core::Internal::__tag_PMC_HANDLE_UINT*, wchar_t const*, Palmtree::Math::Core::Internal::__tag_PMC_NUMBER_FORMAT_INFO const*, wchar_t*, unsigned long long)
 .text          0x0000000066119df0        0x8 C:/GNU/MINGW64/x86_64-8.1.0-win32-seh-rt_v6-rev0/mingw64/bin/../lib/gcc/x86_64-w64-mingw32/8.1.0/../../../../x86_64-w64-mingw32/lib/../lib\libkernel32.a(dqifs01555.o)
                0x0000000066119df0                lstrlenW
 .text          0x0000000066119df8        0x8 C:/GNU/MINGW64/x86_64-8.1.0-win32-seh-rt_v6-rev0/mingw64/bin/../lib/gcc/x86_64-w64-mingw32/8.1.0/../../../../x86_64-w64-mingw32/lib/../lib\libkernel32.a(dqifs01549.o)
                0x0000000066119df8                lstrcpyW
 .text          0x0000000066119e00        0x8 C:/GNU/MINGW64/x86_64-8.1.0-win32-seh-rt_v6-rev0/mingw64/bin/../lib/gcc/x86_64-w64-mingw32/8.1.0/../../../../x86_64-w64-mingw32/lib/../lib\libkernel32.a(dqifs01543.o)
                0x0000000066119e00                lstrcmpW
 .text          0x0000000066119e08        0x8 C:/GNU/MINGW64/x86_64-8.1.0-win32-seh-rt_v6-rev0/mingw64/bin/../lib/gcc/x86_64-w64-mingw32/8.1.0/../../../../x86_64-w64-mingw32/lib/../lib\libkernel32.a(dqifs01360.o)
                0x0000000066119e08                Sleep
 .text          0x0000000066119e10        0x8 C:/GNU/MINGW64/x86_64-8.1.0-win32-seh-rt_v6-rev0/mingw64/bin/../lib/gcc/x86_64-w64-mingw32/8.1.0/../../../../x86_64-w64-mingw32/lib/../lib\libkernel32.a(dqifs00951.o)
                0x0000000066119e10                LeaveCriticalSection
 .text          0x0000000066119e18        0x8 C:/GNU/MINGW64/x86_64-8.1.0-win32-seh-rt_v6-rev0/mingw64/bin/../lib/gcc/x86_64-w64-mingw32/8.1.0/../../../../x86_64-w64-mingw32/lib/../lib\libkernel32.a(dqifs00863.o)
                0x0000000066119e18                InitializeCriticalSection
 .text          0x0000000066119e20        0x8 C:/GNU/MINGW64/x86_64-8.1.0-win32-seh-rt_v6-rev0/mingw64/bin/../lib/gcc/x86_64-w64-mingw32/8.1.0/../../../../x86_64-w64-mingw32/lib/../lib\libkernel32.a(dqifs00852.o)
                0x0000000066119e20                HeapWalk
 .text          0x0000000066119e28        0x8 C:/GNU/MINGW64/x86_64-8.1.0-win32-seh-rt_v6-rev0/mingw64/bin/../lib/gcc/x86_64-w64-mingw32/8.1.0/../../../../x86_64-w64-mingw32/lib/../lib\libkernel32.a(dqifs00849.o)
                0x0000000066119e28                HeapUnlock
 .text          0x0000000066119e30        0x8 C:/GNU/MINGW64/x86_64-8.1.0-win32-seh-rt_v6-rev0/mingw64/bin/../lib/gcc/x86_64-w64-mingw32/8.1.0/../../../../x86_64-w64-mingw32/lib/../lib\libkernel32.a(dqifs00842.o)
                0x0000000066119e30                HeapLock
 .text          0x0000000066119e38        0x8 C:/GNU/MINGW64/x86_64-8.1.0-win32-seh-rt_v6-rev0/mingw64/bin/../lib/gcc/x86_64-w64-mingw32/8.1.0/../../../../x86_64-w64-mingw32/lib/../lib\libkernel32.a(dqifs00841.o)
                0x0000000066119e38                HeapFree
 .text          0x0000000066119e40        0x8 C:/GNU/MINGW64/x86_64-8.1.0-win32-seh-rt_v6-rev0/mingw64/bin/../lib/gcc/x86_64-w64-mingw32/8.1.0/../../../../x86_64-w64-mingw32/lib/../lib\libkernel32.a(dqifs00839.o)
                0x0000000066119e40                HeapDestroy
 .text          0x0000000066119e48        0x8 C:/GNU/MINGW64/x86_64-8.1.0-win32-seh-rt_v6-rev0/mingw64/bin/../lib/gcc/x86_64-w64-mingw32/8.1.0/../../../../x86_64-w64-mingw32/lib/../lib\libkernel32.a(dqifs00837.o)
                0x0000000066119e48                HeapCreate
 .text          0x0000000066119e50        0x8 C:/GNU/MINGW64/x86_64-8.1.0-win32-seh-rt_v6-rev0/mingw64/bin/../lib/gcc/x86_64-w64-mingw32/8.1.0/../../../../x86_64-w64-mingw32/lib/../lib\libkernel32.a(dqifs00835.o)
                0x0000000066119e50                HeapAlloc
 .text          0x0000000066119e58        0x8 C:/GNU/MINGW64/x86_64-8.1.0-win32-seh-rt_v6-rev0/mingw64/bin/../lib/gcc/x86_64-w64-mingw32/8.1.0/../../../../x86_64-w64-mingw32/lib/../lib\libkernel32.a(dqifs00609.o)
                0x0000000066119e58                GetLastError
 .text          0x0000000066119e60        0x8 C:/GNU/MINGW64/x86_64-8.1.0-win32-seh-rt_v6-rev0/mingw64/bin/../lib/gcc/x86_64-w64-mingw32/8.1.0/../../../../x86_64-w64-mingw32/lib/../lib\libkernel32.a(dqifs00304.o)
                0x0000000066119e60                EnterCriticalSection
 *fill*         0x0000000066119e68        0x8 
 .text          0x0000000066119e70        0x0 C:/GNU/MINGW64/x86_64-8.1.0-win32-seh-rt_v6-rev0/mingw64/bin/../lib/gcc/x86_64-w64-mingw32/8.1.0/../../../../x86_64-w64-mingw32/lib/../lib\libkernel32.a(dqifh.o)
 .text          0x0000000066119e70        0x0 C:/GNU/MINGW64/x86_64-8.1.0-win32-seh-rt_v6-rev0/mingw64/bin/../lib/gcc/x86_64-w64-mingw32/8.1.0/../../../../x86_64-w64-mingw32/lib/../lib\libkernel32.a(dqift.o)
 .text          0x0000000066119e70        0x8 C:/GNU/MINGW64/x86_64-8.1.0-win32-seh-rt_v6-rev0/mingw64/bin/../lib/gcc/x86_64-w64-mingw32/8.1.0/../../../../x86_64-w64-mingw32/lib/../lib\libuser32.a(dyqes00958.o)
                0x0000000066119e70                wsprintfW
 *fill*         0x0000000066119e78        0x8 
 .text          0x0000000066119e80        0x0 C:/GNU/MINGW64/x86_64-8.1.0-win32-seh-rt_v6-rev0/mingw64/bin/../lib/gcc/x86_64-w64-mingw32/8.1.0/../../../../x86_64-w64-mingw32/lib/../lib\libuser32.a(dyqeh.o)
 .text          0x0000000066119e80        0x0 C:/GNU/MINGW64/x86_64-8.1.0-win32-seh-rt_v6-rev0/mingw64/bin/../lib/gcc/x86_64-w64-mingw32/8.1.0/../../../../x86_64-w64-mingw32/lib/../lib\libuser32.a(dyqet.o)
 .text          0x0000000066119e80        0x0 C:/GNU/MINGW64/x86_64-8.1.0-win32-seh-rt_v6-rev0/mingw64/bin/../lib/gcc/x86_64-w64-mingw32/8.1.0\libstdc++.a(class_type_info.o)
 .text          0x0000000066119e80        0x0 C:/GNU/MINGW64/x86_64-8.1.0-win32-seh-rt_v6-rev0/mingw64/bin/../lib/gcc/x86_64-w64-mingw32/8.1.0\libstdc++.a(del_ops.o)
 .text          0x0000000066119e80        0x0 C:/GNU/MINGW64/x86_64-8.1.0-win32-seh-rt_v6-rev0/mingw64/bin/../lib/gcc/x86_64-w64-mingw32/8.1.0\libstdc++.a(eh_alloc.o)
 .text          0x0000000066119e80        0x0 C:/GNU/MINGW64/x86_64-8.1.0-win32-seh-rt_v6-rev0/mingw64/bin/../lib/gcc/x86_64-w64-mingw32/8.1.0\libstdc++.a(eh_catch.o)
 .text          0x0000000066119e80        0x0 C:/GNU/MINGW64/x86_64-8.1.0-win32-seh-rt_v6-rev0/mingw64/bin/../lib/gcc/x86_64-w64-mingw32/8.1.0\libstdc++.a(eh_exception.o)
 .text          0x0000000066119e80        0x0 C:/GNU/MINGW64/x86_64-8.1.0-win32-seh-rt_v6-rev0/mingw64/bin/../lib/gcc/x86_64-w64-mingw32/8.1.0\libstdc++.a(eh_globals.o)
 .text          0x0000000066119e80        0x0 C:/GNU/MINGW64/x86_64-8.1.0-win32-seh-rt_v6-rev0/mingw64/bin/../lib/gcc/x86_64-w64-mingw32/8.1.0\libstdc++.a(eh_personality.o)
 .text          0x0000000066119e80        0x0 C:/GNU/MINGW64/x86_64-8.1.0-win32-seh-rt_v6-rev0/mingw64/bin/../lib/gcc/x86_64-w64-mingw32/8.1.0\libstdc++.a(eh_terminate.o)
 .text          0x0000000066119e80        0x0 C:/GNU/MINGW64/x86_64-8.1.0-win32-seh-rt_v6-rev0/mingw64/bin/../lib/gcc/x86_64-w64-mingw32/8.1.0\libstdc++.a(eh_term_handler.o)
 .text          0x0000000066119e80        0x0 C:/GNU/MINGW64/x86_64-8.1.0-win32-seh-rt_v6-rev0/mingw64/bin/../lib/gcc/x86_64-w64-mingw32/8.1.0\libstdc++.a(eh_throw.o)
 .text          0x0000000066119e80        0x0 C:/GNU/MINGW64/x86_64-8.1.0-win32-seh-rt_v6-rev0/mingw64/bin/../lib/gcc/x86_64-w64-mingw32/8.1.0\libstdc++.a(eh_unex_handler.o)
 .text          0x0000000066119e80        0x0 C:/GNU/MINGW64/x86_64-8.1.0-win32-seh-rt_v6-rev0/mingw64/bin/../lib/gcc/x86_64-w64-mingw32/8.1.0\libstdc++.a(new_op.o)
 .text          0x0000000066119e80        0x0 C:/GNU/MINGW64/x86_64-8.1.0-win32-seh-rt_v6-rev0/mingw64/bin/../lib/gcc/x86_64-w64-mingw32/8.1.0\libstdc++.a(pure.o)
 .text          0x0000000066119e80        0x0 C:/GNU/MINGW64/x86_64-8.1.0-win32-seh-rt_v6-rev0/mingw64/bin/../lib/gcc/x86_64-w64-mingw32/8.1.0\libstdc++.a(si_class_type_info.o)
 .text          0x0000000066119e80        0x0 C:/GNU/MINGW64/x86_64-8.1.0-win32-seh-rt_v6-rev0/mingw64/bin/../lib/gcc/x86_64-w64-mingw32/8.1.0\libstdc++.a(tinfo.o)
 .text          0x0000000066119e80        0x0 C:/GNU/MINGW64/x86_64-8.1.0-win32-seh-rt_v6-rev0/mingw64/bin/../lib/gcc/x86_64-w64-mingw32/8.1.0\libstdc++.a(vmi_class_type_info.o)
 .text          0x0000000066119e80        0x0 C:/GNU/MINGW64/x86_64-8.1.0-win32-seh-rt_v6-rev0/mingw64/bin/../lib/gcc/x86_64-w64-mingw32/8.1.0\libstdc++.a(vterminate.o)
 .text          0x0000000066119e80        0x0 C:/GNU/MINGW64/x86_64-8.1.0-win32-seh-rt_v6-rev0/mingw64/bin/../lib/gcc/x86_64-w64-mingw32/8.1.0\libstdc++.a(bad_alloc.o)
 .text          0x0000000066119e80     0x96f0 C:/GNU/MINGW64/x86_64-8.1.0-win32-seh-rt_v6-rev0/mingw64/bin/../lib/gcc/x86_64-w64-mingw32/8.1.0\libstdc++.a(cp-demangle.o)
                0x00000000661233e0                __cxa_demangle
                0x0000000066123540                __gcclibcxx_demangle_callback
 .text          0x0000000066123570        0x0 C:/GNU/MINGW64/x86_64-8.1.0-win32-seh-rt_v6-rev0/mingw64/bin/../lib/gcc/x86_64-w64-mingw32/8.1.0\libstdc++.a(del_op.o)
 .text          0x0000000066123570        0x0 C:/GNU/MINGW64/x86_64-8.1.0-win32-seh-rt_v6-rev0/mingw64/bin/../lib/gcc/x86_64-w64-mingw32/8.1.0\libstdc++.a(eh_call.o)
 .text          0x0000000066123570        0x0 C:/GNU/MINGW64/x86_64-8.1.0-win32-seh-rt_v6-rev0/mingw64/bin/../lib/gcc/x86_64-w64-mingw32/8.1.0\libstdc++.a(eh_type.o)
 .text          0x0000000066123570        0x0 C:/GNU/MINGW64/x86_64-8.1.0-win32-seh-rt_v6-rev0/mingw64/bin/../lib/gcc/x86_64-w64-mingw32/8.1.0\libstdc++.a(new_handler.o)
 .text          0x0000000066123570       0xd0 C:/GNU/MINGW64/x86_64-8.1.0-win32-seh-rt_v6-rev0/mingw64/bin/../lib/gcc/x86_64-w64-mingw32/8.1.0/../../../../x86_64-w64-mingw32/lib/../lib\libmingw32.a(lib64_libmingw32_a-gccmain.o)
                0x0000000066123570                __do_global_dtors
                0x00000000661235b0                __do_global_ctors
                0x0000000066123620                __main
 .text          0x0000000066123640        0x0 C:/GNU/MINGW64/x86_64-8.1.0-win32-seh-rt_v6-rev0/mingw64/bin/../lib/gcc/x86_64-w64-mingw32/8.1.0/../../../../x86_64-w64-mingw32/lib/../lib\libmingw32.a(lib64_libmingw32_a-natstart.o)
 .text          0x0000000066123640      0x1e0 C:/GNU/MINGW64/x86_64-8.1.0-win32-seh-rt_v6-rev0/mingw64/bin/../lib/gcc/x86_64-w64-mingw32/8.1.0/../../../../x86_64-w64-mingw32/lib/../lib\libmingw32.a(lib64_libmingw32_a-gs_support.o)
                0x0000000066123640                __security_init_cookie
                0x0000000066123720                __report_gsfailure
 .text          0x0000000066123820       0xc0 C:/GNU/MINGW64/x86_64-8.1.0-win32-seh-rt_v6-rev0/mingw64/bin/../lib/gcc/x86_64-w64-mingw32/8.1.0/../../../../x86_64-w64-mingw32/lib/../lib\libmingw32.a(lib64_libmingw32_a-tlssup.o)
                0x0000000066123850                __dyn_tls_init
                0x00000000661238d0                __tlregdtor
 .text          0x00000000661238e0        0x0 C:/GNU/MINGW64/x86_64-8.1.0-win32-seh-rt_v6-rev0/mingw64/bin/../lib/gcc/x86_64-w64-mingw32/8.1.0/../../../../x86_64-w64-mingw32/lib/../lib\libmingw32.a(lib64_libmingw32_a-cinitexe.o)
 .text          0x00000000661238e0       0x20 C:/GNU/MINGW64/x86_64-8.1.0-win32-seh-rt_v6-rev0/mingw64/bin/../lib/gcc/x86_64-w64-mingw32/8.1.0/../../../../x86_64-w64-mingw32/lib/../lib\libmingw32.a(lib64_libmingw32_a-mingw_helpers.o)
                0x00000000661238e0                _decode_pointer
                0x00000000661238f0                _encode_pointer
 .text          0x0000000066123900      0x490 C:/GNU/MINGW64/x86_64-8.1.0-win32-seh-rt_v6-rev0/mingw64/bin/../lib/gcc/x86_64-w64-mingw32/8.1.0/../../../../x86_64-w64-mingw32/lib/../lib\libmingw32.a(lib64_libmingw32_a-pseudo-reloc.o)
                0x0000000066123ad0                _pei386_runtime_relocator
 .text          0x0000000066123d90      0x480 C:/GNU/MINGW64/x86_64-8.1.0-win32-seh-rt_v6-rev0/mingw64/bin/../lib/gcc/x86_64-w64-mingw32/8.1.0/../../../../x86_64-w64-mingw32/lib/../lib\libmingw32.a(lib64_libmingw32_a-crt_handler.o)
                0x0000000066123d90                __mingw_SEH_error_handler
                0x0000000066123f30                __mingw_init_ehandler
                0x0000000066124020                _gnu_exception_handler
 .text          0x0000000066124210      0x270 C:/GNU/MINGW64/x86_64-8.1.0-win32-seh-rt_v6-rev0/mingw64/bin/../lib/gcc/x86_64-w64-mingw32/8.1.0/../../../../x86_64-w64-mingw32/lib/../lib\libmingw32.a(lib64_libmingw32_a-tlsthrd.o)
                0x0000000066124280                ___w64_mingwthr_add_key_dtor
                0x0000000066124300                ___w64_mingwthr_remove_key_dtor
                0x00000000661243a0                __mingw_TLScallback
 .text          0x0000000066124480        0x0 C:/GNU/MINGW64/x86_64-8.1.0-win32-seh-rt_v6-rev0/mingw64/bin/../lib/gcc/x86_64-w64-mingw32/8.1.0/../../../../x86_64-w64-mingw32/lib/../lib\libmingw32.a(lib64_libmingw32_a-tlsmcrt.o)
 .text          0x0000000066124480        0x0 C:/GNU/MINGW64/x86_64-8.1.0-win32-seh-rt_v6-rev0/mingw64/bin/../lib/gcc/x86_64-w64-mingw32/8.1.0/../../../../x86_64-w64-mingw32/lib/../lib\libmingw32.a(lib64_libmingw32_a-pseudo-reloc-list.o)
 .text          0x0000000066124480      0x3e0 C:/GNU/MINGW64/x86_64-8.1.0-win32-seh-rt_v6-rev0/mingw64/bin/../lib/gcc/x86_64-w64-mingw32/8.1.0/../../../../x86_64-w64-mingw32/lib/../lib\libmingw32.a(lib64_libmingw32_a-pesect.o)
                0x00000000661244a0                _ValidateImageBase
                0x00000000661244c0                _FindPESection
                0x0000000066124510                _FindPESectionByName
                0x00000000661245a0                __mingw_GetSectionForAddress
                0x0000000066124620                __mingw_GetSectionCount
                0x0000000066124660                _FindPESectionExec
                0x00000000661246d0                _GetPEImageBase
                0x0000000066124710                _IsNonwritableInCurrentImage
                0x00000000661247b0                __mingw_enum_import_library_names
 .text          0x0000000066124860       0x10 C:/GNU/MINGW64/x86_64-8.1.0-win32-seh-rt_v6-rev0/mingw64/bin/../lib/gcc/x86_64-w64-mingw32/8.1.0/../../../../x86_64-w64-mingw32/lib/../lib\libmingw32.a(lib64_libmingw32_a-CRT_fp10.o)
                0x0000000066124860                fpreset
                0x0000000066124860                _fpreset
 .text          0x0000000066124870       0x40 C:/GNU/MINGW64/x86_64-8.1.0-win32-seh-rt_v6-rev0/mingw64/bin/../lib/gcc/x86_64-w64-mingw32/8.1.0\libgcc.a(_chkstk_ms.o)
                0x0000000066124870                ___chkstk_ms
 .text          0x00000000661248b0        0x0 C:/GNU/MINGW64/x86_64-8.1.0-win32-seh-rt_v6-rev0/mingw64/bin/../lib/gcc/x86_64-w64-mingw32/8.1.0\libgcc.a(_ctors.o)
 .text          0x00000000661248b0      0x3b0 C:/GNU/MINGW64/x86_64-8.1.0-win32-seh-rt_v6-rev0/mingw64/bin/../lib/gcc/x86_64-w64-mingw32/8.1.0\libgcc.a(gthr-win32.o)
                0x00000000661248b0                __gthr_win32_once
                0x0000000066124930                __gthr_win32_key_create
                0x0000000066124970                __gthr_win32_key_delete
                0x0000000066124990                __gthr_win32_getspecific
                0x00000000661249c0                __gthr_win32_setspecific
                0x00000000661249e0                __gthr_win32_mutex_init_function
                0x0000000066124a10                __gthr_win32_mutex_destroy
                0x0000000066124a20                __gthr_win32_mutex_lock
                0x0000000066124a70                __gthr_win32_mutex_trylock
                0x0000000066124a90                __gthr_win32_mutex_unlock
                0x0000000066124ad0                __gthr_win32_recursive_mutex_init_function
                0x0000000066124b10                __gthr_win32_recursive_mutex_lock
                0x0000000066124b90                __gthr_win32_recursive_mutex_trylock
                0x0000000066124be0                __gthr_win32_recursive_mutex_unlock
                0x0000000066124c40                __gthr_win32_recursive_mutex_destroy
 .text          0x0000000066124c60      0x630 C:/GNU/MINGW64/x86_64-8.1.0-win32-seh-rt_v6-rev0/mingw64/bin/../lib/gcc/x86_64-w64-mingw32/8.1.0\libgcc_eh.a(unwind-seh.o)
                0x0000000066124cc0                _Unwind_GetGR
                0x0000000066124ce0                _Unwind_SetGR
                0x0000000066124d00                _Unwind_GetCFA
                0x0000000066124d10                _Unwind_GetIP
                0x0000000066124d20                _Unwind_GetIPInfo
                0x0000000066124d30                _Unwind_SetIP
                0x0000000066124d40                _Unwind_GetLanguageSpecificData
                0x0000000066124d50                _Unwind_GetRegionStart
                0x0000000066124d60                _Unwind_FindEnclosingFunction
                0x0000000066124d90                _Unwind_GetDataRelBase
                0x0000000066124da0                _Unwind_GetTextRelBase
                0x0000000066124db0                _GCC_specific_handler
                0x0000000066124fc0                _Unwind_RaiseException
                0x0000000066125010                _Unwind_Resume
                0x00000000661250c0                _Unwind_Resume_or_Rethrow
                0x00000000661250e0                _Unwind_ForcedUnwind
                0x0000000066125110                _Unwind_DeleteException
                0x0000000066125130                _Unwind_Backtrace
 .text          0x0000000066125290      0x3b0 C:/GNU/MINGW64/x86_64-8.1.0-win32-seh-rt_v6-rev0/mingw64/bin/../lib/gcc/x86_64-w64-mingw32/8.1.0\libgcc_eh.a(emutls.o)
                0x00000000661253d0                __emutls_get_address
                0x0000000066125610                __emutls_register_common
 .text          0x0000000066125640       0x10 C:/GNU/MINGW64/x86_64-8.1.0-win32-seh-rt_v6-rev0/mingw64/bin/../lib/gcc/x86_64-w64-mingw32/8.1.0/../../../../x86_64-w64-mingw32/lib/../lib\libmingwex.a(lib64_libmingwex_a-dllentry.o)
                0x0000000066125640                DllEntryPoint
 .text          0x0000000066125650        0x8 C:/GNU/MINGW64/x86_64-8.1.0-win32-seh-rt_v6-rev0/mingw64/bin/../lib/gcc/x86_64-w64-mingw32/8.1.0/../../../../x86_64-w64-mingw32/lib/../lib\libmsvcrt.a(duags01243.o)
                0x0000000066125650                vfprintf
 .text          0x0000000066125658        0x8 C:/GNU/MINGW64/x86_64-8.1.0-win32-seh-rt_v6-rev0/mingw64/bin/../lib/gcc/x86_64-w64-mingw32/8.1.0/../../../../x86_64-w64-mingw32/lib/../lib\libmsvcrt.a(duags01211.o)
                0x0000000066125658                strncmp
 .text          0x0000000066125660        0x8 C:/GNU/MINGW64/x86_64-8.1.0-win32-seh-rt_v6-rev0/mingw64/bin/../lib/gcc/x86_64-w64-mingw32/8.1.0/../../../../x86_64-w64-mingw32/lib/../lib\libmsvcrt.a(duags01208.o)
                0x0000000066125660                strlen
 .text          0x0000000066125668        0x8 C:/GNU/MINGW64/x86_64-8.1.0-win32-seh-rt_v6-rev0/mingw64/bin/../lib/gcc/x86_64-w64-mingw32/8.1.0/../../../../x86_64-w64-mingw32/lib/../lib\libmsvcrt.a(duags01201.o)
                0x0000000066125668                strcmp
 .text          0x0000000066125670        0x8 C:/GNU/MINGW64/x86_64-8.1.0-win32-seh-rt_v6-rev0/mingw64/bin/../lib/gcc/x86_64-w64-mingw32/8.1.0/../../../../x86_64-w64-mingw32/lib/../lib\libmsvcrt.a(duags01192.o)
                0x0000000066125670                sprintf
 .text          0x0000000066125678        0x8 C:/GNU/MINGW64/x86_64-8.1.0-win32-seh-rt_v6-rev0/mingw64/bin/../lib/gcc/x86_64-w64-mingw32/8.1.0/../../../../x86_64-w64-mingw32/lib/../lib\libmsvcrt.a(duags01187.o)
                0x0000000066125678                signal
 .text          0x0000000066125680        0x8 C:/GNU/MINGW64/x86_64-8.1.0-win32-seh-rt_v6-rev0/mingw64/bin/../lib/gcc/x86_64-w64-mingw32/8.1.0/../../../../x86_64-w64-mingw32/lib/../lib\libmsvcrt.a(duags01177.o)
                0x0000000066125680                realloc
 .text          0x0000000066125688        0x8 C:/GNU/MINGW64/x86_64-8.1.0-win32-seh-rt_v6-rev0/mingw64/bin/../lib/gcc/x86_64-w64-mingw32/8.1.0/../../../../x86_64-w64-mingw32/lib/../lib\libmsvcrt.a(duags01159.o)
                0x0000000066125688                memset
 .text          0x0000000066125690        0x8 C:/GNU/MINGW64/x86_64-8.1.0-win32-seh-rt_v6-rev0/mingw64/bin/../lib/gcc/x86_64-w64-mingw32/8.1.0/../../../../x86_64-w64-mingw32/lib/../lib\libmsvcrt.a(duags01157.o)
                0x0000000066125690                memcpy
 .text          0x0000000066125698        0x8 C:/GNU/MINGW64/x86_64-8.1.0-win32-seh-rt_v6-rev0/mingw64/bin/../lib/gcc/x86_64-w64-mingw32/8.1.0/../../../../x86_64-w64-mingw32/lib/../lib\libmsvcrt.a(duags01149.o)
                0x0000000066125698                malloc
 .text          0x00000000661256a0        0x8 C:/GNU/MINGW64/x86_64-8.1.0-win32-seh-rt_v6-rev0/mingw64/bin/../lib/gcc/x86_64-w64-mingw32/8.1.0/../../../../x86_64-w64-mingw32/lib/../lib\libmsvcrt.a(duags01101.o)
                0x00000000661256a0                fwrite
 .text          0x00000000661256a8        0x8 C:/GNU/MINGW64/x86_64-8.1.0-win32-seh-rt_v6-rev0/mingw64/bin/../lib/gcc/x86_64-w64-mingw32/8.1.0/../../../../x86_64-w64-mingw32/lib/../lib\libmsvcrt.a(duags01089.o)
                0x00000000661256a8                free
 .text          0x00000000661256b0        0x8 C:/GNU/MINGW64/x86_64-8.1.0-win32-seh-rt_v6-rev0/mingw64/bin/../lib/gcc/x86_64-w64-mingw32/8.1.0/../../../../x86_64-w64-mingw32/lib/../lib\libmsvcrt.a(duags01085.o)
                0x00000000661256b0                fputs
 .text          0x00000000661256b8        0x8 C:/GNU/MINGW64/x86_64-8.1.0-win32-seh-rt_v6-rev0/mingw64/bin/../lib/gcc/x86_64-w64-mingw32/8.1.0/../../../../x86_64-w64-mingw32/lib/../lib\libmsvcrt.a(duags01084.o)
                0x00000000661256b8                fputc
 .text          0x00000000661256c0        0x8 C:/GNU/MINGW64/x86_64-8.1.0-win32-seh-rt_v6-rev0/mingw64/bin/../lib/gcc/x86_64-w64-mingw32/8.1.0/../../../../x86_64-w64-mingw32/lib/../lib\libmsvcrt.a(duags01050.o)
                0x00000000661256c0                calloc
 .text          0x00000000661256c8        0x8 C:/GNU/MINGW64/x86_64-8.1.0-win32-seh-rt_v6-rev0/mingw64/bin/../lib/gcc/x86_64-w64-mingw32/8.1.0/../../../../x86_64-w64-mingw32/lib/../lib\libmsvcrt.a(duags01032.o)
                0x00000000661256c8                abort
 .text          0x00000000661256d0        0x8 C:/GNU/MINGW64/x86_64-8.1.0-win32-seh-rt_v6-rev0/mingw64/bin/../lib/gcc/x86_64-w64-mingw32/8.1.0/../../../../x86_64-w64-mingw32/lib/../lib\libmsvcrt.a(duags00986.o)
                0x00000000661256d0                write
 .text          0x00000000661256d8        0x8 C:/GNU/MINGW64/x86_64-8.1.0-win32-seh-rt_v6-rev0/mingw64/bin/../lib/gcc/x86_64-w64-mingw32/8.1.0/../../../../x86_64-w64-mingw32/lib/../lib\libmsvcrt.a(duags00332.o)
                0x00000000661256d8                _initterm
 .text          0x00000000661256e0        0x8 C:/GNU/MINGW64/x86_64-8.1.0-win32-seh-rt_v6-rev0/mingw64/bin/../lib/gcc/x86_64-w64-mingw32/8.1.0/../../../../x86_64-w64-mingw32/lib/../lib\libmsvcrt.a(duags00122.o)
                0x00000000661256e0                _amsg_exit
 *fill*         0x00000000661256e8        0x8 
 .text          0x00000000661256f0      0x170 C:/GNU/MINGW64/x86_64-8.1.0-win32-seh-rt_v6-rev0/mingw64/bin/../lib/gcc/x86_64-w64-mingw32/8.1.0/../../../../x86_64-w64-mingw32/lib/../lib\libmsvcrt.a(lib64_libmsvcrt_os_a-onexit_table.o)
                0x00000000661256f0                _initialize_onexit_table
                0x0000000066125720                _register_onexit_function
                0x00000000661257f0                _execute_onexit_table
 .text          0x0000000066125860       0x20 C:/GNU/MINGW64/x86_64-8.1.0-win32-seh-rt_v6-rev0/mingw64/bin/../lib/gcc/x86_64-w64-mingw32/8.1.0/../../../../x86_64-w64-mingw32/lib/../lib\libmsvcrt.a(lib64_libmsvcrt_os_a-acrt_iob_func.o)
                0x0000000066125860                __acrt_iob_func
 .text          0x0000000066125880        0x0 C:/GNU/MINGW64/x86_64-8.1.0-win32-seh-rt_v6-rev0/mingw64/bin/../lib/gcc/x86_64-w64-mingw32/8.1.0/../../../../x86_64-w64-mingw32/lib/../lib\libmsvcrt.a(duagh.o)
 .text          0x0000000066125880        0x8 C:/GNU/MINGW64/x86_64-8.1.0-win32-seh-rt_v6-rev0/mingw64/bin/../lib/gcc/x86_64-w64-mingw32/8.1.0/../../../../x86_64-w64-mingw32/lib/../lib\libmsvcrt.a(duags00821.o)
                0x0000000066125880                _unlock
 .text          0x0000000066125888        0x8 C:/GNU/MINGW64/x86_64-8.1.0-win32-seh-rt_v6-rev0/mingw64/bin/../lib/gcc/x86_64-w64-mingw32/8.1.0/../../../../x86_64-w64-mingw32/lib/../lib\libmsvcrt.a(duags00441.o)
                0x0000000066125888                _lock
 .text          0x0000000066125890        0x8 C:/GNU/MINGW64/x86_64-8.1.0-win32-seh-rt_v6-rev0/mingw64/bin/../lib/gcc/x86_64-w64-mingw32/8.1.0/../../../../x86_64-w64-mingw32/lib/../lib\libmsvcrt.a(duags00083.o)
                0x0000000066125890                __iob_func
 *fill*         0x0000000066125898        0x8 
 .text          0x00000000661258a0        0x0 C:/GNU/MINGW64/x86_64-8.1.0-win32-seh-rt_v6-rev0/mingw64/bin/../lib/gcc/x86_64-w64-mingw32/8.1.0/../../../../x86_64-w64-mingw32/lib/../lib\libmsvcrt.a(duagt.o)
 .text          0x00000000661258a0        0x8 C:/GNU/MINGW64/x86_64-8.1.0-win32-seh-rt_v6-rev0/mingw64/bin/../lib/gcc/x86_64-w64-mingw32/8.1.0/../../../../x86_64-w64-mingw32/lib/../lib\libkernel32.a(dqifs01453.o)
                0x00000000661258a0                WaitForSingleObject
 .text          0x00000000661258a8        0x8 C:/GNU/MINGW64/x86_64-8.1.0-win32-seh-rt_v6-rev0/mingw64/bin/../lib/gcc/x86_64-w64-mingw32/8.1.0/../../../../x86_64-w64-mingw32/lib/../lib\libkernel32.a(dqifs01445.o)
                0x00000000661258a8                VirtualQuery
 .text          0x00000000661258b0        0x8 C:/GNU/MINGW64/x86_64-8.1.0-win32-seh-rt_v6-rev0/mingw64/bin/../lib/gcc/x86_64-w64-mingw32/8.1.0/../../../../x86_64-w64-mingw32/lib/../lib\libkernel32.a(dqifs01443.o)
                0x00000000661258b0                VirtualProtect
 .text          0x00000000661258b8        0x8 C:/GNU/MINGW64/x86_64-8.1.0-win32-seh-rt_v6-rev0/mingw64/bin/../lib/gcc/x86_64-w64-mingw32/8.1.0/../../../../x86_64-w64-mingw32/lib/../lib\libkernel32.a(dqifs01409.o)
                0x00000000661258b8                UnhandledExceptionFilter
 .text          0x00000000661258c0        0x8 C:/GNU/MINGW64/x86_64-8.1.0-win32-seh-rt_v6-rev0/mingw64/bin/../lib/gcc/x86_64-w64-mingw32/8.1.0/../../../../x86_64-w64-mingw32/lib/../lib\libkernel32.a(dqifs01396.o)
                0x00000000661258c0                TlsSetValue
 .text          0x00000000661258c8        0x8 C:/GNU/MINGW64/x86_64-8.1.0-win32-seh-rt_v6-rev0/mingw64/bin/../lib/gcc/x86_64-w64-mingw32/8.1.0/../../../../x86_64-w64-mingw32/lib/../lib\libkernel32.a(dqifs01395.o)
                0x00000000661258c8                TlsGetValue
 .text          0x00000000661258d0        0x8 C:/GNU/MINGW64/x86_64-8.1.0-win32-seh-rt_v6-rev0/mingw64/bin/../lib/gcc/x86_64-w64-mingw32/8.1.0/../../../../x86_64-w64-mingw32/lib/../lib\libkernel32.a(dqifs01394.o)
                0x00000000661258d0                TlsFree
 .text          0x00000000661258d8        0x8 C:/GNU/MINGW64/x86_64-8.1.0-win32-seh-rt_v6-rev0/mingw64/bin/../lib/gcc/x86_64-w64-mingw32/8.1.0/../../../../x86_64-w64-mingw32/lib/../lib\libkernel32.a(dqifs01393.o)
                0x00000000661258d8                TlsAlloc
 .text          0x00000000661258e0        0x8 C:/GNU/MINGW64/x86_64-8.1.0-win32-seh-rt_v6-rev0/mingw64/bin/../lib/gcc/x86_64-w64-mingw32/8.1.0/../../../../x86_64-w64-mingw32/lib/../lib\libkernel32.a(dqifs01375.o)
                0x00000000661258e0                TerminateProcess
 .text          0x00000000661258e8        0x8 C:/GNU/MINGW64/x86_64-8.1.0-win32-seh-rt_v6-rev0/mingw64/bin/../lib/gcc/x86_64-w64-mingw32/8.1.0/../../../../x86_64-w64-mingw32/lib/../lib\libkernel32.a(dqifs01346.o)
                0x00000000661258e8                SetUnhandledExceptionFilter
 .text          0x00000000661258f0        0x8 C:/GNU/MINGW64/x86_64-8.1.0-win32-seh-rt_v6-rev0/mingw64/bin/../lib/gcc/x86_64-w64-mingw32/8.1.0/../../../../x86_64-w64-mingw32/lib/../lib\libkernel32.a(dqifs01290.o)
                0x00000000661258f0                SetLastError
 .text          0x00000000661258f8        0x8 C:/GNU/MINGW64/x86_64-8.1.0-win32-seh-rt_v6-rev0/mingw64/bin/../lib/gcc/x86_64-w64-mingw32/8.1.0/../../../../x86_64-w64-mingw32/lib/../lib\libkernel32.a(dqifs01194.o)
                0x00000000661258f8                RtlVirtualUnwind
 .text          0x0000000066125900        0x8 C:/GNU/MINGW64/x86_64-8.1.0-win32-seh-rt_v6-rev0/mingw64/bin/../lib/gcc/x86_64-w64-mingw32/8.1.0/../../../../x86_64-w64-mingw32/lib/../lib\libkernel32.a(dqifs01193.o)
                0x0000000066125900                RtlUnwindEx
 .text          0x0000000066125908        0x8 C:/GNU/MINGW64/x86_64-8.1.0-win32-seh-rt_v6-rev0/mingw64/bin/../lib/gcc/x86_64-w64-mingw32/8.1.0/../../../../x86_64-w64-mingw32/lib/../lib\libkernel32.a(dqifs01187.o)
                0x0000000066125908                RtlLookupFunctionEntry
 .text          0x0000000066125910        0x8 C:/GNU/MINGW64/x86_64-8.1.0-win32-seh-rt_v6-rev0/mingw64/bin/../lib/gcc/x86_64-w64-mingw32/8.1.0/../../../../x86_64-w64-mingw32/lib/../lib\libkernel32.a(dqifs01180.o)
                0x0000000066125910                RtlCaptureContext
 .text          0x0000000066125918        0x8 C:/GNU/MINGW64/x86_64-8.1.0-win32-seh-rt_v6-rev0/mingw64/bin/../lib/gcc/x86_64-w64-mingw32/8.1.0/../../../../x86_64-w64-mingw32/lib/../lib\libkernel32.a(dqifs01179.o)
                0x0000000066125918                RtlAddFunctionTable
 .text          0x0000000066125920        0x8 C:/GNU/MINGW64/x86_64-8.1.0-win32-seh-rt_v6-rev0/mingw64/bin/../lib/gcc/x86_64-w64-mingw32/8.1.0/../../../../x86_64-w64-mingw32/lib/../lib\libkernel32.a(dqifs01154.o)
                0x0000000066125920                ReleaseSemaphore
 .text          0x0000000066125928        0x8 C:/GNU/MINGW64/x86_64-8.1.0-win32-seh-rt_v6-rev0/mingw64/bin/../lib/gcc/x86_64-w64-mingw32/8.1.0/../../../../x86_64-w64-mingw32/lib/../lib\libkernel32.a(dqifs01112.o)
                0x0000000066125928                RaiseException
 .text          0x0000000066125930        0x8 C:/GNU/MINGW64/x86_64-8.1.0-win32-seh-rt_v6-rev0/mingw64/bin/../lib/gcc/x86_64-w64-mingw32/8.1.0/../../../../x86_64-w64-mingw32/lib/../lib\libkernel32.a(dqifs01093.o)
                0x0000000066125930                QueryPerformanceCounter
 .text          0x0000000066125938        0x8 C:/GNU/MINGW64/x86_64-8.1.0-win32-seh-rt_v6-rev0/mingw64/bin/../lib/gcc/x86_64-w64-mingw32/8.1.0/../../../../x86_64-w64-mingw32/lib/../lib\libkernel32.a(dqifs00774.o)
                0x0000000066125938                GetTickCount
 .text          0x0000000066125940        0x8 C:/GNU/MINGW64/x86_64-8.1.0-win32-seh-rt_v6-rev0/mingw64/bin/../lib/gcc/x86_64-w64-mingw32/8.1.0/../../../../x86_64-w64-mingw32/lib/../lib\libkernel32.a(dqifs00746.o)
                0x0000000066125940                GetSystemTimeAsFileTime
 .text          0x0000000066125948        0x8 C:/GNU/MINGW64/x86_64-8.1.0-win32-seh-rt_v6-rev0/mingw64/bin/../lib/gcc/x86_64-w64-mingw32/8.1.0/../../../../x86_64-w64-mingw32/lib/../lib\libkernel32.a(dqifs00540.o)
                0x0000000066125948                GetCurrentThreadId
 .text          0x0000000066125950        0x8 C:/GNU/MINGW64/x86_64-8.1.0-win32-seh-rt_v6-rev0/mingw64/bin/../lib/gcc/x86_64-w64-mingw32/8.1.0/../../../../x86_64-w64-mingw32/lib/../lib\libkernel32.a(dqifs00536.o)
                0x0000000066125950                GetCurrentProcessId
 .text          0x0000000066125958        0x8 C:/GNU/MINGW64/x86_64-8.1.0-win32-seh-rt_v6-rev0/mingw64/bin/../lib/gcc/x86_64-w64-mingw32/8.1.0/../../../../x86_64-w64-mingw32/lib/../lib\libkernel32.a(dqifs00535.o)
                0x0000000066125958                GetCurrentProcess
 .text          0x0000000066125960        0x8 C:/GNU/MINGW64/x86_64-8.1.0-win32-seh-rt_v6-rev0/mingw64/bin/../lib/gcc/x86_64-w64-mingw32/8.1.0/../../../../x86_64-w64-mingw32/lib/../lib\libkernel32.a(dqifs00268.o)
                0x0000000066125960                DeleteCriticalSection
 .text          0x0000000066125968        0x8 C:/GNU/MINGW64/x86_64-8.1.0-win32-seh-rt_v6-rev0/mingw64/bin/../lib/gcc/x86_64-w64-mingw32/8.1.0/../../../../x86_64-w64-mingw32/lib/../lib\libkernel32.a(dqifs00231.o)
                0x0000000066125968                CreateSemaphoreW
 .text          0x0000000066125970        0x8 C:/GNU/MINGW64/x86_64-8.1.0-win32-seh-rt_v6-rev0/mingw64/bin/../lib/gcc/x86_64-w64-mingw32/8.1.0/../../../../x86_64-w64-mingw32/lib/../lib\libkernel32.a(dqifs00130.o)
                0x0000000066125970                CloseHandle
 *fill*         0x0000000066125978        0x8 
 .text          0x0000000066125980       0x30 C:/GNU/MINGW64/x86_64-8.1.0-win32-seh-rt_v6-rev0/mingw64/bin/../lib/gcc/x86_64-w64-mingw32/8.1.0/../../../../x86_64-w64-mingw32/lib/../lib\libmingw32.a(lib64_libmingw32_a-tlsmthread.o)
                0x0000000066125980                __mingwthr_remove_key_dtor
                0x0000000066125990                __mingwthr_key_dtor
 .text          0x00000000661259b0        0x0 C:/GNU/MINGW64/x86_64-8.1.0-win32-seh-rt_v6-rev0/mingw64/bin/../lib/gcc/x86_64-w64-mingw32/8.1.0/crtend.o
 *(SORT_BY_NAME(.text$*))
 .text$_ZGTtNKSt13bad_exceptionD1Ev
                0x00000000661259b0       0x10 C:/GNU/MINGW64/x86_64-8.1.0-win32-seh-rt_v6-rev0/mingw64/bin/../lib/gcc/x86_64-w64-mingw32/8.1.0\libstdc++.a(eh_exception.o)
                0x00000000661259b0                transaction clone for std::bad_exception::~bad_exception() const
 .text$_ZGTtNKSt9exceptionD1Ev
                0x00000000661259c0       0x10 C:/GNU/MINGW64/x86_64-8.1.0-win32-seh-rt_v6-rev0/mingw64/bin/../lib/gcc/x86_64-w64-mingw32/8.1.0\libstdc++.a(eh_exception.o)
                0x00000000661259c0                transaction clone for std::exception::~exception() const
 .text$_ZL15get_ttype_entryP16lsda_header_infoy
                0x00000000661259d0       0x90 C:/GNU/MINGW64/x86_64-8.1.0-win32-seh-rt_v6-rev0/mingw64/bin/../lib/gcc/x86_64-w64-mingw32/8.1.0\libstdc++.a(eh_personality.o)
 .text$_ZL16get_adjusted_ptrPKSt9type_infoS1_PPv
                0x0000000066125a60       0x60 C:/GNU/MINGW64/x86_64-8.1.0-win32-seh-rt_v6-rev0/mingw64/bin/../lib/gcc/x86_64-w64-mingw32/8.1.0\libstdc++.a(eh_personality.o)
 .text$_ZL17parse_lsda_headerP15_Unwind_ContextPKhP16lsda_header_info
                0x0000000066125ac0       0xf0 C:/GNU/MINGW64/x86_64-8.1.0-win32-seh-rt_v6-rev0/mingw64/bin/../lib/gcc/x86_64-w64-mingw32/8.1.0\libstdc++.a(eh_personality.o)
 .text$_ZL20check_exception_specP16lsda_header_infoPKSt9type_infoPvx
                0x0000000066125bb0       0x80 C:/GNU/MINGW64/x86_64-8.1.0-win32-seh-rt_v6-rev0/mingw64/bin/../lib/gcc/x86_64-w64-mingw32/8.1.0\libstdc++.a(eh_personality.o)
 .text$_ZL21base_of_encoded_valuehP15_Unwind_Context
                0x0000000066125c30       0x70 C:/GNU/MINGW64/x86_64-8.1.0-win32-seh-rt_v6-rev0/mingw64/bin/../lib/gcc/x86_64-w64-mingw32/8.1.0\libstdc++.a(eh_personality.o)
 .text$_ZL23__gxx_exception_cleanup19_Unwind_Reason_CodeP17_Unwind_Exception
                0x0000000066125ca0       0x40 C:/GNU/MINGW64/x86_64-8.1.0-win32-seh-rt_v6-rev0/mingw64/bin/../lib/gcc/x86_64-w64-mingw32/8.1.0\libstdc++.a(eh_throw.o)
 .text$_ZL28read_encoded_value_with_basehyPKhPy
                0x0000000066125ce0      0x160 C:/GNU/MINGW64/x86_64-8.1.0-win32-seh-rt_v6-rev0/mingw64/bin/../lib/gcc/x86_64-w64-mingw32/8.1.0\libstdc++.a(eh_personality.o)
 .text$_ZN10__cxxabiv111__terminateEPFvvE
                0x0000000066125e40       0x40 C:/GNU/MINGW64/x86_64-8.1.0-win32-seh-rt_v6-rev0/mingw64/bin/../lib/gcc/x86_64-w64-mingw32/8.1.0\libstdc++.a(eh_terminate.o)
                0x0000000066125e40                __cxxabiv1::__terminate(void (*)())
 .text$_ZN10__cxxabiv112__unexpectedEPFvvE
                0x0000000066125e80       0x10 C:/GNU/MINGW64/x86_64-8.1.0-win32-seh-rt_v6-rev0/mingw64/bin/../lib/gcc/x86_64-w64-mingw32/8.1.0\libstdc++.a(eh_terminate.o)
                0x0000000066125e80                __cxxabiv1::__unexpected(void (*)())
 .text$_ZN10__cxxabiv115__forced_unwindD0Ev
                0x0000000066125e90       0x10 C:/GNU/MINGW64/x86_64-8.1.0-win32-seh-rt_v6-rev0/mingw64/bin/../lib/gcc/x86_64-w64-mingw32/8.1.0\libstdc++.a(eh_exception.o)
                0x0000000066125e90                __cxxabiv1::__forced_unwind::~__forced_unwind()
 .text$_ZN10__cxxabiv115__forced_unwindD2Ev
                0x0000000066125ea0       0x10 C:/GNU/MINGW64/x86_64-8.1.0-win32-seh-rt_v6-rev0/mingw64/bin/../lib/gcc/x86_64-w64-mingw32/8.1.0\libstdc++.a(eh_exception.o)
                0x0000000066125ea0                __cxxabiv1::__forced_unwind::~__forced_unwind()
                0x0000000066125ea0                __cxxabiv1::__forced_unwind::~__forced_unwind()
 .text$_ZN10__cxxabiv117__class_type_infoD0Ev
                0x0000000066125eb0       0x30 C:/GNU/MINGW64/x86_64-8.1.0-win32-seh-rt_v6-rev0/mingw64/bin/../lib/gcc/x86_64-w64-mingw32/8.1.0\libstdc++.a(class_type_info.o)
                0x0000000066125eb0                __cxxabiv1::__class_type_info::~__class_type_info()
 .text$_ZN10__cxxabiv117__class_type_infoD2Ev
                0x0000000066125ee0       0x10 C:/GNU/MINGW64/x86_64-8.1.0-win32-seh-rt_v6-rev0/mingw64/bin/../lib/gcc/x86_64-w64-mingw32/8.1.0\libstdc++.a(class_type_info.o)
                0x0000000066125ee0                __cxxabiv1::__class_type_info::~__class_type_info()
                0x0000000066125ee0                __cxxabiv1::__class_type_info::~__class_type_info()
 .text$_ZN10__cxxabiv119__foreign_exceptionD0Ev
                0x0000000066125ef0       0x10 C:/GNU/MINGW64/x86_64-8.1.0-win32-seh-rt_v6-rev0/mingw64/bin/../lib/gcc/x86_64-w64-mingw32/8.1.0\libstdc++.a(eh_exception.o)
                0x0000000066125ef0                __cxxabiv1::__foreign_exception::~__foreign_exception()
 .text$_ZN10__cxxabiv119__foreign_exceptionD2Ev
                0x0000000066125f00       0x10 C:/GNU/MINGW64/x86_64-8.1.0-win32-seh-rt_v6-rev0/mingw64/bin/../lib/gcc/x86_64-w64-mingw32/8.1.0\libstdc++.a(eh_exception.o)
                0x0000000066125f00                __cxxabiv1::__foreign_exception::~__foreign_exception()
                0x0000000066125f00                __cxxabiv1::__foreign_exception::~__foreign_exception()
 .text$_ZN10__cxxabiv120__si_class_type_infoD0Ev
                0x0000000066125f10       0x30 C:/GNU/MINGW64/x86_64-8.1.0-win32-seh-rt_v6-rev0/mingw64/bin/../lib/gcc/x86_64-w64-mingw32/8.1.0\libstdc++.a(si_class_type_info.o)
                0x0000000066125f10                __cxxabiv1::__si_class_type_info::~__si_class_type_info()
 .text$_ZN10__cxxabiv120__si_class_type_infoD2Ev
                0x0000000066125f40       0x10 C:/GNU/MINGW64/x86_64-8.1.0-win32-seh-rt_v6-rev0/mingw64/bin/../lib/gcc/x86_64-w64-mingw32/8.1.0\libstdc++.a(si_class_type_info.o)
                0x0000000066125f40                __cxxabiv1::__si_class_type_info::~__si_class_type_info()
                0x0000000066125f40                __cxxabiv1::__si_class_type_info::~__si_class_type_info()
 .text$_ZN10__cxxabiv121__vmi_class_type_infoD0Ev
                0x0000000066125f50       0x30 C:/GNU/MINGW64/x86_64-8.1.0-win32-seh-rt_v6-rev0/mingw64/bin/../lib/gcc/x86_64-w64-mingw32/8.1.0\libstdc++.a(vmi_class_type_info.o)
                0x0000000066125f50                __cxxabiv1::__vmi_class_type_info::~__vmi_class_type_info()
 .text$_ZN10__cxxabiv121__vmi_class_type_infoD2Ev
                0x0000000066125f80       0x10 C:/GNU/MINGW64/x86_64-8.1.0-win32-seh-rt_v6-rev0/mingw64/bin/../lib/gcc/x86_64-w64-mingw32/8.1.0\libstdc++.a(vmi_class_type_info.o)
                0x0000000066125f80                __cxxabiv1::__vmi_class_type_info::~__vmi_class_type_info()
                0x0000000066125f80                __cxxabiv1::__vmi_class_type_info::~__vmi_class_type_info()
 .text$_ZN10__cxxabiv1L21__gxx_personality_impEiiyP17_Unwind_ExceptionP15_Unwind_Context
                0x0000000066125f90      0x5b0 C:/GNU/MINGW64/x86_64-8.1.0-win32-seh-rt_v6-rev0/mingw64/bin/../lib/gcc/x86_64-w64-mingw32/8.1.0\libstdc++.a(eh_personality.o)
 .text$_ZN12_GLOBAL__N_14pool4freeEPv.constprop.2
                0x0000000066126540      0x170 C:/GNU/MINGW64/x86_64-8.1.0-win32-seh-rt_v6-rev0/mingw64/bin/../lib/gcc/x86_64-w64-mingw32/8.1.0\libstdc++.a(eh_alloc.o)
 .text$_ZN12_GLOBAL__N_14pool8allocateEy.constprop.3
                0x00000000661266b0      0x150 C:/GNU/MINGW64/x86_64-8.1.0-win32-seh-rt_v6-rev0/mingw64/bin/../lib/gcc/x86_64-w64-mingw32/8.1.0\libstdc++.a(eh_alloc.o)
 .text$_ZN8Palmtree4Math4Core8Internal11ParserState26ParseAsDecimalNumberStringEv
                0x0000000066126800     0x2560 ../build/x64_Release/pmc_parse.o
                0x0000000066126800                Palmtree::Math::Core::Internal::ParserState::ParseAsDecimalNumberString()
 .text$_ZN8Palmtree4Math4Core8Internal11ParserState32ParseAsIntegerPartNumberSequenceEv
                0x0000000066128d60      0x290 ../build/x64_Release/pmc_parse.o
                0x0000000066128d60                Palmtree::Math::Core::Internal::ParserState::ParseAsIntegerPartNumberSequence()
 .text$_ZN8Palmtree4Math4Core8Internal11ParserState33ParseAsFractionPartNumberSequenceEv
                0x0000000066128ff0      0x180 ../build/x64_Release/pmc_parse.o
                0x0000000066128ff0                Palmtree::Math::Core::Internal::ParserState::ParseAsFractionPartNumberSequence()
 .text$_ZN8Palmtree4Math4Core8Internal12StringReader10SkipStringEPKw
                0x0000000066129170       0x60 ../build/x64_Release/pmc_parse.o
                0x0000000066129170                Palmtree::Math::Core::Internal::StringReader::SkipString(wchar_t const*)
 .text$_ZN8Palmtree4Math4Core8Internal12StringReader10StartsWithEPKw
                0x00000000661291d0       0x50 ../build/x64_Release/pmc_parse.o
                0x00000000661291d0                Palmtree::Math::Core::Internal::StringReader::StartsWith(wchar_t const*)
 .text$_ZN8Palmtree4Math4Core8Internal12StringReader8PeekCharEv
                0x0000000066129220       0x10 ../build/x64_Release/pmc_parse.o
                0x0000000066129220                Palmtree::Math::Core::Internal::StringReader::PeekChar()
 .text$_ZN8Palmtree4Math4Core8Internal12StringReader8ProgressEv
                0x0000000066129230       0x30 ../build/x64_Release/pmc_parse.o
                0x0000000066129230                Palmtree::Math::Core::Internal::StringReader::Progress()
 .text$_ZN8Palmtree4Math4Core8Internal12StringWriter5WriteEPKw
                0x0000000066129260       0x30 ../build/x64_Release/pmc_parse.o
                0x0000000066129260                Palmtree::Math::Core::Internal::StringWriter::Write(wchar_t const*)
 .text$_ZN8Palmtree4Math4Core8Internal12StringWriter5WriteEw
                0x0000000066129290       0x40 ../build/x64_Release/pmc_parse.o
                0x0000000066129290                Palmtree::Math::Core::Internal::StringWriter::Write(wchar_t)
 .text$_ZN8Palmtree4Math4Core8Internal12StringWriter9GetStringEv
                0x00000000661292d0       0x10 ../build/x64_Release/pmc_parse.o
                0x00000000661292d0                Palmtree::Math::Core::Internal::StringWriter::GetString()
 .text$_ZN8Palmtree4Math4Core8Internal14ResourceHolder16__ChainBufferTag5CheckEv
                0x00000000661292e0       0x10 ../build/x64_Release/pmc_memory.o
                0x00000000661292e0                Palmtree::Math::Core::Internal::ResourceHolder::__ChainBufferTag::Check()
 .text$_ZN8Palmtree4Math4Core8Internal14ResourceHolder16__ChainBufferTag5ClearEv
                0x00000000661292f0       0x10 ../build/x64_Release/pmc_memory.o
                0x00000000661292f0                Palmtree::Math::Core::Internal::ResourceHolder::__ChainBufferTag::Clear()
 .text$_ZN8Palmtree4Math4Core8Internal14ResourceHolder9__RootTag19EqualsBufferAddressEPv
                0x0000000066129300       0x50 ../build/x64_Release/pmc_memory.o
                0x0000000066129300                Palmtree::Math::Core::Internal::ResourceHolder::__RootTag::EqualsBufferAddress(void*)
 .text$_ZN8Palmtree4Math4Core8Internal14ResourceHolder9__RootTag8DestructEv
                0x0000000066129350       0x10 ../build/x64_Release/pmc_memory.o
                0x0000000066129350                Palmtree::Math::Core::Internal::ResourceHolder::__RootTag::Destruct()
 .text$_ZN8Palmtree4Math4Core8Internal14ResourceHolder9__RootTagD0Ev
                0x0000000066129360       0x30 ../build/x64_Release/pmc_memory.o
                0x0000000066129360                Palmtree::Math::Core::Internal::ResourceHolder::__RootTag::~__RootTag()
 .text$_ZN8Palmtree4Math4Core8Internal14ResourceHolder9__RootTagD1Ev
                0x0000000066129390       0x20 ../build/x64_Release/pmc_memory.o
                0x0000000066129390                Palmtree::Math::Core::Internal::ResourceHolder::__RootTag::~__RootTag()
 .text$_ZN8Palmtree4Math4Core8Internal14ResourceHolderD0Ev
                0x00000000661293b0       0xb0 ../build/x64_Release/pmc_memory.o
                0x00000000661293b0                Palmtree::Math::Core::Internal::ResourceHolder::~ResourceHolder()
 .text$_ZN8Palmtree4Math4Core8Internal14ResourceHolderD1Ev
                0x0000000066129460       0xa0 ../build/x64_Release/pmc_memory.o
                0x0000000066129460                Palmtree::Math::Core::Internal::ResourceHolder::~ResourceHolder()
 .text$_ZN8Palmtree4Math4Core8Internal14ResourceHolderD2Ev
                0x0000000066129500       0xa0 ../build/x64_Release/pmc_memory.o
                0x0000000066129500                Palmtree::Math::Core::Internal::ResourceHolder::~ResourceHolder()
 .text$_ZN8Palmtree4Math4Core8Internal15FormatExceptionD0Ev
                0x00000000661295a0       0x30 ../build/x64_Release/pmc_bytes.o
                0x00000000661295a0                Palmtree::Math::Core::Internal::FormatException::~FormatException()
 .text$_ZN8Palmtree4Math4Core8Internal15FormatExceptionD1Ev
                0x00000000661295d0       0x10 ../build/x64_Release/pmc_bytes.o
                0x00000000661295d0                Palmtree::Math::Core::Internal::FormatException::~FormatException()
 .text$_ZN8Palmtree4Math4Core8Internal16DecimalFromatter14FormatterTypeC11WritePrefixEcPNS2_12StringWriterE
                0x00000000661295e0      0x180 ../build/x64_Release/pmc_tostring.o
                0x00000000661295e0                Palmtree::Math::Core::Internal::DecimalFromatter::FormatterTypeC::WritePrefix(char, Palmtree::Math::Core::Internal::StringWriter*)
 .text$_ZN8Palmtree4Math4Core8Internal16DecimalFromatter14FormatterTypeC11WriteSuffixEcPNS2_12StringWriterE
                0x0000000066129760      0x160 ../build/x64_Release/pmc_tostring.o
                0x0000000066129760                Palmtree::Math::Core::Internal::DecimalFromatter::FormatterTypeC::WriteSuffix(char, Palmtree::Math::Core::Internal::StringWriter*)
 .text$_ZN8Palmtree4Math4Core8Internal16DecimalFromatter14FormatterTypeC14WriteZeroValueEPNS2_12StringWriterE
                0x00000000661298c0       0x60 ../build/x64_Release/pmc_tostring.o
                0x00000000661298c0                Palmtree::Math::Core::Internal::DecimalFromatter::FormatterTypeC::WriteZeroValue(Palmtree::Math::Core::Internal::StringWriter*)
 .text$_ZN8Palmtree4Math4Core8Internal16DecimalFromatter14FormatterTypeC20FormatNumberSequenceEPKwPNS2_12StringWriterE
                0x0000000066129920      0x290 ../build/x64_Release/pmc_tostring.o
                0x0000000066129920                Palmtree::Math::Core::Internal::DecimalFromatter::FormatterTypeC::FormatNumberSequence(wchar_t const*, Palmtree::Math::Core::Internal::StringWriter*)
 .text$_ZN8Palmtree4Math4Core8Internal16DecimalFromatter14FormatterTypeC24GetDefaultPrecisionValueEv
                0x0000000066129bb0       0x10 ../build/x64_Release/pmc_tostring.o
                0x0000000066129bb0                Palmtree::Math::Core::Internal::DecimalFromatter::FormatterTypeC::GetDefaultPrecisionValue()