Archive member included to satisfy reference by file (symbol)

C:/GNU/MINGW64/x86_64-8.1.0-win32-seh-rt_v6-rev0/mingw64/bin/../lib/gcc/x86_64-w64-mingw32/8.1.0/../../../../x86_64-w64-mingw32/lib/../lib\libkernel32.a(dqifs01555.o)
                              ../build/x64_Release/pmc_parse.o (__imp_lstrlenW)
C:/GNU/MINGW64/x86_64-8.1.0-win32-seh-rt_v6-rev0/mingw64/bin/../lib/gcc/x86_64-w64-mingw32/8.1.0/../../../../x86_64-w64-mingw32/lib/../lib\libkernel32.a(dqifs01549.o)
                              ../build/x64_Release/pmc_initialize.o (__imp_lstrcpyW)
C:/GNU/MINGW64/x86_64-8.1.0-win32-seh-rt_v6-rev0/mingw64/bin/../lib/gcc/x86_64-w64-mingw32/8.1.0/../../../../x86_64-w64-mingw32/lib/../lib\libkernel32.a(dqifs01543.o)
                              ../build/x64_Release/pmc_initialize.o (__imp_lstrcmpW)
C:/GNU/MINGW64/x86_64-8.1.0-win32-seh-rt_v6-rev0/mingw64/bin/../lib/gcc/x86_64-w64-mingw32/8.1.0/../../../../x86_64-w64-mingw32/lib/../lib\libkernel32.a(dqifs01360.o)
                              C:/GNU/MINGW64/x86_64-8.1.0-win32-seh-rt_v6-rev0/mingw64/bin/../lib/gcc/x86_64-w64-mingw32/8.1.0/../../../../x86_64-w64-mingw32/lib/../lib/dllcrt2.o (__imp_Sleep)
C:/GNU/MINGW64/x86_64-8.1.0-win32-seh-rt_v6-rev0/mingw64/bin/../lib/gcc/x86_64-w64-mingw32/8.1.0/../../../../x86_64-w64-mingw32/lib/../lib\libkernel32.a(dqifs00951.o)
                              ../build/x64_Release/pmc_memory.o (__imp_LeaveCriticalSection)
C:/GNU/MINGW64/x86_64-8.1.0-win32-seh-rt_v6-rev0/mingw64/bin/../lib/gcc/x86_64-w64-mingw32/8.1.0/../../../../x86_64-w64-mingw32/lib/../lib\libkernel32.a(dqifs00863.o)
                              ../build/x64_Release/pmc_memory.o (__imp_InitializeCriticalSection)
C:/GNU/MINGW64/x86_64-8.1.0-win32-seh-rt_v6-rev0/mingw64/bin/../lib/gcc/x86_64-w64-mingw32/8.1.0/../../../../x86_64-w64-mingw32/lib/../lib\libkernel32.a(dqifs00852.o)
                              ../build/x64_Release/pmc_memory.o (__imp_HeapWalk)
C:/GNU/MINGW64/x86_64-8.1.0-win32-seh-rt_v6-rev0/mingw64/bin/../lib/gcc/x86_64-w64-mingw32/8.1.0/../../../../x86_64-w64-mingw32/lib/../lib\libkernel32.a(dqifs00849.o)
                              ../build/x64_Release/pmc_memory.o (__imp_HeapUnlock)
C:/GNU/MINGW64/x86_64-8.1.0-win32-seh-rt_v6-rev0/mingw64/bin/../lib/gcc/x86_64-w64-mingw32/8.1.0/../../../../x86_64-w64-mingw32/lib/../lib\libkernel32.a(dqifs00842.o)
                              ../build/x64_Release/pmc_memory.o (__imp_HeapLock)
C:/GNU/MINGW64/x86_64-8.1.0-win32-seh-rt_v6-rev0/mingw64/bin/../lib/gcc/x86_64-w64-mingw32/8.1.0/../../../../x86_64-w64-mingw32/lib/../lib\libkernel32.a(dqifs00841.o)
                              ../build/x64_Release/pmc_memory.o (__imp_HeapFree)
C:/GNU/MINGW64/x86_64-8.1.0-win32-seh-rt_v6-rev0/mingw64/bin/../lib/gcc/x86_64-w64-mingw32/8.1.0/../../../../x86_64-w64-mingw32/lib/../lib\libkernel32.a(dqifs00839.o)
                              ../build/x64_Release/pmc_memory.o (__imp_HeapDestroy)
C:/GNU/MINGW64/x86_64-8.1.0-win32-seh-rt_v6-rev0/mingw64/bin/../lib/gcc/x86_64-w64-mingw32/8.1.0/../../../../x86_64-w64-mingw32/lib/../lib\libkernel32.a(dqifs00837.o)
                              ../build/x64_Release/pmc_memory.o (__imp_HeapCreate)
C:/GNU/MINGW64/x86_64-8.1.0-win32-seh-rt_v6-rev0/mingw64/bin/../lib/gcc/x86_64-w64-mingw32/8.1.0/../../../../x86_64-w64-mingw32/lib/../lib\libkernel32.a(dqifs00835.o)
                              ../build/x64_Release/pmc_memory.o (__imp_HeapAlloc)
C:/GNU/MINGW64/x86_64-8.1.0-win32-seh-rt_v6-rev0/mingw64/bin/../lib/gcc/x86_64-w64-mingw32/8.1.0/../../../../x86_64-w64-mingw32/lib/../lib\libkernel32.a(dqifs00609.o)
                              ../build/x64_Release/pmc_memory.o (__imp_GetLastError)
C:/GNU/MINGW64/x86_64-8.1.0-win32-seh-rt_v6-rev0/mingw64/bin/../lib/gcc/x86_64-w64-mingw32/8.1.0/../../../../x86_64-w64-mingw32/lib/../lib\libkernel32.a(dqifs00304.o)
                              ../build/x64_Release/pmc_memory.o (__imp_EnterCriticalSection)
C:/GNU/MINGW64/x86_64-8.1.0-win32-seh-rt_v6-rev0/mingw64/bin/../lib/gcc/x86_64-w64-mingw32/8.1.0/../../../../x86_64-w64-mingw32/lib/../lib\libkernel32.a(dqifh.o)
                              C:/GNU/MINGW64/x86_64-8.1.0-win32-seh-rt_v6-rev0/mingw64/bin/../lib/gcc/x86_64-w64-mingw32/8.1.0/../../../../x86_64-w64-mingw32/lib/../lib\libkernel32.a(dqifs01555.o) (_head_lib64_libkernel32_a)
C:/GNU/MINGW64/x86_64-8.1.0-win32-seh-rt_v6-rev0/mingw64/bin/../lib/gcc/x86_64-w64-mingw32/8.1.0/../../../../x86_64-w64-mingw32/lib/../lib\libkernel32.a(dqift.o)
                              C:/GNU/MINGW64/x86_64-8.1.0-win32-seh-rt_v6-rev0/mingw64/bin/../lib/gcc/x86_64-w64-mingw32/8.1.0/../../../../x86_64-w64-mingw32/lib/../lib\libkernel32.a(dqifh.o) (__lib64_libkernel32_a_iname)
C:/GNU/MINGW64/x86_64-8.1.0-win32-seh-rt_v6-rev0/mingw64/bin/../lib/gcc/x86_64-w64-mingw32/8.1.0/../../../../x86_64-w64-mingw32/lib/../lib\libuser32.a(dyqes00958.o)
                              ../build/x64_Release/pmc_tostring.o (__imp_wsprintfW)
[...]
Memory Configuration

Name             Origin             Length             Attributes
*default*        0x0000000000000000 0xffffffffffffffff

Linker script and memory map

                0x0000000066100000                __image_base__ = 0x66100000
                0x0000000000000000                __dll__ = 0x0
                0x0000000066100000                __ImageBase = 0x66100000
                0x0000000000001000                __section_alignment__ = 0x1000
                0x0000000000000200                __file_alignment__ = 0x200
                0x0000000000000004                __major_os_version__ = 0x4
                0x0000000000000000                __minor_os_version__ = 0x0
                0x0000000000000000                __major_image_version__ = 0x0
                0x0000000000000000                __minor_image_version__ = 0x0
                0x0000000000000005                __major_subsystem_version__ = 0x5
                0x0000000000000002                __minor_subsystem_version__ = 0x2
                0x0000000000000002                __subsystem__ = 0x2
                0x0000000000200000                __size_of_stack_reserve__ = 0x200000
                0x0000000000001000                __size_of_stack_commit__ = 0x1000
                0x0000000000100000                __size_of_heap_reserve__ = 0x100000
                0x0000000000001000                __size_of_heap_commit__ = 0x1000
                0x0000000000000000                __loader_flags__ = 0x0
                0x0000000000000000                __dll_characteristics__ = 0x0
LOAD C:/GNU/MINGW64/x86_64-8.1.0-win32-seh-rt_v6-rev0/mingw64/bin/../lib/gcc/x86_64-w64-mingw32/8.1.0/../../../../x86_64-w64-mingw32/lib/../lib/dllcrt2.o
LOAD C:/GNU/MINGW64/x86_64-8.1.0-win32-seh-rt_v6-rev0/mingw64/bin/../lib/gcc/x86_64-w64-mingw32/8.1.0/crtbegin.o
LOAD ../build/x64_Release/cpuid.o
LOAD ../build/x64_Release/dllmain.o
LOAD ../build/x64_Release/pmc_add.o
LOAD ../build/x64_Release/pmc_bitwiseand.o
LOAD ../build/x64_Release/pmc_bitwiseor.o
LOAD ../build/x64_Release/pmc_bytes.o
LOAD ../build/x64_Release/pmc_compare.o
LOAD ../build/x64_Release/pmc_divrem.o
LOAD ../build/x64_Release/pmc_equals.o
LOAD ../build/x64_Release/pmc_exclusiveor.o
LOAD ../build/x64_Release/pmc_from.o
LOAD ../build/x64_Release/pmc_greatestcommondivisor.o
LOAD ../build/x64_Release/pmc_initialize.o
LOAD ../build/x64_Release/pmc_interface_csharp.o
LOAD ../build/x64_Release/pmc_log.o
LOAD ../build/x64_Release/pmc_memory.o
LOAD ../build/x64_Release/pmc_modpow.o
LOAD ../build/x64_Release/pmc_multiply.o
LOAD ../build/x64_Release/pmc_parse.o
LOAD ../build/x64_Release/pmc_pow.o
LOAD ../build/x64_Release/pmc_shift.o
LOAD ../build/x64_Release/pmc_statistics.o
LOAD ../build/x64_Release/pmc_subtruct.o
LOAD ../build/x64_Release/pmc_to.o
LOAD ../build/x64_Release/pmc_tostring.o
LOAD ../build/x64_Release/version.o
LOAD ../Palmtree.Math.Core.Uint.def
LOAD C:/GNU/MINGW64/x86_64-8.1.0-win32-seh-rt_v6-rev0/mingw64/bin/../lib/gcc/x86_64-w64-mingw32/8.1.0/../../../../x86_64-w64-mingw32/lib/../lib\libkernel32.a
LOAD C:/GNU/MINGW64/x86_64-8.1.0-win32-seh-rt_v6-rev0/mingw64/bin/../lib/gcc/x86_64-w64-mingw32/8.1.0/../../../../x86_64-w64-mingw32/lib/../lib\libuser32.a
LOAD C:/GNU/MINGW64/x86_64-8.1.0-win32-seh-rt_v6-rev0/mingw64/bin/../lib/gcc/x86_64-w64-mingw32/8.1.0\libstdc++.a
LOAD C:/GNU/MINGW64/x86_64-8.1.0-win32-seh-rt_v6-rev0/mingw64/bin/../lib/gcc/x86_64-w64-mingw32/8.1.0/../../../../x86_64-w64-mingw32/lib/../lib\libmingw32.a
LOAD C:/GNU/MINGW64/x86_64-8.1.0-win32-seh-rt_v6-rev0/mingw64/bin/../lib/gcc/x86_64-w64-mingw32/8.1.0\libgcc.a
LOAD C:/GNU/MINGW64/x86_64-8.1.0-win32-seh-rt_v6-rev0/mingw64/bin/../lib/gcc/x86_64-w64-mingw32/8.1.0\libgcc_eh.a
LOAD C:/GNU/MINGW64/x86_64-8.1.0-win32-seh-rt_v6-rev0/mingw64/bin/../lib/gcc/x86_64-w64-mingw32/8.1.0/../../../../x86_64-w64-mingw32/lib/../lib\libmoldname.a
LOAD C:/GNU/MINGW64/x86_64-8.1.0-win32-seh-rt_v6-rev0/mingw64/bin/../lib/gcc/x86_64-w64-mingw32/8.1.0/../../../../x86_64-w64-mingw32/lib/../lib\libmingwex.a
LOAD C:/GNU/MINGW64/x86_64-8.1.0-win32-seh-rt_v6-rev0/mingw64/bin/../lib/gcc/x86_64-w64-mingw32/8.1.0/../../../../x86_64-w64-mingw32/lib/../lib\libmsvcrt.a
LOAD C:/GNU/MINGW64/x86_64-8.1.0-win32-seh-rt_v6-rev0/mingw64/bin/../lib/gcc/x86_64-w64-mingw32/8.1.0/../../../../x86_64-w64-mingw32/lib/../lib\libgdi32.a
LOAD C:/GNU/MINGW64/x86_64-8.1.0-win32-seh-rt_v6-rev0/mingw64/bin/../lib/gcc/x86_64-w64-mingw32/8.1.0/../../../../x86_64-w64-mingw32/lib/../lib\libcomdlg32.a
LOAD C:/GNU/MINGW64/x86_64-8.1.0-win32-seh-rt_v6-rev0/mingw64/bin/../lib/gcc/x86_64-w64-mingw32/8.1.0/../../../../x86_64-w64-mingw32/lib/../lib\libadvapi32.a
LOAD C:/GNU/MINGW64/x86_64-8.1.0-win32-seh-rt_v6-rev0/mingw64/bin/../lib/gcc/x86_64-w64-mingw32/8.1.0/../../../../x86_64-w64-mingw32/lib/../lib\libshell32.a
LOAD C:/GNU/MINGW64/x86_64-8.1.0-win32-seh-rt_v6-rev0/mingw64/bin/../lib/gcc/x86_64-w64-mingw32/8.1.0/../../../../x86_64-w64-mingw32/lib/../lib\libuser32.a
LOAD C:/GNU/MINGW64/x86_64-8.1.0-win32-seh-rt_v6-rev0/mingw64/bin/../lib/gcc/x86_64-w64-mingw32/8.1.0/../../../../x86_64-w64-mingw32/lib/../lib\libkernel32.a
LOAD C:/GNU/MINGW64/x86_64-8.1.0-win32-seh-rt_v6-rev0/mingw64/bin/../lib/gcc/x86_64-w64-mingw32/8.1.0/../../../../x86_64-w64-mingw32/lib/../lib\libiconv.a
LOAD C:/GNU/MINGW64/x86_64-8.1.0-win32-seh-rt_v6-rev0/mingw64/bin/../lib/gcc/x86_64-w64-mingw32/8.1.0/../../../../x86_64-w64-mingw32/lib/../lib\libmingw32.a
LOAD C:/GNU/MINGW64/x86_64-8.1.0-win32-seh-rt_v6-rev0/mingw64/bin/../lib/gcc/x86_64-w64-mingw32/8.1.0\libgcc.a
LOAD C:/GNU/MINGW64/x86_64-8.1.0-win32-seh-rt_v6-rev0/mingw64/bin/../lib/gcc/x86_64-w64-mingw32/8.1.0\libgcc_eh.a
LOAD C:/GNU/MINGW64/x86_64-8.1.0-win32-seh-rt_v6-rev0/mingw64/bin/../lib/gcc/x86_64-w64-mingw32/8.1.0/../../../../x86_64-w64-mingw32/lib/../lib\libmoldname.a
LOAD C:/GNU/MINGW64/x86_64-8.1.0-win32-seh-rt_v6-rev0/mingw64/bin/../lib/gcc/x86_64-w64-mingw32/8.1.0/../../../../x86_64-w64-mingw32/lib/../lib\libmingwex.a
LOAD C:/GNU/MINGW64/x86_64-8.1.0-win32-seh-rt_v6-rev0/mingw64/bin/../lib/gcc/x86_64-w64-mingw32/8.1.0/../../../../x86_64-w64-mingw32/lib/../lib\libmsvcrt.a
LOAD C:/GNU/MINGW64/x86_64-8.1.0-win32-seh-rt_v6-rev0/mingw64/bin/../lib/gcc/x86_64-w64-mingw32/8.1.0/crtend.o
                0x00000000000004a8                . = SIZEOF_HEADERS
                0x0000000000001000                . = ALIGN (__section_alignment__)

.text           0x0000000066101000    0x2c800
 *(.init)
 *(.text)
 .text          0x0000000066101000      0x390 C:/GNU/MINGW64/x86_64-8.1.0-win32-seh-rt_v6-rev0/mingw64/bin/../lib/gcc/x86_64-w64-mingw32/8.1.0/../../../../x86_64-w64-mingw32/lib/../lib/dllcrt2.o
                0x0000000066101010                _CRT_INIT
                0x0000000066101330                DllMainCRTStartup
                0x0000000066101380                atexit
 .text          0x0000000066101390       0x20 C:/GNU/MINGW64/x86_64-8.1.0-win32-seh-rt_v6-rev0/mingw64/bin/../lib/gcc/x86_64-w64-mingw32/8.1.0/crtbegin.o
                0x0000000066101390                __gcc_register_frame
                0x00000000661013a0                __gcc_deregister_frame
 .text          0x00000000661013b0       0xb0 ../build/x64_Release/cpuid.o
                0x00000000661013b0                Palmtree::Math::Core::Internal::GetCPUInfo(Palmtree::Math::Core::Internal::_tag_PROCESSOR_FEATURES*)
 .text          0x0000000066101460       0x50 ../build/x64_Release/dllmain.o
                0x0000000066101460                DllMain
 .text          0x00000000661014b0     0x1330 ../build/x64_Release/pmc_add.o
                0x0000000066102040                Palmtree::Math::Core::Internal::Initialize_Add(Palmtree::Math::Core::Internal::_tag_PROCESSOR_FEATURES*)
                0x0000000066102190                Palmtree::Math::Core::Internal::PMC_Add_I_X(unsigned int, Palmtree::Math::Core::Internal::__tag_PMC_HANDLE_UINT*)
                0x0000000066102250                Palmtree::Math::Core::Internal::PMC_Add_X_I(Palmtree::Math::Core::Internal::__tag_PMC_HANDLE_UINT*, unsigned int)
                0x0000000066102440                Palmtree::Math::Core::Internal::PMC_Add_L_X(unsigned long long, Palmtree::Math::Core::Internal::__tag_PMC_HANDLE_UINT*)
                0x0000000066102500                Palmtree::Math::Core::Internal::PMC_Add_X_L(Palmtree::Math::Core::Internal::__tag_PMC_HANDLE_UINT*, unsigned long long)
                0x00000000661025c0                Palmtree::Math::Core::Internal::PMC_Add_X_X_Imp(Palmtree::Math::Core::Internal::__tag_NUMBER_HEADER*, Palmtree::Math::Core::Internal::__tag_NUMBER_HEADER*)
                0x00000000661026d0                Palmtree::Math::Core::Internal::PMC_Add_X_X(Palmtree::Math::Core::Internal::__tag_PMC_HANDLE_UINT*, Palmtree::Math::Core::Internal::__tag_PMC_HANDLE_UINT*)
 .text          0x00000000661027e0      0x800 ../build/x64_Release/pmc_bitwiseand.o
                0x00000000661027e0                Palmtree::Math::Core::Internal::PMC_BitwiseAnd_I_X(unsigned int, Palmtree::Math::Core::Internal::__tag_PMC_HANDLE_UINT*)
                0x0000000066102870                Palmtree::Math::Core::Internal::PMC_BitwiseAnd_X_I(Palmtree::Math::Core::Internal::__tag_PMC_HANDLE_UINT*, unsigned int)
                0x0000000066102900                Palmtree::Math::Core::Internal::PMC_BitwiseAnd_L_X(unsigned long long, Palmtree::Math::Core::Internal::__tag_PMC_HANDLE_UINT*)
                0x0000000066102990                Palmtree::Math::Core::Internal::PMC_BitwiseAnd_X_L(Palmtree::Math::Core::Internal::__tag_PMC_HANDLE_UINT*, unsigned long long)
                0x0000000066102a20                Palmtree::Math::Core::Internal::Initialize_BitwiseAnd(Palmtree::Math::Core::Internal::_tag_PROCESSOR_FEATURES*)
                0x0000000066102a30                Palmtree::Math::Core::Internal::PMC_BitwiseAnd_X_X(Palmtree::Math::Core::Internal::__tag_PMC_HANDLE_UINT*, Palmtree::Math::Core::Internal::__tag_PMC_HANDLE_UINT*)
 .text          0x0000000066102fe0      0xb30 ../build/x64_Release/pmc_bitwiseor.o
                0x0000000066102fe0                Palmtree::Math::Core::Internal::Initialize_BitwiseOr(Palmtree::Math::Core::Internal::_tag_PROCESSOR_FEATURES*)
                0x0000000066103110                Palmtree::Math::Core::Internal::PMC_BitwiseOr_I_X(unsigned int, Palmtree::Math::Core::Internal::__tag_PMC_HANDLE_UINT*)
                0x00000000661031d0                Palmtree::Math::Core::Internal::PMC_BitwiseOr_X_I(Palmtree::Math::Core::Internal::__tag_PMC_HANDLE_UINT*, unsigned int)
                0x00000000661033b0                Palmtree::Math::Core::Internal::PMC_BitwiseOr_L_X(unsigned long long, Palmtree::Math::Core::Internal::__tag_PMC_HANDLE_UINT*)
                0x0000000066103470                Palmtree::Math::Core::Internal::PMC_BitwiseOr_X_L(Palmtree::Math::Core::Internal::__tag_PMC_HANDLE_UINT*, unsigned long long)
                0x0000000066103530                Palmtree::Math::Core::Internal::PMC_BitwiseOr_X_X(Palmtree::Math::Core::Internal::__tag_PMC_HANDLE_UINT*, Palmtree::Math::Core::Internal::__tag_PMC_HANDLE_UINT*)
 .text          0x0000000066103b10      0x890 ../build/x64_Release/pmc_bytes.o
                0x0000000066103b10                Palmtree::Math::Core::Internal::PMC_ToByteArrayForSINT(char, Palmtree::Math::Core::Internal::__tag_PMC_HANDLE_UINT*, unsigned char*, unsigned long long)
                0x0000000066103d00                Palmtree::Math::Core::Internal::PMC_ToByteArray(Palmtree::Math::Core::Internal::__tag_PMC_HANDLE_UINT*, unsigned char*, unsigned long long)
                0x0000000066103e10                Palmtree::Math::Core::Internal::PMC_FromByteArrayForSINT(unsigned char*, unsigned long long, char*)
                0x0000000066104100                Palmtree::Math::Core::Internal::PMC_FromByteArray(unsigned char const*, unsigned long long)
 .text          0x00000000661043a0      0x480 ../build/x64_Release/pmc_compare.o
                0x0000000066104460                Palmtree::Math::Core::Internal::Compare_Imp(unsigned long long*, unsigned long long*, unsigned long long)
                0x00000000661044d0                Palmtree::Math::Core::Internal::PMC_Compare_I_X(unsigned int, Palmtree::Math::Core::Internal::__tag_PMC_HANDLE_UINT*)
                0x0000000066104550                Palmtree::Math::Core::Internal::PMC_Compare_X_I(Palmtree::Math::Core::Internal::__tag_PMC_HANDLE_UINT*, unsigned int)
                0x00000000661045c0                Palmtree::Math::Core::Internal::PMC_Compare_L_X(unsigned long long, Palmtree::Math::Core::Internal::__tag_PMC_HANDLE_UINT*)
                0x0000000066104640                Palmtree::Math::Core::Internal::PMC_Compare_X_L(Palmtree::Math::Core::Internal::__tag_PMC_HANDLE_UINT*, unsigned long long)
                0x00000000661046b0                Palmtree::Math::Core::Internal::PMC_Compare_X_X_Imp(Palmtree::Math::Core::Internal::__tag_NUMBER_HEADER*, Palmtree::Math::Core::Internal::__tag_NUMBER_HEADER*)
                0x0000000066104770                Palmtree::Math::Core::Internal::PMC_Compare_X_X(Palmtree::Math::Core::Internal::__tag_PMC_HANDLE_UINT*, Palmtree::Math::Core::Internal::__tag_PMC_HANDLE_UINT*)
                0x0000000066104810                Palmtree::Math::Core::Internal::Initialize_Compare(Palmtree::Math::Core::Internal::_tag_PROCESSOR_FEATURES*)
 .text          0x0000000066104820     0x4890 ../build/x64_Release/pmc_divrem.o
                0x0000000066107b20                Palmtree::Math::Core::Internal::Rem_X_1W(unsigned long long*, unsigned long long, unsigned long long)
                0x0000000066107e10                Palmtree::Math::Core::Internal::DivRem_X_1W(unsigned long long*, unsigned long long, unsigned long long, unsigned long long*, unsigned long long*)
                0x0000000066108260                Palmtree::Math::Core::Internal::DivRem_X_X(unsigned long long*, unsigned long long, unsigned long long*, unsigned long long, unsigned long long*, unsigned long long*, unsigned long long*)
                0x0000000066108350                Palmtree::Math::Core::Internal::PMC_DivRem_I_X(unsigned int, Palmtree::Math::Core::Internal::__tag_PMC_HANDLE_UINT*, unsigned int*)
                0x0000000066108490                Palmtree::Math::Core::Internal::PMC_DivRem_L_X(unsigned long long, Palmtree::Math::Core::Internal::__tag_PMC_HANDLE_UINT*, unsigned long long*)
                0x00000000661085e0                Palmtree::Math::Core::Internal::Initialize_DivRem(Palmtree::Math::Core::Internal::_tag_PROCESSOR_FEATURES*)
                0x00000000661087d0                Palmtree::Math::Core::Internal::PMC_DivRem_X_I(Palmtree::Math::Core::Internal::__tag_PMC_HANDLE_UINT*, unsigned int, Palmtree::Math::Core::Internal::__tag_PMC_HANDLE_UINT**)
                0x0000000066108a80                Palmtree::Math::Core::Internal::PMC_DivRem_X_L(Palmtree::Math::Core::Internal::__tag_PMC_HANDLE_UINT*, unsigned long long, Palmtree::Math::Core::Internal::__tag_PMC_HANDLE_UINT**)
                0x0000000066108f10                Palmtree::Math::Core::Internal::PMC_DivRem_X_X(Palmtree::Math::Core::Internal::__tag_PMC_HANDLE_UINT*, Palmtree::Math::Core::Internal::__tag_PMC_HANDLE_UINT*, Palmtree::Math::Core::Internal::__tag_PMC_HANDLE_UINT**)
 .text          0x00000000661090b0      0x400 ../build/x64_Release/pmc_equals.o
                0x00000000661090b0                Palmtree::Math::Core::Internal::PMC_Equals_I_X(unsigned int, Palmtree::Math::Core::Internal::__tag_PMC_HANDLE_UINT*)
                0x0000000066109170                Palmtree::Math::Core::Internal::PMC_Equals_X_I(Palmtree::Math::Core::Internal::__tag_PMC_HANDLE_UINT*, unsigned int)
                0x0000000066109220                Palmtree::Math::Core::Internal::PMC_Equals_L_X(unsigned long long, Palmtree::Math::Core::Internal::__tag_PMC_HANDLE_UINT*)
                0x00000000661092e0                Palmtree::Math::Core::Internal::PMC_Equals_X_L(Palmtree::Math::Core::Internal::__tag_PMC_HANDLE_UINT*, unsigned long long)
                0x00000000661093a0                Palmtree::Math::Core::Internal::PMC_Equals_X_X(Palmtree::Math::Core::Internal::__tag_PMC_HANDLE_UINT*, Palmtree::Math::Core::Internal::__tag_PMC_HANDLE_UINT*)
                0x00000000661094a0                Palmtree::Math::Core::Internal::Initialize_Equals(Palmtree::Math::Core::Internal::_tag_PROCESSOR_FEATURES*)
 .text          0x00000000661094b0      0xb70 ../build/x64_Release/pmc_exclusiveor.o
                0x00000000661094b0                Palmtree::Math::Core::Internal::Initialize_ExclusiveOr(Palmtree::Math::Core::Internal::_tag_PROCESSOR_FEATURES*)
                0x00000000661095f0                Palmtree::Math::Core::Internal::PMC_ExclusiveOr_I_X(unsigned int, Palmtree::Math::Core::Internal::__tag_PMC_HANDLE_UINT*)
                0x00000000661096b0                Palmtree::Math::Core::Internal::PMC_ExclusiveOr_X_I(Palmtree::Math::Core::Internal::__tag_PMC_HANDLE_UINT*, unsigned int)
                0x00000000661098a0                Palmtree::Math::Core::Internal::PMC_ExclusiveOr_L_X(unsigned long long, Palmtree::Math::Core::Internal::__tag_PMC_HANDLE_UINT*)
                0x0000000066109960                Palmtree::Math::Core::Internal::PMC_ExclusiveOr_X_L(Palmtree::Math::Core::Internal::__tag_PMC_HANDLE_UINT*, unsigned long long)
                0x0000000066109a20                Palmtree::Math::Core::Internal::PMC_ExclusiveOr_X_X(Palmtree::Math::Core::Internal::__tag_PMC_HANDLE_UINT*, Palmtree::Math::Core::Internal::__tag_PMC_HANDLE_UINT*)
 .text          0x000000006610a020      0x1f0 ../build/x64_Release/pmc_from.o
                0x000000006610a020                Palmtree::Math::Core::Internal::Initialize_From(Palmtree::Math::Core::Internal::_tag_PROCESSOR_FEATURES*)
                0x000000006610a030                Palmtree::Math::Core::Internal::From_I_Imp(unsigned int)
                0x000000006610a0b0                Palmtree::Math::Core::Internal::From_L_Imp(unsigned long long)
                0x000000006610a130                Palmtree::Math::Core::Internal::PMC_From_I(unsigned int)
                0x000000006610a1a0                Palmtree::Math::Core::Internal::PMC_From_L(unsigned long long)
 .text          0x000000006610a210      0xd50 ../build/x64_Release/pmc_greatestcommondivisor.o
                0x000000006610a490                Palmtree::Math::Core::Internal::Initialize_GreatestCommonDivisor(Palmtree::Math::Core::Internal::_tag_PROCESSOR_FEATURES*)
                0x000000006610a6e0                Palmtree::Math::Core::Internal::PMC_GreatestCommonDivisor_I_X(unsigned int, Palmtree::Math::Core::Internal::__tag_PMC_HANDLE_UINT*)
                0x000000006610a7a0                Palmtree::Math::Core::Internal::PMC_GreatestCommonDivisor_X_I(Palmtree::Math::Core::Internal::__tag_PMC_HANDLE_UINT*, unsigned int)
                0x000000006610aaa0                Palmtree::Math::Core::Internal::PMC_GreatestCommonDivisor_L_X(unsigned long long, Palmtree::Math::Core::Internal::__tag_PMC_HANDLE_UINT*)
                0x000000006610ab60                Palmtree::Math::Core::Internal::PMC_GreatestCommonDivisor_X_L(Palmtree::Math::Core::Internal::__tag_PMC_HANDLE_UINT*, unsigned long long)
                0x000000006610ac20                Palmtree::Math::Core::Internal::PMC_GreatestCommonDivisor_X_X(Palmtree::Math::Core::Internal::__tag_PMC_HANDLE_UINT*, Palmtree::Math::Core::Internal::__tag_PMC_HANDLE_UINT*)
 .text          0x000000006610af60      0x700 ../build/x64_Release/pmc_initialize.o
                0x000000006610af60                Palmtree::Math::Core::Internal::PMC_GetConfigurationSettings(wchar_t const*, wchar_t*, int, int*)
                0x000000006610b050                PMC_UINT_Initialize
 .text          0x000000006610b660     0x18e0 ../build/x64_Release/pmc_interface_csharp.o
                0x000000006610b660                PMCCS_UINT_Initialize
                0x000000006610b680                PMCCS_GetConfigurationSettings
                0x000000006610b690                PMCCS_IS_EVEN
                0x000000006610b6b0                PMCCS_IS_ONE
                0x000000006610b6d0                PMCCS_IS_POWER_OF_TWO
                0x000000006610b6f0                PMCCS_IS_ZERO
                0x000000006610b710                PMCCS_GET_HASH_CODE
                0x000000006610b730                PMCCS_GetStatisticsInfo
                0x000000006610b740                PMCCS_From_I
                0x000000006610b790                PMCCS_From_L
                0x000000006610b7e0                PMCCS_Dispose
                0x000000006610b830                PMCCS_GetConstantValue_I
                0x000000006610b880                PMCCS_FromByteArray
                0x000000006610b8d0                PMCCS_ToByteArray
                0x000000006610b940                PMCCS_Clone_X
                0x000000006610b990                PMCCS_GetAllocatedMemorySize
                0x000000006610b9e0                PMCCS_To_X_I
                0x000000006610ba30                PMCCS_To_X_L
                0x000000006610ba80                PMCCS_ToString
                0x000000006610baf0                PMCCS_Parse
                0x000000006610bb70                PMCCS_TryParse
                0x000000006610bbe0                PMCCS_Add_I_X
                0x000000006610bc30                PMCCS_Add_L_X
                0x000000006610bc80                PMCCS_Add_X_I
                0x000000006610bcd0                PMCCS_Add_X_L
                0x000000006610bd20                PMCCS_Add_X_X
                0x000000006610bd70                PMCCS_Subtruct_I_X
                0x000000006610bdc0                PMCCS_Subtruct_L_X
                0x000000006610be10                PMCCS_Subtruct_X_I
                0x000000006610be60                PMCCS_Subtruct_X_L
                0x000000006610beb0                PMCCS_Subtruct_X_X
                0x000000006610bf00                PMCCS_Multiply_I_X
                0x000000006610bf50                PMCCS_Multiply_L_X
                0x000000006610bfa0                PMCCS_Multiply_X_I
                0x000000006610bff0                PMCCS_Multiply_X_L
                0x000000006610c040                PMCCS_Multiply_X_X
                0x000000006610c090                PMCCS_DivRem_I_X
                0x000000006610c0e0                PMCCS_DivRem_L_X
                0x000000006610c130                PMCCS_DivRem_X_I
                0x000000006610c180                PMCCS_DivRem_X_L
                0x000000006610c1d0                PMCCS_DivRem_X_X
                0x000000006610c220                PMCCS_Remainder_I_X
                0x000000006610c270                PMCCS_Remainder_L_X
                0x000000006610c2c0                PMCCS_Remainder_X_I
                0x000000006610c310                PMCCS_Remainder_X_L
                0x000000006610c360                PMCCS_Remainder_X_X
                0x000000006610c3b0                PMCCS_RightShift_X_I
                0x000000006610c400                PMCCS_LeftShift_X_I
                0x000000006610c450                PMCCS_BitwiseAnd_I_X
                0x000000006610c4a0                PMCCS_BitwiseAnd_L_X
                0x000000006610c4f0                PMCCS_BitwiseAnd_X_I
                0x000000006610c540                PMCCS_BitwiseAnd_X_L
                0x000000006610c590                PMCCS_BitwiseAnd_X_X
                0x000000006610c5e0                PMCCS_BitwiseOr_I_X
                0x000000006610c630                PMCCS_BitwiseOr_L_X
                0x000000006610c680                PMCCS_BitwiseOr_X_I
                0x000000006610c6d0                PMCCS_BitwiseOr_X_L
                0x000000006610c720                PMCCS_BitwiseOr_X_X
                0x000000006610c770                PMCCS_ExclusiveOr_I_X
                0x000000006610c7c0                PMCCS_ExclusiveOr_L_X
                0x000000006610c810                PMCCS_ExclusiveOr_X_I
                0x000000006610c860                PMCCS_ExclusiveOr_X_L
                0x000000006610c8b0                PMCCS_ExclusiveOr_X_X
                0x000000006610c900                PMCCS_Compare_I_X
                0x000000006610c950                PMCCS_Compare_L_X
                0x000000006610c9a0                PMCCS_Compare_X_I
                0x000000006610c9f0                PMCCS_Compare_X_L
                0x000000006610ca40                PMCCS_Compare_X_X
                0x000000006610ca90                PMCCS_Equals_I_X
                0x000000006610cae0                PMCCS_Equals_L_X
                0x000000006610cb30                PMCCS_Equals_X_I
                0x000000006610cb80                PMCCS_Equals_X_L
                0x000000006610cbd0                PMCCS_Equals_X_X
                0x000000006610cc20                PMCCS_GreatestCommonDivisor_I_X
                0x000000006610cc70                PMCCS_GreatestCommonDivisor_L_X
                0x000000006610ccc0                PMCCS_GreatestCommonDivisor_X_I
                0x000000006610cd10                PMCCS_GreatestCommonDivisor_X_L
                0x000000006610cd60                PMCCS_GreatestCommonDivisor_X_X
                0x000000006610cdb0                PMCCS_Pow_X_I
                0x000000006610ce00                PMCCS_Pow_X_L
                0x000000006610ce50                PMCCS_ModPow_X_X_X
                0x000000006610cea0                PMCCS_TimesOfExponentOf10
                0x000000006610cef0                PMCCS_Floor_Log10
 .text          0x000000006610cf40      0x230 ../build/x64_Release/pmc_log.o
                0x000000006610cf40                Palmtree::Math::Core::Internal::Initialize_Log(Palmtree::Math::Core::Internal::_tag_PROCESSOR_FEATURES*)
                0x000000006610cf60                Palmtree::Math::Core::Internal::PMC_Floor_Log10_Imp(Palmtree::Math::Core::Internal::__tag_NUMBER_HEADER*)
                0x000000006610d100                Palmtree::Math::Core::Internal::PMC_Floor_Log10(Palmtree::Math::Core::Internal::__tag_PMC_HANDLE_UINT*)
 .text          0x000000006610d170     0x2190 ../build/x64_Release/pmc_memory.o
                0x000000006610d410                Palmtree::Math::Core::Internal::ResourceHolderUINT::__GenericChainBufferTag::~__GenericChainBufferTag()
                0x000000006610d410                Palmtree::Math::Core::Internal::ResourceHolderUINT::__GenericChainBufferTag::~__GenericChainBufferTag()
                0x000000006610d430                Palmtree::Math::Core::Internal::ResourceHolderUINT::__GenericChainBufferTag::EqualsBufferAddress(void*)
                0x000000006610d440                Palmtree::Math::Core::Internal::ResourceHolderUINT::____UNIT_TYPE_Array_ChainBufferTag::~____UNIT_TYPE_Array_ChainBufferTag()
                0x000000006610d440                Palmtree::Math::Core::Internal::ResourceHolderUINT::____UNIT_TYPE_Array_ChainBufferTag::~____UNIT_TYPE_Array_ChainBufferTag()
                0x000000006610d460                Palmtree::Math::Core::Internal::ResourceHolderUINT::____UNIT_TYPE_Array_ChainBufferTag::EqualsBufferAddress(void*)
                0x000000006610d470                Palmtree::Math::Core::Internal::ResourceHolderUINT::____UNIT_TYPE_Array_ChainBufferTag::Clear()
                0x000000006610d480                Palmtree::Math::Core::Internal::ResourceHolderUINT::__StringChainBufferTag::~__StringChainBufferTag()
                0x000000006610d480                Palmtree::Math::Core::Internal::ResourceHolderUINT::__StringChainBufferTag::~__StringChainBufferTag()
                0x000000006610d4a0                Palmtree::Math::Core::Internal::ResourceHolderUINT::__StringChainBufferTag::EqualsBufferAddress(void*)
                0x000000006610d4b0                Palmtree::Math::Core::Internal::ResourceHolderUINT::__StringChainBufferTag::Clear()
                0x000000006610d4c0                Palmtree::Math::Core::Internal::ResourceHolderUINT::__DynamicNumberChainBufferTag::~__DynamicNumberChainBufferTag()
                0x000000006610d4c0                Palmtree::Math::Core::Internal::ResourceHolderUINT::__DynamicNumberChainBufferTag::~__DynamicNumberChainBufferTag()
                0x000000006610d4e0                Palmtree::Math::Core::Internal::ResourceHolderUINT::__DynamicNumberChainBufferTag::EqualsBufferAddress(void*)
                0x000000006610d4f0                Palmtree::Math::Core::Internal::ResourceHolderUINT::__NumberHandleHookingChainBufferTag::~__NumberHandleHookingChainBufferTag()
                0x000000006610d4f0                Palmtree::Math::Core::Internal::ResourceHolderUINT::__NumberHandleHookingChainBufferTag::~__NumberHandleHookingChainBufferTag()
                0x000000006610d510                Palmtree::Math::Core::Internal::ResourceHolderUINT::__NumberHandleHookingChainBufferTag::EqualsBufferAddress(void*)
                0x000000006610d520                Palmtree::Math::Core::Internal::ResourceHolderUINT::__StaticNumberChainBufferTag::Check()
                0x000000006610d520                Palmtree::Math::Core::Internal::ResourceHolderUINT::__NumberHandleHookingChainBufferTag::Check()
                0x000000006610d530                Palmtree::Math::Core::Internal::ResourceHolderUINT::__StaticNumberChainBufferTag::~__StaticNumberChainBufferTag()
                0x000000006610d530                Palmtree::Math::Core::Internal::ResourceHolderUINT::__StaticNumberChainBufferTag::~__StaticNumberChainBufferTag()
                0x000000006610d550                Palmtree::Math::Core::Internal::ResourceHolderUINT::__StaticNumberChainBufferTag::EqualsBufferAddress(void*)
                0x000000006610d560                Palmtree::Math::Core::Internal::ResourceHolderUINT::__GenericChainBufferTag::~__GenericChainBufferTag()
                0x000000006610d590                Palmtree::Math::Core::Internal::ResourceHolderUINT::____UNIT_TYPE_Array_ChainBufferTag::~____UNIT_TYPE_Array_ChainBufferTag()
                0x000000006610d5c0                Palmtree::Math::Core::Internal::ResourceHolderUINT::__StringChainBufferTag::~__StringChainBufferTag()
                0x000000006610d5f0                Palmtree::Math::Core::Internal::ResourceHolderUINT::__DynamicNumberChainBufferTag::~__DynamicNumberChainBufferTag()
                0x000000006610d620                Palmtree::Math::Core::Internal::ResourceHolderUINT::__NumberHandleHookingChainBufferTag::~__NumberHandleHookingChainBufferTag()
                0x000000006610d650                Palmtree::Math::Core::Internal::ResourceHolderUINT::__StaticNumberChainBufferTag::~__StaticNumberChainBufferTag()
                0x000000006610d680                Palmtree::Math::Core::Internal::ResourceHolderUINT::__GenericChainBufferTag::Destruct()
                0x000000006610d6d0                Palmtree::Math::Core::Internal::ResourceHolderUINT::__StaticNumberChainBufferTag::Destruct()
                0x000000006610d710                Palmtree::Math::Core::Internal::ResourceHolderUINT::____UNIT_TYPE_Array_ChainBufferTag::Destruct()
                0x000000006610d730                Palmtree::Math::Core::Internal::ResourceHolderUINT::__StringChainBufferTag::Destruct()
                0x000000006610d7c0                Palmtree::Math::Core::Internal::ResourceHolderUINT::__DynamicNumberChainBufferTag::Destruct()
                0x000000006610d7e0                Palmtree::Math::Core::Internal::ResourceHolderUINT::__NumberHandleHookingChainBufferTag::Destruct()
                0x000000006610da20                Palmtree::Math::Core::Internal::ResourceHolderUINT::____UNIT_TYPE_Array_ChainBufferTag::Check()
                0x000000006610da40                Palmtree::Math::Core::Internal::ResourceHolderUINT::__StringChainBufferTag::Check()
                0x000000006610da60                Palmtree::Math::Core::Internal::ResourceHolderUINT::~ResourceHolderUINT()
                0x000000006610da60                Palmtree::Math::Core::Internal::ResourceHolderUINT::~ResourceHolderUINT()
                0x000000006610db00                Palmtree::Math::Core::Internal::ResourceHolderUINT::~ResourceHolderUINT()
                0x000000006610dbb0                Palmtree::Math::Core::Internal::CommitNumber(Palmtree::Math::Core::Internal::__tag_NUMBER_HEADER*)
                0x000000006610dd60                Palmtree::Math::Core::Internal::CheckNumber(Palmtree::Math::Core::Internal::__tag_NUMBER_HEADER*)
                0x000000006610ddf0                Palmtree::Math::Core::Internal::ResourceHolderUINT::__DynamicNumberChainBufferTag::Check()
                0x000000006610de00                Palmtree::Math::Core::Internal::PMC_GetConstantValue_I(int)
                0x000000006610de80                Palmtree::Math::Core::Internal::PMC_Dispose(Palmtree::Math::Core::Internal::__tag_PMC_HANDLE_UINT*)
                0x000000006610deb0                Palmtree::Math::Core::Internal::Lock::Lock()
                0x000000006610deb0                Palmtree::Math::Core::Internal::Lock::Lock()
                0x000000006610dec0                Palmtree::Math::Core::Internal::Lock::~Lock()
                0x000000006610dec0                Palmtree::Math::Core::Internal::Lock::~Lock()
                0x000000006610ded0                Palmtree::Math::Core::Internal::ResourceHolderUINT::__GenericChainBufferTag::__GenericChainBufferTag(void*)
                0x000000006610ded0                Palmtree::Math::Core::Internal::ResourceHolderUINT::__GenericChainBufferTag::__GenericChainBufferTag(void*)
                0x000000006610def0                Palmtree::Math::Core::Internal::ResourceHolderUINT::____UNIT_TYPE_Array_ChainBufferTag::____UNIT_TYPE_Array_ChainBufferTag(unsigned long long*, unsigned long long, unsigned long long)
                0x000000006610def0                Palmtree::Math::Core::Internal::ResourceHolderUINT::____UNIT_TYPE_Array_ChainBufferTag::____UNIT_TYPE_Array_ChainBufferTag(unsigned long long*, unsigned long long, unsigned long long)
                0x000000006610df10                Palmtree::Math::Core::Internal::ResourceHolderUINT::__StringChainBufferTag::__StringChainBufferTag(unsigned long long*, unsigned long long, unsigned long long)
                0x000000006610df10                Palmtree::Math::Core::Internal::ResourceHolderUINT::__StringChainBufferTag::__StringChainBufferTag(unsigned long long*, unsigned long long, unsigned long long)
                0x000000006610df30                Palmtree::Math::Core::Internal::ResourceHolderUINT::__DynamicNumberChainBufferTag::__DynamicNumberChainBufferTag(Palmtree::Math::Core::Internal::__tag_NUMBER_HEADER*)
                0x000000006610df30                Palmtree::Math::Core::Internal::ResourceHolderUINT::__DynamicNumberChainBufferTag::__DynamicNumberChainBufferTag(Palmtree::Math::Core::Internal::__tag_NUMBER_HEADER*)
                0x000000006610df50                Palmtree::Math::Core::Internal::ResourceHolderUINT::__NumberHandleHookingChainBufferTag::__NumberHandleHookingChainBufferTag(Palmtree::Math::Core::Internal::__tag_NUMBER_HEADER*)
                0x000000006610df50                Palmtree::Math::Core::Internal::ResourceHolderUINT::__NumberHandleHookingChainBufferTag::__NumberHandleHookingChainBufferTag(Palmtree::Math::Core::Internal::__tag_NUMBER_HEADER*)
                0x000000006610df70                Palmtree::Math::Core::Internal::ResourceHolderUINT::__StaticNumberChainBufferTag::__StaticNumberChainBufferTag(Palmtree::Math::Core::Internal::__tag_NUMBER_HEADER*)
                0x000000006610df70                Palmtree::Math::Core::Internal::ResourceHolderUINT::__StaticNumberChainBufferTag::__StaticNumberChainBufferTag(Palmtree::Math::Core::Internal::__tag_NUMBER_HEADER*)
                0x000000006610df90                Palmtree::Math::Core::Internal::ResourceHolderUINT::ResourceHolderUINT()
                0x000000006610df90                Palmtree::Math::Core::Internal::ResourceHolderUINT::ResourceHolderUINT()
                0x000000006610dfc0                Palmtree::Math::Core::Internal::ResourceHolderUINT::AllocateBytes(unsigned long long)
                0x000000006610e0a0                Palmtree::Math::Core::Internal::ResourceHolderUINT::DeallocateBytes(void*)
                0x000000006610e150                Palmtree::Math::Core::Internal::ResourceHolderUINT::UnlinkBytes(void*)
                0x000000006610e350                Palmtree::Math::Core::Internal::DuplicateNumber(Palmtree::Math::Core::Internal::__tag_NUMBER_HEADER*)
                0x000000006610e3c0                Palmtree::Math::Core::Internal::ResourceHolderUINT::AllocateBlock(unsigned long long)
                0x000000006610e470                Palmtree::Math::Core::Internal::ResourceHolderUINT::ClearBlock(unsigned long long*)
                0x000000006610e540                Palmtree::Math::Core::Internal::ResourceHolderUINT::DeallocateBlock(unsigned long long*)
                0x000000006610e5f0                Palmtree::Math::Core::Internal::ResourceHolderUINT::CheckBlock(unsigned long long*)
                0x000000006610e600                Palmtree::Math::Core::Internal::ResourceHolderUINT::UnlinkBlock(unsigned long long*)
                0x000000006610e6e0                Palmtree::Math::Core::Internal::ResourceHolderUINT::AllocateString(unsigned long long)
                0x000000006610e790                Palmtree::Math::Core::Internal::ResourceHolderUINT::ClearString(wchar_t*)
                0x000000006610e860                Palmtree::Math::Core::Internal::ResourceHolderUINT::DeallocateString(wchar_t*)
                0x000000006610e910                Palmtree::Math::Core::Internal::ResourceHolderUINT::CheckString(wchar_t*)
                0x000000006610e920                Palmtree::Math::Core::Internal::ResourceHolderUINT::UnlinkString(wchar_t*)
                0x000000006610ea00                Palmtree::Math::Core::Internal::ResourceHolderUINT::AllocateNumber(unsigned long long)
                0x000000006610ea90                Palmtree::Math::Core::Internal::ResourceHolderUINT::HookNumber(Palmtree::Math::Core::Internal::__tag_NUMBER_HEADER*)
                0x000000006610eb10                Palmtree::Math::Core::Internal::ResourceHolderUINT::DeallocateNumber(Palmtree::Math::Core::Internal::__tag_NUMBER_HEADER*)
                0x000000006610ebc0                Palmtree::Math::Core::Internal::ResourceHolderUINT::CheckNumber(Palmtree::Math::Core::Internal::__tag_NUMBER_HEADER*)
                0x000000006610ebd0                Palmtree::Math::Core::Internal::ResourceHolderUINT::UnlinkNumber(Palmtree::Math::Core::Internal::__tag_NUMBER_HEADER*)
                0x000000006610ecb0                Palmtree::Math::Core::Internal::PMC_Clone_X(Palmtree::Math::Core::Internal::__tag_PMC_HANDLE_UINT*)
                0x000000006610ee60                Palmtree::Math::Core::Internal::ResourceHolderUINT::AttatchStaticNumber(Palmtree::Math::Core::Internal::__tag_NUMBER_HEADER*, unsigned long long)
                0x000000006610eef0                Palmtree::Math::Core::Internal::ResourceHolderUINT::DetatchStaticNumber(Palmtree::Math::Core::Internal::__tag_NUMBER_HEADER*)
                0x000000006610ef00                Palmtree::Math::Core::Internal::ResourceHolderUINT::UnlinkStatickNumber(Palmtree::Math::Core::Internal::__tag_NUMBER_HEADER*)
                0x000000006610efe0                Palmtree::Math::Core::Internal::PMC_GetAllocatedMemorySize()
                0x000000006610f120                Palmtree::Math::Core::Internal::Initialize_Memory(Palmtree::Math::Core::Internal::_tag_PROCESSOR_FEATURES*)
                0x000000006610f2a0                Palmtree::Math::Core::Internal::AllocateHeapArea()
                0x000000006610f2d0                Palmtree::Math::Core::Internal::DeallocateHeapArea()
 .text          0x000000006610f300      0x850 ../build/x64_Release/pmc_modpow.o
                0x000000006610f300                Palmtree::Math::Core::Internal::exception_filter(unsigned long)
                0x000000006610f310                Palmtree::Math::Core::Internal::Initialize_ModPow(Palmtree::Math::Core::Internal::_tag_PROCESSOR_FEATURES*)
                0x000000006610f320                Palmtree::Math::Core::Internal::PMC_ModPow_X_X_X(Palmtree::Math::Core::Internal::__tag_PMC_HANDLE_UINT*, Palmtree::Math::Core::Internal::__tag_PMC_HANDLE_UINT*, Palmtree::Math::Core::Internal::__tag_PMC_HANDLE_UINT*)
 .text          0x000000006610fb50     0x1ee0 ../build/x64_Release/pmc_multiply.o
                0x00000000661112e0                Palmtree::Math::Core::Internal::Multiply_X_X_Imp(unsigned long long*, unsigned long long, unsigned long long*, unsigned long long, unsigned long long*)
                0x00000000661112f0                Palmtree::Math::Core::Internal::Initialize_Multiply(Palmtree::Math::Core::Internal::_tag_PROCESSOR_FEATURES*)
                0x0000000066111340                Palmtree::Math::Core::Internal::PMC_Multiply_X_I_Imp(Palmtree::Math::Core::Internal::__tag_NUMBER_HEADER*, unsigned int)
                0x0000000066111450                Palmtree::Math::Core::Internal::PMC_Multiply_I_X(unsigned int, Palmtree::Math::Core::Internal::__tag_PMC_HANDLE_UINT*)
                0x0000000066111510                Palmtree::Math::Core::Internal::PMC_Multiply_X_I(Palmtree::Math::Core::Internal::__tag_PMC_HANDLE_UINT*, unsigned int)
                0x00000000661116f0                Palmtree::Math::Core::Internal::PMC_Multiply_L_X(unsigned long long, Palmtree::Math::Core::Internal::__tag_PMC_HANDLE_UINT*)
                0x00000000661117b0                Palmtree::Math::Core::Internal::PMC_Multiply_X_L(Palmtree::Math::Core::Internal::__tag_PMC_HANDLE_UINT*, unsigned long long)
                0x0000000066111870                Palmtree::Math::Core::Internal::PMC_Multiply_X_X(Palmtree::Math::Core::Internal::__tag_PMC_HANDLE_UINT*, Palmtree::Math::Core::Internal::__tag_PMC_HANDLE_UINT*)
 .text          0x0000000066111a30     0x2d70 ../build/x64_Release/pmc_parse.o
                0x00000000661132e0                Palmtree::Math::Core::Internal::Initialize_Parse(Palmtree::Math::Core::Internal::_tag_PROCESSOR_FEATURES*)
                0x0000000066114530                Palmtree::Math::Core::Internal::PMC_TryParseForSINT(wchar_t const*, int, Palmtree::Math::Core::Internal::__tag_PMC_NUMBER_FORMAT_INFO const*, char*, Palmtree::Math::Core::Internal::__tag_PMC_HANDLE_UINT**, unsigned int*)
                0x0000000066114640                Palmtree::Math::Core::Internal::PMC_TryParse(wchar_t const*, int, Palmtree::Math::Core::Internal::__tag_PMC_NUMBER_FORMAT_INFO const*, Palmtree::Math::Core::Internal::__tag_PMC_HANDLE_UINT**, unsigned int*)
 .text          0x00000000661147a0      0x810 ../build/x64_Release/pmc_pow.o
                0x00000000661147a0                Palmtree::Math::Core::Internal::Initialize_Pow(Palmtree::Math::Core::Internal::_tag_PROCESSOR_FEATURES*)
                0x00000000661147b0                Palmtree::Math::Core::Internal::PMC_Pow_X_I_Imp(Palmtree::Math::Core::Internal::__tag_NUMBER_HEADER*, unsigned int)
                0x0000000066114a80                Palmtree::Math::Core::Internal::PMC_Pow_X_L_Imp(Palmtree::Math::Core::Internal::__tag_NUMBER_HEADER*, unsigned long long)
                0x0000000066114d50                Palmtree::Math::Core::Internal::PMC_Pow_X_I(Palmtree::Math::Core::Internal::__tag_PMC_HANDLE_UINT*, unsigned int)
                0x0000000066114e10                Palmtree::Math::Core::Internal::PMC_Pow_X_L(Palmtree::Math::Core::Internal::__tag_PMC_HANDLE_UINT*, unsigned long long)
                0x0000000066114ed0                Palmtree::Math::Core::Internal::PMC_TimesOfExponentOf10_Imp(unsigned int, unsigned long long)
                0x0000000066114fa0                Palmtree::Math::Core::Internal::PMC_TimesOfExponentOf10(unsigned int, unsigned int)
 .text          0x0000000066114fb0     0x13e0 ../build/x64_Release/pmc_shift.o
                0x0000000066114fb0                Palmtree::Math::Core::Internal::RightShift_Imp(unsigned long long*, unsigned long long, unsigned long long, unsigned long long*, int)
                0x00000000661157e0                Palmtree::Math::Core::Internal::LeftShift_Imp(unsigned long long*, unsigned long long, unsigned long long, unsigned long long*, int)
                0x0000000066115fe0                Palmtree::Math::Core::Internal::Initialize_Shift(Palmtree::Math::Core::Internal::_tag_PROCESSOR_FEATURES*)
                0x00000000661161d0                Palmtree::Math::Core::Internal::PMC_RightShift_X_I(Palmtree::Math::Core::Internal::__tag_PMC_HANDLE_UINT*, int)
                0x00000000661162b0                Palmtree::Math::Core::Internal::PMC_LeftShift_X_I(Palmtree::Math::Core::Internal::__tag_PMC_HANDLE_UINT*, int)
 .text          0x0000000066116390       0x30 ../build/x64_Release/pmc_statistics.o
                0x0000000066116390                Palmtree::Math::Core::Internal::PMC_GetStatisticsInfo(Palmtree::Math::Core::Internal::__tag_PMC_STATISTICS_INFO*)
 .text          0x00000000661163c0      0xe20 ../build/x64_Release/pmc_subtruct.o
                0x0000000066116470                Palmtree::Math::Core::Internal::Subtruct_Imp(unsigned long long*, unsigned long long, unsigned long long*, unsigned long long, unsigned long long*, unsigned long long)
                0x0000000066116930                Palmtree::Math::Core::Internal::PMC_Subtruct_I_X(unsigned int, Palmtree::Math::Core::Internal::__tag_PMC_HANDLE_UINT*)
                0x0000000066116a30                Palmtree::Math::Core::Internal::PMC_Subtruct_L_X(unsigned long long, Palmtree::Math::Core::Internal::__tag_PMC_HANDLE_UINT*)
                0x0000000066116b30                Palmtree::Math::Core::Internal::Initialize_Subtruct(Palmtree::Math::Core::Internal::_tag_PROCESSOR_FEATURES*)
                0x0000000066116b40                Palmtree::Math::Core::Internal::PMC_Subtruct_X_I(Palmtree::Math::Core::Internal::__tag_PMC_HANDLE_UINT*, unsigned int)
                0x0000000066116d60                Palmtree::Math::Core::Internal::PMC_Subtruct_X_L(Palmtree::Math::Core::Internal::__tag_PMC_HANDLE_UINT*, unsigned long long)
                0x0000000066116f80                Palmtree::Math::Core::Internal::PMC_Subtruct_X_X(Palmtree::Math::Core::Internal::__tag_PMC_HANDLE_UINT*, Palmtree::Math::Core::Internal::__tag_PMC_HANDLE_UINT*)
 .text          0x00000000661171e0      0x100 ../build/x64_Release/pmc_to.o
                0x00000000661171e0                Palmtree::Math::Core::Internal::PMC_To_X_I(Palmtree::Math::Core::Internal::__tag_PMC_HANDLE_UINT*)
                0x0000000066117250                Palmtree::Math::Core::Internal::PMC_To_X_L(Palmtree::Math::Core::Internal::__tag_PMC_HANDLE_UINT*)
                0x00000000661172d0                Palmtree::Math::Core::Internal::Initialize_To(Palmtree::Math::Core::Internal::_tag_PROCESSOR_FEATURES*)
 .text          0x00000000661172e0     0x2ca0 ../build/x64_Release/pmc_tostring.o
                0x0000000066117be0                Palmtree::Math::Core::Internal::InitializeNumberFormatoInfo(Palmtree::Math::Core::Internal::__tag_PMC_NUMBER_FORMAT_INFO*)
                0x0000000066117d10                Palmtree::Math::Core::Internal::PMC_InitializeNumberFormatInfo(Palmtree::Math::Core::Internal::__tag_PMC_NUMBER_FORMAT_INFO*)
                0x0000000066117d20                Palmtree::Math::Core::Internal::Initialize_ToString(Palmtree::Math::Core::Internal::_tag_PROCESSOR_FEATURES*)
                0x0000000066118a40                Palmtree::Math::Core::Internal::PMC_ToString(Palmtree::Math::Core::Internal::__tag_PMC_HANDLE_UINT*, wchar_t const*, Palmtree::Math::Core::Internal::__tag_PMC_NUMBER_FORMAT_INFO const*, wchar_t*, unsigned long long)
 .text          0x0000000066119f80        0x8 C:/GNU/MINGW64/x86_64-8.1.0-win32-seh-rt_v6-rev0/mingw64/bin/../lib/gcc/x86_64-w64-mingw32/8.1.0/../../../../x86_64-w64-mingw32/lib/../lib\libkernel32.a(dqifs01555.o)
                0x0000000066119f80                lstrlenW
 .text          0x0000000066119f88        0x8 C:/GNU/MINGW64/x86_64-8.1.0-win32-seh-rt_v6-rev0/mingw64/bin/../lib/gcc/x86_64-w64-mingw32/8.1.0/../../../../x86_64-w64-mingw32/lib/../lib\libkernel32.a(dqifs01549.o)
                0x0000000066119f88                lstrcpyW
 .text          0x0000000066119f90        0x8 C:/GNU/MINGW64/x86_64-8.1.0-win32-seh-rt_v6-rev0/mingw64/bin/../lib/gcc/x86_64-w64-mingw32/8.1.0/../../../../x86_64-w64-mingw32/lib/../lib\libkernel32.a(dqifs01543.o)
                0x0000000066119f90                lstrcmpW
 .text          0x0000000066119f98        0x8 C:/GNU/MINGW64/x86_64-8.1.0-win32-seh-rt_v6-rev0/mingw64/bin/../lib/gcc/x86_64-w64-mingw32/8.1.0/../../../../x86_64-w64-mingw32/lib/../lib\libkernel32.a(dqifs01360.o)
                0x0000000066119f98                Sleep
 .text          0x0000000066119fa0        0x8 C:/GNU/MINGW64/x86_64-8.1.0-win32-seh-rt_v6-rev0/mingw64/bin/../lib/gcc/x86_64-w64-mingw32/8.1.0/../../../../x86_64-w64-mingw32/lib/../lib\libkernel32.a(dqifs00951.o)
                0x0000000066119fa0                LeaveCriticalSection
 .text          0x0000000066119fa8        0x8 C:/GNU/MINGW64/x86_64-8.1.0-win32-seh-rt_v6-rev0/mingw64/bin/../lib/gcc/x86_64-w64-mingw32/8.1.0/../../../../x86_64-w64-mingw32/lib/../lib\libkernel32.a(dqifs00863.o)
                0x0000000066119fa8                InitializeCriticalSection
 .text          0x0000000066119fb0        0x8 C:/GNU/MINGW64/x86_64-8.1.0-win32-seh-rt_v6-rev0/mingw64/bin/../lib/gcc/x86_64-w64-mingw32/8.1.0/../../../../x86_64-w64-mingw32/lib/../lib\libkernel32.a(dqifs00852.o)
                0x0000000066119fb0                HeapWalk
 .text          0x0000000066119fb8        0x8 C:/GNU/MINGW64/x86_64-8.1.0-win32-seh-rt_v6-rev0/mingw64/bin/../lib/gcc/x86_64-w64-mingw32/8.1.0/../../../../x86_64-w64-mingw32/lib/../lib\libkernel32.a(dqifs00849.o)
                0x0000000066119fb8                HeapUnlock
 .text          0x0000000066119fc0        0x8 C:/GNU/MINGW64/x86_64-8.1.0-win32-seh-rt_v6-rev0/mingw64/bin/../lib/gcc/x86_64-w64-mingw32/8.1.0/../../../../x86_64-w64-mingw32/lib/../lib\libkernel32.a(dqifs00842.o)
                0x0000000066119fc0                HeapLock
 .text          0x0000000066119fc8        0x8 C:/GNU/MINGW64/x86_64-8.1.0-win32-seh-rt_v6-rev0/mingw64/bin/../lib/gcc/x86_64-w64-mingw32/8.1.0/../../../../x86_64-w64-mingw32/lib/../lib\libkernel32.a(dqifs00841.o)
                0x0000000066119fc8                HeapFree
 .text          0x0000000066119fd0        0x8 C:/GNU/MINGW64/x86_64-8.1.0-win32-seh-rt_v6-rev0/mingw64/bin/../lib/gcc/x86_64-w64-mingw32/8.1.0/../../../../x86_64-w64-mingw32/lib/../lib\libkernel32.a(dqifs00839.o)
                0x0000000066119fd0                HeapDestroy
 .text          0x0000000066119fd8        0x8 C:/GNU/MINGW64/x86_64-8.1.0-win32-seh-rt_v6-rev0/mingw64/bin/../lib/gcc/x86_64-w64-mingw32/8.1.0/../../../../x86_64-w64-mingw32/lib/../lib\libkernel32.a(dqifs00837.o)
                0x0000000066119fd8                HeapCreate
 .text          0x0000000066119fe0        0x8 C:/GNU/MINGW64/x86_64-8.1.0-win32-seh-rt_v6-rev0/mingw64/bin/../lib/gcc/x86_64-w64-mingw32/8.1.0/../../../../x86_64-w64-mingw32/lib/../lib\libkernel32.a(dqifs00835.o)
                0x0000000066119fe0                HeapAlloc
 .text          0x0000000066119fe8        0x8 C:/GNU/MINGW64/x86_64-8.1.0-win32-seh-rt_v6-rev0/mingw64/bin/../lib/gcc/x86_64-w64-mingw32/8.1.0/../../../../x86_64-w64-mingw32/lib/../lib\libkernel32.a(dqifs00609.o)
                0x0000000066119fe8                GetLastError
 .text          0x0000000066119ff0        0x8 C:/GNU/MINGW64/x86_64-8.1.0-win32-seh-rt_v6-rev0/mingw64/bin/../lib/gcc/x86_64-w64-mingw32/8.1.0/../../../../x86_64-w64-mingw32/lib/../lib\libkernel32.a(dqifs00304.o)
                0x0000000066119ff0                EnterCriticalSection
 *fill*         0x0000000066119ff8        0x8 
 .text          0x000000006611a000        0x0 C:/GNU/MINGW64/x86_64-8.1.0-win32-seh-rt_v6-rev0/mingw64/bin/../lib/gcc/x86_64-w64-mingw32/8.1.0/../../../../x86_64-w64-mingw32/lib/../lib\libkernel32.a(dqifh.o)
 .text          0x000000006611a000        0x0 C:/GNU/MINGW64/x86_64-8.1.0-win32-seh-rt_v6-rev0/mingw64/bin/../lib/gcc/x86_64-w64-mingw32/8.1.0/../../../../x86_64-w64-mingw32/lib/../lib\libkernel32.a(dqift.o)
 .text          0x000000006611a000        0x8 C:/GNU/MINGW64/x86_64-8.1.0-win32-seh-rt_v6-rev0/mingw64/bin/../lib/gcc/x86_64-w64-mingw32/8.1.0/../../../../x86_64-w64-mingw32/lib/../lib\libuser32.a(dyqes00958.o)
                0x000000006611a000                wsprintfW
 *fill*         0x000000006611a008        0x8 
 .text          0x000000006611a010        0x0 C:/GNU/MINGW64/x86_64-8.1.0-win32-seh-rt_v6-rev0/mingw64/bin/../lib/gcc/x86_64-w64-mingw32/8.1.0/../../../../x86_64-w64-mingw32/lib/../lib\libuser32.a(dyqeh.o)
 .text          0x000000006611a010        0x0 C:/GNU/MINGW64/x86_64-8.1.0-win32-seh-rt_v6-rev0/mingw64/bin/../lib/gcc/x86_64-w64-mingw32/8.1.0/../../../../x86_64-w64-mingw32/lib/../lib\libuser32.a(dyqet.o)
 .text          0x000000006611a010        0x0 C:/GNU/MINGW64/x86_64-8.1.0-win32-seh-rt_v6-rev0/mingw64/bin/../lib/gcc/x86_64-w64-mingw32/8.1.0\libstdc++.a(class_type_info.o)
 .text          0x000000006611a010        0x0 C:/GNU/MINGW64/x86_64-8.1.0-win32-seh-rt_v6-rev0/mingw64/bin/../lib/gcc/x86_64-w64-mingw32/8.1.0\libstdc++.a(del_ops.o)
 .text          0x000000006611a010        0x0 C:/GNU/MINGW64/x86_64-8.1.0-win32-seh-rt_v6-rev0/mingw64/bin/../lib/gcc/x86_64-w64-mingw32/8.1.0\libstdc++.a(eh_alloc.o)
 .text          0x000000006611a010        0x0 C:/GNU/MINGW64/x86_64-8.1.0-win32-seh-rt_v6-rev0/mingw64/bin/../lib/gcc/x86_64-w64-mingw32/8.1.0\libstdc++.a(eh_catch.o)
 .text          0x000000006611a010        0x0 C:/GNU/MINGW64/x86_64-8.1.0-win32-seh-rt_v6-rev0/mingw64/bin/../lib/gcc/x86_64-w64-mingw32/8.1.0\libstdc++.a(eh_exception.o)
 .text          0x000000006611a010        0x0 C:/GNU/MINGW64/x86_64-8.1.0-win32-seh-rt_v6-rev0/mingw64/bin/../lib/gcc/x86_64-w64-mingw32/8.1.0\libstdc++.a(eh_globals.o)
 .text          0x000000006611a010        0x0 C:/GNU/MINGW64/x86_64-8.1.0-win32-seh-rt_v6-rev0/mingw64/bin/../lib/gcc/x86_64-w64-mingw32/8.1.0\libstdc++.a(eh_personality.o)
 .text          0x000000006611a010        0x0 C:/GNU/MINGW64/x86_64-8.1.0-win32-seh-rt_v6-rev0/mingw64/bin/../lib/gcc/x86_64-w64-mingw32/8.1.0\libstdc++.a(eh_terminate.o)
 .text          0x000000006611a010        0x0 C:/GNU/MINGW64/x86_64-8.1.0-win32-seh-rt_v6-rev0/mingw64/bin/../lib/gcc/x86_64-w64-mingw32/8.1.0\libstdc++.a(eh_term_handler.o)
 .text          0x000000006611a010        0x0 C:/GNU/MINGW64/x86_64-8.1.0-win32-seh-rt_v6-rev0/mingw64/bin/../lib/gcc/x86_64-w64-mingw32/8.1.0\libstdc++.a(eh_throw.o)
 .text          0x000000006611a010        0x0 C:/GNU/MINGW64/x86_64-8.1.0-win32-seh-rt_v6-rev0/mingw64/bin/../lib/gcc/x86_64-w64-mingw32/8.1.0\libstdc++.a(eh_unex_handler.o)
 .text          0x000000006611a010        0x0 C:/GNU/MINGW64/x86_64-8.1.0-win32-seh-rt_v6-rev0/mingw64/bin/../lib/gcc/x86_64-w64-mingw32/8.1.0\libstdc++.a(new_op.o)
 .text          0x000000006611a010        0x0 C:/GNU/MINGW64/x86_64-8.1.0-win32-seh-rt_v6-rev0/mingw64/bin/../lib/gcc/x86_64-w64-mingw32/8.1.0\libstdc++.a(pure.o)
 .text          0x000000006611a010        0x0 C:/GNU/MINGW64/x86_64-8.1.0-win32-seh-rt_v6-rev0/mingw64/bin/../lib/gcc/x86_64-w64-mingw32/8.1.0\libstdc++.a(si_class_type_info.o)
 .text          0x000000006611a010        0x0 C:/GNU/MINGW64/x86_64-8.1.0-win32-seh-rt_v6-rev0/mingw64/bin/../lib/gcc/x86_64-w64-mingw32/8.1.0\libstdc++.a(tinfo.o)
 .text          0x000000006611a010        0x0 C:/GNU/MINGW64/x86_64-8.1.0-win32-seh-rt_v6-rev0/mingw64/bin/../lib/gcc/x86_64-w64-mingw32/8.1.0\libstdc++.a(vmi_class_type_info.o)
 .text          0x000000006611a010        0x0 C:/GNU/MINGW64/x86_64-8.1.0-win32-seh-rt_v6-rev0/mingw64/bin/../lib/gcc/x86_64-w64-mingw32/8.1.0\libstdc++.a(vterminate.o)
 .text          0x000000006611a010        0x0 C:/GNU/MINGW64/x86_64-8.1.0-win32-seh-rt_v6-rev0/mingw64/bin/../lib/gcc/x86_64-w64-mingw32/8.1.0\libstdc++.a(bad_alloc.o)
 .text          0x000000006611a010     0x96f0 C:/GNU/MINGW64/x86_64-8.1.0-win32-seh-rt_v6-rev0/mingw64/bin/../lib/gcc/x86_64-w64-mingw32/8.1.0\libstdc++.a(cp-demangle.o)
                0x0000000066123570                __cxa_demangle
                0x00000000661236d0                __gcclibcxx_demangle_callback
 .text          0x0000000066123700        0x0 C:/GNU/MINGW64/x86_64-8.1.0-win32-seh-rt_v6-rev0/mingw64/bin/../lib/gcc/x86_64-w64-mingw32/8.1.0\libstdc++.a(del_op.o)
 .text          0x0000000066123700        0x0 C:/GNU/MINGW64/x86_64-8.1.0-win32-seh-rt_v6-rev0/mingw64/bin/../lib/gcc/x86_64-w64-mingw32/8.1.0\libstdc++.a(eh_call.o)
 .text          0x0000000066123700        0x0 C:/GNU/MINGW64/x86_64-8.1.0-win32-seh-rt_v6-rev0/mingw64/bin/../lib/gcc/x86_64-w64-mingw32/8.1.0\libstdc++.a(eh_type.o)
 .text          0x0000000066123700        0x0 C:/GNU/MINGW64/x86_64-8.1.0-win32-seh-rt_v6-rev0/mingw64/bin/../lib/gcc/x86_64-w64-mingw32/8.1.0\libstdc++.a(new_handler.o)
 .text          0x0000000066123700       0xd0 C:/GNU/MINGW64/x86_64-8.1.0-win32-seh-rt_v6-rev0/mingw64/bin/../lib/gcc/x86_64-w64-mingw32/8.1.0/../../../../x86_64-w64-mingw32/lib/../lib\libmingw32.a(lib64_libmingw32_a-gccmain.o)
                0x0000000066123700                __do_global_dtors
                0x0000000066123740                __do_global_ctors
                0x00000000661237b0                __main
 .text          0x00000000661237d0        0x0 C:/GNU/MINGW64/x86_64-8.1.0-win32-seh-rt_v6-rev0/mingw64/bin/../lib/gcc/x86_64-w64-mingw32/8.1.0/../../../../x86_64-w64-mingw32/lib/../lib\libmingw32.a(lib64_libmingw32_a-natstart.o)
 .text          0x00000000661237d0      0x1e0 C:/GNU/MINGW64/x86_64-8.1.0-win32-seh-rt_v6-rev0/mingw64/bin/../lib/gcc/x86_64-w64-mingw32/8.1.0/../../../../x86_64-w64-mingw32/lib/../lib\libmingw32.a(lib64_libmingw32_a-gs_support.o)
                0x00000000661237d0                __security_init_cookie
                0x00000000661238b0                __report_gsfailure
 .text          0x00000000661239b0       0xc0 C:/GNU/MINGW64/x86_64-8.1.0-win32-seh-rt_v6-rev0/mingw64/bin/../lib/gcc/x86_64-w64-mingw32/8.1.0/../../../../x86_64-w64-mingw32/lib/../lib\libmingw32.a(lib64_libmingw32_a-tlssup.o)
                0x00000000661239e0                __dyn_tls_init
                0x0000000066123a60                __tlregdtor
 .text          0x0000000066123a70        0x0 C:/GNU/MINGW64/x86_64-8.1.0-win32-seh-rt_v6-rev0/mingw64/bin/../lib/gcc/x86_64-w64-mingw32/8.1.0/../../../../x86_64-w64-mingw32/lib/../lib\libmingw32.a(lib64_libmingw32_a-cinitexe.o)
 .text          0x0000000066123a70       0x20 C:/GNU/MINGW64/x86_64-8.1.0-win32-seh-rt_v6-rev0/mingw64/bin/../lib/gcc/x86_64-w64-mingw32/8.1.0/../../../../x86_64-w64-mingw32/lib/../lib\libmingw32.a(lib64_libmingw32_a-mingw_helpers.o)
                0x0000000066123a70                _decode_pointer
                0x0000000066123a80                _encode_pointer
 .text          0x0000000066123a90      0x490 C:/GNU/MINGW64/x86_64-8.1.0-win32-seh-rt_v6-rev0/mingw64/bin/../lib/gcc/x86_64-w64-mingw32/8.1.0/../../../../x86_64-w64-mingw32/lib/../lib\libmingw32.a(lib64_libmingw32_a-pseudo-reloc.o)
                0x0000000066123c60                _pei386_runtime_relocator
 .text          0x0000000066123f20      0x480 C:/GNU/MINGW64/x86_64-8.1.0-win32-seh-rt_v6-rev0/mingw64/bin/../lib/gcc/x86_64-w64-mingw32/8.1.0/../../../../x86_64-w64-mingw32/lib/../lib\libmingw32.a(lib64_libmingw32_a-crt_handler.o)
                0x0000000066123f20                __mingw_SEH_error_handler
                0x00000000661240c0                __mingw_init_ehandler
                0x00000000661241b0                _gnu_exception_handler
 .text          0x00000000661243a0      0x270 C:/GNU/MINGW64/x86_64-8.1.0-win32-seh-rt_v6-rev0/mingw64/bin/../lib/gcc/x86_64-w64-mingw32/8.1.0/../../../../x86_64-w64-mingw32/lib/../lib\libmingw32.a(lib64_libmingw32_a-tlsthrd.o)
                0x0000000066124410                ___w64_mingwthr_add_key_dtor
                0x0000000066124490                ___w64_mingwthr_remove_key_dtor
                0x0000000066124530                __mingw_TLScallback
 .text          0x0000000066124610        0x0 C:/GNU/MINGW64/x86_64-8.1.0-win32-seh-rt_v6-rev0/mingw64/bin/../lib/gcc/x86_64-w64-mingw32/8.1.0/../../../../x86_64-w64-mingw32/lib/../lib\libmingw32.a(lib64_libmingw32_a-tlsmcrt.o)
 .text          0x0000000066124610        0x0 C:/GNU/MINGW64/x86_64-8.1.0-win32-seh-rt_v6-rev0/mingw64/bin/../lib/gcc/x86_64-w64-mingw32/8.1.0/../../../../x86_64-w64-mingw32/lib/../lib\libmingw32.a(lib64_libmingw32_a-pseudo-reloc-list.o)
 .text          0x0000000066124610      0x3e0 C:/GNU/MINGW64/x86_64-8.1.0-win32-seh-rt_v6-rev0/mingw64/bin/../lib/gcc/x86_64-w64-mingw32/8.1.0/../../../../x86_64-w64-mingw32/lib/../lib\libmingw32.a(lib64_libmingw32_a-pesect.o)
                0x0000000066124630                _ValidateImageBase
                0x0000000066124650                _FindPESection
                0x00000000661246a0                _FindPESectionByName
                0x0000000066124730                __mingw_GetSectionForAddress
                0x00000000661247b0                __mingw_GetSectionCount
                0x00000000661247f0                _FindPESectionExec
                0x0000000066124860                _GetPEImageBase
                0x00000000661248a0                _IsNonwritableInCurrentImage
                0x0000000066124940                __mingw_enum_import_library_names
 .text          0x00000000661249f0       0x10 C:/GNU/MINGW64/x86_64-8.1.0-win32-seh-rt_v6-rev0/mingw64/bin/../lib/gcc/x86_64-w64-mingw32/8.1.0/../../../../x86_64-w64-mingw32/lib/../lib\libmingw32.a(lib64_libmingw32_a-CRT_fp10.o)
                0x00000000661249f0                fpreset
                0x00000000661249f0                _fpreset
 .text          0x0000000066124a00       0x40 C:/GNU/MINGW64/x86_64-8.1.0-win32-seh-rt_v6-rev0/mingw64/bin/../lib/gcc/x86_64-w64-mingw32/8.1.0\libgcc.a(_chkstk_ms.o)
                0x0000000066124a00                ___chkstk_ms
 .text          0x0000000066124a40        0x0 C:/GNU/MINGW64/x86_64-8.1.0-win32-seh-rt_v6-rev0/mingw64/bin/../lib/gcc/x86_64-w64-mingw32/8.1.0\libgcc.a(_ctors.o)
 .text          0x0000000066124a40      0x3b0 C:/GNU/MINGW64/x86_64-8.1.0-win32-seh-rt_v6-rev0/mingw64/bin/../lib/gcc/x86_64-w64-mingw32/8.1.0\libgcc.a(gthr-win32.o)
                0x0000000066124a40                __gthr_win32_once
                0x0000000066124ac0                __gthr_win32_key_create
                0x0000000066124b00                __gthr_win32_key_delete
                0x0000000066124b20                __gthr_win32_getspecific
                0x0000000066124b50                __gthr_win32_setspecific
                0x0000000066124b70                __gthr_win32_mutex_init_function
                0x0000000066124ba0                __gthr_win32_mutex_destroy
                0x0000000066124bb0                __gthr_win32_mutex_lock
                0x0000000066124c00                __gthr_win32_mutex_trylock
                0x0000000066124c20                __gthr_win32_mutex_unlock
                0x0000000066124c60                __gthr_win32_recursive_mutex_init_function
                0x0000000066124ca0                __gthr_win32_recursive_mutex_lock
                0x0000000066124d20                __gthr_win32_recursive_mutex_trylock
                0x0000000066124d70                __gthr_win32_recursive_mutex_unlock
                0x0000000066124dd0                __gthr_win32_recursive_mutex_destroy
 .text          0x0000000066124df0      0x630 C:/GNU/MINGW64/x86_64-8.1.0-win32-seh-rt_v6-rev0/mingw64/bin/../lib/gcc/x86_64-w64-mingw32/8.1.0\libgcc_eh.a(unwind-seh.o)
                0x0000000066124e50                _Unwind_GetGR
                0x0000000066124e70                _Unwind_SetGR
                0x0000000066124e90                _Unwind_GetCFA
                0x0000000066124ea0                _Unwind_GetIP
                0x0000000066124eb0                _Unwind_GetIPInfo
                0x0000000066124ec0                _Unwind_SetIP
                0x0000000066124ed0                _Unwind_GetLanguageSpecificData
                0x0000000066124ee0                _Unwind_GetRegionStart
                0x0000000066124ef0                _Unwind_FindEnclosingFunction
                0x0000000066124f20                _Unwind_GetDataRelBase
                0x0000000066124f30                _Unwind_GetTextRelBase
                0x0000000066124f40                _GCC_specific_handler
                0x0000000066125150                _Unwind_RaiseException
                0x00000000661251a0                _Unwind_Resume
                0x0000000066125250                _Unwind_Resume_or_Rethrow
                0x0000000066125270                _Unwind_ForcedUnwind
                0x00000000661252a0                _Unwind_DeleteException
                0x00000000661252c0                _Unwind_Backtrace
 .text          0x0000000066125420      0x3b0 C:/GNU/MINGW64/x86_64-8.1.0-win32-seh-rt_v6-rev0/mingw64/bin/../lib/gcc/x86_64-w64-mingw32/8.1.0\libgcc_eh.a(emutls.o)
                0x0000000066125560                __emutls_get_address
                0x00000000661257a0                __emutls_register_common
 .text          0x00000000661257d0       0x10 C:/GNU/MINGW64/x86_64-8.1.0-win32-seh-rt_v6-rev0/mingw64/bin/../lib/gcc/x86_64-w64-mingw32/8.1.0/../../../../x86_64-w64-mingw32/lib/../lib\libmingwex.a(lib64_libmingwex_a-dllentry.o)
                0x00000000661257d0                DllEntryPoint
 .text          0x00000000661257e0        0x8 C:/GNU/MINGW64/x86_64-8.1.0-win32-seh-rt_v6-rev0/mingw64/bin/../lib/gcc/x86_64-w64-mingw32/8.1.0/../../../../x86_64-w64-mingw32/lib/../lib\libmsvcrt.a(duags01243.o)
                0x00000000661257e0                vfprintf
 .text          0x00000000661257e8        0x8 C:/GNU/MINGW64/x86_64-8.1.0-win32-seh-rt_v6-rev0/mingw64/bin/../lib/gcc/x86_64-w64-mingw32/8.1.0/../../../../x86_64-w64-mingw32/lib/../lib\libmsvcrt.a(duags01211.o)
                0x00000000661257e8                strncmp
 .text          0x00000000661257f0        0x8 C:/GNU/MINGW64/x86_64-8.1.0-win32-seh-rt_v6-rev0/mingw64/bin/../lib/gcc/x86_64-w64-mingw32/8.1.0/../../../../x86_64-w64-mingw32/lib/../lib\libmsvcrt.a(duags01208.o)
                0x00000000661257f0                strlen
 .text          0x00000000661257f8        0x8 C:/GNU/MINGW64/x86_64-8.1.0-win32-seh-rt_v6-rev0/mingw64/bin/../lib/gcc/x86_64-w64-mingw32/8.1.0/../../../../x86_64-w64-mingw32/lib/../lib\libmsvcrt.a(duags01201.o)
                0x00000000661257f8                strcmp
 .text          0x0000000066125800        0x8 C:/GNU/MINGW64/x86_64-8.1.0-win32-seh-rt_v6-rev0/mingw64/bin/../lib/gcc/x86_64-w64-mingw32/8.1.0/../../../../x86_64-w64-mingw32/lib/../lib\libmsvcrt.a(duags01192.o)
                0x0000000066125800                sprintf
 .text          0x0000000066125808        0x8 C:/GNU/MINGW64/x86_64-8.1.0-win32-seh-rt_v6-rev0/mingw64/bin/../lib/gcc/x86_64-w64-mingw32/8.1.0/../../../../x86_64-w64-mingw32/lib/../lib\libmsvcrt.a(duags01187.o)
                0x0000000066125808                signal
 .text          0x0000000066125810        0x8 C:/GNU/MINGW64/x86_64-8.1.0-win32-seh-rt_v6-rev0/mingw64/bin/../lib/gcc/x86_64-w64-mingw32/8.1.0/../../../../x86_64-w64-mingw32/lib/../lib\libmsvcrt.a(duags01177.o)
                0x0000000066125810                realloc
 .text          0x0000000066125818        0x8 C:/GNU/MINGW64/x86_64-8.1.0-win32-seh-rt_v6-rev0/mingw64/bin/../lib/gcc/x86_64-w64-mingw32/8.1.0/../../../../x86_64-w64-mingw32/lib/../lib\libmsvcrt.a(duags01159.o)
                0x0000000066125818                memset
 .text          0x0000000066125820        0x8 C:/GNU/MINGW64/x86_64-8.1.0-win32-seh-rt_v6-rev0/mingw64/bin/../lib/gcc/x86_64-w64-mingw32/8.1.0/../../../../x86_64-w64-mingw32/lib/../lib\libmsvcrt.a(duags01157.o)
                0x0000000066125820                memcpy
 .text          0x0000000066125828        0x8 C:/GNU/MINGW64/x86_64-8.1.0-win32-seh-rt_v6-rev0/mingw64/bin/../lib/gcc/x86_64-w64-mingw32/8.1.0/../../../../x86_64-w64-mingw32/lib/../lib\libmsvcrt.a(duags01149.o)
                0x0000000066125828                malloc
 .text          0x0000000066125830        0x8 C:/GNU/MINGW64/x86_64-8.1.0-win32-seh-rt_v6-rev0/mingw64/bin/../lib/gcc/x86_64-w64-mingw32/8.1.0/../../../../x86_64-w64-mingw32/lib/../lib\libmsvcrt.a(duags01101.o)
                0x0000000066125830                fwrite
 .text          0x0000000066125838        0x8 C:/GNU/MINGW64/x86_64-8.1.0-win32-seh-rt_v6-rev0/mingw64/bin/../lib/gcc/x86_64-w64-mingw32/8.1.0/../../../../x86_64-w64-mingw32/lib/../lib\libmsvcrt.a(duags01089.o)
                0x0000000066125838                free
 .text          0x0000000066125840        0x8 C:/GNU/MINGW64/x86_64-8.1.0-win32-seh-rt_v6-rev0/mingw64/bin/../lib/gcc/x86_64-w64-mingw32/8.1.0/../../../../x86_64-w64-mingw32/lib/../lib\libmsvcrt.a(duags01085.o)
                0x0000000066125840                fputs
 .text          0x0000000066125848        0x8 C:/GNU/MINGW64/x86_64-8.1.0-win32-seh-rt_v6-rev0/mingw64/bin/../lib/gcc/x86_64-w64-mingw32/8.1.0/../../../../x86_64-w64-mingw32/lib/../lib\libmsvcrt.a(duags01084.o)
                0x0000000066125848                fputc
 .text          0x0000000066125850        0x8 C:/GNU/MINGW64/x86_64-8.1.0-win32-seh-rt_v6-rev0/mingw64/bin/../lib/gcc/x86_64-w64-mingw32/8.1.0/../../../../x86_64-w64-mingw32/lib/../lib\libmsvcrt.a(duags01050.o)
                0x0000000066125850                calloc
 .text          0x0000000066125858        0x8 C:/GNU/MINGW64/x86_64-8.1.0-win32-seh-rt_v6-rev0/mingw64/bin/../lib/gcc/x86_64-w64-mingw32/8.1.0/../../../../x86_64-w64-mingw32/lib/../lib\libmsvcrt.a(duags01032.o)
                0x0000000066125858                abort
 .text          0x0000000066125860        0x8 C:/GNU/MINGW64/x86_64-8.1.0-win32-seh-rt_v6-rev0/mingw64/bin/../lib/gcc/x86_64-w64-mingw32/8.1.0/../../../../x86_64-w64-mingw32/lib/../lib\libmsvcrt.a(duags00986.o)
                0x0000000066125860                write
 .text          0x0000000066125868        0x8 C:/GNU/MINGW64/x86_64-8.1.0-win32-seh-rt_v6-rev0/mingw64/bin/../lib/gcc/x86_64-w64-mingw32/8.1.0/../../../../x86_64-w64-mingw32/lib/../lib\libmsvcrt.a(duags00332.o)
                0x0000000066125868                _initterm
 .text          0x0000000066125870        0x8 C:/GNU/MINGW64/x86_64-8.1.0-win32-seh-rt_v6-rev0/mingw64/bin/../lib/gcc/x86_64-w64-mingw32/8.1.0/../../../../x86_64-w64-mingw32/lib/../lib\libmsvcrt.a(duags00122.o)
                0x0000000066125870                _amsg_exit
 *fill*         0x0000000066125878        0x8 
 .text          0x0000000066125880      0x170 C:/GNU/MINGW64/x86_64-8.1.0-win32-seh-rt_v6-rev0/mingw64/bin/../lib/gcc/x86_64-w64-mingw32/8.1.0/../../../../x86_64-w64-mingw32/lib/../lib\libmsvcrt.a(lib64_libmsvcrt_os_a-onexit_table.o)
                0x0000000066125880                _initialize_onexit_table
                0x00000000661258b0                _register_onexit_function
                0x0000000066125980                _execute_onexit_table
 .text          0x00000000661259f0       0x20 C:/GNU/MINGW64/x86_64-8.1.0-win32-seh-rt_v6-rev0/mingw64/bin/../lib/gcc/x86_64-w64-mingw32/8.1.0/../../../../x86_64-w64-mingw32/lib/../lib\libmsvcrt.a(lib64_libmsvcrt_os_a-acrt_iob_func.o)
                0x00000000661259f0                __acrt_iob_func
 .text          0x0000000066125a10        0x0 C:/GNU/MINGW64/x86_64-8.1.0-win32-seh-rt_v6-rev0/mingw64/bin/../lib/gcc/x86_64-w64-mingw32/8.1.0/../../../../x86_64-w64-mingw32/lib/../lib\libmsvcrt.a(duagh.o)
 .text          0x0000000066125a10        0x8 C:/GNU/MINGW64/x86_64-8.1.0-win32-seh-rt_v6-rev0/mingw64/bin/../lib/gcc/x86_64-w64-mingw32/8.1.0/../../../../x86_64-w64-mingw32/lib/../lib\libmsvcrt.a(duags00821.o)
                0x0000000066125a10                _unlock
 .text          0x0000000066125a18        0x8 C:/GNU/MINGW64/x86_64-8.1.0-win32-seh-rt_v6-rev0/mingw64/bin/../lib/gcc/x86_64-w64-mingw32/8.1.0/../../../../x86_64-w64-mingw32/lib/../lib\libmsvcrt.a(duags00441.o)
                0x0000000066125a18                _lock
 .text          0x0000000066125a20        0x8 C:/GNU/MINGW64/x86_64-8.1.0-win32-seh-rt_v6-rev0/mingw64/bin/../lib/gcc/x86_64-w64-mingw32/8.1.0/../../../../x86_64-w64-mingw32/lib/../lib\libmsvcrt.a(duags00083.o)
                0x0000000066125a20                __iob_func
 *fill*         0x0000000066125a28        0x8 
 .text          0x0000000066125a30        0x0 C:/GNU/MINGW64/x86_64-8.1.0-win32-seh-rt_v6-rev0/mingw64/bin/../lib/gcc/x86_64-w64-mingw32/8.1.0/../../../../x86_64-w64-mingw32/lib/../lib\libmsvcrt.a(duagt.o)
 .text          0x0000000066125a30        0x8 C:/GNU/MINGW64/x86_64-8.1.0-win32-seh-rt_v6-rev0/mingw64/bin/../lib/gcc/x86_64-w64-mingw32/8.1.0/../../../../x86_64-w64-mingw32/lib/../lib\libkernel32.a(dqifs01453.o)
                0x0000000066125a30                WaitForSingleObject
 .text          0x0000000066125a38        0x8 C:/GNU/MINGW64/x86_64-8.1.0-win32-seh-rt_v6-rev0/mingw64/bin/../lib/gcc/x86_64-w64-mingw32/8.1.0/../../../../x86_64-w64-mingw32/lib/../lib\libkernel32.a(dqifs01445.o)
                0x0000000066125a38                VirtualQuery
 .text          0x0000000066125a40        0x8 C:/GNU/MINGW64/x86_64-8.1.0-win32-seh-rt_v6-rev0/mingw64/bin/../lib/gcc/x86_64-w64-mingw32/8.1.0/../../../../x86_64-w64-mingw32/lib/../lib\libkernel32.a(dqifs01443.o)
                0x0000000066125a40                VirtualProtect
 .text          0x0000000066125a48        0x8 C:/GNU/MINGW64/x86_64-8.1.0-win32-seh-rt_v6-rev0/mingw64/bin/../lib/gcc/x86_64-w64-mingw32/8.1.0/../../../../x86_64-w64-mingw32/lib/../lib\libkernel32.a(dqifs01409.o)
                0x0000000066125a48                UnhandledExceptionFilter
 .text          0x0000000066125a50        0x8 C:/GNU/MINGW64/x86_64-8.1.0-win32-seh-rt_v6-rev0/mingw64/bin/../lib/gcc/x86_64-w64-mingw32/8.1.0/../../../../x86_64-w64-mingw32/lib/../lib\libkernel32.a(dqifs01396.o)
                0x0000000066125a50                TlsSetValue
 .text          0x0000000066125a58        0x8 C:/GNU/MINGW64/x86_64-8.1.0-win32-seh-rt_v6-rev0/mingw64/bin/../lib/gcc/x86_64-w64-mingw32/8.1.0/../../../../x86_64-w64-mingw32/lib/../lib\libkernel32.a(dqifs01395.o)
                0x0000000066125a58                TlsGetValue
 .text          0x0000000066125a60        0x8 C:/GNU/MINGW64/x86_64-8.1.0-win32-seh-rt_v6-rev0/mingw64/bin/../lib/gcc/x86_64-w64-mingw32/8.1.0/../../../../x86_64-w64-mingw32/lib/../lib\libkernel32.a(dqifs01394.o)
                0x0000000066125a60                TlsFree
 .text          0x0000000066125a68        0x8 C:/GNU/MINGW64/x86_64-8.1.0-win32-seh-rt_v6-rev0/mingw64/bin/../lib/gcc/x86_64-w64-mingw32/8.1.0/../../../../x86_64-w64-mingw32/lib/../lib\libkernel32.a(dqifs01393.o)
                0x0000000066125a68                TlsAlloc
 .text          0x0000000066125a70        0x8 C:/GNU/MINGW64/x86_64-8.1.0-win32-seh-rt_v6-rev0/mingw64/bin/../lib/gcc/x86_64-w64-mingw32/8.1.0/../../../../x86_64-w64-mingw32/lib/../lib\libkernel32.a(dqifs01375.o)
                0x0000000066125a70                TerminateProcess
 .text          0x0000000066125a78        0x8 C:/GNU/MINGW64/x86_64-8.1.0-win32-seh-rt_v6-rev0/mingw64/bin/../lib/gcc/x86_64-w64-mingw32/8.1.0/../../../../x86_64-w64-mingw32/lib/../lib\libkernel32.a(dqifs01346.o)
                0x0000000066125a78                SetUnhandledExceptionFilter
 .text          0x0000000066125a80        0x8 C:/GNU/MINGW64/x86_64-8.1.0-win32-seh-rt_v6-rev0/mingw64/bin/../lib/gcc/x86_64-w64-mingw32/8.1.0/../../../../x86_64-w64-mingw32/lib/../lib\libkernel32.a(dqifs01290.o)
                0x0000000066125a80                SetLastError
 .text          0x0000000066125a88        0x8 C:/GNU/MINGW64/x86_64-8.1.0-win32-seh-rt_v6-rev0/mingw64/bin/../lib/gcc/x86_64-w64-mingw32/8.1.0/../../../../x86_64-w64-mingw32/lib/../lib\libkernel32.a(dqifs01194.o)
                0x0000000066125a88                RtlVirtualUnwind
 .text          0x0000000066125a90        0x8 C:/GNU/MINGW64/x86_64-8.1.0-win32-seh-rt_v6-rev0/mingw64/bin/../lib/gcc/x86_64-w64-mingw32/8.1.0/../../../../x86_64-w64-mingw32/lib/../lib\libkernel32.a(dqifs01193.o)
                0x0000000066125a90                RtlUnwindEx
 .text          0x0000000066125a98        0x8 C:/GNU/MINGW64/x86_64-8.1.0-win32-seh-rt_v6-rev0/mingw64/bin/../lib/gcc/x86_64-w64-mingw32/8.1.0/../../../../x86_64-w64-mingw32/lib/../lib\libkernel32.a(dqifs01187.o)
                0x0000000066125a98                RtlLookupFunctionEntry
 .text          0x0000000066125aa0        0x8 C:/GNU/MINGW64/x86_64-8.1.0-win32-seh-rt_v6-rev0/mingw64/bin/../lib/gcc/x86_64-w64-mingw32/8.1.0/../../../../x86_64-w64-mingw32/lib/../lib\libkernel32.a(dqifs01180.o)
                0x0000000066125aa0                RtlCaptureContext
 .text          0x0000000066125aa8        0x8 C:/GNU/MINGW64/x86_64-8.1.0-win32-seh-rt_v6-rev0/mingw64/bin/../lib/gcc/x86_64-w64-mingw32/8.1.0/../../../../x86_64-w64-mingw32/lib/../lib\libkernel32.a(dqifs01179.o)
                0x0000000066125aa8                RtlAddFunctionTable
 .text          0x0000000066125ab0        0x8 C:/GNU/MINGW64/x86_64-8.1.0-win32-seh-rt_v6-rev0/mingw64/bin/../lib/gcc/x86_64-w64-mingw32/8.1.0/../../../../x86_64-w64-mingw32/lib/../lib\libkernel32.a(dqifs01154.o)
                0x0000000066125ab0                ReleaseSemaphore
 .text          0x0000000066125ab8        0x8 C:/GNU/MINGW64/x86_64-8.1.0-win32-seh-rt_v6-rev0/mingw64/bin/../lib/gcc/x86_64-w64-mingw32/8.1.0/../../../../x86_64-w64-mingw32/lib/../lib\libkernel32.a(dqifs01112.o)
                0x0000000066125ab8                RaiseException
 .text          0x0000000066125ac0        0x8 C:/GNU/MINGW64/x86_64-8.1.0-win32-seh-rt_v6-rev0/mingw64/bin/../lib/gcc/x86_64-w64-mingw32/8.1.0/../../../../x86_64-w64-mingw32/lib/../lib\libkernel32.a(dqifs01093.o)
                0x0000000066125ac0                QueryPerformanceCounter
 .text          0x0000000066125ac8        0x8 C:/GNU/MINGW64/x86_64-8.1.0-win32-seh-rt_v6-rev0/mingw64/bin/../lib/gcc/x86_64-w64-mingw32/8.1.0/../../../../x86_64-w64-mingw32/lib/../lib\libkernel32.a(dqifs00774.o)
                0x0000000066125ac8                GetTickCount
 .text          0x0000000066125ad0        0x8 C:/GNU/MINGW64/x86_64-8.1.0-win32-seh-rt_v6-rev0/mingw64/bin/../lib/gcc/x86_64-w64-mingw32/8.1.0/../../../../x86_64-w64-mingw32/lib/../lib\libkernel32.a(dqifs00746.o)
                0x0000000066125ad0                GetSystemTimeAsFileTime
 .text          0x0000000066125ad8        0x8 C:/GNU/MINGW64/x86_64-8.1.0-win32-seh-rt_v6-rev0/mingw64/bin/../lib/gcc/x86_64-w64-mingw32/8.1.0/../../../../x86_64-w64-mingw32/lib/../lib\libkernel32.a(dqifs00540.o)
                0x0000000066125ad8                GetCurrentThreadId
 .text          0x0000000066125ae0        0x8 C:/GNU/MINGW64/x86_64-8.1.0-win32-seh-rt_v6-rev0/mingw64/bin/../lib/gcc/x86_64-w64-mingw32/8.1.0/../../../../x86_64-w64-mingw32/lib/../lib\libkernel32.a(dqifs00536.o)
                0x0000000066125ae0                GetCurrentProcessId
 .text          0x0000000066125ae8        0x8 C:/GNU/MINGW64/x86_64-8.1.0-win32-seh-rt_v6-rev0/mingw64/bin/../lib/gcc/x86_64-w64-mingw32/8.1.0/../../../../x86_64-w64-mingw32/lib/../lib\libkernel32.a(dqifs00535.o)
                0x0000000066125ae8                GetCurrentProcess
 .text          0x0000000066125af0        0x8 C:/GNU/MINGW64/x86_64-8.1.0-win32-seh-rt_v6-rev0/mingw64/bin/../lib/gcc/x86_64-w64-mingw32/8.1.0/../../../../x86_64-w64-mingw32/lib/../lib\libkernel32.a(dqifs00268.o)
                0x0000000066125af0                DeleteCriticalSection
 .text          0x0000000066125af8        0x8 C:/GNU/MINGW64/x86_64-8.1.0-win32-seh-rt_v6-rev0/mingw64/bin/../lib/gcc/x86_64-w64-mingw32/8.1.0/../../../../x86_64-w64-mingw32/lib/../lib\libkernel32.a(dqifs00231.o)
                0x0000000066125af8                CreateSemaphoreW
 .text          0x0000000066125b00        0x8 C:/GNU/MINGW64/x86_64-8.1.0-win32-seh-rt_v6-rev0/mingw64/bin/../lib/gcc/x86_64-w64-mingw32/8.1.0/../../../../x86_64-w64-mingw32/lib/../lib\libkernel32.a(dqifs00130.o)
                0x0000000066125b00                CloseHandle
 *fill*         0x0000000066125b08        0x8 
 .text          0x0000000066125b10       0x30 C:/GNU/MINGW64/x86_64-8.1.0-win32-seh-rt_v6-rev0/mingw64/bin/../lib/gcc/x86_64-w64-mingw32/8.1.0/../../../../x86_64-w64-mingw32/lib/../lib\libmingw32.a(lib64_libmingw32_a-tlsmthread.o)
                0x0000000066125b10                __mingwthr_remove_key_dtor
                0x0000000066125b20                __mingwthr_key_dtor
 .text          0x0000000066125b40        0x0 C:/GNU/MINGW64/x86_64-8.1.0-win32-seh-rt_v6-rev0/mingw64/bin/../lib/gcc/x86_64-w64-mingw32/8.1.0/crtend.o
 *(SORT_BY_NAME(.text$*))
 .text$_ZGTtNKSt13bad_exceptionD1Ev
                0x0000000066125b40       0x10 C:/GNU/MINGW64/x86_64-8.1.0-win32-seh-rt_v6-rev0/mingw64/bin/../lib/gcc/x86_64-w64-mingw32/8.1.0\libstdc++.a(eh_exception.o)
                0x0000000066125b40                transaction clone for std::bad_exception::~bad_exception() const
 .text$_ZGTtNKSt9exceptionD1Ev
                0x0000000066125b50       0x10 C:/GNU/MINGW64/x86_64-8.1.0-win32-seh-rt_v6-rev0/mingw64/bin/../lib/gcc/x86_64-w64-mingw32/8.1.0\libstdc++.a(eh_exception.o)
                0x0000000066125b50                transaction clone for std::exception::~exception() const
 .text$_ZL15get_ttype_entryP16lsda_header_infoy
                0x0000000066125b60       0x90 C:/GNU/MINGW64/x86_64-8.1.0-win32-seh-rt_v6-rev0/mingw64/bin/../lib/gcc/x86_64-w64-mingw32/8.1.0\libstdc++.a(eh_personality.o)
 .text$_ZL16get_adjusted_ptrPKSt9type_infoS1_PPv
                0x0000000066125bf0       0x60 C:/GNU/MINGW64/x86_64-8.1.0-win32-seh-rt_v6-rev0/mingw64/bin/../lib/gcc/x86_64-w64-mingw32/8.1.0\libstdc++.a(eh_personality.o)
 .text$_ZL17parse_lsda_headerP15_Unwind_ContextPKhP16lsda_header_info
                0x0000000066125c50       0xf0 C:/GNU/MINGW64/x86_64-8.1.0-win32-seh-rt_v6-rev0/mingw64/bin/../lib/gcc/x86_64-w64-mingw32/8.1.0\libstdc++.a(eh_personality.o)
 .text$_ZL20check_exception_specP16lsda_header_infoPKSt9type_infoPvx
                0x0000000066125d40       0x80 C:/GNU/MINGW64/x86_64-8.1.0-win32-seh-rt_v6-rev0/mingw64/bin/../lib/gcc/x86_64-w64-mingw32/8.1.0\libstdc++.a(eh_personality.o)
 .text$_ZL21base_of_encoded_valuehP15_Unwind_Context
                0x0000000066125dc0       0x70 C:/GNU/MINGW64/x86_64-8.1.0-win32-seh-rt_v6-rev0/mingw64/bin/../lib/gcc/x86_64-w64-mingw32/8.1.0\libstdc++.a(eh_personality.o)
 .text$_ZL23__gxx_exception_cleanup19_Unwind_Reason_CodeP17_Unwind_Exception
                0x0000000066125e30       0x40 C:/GNU/MINGW64/x86_64-8.1.0-win32-seh-rt_v6-rev0/mingw64/bin/../lib/gcc/x86_64-w64-mingw32/8.1.0\libstdc++.a(eh_throw.o)
 .text$_ZL28read_encoded_value_with_basehyPKhPy
                0x0000000066125e70      0x160 C:/GNU/MINGW64/x86_64-8.1.0-win32-seh-rt_v6-rev0/mingw64/bin/../lib/gcc/x86_64-w64-mingw32/8.1.0\libstdc++.a(eh_personality.o)
 .text$_ZN10__cxxabiv111__terminateEPFvvE
                0x0000000066125fd0       0x40 C:/GNU/MINGW64/x86_64-8.1.0-win32-seh-rt_v6-rev0/mingw64/bin/../lib/gcc/x86_64-w64-mingw32/8.1.0\libstdc++.a(eh_terminate.o)
                0x0000000066125fd0                __cxxabiv1::__terminate(void (*)())
 .text$_ZN10__cxxabiv112__unexpectedEPFvvE
                0x0000000066126010       0x10 C:/GNU/MINGW64/x86_64-8.1.0-win32-seh-rt_v6-rev0/mingw64/bin/../lib/gcc/x86_64-w64-mingw32/8.1.0\libstdc++.a(eh_terminate.o)
                0x0000000066126010                __cxxabiv1::__unexpected(void (*)())
 .text$_ZN10__cxxabiv115__forced_unwindD0Ev
                0x0000000066126020       0x10 C:/GNU/MINGW64/x86_64-8.1.0-win32-seh-rt_v6-rev0/mingw64/bin/../lib/gcc/x86_64-w64-mingw32/8.1.0\libstdc++.a(eh_exception.o)
                0x0000000066126020                __cxxabiv1::__forced_unwind::~__forced_unwind()
 .text$_ZN10__cxxabiv115__forced_unwindD2Ev
                0x0000000066126030       0x10 C:/GNU/MINGW64/x86_64-8.1.0-win32-seh-rt_v6-rev0/mingw64/bin/../lib/gcc/x86_64-w64-mingw32/8.1.0\libstdc++.a(eh_exception.o)
                0x0000000066126030                __cxxabiv1::__forced_unwind::~__forced_unwind()
                0x0000000066126030                __cxxabiv1::__forced_unwind::~__forced_unwind()
 .text$_ZN10__cxxabiv117__class_type_infoD0Ev
                0x0000000066126040       0x30 C:/GNU/MINGW64/x86_64-8.1.0-win32-seh-rt_v6-rev0/mingw64/bin/../lib/gcc/x86_64-w64-mingw32/8.1.0\libstdc++.a(class_type_info.o)
                0x0000000066126040                __cxxabiv1::__class_type_info::~__class_type_info()
 .text$_ZN10__cxxabiv117__class_type_infoD2Ev
                0x0000000066126070       0x10 C:/GNU/MINGW64/x86_64-8.1.0-win32-seh-rt_v6-rev0/mingw64/bin/../lib/gcc/x86_64-w64-mingw32/8.1.0\libstdc++.a(class_type_info.o)
                0x0000000066126070                __cxxabiv1::__class_type_info::~__class_type_info()
                0x0000000066126070                __cxxabiv1::__class_type_info::~__class_type_info()
 .text$_ZN10__cxxabiv119__foreign_exceptionD0Ev
                0x0000000066126080       0x10 C:/GNU/MINGW64/x86_64-8.1.0-win32-seh-rt_v6-rev0/mingw64/bin/../lib/gcc/x86_64-w64-mingw32/8.1.0\libstdc++.a(eh_exception.o)
                0x0000000066126080                __cxxabiv1::__foreign_exception::~__foreign_exception()
 .text$_ZN10__cxxabiv119__foreign_exceptionD2Ev
                0x0000000066126090       0x10 C:/GNU/MINGW64/x86_64-8.1.0-win32-seh-rt_v6-rev0/mingw64/bin/../lib/gcc/x86_64-w64-mingw32/8.1.0\libstdc++.a(eh_exception.o)
                0x0000000066126090                __cxxabiv1::__foreign_exception::~__foreign_exception()
                0x0000000066126090                __cxxabiv1::__foreign_exception::~__foreign_exception()
 .text$_ZN10__cxxabiv120__si_class_type_infoD0Ev
                0x00000000661260a0       0x30 C:/GNU/MINGW64/x86_64-8.1.0-win32-seh-rt_v6-rev0/mingw64/bin/../lib/gcc/x86_64-w64-mingw32/8.1.0\libstdc++.a(si_class_type_info.o)
                0x00000000661260a0                __cxxabiv1::__si_class_type_info::~__si_class_type_info()
 .text$_ZN10__cxxabiv120__si_class_type_infoD2Ev
                0x00000000661260d0       0x10 C:/GNU/MINGW64/x86_64-8.1.0-win32-seh-rt_v6-rev0/mingw64/bin/../lib/gcc/x86_64-w64-mingw32/8.1.0\libstdc++.a(si_class_type_info.o)
                0x00000000661260d0                __cxxabiv1::__si_class_type_info::~__si_class_type_info()
                0x00000000661260d0                __cxxabiv1::__si_class_type_info::~__si_class_type_info()
 .text$_ZN10__cxxabiv121__vmi_class_type_infoD0Ev
                0x00000000661260e0       0x30 C:/GNU/MINGW64/x86_64-8.1.0-win32-seh-rt_v6-rev0/mingw64/bin/../lib/gcc/x86_64-w64-mingw32/8.1.0\libstdc++.a(vmi_class_type_info.o)
                0x00000000661260e0                __cxxabiv1::__vmi_class_type_info::~__vmi_class_type_info()
 .text$_ZN10__cxxabiv121__vmi_class_type_infoD2Ev
                0x0000000066126110       0x10 C:/GNU/MINGW64/x86_64-8.1.0-win32-seh-rt_v6-rev0/mingw64/bin/../lib/gcc/x86_64-w64-mingw32/8.1.0\libstdc++.a(vmi_class_type_info.o)
                0x0000000066126110                __cxxabiv1::__vmi_class_type_info::~__vmi_class_type_info()
                0x0000000066126110                __cxxabiv1::__vmi_class_type_info::~__vmi_class_type_info()
 .text$_ZN10__cxxabiv1L21__gxx_personality_impEiiyP17_Unwind_ExceptionP15_Unwind_Context
                0x0000000066126120      0x5b0 C:/GNU/MINGW64/x86_64-8.1.0-win32-seh-rt_v6-rev0/mingw64/bin/../lib/gcc/x86_64-w64-mingw32/8.1.0\libstdc++.a(eh_personality.o)
 .text$_ZN12_GLOBAL__N_14pool4freeEPv.constprop.2
                0x00000000661266d0      0x170 C:/GNU/MINGW64/x86_64-8.1.0-win32-seh-rt_v6-rev0/mingw64/bin/../lib/gcc/x86_64-w64-mingw32/8.1.0\libstdc++.a(eh_alloc.o)
 .text$_ZN12_GLOBAL__N_14pool8allocateEy.constprop.3
                0x0000000066126840      0x150 C:/GNU/MINGW64/x86_64-8.1.0-win32-seh-rt_v6-rev0/mingw64/bin/../lib/gcc/x86_64-w64-mingw32/8.1.0\libstdc++.a(eh_alloc.o)
 .text$_ZN8Palmtree4Math4Core8Internal11ParserState26ParseAsDecimalNumberStringEv
                0x0000000066126990     0x2560 ../build/x64_Release/pmc_parse.o
                0x0000000066126990                Palmtree::Math::Core::Internal::ParserState::ParseAsDecimalNumberString()
 .text$_ZN8Palmtree4Math4Core8Internal11ParserState32ParseAsIntegerPartNumberSequenceEv
                0x0000000066128ef0      0x290 ../build/x64_Release/pmc_parse.o
                0x0000000066128ef0                Palmtree::Math::Core::Internal::ParserState::ParseAsIntegerPartNumberSequence()
 .text$_ZN8Palmtree4Math4Core8Internal11ParserState33ParseAsFractionPartNumberSequenceEv
                0x0000000066129180      0x180 ../build/x64_Release/pmc_parse.o
                0x0000000066129180                Palmtree::Math::Core::Internal::ParserState::ParseAsFractionPartNumberSequence()
 .text$_ZN8Palmtree4Math4Core8Internal12StringReader10SkipStringEPKw
                0x0000000066129300       0x60 ../build/x64_Release/pmc_parse.o
                0x0000000066129300                Palmtree::Math::Core::Internal::StringReader::SkipString(wchar_t const*)
 .text$_ZN8Palmtree4Math4Core8Internal12StringReader10StartsWithEPKw
                0x0000000066129360       0x50 ../build/x64_Release/pmc_parse.o
                0x0000000066129360                Palmtree::Math::Core::Internal::StringReader::StartsWith(wchar_t const*)
 .text$_ZN8Palmtree4Math4Core8Internal12StringReader8PeekCharEv
                0x00000000661293b0       0x10 ../build/x64_Release/pmc_parse.o
                0x00000000661293b0                Palmtree::Math::Core::Internal::StringReader::PeekChar()
 .text$_ZN8Palmtree4Math4Core8Internal12StringReader8ProgressEv
                0x00000000661293c0       0x30 ../build/x64_Release/pmc_parse.o
                0x00000000661293c0                Palmtree::Math::Core::Internal::StringReader::Progress()
 .text$_ZN8Palmtree4Math4Core8Internal12StringWriter5WriteEPKw
                0x00000000661293f0       0x30 ../build/x64_Release/pmc_parse.o
                0x00000000661293f0                Palmtree::Math::Core::Internal::StringWriter::Write(wchar_t const*)
 .text$_ZN8Palmtree4Math4Core8Internal12StringWriter5WriteEw
                0x0000000066129420       0x40 ../build/x64_Release/pmc_parse.o
                0x0000000066129420                Palmtree::Math::Core::Internal::StringWriter::Write(wchar_t)
 .text$_ZN8Palmtree4Math4Core8Internal12StringWriter9GetStringEv
                0x0000000066129460       0x10 ../build/x64_Release/pmc_parse.o
                0x0000000066129460                Palmtree::Math::Core::Internal::StringWriter::GetString()
 .text$_ZN8Palmtree4Math4Core8Internal14ResourceHolder16__ChainBufferTag5CheckEv
                0x0000000066129470       0x10 ../build/x64_Release/pmc_memory.o
                0x0000000066129470                Palmtree::Math::Core::Internal::ResourceHolder::__ChainBufferTag::Check()
 .text$_ZN8Palmtree4Math4Core8Internal14ResourceHolder16__ChainBufferTag5ClearEv
                0x0000000066129480       0x10 ../build/x64_Release/pmc_memory.o
                0x0000000066129480                Palmtree::Math::Core::Internal::ResourceHolder::__ChainBufferTag::Clear()
 .text$_ZN8Palmtree4Math4Core8Internal14ResourceHolder9__RootTag19EqualsBufferAddressEPv
                0x0000000066129490       0x50 ../build/x64_Release/pmc_memory.o
                0x0000000066129490                Palmtree::Math::Core::Internal::ResourceHolder::__RootTag::EqualsBufferAddress(void*)
 .text$_ZN8Palmtree4Math4Core8Internal14ResourceHolder9__RootTag8DestructEv
                0x00000000661294e0       0x10 ../build/x64_Release/pmc_memory.o
                0x00000000661294e0                Palmtree::Math::Core::Internal::ResourceHolder::__RootTag::Destruct()
 .text$_ZN8Palmtree4Math4Core8Internal14ResourceHolder9__RootTagD0Ev
                0x00000000661294f0       0x30 ../build/x64_Release/pmc_memory.o
                0x00000000661294f0                Palmtree::Math::Core::Internal::ResourceHolder::__RootTag::~__RootTag()
 .text$_ZN8Palmtree4Math4Core8Internal14ResourceHolder9__RootTagD1Ev
                0x0000000066129520       0x20 ../build/x64_Release/pmc_memory.o
                0x0000000066129520                Palmtree::Math::Core::Internal::ResourceHolder::__RootTag::~__RootTag()
 .text$_ZN8Palmtree4Math4Core8Internal14ResourceHolderD0Ev
                0x0000000066129540       0xb0 ../build/x64_Release/pmc_memory.o
                0x0000000066129540                Palmtree::Math::Core::Internal::ResourceHolder::~ResourceHolder()
 .text$_ZN8Palmtree4Math4Core8Internal14ResourceHolderD1Ev
                0x00000000661295f0       0xa0 ../build/x64_Release/pmc_memory.o
                0x00000000661295f0                Palmtree::Math::Core::Internal::ResourceHolder::~ResourceHolder()
 .text$_ZN8Palmtree4Math4Core8Internal14ResourceHolderD2Ev
                0x0000000066129690       0xa0 ../build/x64_Release/pmc_memory.o
                0x0000000066129690                Palmtree::Math::Core::Internal::ResourceHolder::~ResourceHolder()
 .text$_ZN8Palmtree4Math4Core8Internal15FormatExceptionD0Ev
                0x0000000066129730       0x30 ../build/x64_Release/pmc_bytes.o
                0x0000000066129730                Palmtree::Math::Core::Internal::FormatException::~FormatException()
 .text$_ZN8Palmtree4Math4Core8Internal15FormatExceptionD1Ev
                0x0000000066129760       0x10 ../build/x64_Release/pmc_bytes.o
                0x0000000066129760                Palmtree::Math::Core::Internal::FormatException::~FormatException()
 .text$_ZN8Palmtree4Math4Core8Internal16DecimalFromatter14FormatterTypeC11WritePrefixEcPNS2_12StringWriterE
                0x0000000066129770      0x180 ../build/x64_Release/pmc_tostring.o
                0x0000000066129770                Palmtree::Math::Core::Internal::DecimalFromatter::FormatterTypeC::WritePrefix(char, Palmtree::Math::Core::Internal::StringWriter*)
 .text$_ZN8Palmtree4Math4Core8Internal16DecimalFromatter14FormatterTypeC11WriteSuffixEcPNS2_12StringWriterE
                0x00000000661298f0      0x160 ../build/x64_Release/pmc_tostring.o