Archive member included to satisfy reference by file (symbol)

C:/GNU/MINGW64/x86_64-8.1.0-win32-seh-rt_v6-rev0/mingw64/bin/../lib/gcc/x86_64-w64-mingw32/8.1.0/../../../../x86_64-w64-mingw32/lib/../lib/libkernel32.a(dqifs01555.o)
                              ../build/x64_Release/pmc_parse.o (__imp_lstrlenW)
C:/GNU/MINGW64/x86_64-8.1.0-win32-seh-rt_v6-rev0/mingw64/bin/../lib/gcc/x86_64-w64-mingw32/8.1.0/../../../../x86_64-w64-mingw32/lib/../lib/libkernel32.a(dqifs01549.o)
                              ../build/x64_Release/pmc_parse.o (__imp_lstrcpyW)
C:/GNU/MINGW64/x86_64-8.1.0-win32-seh-rt_v6-rev0/mingw64/bin/../lib/gcc/x86_64-w64-mingw32/8.1.0/../../../../x86_64-w64-mingw32/lib/../lib/libkernel32.a(dqifs01540.o)
                              ../build/x64_Release/pmc_tostring.o (__imp_lstrcatW)
C:/GNU/MINGW64/x86_64-8.1.0-win32-seh-rt_v6-rev0/mingw64/bin/../lib/gcc/x86_64-w64-mingw32/8.1.0/../../../../x86_64-w64-mingw32/lib/../lib/libkernel32.a(dqifs00841.o)
                              ../build/x64_Release/pmc_memory.o (__imp_HeapFree)
C:/GNU/MINGW64/x86_64-8.1.0-win32-seh-rt_v6-rev0/mingw64/bin/../lib/gcc/x86_64-w64-mingw32/8.1.0/../../../../x86_64-w64-mingw32/lib/../lib/libkernel32.a(dqifs00839.o)
                              ../build/x64_Release/pmc_memory.o (__imp_HeapDestroy)
C:/GNU/MINGW64/x86_64-8.1.0-win32-seh-rt_v6-rev0/mingw64/bin/../lib/gcc/x86_64-w64-mingw32/8.1.0/../../../../x86_64-w64-mingw32/lib/../lib/libkernel32.a(dqifs00837.o)
                              ../build/x64_Release/pmc_memory.o (__imp_HeapCreate)
C:/GNU/MINGW64/x86_64-8.1.0-win32-seh-rt_v6-rev0/mingw64/bin/../lib/gcc/x86_64-w64-mingw32/8.1.0/../../../../x86_64-w64-mingw32/lib/../lib/libkernel32.a(dqifs00835.o)
                              ../build/x64_Release/pmc_memory.o (__imp_HeapAlloc)
C:/GNU/MINGW64/x86_64-8.1.0-win32-seh-rt_v6-rev0/mingw64/bin/../lib/gcc/x86_64-w64-mingw32/8.1.0/../../../../x86_64-w64-mingw32/lib/../lib/libkernel32.a(dqifs00774.o)
                              ../build/x64_Release/pmc_memory.o (__imp_GetTickCount)
C:/GNU/MINGW64/x86_64-8.1.0-win32-seh-rt_v6-rev0/mingw64/bin/../lib/gcc/x86_64-w64-mingw32/8.1.0/../../../../x86_64-w64-mingw32/lib/../lib/libkernel32.a(dqifh.o)
                              C:/GNU/MINGW64/x86_64-8.1.0-win32-seh-rt_v6-rev0/mingw64/bin/../lib/gcc/x86_64-w64-mingw32/8.1.0/../../../../x86_64-w64-mingw32/lib/../lib/libkernel32.a(dqifs01555.o) (_head_lib64_libkernel32_a)
C:/GNU/MINGW64/x86_64-8.1.0-win32-seh-rt_v6-rev0/mingw64/bin/../lib/gcc/x86_64-w64-mingw32/8.1.0/../../../../x86_64-w64-mingw32/lib/../lib/libkernel32.a(dqift.o)
                              C:/GNU/MINGW64/x86_64-8.1.0-win32-seh-rt_v6-rev0/mingw64/bin/../lib/gcc/x86_64-w64-mingw32/8.1.0/../../../../x86_64-w64-mingw32/lib/../lib/libkernel32.a(dqifh.o) (__lib64_libkernel32_a_iname)

Allocating common symbols
Common symbol       size              file

number_one          0x48              ../build/x64_Release/pmc_memory.o
statistics_info     0x10              ../build/x64_Release/pmc_statistics.o
number_zero         0x48              ../build/x64_Release/pmc_memory.o
hLocalHeap          0x8               ../build/x64_Release/pmc_memory.o
configuration_info  0x4               ../build/x64_Release/pmc_initialize.o

Discarded input sections

 .drectve       0x0000000000000000       0x14 ../build/x64_Release/debug.o
 .rdata$.refptr.number_zero
                0x0000000000000000       0x10 ../build/x64_Release/pmc_bitwiseand.o
 .rdata$.refptr.number_zero
                0x0000000000000000       0x10 ../build/x64_Release/pmc_bitwiseor.o
 .rdata$.refptr.number_zero
                0x0000000000000000       0x10 ../build/x64_Release/pmc_bytes.o
 .rdata$.refptr.number_zero
                0x0000000000000000       0x10 ../build/x64_Release/pmc_clone.o
 .rdata$.refptr.number_zero
                0x0000000000000000       0x10 ../build/x64_Release/pmc_divrem.o
 .rdata$.refptr.number_zero
                0x0000000000000000       0x10 ../build/x64_Release/pmc_exclusiveor.o
 .rdata$.refptr.number_zero
                0x0000000000000000       0x10 ../build/x64_Release/pmc_from.o
 .drectve       0x0000000000000000       0x24 ../build/x64_Release/pmc_initialize.o
 .drectve       0x0000000000000000       0x50 ../build/x64_Release/pmc_memory.o
 .rdata$.refptr.number_zero
                0x0000000000000000       0x10 ../build/x64_Release/pmc_modpow.o
 .rdata$.refptr.number_zero
                0x0000000000000000       0x10 ../build/x64_Release/pmc_multiply.o
 .rdata$.refptr.statistics_info
                0x0000000000000000       0x10 ../build/x64_Release/pmc_multiply.o
 .rdata$.refptr.number_zero
                0x0000000000000000       0x10 ../build/x64_Release/pmc_parse.o
 .rdata$.refptr.statistics_info
                0x0000000000000000       0x10 ../build/x64_Release/pmc_parse.o
 .rdata$.refptr.number_one
                0x0000000000000000       0x10 ../build/x64_Release/pmc_pow.o
 .rdata$.refptr.number_zero
                0x0000000000000000       0x10 ../build/x64_Release/pmc_pow.o
 .rdata$.refptr.number_zero
                0x0000000000000000       0x10 ../build/x64_Release/pmc_shift.o
 .drectve       0x0000000000000000       0x20 ../build/x64_Release/pmc_statistics.o
 .rdata$.refptr.number_zero
                0x0000000000000000       0x10 ../build/x64_Release/pmc_subtruct.o
 .rdata$.refptr.statistics_info
                0x0000000000000000       0x10 ../build/x64_Release/pmc_tostring.o

Memory Configuration

Name             Origin             Length             Attributes
*default*        0x0000000000000000 0xffffffffffffffff

Linker script and memory map

                0x0000000063480000                __image_base__ = 0x63480000
                0x0000000000000000                __dll__ = 0x0
                0x0000000063480000                __ImageBase = 0x63480000
                0x0000000000001000                __section_alignment__ = 0x1000
                0x0000000000000200                __file_alignment__ = 0x200
                0x0000000000000004                __major_os_version__ = 0x4
                0x0000000000000000                __minor_os_version__ = 0x0
                0x0000000000000000                __major_image_version__ = 0x0
                0x0000000000000000                __minor_image_version__ = 0x0
                0x0000000000000005                __major_subsystem_version__ = 0x5
                0x0000000000000002                __minor_subsystem_version__ = 0x2
                0x0000000000000002                __subsystem__ = 0x2
                0x0000000000200000                __size_of_stack_reserve__ = 0x200000
                0x0000000000001000                __size_of_stack_commit__ = 0x1000
                0x0000000000100000                __size_of_heap_reserve__ = 0x100000
                0x0000000000001000                __size_of_heap_commit__ = 0x1000
                0x0000000000000000                __loader_flags__ = 0x0
                0x0000000000000000                __dll_characteristics__ = 0x0
LOAD ../build/x64_Release/cpuid.o
LOAD ../build/x64_Release/debug.o
LOAD ../build/x64_Release/dllmain.o
LOAD ../build/x64_Release/INTERNALTEST_op_DivRem.o
LOAD ../build/x64_Release/INTERNALTEST_op_Multiply.o
LOAD ../build/x64_Release/pmc_add.o
LOAD ../build/x64_Release/pmc_bitwiseand.o
LOAD ../build/x64_Release/pmc_bitwiseor.o
LOAD ../build/x64_Release/pmc_bytes.o
LOAD ../build/x64_Release/pmc_clone.o
LOAD ../build/x64_Release/pmc_compare.o
LOAD ../build/x64_Release/pmc_divrem.o
LOAD ../build/x64_Release/pmc_equals.o
LOAD ../build/x64_Release/pmc_exclusiveor.o
LOAD ../build/x64_Release/pmc_from.o
LOAD ../build/x64_Release/pmc_greatestcommondivisor.o
LOAD ../build/x64_Release/pmc_initialize.o
LOAD ../build/x64_Release/pmc_memory.o
LOAD ../build/x64_Release/pmc_modpow.o
LOAD ../build/x64_Release/pmc_multiply.o
LOAD ../build/x64_Release/pmc_parse.o
LOAD ../build/x64_Release/pmc_pow.o
LOAD ../build/x64_Release/pmc_shift.o
LOAD ../build/x64_Release/pmc_statistics.o
LOAD ../build/x64_Release/pmc_subtruct.o
LOAD ../build/x64_Release/pmc_to.o
LOAD ../build/x64_Release/pmc_tostring.o
LOAD ../build/x64_Release/TEST_autogenerated_1.o
LOAD ../build/x64_Release/TEST_autogenerated_2.o
LOAD ../build/x64_Release/TEST_op_Add.o
LOAD ../build/x64_Release/TEST_op_BitwiseAnd.o
LOAD ../build/x64_Release/TEST_op_BitwiseOr.o
LOAD ../build/x64_Release/TEST_op_Clone.o
LOAD ../build/x64_Release/TEST_op_Compare.o
LOAD ../build/x64_Release/TEST_op_DivRem.o
LOAD ../build/x64_Release/TEST_op_Equals.o
LOAD ../build/x64_Release/TEST_op_ExclusiveOr.o
LOAD ../build/x64_Release/TEST_op_From_To.o
LOAD ../build/x64_Release/TEST_op_GreatestCommonDivisor.o
LOAD ../build/x64_Release/TEST_op_ModPow.o
LOAD ../build/x64_Release/TEST_op_Multiply.o
LOAD ../build/x64_Release/TEST_op_ParseDN.o
LOAD ../build/x64_Release/TEST_op_ParseX.o
LOAD ../build/x64_Release/TEST_op_Pow.o
LOAD ../build/x64_Release/TEST_op_Remainder.o
LOAD ../build/x64_Release/TEST_op_Shift.o
LOAD ../build/x64_Release/TEST_op_Subtruct.o
LOAD ../build/x64_Release/TEST_op_ToStringC.o
LOAD ../build/x64_Release/TEST_op_ToStringD.o
LOAD ../build/x64_Release/TEST_op_ToStringE.o
LOAD ../build/x64_Release/TEST_op_ToStringF.o
LOAD ../build/x64_Release/TEST_op_ToStringG.o
LOAD ../build/x64_Release/TEST_op_ToStringN.o
LOAD ../build/x64_Release/TEST_op_ToStringP.o
LOAD ../build/x64_Release/TEST_op_ToStringR.o
LOAD ../build/x64_Release/TEST_op_ToStringX.o
LOAD ../build/x64_Release/version.o
LOAD ../Palmtree.Math.Core.Uint.def
LOAD C:/GNU/MINGW64/x86_64-8.1.0-win32-seh-rt_v6-rev0/mingw64/bin/../lib/gcc/x86_64-w64-mingw32/8.1.0/../../../../x86_64-w64-mingw32/lib/../lib/libkernel32.a
LOAD C:/GNU/MINGW64/x86_64-8.1.0-win32-seh-rt_v6-rev0/mingw64/bin/../lib/gcc/x86_64-w64-mingw32/8.1.0/../../../../x86_64-w64-mingw32/lib/../lib/libuser32.a
                0x0000000000000318                . = SIZEOF_HEADERS
                0x0000000000001000                . = ALIGN (__section_alignment__)

.text           0x0000000063481000    0x13400
 *(.init)
 *(.text)
 .text          0x0000000063481000       0xb0 ../build/x64_Release/cpuid.o
                0x0000000063481000                GetCPUInfo
 .text          0x00000000634810b0       0x10 ../build/x64_Release/debug.o
                0x00000000634810b0                DoDebug
 .text          0x00000000634810c0       0x50 ../build/x64_Release/dllmain.o
                0x00000000634810c0                DllMain
 .text          0x0000000063481110        0x0 ../build/x64_Release/INTERNALTEST_op_DivRem.o
 .text          0x0000000063481110        0x0 ../build/x64_Release/INTERNALTEST_op_Multiply.o
 .text          0x0000000063481110     0x1040 ../build/x64_Release/pmc_add.o
                0x0000000063481e90                PMC_Add_I_X
                0x0000000063481ee0                PMC_Add_X_I
                0x0000000063481f30                PMC_Add_L_X
                0x0000000063481f80                PMC_Add_X_L
                0x0000000063481fd0                PMC_Add_X_X
                0x0000000063482130                Initialize_Add
 .text          0x0000000063482150      0x6d0 ../build/x64_Release/pmc_bitwiseand.o
                0x0000000063482150                PMC_BitwiseAnd_I_X
                0x00000000634821b0                PMC_BitwiseAnd_X_I
                0x0000000063482210                PMC_BitwiseAnd_L_X
                0x0000000063482280                PMC_BitwiseAnd_X_L
                0x00000000634822f0                PMC_BitwiseAnd_X_X
                0x0000000063482810                Initialize_BitwiseAnd
 .text          0x0000000063482820      0x8c0 ../build/x64_Release/pmc_bitwiseor.o
                0x0000000063482a20                PMC_BitwiseOr_I_X
                0x0000000063482a70                PMC_BitwiseOr_X_I
                0x0000000063482ac0                PMC_BitwiseOr_L_X
                0x0000000063482b10                PMC_BitwiseOr_X_L
                0x0000000063482b60                PMC_BitwiseOr_X_X
                0x00000000634830d0                Initialize_BitwiseOr
 .text          0x00000000634830e0      0x390 ../build/x64_Release/pmc_bytes.o
                0x00000000634830e0                PMC_FromByteArrayForSINT
                0x0000000063483220                PMC_FromByteArray
                0x0000000063483320                PMC_ToByteArrayForSINT
                0x00000000634833e0                PMC_ToByteArray
 .text          0x0000000063483470       0x80 ../build/x64_Release/pmc_clone.o
                0x0000000063483470                PMC_Clone_X
                0x00000000634834e0                Initialize_Clone
 .text          0x00000000634834f0      0x3e0 ../build/x64_Release/pmc_compare.o
                0x00000000634835b0                Compare_Imp
                0x0000000063483620                PMC_Compare_I_X
                0x0000000063483680                PMC_Compare_X_I
                0x00000000634836e0                PMC_Compare_L_X
                0x0000000063483740                PMC_Compare_X_L
                0x00000000634837a0                PMC_Compare_X_X
                0x00000000634838c0                Initialize_Compare
 .text          0x00000000634838d0     0x4660 ../build/x64_Release/pmc_divrem.o
                0x0000000063486bd0                Rem_X_1W
                0x0000000063486ec0                DivRem_X_1W
                0x0000000063487310                DivRem_X_X
                0x0000000063487400                PMC_DivRem_I_X
                0x00000000634874e0                PMC_DivRem_X_I
                0x00000000634876d0                PMC_DivRem_L_X
                0x00000000634877d0                PMC_DivRem_X_L
                0x00000000634879d0                PMC_DivRem_X_X
                0x0000000063487f00                Initialize_DivRem
 .text          0x0000000063487f30      0x320 ../build/x64_Release/pmc_equals.o
                0x0000000063487f30                PMC_Equals_I_X
                0x0000000063487fc0                PMC_Equals_X_I
                0x0000000063488040                PMC_Equals_L_X
                0x00000000634880d0                PMC_Equals_X_L
                0x0000000063488160                PMC_Equals_X_X
                0x0000000063488240                Initialize_Equals
 .text          0x0000000063488250      0x920 ../build/x64_Release/pmc_exclusiveor.o
                0x0000000063488490                PMC_ExclusiveOr_I_X
                0x00000000634884e0                PMC_ExclusiveOr_X_I
                0x0000000063488530                PMC_ExclusiveOr_L_X
                0x0000000063488580                PMC_ExclusiveOr_X_L
                0x00000000634885d0                PMC_ExclusiveOr_X_X
                0x0000000063488b60                Initialize_ExclusiveOr
 .text          0x0000000063488b70      0x150 ../build/x64_Release/pmc_from.o
                0x0000000063488b70                From_I_Imp
                0x0000000063488bd0                From_L_Imp
                0x0000000063488c30                PMC_From_I
                0x0000000063488c70                PMC_From_L
                0x0000000063488cb0                Initialize_From
 .text          0x0000000063488cc0      0x950 ../build/x64_Release/pmc_greatestcommondivisor.o
                0x0000000063489200                PMC_GreatestCommonDivisor_I_X
                0x0000000063489250                PMC_GreatestCommonDivisor_X_I
                0x00000000634892a0                PMC_GreatestCommonDivisor_L_X
                0x00000000634892f0                PMC_GreatestCommonDivisor_X_L
                0x0000000063489340                PMC_GreatestCommonDivisor_X_X
                0x0000000063489600                Initialize_GreatestCommonDivisor
 .text          0x0000000063489610      0x5b0 ../build/x64_Release/pmc_initialize.o
                0x0000000063489610                PMC_UINT_Initialize
 .text          0x0000000063489bc0      0xb20 ../build/x64_Release/pmc_memory.o
                0x0000000063489e60                AllocateBlock
                0x0000000063489f40                DeallocateBlock
                0x000000006348a010                CheckBlockLight
                0x000000006348a020                AttatchNumber
                0x000000006348a0b0                AllocateNumber
                0x000000006348a170                DetatchNumber
                0x000000006348a190                DeallocateNumber
                0x000000006348a1b0                CommitNumber
                0x000000006348a330                CheckNumber
                0x000000006348a360                DuplicateNumber
                0x000000006348a410                PMC_GetConstantValue_I
                0x000000006348a440                PMC_Dispose
                0x000000006348a470                InitializeChainBuffer
                0x000000006348a480                CleanUpChainBuffer
                0x000000006348a4d0                AllocateChainedBuffer
                0x000000006348a530                CheckChainedBuffer
                0x000000006348a540                DeallocateChainedBuffer
                0x000000006348a590                Initialize_Memory
                0x000000006348a680                AllocateHeapArea
                0x000000006348a6b0                DeallocateHeapArea
 .text          0x000000006348a6e0      0x900 ../build/x64_Release/pmc_modpow.o
                0x000000006348a6e0                PMC_ModPow_X_X_X
                0x000000006348afd0                Initialize_ModPow
 .text          0x000000006348afe0     0x1c30 ../build/x64_Release/pmc_multiply.o
                0x000000006348c850                Multiply_X_X_Imp
                0x000000006348c860                PMC_Multiply_X_I_Imp
                0x000000006348c930                PMC_Multiply_I_X
                0x000000006348c980                PMC_Multiply_X_I
                0x000000006348c9d0                PMC_Multiply_L_X
                0x000000006348ca20                PMC_Multiply_X_L
                0x000000006348ca70                PMC_Multiply_X_X
                0x000000006348cbc0                Initialize_Multiply
 .text          0x000000006348cc10     0x38f0 ../build/x64_Release/pmc_parse.o
                0x0000000063490400                PMC_TryParse
                0x0000000063490460                PMC_TryParseForSINT
                0x00000000634904c0                Initialize_Parse
 .text          0x0000000063490500      0x300 ../build/x64_Release/pmc_pow.o
                0x0000000063490500                PMC_Pow_X_I
                0x00000000634907f0                Initialize_Pow
 .text          0x0000000063490800     0x1240 ../build/x64_Release/pmc_shift.o
                0x0000000063490800                RightShift_Imp_DIV
                0x0000000063491030                RightShift_Imp
                0x0000000063491040                LeftShift_Imp_DIV
                0x0000000063491840                LeftShift_Imp
                0x0000000063491850                PMC_RightShift_X_I
                0x0000000063491940                PMC_LeftShift_X_I
                0x0000000063491a30                Initialize_Shift
 .text          0x0000000063491a40       0x30 ../build/x64_Release/pmc_statistics.o
                0x0000000063491a40                PMC_GetStatisticsInfo
 .text          0x0000000063491a70      0xad0 ../build/x64_Release/pmc_subtruct.o
                0x0000000063491af0                Subtruct_Imp
                0x0000000063492010                PMC_Subtruct_I_X
                0x00000000634920a0                PMC_Subtruct_X_I
                0x00000000634921f0                PMC_Subtruct_L_X
                0x0000000063492280                PMC_Subtruct_X_L
                0x00000000634923e0                PMC_Subtruct_X_X
                0x0000000063492530                Initialize_Subtruct
 .text          0x0000000063492540       0xb0 ../build/x64_Release/pmc_to.o
                0x0000000063492540                PMC_To_X_I
                0x0000000063492590                PMC_To_X_L
                0x00000000634925e0                Initialize_To
 .text          0x00000000634925f0     0x1cb0 ../build/x64_Release/pmc_tostring.o
                0x0000000063493280                PMC_ToString
                0x0000000063494150                InitializeNumberFormatoInfo
                0x0000000063494270                PMC_InitializeNumberFormatInfo
                0x0000000063494280                Initialize_ToString
 .text          0x00000000634942a0        0x0 ../build/x64_Release/TEST_autogenerated_1.o
 .text          0x00000000634942a0        0x0 ../build/x64_Release/TEST_autogenerated_2.o
 .text          0x00000000634942a0        0x0 ../build/x64_Release/TEST_op_Add.o
 .text          0x00000000634942a0        0x0 ../build/x64_Release/TEST_op_BitwiseAnd.o
 .text          0x00000000634942a0        0x0 ../build/x64_Release/TEST_op_BitwiseOr.o
 .text          0x00000000634942a0        0x0 ../build/x64_Release/TEST_op_Clone.o
 .text          0x00000000634942a0        0x0 ../build/x64_Release/TEST_op_Compare.o
 .text          0x00000000634942a0        0x0 ../build/x64_Release/TEST_op_DivRem.o
 .text          0x00000000634942a0        0x0 ../build/x64_Release/TEST_op_Equals.o
 .text          0x00000000634942a0        0x0 ../build/x64_Release/TEST_op_ExclusiveOr.o
 .text          0x00000000634942a0        0x0 ../build/x64_Release/TEST_op_From_To.o
 .text          0x00000000634942a0        0x0 ../build/x64_Release/TEST_op_GreatestCommonDivisor.o
 .text          0x00000000634942a0        0x0 ../build/x64_Release/TEST_op_ModPow.o
 .text          0x00000000634942a0        0x0 ../build/x64_Release/TEST_op_Multiply.o
 .text          0x00000000634942a0        0x0 ../build/x64_Release/TEST_op_ParseDN.o
 .text          0x00000000634942a0        0x0 ../build/x64_Release/TEST_op_ParseX.o
 .text          0x00000000634942a0        0x0 ../build/x64_Release/TEST_op_Pow.o
 .text          0x00000000634942a0        0x0 ../build/x64_Release/TEST_op_Remainder.o
 .text          0x00000000634942a0        0x0 ../build/x64_Release/TEST_op_Shift.o
 .text          0x00000000634942a0        0x0 ../build/x64_Release/TEST_op_Subtruct.o
 .text          0x00000000634942a0        0x0 ../build/x64_Release/TEST_op_ToStringC.o
 .text          0x00000000634942a0        0x0 ../build/x64_Release/TEST_op_ToStringD.o
 .text          0x00000000634942a0        0x0 ../build/x64_Release/TEST_op_ToStringE.o
 .text          0x00000000634942a0        0x0 ../build/x64_Release/TEST_op_ToStringF.o
 .text          0x00000000634942a0        0x0 ../build/x64_Release/TEST_op_ToStringG.o
 .text          0x00000000634942a0        0x0 ../build/x64_Release/TEST_op_ToStringN.o
 .text          0x00000000634942a0        0x0 ../build/x64_Release/TEST_op_ToStringP.o
 .text          0x00000000634942a0        0x0 ../build/x64_Release/TEST_op_ToStringR.o
 .text          0x00000000634942a0        0x0 ../build/x64_Release/TEST_op_ToStringX.o
 .text          0x00000000634942a0        0x8 C:/GNU/MINGW64/x86_64-8.1.0-win32-seh-rt_v6-rev0/mingw64/bin/../lib/gcc/x86_64-w64-mingw32/8.1.0/../../../../x86_64-w64-mingw32/lib/../lib/libkernel32.a(dqifs01555.o)
                0x00000000634942a0                lstrlenW
 .text          0x00000000634942a8        0x8 C:/GNU/MINGW64/x86_64-8.1.0-win32-seh-rt_v6-rev0/mingw64/bin/../lib/gcc/x86_64-w64-mingw32/8.1.0/../../../../x86_64-w64-mingw32/lib/../lib/libkernel32.a(dqifs01549.o)
                0x00000000634942a8                lstrcpyW
 .text          0x00000000634942b0        0x8 C:/GNU/MINGW64/x86_64-8.1.0-win32-seh-rt_v6-rev0/mingw64/bin/../lib/gcc/x86_64-w64-mingw32/8.1.0/../../../../x86_64-w64-mingw32/lib/../lib/libkernel32.a(dqifs01540.o)
                0x00000000634942b0                lstrcatW
 .text          0x00000000634942b8        0x8 C:/GNU/MINGW64/x86_64-8.1.0-win32-seh-rt_v6-rev0/mingw64/bin/../lib/gcc/x86_64-w64-mingw32/8.1.0/../../../../x86_64-w64-mingw32/lib/../lib/libkernel32.a(dqifs00841.o)
                0x00000000634942b8                HeapFree
 .text          0x00000000634942c0        0x8 C:/GNU/MINGW64/x86_64-8.1.0-win32-seh-rt_v6-rev0/mingw64/bin/../lib/gcc/x86_64-w64-mingw32/8.1.0/../../../../x86_64-w64-mingw32/lib/../lib/libkernel32.a(dqifs00839.o)
                0x00000000634942c0                HeapDestroy
 .text          0x00000000634942c8        0x8 C:/GNU/MINGW64/x86_64-8.1.0-win32-seh-rt_v6-rev0/mingw64/bin/../lib/gcc/x86_64-w64-mingw32/8.1.0/../../../../x86_64-w64-mingw32/lib/../lib/libkernel32.a(dqifs00837.o)
                0x00000000634942c8                HeapCreate
 .text          0x00000000634942d0        0x8 C:/GNU/MINGW64/x86_64-8.1.0-win32-seh-rt_v6-rev0/mingw64/bin/../lib/gcc/x86_64-w64-mingw32/8.1.0/../../../../x86_64-w64-mingw32/lib/../lib/libkernel32.a(dqifs00835.o)
                0x00000000634942d0                HeapAlloc
 .text          0x00000000634942d8        0x8 C:/GNU/MINGW64/x86_64-8.1.0-win32-seh-rt_v6-rev0/mingw64/bin/../lib/gcc/x86_64-w64-mingw32/8.1.0/../../../../x86_64-w64-mingw32/lib/../lib/libkernel32.a(dqifs00774.o)
                0x00000000634942d8                GetTickCount
 .text          0x00000000634942e0        0x0 C:/GNU/MINGW64/x86_64-8.1.0-win32-seh-rt_v6-rev0/mingw64/bin/../lib/gcc/x86_64-w64-mingw32/8.1.0/../../../../x86_64-w64-mingw32/lib/../lib/libkernel32.a(dqifh.o)
 .text          0x00000000634942e0        0x0 C:/GNU/MINGW64/x86_64-8.1.0-win32-seh-rt_v6-rev0/mingw64/bin/../lib/gcc/x86_64-w64-mingw32/8.1.0/../../../../x86_64-w64-mingw32/lib/../lib/libkernel32.a(dqift.o)
 *(SORT_BY_NAME(.text$*))
 *(.text.*)
 *(.gnu.linkonce.t.*)
 *(.glue_7t)
 *(.glue_7)
                0x00000000634942e0                . = ALIGN (0x8)
                0x00000000634942e0                ___CTOR_LIST__ = .
                0x00000000634942e0                __CTOR_LIST__ = .
                0x00000000634942e0        0x4 LONG 0xffffffffffffffff
                0x00000000634942e4        0x4 LONG 0xffffffffffffffff
 *(.ctors)
 *(.ctor)
 *(SORT_BY_NAME(.ctors.*))
                0x00000000634942e8        0x4 LONG 0x0
                0x00000000634942ec        0x4 LONG 0x0
                0x00000000634942f0                ___DTOR_LIST__ = .
                0x00000000634942f0                __DTOR_LIST__ = .
                0x00000000634942f0        0x4 LONG 0xffffffffffffffff
                0x00000000634942f4        0x4 LONG 0xffffffffffffffff
 *(.dtors)
 *(.dtor)
 *(SORT_BY_NAME(.dtors.*))
                0x00000000634942f8        0x4 LONG 0x0
                0x00000000634942fc        0x4 LONG 0x0
 *(.fini)
 *(.gcc_exc)
                [!provide]                        PROVIDE (etext = .)
 *(.gcc_except_table)

.data           0x0000000063495000      0x200
                0x0000000063495000                __data_start__ = .
 *(.data)
 .data          0x0000000063495000        0x0 ../build/x64_Release/cpuid.o
 .data          0x0000000063495000        0x0 ../build/x64_Release/debug.o
 .data          0x0000000063495000        0x0 ../build/x64_Release/dllmain.o
 .data          0x0000000063495000        0x0 ../build/x64_Release/INTERNALTEST_op_DivRem.o
 .data          0x0000000063495000        0x0 ../build/x64_Release/INTERNALTEST_op_Multiply.o
 .data          0x0000000063495000        0x0 ../build/x64_Release/pmc_add.o
 .data          0x0000000063495000        0x0 ../build/x64_Release/pmc_bitwiseand.o
 .data          0x0000000063495000        0x0 ../build/x64_Release/pmc_bitwiseor.o
 .data          0x0000000063495000        0x0 ../build/x64_Release/pmc_bytes.o
 .data          0x0000000063495000        0x0 ../build/x64_Release/pmc_clone.o
 .data          0x0000000063495000        0x0 ../build/x64_Release/pmc_compare.o
 .data          0x0000000063495000        0x0 ../build/x64_Release/pmc_divrem.o
 .data          0x0000000063495000        0x0 ../build/x64_Release/pmc_equals.o
 .data          0x0000000063495000        0x0 ../build/x64_Release/pmc_exclusiveor.o
 .data          0x0000000063495000        0x0 ../build/x64_Release/pmc_from.o
 .data          0x0000000063495000        0x0 ../build/x64_Release/pmc_greatestcommondivisor.o
 .data          0x0000000063495000        0x0 ../build/x64_Release/pmc_initialize.o
 .data          0x0000000063495000        0x0 ../build/x64_Release/pmc_memory.o
 .data          0x0000000063495000        0x0 ../build/x64_Release/pmc_modpow.o
 .data          0x0000000063495000        0x0 ../build/x64_Release/pmc_multiply.o
 .data          0x0000000063495000        0x0 ../build/x64_Release/pmc_parse.o
 .data          0x0000000063495000        0x0 ../build/x64_Release/pmc_pow.o
 .data          0x0000000063495000        0x0 ../build/x64_Release/pmc_shift.o
 .data          0x0000000063495000        0x0 ../build/x64_Release/pmc_statistics.o
 .data          0x0000000063495000        0x0 ../build/x64_Release/pmc_subtruct.o
 .data          0x0000000063495000        0x0 ../build/x64_Release/pmc_to.o
 .data          0x0000000063495000       0x80 ../build/x64_Release/pmc_tostring.o
 .data          0x0000000063495080        0x0 ../build/x64_Release/TEST_autogenerated_1.o
 .data          0x0000000063495080        0x0 ../build/x64_Release/TEST_autogenerated_2.o
 .data          0x0000000063495080        0x0 ../build/x64_Release/TEST_op_Add.o
 .data          0x0000000063495080        0x0 ../build/x64_Release/TEST_op_BitwiseAnd.o
 .data          0x0000000063495080        0x0 ../build/x64_Release/TEST_op_BitwiseOr.o
 .data          0x0000000063495080        0x0 ../build/x64_Release/TEST_op_Clone.o
 .data          0x0000000063495080        0x0 ../build/x64_Release/TEST_op_Compare.o
 .data          0x0000000063495080        0x0 ../build/x64_Release/TEST_op_DivRem.o
 .data          0x0000000063495080        0x0 ../build/x64_Release/TEST_op_Equals.o
 .data          0x0000000063495080        0x0 ../build/x64_Release/TEST_op_ExclusiveOr.o
 .data          0x0000000063495080        0x0 ../build/x64_Release/TEST_op_From_To.o
 .data          0x0000000063495080        0x0 ../build/x64_Release/TEST_op_GreatestCommonDivisor.o
 .data          0x0000000063495080        0x0 ../build/x64_Release/TEST_op_ModPow.o
 .data          0x0000000063495080        0x0 ../build/x64_Release/TEST_op_Multiply.o
 .data          0x0000000063495080        0x0 ../build/x64_Release/TEST_op_ParseDN.o
 .data          0x0000000063495080        0x0 ../build/x64_Release/TEST_op_ParseX.o
 .data          0x0000000063495080        0x0 ../build/x64_Release/TEST_op_Pow.o
 .data          0x0000000063495080        0x0 ../build/x64_Release/TEST_op_Remainder.o
 .data          0x0000000063495080        0x0 ../build/x64_Release/TEST_op_Shift.o
 .data          0x0000000063495080        0x0 ../build/x64_Release/TEST_op_Subtruct.o
 .data          0x0000000063495080        0x0 ../build/x64_Release/TEST_op_ToStringC.o
 .data          0x0000000063495080        0x0 ../build/x64_Release/TEST_op_ToStringD.o
 .data          0x0000000063495080        0x0 ../build/x64_Release/TEST_op_ToStringE.o
 .data          0x0000000063495080        0x0 ../build/x64_Release/TEST_op_ToStringF.o
 .data          0x0000000063495080        0x0 ../build/x64_Release/TEST_op_ToStringG.o
 .data          0x0000000063495080        0x0 ../build/x64_Release/TEST_op_ToStringN.o
 .data          0x0000000063495080        0x0 ../build/x64_Release/TEST_op_ToStringP.o
 .data          0x0000000063495080        0x0 ../build/x64_Release/TEST_op_ToStringR.o
 .data          0x0000000063495080        0x0 ../build/x64_Release/TEST_op_ToStringX.o
 .data          0x0000000063495080        0x0 C:/GNU/MINGW64/x86_64-8.1.0-win32-seh-rt_v6-rev0/mingw64/bin/../lib/gcc/x86_64-w64-mingw32/8.1.0/../../../../x86_64-w64-mingw32/lib/../lib/libkernel32.a(dqifs01555.o)
 .data          0x0000000063495080        0x0 C:/GNU/MINGW64/x86_64-8.1.0-win32-seh-rt_v6-rev0/mingw64/bin/../lib/gcc/x86_64-w64-mingw32/8.1.0/../../../../x86_64-w64-mingw32/lib/../lib/libkernel32.a(dqifs01549.o)
 .data          0x0000000063495080        0x0 C:/GNU/MINGW64/x86_64-8.1.0-win32-seh-rt_v6-rev0/mingw64/bin/../lib/gcc/x86_64-w64-mingw32/8.1.0/../../../../x86_64-w64-mingw32/lib/../lib/libkernel32.a(dqifs01540.o)
 .data          0x0000000063495080        0x0 C:/GNU/MINGW64/x86_64-8.1.0-win32-seh-rt_v6-rev0/mingw64/bin/../lib/gcc/x86_64-w64-mingw32/8.1.0/../../../../x86_64-w64-mingw32/lib/../lib/libkernel32.a(dqifs00841.o)
 .data          0x0000000063495080        0x0 C:/GNU/MINGW64/x86_64-8.1.0-win32-seh-rt_v6-rev0/mingw64/bin/../lib/gcc/x86_64-w64-mingw32/8.1.0/../../../../x86_64-w64-mingw32/lib/../lib/libkernel32.a(dqifs00839.o)
 .data          0x0000000063495080        0x0 C:/GNU/MINGW64/x86_64-8.1.0-win32-seh-rt_v6-rev0/mingw64/bin/../lib/gcc/x86_64-w64-mingw32/8.1.0/../../../../x86_64-w64-mingw32/lib/../lib/libkernel32.a(dqifs00837.o)
 .data          0x0000000063495080        0x0 C:/GNU/MINGW64/x86_64-8.1.0-win32-seh-rt_v6-rev0/mingw64/bin/../lib/gcc/x86_64-w64-mingw32/8.1.0/../../../../x86_64-w64-mingw32/lib/../lib/libkernel32.a(dqifs00835.o)
 .data          0x0000000063495080        0x0 C:/GNU/MINGW64/x86_64-8.1.0-win32-seh-rt_v6-rev0/mingw64/bin/../lib/gcc/x86_64-w64-mingw32/8.1.0/../../../../x86_64-w64-mingw32/lib/../lib/libkernel32.a(dqifs00774.o)
 .data          0x0000000063495080        0x0 C:/GNU/MINGW64/x86_64-8.1.0-win32-seh-rt_v6-rev0/mingw64/bin/../lib/gcc/x86_64-w64-mingw32/8.1.0/../../../../x86_64-w64-mingw32/lib/../lib/libkernel32.a(dqifh.o)
 .data          0x0000000063495080        0x0 C:/GNU/MINGW64/x86_64-8.1.0-win32-seh-rt_v6-rev0/mingw64/bin/../lib/gcc/x86_64-w64-mingw32/8.1.0/../../../../x86_64-w64-mingw32/lib/../lib/libkernel32.a(dqift.o)
 *(.data2)
 *(SORT_BY_NAME(.data$*))
 *(.jcr)
                0x0000000063495080                __data_end__ = .
 *(.data_cygwin_nocopy)

.rdata          0x0000000063496000     0x1600
 *(.rdata)
 .rdata         0x0000000063496000      0x2d0 ../build/x64_Release/pmc_tostring.o
 *(SORT_BY_NAME(.rdata$*))
 .rdata$.refptr.PMC_Add_I_X
                0x00000000634962d0       0x10 ../build/x64_Release/pmc_initialize.o
                0x00000000634962d0                .refptr.PMC_Add_I_X
 .rdata$.refptr.PMC_Add_L_X
                0x00000000634962e0       0x10 ../build/x64_Release/pmc_initialize.o
                0x00000000634962e0                .refptr.PMC_Add_L_X
 .rdata$.refptr.PMC_Add_X_I
                0x00000000634962f0       0x10 ../build/x64_Release/pmc_initialize.o
                0x00000000634962f0                .refptr.PMC_Add_X_I
 .rdata$.refptr.PMC_Add_X_L
                0x0000000063496300       0x10 ../build/x64_Release/pmc_initialize.o
                0x0000000063496300                .refptr.PMC_Add_X_L
 .rdata$.refptr.PMC_Add_X_X
                0x0000000063496310       0x10 ../build/x64_Release/pmc_initialize.o
                0x0000000063496310                .refptr.PMC_Add_X_X
 .rdata$.refptr.PMC_BitwiseAnd_I_X
                0x0000000063496320       0x10 ../build/x64_Release/pmc_initialize.o
                0x0000000063496320                .refptr.PMC_BitwiseAnd_I_X
 .rdata$.refptr.PMC_BitwiseAnd_L_X
                0x0000000063496330       0x10 ../build/x64_Release/pmc_initialize.o
                0x0000000063496330                .refptr.PMC_BitwiseAnd_L_X
 .rdata$.refptr.PMC_BitwiseAnd_X_I
                0x0000000063496340       0x10 ../build/x64_Release/pmc_initialize.o
                0x0000000063496340                .refptr.PMC_BitwiseAnd_X_I
 .rdata$.refptr.PMC_BitwiseAnd_X_L
                0x0000000063496350       0x10 ../build/x64_Release/pmc_initialize.o
                0x0000000063496350                .refptr.PMC_BitwiseAnd_X_L
 .rdata$.refptr.PMC_BitwiseAnd_X_X
                0x0000000063496360       0x10 ../build/x64_Release/pmc_initialize.o
                0x0000000063496360                .refptr.PMC_BitwiseAnd_X_X
 .rdata$.refptr.PMC_BitwiseOr_I_X
                0x0000000063496370       0x10 ../build/x64_Release/pmc_initialize.o
                0x0000000063496370                .refptr.PMC_BitwiseOr_I_X
 .rdata$.refptr.PMC_BitwiseOr_L_X
                0x0000000063496380       0x10 ../build/x64_Release/pmc_initialize.o
                0x0000000063496380                .refptr.PMC_BitwiseOr_L_X
 .rdata$.refptr.PMC_BitwiseOr_X_I
                0x0000000063496390       0x10 ../build/x64_Release/pmc_initialize.o
                0x0000000063496390                .refptr.PMC_BitwiseOr_X_I
 .rdata$.refptr.PMC_BitwiseOr_X_L
                0x00000000634963a0       0x10 ../build/x64_Release/pmc_initialize.o
                0x00000000634963a0                .refptr.PMC_BitwiseOr_X_L
 .rdata$.refptr.PMC_BitwiseOr_X_X
                0x00000000634963b0       0x10 ../build/x64_Release/pmc_initialize.o
                0x00000000634963b0                .refptr.PMC_BitwiseOr_X_X
 .rdata$.refptr.PMC_Clone_X
                0x00000000634963c0       0x10 ../build/x64_Release/pmc_initialize.o
                0x00000000634963c0                .refptr.PMC_Clone_X
 .rdata$.refptr.PMC_Compare_I_X
                0x00000000634963d0       0x10 ../build/x64_Release/pmc_initialize.o
                0x00000000634963d0                .refptr.PMC_Compare_I_X
 .rdata$.refptr.PMC_Compare_L_X
                0x00000000634963e0       0x10 ../build/x64_Release/pmc_initialize.o
                0x00000000634963e0                .refptr.PMC_Compare_L_X
 .rdata$.refptr.PMC_Compare_X_I
                0x00000000634963f0       0x10 ../build/x64_Release/pmc_initialize.o
                0x00000000634963f0                .refptr.PMC_Compare_X_I
 .rdata$.refptr.PMC_Compare_X_L
                0x0000000063496400       0x10 ../build/x64_Release/pmc_initialize.o
                0x0000000063496400                .refptr.PMC_Compare_X_L
 .rdata$.refptr.PMC_Compare_X_X
                0x0000000063496410       0x10 ../build/x64_Release/pmc_initialize.o
                0x0000000063496410                .refptr.PMC_Compare_X_X
 .rdata$.refptr.PMC_Dispose
                0x0000000063496420       0x10 ../build/x64_Release/pmc_initialize.o
                0x0000000063496420                .refptr.PMC_Dispose
 .rdata$.refptr.PMC_DivRem_I_X
                0x0000000063496430       0x10 ../build/x64_Release/pmc_initialize.o
                0x0000000063496430                .refptr.PMC_DivRem_I_X
 .rdata$.refptr.PMC_DivRem_L_X
                0x0000000063496440       0x10 ../build/x64_Release/pmc_initialize.o
                0x0000000063496440                .refptr.PMC_DivRem_L_X
 .rdata$.refptr.PMC_DivRem_X_I
                0x0000000063496450       0x10 ../build/x64_Release/pmc_initialize.o
                0x0000000063496450                .refptr.PMC_DivRem_X_I
 .rdata$.refptr.PMC_DivRem_X_L
                0x0000000063496460       0x10 ../build/x64_Release/pmc_initialize.o
                0x0000000063496460                .refptr.PMC_DivRem_X_L
 .rdata$.refptr.PMC_DivRem_X_X
                0x0000000063496470       0x10 ../build/x64_Release/pmc_initialize.o
                0x0000000063496470                .refptr.PMC_DivRem_X_X
 .rdata$.refptr.PMC_Equals_I_X
                0x0000000063496480       0x10 ../build/x64_Release/pmc_initialize.o
                0x0000000063496480                .refptr.PMC_Equals_I_X
 .rdata$.refptr.PMC_Equals_L_X
                0x0000000063496490       0x10 ../build/x64_Release/pmc_initialize.o
                0x0000000063496490                .refptr.PMC_Equals_L_X
 .rdata$.refptr.PMC_Equals_X_I
                0x00000000634964a0       0x10 ../build/x64_Release/pmc_initialize.o
                0x00000000634964a0                .refptr.PMC_Equals_X_I
 .rdata$.refptr.PMC_Equals_X_L
                0x00000000634964b0       0x10 ../build/x64_Release/pmc_initialize.o
                0x00000000634964b0                .refptr.PMC_Equals_X_L
 .rdata$.refptr.PMC_Equals_X_X
                0x00000000634964c0       0x10 ../build/x64_Release/pmc_initialize.o
                0x00000000634964c0                .refptr.PMC_Equals_X_X
 .rdata$.refptr.PMC_ExclusiveOr_I_X
                0x00000000634964d0       0x10 ../build/x64_Release/pmc_initialize.o
                0x00000000634964d0                .refptr.PMC_ExclusiveOr_I_X
 .rdata$.refptr.PMC_ExclusiveOr_L_X
                0x00000000634964e0       0x10 ../build/x64_Release/pmc_initialize.o
                0x00000000634964e0                .refptr.PMC_ExclusiveOr_L_X
 .rdata$.refptr.PMC_ExclusiveOr_X_I
                0x00000000634964f0       0x10 ../build/x64_Release/pmc_initialize.o
                0x00000000634964f0                .refptr.PMC_ExclusiveOr_X_I
 .rdata$.refptr.PMC_ExclusiveOr_X_L
                0x0000000063496500       0x10 ../build/x64_Release/pmc_initialize.o
                0x0000000063496500                .refptr.PMC_ExclusiveOr_X_L
 .rdata$.refptr.PMC_ExclusiveOr_X_X
                0x0000000063496510       0x10 ../build/x64_Release/pmc_initialize.o
                0x0000000063496510                .refptr.PMC_ExclusiveOr_X_X
 .rdata$.refptr.PMC_FromByteArray
                0x0000000063496520       0x10 ../build/x64_Release/pmc_initialize.o
                0x0000000063496520                .refptr.PMC_FromByteArray
 .rdata$.refptr.PMC_FromByteArrayForSINT
                0x0000000063496530       0x10 ../build/x64_Release/pmc_initialize.o
                0x0000000063496530                .refptr.PMC_FromByteArrayForSINT
 .rdata$.refptr.PMC_From_I
                0x0000000063496540       0x10 ../build/x64_Release/pmc_initialize.o
                0x0000000063496540                .refptr.PMC_From_I
 .rdata$.refptr.PMC_From_L
                0x0000000063496550       0x10 ../build/x64_Release/pmc_initialize.o
                0x0000000063496550                .refptr.PMC_From_L
 .rdata$.refptr.PMC_GetConstantValue_I
                0x0000000063496560       0x10 ../build/x64_Release/pmc_initialize.o
                0x0000000063496560                .refptr.PMC_GetConstantValue_I
 .rdata$.refptr.PMC_GetStatisticsInfo
                0x0000000063496570       0x10 ../build/x64_Release/pmc_initialize.o
                0x0000000063496570                .refptr.PMC_GetStatisticsInfo
 .rdata$.refptr.PMC_GreatestCommonDivisor_I_X
                0x0000000063496580       0x10 ../build/x64_Release/pmc_initialize.o
                0x0000000063496580                .refptr.PMC_GreatestCommonDivisor_I_X
 .rdata$.refptr.PMC_GreatestCommonDivisor_L_X
                0x0000000063496590       0x10 ../build/x64_Release/pmc_initialize.o
                0x0000000063496590                .refptr.PMC_GreatestCommonDivisor_L_X
 .rdata$.refptr.PMC_GreatestCommonDivisor_X_I
                0x00000000634965a0       0x10 ../build/x64_Release/pmc_initialize.o
                0x00000000634965a0                .refptr.PMC_GreatestCommonDivisor_X_I
 .rdata$.refptr.PMC_GreatestCommonDivisor_X_L
                0x00000000634965b0       0x10 ../build/x64_Release/pmc_initialize.o
                0x00000000634965b0                .refptr.PMC_GreatestCommonDivisor_X_L
 .rdata$.refptr.PMC_GreatestCommonDivisor_X_X
                0x00000000634965c0       0x10 ../build/x64_Release/pmc_initialize.o
                0x00000000634965c0                .refptr.PMC_GreatestCommonDivisor_X_X
 .rdata$.refptr.PMC_InitializeNumberFormatInfo
                0x00000000634965d0       0x10 ../build/x64_Release/pmc_initialize.o
                0x00000000634965d0                .refptr.PMC_InitializeNumberFormatInfo
 .rdata$.refptr.PMC_LeftShift_X_I
                0x00000000634965e0       0x10 ../build/x64_Release/pmc_initialize.o
                0x00000000634965e0                .refptr.PMC_LeftShift_X_I
 .rdata$.refptr.PMC_ModPow_X_X_X
                0x00000000634965f0       0x10 ../build/x64_Release/pmc_initialize.o
                0x00000000634965f0                .refptr.PMC_ModPow_X_X_X
 .rdata$.refptr.PMC_Multiply_I_X
                0x0000000063496600       0x10 ../build/x64_Release/pmc_initialize.o
                0x0000000063496600                .refptr.PMC_Multiply_I_X
 .rdata$.refptr.PMC_Multiply_L_X
                0x0000000063496610       0x10 ../build/x64_Release/pmc_initialize.o
                0x0000000063496610                .refptr.PMC_Multiply_L_X
 .rdata$.refptr.PMC_Multiply_X_I
                0x0000000063496620       0x10 ../build/x64_Release/pmc_initialize.o
                0x0000000063496620                .refptr.PMC_Multiply_X_I
 .rdata$.refptr.PMC_Multiply_X_L
                0x0000000063496630       0x10 ../build/x64_Release/pmc_initialize.o
                0x0000000063496630                .refptr.PMC_Multiply_X_L
 .rdata$.refptr.PMC_Multiply_X_X
                0x0000000063496640       0x10 ../build/x64_Release/pmc_initialize.o
                0x0000000063496640                .refptr.PMC_Multiply_X_X
 .rdata$.refptr.PMC_Pow_X_I
                0x0000000063496650       0x10 ../build/x64_Release/pmc_initialize.o
                0x0000000063496650                .refptr.PMC_Pow_X_I
 .rdata$.refptr.PMC_RightShift_X_I
                0x0000000063496660       0x10 ../build/x64_Release/pmc_initialize.o
                0x0000000063496660                .refptr.PMC_RightShift_X_I
 .rdata$.refptr.PMC_Subtruct_I_X
                0x0000000063496670       0x10 ../build/x64_Release/pmc_initialize.o
                0x0000000063496670                .refptr.PMC_Subtruct_I_X
 .rdata$.refptr.PMC_Subtruct_L_X
                0x0000000063496680       0x10 ../build/x64_Release/pmc_initialize.o
                0x0000000063496680                .refptr.PMC_Subtruct_L_X
 .rdata$.refptr.PMC_Subtruct_X_I
                0x0000000063496690       0x10 ../build/x64_Release/pmc_initialize.o
                0x0000000063496690                .refptr.PMC_Subtruct_X_I
 .rdata$.refptr.PMC_Subtruct_X_L
                0x00000000634966a0       0x10 ../build/x64_Release/pmc_initialize.o
                0x00000000634966a0                .refptr.PMC_Subtruct_X_L
 .rdata$.refptr.PMC_Subtruct_X_X
                0x00000000634966b0       0x10 ../build/x64_Release/pmc_initialize.o
                0x00000000634966b0                .refptr.PMC_Subtruct_X_X
 .rdata$.refptr.PMC_ToByteArray
                0x00000000634966c0       0x10 ../build/x64_Release/pmc_initialize.o
                0x00000000634966c0                .refptr.PMC_ToByteArray
 .rdata$.refptr.PMC_ToByteArrayForSINT
                0x00000000634966d0       0x10 ../build/x64_Release/pmc_initialize.o
                0x00000000634966d0                .refptr.PMC_ToByteArrayForSINT
 .rdata$.refptr.PMC_ToString
                0x00000000634966e0       0x10 ../build/x64_Release/pmc_initialize.o
                0x00000000634966e0                .refptr.PMC_ToString
 .rdata$.refptr.PMC_To_X_I
                0x00000000634966f0       0x10 ../build/x64_Release/pmc_initialize.o
                0x00000000634966f0                .refptr.PMC_To_X_I
 .rdata$.refptr.PMC_To_X_L
                0x0000000063496700       0x10 ../build/x64_Release/pmc_initialize.o
                0x0000000063496700                .refptr.PMC_To_X_L
 .rdata$.refptr.PMC_TryParse
                0x0000000063496710       0x10 ../build/x64_Release/pmc_initialize.o
                0x0000000063496710                .refptr.PMC_TryParse
 .rdata$.refptr.PMC_TryParseForSINT
                0x0000000063496720       0x10 ../build/x64_Release/pmc_initialize.o
                0x0000000063496720                .refptr.PMC_TryParseForSINT
 .rdata$.refptr.number_one
                0x0000000063496730       0x10 ../build/x64_Release/pmc_modpow.o
                0x0000000063496730                .refptr.number_one
 .rdata$.refptr.number_zero
                0x0000000063496740       0x10 ../build/x64_Release/pmc_add.o
                0x0000000063496740                .refptr.number_zero
 .rdata$.refptr.statistics_info
                0x0000000063496750       0x10 ../build/x64_Release/pmc_divrem.o
                0x0000000063496750                .refptr.statistics_info
 .rdata$zzz     0x0000000063496760       0x40 ../build/x64_Release/cpuid.o
 .rdata$zzz     0x00000000634967a0       0x40 ../build/x64_Release/debug.o
 .rdata$zzz     0x00000000634967e0       0x40 ../build/x64_Release/dllmain.o
 .rdata$zzz     0x0000000063496820       0x40 ../build/x64_Release/INTERNALTEST_op_DivRem.o
 .rdata$zzz     0x0000000063496860       0x40 ../build/x64_Release/INTERNALTEST_op_Multiply.o
 .rdata$zzz     0x00000000634968a0       0x40 ../build/x64_Release/pmc_add.o
 .rdata$zzz     0x00000000634968e0       0x40 ../build/x64_Release/pmc_bitwiseand.o
 .rdata$zzz     0x0000000063496920       0x40 ../build/x64_Release/pmc_bitwiseor.o
 .rdata$zzz     0x0000000063496960       0x40 ../build/x64_Release/pmc_bytes.o
 .rdata$zzz     0x00000000634969a0       0x40 ../build/x64_Release/pmc_clone.o
 .rdata$zzz     0x00000000634969e0       0x40 ../build/x64_Release/pmc_compare.o
 .rdata$zzz     0x0000000063496a20       0x40 ../build/x64_Release/pmc_divrem.o
 .rdata$zzz     0x0000000063496a60       0x40 ../build/x64_Release/pmc_equals.o
 .rdata$zzz     0x0000000063496aa0       0x40 ../build/x64_Release/pmc_exclusiveor.o
 .rdata$zzz     0x0000000063496ae0       0x40 ../build/x64_Release/pmc_from.o
 .rdata$zzz     0x0000000063496b20       0x40 ../build/x64_Release/pmc_greatestcommondivisor.o
 .rdata$zzz     0x0000000063496b60       0x40 ../build/x64_Release/pmc_initialize.o
 .rdata$zzz     0x0000000063496ba0       0x40 ../build/x64_Release/pmc_memory.o
 .rdata$zzz     0x0000000063496be0       0x40 ../build/x64_Release/pmc_modpow.o
 .rdata$zzz     0x0000000063496c20       0x40 ../build/x64_Release/pmc_multiply.o
 .rdata$zzz     0x0000000063496c60       0x40 ../build/x64_Release/pmc_parse.o
 .rdata$zzz     0x0000000063496ca0       0x40 ../build/x64_Release/pmc_pow.o
 .rdata$zzz     0x0000000063496ce0       0x40 ../build/x64_Release/pmc_shift.o
 .rdata$zzz     0x0000000063496d20       0x40 ../build/x64_Release/pmc_statistics.o
 .rdata$zzz     0x0000000063496d60       0x40 ../build/x64_Release/pmc_subtruct.o
 .rdata$zzz     0x0000000063496da0       0x40 ../build/x64_Release/pmc_to.o
 .rdata$zzz     0x0000000063496de0       0x40 ../build/x64_Release/pmc_tostring.o
 .rdata$zzz     0x0000000063496e20       0x40 ../build/x64_Release/TEST_autogenerated_1.o
 .rdata$zzz     0x0000000063496e60       0x40 ../build/x64_Release/TEST_autogenerated_2.o
 .rdata$zzz     0x0000000063496ea0       0x40 ../build/x64_Release/TEST_op_Add.o
 .rdata$zzz     0x0000000063496ee0       0x40 ../build/x64_Release/TEST_op_BitwiseAnd.o
 .rdata$zzz     0x0000000063496f20       0x40 ../build/x64_Release/TEST_op_BitwiseOr.o
 .rdata$zzz     0x0000000063496f60       0x40 ../build/x64_Release/TEST_op_Clone.o
 .rdata$zzz     0x0000000063496fa0       0x40 ../build/x64_Release/TEST_op_Compare.o
 .rdata$zzz     0x0000000063496fe0       0x40 ../build/x64_Release/TEST_op_DivRem.o
 .rdata$zzz     0x0000000063497020       0x40 ../build/x64_Release/TEST_op_Equals.o
 .rdata$zzz     0x0000000063497060       0x40 ../build/x64_Release/TEST_op_ExclusiveOr.o
 .rdata$zzz     0x00000000634970a0       0x40 ../build/x64_Release/TEST_op_From_To.o
 .rdata$zzz     0x00000000634970e0       0x40 ../build/x64_Release/TEST_op_GreatestCommonDivisor.o
 .rdata$zzz     0x0000000063497120       0x40 ../build/x64_Release/TEST_op_ModPow.o
 .rdata$zzz     0x0000000063497160       0x40 ../build/x64_Release/TEST_op_Multiply.o
 .rdata$zzz     0x00000000634971a0       0x40 ../build/x64_Release/TEST_op_ParseDN.o
 .rdata$zzz     0x00000000634971e0       0x40 ../build/x64_Release/TEST_op_ParseX.o
 .rdata$zzz     0x0000000063497220       0x40 ../build/x64_Release/TEST_op_Pow.o
 .rdata$zzz     0x0000000063497260       0x40 ../build/x64_Release/TEST_op_Remainder.o
 .rdata$zzz     0x00000000634972a0       0x40 ../build/x64_Release/TEST_op_Shift.o
 .rdata$zzz     0x00000000634972e0       0x40 ../build/x64_Release/TEST_op_Subtruct.o
 .rdata$zzz     0x0000000063497320       0x40 ../build/x64_Release/TEST_op_ToStringC.o
 .rdata$zzz     0x0000000063497360       0x40 ../build/x64_Release/TEST_op_ToStringD.o
 .rdata$zzz     0x00000000634973a0       0x40 ../build/x64_Release/TEST_op_ToStringE.o
 .rdata$zzz     0x00000000634973e0       0x40 ../build/x64_Release/TEST_op_ToStringF.o
 .rdata$zzz     0x0000000063497420       0x40 ../build/x64_Release/TEST_op_ToStringG.o
 .rdata$zzz     0x0000000063497460       0x40 ../build/x64_Release/TEST_op_ToStringN.o
 .rdata$zzz     0x00000000634974a0       0x40 ../build/x64_Release/TEST_op_ToStringP.o
 .rdata$zzz     0x00000000634974e0       0x40 ../build/x64_Release/TEST_op_ToStringR.o
 .rdata$zzz     0x0000000063497520       0x40 ../build/x64_Release/TEST_op_ToStringX.o
                0x0000000063497560                __rt_psrelocs_start = .
 *(.rdata_runtime_pseudo_reloc)
                0x0000000063497560                __rt_psrelocs_end = .
                0x0000000000000000                __rt_psrelocs_size = (__rt_psrelocs_end - __rt_psrelocs_start)
                0x0000000063497560                ___RUNTIME_PSEUDO_RELOC_LIST_END__ = .
                0x0000000063497560                __RUNTIME_PSEUDO_RELOC_LIST_END__ = .
                0x0000000063497560                ___RUNTIME_PSEUDO_RELOC_LIST__ = (. - __rt_psrelocs_size)
                0x0000000063497560                __RUNTIME_PSEUDO_RELOC_LIST__ = (. - __rt_psrelocs_size)

.eh_frame
 *(.eh_frame*)

.pdata          0x0000000063498000      0x800
 *(.pdata*)
 .pdata         0x0000000063498000        0xc ../build/x64_Release/cpuid.o
 .pdata         0x000000006349800c        0xc ../build/x64_Release/debug.o
 .pdata         0x0000000063498018        0xc ../build/x64_Release/dllmain.o
 .pdata         0x0000000063498024       0x84 ../build/x64_Release/pmc_add.o
 .pdata         0x00000000634980a8       0x48 ../build/x64_Release/pmc_bitwiseand.o
 .pdata         0x00000000634980f0       0x60 ../build/x64_Release/pmc_bitwiseor.o
 .pdata         0x0000000063498150       0x30 ../build/x64_Release/pmc_bytes.o
 .pdata         0x0000000063498180       0x18 ../build/x64_Release/pmc_clone.o
 .pdata         0x0000000063498198       0x6c ../build/x64_Release/pmc_compare.o
 .pdata         0x0000000063498204       0x9c ../build/x64_Release/pmc_divrem.o
 .pdata         0x00000000634982a0       0x48 ../build/x64_Release/pmc_equals.o
 .pdata         0x00000000634982e8       0x60 ../build/x64_Release/pmc_exclusiveor.o
 .pdata         0x0000000063498348       0x3c ../build/x64_Release/pmc_from.o
 .pdata         0x0000000063498384       0x6c ../build/x64_Release/pmc_greatestcommondivisor.o
 .pdata         0x00000000634983f0        0xc ../build/x64_Release/pmc_initialize.o
 .pdata         0x00000000634983fc      0x120 ../build/x64_Release/pmc_memory.o
 .pdata         0x000000006349851c       0x18 ../build/x64_Release/pmc_modpow.o
 .pdata         0x0000000063498534       0xcc ../build/x64_Release/pmc_multiply.o
 .pdata         0x0000000063498600       0x78 ../build/x64_Release/pmc_parse.o
 .pdata         0x0000000063498678       0x18 ../build/x64_Release/pmc_pow.o
 .pdata         0x0000000063498690       0x54 ../build/x64_Release/pmc_shift.o
 .pdata         0x00000000634986e4        0xc ../build/x64_Release/pmc_statistics.o
 .pdata         0x00000000634986f0       0x60 ../build/x64_Release/pmc_subtruct.o
 .pdata         0x0000000063498750       0x24 ../build/x64_Release/pmc_to.o
 .pdata         0x0000000063498774       0x6c ../build/x64_Release/pmc_tostring.o

.xdata          0x0000000063499000      0x800
 *(.xdata*)
 .xdata         0x0000000063499000        0x8 ../build/x64_Release/cpuid.o
 .xdata         0x0000000063499008        0x4 ../build/x64_Release/debug.o
 .xdata         0x000000006349900c        0x8 ../build/x64_Release/dllmain.o
 .xdata         0x0000000063499014       0x94 ../build/x64_Release/pmc_add.o
 .xdata         0x00000000634990a8       0x44 ../build/x64_Release/pmc_bitwiseand.o
 .xdata         0x00000000634990ec       0x68 ../build/x64_Release/pmc_bitwiseor.o
 .xdata         0x0000000063499154       0x40 ../build/x64_Release/pmc_bytes.o
 .xdata         0x0000000063499194       0x10 ../build/x64_Release/pmc_clone.o
 .xdata         0x00000000634991a4       0x4c ../build/x64_Release/pmc_compare.o
 .xdata         0x00000000634991f0       0xd8 ../build/x64_Release/pmc_divrem.o
 .xdata         0x00000000634992c8       0x40 ../build/x64_Release/pmc_equals.o
 .xdata         0x0000000063499308       0x68 ../build/x64_Release/pmc_exclusiveor.o
 .xdata         0x0000000063499370       0x2c ../build/x64_Release/pmc_from.o
 .xdata         0x000000006349939c       0x8c ../build/x64_Release/pmc_greatestcommondivisor.o
 .xdata         0x0000000063499428        0xc ../build/x64_Release/pmc_initialize.o
 .xdata         0x0000000063499434       0xc4 ../build/x64_Release/pmc_memory.o
 .xdata         0x00000000634994f8       0x1c ../build/x64_Release/pmc_modpow.o
 .xdata         0x0000000063499514       0xd8 ../build/x64_Release/pmc_multiply.o
 .xdata         0x00000000634995ec       0x80 ../build/x64_Release/pmc_parse.o
 .xdata         0x000000006349966c       0x1c ../build/x64_Release/pmc_pow.o
 .xdata         0x0000000063499688       0x54 ../build/x64_Release/pmc_shift.o
 .xdata         0x00000000634996dc        0x4 ../build/x64_Release/pmc_statistics.o
 .xdata         0x00000000634996e0       0x64 ../build/x64_Release/pmc_subtruct.o
 .xdata         0x0000000063499744       0x1c ../build/x64_Release/pmc_to.o
 .xdata         0x0000000063499760       0x84 ../build/x64_Release/pmc_tostring.o

.bss            0x000000006349a000      0x520
                0x000000006349a000                __bss_start__ = .
 *(.bss)
 .bss           0x000000006349a000        0x0 ../build/x64_Release/cpuid.o
 .bss           0x000000006349a000        0x0 ../build/x64_Release/debug.o
 .bss           0x000000006349a000        0x0 ../build/x64_Release/dllmain.o
 .bss           0x000000006349a000        0x0 ../build/x64_Release/INTERNALTEST_op_DivRem.o
 .bss           0x000000006349a000        0x0 ../build/x64_Release/INTERNALTEST_op_Multiply.o
 .bss           0x000000006349a000       0x10 ../build/x64_Release/pmc_add.o
 .bss           0x000000006349a010        0x0 ../build/x64_Release/pmc_bitwiseand.o
 .bss           0x000000006349a010        0x0 ../build/x64_Release/pmc_bitwiseor.o
 .bss           0x000000006349a010        0x0 ../build/x64_Release/pmc_bytes.o
 .bss           0x000000006349a010        0x0 ../build/x64_Release/pmc_clone.o
 .bss           0x000000006349a010        0x0 ../build/x64_Release/pmc_compare.o
 .bss           0x000000006349a010       0x10 ../build/x64_Release/pmc_divrem.o
 .bss           0x000000006349a020        0x0 ../build/x64_Release/pmc_equals.o
 .bss           0x000000006349a020        0x0 ../build/x64_Release/pmc_exclusiveor.o
 .bss           0x000000006349a020        0x0 ../build/x64_Release/pmc_from.o
 .bss           0x000000006349a020        0x0 ../build/x64_Release/pmc_greatestcommondivisor.o
 .bss           0x000000006349a020      0x260 ../build/x64_Release/pmc_initialize.o
 .bss           0x000000006349a280        0x0 ../build/x64_Release/pmc_memory.o
 .bss           0x000000006349a280        0x0 ../build/x64_Release/pmc_modpow.o
 .bss           0x000000006349a280       0x10 ../build/x64_Release/pmc_multiply.o
 *fill*         0x000000006349a290       0x10 
 .bss           0x000000006349a2a0       0xe0 ../build/x64_Release/pmc_parse.o
 .bss           0x000000006349a380        0x0 ../build/x64_Release/pmc_pow.o
 .bss           0x000000006349a380        0x0 ../build/x64_Release/pmc_shift.o
 .bss           0x000000006349a380        0x0 ../build/x64_Release/pmc_statistics.o
 .bss           0x000000006349a380        0x0 ../build/x64_Release/pmc_subtruct.o
 .bss           0x000000006349a380        0x0 ../build/x64_Release/pmc_to.o
 .bss           0x000000006349a380       0xc0 ../build/x64_Release/pmc_tostring.o
 .bss           0x000000006349a440        0x0 ../build/x64_Release/TEST_autogenerated_1.o
 .bss           0x000000006349a440        0x0 ../build/x64_Release/TEST_autogenerated_2.o
 .bss           0x000000006349a440        0x0 ../build/x64_Release/TEST_op_Add.o
 .bss           0x000000006349a440        0x0 ../build/x64_Release/TEST_op_BitwiseAnd.o
 .bss           0x000000006349a440        0x0 ../build/x64_Release/TEST_op_BitwiseOr.o
 .bss           0x000000006349a440        0x0 ../build/x64_Release/TEST_op_Clone.o
 .bss           0x000000006349a440        0x0 ../build/x64_Release/TEST_op_Compare.o
 .bss           0x000000006349a440        0x0 ../build/x64_Release/TEST_op_DivRem.o
 .bss           0x000000006349a440        0x0 ../build/x64_Release/TEST_op_Equals.o
 .bss           0x000000006349a440        0x0 ../build/x64_Release/TEST_op_ExclusiveOr.o
 .bss           0x000000006349a440        0x0 ../build/x64_Release/TEST_op_From_To.o
 .bss           0x000000006349a440        0x0 ../build/x64_Release/TEST_op_GreatestCommonDivisor.o
 .bss           0x000000006349a440        0x0 ../build/x64_Release/TEST_op_ModPow.o
 .bss           0x000000006349a440        0x0 ../build/x64_Release/TEST_op_Multiply.o
 .bss           0x000000006349a440        0x0 ../build/x64_Release/TEST_op_ParseDN.o
 .bss           0x000000006349a440        0x0 ../build/x64_Release/TEST_op_ParseX.o
 .bss           0x000000006349a440        0x0 ../build/x64_Release/TEST_op_Pow.o
 .bss           0x000000006349a440        0x0 ../build/x64_Release/TEST_op_Remainder.o
 .bss           0x000000006349a440        0x0 ../build/x64_Release/TEST_op_Shift.o
 .bss           0x000000006349a440        0x0 ../build/x64_Release/TEST_op_Subtruct.o
 .bss           0x000000006349a440        0x0 ../build/x64_Release/TEST_op_ToStringC.o
 .bss           0x000000006349a440        0x0 ../build/x64_Release/TEST_op_ToStringD.o
 .bss           0x000000006349a440        0x0 ../build/x64_Release/TEST_op_ToStringE.o
 .bss           0x000000006349a440        0x0 ../build/x64_Release/TEST_op_ToStringF.o
 .bss           0x000000006349a440        0x0 ../build/x64_Release/TEST_op_ToStringG.o
 .bss           0x000000006349a440        0x0 ../build/x64_Release/TEST_op_ToStringN.o
 .bss           0x000000006349a440        0x0 ../build/x64_Release/TEST_op_ToStringP.o
 .bss           0x000000006349a440        0x0 ../build/x64_Release/TEST_op_ToStringR.o
 .bss           0x000000006349a440        0x0 ../build/x64_Release/TEST_op_ToStringX.o
 .bss           0x000000006349a440        0x0 C:/GNU/MINGW64/x86_64-8.1.0-win32-seh-rt_v6-rev0/mingw64/bin/../lib/gcc/x86_64-w64-mingw32/8.1.0/../../../../x86_64-w64-mingw32/lib/../lib/libkernel32.a(dqifs01555.o)
 .bss           0x000000006349a440        0x0 C:/GNU/MINGW64/x86_64-8.1.0-win32-seh-rt_v6-rev0/mingw64/bin/../lib/gcc/x86_64-w64-mingw32/8.1.0/../../../../x86_64-w64-mingw32/lib/../lib/libkernel32.a(dqifs01549.o)
 .bss           0x000000006349a440        0x0 C:/GNU/MINGW64/x86_64-8.1.0-win32-seh-rt_v6-rev0/mingw64/bin/../lib/gcc/x86_64-w64-mingw32/8.1.0/../../../../x86_64-w64-mingw32/lib/../lib/libkernel32.a(dqifs01540.o)
 .bss           0x000000006349a440        0x0 C:/GNU/MINGW64/x86_64-8.1.0-win32-seh-rt_v6-rev0/mingw64/bin/../lib/gcc/x86_64-w64-mingw32/8.1.0/../../../../x86_64-w64-mingw32/lib/../lib/libkernel32.a(dqifs00841.o)
 .bss           0x000000006349a440        0x0 C:/GNU/MINGW64/x86_64-8.1.0-win32-seh-rt_v6-rev0/mingw64/bin/../lib/gcc/x86_64-w64-mingw32/8.1.0/../../../../x86_64-w64-mingw32/lib/../lib/libkernel32.a(dqifs00839.o)
 .bss           0x000000006349a440        0x0 C:/GNU/MINGW64/x86_64-8.1.0-win32-seh-rt_v6-rev0/mingw64/bin/../lib/gcc/x86_64-w64-mingw32/8.1.0/../../../../x86_64-w64-mingw32/lib/../lib/libkernel32.a(dqifs00837.o)
 .bss           0x000000006349a440        0x0 C:/GNU/MINGW64/x86_64-8.1.0-win32-seh-rt_v6-rev0/mingw64/bin/../lib/gcc/x86_64-w64-mingw32/8.1.0/../../../../x86_64-w64-mingw32/lib/../lib/libkernel32.a(dqifs00835.o)
 .bss           0x000000006349a440        0x0 C:/GNU/MINGW64/x86_64-8.1.0-win32-seh-rt_v6-rev0/mingw64/bin/../lib/gcc/x86_64-w64-mingw32/8.1.0/../../../../x86_64-w64-mingw32/lib/../lib/libkernel32.a(dqifs00774.o)
 .bss           0x000000006349a440        0x0 C:/GNU/MINGW64/x86_64-8.1.0-win32-seh-rt_v6-rev0/mingw64/bin/../lib/gcc/x86_64-w64-mingw32/8.1.0/../../../../x86_64-w64-mingw32/lib/../lib/libkernel32.a(dqifh.o)
 .bss           0x000000006349a440        0x0 C:/GNU/MINGW64/x86_64-8.1.0-win32-seh-rt_v6-rev0/mingw64/bin/../lib/gcc/x86_64-w64-mingw32/8.1.0/../../../../x86_64-w64-mingw32/lib/../lib/libkernel32.a(dqift.o)
 *(COMMON)
 COMMON         0x000000006349a440        0x4 ../build/x64_Release/pmc_initialize.o
                0x000000006349a440                configuration_info
 *fill*         0x000000006349a444       0x1c 
 COMMON         0x000000006349a460       0xb0 ../build/x64_Release/pmc_memory.o
                0x000000006349a460                number_one
                0x000000006349a4c0                number_zero
                0x000000006349a508                hLocalHeap
 COMMON         0x000000006349a510       0x10 ../build/x64_Release/pmc_statistics.o
                0x000000006349a510                statistics_info
                0x000000006349a520                __bss_end__ = .

.edata          0x000000006349b000      0x200
 *(.edata)
 .edata         0x000000006349b000       0x74 dll stuff

/DISCARD/
 *(.debug$S)
 *(.debug$T)
 *(.debug$F)
 *(.drectve)
 *(.note.GNU-stack)
 *(.gnu.lto_*)

.idata          0x000000006349c000      0x200
 SORT_BY_NAME(*)(.idata$2)
 .idata$2       0x000000006349c000       0x14 C:/GNU/MINGW64/x86_64-8.1.0-win32-seh-rt_v6-rev0/mingw64/bin/../lib/gcc/x86_64-w64-mingw32/8.1.0/../../../../x86_64-w64-mingw32/lib/../lib/libkernel32.a(dqifh.o)
                0x000000006349c000                _head_lib64_libkernel32_a
 SORT_BY_NAME(*)(.idata$3)
                0x000000006349c014        0x4 LONG 0x0
                0x000000006349c018        0x4 LONG 0x0
                0x000000006349c01c        0x4 LONG 0x0
                0x000000006349c020        0x4 LONG 0x0
                0x000000006349c024        0x4 LONG 0x0
 SORT_BY_NAME(*)(.idata$4)
 .idata$4       0x000000006349c028        0x0 C:/GNU/MINGW64/x86_64-8.1.0-win32-seh-rt_v6-rev0/mingw64/bin/../lib/gcc/x86_64-w64-mingw32/8.1.0/../../../../x86_64-w64-mingw32/lib/../lib/libkernel32.a(dqifh.o)
 .idata$4       0x000000006349c028        0x8 C:/GNU/MINGW64/x86_64-8.1.0-win32-seh-rt_v6-rev0/mingw64/bin/../lib/gcc/x86_64-w64-mingw32/8.1.0/../../../../x86_64-w64-mingw32/lib/../lib/libkernel32.a(dqifs00774.o)
 .idata$4       0x000000006349c030        0x8 C:/GNU/MINGW64/x86_64-8.1.0-win32-seh-rt_v6-rev0/mingw64/bin/../lib/gcc/x86_64-w64-mingw32/8.1.0/../../../../x86_64-w64-mingw32/lib/../lib/libkernel32.a(dqifs00835.o)
 .idata$4       0x000000006349c038        0x8 C:/GNU/MINGW64/x86_64-8.1.0-win32-seh-rt_v6-rev0/mingw64/bin/../lib/gcc/x86_64-w64-mingw32/8.1.0/../../../../x86_64-w64-mingw32/lib/../lib/libkernel32.a(dqifs00837.o)
 .idata$4       0x000000006349c040        0x8 C:/GNU/MINGW64/x86_64-8.1.0-win32-seh-rt_v6-rev0/mingw64/bin/../lib/gcc/x86_64-w64-mingw32/8.1.0/../../../../x86_64-w64-mingw32/lib/../lib/libkernel32.a(dqifs00839.o)
 .idata$4       0x000000006349c048        0x8 C:/GNU/MINGW64/x86_64-8.1.0-win32-seh-rt_v6-rev0/mingw64/bin/../lib/gcc/x86_64-w64-mingw32/8.1.0/../../../../x86_64-w64-mingw32/lib/../lib/libkernel32.a(dqifs00841.o)
 .idata$4       0x000000006349c050        0x8 C:/GNU/MINGW64/x86_64-8.1.0-win32-seh-rt_v6-rev0/mingw64/bin/../lib/gcc/x86_64-w64-mingw32/8.1.0/../../../../x86_64-w64-mingw32/lib/../lib/libkernel32.a(dqifs01540.o)
 .idata$4       0x000000006349c058        0x8 C:/GNU/MINGW64/x86_64-8.1.0-win32-seh-rt_v6-rev0/mingw64/bin/../lib/gcc/x86_64-w64-mingw32/8.1.0/../../../../x86_64-w64-mingw32/lib/../lib/libkernel32.a(dqifs01549.o)
 .idata$4       0x000000006349c060        0x8 C:/GNU/MINGW64/x86_64-8.1.0-win32-seh-rt_v6-rev0/mingw64/bin/../lib/gcc/x86_64-w64-mingw32/8.1.0/../../../../x86_64-w64-mingw32/lib/../lib/libkernel32.a(dqifs01555.o)
 .idata$4       0x000000006349c068        0x8 C:/GNU/MINGW64/x86_64-8.1.0-win32-seh-rt_v6-rev0/mingw64/bin/../lib/gcc/x86_64-w64-mingw32/8.1.0/../../../../x86_64-w64-mingw32/lib/../lib/libkernel32.a(dqift.o)
                0x000000006349c070                __IAT_start__ = .
 SORT_BY_NAME(*)(.idata$5)
 .idata$5       0x000000006349c070        0x0 C:/GNU/MINGW64/x86_64-8.1.0-win32-seh-rt_v6-rev0/mingw64/bin/../lib/gcc/x86_64-w64-mingw32/8.1.0/../../../../x86_64-w64-mingw32/lib/../lib/libkernel32.a(dqifh.o)
 .idata$5       0x000000006349c070        0x8 C:/GNU/MINGW64/x86_64-8.1.0-win32-seh-rt_v6-rev0/mingw64/bin/../lib/gcc/x86_64-w64-mingw32/8.1.0/../../../../x86_64-w64-mingw32/lib/../lib/libkernel32.a(dqifs00774.o)
                0x000000006349c070                __imp_GetTickCount
 .idata$5       0x000000006349c078        0x8 C:/GNU/MINGW64/x86_64-8.1.0-win32-seh-rt_v6-rev0/mingw64/bin/../lib/gcc/x86_64-w64-mingw32/8.1.0/../../../../x86_64-w64-mingw32/lib/../lib/libkernel32.a(dqifs00835.o)
                0x000000006349c078                __imp_HeapAlloc
 .idata$5       0x000000006349c080        0x8 C:/GNU/MINGW64/x86_64-8.1.0-win32-seh-rt_v6-rev0/mingw64/bin/../lib/gcc/x86_64-w64-mingw32/8.1.0/../../../../x86_64-w64-mingw32/lib/../lib/libkernel32.a(dqifs00837.o)
                0x000000006349c080                __imp_HeapCreate
 .idata$5       0x000000006349c088        0x8 C:/GNU/MINGW64/x86_64-8.1.0-win32-seh-rt_v6-rev0/mingw64/bin/../lib/gcc/x86_64-w64-mingw32/8.1.0/../../../../x86_64-w64-mingw32/lib/../lib/libkernel32.a(dqifs00839.o)
                0x000000006349c088                __imp_HeapDestroy
 .idata$5       0x000000006349c090        0x8 C:/GNU/MINGW64/x86_64-8.1.0-win32-seh-rt_v6-rev0/mingw64/bin/../lib/gcc/x86_64-w64-mingw32/8.1.0/../../../../x86_64-w64-mingw32/lib/../lib/libkernel32.a(dqifs00841.o)
                0x000000006349c090                __imp_HeapFree
 .idata$5       0x000000006349c098        0x8 C:/GNU/MINGW64/x86_64-8.1.0-win32-seh-rt_v6-rev0/mingw64/bin/../lib/gcc/x86_64-w64-mingw32/8.1.0/../../../../x86_64-w64-mingw32/lib/../lib/libkernel32.a(dqifs01540.o)
                0x000000006349c098                __imp_lstrcatW
 .idata$5       0x000000006349c0a0        0x8 C:/GNU/MINGW64/x86_64-8.1.0-win32-seh-rt_v6-rev0/mingw64/bin/../lib/gcc/x86_64-w64-mingw32/8.1.0/../../../../x86_64-w64-mingw32/lib/../lib/libkernel32.a(dqifs01549.o)
                0x000000006349c0a0                __imp_lstrcpyW
 .idata$5       0x000000006349c0a8        0x8 C:/GNU/MINGW64/x86_64-8.1.0-win32-seh-rt_v6-rev0/mingw64/bin/../lib/gcc/x86_64-w64-mingw32/8.1.0/../../../../x86_64-w64-mingw32/lib/../lib/libkernel32.a(dqifs01555.o)
                0x000000006349c0a8                __imp_lstrlenW
 .idata$5       0x000000006349c0b0        0x8 C:/GNU/MINGW64/x86_64-8.1.0-win32-seh-rt_v6-rev0/mingw64/bin/../lib/gcc/x86_64-w64-mingw32/8.1.0/../../../../x86_64-w64-mingw32/lib/../lib/libkernel32.a(dqift.o)
                0x000000006349c0b8                __IAT_end__ = .
 SORT_BY_NAME(*)(.idata$6)
 .idata$6       0x000000006349c0b8       0x10 C:/GNU/MINGW64/x86_64-8.1.0-win32-seh-rt_v6-rev0/mingw64/bin/../lib/gcc/x86_64-w64-mingw32/8.1.0/../../../../x86_64-w64-mingw32/lib/../lib/libkernel32.a(dqifs00774.o)
 .idata$6       0x000000006349c0c8        0xc C:/GNU/MINGW64/x86_64-8.1.0-win32-seh-rt_v6-rev0/mingw64/bin/../lib/gcc/x86_64-w64-mingw32/8.1.0/../../../../x86_64-w64-mingw32/lib/../lib/libkernel32.a(dqifs00835.o)
 .idata$6       0x000000006349c0d4        0xe C:/GNU/MINGW64/x86_64-8.1.0-win32-seh-rt_v6-rev0/mingw64/bin/../lib/gcc/x86_64-w64-mingw32/8.1.0/../../../../x86_64-w64-mingw32/lib/../lib/libkernel32.a(dqifs00837.o)
 .idata$6       0x000000006349c0e2        0xe C:/GNU/MINGW64/x86_64-8.1.0-win32-seh-rt_v6-rev0/mingw64/bin/../lib/gcc/x86_64-w64-mingw32/8.1.0/../../../../x86_64-w64-mingw32/lib/../lib/libkernel32.a(dqifs00839.o)
 .idata$6       0x000000006349c0f0        0xc C:/GNU/MINGW64/x86_64-8.1.0-win32-seh-rt_v6-rev0/mingw64/bin/../lib/gcc/x86_64-w64-mingw32/8.1.0/../../../../x86_64-w64-mingw32/lib/../lib/libkernel32.a(dqifs00841.o)
 .idata$6       0x000000006349c0fc        0xc C:/GNU/MINGW64/x86_64-8.1.0-win32-seh-rt_v6-rev0/mingw64/bin/../lib/gcc/x86_64-w64-mingw32/8.1.0/../../../../x86_64-w64-mingw32/lib/../lib/libkernel32.a(dqifs01540.o)
 .idata$6       0x000000006349c108        0xc C:/GNU/MINGW64/x86_64-8.1.0-win32-seh-rt_v6-rev0/mingw64/bin/../lib/gcc/x86_64-w64-mingw32/8.1.0/../../../../x86_64-w64-mingw32/lib/../lib/libkernel32.a(dqifs01549.o)
 .idata$6       0x000000006349c114        0xc C:/GNU/MINGW64/x86_64-8.1.0-win32-seh-rt_v6-rev0/mingw64/bin/../lib/gcc/x86_64-w64-mingw32/8.1.0/../../../../x86_64-w64-mingw32/lib/../lib/libkernel32.a(dqifs01555.o)
 SORT_BY_NAME(*)(.idata$7)
 .idata$7       0x000000006349c120        0x4 C:/GNU/MINGW64/x86_64-8.1.0-win32-seh-rt_v6-rev0/mingw64/bin/../lib/gcc/x86_64-w64-mingw32/8.1.0/../../../../x86_64-w64-mingw32/lib/../lib/libkernel32.a(dqifs00774.o)
 .idata$7       0x000000006349c124        0x4 C:/GNU/MINGW64/x86_64-8.1.0-win32-seh-rt_v6-rev0/mingw64/bin/../lib/gcc/x86_64-w64-mingw32/8.1.0/../../../../x86_64-w64-mingw32/lib/../lib/libkernel32.a(dqifs00835.o)
 .idata$7       0x000000006349c128        0x4 C:/GNU/MINGW64/x86_64-8.1.0-win32-seh-rt_v6-rev0/mingw64/bin/../lib/gcc/x86_64-w64-mingw32/8.1.0/../../../../x86_64-w64-mingw32/lib/../lib/libkernel32.a(dqifs00837.o)
 .idata$7       0x000000006349c12c        0x4 C:/GNU/MINGW64/x86_64-8.1.0-win32-seh-rt_v6-rev0/mingw64/bin/../lib/gcc/x86_64-w64-mingw32/8.1.0/../../../../x86_64-w64-mingw32/lib/../lib/libkernel32.a(dqifs00839.o)
 .idata$7       0x000000006349c130        0x4 C:/GNU/MINGW64/x86_64-8.1.0-win32-seh-rt_v6-rev0/mingw64/bin/../lib/gcc/x86_64-w64-mingw32/8.1.0/../../../../x86_64-w64-mingw32/lib/../lib/libkernel32.a(dqifs00841.o)
 .idata$7       0x000000006349c134        0x4 C:/GNU/MINGW64/x86_64-8.1.0-win32-seh-rt_v6-rev0/mingw64/bin/../lib/gcc/x86_64-w64-mingw32/8.1.0/../../../../x86_64-w64-mingw32/lib/../lib/libkernel32.a(dqifs01540.o)
 .idata$7       0x000000006349c138        0x4 C:/GNU/MINGW64/x86_64-8.1.0-win32-seh-rt_v6-rev0/mingw64/bin/../lib/gcc/x86_64-w64-mingw32/8.1.0/../../../../x86_64-w64-mingw32/lib/../lib/libkernel32.a(dqifs01549.o)
 .idata$7       0x000000006349c13c        0x4 C:/GNU/MINGW64/x86_64-8.1.0-win32-seh-rt_v6-rev0/mingw64/bin/../lib/gcc/x86_64-w64-mingw32/8.1.0/../../../../x86_64-w64-mingw32/lib/../lib/libkernel32.a(dqifs01555.o)
 .idata$7       0x000000006349c140       0x10 C:/GNU/MINGW64/x86_64-8.1.0-win32-seh-rt_v6-rev0/mingw64/bin/../lib/gcc/x86_64-w64-mingw32/8.1.0/../../../../x86_64-w64-mingw32/lib/../lib/libkernel32.a(dqift.o)
                0x000000006349c140                __lib64_libkernel32_a_iname

.CRT            0x000000006349d000        0x0
                0x000000006349d000                ___crt_xc_start__ = .
 *(SORT_BY_NAME(.CRT$XC*))
                0x000000006349d000                ___crt_xc_end__ = .
                0x000000006349d000                ___crt_xi_start__ = .
 *(SORT_BY_NAME(.CRT$XI*))
                0x000000006349d000                ___crt_xi_end__ = .
                0x000000006349d000                ___crt_xl_start__ = .
 *(SORT_BY_NAME(.CRT$XL*))
                0x000000006349d000                ___crt_xp_start__ = .
 *(SORT_BY_NAME(.CRT$XP*))
                0x000000006349d000                ___crt_xp_end__ = .
                0x000000006349d000                ___crt_xt_start__ = .
 *(SORT_BY_NAME(.CRT$XT*))
                0x000000006349d000                ___crt_xt_end__ = .

.tls            0x000000006349d000        0x0
                0x000000006349d000                ___tls_start__ = .
 *(.tls$AAA)
 *(.tls)
 *(.tls$)
 *(SORT_BY_NAME(.tls$*))
 *(.tls$ZZZ)
                0x000000006349d000                ___tls_end__ = .

.endjunk        0x000000006349d000        0x0
                [!provide]                        PROVIDE (end = .)
                [!provide]                        PROVIDE (_end = .)
                0x000000006349d000                __end__ = .

.rsrc           0x000000006349d000      0x400
 *(.rsrc)
 .rsrc          0x000000006349d000      0x378 ../build/x64_Release/version.o
 *(.rsrc$*)

.reloc          0x000000006349e000      0x200
 *(.reloc)
 .reloc         0x000000006349e000       0x9c dll stuff

.stab
 *(.stab)

.stabstr
 *(.stabstr)

.debug_aranges
 *(.debug_aranges)

.zdebug_aranges
 *(.zdebug_aranges)

.debug_pubnames
 *(.debug_pubnames)

.zdebug_pubnames
 *(.zdebug_pubnames)

.debug_pubtypes
 *(.debug_pubtypes)

.zdebug_pubtypes
 *(.zdebug_pubtypes)

.debug_info
 *(.debug_info .gnu.linkonce.wi.*)

.zdebug_info
 *(.zdebug_info .zdebug.gnu.linkonce.wi.*)

.debug_abbrev
 *(.debug_abbrev)

.zdebug_abbrev
 *(.zdebug_abbrev)

.debug_line
 *(.debug_line)

.zdebug_line
 *(.zdebug_line)

.debug_frame
 *(.debug_frame)

.zdebug_frame
 *(.zdebug_frame)

.debug_str
 *(.debug_str)

.zdebug_str
 *(.zdebug_str)

.debug_loc
 *(.debug_loc)

.zdebug_loc
 *(.zdebug_loc)

.debug_macinfo
 *(.debug_macinfo)

.zdebug_macinfo
 *(.zdebug_macinfo)

.debug_weaknames
 *(.debug_weaknames)

.zdebug_weaknames
 *(.zdebug_weaknames)

.debug_funcnames
 *(.debug_funcnames)

.zdebug_funcnames
 *(.zdebug_funcnames)

.debug_typenames
 *(.debug_typenames)

.zdebug_typenames
 *(.zdebug_typenames)

.debug_varnames
 *(.debug_varnames)

.zdebug_varnames
 *(.zdebug_varnames)

.debug_macro
 *(.debug_macro)

.zdebug_macro
 *(.zdebug_macro)

.debug_ranges
 *(.debug_ranges)

.zdebug_ranges
 *(.zdebug_ranges)

.debug_types
 *(.debug_types .gnu.linkonce.wt.*)

.zdebug_types
 *(.zdebug_types .zdebug.gnu.linkonce.wt.*)

.debug_gdb_scripts
 *(.debug_gdb_scripts)

.zdebug_gdb_scripts
 *(.zdebug_gdb_scripts)
OUTPUT(../../dist/x64_Release/Palmtree.Math.Core.Uint.dll pei-x86-64)
LOAD dll stuff
