Archive member included to satisfy reference by file (symbol)

C:/GNU/MINGW64/x86_64-8.1.0-win32-seh-rt_v6-rev0/mingw64/bin/../lib/gcc/x86_64-w64-mingw32/8.1.0/../../../../x86_64-w64-mingw32/lib/../lib/libkernel32.a(dqifs01555.o)
                              ../build/x64_Release/pmc_parse.o (__imp_lstrlenW)
C:/GNU/MINGW64/x86_64-8.1.0-win32-seh-rt_v6-rev0/mingw64/bin/../lib/gcc/x86_64-w64-mingw32/8.1.0/../../../../x86_64-w64-mingw32/lib/../lib/libkernel32.a(dqifs01549.o)
                              ../build/x64_Release/pmc_parse.o (__imp_lstrcpyW)
C:/GNU/MINGW64/x86_64-8.1.0-win32-seh-rt_v6-rev0/mingw64/bin/../lib/gcc/x86_64-w64-mingw32/8.1.0/../../../../x86_64-w64-mingw32/lib/../lib/libkernel32.a(dqifs01540.o)
                              ../build/x64_Release/pmc_tostring.o (__imp_lstrcatW)
C:/GNU/MINGW64/x86_64-8.1.0-win32-seh-rt_v6-rev0/mingw64/bin/../lib/gcc/x86_64-w64-mingw32/8.1.0/../../../../x86_64-w64-mingw32/lib/../lib/libkernel32.a(dqifs00841.o)
                              ../build/x64_Release/pmc_memory.o (__imp_HeapFree)
C:/GNU/MINGW64/x86_64-8.1.0-win32-seh-rt_v6-rev0/mingw64/bin/../lib/gcc/x86_64-w64-mingw32/8.1.0/../../../../x86_64-w64-mingw32/lib/../lib/libkernel32.a(dqifs00839.o)
                              ../build/x64_Release/pmc_memory.o (__imp_HeapDestroy)
C:/GNU/MINGW64/x86_64-8.1.0-win32-seh-rt_v6-rev0/mingw64/bin/../lib/gcc/x86_64-w64-mingw32/8.1.0/../../../../x86_64-w64-mingw32/lib/../lib/libkernel32.a(dqifs00837.o)
                              ../build/x64_Release/pmc_memory.o (__imp_HeapCreate)
C:/GNU/MINGW64/x86_64-8.1.0-win32-seh-rt_v6-rev0/mingw64/bin/../lib/gcc/x86_64-w64-mingw32/8.1.0/../../../../x86_64-w64-mingw32/lib/../lib/libkernel32.a(dqifs00835.o)
                              ../build/x64_Release/pmc_memory.o (__imp_HeapAlloc)
C:/GNU/MINGW64/x86_64-8.1.0-win32-seh-rt_v6-rev0/mingw64/bin/../lib/gcc/x86_64-w64-mingw32/8.1.0/../../../../x86_64-w64-mingw32/lib/../lib/libkernel32.a(dqifs00774.o)
                              ../build/x64_Release/pmc_memory.o (__imp_GetTickCount)
C:/GNU/MINGW64/x86_64-8.1.0-win32-seh-rt_v6-rev0/mingw64/bin/../lib/gcc/x86_64-w64-mingw32/8.1.0/../../../../x86_64-w64-mingw32/lib/../lib/libkernel32.a(dqifh.o)
                              C:/GNU/MINGW64/x86_64-8.1.0-win32-seh-rt_v6-rev0/mingw64/bin/../lib/gcc/x86_64-w64-mingw32/8.1.0/../../../../x86_64-w64-mingw32/lib/../lib/libkernel32.a(dqifs01555.o) (_head_lib64_libkernel32_a)
C:/GNU/MINGW64/x86_64-8.1.0-win32-seh-rt_v6-rev0/mingw64/bin/../lib/gcc/x86_64-w64-mingw32/8.1.0/../../../../x86_64-w64-mingw32/lib/../lib/libkernel32.a(dqift.o)
                              C:/GNU/MINGW64/x86_64-8.1.0-win32-seh-rt_v6-rev0/mingw64/bin/../lib/gcc/x86_64-w64-mingw32/8.1.0/../../../../x86_64-w64-mingw32/lib/../lib/libkernel32.a(dqifh.o) (__lib64_libkernel32_a_iname)

Allocating common symbols
Common symbol       size              file

number_one          0x48              ../build/x64_Release/pmc_memory.o
statistics_info     0x10              ../build/x64_Release/pmc_statistics.o
number_zero         0x48              ../build/x64_Release/pmc_memory.o
hLocalHeap          0x8               ../build/x64_Release/pmc_memory.o
configuration_info  0x4               ../build/x64_Release/pmc_initialize.o

Discarded input sections

 .drectve       0x0000000000000000       0x14 ../build/x64_Release/debug.o
 .rdata$.refptr.number_zero
                0x0000000000000000       0x10 ../build/x64_Release/pmc_bitwiseand.o
 .rdata$.refptr.number_zero
                0x0000000000000000       0x10 ../build/x64_Release/pmc_bitwiseor.o
 .rdata$.refptr.number_zero
                0x0000000000000000       0x10 ../build/x64_Release/pmc_bytes.o
 .rdata$.refptr.number_zero
                0x0000000000000000       0x10 ../build/x64_Release/pmc_clone.o
 .rdata$.refptr.number_zero
                0x0000000000000000       0x10 ../build/x64_Release/pmc_divrem.o
 .rdata$.refptr.number_zero
                0x0000000000000000       0x10 ../build/x64_Release/pmc_exclusiveor.o
 .rdata$.refptr.number_zero
                0x0000000000000000       0x10 ../build/x64_Release/pmc_from.o
 .drectve       0x0000000000000000       0x24 ../build/x64_Release/pmc_initialize.o
 .drectve       0x0000000000000000       0x50 ../build/x64_Release/pmc_memory.o
 .rdata$.refptr.number_zero
                0x0000000000000000       0x10 ../build/x64_Release/pmc_modpow.o
 .rdata$.refptr.number_zero
                0x0000000000000000       0x10 ../build/x64_Release/pmc_multiply.o
 .rdata$.refptr.statistics_info
                0x0000000000000000       0x10 ../build/x64_Release/pmc_multiply.o
 .rdata$.refptr.number_zero
                0x0000000000000000       0x10 ../build/x64_Release/pmc_parse.o
 .rdata$.refptr.statistics_info
                0x0000000000000000       0x10 ../build/x64_Release/pmc_parse.o
 .rdata$.refptr.number_one
                0x0000000000000000       0x10 ../build/x64_Release/pmc_pow.o
 .rdata$.refptr.number_zero
                0x0000000000000000       0x10 ../build/x64_Release/pmc_pow.o
 .rdata$.refptr.number_zero
                0x0000000000000000       0x10 ../build/x64_Release/pmc_shift.o
 .drectve       0x0000000000000000       0x20 ../build/x64_Release/pmc_statistics.o
 .rdata$.refptr.number_zero
                0x0000000000000000       0x10 ../build/x64_Release/pmc_subtruct.o
 .rdata$.refptr.statistics_info
                0x0000000000000000       0x10 ../build/x64_Release/pmc_tostring.o

Memory Configuration

Name             Origin             Length             Attributes
*default*        0x0000000000000000 0xffffffffffffffff

Linker script and memory map

                0x0000000066100000                __image_base__ = 0x66100000
                0x0000000000000000                __dll__ = 0x0
                0x0000000066100000                __ImageBase = 0x66100000
                0x0000000000001000                __section_alignment__ = 0x1000
                0x0000000000000200                __file_alignment__ = 0x200
                0x0000000000000004                __major_os_version__ = 0x4
                0x0000000000000000                __minor_os_version__ = 0x0
                0x0000000000000000                __major_image_version__ = 0x0
                0x0000000000000000                __minor_image_version__ = 0x0
                0x0000000000000005                __major_subsystem_version__ = 0x5
                0x0000000000000002                __minor_subsystem_version__ = 0x2
                0x0000000000000002                __subsystem__ = 0x2
                0x0000000000200000                __size_of_stack_reserve__ = 0x200000
                0x0000000000001000                __size_of_stack_commit__ = 0x1000
                0x0000000000100000                __size_of_heap_reserve__ = 0x100000
                0x0000000000001000                __size_of_heap_commit__ = 0x1000
                0x0000000000000000                __loader_flags__ = 0x0
                0x0000000000000000                __dll_characteristics__ = 0x0
LOAD ../build/x64_Release/cpuid.o
LOAD ../build/x64_Release/debug.o
LOAD ../build/x64_Release/dllmain.o
LOAD ../build/x64_Release/INTERNALTEST_op_DivRem.o
LOAD ../build/x64_Release/INTERNALTEST_op_Multiply.o
LOAD ../build/x64_Release/pmc_add.o
LOAD ../build/x64_Release/pmc_bitwiseand.o
LOAD ../build/x64_Release/pmc_bitwiseor.o
LOAD ../build/x64_Release/pmc_bytes.o
LOAD ../build/x64_Release/pmc_clone.o
LOAD ../build/x64_Release/pmc_compare.o
LOAD ../build/x64_Release/pmc_divrem.o
LOAD ../build/x64_Release/pmc_equals.o
LOAD ../build/x64_Release/pmc_exclusiveor.o
LOAD ../build/x64_Release/pmc_from.o
LOAD ../build/x64_Release/pmc_greatestcommondivisor.o
LOAD ../build/x64_Release/pmc_initialize.o
LOAD ../build/x64_Release/pmc_memory.o
LOAD ../build/x64_Release/pmc_modpow.o
LOAD ../build/x64_Release/pmc_multiply.o
LOAD ../build/x64_Release/pmc_parse.o
LOAD ../build/x64_Release/pmc_pow.o
LOAD ../build/x64_Release/pmc_shift.o
LOAD ../build/x64_Release/pmc_statistics.o
LOAD ../build/x64_Release/pmc_subtruct.o
LOAD ../build/x64_Release/pmc_to.o
LOAD ../build/x64_Release/pmc_tostring.o
LOAD ../build/x64_Release/TEST_autogenerated_1.o
LOAD ../build/x64_Release/TEST_autogenerated_2.o
LOAD ../build/x64_Release/TEST_op_Add.o
LOAD ../build/x64_Release/TEST_op_BitwiseAnd.o
LOAD ../build/x64_Release/TEST_op_BitwiseOr.o
LOAD ../build/x64_Release/TEST_op_Clone.o
LOAD ../build/x64_Release/TEST_op_Compare.o
LOAD ../build/x64_Release/TEST_op_DivRem.o
LOAD ../build/x64_Release/TEST_op_Equals.o
LOAD ../build/x64_Release/TEST_op_ExclusiveOr.o
LOAD ../build/x64_Release/TEST_op_From_To.o
LOAD ../build/x64_Release/TEST_op_GreatestCommonDivisor.o
LOAD ../build/x64_Release/TEST_op_ModPow.o
LOAD ../build/x64_Release/TEST_op_Multiply.o
LOAD ../build/x64_Release/TEST_op_ParseDN.o
LOAD ../build/x64_Release/TEST_op_ParseX.o
LOAD ../build/x64_Release/TEST_op_Pow.o
LOAD ../build/x64_Release/TEST_op_Remainder.o
LOAD ../build/x64_Release/TEST_op_Shift.o
LOAD ../build/x64_Release/TEST_op_Subtruct.o
LOAD ../build/x64_Release/TEST_op_ToStringC.o
LOAD ../build/x64_Release/TEST_op_ToStringD.o
LOAD ../build/x64_Release/TEST_op_ToStringE.o
LOAD ../build/x64_Release/TEST_op_ToStringF.o
LOAD ../build/x64_Release/TEST_op_ToStringG.o
LOAD ../build/x64_Release/TEST_op_ToStringN.o
LOAD ../build/x64_Release/TEST_op_ToStringP.o
LOAD ../build/x64_Release/TEST_op_ToStringR.o
LOAD ../build/x64_Release/TEST_op_ToStringX.o
LOAD ../build/x64_Release/version.o
LOAD ../Palmtree.Math.Core.Uint.def
LOAD C:/GNU/MINGW64/x86_64-8.1.0-win32-seh-rt_v6-rev0/mingw64/bin/../lib/gcc/x86_64-w64-mingw32/8.1.0/../../../../x86_64-w64-mingw32/lib/../lib/libkernel32.a
LOAD C:/GNU/MINGW64/x86_64-8.1.0-win32-seh-rt_v6-rev0/mingw64/bin/../lib/gcc/x86_64-w64-mingw32/8.1.0/../../../../x86_64-w64-mingw32/lib/../lib/libuser32.a
                0x0000000000000318                . = SIZEOF_HEADERS
                0x0000000000001000                . = ALIGN (__section_alignment__)

.text           0x0000000066101000    0x13400
 *(.init)
 *(.text)
 .text          0x0000000066101000       0xb0 ../build/x64_Release/cpuid.o
                0x0000000066101000                GetCPUInfo
 .text          0x00000000661010b0       0x10 ../build/x64_Release/debug.o
                0x00000000661010b0                DoDebug
 .text          0x00000000661010c0       0x50 ../build/x64_Release/dllmain.o
                0x00000000661010c0                DllMain
 .text          0x0000000066101110        0x0 ../build/x64_Release/INTERNALTEST_op_DivRem.o
 .text          0x0000000066101110        0x0 ../build/x64_Release/INTERNALTEST_op_Multiply.o
 .text          0x0000000066101110     0x1040 ../build/x64_Release/pmc_add.o
                0x0000000066101e90                PMC_Add_I_X
                0x0000000066101ee0                PMC_Add_X_I
                0x0000000066101f30                PMC_Add_L_X
                0x0000000066101f80                PMC_Add_X_L
                0x0000000066101fd0                PMC_Add_X_X
                0x0000000066102130                Initialize_Add
 .text          0x0000000066102150      0x6d0 ../build/x64_Release/pmc_bitwiseand.o
                0x0000000066102150                PMC_BitwiseAnd_I_X
                0x00000000661021b0                PMC_BitwiseAnd_X_I
                0x0000000066102210                PMC_BitwiseAnd_L_X
                0x0000000066102280                PMC_BitwiseAnd_X_L
                0x00000000661022f0                PMC_BitwiseAnd_X_X
                0x0000000066102810                Initialize_BitwiseAnd
 .text          0x0000000066102820      0x8c0 ../build/x64_Release/pmc_bitwiseor.o
                0x0000000066102a20                PMC_BitwiseOr_I_X
                0x0000000066102a70                PMC_BitwiseOr_X_I
                0x0000000066102ac0                PMC_BitwiseOr_L_X
                0x0000000066102b10                PMC_BitwiseOr_X_L
                0x0000000066102b60                PMC_BitwiseOr_X_X
                0x00000000661030d0                Initialize_BitwiseOr
 .text          0x00000000661030e0      0x390 ../build/x64_Release/pmc_bytes.o
                0x00000000661030e0                PMC_FromByteArrayForSINT
                0x0000000066103220                PMC_FromByteArray
                0x0000000066103320                PMC_ToByteArrayForSINT
                0x00000000661033e0                PMC_ToByteArray
 .text          0x0000000066103470       0x80 ../build/x64_Release/pmc_clone.o
                0x0000000066103470                PMC_Clone_X
                0x00000000661034e0                Initialize_Clone
 .text          0x00000000661034f0      0x3e0 ../build/x64_Release/pmc_compare.o
                0x00000000661035b0                Compare_Imp
                0x0000000066103620                PMC_Compare_I_X
                0x0000000066103680                PMC_Compare_X_I
                0x00000000661036e0                PMC_Compare_L_X
                0x0000000066103740                PMC_Compare_X_L
                0x00000000661037a0                PMC_Compare_X_X
                0x00000000661038c0                Initialize_Compare
 .text          0x00000000661038d0     0x4660 ../build/x64_Release/pmc_divrem.o
                0x0000000066106bd0                Rem_X_1W
                0x0000000066106ec0                DivRem_X_1W
                0x0000000066107310                DivRem_X_X
                0x0000000066107400                PMC_DivRem_I_X
                0x00000000661074e0                PMC_DivRem_X_I
                0x00000000661076d0                PMC_DivRem_L_X
                0x00000000661077d0                PMC_DivRem_X_L
                0x00000000661079d0                PMC_DivRem_X_X
                0x0000000066107f00                Initialize_DivRem
 .text          0x0000000066107f30      0x320 ../build/x64_Release/pmc_equals.o
                0x0000000066107f30                PMC_Equals_I_X
                0x0000000066107fc0                PMC_Equals_X_I
                0x0000000066108040                PMC_Equals_L_X
                0x00000000661080d0                PMC_Equals_X_L
                0x0000000066108160                PMC_Equals_X_X
                0x0000000066108240                Initialize_Equals
 .text          0x0000000066108250      0x920 ../build/x64_Release/pmc_exclusiveor.o
                0x0000000066108490                PMC_ExclusiveOr_I_X
                0x00000000661084e0                PMC_ExclusiveOr_X_I
                0x0000000066108530                PMC_ExclusiveOr_L_X
                0x0000000066108580                PMC_ExclusiveOr_X_L
                0x00000000661085d0                PMC_ExclusiveOr_X_X
                0x0000000066108b60                Initialize_ExclusiveOr
 .text          0x0000000066108b70      0x150 ../build/x64_Release/pmc_from.o
                0x0000000066108b70                From_I_Imp
                0x0000000066108bd0                From_L_Imp
                0x0000000066108c30                PMC_From_I
                0x0000000066108c70                PMC_From_L
                0x0000000066108cb0                Initialize_From
 .text          0x0000000066108cc0      0x950 ../build/x64_Release/pmc_greatestcommondivisor.o
                0x0000000066109200                PMC_GreatestCommonDivisor_I_X
                0x0000000066109250                PMC_GreatestCommonDivisor_X_I
                0x00000000661092a0                PMC_GreatestCommonDivisor_L_X
                0x00000000661092f0                PMC_GreatestCommonDivisor_X_L
                0x0000000066109340                PMC_GreatestCommonDivisor_X_X
                0x0000000066109600                Initialize_GreatestCommonDivisor
 .text          0x0000000066109610      0x5b0 ../build/x64_Release/pmc_initialize.o
                0x0000000066109610                PMC_UINT_Initialize
 .text          0x0000000066109bc0      0xb20 ../build/x64_Release/pmc_memory.o
                0x0000000066109e60                AllocateBlock
                0x0000000066109f40                DeallocateBlock
                0x000000006610a010                CheckBlockLight
                0x000000006610a020                AttatchNumber
                0x000000006610a0b0                AllocateNumber
                0x000000006610a170                DetatchNumber
                0x000000006610a190                DeallocateNumber
                0x000000006610a1b0                CommitNumber
                0x000000006610a330                CheckNumber
                0x000000006610a360                DuplicateNumber
                0x000000006610a410                PMC_GetConstantValue_I
                0x000000006610a440                PMC_Dispose
                0x000000006610a470                InitializeChainBuffer
                0x000000006610a480                CleanUpChainBuffer
                0x000000006610a4d0                AllocateChainedBuffer
                0x000000006610a530                CheckChainedBuffer
                0x000000006610a540                DeallocateChainedBuffer
                0x000000006610a590                Initialize_Memory
                0x000000006610a680                AllocateHeapArea
                0x000000006610a6b0                DeallocateHeapArea
 .text          0x000000006610a6e0      0x900 ../build/x64_Release/pmc_modpow.o
                0x000000006610a6e0                PMC_ModPow_X_X_X
                0x000000006610afd0                Initialize_ModPow
 .text          0x000000006610afe0     0x1c30 ../build/x64_Release/pmc_multiply.o
                0x000000006610c850                Multiply_X_X_Imp
                0x000000006610c860                PMC_Multiply_X_I_Imp
                0x000000006610c930                PMC_Multiply_I_X
                0x000000006610c980                PMC_Multiply_X_I
                0x000000006610c9d0                PMC_Multiply_L_X
                0x000000006610ca20                PMC_Multiply_X_L
                0x000000006610ca70                PMC_Multiply_X_X
                0x000000006610cbc0                Initialize_Multiply
 .text          0x000000006610cc10     0x38f0 ../build/x64_Release/pmc_parse.o
                0x0000000066110400                PMC_TryParse
                0x0000000066110460                PMC_TryParseForSINT
                0x00000000661104c0                Initialize_Parse
 .text          0x0000000066110500      0x300 ../build/x64_Release/pmc_pow.o
                0x0000000066110500                PMC_Pow_X_I
                0x00000000661107f0                Initialize_Pow
 .text          0x0000000066110800     0x1240 ../build/x64_Release/pmc_shift.o
                0x0000000066110800                RightShift_Imp_DIV
                0x0000000066111030                RightShift_Imp
                0x0000000066111040                LeftShift_Imp_DIV
                0x0000000066111840                LeftShift_Imp
                0x0000000066111850                PMC_RightShift_X_I
                0x0000000066111940                PMC_LeftShift_X_I
                0x0000000066111a30                Initialize_Shift
 .text          0x0000000066111a40       0x30 ../build/x64_Release/pmc_statistics.o
                0x0000000066111a40                PMC_GetStatisticsInfo
 .text          0x0000000066111a70      0xad0 ../build/x64_Release/pmc_subtruct.o
                0x0000000066111af0                Subtruct_Imp
                0x0000000066112010                PMC_Subtruct_I_X
                0x00000000661120a0                PMC_Subtruct_X_I
                0x00000000661121f0                PMC_Subtruct_L_X
                0x0000000066112280                PMC_Subtruct_X_L
                0x00000000661123e0                PMC_Subtruct_X_X
                0x0000000066112530                Initialize_Subtruct
 .text          0x0000000066112540       0xb0 ../build/x64_Release/pmc_to.o
                0x0000000066112540                PMC_To_X_I
                0x0000000066112590                PMC_To_X_L
                0x00000000661125e0                Initialize_To
 .text          0x00000000661125f0     0x1cb0 ../build/x64_Release/pmc_tostring.o
                0x0000000066113280                PMC_ToString
                0x0000000066114150                InitializeNumberFormatoInfo
                0x0000000066114270                PMC_InitializeNumberFormatInfo
                0x0000000066114280                Initialize_ToString
 .text          0x00000000661142a0        0x0 ../build/x64_Release/TEST_autogenerated_1.o
 .text          0x00000000661142a0        0x0 ../build/x64_Release/TEST_autogenerated_2.o
 .text          0x00000000661142a0        0x0 ../build/x64_Release/TEST_op_Add.o
 .text          0x00000000661142a0        0x0 ../build/x64_Release/TEST_op_BitwiseAnd.o
 .text          0x00000000661142a0        0x0 ../build/x64_Release/TEST_op_BitwiseOr.o
 .text          0x00000000661142a0        0x0 ../build/x64_Release/TEST_op_Clone.o
 .text          0x00000000661142a0        0x0 ../build/x64_Release/TEST_op_Compare.o
 .text          0x00000000661142a0        0x0 ../build/x64_Release/TEST_op_DivRem.o
 .text          0x00000000661142a0        0x0 ../build/x64_Release/TEST_op_Equals.o
 .text          0x00000000661142a0        0x0 ../build/x64_Release/TEST_op_ExclusiveOr.o
 .text          0x00000000661142a0        0x0 ../build/x64_Release/TEST_op_From_To.o
 .text          0x00000000661142a0        0x0 ../build/x64_Release/TEST_op_GreatestCommonDivisor.o
 .text          0x00000000661142a0        0x0 ../build/x64_Release/TEST_op_ModPow.o
 .text          0x00000000661142a0        0x0 ../build/x64_Release/TEST_op_Multiply.o
 .text          0x00000000661142a0        0x0 ../build/x64_Release/TEST_op_ParseDN.o
 .text          0x00000000661142a0        0x0 ../build/x64_Release/TEST_op_ParseX.o
 .text          0x00000000661142a0        0x0 ../build/x64_Release/TEST_op_Pow.o
 .text          0x00000000661142a0        0x0 ../build/x64_Release/TEST_op_Remainder.o
 .text          0x00000000661142a0        0x0 ../build/x64_Release/TEST_op_Shift.o
 .text          0x00000000661142a0        0x0 ../build/x64_Release/TEST_op_Subtruct.o
 .text          0x00000000661142a0        0x0 ../build/x64_Release/TEST_op_ToStringC.o
 .text          0x00000000661142a0        0x0 ../build/x64_Release/TEST_op_ToStringD.o
 .text          0x00000000661142a0        0x0 ../build/x64_Release/TEST_op_ToStringE.o
 .text          0x00000000661142a0        0x0 ../build/x64_Release/TEST_op_ToStringF.o
 .text          0x00000000661142a0        0x0 ../build/x64_Release/TEST_op_ToStringG.o
 .text          0x00000000661142a0        0x0 ../build/x64_Release/TEST_op_ToStringN.o
 .text          0x00000000661142a0        0x0 ../build/x64_Release/TEST_op_ToStringP.o
 .text          0x00000000661142a0        0x0 ../build/x64_Release/TEST_op_ToStringR.o
 .text          0x00000000661142a0        0x0 ../build/x64_Release/TEST_op_ToStringX.o
 .text          0x00000000661142a0        0x8 C:/GNU/MINGW64/x86_64-8.1.0-win32-seh-rt_v6-rev0/mingw64/bin/../lib/gcc/x86_64-w64-mingw32/8.1.0/../../../../x86_64-w64-mingw32/lib/../lib/libkernel32.a(dqifs01555.o)
                0x00000000661142a0                lstrlenW
 .text          0x00000000661142a8        0x8 C:/GNU/MINGW64/x86_64-8.1.0-win32-seh-rt_v6-rev0/mingw64/bin/../lib/gcc/x86_64-w64-mingw32/8.1.0/../../../../x86_64-w64-mingw32/lib/../lib/libkernel32.a(dqifs01549.o)
                0x00000000661142a8                lstrcpyW
 .text          0x00000000661142b0        0x8 C:/GNU/MINGW64/x86_64-8.1.0-win32-seh-rt_v6-rev0/mingw64/bin/../lib/gcc/x86_64-w64-mingw32/8.1.0/../../../../x86_64-w64-mingw32/lib/../lib/libkernel32.a(dqifs01540.o)
                0x00000000661142b0                lstrcatW
 .text          0x00000000661142b8        0x8 C:/GNU/MINGW64/x86_64-8.1.0-win32-seh-rt_v6-rev0/mingw64/bin/../lib/gcc/x86_64-w64-mingw32/8.1.0/../../../../x86_64-w64-mingw32/lib/../lib/libkernel32.a(dqifs00841.o)
                0x00000000661142b8                HeapFree
 .text          0x00000000661142c0        0x8 C:/GNU/MINGW64/x86_64-8.1.0-win32-seh-rt_v6-rev0/mingw64/bin/../lib/gcc/x86_64-w64-mingw32/8.1.0/../../../../x86_64-w64-mingw32/lib/../lib/libkernel32.a(dqifs00839.o)
                0x00000000661142c0                HeapDestroy
 .text          0x00000000661142c8        0x8 C:/GNU/MINGW64/x86_64-8.1.0-win32-seh-rt_v6-rev0/mingw64/bin/../lib/gcc/x86_64-w64-mingw32/8.1.0/../../../../x86_64-w64-mingw32/lib/../lib/libkernel32.a(dqifs00837.o)
                0x00000000661142c8                HeapCreate
 .text          0x00000000661142d0        0x8 C:/GNU/MINGW64/x86_64-8.1.0-win32-seh-rt_v6-rev0/mingw64/bin/../lib/gcc/x86_64-w64-mingw32/8.1.0/../../../../x86_64-w64-mingw32/lib/../lib/libkernel32.a(dqifs00835.o)
                0x00000000661142d0                HeapAlloc
 .text          0x00000000661142d8        0x8 C:/GNU/MINGW64/x86_64-8.1.0-win32-seh-rt_v6-rev0/mingw64/bin/../lib/gcc/x86_64-w64-mingw32/8.1.0/../../../../x86_64-w64-mingw32/lib/../lib/libkernel32.a(dqifs00774.o)
                0x00000000661142d8                GetTickCount
 .text          0x00000000661142e0        0x0 C:/GNU/MINGW64/x86_64-8.1.0-win32-seh-rt_v6-rev0/mingw64/bin/../lib/gcc/x86_64-w64-mingw32/8.1.0/../../../../x86_64-w64-mingw32/lib/../lib/libkernel32.a(dqifh.o)
 .text          0x00000000661142e0        0x0 C:/GNU/MINGW64/x86_64-8.1.0-win32-seh-rt_v6-rev0/mingw64/bin/../lib/gcc/x86_64-w64-mingw32/8.1.0/../../../../x86_64-w64-mingw32/lib/../lib/libkernel32.a(dqift.o)
 *(SORT_BY_NAME(.text$*))
 *(.text.*)
 *(.gnu.linkonce.t.*)
 *(.glue_7t)
 *(.glue_7)
                0x00000000661142e0                . = ALIGN (0x8)
                0x00000000661142e0                ___CTOR_LIST__ = .
                0x00000000661142e0                __CTOR_LIST__ = .
                0x00000000661142e0        0x4 LONG 0xffffffffffffffff
                0x00000000661142e4        0x4 LONG 0xffffffffffffffff
 *(.ctors)
 *(.ctor)
 *(SORT_BY_NAME(.ctors.*))
                0x00000000661142e8        0x4 LONG 0x0
                0x00000000661142ec        0x4 LONG 0x0
                0x00000000661142f0                ___DTOR_LIST__ = .
                0x00000000661142f0                __DTOR_LIST__ = .
                0x00000000661142f0        0x4 LONG 0xffffffffffffffff
                0x00000000661142f4        0x4 LONG 0xffffffffffffffff
 *(.dtors)
 *(.dtor)
 *(SORT_BY_NAME(.dtors.*))
                0x00000000661142f8        0x4 LONG 0x0
                0x00000000661142fc        0x4 LONG 0x0
 *(.fini)
 *(.gcc_exc)
                [!provide]                        PROVIDE (etext = .)
 *(.gcc_except_table)

.data           0x0000000066115000      0x200
                0x0000000066115000                __data_start__ = .
 *(.data)
 .data          0x0000000066115000        0x0 ../build/x64_Release/cpuid.o
 .data          0x0000000066115000        0x0 ../build/x64_Release/debug.o
 .data          0x0000000066115000        0x0 ../build/x64_Release/dllmain.o
 .data          0x0000000066115000        0x0 ../build/x64_Release/INTERNALTEST_op_DivRem.o
 .data          0x0000000066115000        0x0 ../build/x64_Release/INTERNALTEST_op_Multiply.o
 .data          0x0000000066115000        0x0 ../build/x64_Release/pmc_add.o
 .data          0x0000000066115000        0x0 ../build/x64_Release/pmc_bitwiseand.o
 .data          0x0000000066115000        0x0 ../build/x64_Release/pmc_bitwiseor.o
 .data          0x0000000066115000        0x0 ../build/x64_Release/pmc_bytes.o
 .data          0x0000000066115000        0x0 ../build/x64_Release/pmc_clone.o
 .data          0x0000000066115000        0x0 ../build/x64_Release/pmc_compare.o
 .data          0x0000000066115000        0x0 ../build/x64_Release/pmc_divrem.o
 .data          0x0000000066115000        0x0 ../build/x64_Release/pmc_equals.o
 .data          0x0000000066115000        0x0 ../build/x64_Release/pmc_exclusiveor.o
 .data          0x0000000066115000        0x0 ../build/x64_Release/pmc_from.o
 .data          0x0000000066115000        0x0 ../build/x64_Release/pmc_greatestcommondivisor.o
 .data          0x0000000066115000        0x0 ../build/x64_Release/pmc_initialize.o
 .data          0x0000000066115000        0x0 ../build/x64_Release/pmc_memory.o
 .data          0x0000000066115000        0x0 ../build/x64_Release/pmc_modpow.o
 .data          0x0000000066115000        0x0 ../build/x64_Release/pmc_multiply.o
 .data          0x0000000066115000        0x0 ../build/x64_Release/pmc_parse.o
 .data          0x0000000066115000        0x0 ../build/x64_Release/pmc_pow.o
 .data          0x0000000066115000        0x0 ../build/x64_Release/pmc_shift.o
 .data          0x0000000066115000        0x0 ../build/x64_Release/pmc_statistics.o
 .data          0x0000000066115000        0x0 ../build/x64_Release/pmc_subtruct.o
 .data          0x0000000066115000        0x0 ../build/x64_Release/pmc_to.o
 .data          0x0000000066115000       0x80 ../build/x64_Release/pmc_tostring.o
 .data          0x0000000066115080        0x0 ../build/x64_Release/TEST_autogenerated_1.o
 .data          0x0000000066115080        0x0 ../build/x64_Release/TEST_autogenerated_2.o
 .data          0x0000000066115080        0x0 ../build/x64_Release/TEST_op_Add.o
 .data          0x0000000066115080        0x0 ../build/x64_Release/TEST_op_BitwiseAnd.o
 .data          0x0000000066115080        0x0 ../build/x64_Release/TEST_op_BitwiseOr.o
 .data          0x0000000066115080        0x0 ../build/x64_Release/TEST_op_Clone.o
 .data          0x0000000066115080        0x0 ../build/x64_Release/TEST_op_Compare.o
 .data          0x0000000066115080        0x0 ../build/x64_Release/TEST_op_DivRem.o
 .data          0x0000000066115080        0x0 ../build/x64_Release/TEST_op_Equals.o
 .data          0x0000000066115080        0x0 ../build/x64_Release/TEST_op_ExclusiveOr.o
 .data          0x0000000066115080        0x0 ../build/x64_Release/TEST_op_From_To.o
 .data          0x0000000066115080        0x0 ../build/x64_Release/TEST_op_GreatestCommonDivisor.o
 .data          0x0000000066115080        0x0 ../build/x64_Release/TEST_op_ModPow.o
 .data          0x0000000066115080        0x0 ../build/x64_Release/TEST_op_Multiply.o
 .data          0x0000000066115080        0x0 ../build/x64_Release/TEST_op_ParseDN.o
 .data          0x0000000066115080        0x0 ../build/x64_Release/TEST_op_ParseX.o
 .data          0x0000000066115080        0x0 ../build/x64_Release/TEST_op_Pow.o
 .data          0x0000000066115080        0x0 ../build/x64_Release/TEST_op_Remainder.o
 .data          0x0000000066115080        0x0 ../build/x64_Release/TEST_op_Shift.o
 .data          0x0000000066115080        0x0 ../build/x64_Release/TEST_op_Subtruct.o
 .data          0x0000000066115080        0x0 ../build/x64_Release/TEST_op_ToStringC.o
 .data          0x0000000066115080        0x0 ../build/x64_Release/TEST_op_ToStringD.o
 .data          0x0000000066115080        0x0 ../build/x64_Release/TEST_op_ToStringE.o
 .data          0x0000000066115080        0x0 ../build/x64_Release/TEST_op_ToStringF.o
 .data          0x0000000066115080        0x0 ../build/x64_Release/TEST_op_ToStringG.o
 .data          0x0000000066115080        0x0 ../build/x64_Release/TEST_op_ToStringN.o
 .data          0x0000000066115080        0x0 ../build/x64_Release/TEST_op_ToStringP.o
 .data          0x0000000066115080        0x0 ../build/x64_Release/TEST_op_ToStringR.o
 .data          0x0000000066115080        0x0 ../build/x64_Release/TEST_op_ToStringX.o
 .data          0x0000000066115080        0x0 C:/GNU/MINGW64/x86_64-8.1.0-win32-seh-rt_v6-rev0/mingw64/bin/../lib/gcc/x86_64-w64-mingw32/8.1.0/../../../../x86_64-w64-mingw32/lib/../lib/libkernel32.a(dqifs01555.o)
 .data          0x0000000066115080        0x0 C:/GNU/MINGW64/x86_64-8.1.0-win32-seh-rt_v6-rev0/mingw64/bin/../lib/gcc/x86_64-w64-mingw32/8.1.0/../../../../x86_64-w64-mingw32/lib/../lib/libkernel32.a(dqifs01549.o)
 .data          0x0000000066115080        0x0 C:/GNU/MINGW64/x86_64-8.1.0-win32-seh-rt_v6-rev0/mingw64/bin/../lib/gcc/x86_64-w64-mingw32/8.1.0/../../../../x86_64-w64-mingw32/lib/../lib/libkernel32.a(dqifs01540.o)
 .data          0x0000000066115080        0x0 C:/GNU/MINGW64/x86_64-8.1.0-win32-seh-rt_v6-rev0/mingw64/bin/../lib/gcc/x86_64-w64-mingw32/8.1.0/../../../../x86_64-w64-mingw32/lib/../lib/libkernel32.a(dqifs00841.o)
 .data          0x0000000066115080        0x0 C:/GNU/MINGW64/x86_64-8.1.0-win32-seh-rt_v6-rev0/mingw64/bin/../lib/gcc/x86_64-w64-mingw32/8.1.0/../../../../x86_64-w64-mingw32/lib/../lib/libkernel32.a(dqifs00839.o)
 .data          0x0000000066115080        0x0 C:/GNU/MINGW64/x86_64-8.1.0-win32-seh-rt_v6-rev0/mingw64/bin/../lib/gcc/x86_64-w64-mingw32/8.1.0/../../../../x86_64-w64-mingw32/lib/../lib/libkernel32.a(dqifs00837.o)
 .data          0x0000000066115080        0x0 C:/GNU/MINGW64/x86_64-8.1.0-win32-seh-rt_v6-rev0/mingw64/bin/../lib/gcc/x86_64-w64-mingw32/8.1.0/../../../../x86_64-w64-mingw32/lib/../lib/libkernel32.a(dqifs00835.o)
 .data          0x0000000066115080        0x0 C:/GNU/MINGW64/x86_64-8.1.0-win32-seh-rt_v6-rev0/mingw64/bin/../lib/gcc/x86_64-w64-mingw32/8.1.0/../../../../x86_64-w64-mingw32/lib/../lib/libkernel32.a(dqifs00774.o)
 .data          0x0000000066115080        0x0 C:/GNU/MINGW64/x86_64-8.1.0-win32-seh-rt_v6-rev0/mingw64/bin/../lib/gcc/x86_64-w64-mingw32/8.1.0/../../../../x86_64-w64-mingw32/lib/../lib/libkernel32.a(dqifh.o)
 .data          0x0000000066115080        0x0 C:/GNU/MINGW64/x86_64-8.1.0-win32-seh-rt_v6-rev0/mingw64/bin/../lib/gcc/x86_64-w64-mingw32/8.1.0/../../../../x86_64-w64-mingw32/lib/../lib/libkernel32.a(dqift.o)
 *(.data2)
 *(SORT_BY_NAME(.data$*))
 *(.jcr)
                0x0000000066115080                __data_end__ = .
 *(.data_cygwin_nocopy)

.rdata          0x0000000066116000     0x1600
 *(.rdata)
 .rdata         0x0000000066116000      0x2d0 ../build/x64_Release/pmc_tostring.o
 *(SORT_BY_NAME(.rdata$*))
 .rdata$.refptr.PMC_Add_I_X
                0x00000000661162d0       0x10 ../build/x64_Release/pmc_initialize.o
                0x00000000661162d0                .refptr.PMC_Add_I_X
 .rdata$.refptr.PMC_Add_L_X
                0x00000000661162e0       0x10 ../build/x64_Release/pmc_initialize.o
                0x00000000661162e0                .refptr.PMC_Add_L_X
 .rdata$.refptr.PMC_Add_X_I
                0x00000000661162f0       0x10 ../build/x64_Release/pmc_initialize.o
                0x00000000661162f0                .refptr.PMC_Add_X_I
 .rdata$.refptr.PMC_Add_X_L
                0x0000000066116300       0x10 ../build/x64_Release/pmc_initialize.o
                0x0000000066116300                .refptr.PMC_Add_X_L
 .rdata$.refptr.PMC_Add_X_X
                0x0000000066116310       0x10 ../build/x64_Release/pmc_initialize.o
                0x0000000066116310                .refptr.PMC_Add_X_X
 .rdata$.refptr.PMC_BitwiseAnd_I_X
                0x0000000066116320       0x10 ../build/x64_Release/pmc_initialize.o
                0x0000000066116320                .refptr.PMC_BitwiseAnd_I_X
 .rdata$.refptr.PMC_BitwiseAnd_L_X
                0x0000000066116330       0x10 ../build/x64_Release/pmc_initialize.o
                0x0000000066116330                .refptr.PMC_BitwiseAnd_L_X
 .rdata$.refptr.PMC_BitwiseAnd_X_I
                0x0000000066116340       0x10 ../build/x64_Release/pmc_initialize.o
                0x0000000066116340                .refptr.PMC_BitwiseAnd_X_I
 .rdata$.refptr.PMC_BitwiseAnd_X_L
                0x0000000066116350       0x10 ../build/x64_Release/pmc_initialize.o
                0x0000000066116350                .refptr.PMC_BitwiseAnd_X_L
 .rdata$.refptr.PMC_BitwiseAnd_X_X
                0x0000000066116360       0x10 ../build/x64_Release/pmc_initialize.o
                0x0000000066116360                .refptr.PMC_BitwiseAnd_X_X
 .rdata$.refptr.PMC_BitwiseOr_I_X
                0x0000000066116370       0x10 ../build/x64_Release/pmc_initialize.o
                0x0000000066116370                .refptr.PMC_BitwiseOr_I_X
 .rdata$.refptr.PMC_BitwiseOr_L_X
                0x0000000066116380       0x10 ../build/x64_Release/pmc_initialize.o
                0x0000000066116380                .refptr.PMC_BitwiseOr_L_X
 .rdata$.refptr.PMC_BitwiseOr_X_I
                0x0000000066116390       0x10 ../build/x64_Release/pmc_initialize.o
                0x0000000066116390                .refptr.PMC_BitwiseOr_X_I
 .rdata$.refptr.PMC_BitwiseOr_X_L
                0x00000000661163a0       0x10 ../build/x64_Release/pmc_initialize.o
                0x00000000661163a0                .refptr.PMC_BitwiseOr_X_L
 .rdata$.refptr.PMC_BitwiseOr_X_X
                0x00000000661163b0       0x10 ../build/x64_Release/pmc_initialize.o
                0x00000000661163b0                .refptr.PMC_BitwiseOr_X_X
 .rdata$.refptr.PMC_Clone_X
                0x00000000661163c0       0x10 ../build/x64_Release/pmc_initialize.o
                0x00000000661163c0                .refptr.PMC_Clone_X
 .rdata$.refptr.PMC_Compare_I_X
                0x00000000661163d0       0x10 ../build/x64_Release/pmc_initialize.o
                0x00000000661163d0                .refptr.PMC_Compare_I_X
 .rdata$.refptr.PMC_Compare_L_X
                0x00000000661163e0       0x10 ../build/x64_Release/pmc_initialize.o
                0x00000000661163e0                .refptr.PMC_Compare_L_X
 .rdata$.refptr.PMC_Compare_X_I
                0x00000000661163f0       0x10 ../build/x64_Release/pmc_initialize.o
                0x00000000661163f0                .refptr.PMC_Compare_X_I
 .rdata$.refptr.PMC_Compare_X_L
                0x0000000066116400       0x10 ../build/x64_Release/pmc_initialize.o
                0x0000000066116400                .refptr.PMC_Compare_X_L
 .rdata$.refptr.PMC_Compare_X_X
                0x0000000066116410       0x10 ../build/x64_Release/pmc_initialize.o
                0x0000000066116410                .refptr.PMC_Compare_X_X
 .rdata$.refptr.PMC_Dispose
                0x0000000066116420       0x10 ../build/x64_Release/pmc_initialize.o
                0x0000000066116420                .refptr.PMC_Dispose
 .rdata$.refptr.PMC_DivRem_I_X
                0x0000000066116430       0x10 ../build/x64_Release/pmc_initialize.o
                0x0000000066116430                .refptr.PMC_DivRem_I_X
 .rdata$.refptr.PMC_DivRem_L_X
                0x0000000066116440       0x10 ../build/x64_Release/pmc_initialize.o
                0x0000000066116440                .refptr.PMC_DivRem_L_X
 .rdata$.refptr.PMC_DivRem_X_I
                0x0000000066116450       0x10 ../build/x64_Release/pmc_initialize.o
                0x0000000066116450                .refptr.PMC_DivRem_X_I
 .rdata$.refptr.PMC_DivRem_X_L
                0x0000000066116460       0x10 ../build/x64_Release/pmc_initialize.o
                0x0000000066116460                .refptr.PMC_DivRem_X_L
 .rdata$.refptr.PMC_DivRem_X_X
                0x0000000066116470       0x10 ../build/x64_Release/pmc_initialize.o
                0x0000000066116470                .refptr.PMC_DivRem_X_X
 .rdata$.refptr.PMC_Equals_I_X
                0x0000000066116480       0x10 ../build/x64_Release/pmc_initialize.o
                0x0000000066116480                .refptr.PMC_Equals_I_X
 .rdata$.refptr.PMC_Equals_L_X
                0x0000000066116490       0x10 ../build/x64_Release/pmc_initialize.o
                0x0000000066116490                .refptr.PMC_Equals_L_X
 .rdata$.refptr.PMC_Equals_X_I
                0x00000000661164a0       0x10 ../build/x64_Release/pmc_initialize.o
                0x00000000661164a0                .refptr.PMC_Equals_X_I
 .rdata$.refptr.PMC_Equals_X_L
                0x00000000661164b0       0x10 ../build/x64_Release/pmc_initialize.o
                0x00000000661164b0                .refptr.PMC_Equals_X_L
 .rdata$.refptr.PMC_Equals_X_X
                0x00000000661164c0       0x10 ../build/x64_Release/pmc_initialize.o
                0x00000000661164c0                .refptr.PMC_Equals_X_X
 .rdata$.refptr.PMC_ExclusiveOr_I_X
                0x00000000661164d0       0x10 ../build/x64_Release/pmc_initialize.o
                0x00000000661164d0                .refptr.PMC_ExclusiveOr_I_X
 .rdata$.refptr.PMC_ExclusiveOr_L_X
                0x00000000661164e0       0x10 ../build/x64_Release/pmc_initialize.o
                0x00000000661164e0                .refptr.PMC_ExclusiveOr_L_X
 .rdata$.refptr.PMC_ExclusiveOr_X_I
                0x00000000661164f0       0x10 ../build/x64_Release/pmc_initialize.o
                0x00000000661164f0                .refptr.PMC_ExclusiveOr_X_I
 .rdata$.refptr.PMC_ExclusiveOr_X_L
                0x0000000066116500       0x10 ../build/x64_Release/pmc_initialize.o
                0x0000000066116500                .refptr.PMC_ExclusiveOr_X_L
 .rdata$.refptr.PMC_ExclusiveOr_X_X
                0x0000000066116510       0x10 ../build/x64_Release/pmc_initialize.o
                0x0000000066116510                .refptr.PMC_ExclusiveOr_X_X
 .rdata$.refptr.PMC_FromByteArray
                0x0000000066116520       0x10 ../build/x64_Release/pmc_initialize.o
                0x0000000066116520                .refptr.PMC_FromByteArray
 .rdata$.refptr.PMC_FromByteArrayForSINT
                0x0000000066116530       0x10 ../build/x64_Release/pmc_initialize.o
                0x0000000066116530                .refptr.PMC_FromByteArrayForSINT
 .rdata$.refptr.PMC_From_I
                0x0000000066116540       0x10 ../build/x64_Release/pmc_initialize.o
                0x0000000066116540                .refptr.PMC_From_I
 .rdata$.refptr.PMC_From_L
                0x0000000066116550       0x10 ../build/x64_Release/pmc_initialize.o
                0x0000000066116550                .refptr.PMC_From_L
 .rdata$.refptr.PMC_GetConstantValue_I
                0x0000000066116560       0x10 ../build/x64_Release/pmc_initialize.o
                0x0000000066116560                .refptr.PMC_GetConstantValue_I
 .rdata$.refptr.PMC_GetStatisticsInfo
                0x0000000066116570       0x10 ../build/x64_Release/pmc_initialize.o
                0x0000000066116570                .refptr.PMC_GetStatisticsInfo
 .rdata$.refptr.PMC_GreatestCommonDivisor_I_X
                0x0000000066116580       0x10 ../build/x64_Release/pmc_initialize.o
                0x0000000066116580                .refptr.PMC_GreatestCommonDivisor_I_X
 .rdata$.refptr.PMC_GreatestCommonDivisor_L_X
                0x0000000066116590       0x10 ../build/x64_Release/pmc_initialize.o
                0x0000000066116590                .refptr.PMC_GreatestCommonDivisor_L_X
 .rdata$.refptr.PMC_GreatestCommonDivisor_X_I
                0x00000000661165a0       0x10 ../build/x64_Release/pmc_initialize.o
                0x00000000661165a0                .refptr.PMC_GreatestCommonDivisor_X_I
 .rdata$.refptr.PMC_GreatestCommonDivisor_X_L
                0x00000000661165b0       0x10 ../build/x64_Release/pmc_initialize.o
                0x00000000661165b0                .refptr.PMC_GreatestCommonDivisor_X_L
 .rdata$.refptr.PMC_GreatestCommonDivisor_X_X
                0x00000000661165c0       0x10 ../build/x64_Release/pmc_initialize.o
                0x00000000661165c0                .refptr.PMC_GreatestCommonDivisor_X_X
 .rdata$.refptr.PMC_InitializeNumberFormatInfo
                0x00000000661165d0       0x10 ../build/x64_Release/pmc_initialize.o
                0x00000000661165d0                .refptr.PMC_InitializeNumberFormatInfo
 .rdata$.refptr.PMC_LeftShift_X_I
                0x00000000661165e0       0x10 ../build/x64_Release/pmc_initialize.o
                0x00000000661165e0                .refptr.PMC_LeftShift_X_I
 .rdata$.refptr.PMC_ModPow_X_X_X
                0x00000000661165f0       0x10 ../build/x64_Release/pmc_initialize.o
                0x00000000661165f0                .refptr.PMC_ModPow_X_X_X
 .rdata$.refptr.PMC_Multiply_I_X
                0x0000000066116600       0x10 ../build/x64_Release/pmc_initialize.o
                0x0000000066116600                .refptr.PMC_Multiply_I_X
 .rdata$.refptr.PMC_Multiply_L_X
                0x0000000066116610       0x10 ../build/x64_Release/pmc_initialize.o
                0x0000000066116610                .refptr.PMC_Multiply_L_X
 .rdata$.refptr.PMC_Multiply_X_I
                0x0000000066116620       0x10 ../build/x64_Release/pmc_initialize.o
                0x0000000066116620                .refptr.PMC_Multiply_X_I
 .rdata$.refptr.PMC_Multiply_X_L
                0x0000000066116630       0x10 ../build/x64_Release/pmc_initialize.o
                0x0000000066116630                .refptr.PMC_Multiply_X_L
 .rdata$.refptr.PMC_Multiply_X_X
                0x0000000066116640       0x10 ../build/x64_Release/pmc_initialize.o
                0x0000000066116640                .refptr.PMC_Multiply_X_X
 .rdata$.refptr.PMC_Pow_X_I
                0x0000000066116650       0x10 ../build/x64_Release/pmc_initialize.o
                0x0000000066116650                .refptr.PMC_Pow_X_I
 .rdata$.refptr.PMC_RightShift_X_I
                0x0000000066116660       0x10 ../build/x64_Release/pmc_initialize.o
                0x0000000066116660                .refptr.PMC_RightShift_X_I
 .rdata$.refptr.PMC_Subtruct_I_X
                0x0000000066116670       0x10 ../build/x64_Release/pmc_initialize.o
                0x0000000066116670                .refptr.PMC_Subtruct_I_X
 .rdata$.refptr.PMC_Subtruct_L_X
                0x0000000066116680       0x10 ../build/x64_Release/pmc_initialize.o
                0x0000000066116680                .refptr.PMC_Subtruct_L_X
 .rdata$.refptr.PMC_Subtruct_X_I
                0x0000000066116690       0x10 ../build/x64_Release/pmc_initialize.o
                0x0000000066116690                .refptr.PMC_Subtruct_X_I
 .rdata$.refptr.PMC_Subtruct_X_L
                0x00000000661166a0       0x10 ../build/x64_Release/pmc_initialize.o
                0x00000000661166a0                .refptr.PMC_Subtruct_X_L
 .rdata$.refptr.PMC_Subtruct_X_X
                0x00000000661166b0       0x10 ../build/x64_Release/pmc_initialize.o
                0x00000000661166b0                .refptr.PMC_Subtruct_X_X
 .rdata$.refptr.PMC_ToByteArray
                0x00000000661166c0       0x10 ../build/x64_Release/pmc_initialize.o
                0x00000000661166c0                .refptr.PMC_ToByteArray
 .rdata$.refptr.PMC_ToByteArrayForSINT
                0x00000000661166d0       0x10 ../build/x64_Release/pmc_initialize.o
                0x00000000661166d0                .refptr.PMC_ToByteArrayForSINT
 .rdata$.refptr.PMC_ToString
                0x00000000661166e0       0x10 ../build/x64_Release/pmc_initialize.o
                0x00000000661166e0                .refptr.PMC_ToString
 .rdata$.refptr.PMC_To_X_I
                0x00000000661166f0       0x10 ../build/x64_Release/pmc_initialize.o
                0x00000000661166f0                .refptr.PMC_To_X_I
 .rdata$.refptr.PMC_To_X_L
                0x0000000066116700       0x10 ../build/x64_Release/pmc_initialize.o
                0x0000000066116700                .refptr.PMC_To_X_L
 .rdata$.refptr.PMC_TryParse
                0x0000000066116710       0x10 ../build/x64_Release/pmc_initialize.o
                0x0000000066116710                .refptr.PMC_TryParse
 .rdata$.refptr.PMC_TryParseForSINT
                0x0000000066116720       0x10 ../build/x64_Release/pmc_initialize.o
                0x0000000066116720                .refptr.PMC_TryParseForSINT
 .rdata$.refptr.number_one
                0x0000000066116730       0x10 ../build/x64_Release/pmc_modpow.o
                0x0000000066116730                .refptr.number_one
 .rdata$.refptr.number_zero
                0x0000000066116740       0x10 ../build/x64_Release/pmc_add.o
                0x0000000066116740                .refptr.number_zero
 .rdata$.refptr.statistics_info
                0x0000000066116750       0x10 ../build/x64_Release/pmc_divrem.o
                0x0000000066116750                .refptr.statistics_info
 .rdata$zzz     0x0000000066116760       0x40 ../build/x64_Release/cpuid.o
 .rdata$zzz     0x00000000661167a0       0x40 ../build/x64_Release/debug.o
 .rdata$zzz     0x00000000661167e0       0x40 ../build/x64_Release/dllmain.o
 .rdata$zzz     0x0000000066116820       0x40 ../build/x64_Release/INTERNALTEST_op_DivRem.o
 .rdata$zzz     0x0000000066116860       0x40 ../build/x64_Release/INTERNALTEST_op_Multiply.o
 .rdata$zzz     0x00000000661168a0       0x40 ../build/x64_Release/pmc_add.o
 .rdata$zzz     0x00000000661168e0       0x40 ../build/x64_Release/pmc_bitwiseand.o
 .rdata$zzz     0x0000000066116920       0x40 ../build/x64_Release/pmc_bitwiseor.o
 .rdata$zzz     0x0000000066116960       0x40 ../build/x64_Release/pmc_bytes.o
 .rdata$zzz     0x00000000661169a0       0x40 ../build/x64_Release/pmc_clone.o
 .rdata$zzz     0x00000000661169e0       0x40 ../build/x64_Release/pmc_compare.o
 .rdata$zzz     0x0000000066116a20       0x40 ../build/x64_Release/pmc_divrem.o
 .rdata$zzz     0x0000000066116a60       0x40 ../build/x64_Release/pmc_equals.o
 .rdata$zzz     0x0000000066116aa0       0x40 ../build/x64_Release/pmc_exclusiveor.o
 .rdata$zzz     0x0000000066116ae0       0x40 ../build/x64_Release/pmc_from.o
 .rdata$zzz     0x0000000066116b20       0x40 ../build/x64_Release/pmc_greatestcommondivisor.o
 .rdata$zzz     0x0000000066116b60       0x40 ../build/x64_Release/pmc_initialize.o
 .rdata$zzz     0x0000000066116ba0       0x40 ../build/x64_Release/pmc_memory.o
 .rdata$zzz     0x0000000066116be0       0x40 ../build/x64_Release/pmc_modpow.o
 .rdata$zzz     0x0000000066116c20       0x40 ../build/x64_Release/pmc_multiply.o
 .rdata$zzz     0x0000000066116c60       0x40 ../build/x64_Release/pmc_parse.o
 .rdata$zzz     0x0000000066116ca0       0x40 ../build/x64_Release/pmc_pow.o
 .rdata$zzz     0x0000000066116ce0       0x40 ../build/x64_Release/pmc_shift.o
 .rdata$zzz     0x0000000066116d20       0x40 ../build/x64_Release/pmc_statistics.o
 .rdata$zzz     0x0000000066116d60       0x40 ../build/x64_Release/pmc_subtruct.o
 .rdata$zzz     0x0000000066116da0       0x40 ../build/x64_Release/pmc_to.o
 .rdata$zzz     0x0000000066116de0       0x40 ../build/x64_Release/pmc_tostring.o
 .rdata$zzz     0x0000000066116e20       0x40 ../build/x64_Release/TEST_autogenerated_1.o
 .rdata$zzz     0x0000000066116e60       0x40 ../build/x64_Release/TEST_autogenerated_2.o
 .rdata$zzz     0x0000000066116ea0       0x40 ../build/x64_Release/TEST_op_Add.o
 .rdata$zzz     0x0000000066116ee0       0x40 ../build/x64_Release/TEST_op_BitwiseAnd.o
 .rdata$zzz     0x0000000066116f20       0x40 ../build/x64_Release/TEST_op_BitwiseOr.o
 .rdata$zzz     0x0000000066116f60       0x40 ../build/x64_Release/TEST_op_Clone.o
 .rdata$zzz     0x0000000066116fa0       0x40 ../build/x64_Release/TEST_op_Compare.o
 .rdata$zzz     0x0000000066116fe0       0x40 ../build/x64_Release/TEST_op_DivRem.o
 .rdata$zzz     0x0000000066117020       0x40 ../build/x64_Release/TEST_op_Equals.o
 .rdata$zzz     0x0000000066117060       0x40 ../build/x64_Release/TEST_op_ExclusiveOr.o
 .rdata$zzz     0x00000000661170a0       0x40 ../build/x64_Release/TEST_op_From_To.o
 .rdata$zzz     0x00000000661170e0       0x40 ../build/x64_Release/TEST_op_GreatestCommonDivisor.o
 .rdata$zzz     0x0000000066117120       0x40 ../build/x64_Release/TEST_op_ModPow.o
 .rdata$zzz     0x0000000066117160       0x40 ../build/x64_Release/TEST_op_Multiply.o
 .rdata$zzz     0x00000000661171a0       0x40 ../build/x64_Release/TEST_op_ParseDN.o
 .rdata$zzz     0x00000000661171e0       0x40 ../build/x64_Release/TEST_op_ParseX.o
 .rdata$zzz     0x0000000066117220       0x40 ../build/x64_Release/TEST_op_Pow.o
 .rdata$zzz     0x0000000066117260       0x40 ../build/x64_Release/TEST_op_Remainder.o
 .rdata$zzz     0x00000000661172a0       0x40 ../build/x64_Release/TEST_op_Shift.o
 .rdata$zzz     0x00000000661172e0       0x40 ../build/x64_Release/TEST_op_Subtruct.o
 .rdata$zzz     0x0000000066117320       0x40 ../build/x64_Release/TEST_op_ToStringC.o
 .rdata$zzz     0x0000000066117360       0x40 ../build/x64_Release/TEST_op_ToStringD.o
 .rdata$zzz     0x00000000661173a0       0x40 ../build/x64_Release/TEST_op_ToStringE.o
 .rdata$zzz     0x00000000661173e0       0x40 ../build/x64_Release/TEST_op_ToStringF.o
 .rdata$zzz     0x0000000066117420       0x40 ../build/x64_Release/TEST_op_ToStringG.o
 .rdata$zzz     0x0000000066117460       0x40 ../build/x64_Release/TEST_op_ToStringN.o
 .rdata$zzz     0x00000000661174a0       0x40 ../build/x64_Release/TEST_op_ToStringP.o
 .rdata$zzz     0x00000000661174e0       0x40 ../build/x64_Release/TEST_op_ToStringR.o
 .rdata$zzz     0x0000000066117520       0x40 ../build/x64_Release/TEST_op_ToStringX.o
                0x0000000066117560                __rt_psrelocs_start = .
 *(.rdata_runtime_pseudo_reloc)
                0x0000000066117560                __rt_psrelocs_end = .
                0x0000000000000000                __rt_psrelocs_size = (__rt_psrelocs_end - __rt_psrelocs_start)
                0x0000000066117560                ___RUNTIME_PSEUDO_RELOC_LIST_END__ = .
                0x0000000066117560                __RUNTIME_PSEUDO_RELOC_LIST_END__ = .
                0x0000000066117560                ___RUNTIME_PSEUDO_RELOC_LIST__ = (. - __rt_psrelocs_size)
                0x0000000066117560                __RUNTIME_PSEUDO_RELOC_LIST__ = (. - __rt_psrelocs_size)

.eh_frame
 *(.eh_frame*)

.pdata          0x0000000066118000      0x800
 *(.pdata*)
 .pdata         0x0000000066118000        0xc ../build/x64_Release/cpuid.o
 .pdata         0x000000006611800c        0xc ../build/x64_Release/debug.o
 .pdata         0x0000000066118018        0xc ../build/x64_Release/dllmain.o
 .pdata         0x0000000066118024       0x84 ../build/x64_Release/pmc_add.o
 .pdata         0x00000000661180a8       0x48 ../build/x64_Release/pmc_bitwiseand.o
 .pdata         0x00000000661180f0       0x60 ../build/x64_Release/pmc_bitwiseor.o
 .pdata         0x0000000066118150       0x30 ../build/x64_Release/pmc_bytes.o
 .pdata         0x0000000066118180       0x18 ../build/x64_Release/pmc_clone.o
 .pdata         0x0000000066118198       0x6c ../build/x64_Release/pmc_compare.o
 .pdata         0x0000000066118204       0x9c ../build/x64_Release/pmc_divrem.o
 .pdata         0x00000000661182a0       0x48 ../build/x64_Release/pmc_equals.o
 .pdata         0x00000000661182e8       0x60 ../build/x64_Release/pmc_exclusiveor.o
 .pdata         0x0000000066118348       0x3c ../build/x64_Release/pmc_from.o
 .pdata         0x0000000066118384       0x6c ../build/x64_Release/pmc_greatestcommondivisor.o
 .pdata         0x00000000661183f0        0xc ../build/x64_Release/pmc_initialize.o
 .pdata         0x00000000661183fc      0x120 ../build/x64_Release/pmc_memory.o
 .pdata         0x000000006611851c       0x18 ../build/x64_Release/pmc_modpow.o
 .pdata         0x0000000066118534       0xcc ../build/x64_Release/pmc_multiply.o
 .pdata         0x0000000066118600       0x78 ../build/x64_Release/pmc_parse.o
 .pdata         0x0000000066118678       0x18 ../build/x64_Release/pmc_pow.o
 .pdata         0x0000000066118690       0x54 ../build/x64_Release/pmc_shift.o
 .pdata         0x00000000661186e4        0xc ../build/x64_Release/pmc_statistics.o
 .pdata         0x00000000661186f0       0x60 ../build/x64_Release/pmc_subtruct.o
 .pdata         0x0000000066118750       0x24 ../build/x64_Release/pmc_to.o
 .pdata         0x0000000066118774       0x6c ../build/x64_Release/pmc_tostring.o

.xdata          0x0000000066119000      0x800
 *(.xdata*)
 .xdata         0x0000000066119000        0x8 ../build/x64_Release/cpuid.o
 .xdata         0x0000000066119008        0x4 ../build/x64_Release/debug.o
 .xdata         0x000000006611900c        0x8 ../build/x64_Release/dllmain.o
 .xdata         0x0000000066119014       0x94 ../build/x64_Release/pmc_add.o
 .xdata         0x00000000661190a8       0x44 ../build/x64_Release/pmc_bitwiseand.o
 .xdata         0x00000000661190ec       0x68 ../build/x64_Release/pmc_bitwiseor.o
 .xdata         0x0000000066119154       0x40 ../build/x64_Release/pmc_bytes.o
 .xdata         0x0000000066119194       0x10 ../build/x64_Release/pmc_clone.o
 .xdata         0x00000000661191a4       0x4c ../build/x64_Release/pmc_compare.o
 .xdata         0x00000000661191f0       0xd8 ../build/x64_Release/pmc_divrem.o
 .xdata         0x00000000661192c8       0x40 ../build/x64_Release/pmc_equals.o
 .xdata         0x0000000066119308       0x68 ../build/x64_Release/pmc_exclusiveor.o
 .xdata         0x0000000066119370       0x2c ../build/x64_Release/pmc_from.o
 .xdata         0x000000006611939c       0x8c ../build/x64_Release/pmc_greatestcommondivisor.o
 .xdata         0x0000000066119428        0xc ../build/x64_Release/pmc_initialize.o
 .xdata         0x0000000066119434       0xc4 ../build/x64_Release/pmc_memory.o
 .xdata         0x00000000661194f8       0x1c ../build/x64_Release/pmc_modpow.o
 .xdata         0x0000000066119514       0xd8 ../build/x64_Release/pmc_multiply.o
 .xdata         0x00000000661195ec       0x80 ../build/x64_Release/pmc_parse.o
 .xdata         0x000000006611966c       0x1c ../build/x64_Release/pmc_pow.o
 .xdata         0x0000000066119688       0x54 ../build/x64_Release/pmc_shift.o
 .xdata         0x00000000661196dc        0x4 ../build/x64_Release/pmc_statistics.o
 .xdata         0x00000000661196e0       0x64 ../build/x64_Release/pmc_subtruct.o
 .xdata         0x0000000066119744       0x1c ../build/x64_Release/pmc_to.o
 .xdata         0x0000000066119760       0x84 ../build/x64_Release/pmc_tostring.o

.bss            0x000000006611a000      0x520
                0x000000006611a000                __bss_start__ = .
 *(.bss)
 .bss           0x000000006611a000        0x0 ../build/x64_Release/cpuid.o
 .bss           0x000000006611a000        0x0 ../build/x64_Release/debug.o
 .bss           0x000000006611a000        0x0 ../build/x64_Release/dllmain.o
 .bss           0x000000006611a000        0x0 ../build/x64_Release/INTERNALTEST_op_DivRem.o
 .bss           0x000000006611a000        0x0 ../build/x64_Release/INTERNALTEST_op_Multiply.o
 .bss           0x000000006611a000       0x10 ../build/x64_Release/pmc_add.o
 .bss           0x000000006611a010        0x0 ../build/x64_Release/pmc_bitwiseand.o
 .bss           0x000000006611a010        0x0 ../build/x64_Release/pmc_bitwiseor.o
 .bss           0x000000006611a010        0x0 ../build/x64_Release/pmc_bytes.o
 .bss           0x000000006611a010        0x0 ../build/x64_Release/pmc_clone.o
 .bss           0x000000006611a010        0x0 ../build/x64_Release/pmc_compare.o
 .bss           0x000000006611a010       0x10 ../build/x64_Release/pmc_divrem.o
 .bss           0x000000006611a020        0x0 ../build/x64_Release/pmc_equals.o
 .bss           0x000000006611a020        0x0 ../build/x64_Release/pmc_exclusiveor.o
 .bss           0x000000006611a020        0x0 ../build/x64_Release/pmc_from.o
 .bss           0x000000006611a020        0x0 ../build/x64_Release/pmc_greatestcommondivisor.o
 .bss           0x000000006611a020      0x260 ../build/x64_Release/pmc_initialize.o
 .bss           0x000000006611a280        0x0 ../build/x64_Release/pmc_memory.o
 .bss           0x000000006611a280        0x0 ../build/x64_Release/pmc_modpow.o
 .bss           0x000000006611a280       0x10 ../build/x64_Release/pmc_multiply.o
 *fill*         0x000000006611a290       0x10 
 .bss           0x000000006611a2a0       0xe0 ../build/x64_Release/pmc_parse.o
 .bss           0x000000006611a380        0x0 ../build/x64_Release/pmc_pow.o
 .bss           0x000000006611a380        0x0 ../build/x64_Release/pmc_shift.o
 .bss           0x000000006611a380        0x0 ../build/x64_Release/pmc_statistics.o
 .bss           0x000000006611a380        0x0 ../build/x64_Release/pmc_subtruct.o
 .bss           0x000000006611a380        0x0 ../build/x64_Release/pmc_to.o
 .bss           0x000000006611a380       0xc0 ../build/x64_Release/pmc_tostring.o
 .bss           0x000000006611a440        0x0 ../build/x64_Release/TEST_autogenerated_1.o
 .bss           0x000000006611a440        0x0 ../build/x64_Release/TEST_autogenerated_2.o
 .bss           0x000000006611a440        0x0 ../build/x64_Release/TEST_op_Add.o
 .bss           0x000000006611a440        0x0 ../build/x64_Release/TEST_op_BitwiseAnd.o
 .bss           0x000000006611a440        0x0 ../build/x64_Release/TEST_op_BitwiseOr.o
 .bss           0x000000006611a440        0x0 ../build/x64_Release/TEST_op_Clone.o
 .bss           0x000000006611a440        0x0 ../build/x64_Release/TEST_op_Compare.o
 .bss           0x000000006611a440        0x0 ../build/x64_Release/TEST_op_DivRem.o
 .bss           0x000000006611a440        0x0 ../build/x64_Release/TEST_op_Equals.o
 .bss           0x000000006611a440        0x0 ../build/x64_Release/TEST_op_ExclusiveOr.o
 .bss           0x000000006611a440        0x0 ../build/x64_Release/TEST_op_From_To.o
 .bss           0x000000006611a440        0x0 ../build/x64_Release/TEST_op_GreatestCommonDivisor.o
 .bss           0x000000006611a440        0x0 ../build/x64_Release/TEST_op_ModPow.o
 .bss           0x000000006611a440        0x0 ../build/x64_Release/TEST_op_Multiply.o
 .bss           0x000000006611a440        0x0 ../build/x64_Release/TEST_op_ParseDN.o
 .bss           0x000000006611a440        0x0 ../build/x64_Release/TEST_op_ParseX.o
 .bss           0x000000006611a440        0x0 ../build/x64_Release/TEST_op_Pow.o
 .bss           0x000000006611a440        0x0 ../build/x64_Release/TEST_op_Remainder.o
 .bss           0x000000006611a440        0x0 ../build/x64_Release/TEST_op_Shift.o
 .bss           0x000000006611a440        0x0 ../build/x64_Release/TEST_op_Subtruct.o
 .bss           0x000000006611a440        0x0 ../build/x64_Release/TEST_op_ToStringC.o
 .bss           0x000000006611a440        0x0 ../build/x64_Release/TEST_op_ToStringD.o
 .bss           0x000000006611a440        0x0 ../build/x64_Release/TEST_op_ToStringE.o
 .bss           0x000000006611a440        0x0 ../build/x64_Release/TEST_op_ToStringF.o
 .bss           0x000000006611a440        0x0 ../build/x64_Release/TEST_op_ToStringG.o
 .bss           0x000000006611a440        0x0 ../build/x64_Release/TEST_op_ToStringN.o
 .bss           0x000000006611a440        0x0 ../build/x64_Release/TEST_op_ToStringP.o
 .bss           0x000000006611a440        0x0 ../build/x64_Release/TEST_op_ToStringR.o
 .bss           0x000000006611a440        0x0 ../build/x64_Release/TEST_op_ToStringX.o
 .bss           0x000000006611a440        0x0 C:/GNU/MINGW64/x86_64-8.1.0-win32-seh-rt_v6-rev0/mingw64/bin/../lib/gcc/x86_64-w64-mingw32/8.1.0/../../../../x86_64-w64-mingw32/lib/../lib/libkernel32.a(dqifs01555.o)
 .bss           0x000000006611a440        0x0 C:/GNU/MINGW64/x86_64-8.1.0-win32-seh-rt_v6-rev0/mingw64/bin/../lib/gcc/x86_64-w64-mingw32/8.1.0/../../../../x86_64-w64-mingw32/lib/../lib/libkernel32.a(dqifs01549.o)
 .bss           0x000000006611a440        0x0 C:/GNU/MINGW64/x86_64-8.1.0-win32-seh-rt_v6-rev0/mingw64/bin/../lib/gcc/x86_64-w64-mingw32/8.1.0/../../../../x86_64-w64-mingw32/lib/../lib/libkernel32.a(dqifs01540.o)
 .bss           0x000000006611a440        0x0 C:/GNU/MINGW64/x86_64-8.1.0-win32-seh-rt_v6-rev0/mingw64/bin/../lib/gcc/x86_64-w64-mingw32/8.1.0/../../../../x86_64-w64-mingw32/lib/../lib/libkernel32.a(dqifs00841.o)
 .bss           0x000000006611a440        0x0 C:/GNU/MINGW64/x86_64-8.1.0-win32-seh-rt_v6-rev0/mingw64/bin/../lib/gcc/x86_64-w64-mingw32/8.1.0/../../../../x86_64-w64-mingw32/lib/../lib/libkernel32.a(dqifs00839.o)
 .bss           0x000000006611a440        0x0 C:/GNU/MINGW64/x86_64-8.1.0-win32-seh-rt_v6-rev0/mingw64/bin/../lib/gcc/x86_64-w64-mingw32/8.1.0/../../../../x86_64-w64-mingw32/lib/../lib/libkernel32.a(dqifs00837.o)
 .bss           0x000000006611a440        0x0 C:/GNU/MINGW64/x86_64-8.1.0-win32-seh-rt_v6-rev0/mingw64/bin/../lib/gcc/x86_64-w64-mingw32/8.1.0/../../../../x86_64-w64-mingw32/lib/../lib/libkernel32.a(dqifs00835.o)
 .bss           0x000000006611a440        0x0 C:/GNU/MINGW64/x86_64-8.1.0-win32-seh-rt_v6-rev0/mingw64/bin/../lib/gcc/x86_64-w64-mingw32/8.1.0/../../../../x86_64-w64-mingw32/lib/../lib/libkernel32.a(dqifs00774.o)
 .bss           0x000000006611a440        0x0 C:/GNU/MINGW64/x86_64-8.1.0-win32-seh-rt_v6-rev0/mingw64/bin/../lib/gcc/x86_64-w64-mingw32/8.1.0/../../../../x86_64-w64-mingw32/lib/../lib/libkernel32.a(dqifh.o)
 .bss           0x000000006611a440        0x0 C:/GNU/MINGW64/x86_64-8.1.0-win32-seh-rt_v6-rev0/mingw64/bin/../lib/gcc/x86_64-w64-mingw32/8.1.0/../../../../x86_64-w64-mingw32/lib/../lib/libkernel32.a(dqift.o)
 *(COMMON)
 COMMON         0x000000006611a440        0x4 ../build/x64_Release/pmc_initialize.o
                0x000000006611a440                configuration_info
 *fill*         0x000000006611a444       0x1c 
 COMMON         0x000000006611a460       0xb0 ../build/x64_Release/pmc_memory.o
                0x000000006611a460                number_one
                0x000000006611a4c0                number_zero
                0x000000006611a508                hLocalHeap
 COMMON         0x000000006611a510       0x10 ../build/x64_Release/pmc_statistics.o
                0x000000006611a510                statistics_info
                0x000000006611a520                __bss_end__ = .

.edata          0x000000006611b000      0x200
 *(.edata)
 .edata         0x000000006611b000       0x74 dll stuff

/DISCARD/
 *(.debug$S)
 *(.debug$T)
 *(.debug$F)
 *(.drectve)
 *(.note.GNU-stack)
 *(.gnu.lto_*)

.idata          0x000000006611c000      0x200
 SORT_BY_NAME(*)(.idata$2)
 .idata$2       0x000000006611c000       0x14 C:/GNU/MINGW64/x86_64-8.1.0-win32-seh-rt_v6-rev0/mingw64/bin/../lib/gcc/x86_64-w64-mingw32/8.1.0/../../../../x86_64-w64-mingw32/lib/../lib/libkernel32.a(dqifh.o)
                0x000000006611c000                _head_lib64_libkernel32_a
 SORT_BY_NAME(*)(.idata$3)
                0x000000006611c014        0x4 LONG 0x0
                0x000000006611c018        0x4 LONG 0x0
                0x000000006611c01c        0x4 LONG 0x0
                0x000000006611c020        0x4 LONG 0x0
                0x000000006611c024        0x4 LONG 0x0
 SORT_BY_NAME(*)(.idata$4)
 .idata$4       0x000000006611c028        0x0 C:/GNU/MINGW64/x86_64-8.1.0-win32-seh-rt_v6-rev0/mingw64/bin/../lib/gcc/x86_64-w64-mingw32/8.1.0/../../../../x86_64-w64-mingw32/lib/../lib/libkernel32.a(dqifh.o)
 .idata$4       0x000000006611c028        0x8 C:/GNU/MINGW64/x86_64-8.1.0-win32-seh-rt_v6-rev0/mingw64/bin/../lib/gcc/x86_64-w64-mingw32/8.1.0/../../../../x86_64-w64-mingw32/lib/../lib/libkernel32.a(dqifs00774.o)
 .idata$4       0x000000006611c030        0x8 C:/GNU/MINGW64/x86_64-8.1.0-win32-seh-rt_v6-rev0/mingw64/bin/../lib/gcc/x86_64-w64-mingw32/8.1.0/../../../../x86_64-w64-mingw32/lib/../lib/libkernel32.a(dqifs00835.o)
 .idata$4       0x000000006611c038        0x8 C:/GNU/MINGW64/x86_64-8.1.0-win32-seh-rt_v6-rev0/mingw64/bin/../lib/gcc/x86_64-w64-mingw32/8.1.0/../../../../x86_64-w64-mingw32/lib/../lib/libkernel32.a(dqifs00837.o)
 .idata$4       0x000000006611c040        0x8 C:/GNU/MINGW64/x86_64-8.1.0-win32-seh-rt_v6-rev0/mingw64/bin/../lib/gcc/x86_64-w64-mingw32/8.1.0/../../../../x86_64-w64-mingw32/lib/../lib/libkernel32.a(dqifs00839.o)
 .idata$4       0x000000006611c048        0x8 C:/GNU/MINGW64/x86_64-8.1.0-win32-seh-rt_v6-rev0/mingw64/bin/../lib/gcc/x86_64-w64-mingw32/8.1.0/../../../../x86_64-w64-mingw32/lib/../lib/libkernel32.a(dqifs00841.o)
 .idata$4       0x000000006611c050        0x8 C:/GNU/MINGW64/x86_64-8.1.0-win32-seh-rt_v6-rev0/mingw64/bin/../lib/gcc/x86_64-w64-mingw32/8.1.0/../../../../x86_64-w64-mingw32/lib/../lib/libkernel32.a(dqifs01540.o)
 .idata$4       0x000000006611c058        0x8 C:/GNU/MINGW64/x86_64-8.1.0-win32-seh-rt_v6-rev0/mingw64/bin/../lib/gcc/x86_64-w64-mingw32/8.1.0/../../../../x86_64-w64-mingw32/lib/../lib/libkernel32.a(dqifs01549.o)
 .idata$4       0x000000006611c060        0x8 C:/GNU/MINGW64/x86_64-8.1.0-win32-seh-rt_v6-rev0/mingw64/bin/../lib/gcc/x86_64-w64-mingw32/8.1.0/../../../../x86_64-w64-mingw32/lib/../lib/libkernel32.a(dqifs01555.o)
 .idata$4       0x000000006611c068        0x8 C:/GNU/MINGW64/x86_64-8.1.0-win32-seh-rt_v6-rev0/mingw64/bin/../lib/gcc/x86_64-w64-mingw32/8.1.0/../../../../x86_64-w64-mingw32/lib/../lib/libkernel32.a(dqift.o)
                0x000000006611c070                __IAT_start__ = .
 SORT_BY_NAME(*)(.idata$5)
 .idata$5       0x000000006611c070        0x0 C:/GNU/MINGW64/x86_64-8.1.0-win32-seh-rt_v6-rev0/mingw64/bin/../lib/gcc/x86_64-w64-mingw32/8.1.0/../../../../x86_64-w64-mingw32/lib/../lib/libkernel32.a(dqifh.o)
 .idata$5       0x000000006611c070        0x8 C:/GNU/MINGW64/x86_64-8.1.0-win32-seh-rt_v6-rev0/mingw64/bin/../lib/gcc/x86_64-w64-mingw32/8.1.0/../../../../x86_64-w64-mingw32/lib/../lib/libkernel32.a(dqifs00774.o)
                0x000000006611c070                __imp_GetTickCount
 .idata$5       0x000000006611c078        0x8 C:/GNU/MINGW64/x86_64-8.1.0-win32-seh-rt_v6-rev0/mingw64/bin/../lib/gcc/x86_64-w64-mingw32/8.1.0/../../../../x86_64-w64-mingw32/lib/../lib/libkernel32.a(dqifs00835.o)
                0x000000006611c078                __imp_HeapAlloc
 .idata$5       0x000000006611c080        0x8 C:/GNU/MINGW64/x86_64-8.1.0-win32-seh-rt_v6-rev0/mingw64/bin/../lib/gcc/x86_64-w64-mingw32/8.1.0/../../../../x86_64-w64-mingw32/lib/../lib/libkernel32.a(dqifs00837.o)
                0x000000006611c080                __imp_HeapCreate
 .idata$5       0x000000006611c088        0x8 C:/GNU/MINGW64/x86_64-8.1.0-win32-seh-rt_v6-rev0/mingw64/bin/../lib/gcc/x86_64-w64-mingw32/8.1.0/../../../../x86_64-w64-mingw32/lib/../lib/libkernel32.a(dqifs00839.o)
                0x000000006611c088                __imp_HeapDestroy
 .idata$5       0x000000006611c090        0x8 C:/GNU/MINGW64/x86_64-8.1.0-win32-seh-rt_v6-rev0/mingw64/bin/../lib/gcc/x86_64-w64-mingw32/8.1.0/../../../../x86_64-w64-mingw32/lib/../lib/libkernel32.a(dqifs00841.o)
                0x000000006611c090                __imp_HeapFree
 .idata$5       0x000000006611c098        0x8 C:/GNU/MINGW64/x86_64-8.1.0-win32-seh-rt_v6-rev0/mingw64/bin/../lib/gcc/x86_64-w64-mingw32/8.1.0/../../../../x86_64-w64-mingw32/lib/../lib/libkernel32.a(dqifs01540.o)
                0x000000006611c098                __imp_lstrcatW
 .idata$5       0x000000006611c0a0        0x8 C:/GNU/MINGW64/x86_64-8.1.0-win32-seh-rt_v6-rev0/mingw64/bin/../lib/gcc/x86_64-w64-mingw32/8.1.0/../../../../x86_64-w64-mingw32/lib/../lib/libkernel32.a(dqifs01549.o)
                0x000000006611c0a0                __imp_lstrcpyW
 .idata$5       0x000000006611c0a8        0x8 C:/GNU/MINGW64/x86_64-8.1.0-win32-seh-rt_v6-rev0/mingw64/bin/../lib/gcc/x86_64-w64-mingw32/8.1.0/../../../../x86_64-w64-mingw32/lib/../lib/libkernel32.a(dqifs01555.o)
                0x000000006611c0a8                __imp_lstrlenW
 .idata$5       0x000000006611c0b0        0x8 C:/GNU/MINGW64/x86_64-8.1.0-win32-seh-rt_v6-rev0/mingw64/bin/../lib/gcc/x86_64-w64-mingw32/8.1.0/../../../../x86_64-w64-mingw32/lib/../lib/libkernel32.a(dqift.o)
                0x000000006611c0b8                __IAT_end__ = .
 SORT_BY_NAME(*)(.idata$6)
 .idata$6       0x000000006611c0b8       0x10 C:/GNU/MINGW64/x86_64-8.1.0-win32-seh-rt_v6-rev0/mingw64/bin/../lib/gcc/x86_64-w64-mingw32/8.1.0/../../../../x86_64-w64-mingw32/lib/../lib/libkernel32.a(dqifs00774.o)
 .idata$6       0x000000006611c0c8        0xc C:/GNU/MINGW64/x86_64-8.1.0-win32-seh-rt_v6-rev0/mingw64/bin/../lib/gcc/x86_64-w64-mingw32/8.1.0/../../../../x86_64-w64-mingw32/lib/../lib/libkernel32.a(dqifs00835.o)
 .idata$6       0x000000006611c0d4        0xe C:/GNU/MINGW64/x86_64-8.1.0-win32-seh-rt_v6-rev0/mingw64/bin/../lib/gcc/x86_64-w64-mingw32/8.1.0/../../../../x86_64-w64-mingw32/lib/../lib/libkernel32.a(dqifs00837.o)
 .idata$6       0x000000006611c0e2        0xe C:/GNU/MINGW64/x86_64-8.1.0-win32-seh-rt_v6-rev0/mingw64/bin/../lib/gcc/x86_64-w64-mingw32/8.1.0/../../../../x86_64-w64-mingw32/lib/../lib/libkernel32.a(dqifs00839.o)
 .idata$6       0x000000006611c0f0        0xc C:/GNU/MINGW64/x86_64-8.1.0-win32-seh-rt_v6-rev0/mingw64/bin/../lib/gcc/x86_64-w64-mingw32/8.1.0/../../../../x86_64-w64-mingw32/lib/../lib/libkernel32.a(dqifs00841.o)
 .idata$6       0x000000006611c0fc        0xc C:/GNU/MINGW64/x86_64-8.1.0-win32-seh-rt_v6-rev0/mingw64/bin/../lib/gcc/x86_64-w64-mingw32/8.1.0/../../../../x86_64-w64-mingw32/lib/../lib/libkernel32.a(dqifs01540.o)
 .idata$6       0x000000006611c108        0xc C:/GNU/MINGW64/x86_64-8.1.0-win32-seh-rt_v6-rev0/mingw64/bin/../lib/gcc/x86_64-w64-mingw32/8.1.0/../../../../x86_64-w64-mingw32/lib/../lib/libkernel32.a(dqifs01549.o)
 .idata$6       0x000000006611c114        0xc C:/GNU/MINGW64/x86_64-8.1.0-win32-seh-rt_v6-rev0/mingw64/bin/../lib/gcc/x86_64-w64-mingw32/8.1.0/../../../../x86_64-w64-mingw32/lib/../lib/libkernel32.a(dqifs01555.o)
 SORT_BY_NAME(*)(.idata$7)
 .idata$7       0x000000006611c120        0x4 C:/GNU/MINGW64/x86_64-8.1.0-win32-seh-rt_v6-rev0/mingw64/bin/../lib/gcc/x86_64-w64-mingw32/8.1.0/../../../../x86_64-w64-mingw32/lib/../lib/libkernel32.a(dqifs00774.o)
 .idata$7       0x000000006611c124        0x4 C:/GNU/MINGW64/x86_64-8.1.0-win32-seh-rt_v6-rev0/mingw64/bin/../lib/gcc/x86_64-w64-mingw32/8.1.0/../../../../x86_64-w64-mingw32/lib/../lib/libkernel32.a(dqifs00835.o)
 .idata$7       0x000000006611c128        0x4 C:/GNU/MINGW64/x86_64-8.1.0-win32-seh-rt_v6-rev0/mingw64/bin/../lib/gcc/x86_64-w64-mingw32/8.1.0/../../../../x86_64-w64-mingw32/lib/../lib/libkernel32.a(dqifs00837.o)
 .idata$7       0x000000006611c12c        0x4 C:/GNU/MINGW64/x86_64-8.1.0-win32-seh-rt_v6-rev0/mingw64/bin/../lib/gcc/x86_64-w64-mingw32/8.1.0/../../../../x86_64-w64-mingw32/lib/../lib/libkernel32.a(dqifs00839.o)
 .idata$7       0x000000006611c130        0x4 C:/GNU/MINGW64/x86_64-8.1.0-win32-seh-rt_v6-rev0/mingw64/bin/../lib/gcc/x86_64-w64-mingw32/8.1.0/../../../../x86_64-w64-mingw32/lib/../lib/libkernel32.a(dqifs00841.o)
 .idata$7       0x000000006611c134        0x4 C:/GNU/MINGW64/x86_64-8.1.0-win32-seh-rt_v6-rev0/mingw64/bin/../lib/gcc/x86_64-w64-mingw32/8.1.0/../../../../x86_64-w64-mingw32/lib/../lib/libkernel32.a(dqifs01540.o)
 .idata$7       0x000000006611c138        0x4 C:/GNU/MINGW64/x86_64-8.1.0-win32-seh-rt_v6-rev0/mingw64/bin/../lib/gcc/x86_64-w64-mingw32/8.1.0/../../../../x86_64-w64-mingw32/lib/../lib/libkernel32.a(dqifs01549.o)
 .idata$7       0x000000006611c13c        0x4 C:/GNU/MINGW64/x86_64-8.1.0-win32-seh-rt_v6-rev0/mingw64/bin/../lib/gcc/x86_64-w64-mingw32/8.1.0/../../../../x86_64-w64-mingw32/lib/../lib/libkernel32.a(dqifs01555.o)
 .idata$7       0x000000006611c140       0x10 C:/GNU/MINGW64/x86_64-8.1.0-win32-seh-rt_v6-rev0/mingw64/bin/../lib/gcc/x86_64-w64-mingw32/8.1.0/../../../../x86_64-w64-mingw32/lib/../lib/libkernel32.a(dqift.o)
                0x000000006611c140                __lib64_libkernel32_a_iname

.CRT            0x000000006611d000        0x0
                0x000000006611d000                ___crt_xc_start__ = .
 *(SORT_BY_NAME(.CRT$XC*))
                0x000000006611d000                ___crt_xc_end__ = .
                0x000000006611d000                ___crt_xi_start__ = .
 *(SORT_BY_NAME(.CRT$XI*))
                0x000000006611d000                ___crt_xi_end__ = .
                0x000000006611d000                ___crt_xl_start__ = .
 *(SORT_BY_NAME(.CRT$XL*))
                0x000000006611d000                ___crt_xp_start__ = .
 *(SORT_BY_NAME(.CRT$XP*))
                0x000000006611d000                ___crt_xp_end__ = .
                0x000000006611d000                ___crt_xt_start__ = .
 *(SORT_BY_NAME(.CRT$XT*))
                0x000000006611d000                ___crt_xt_end__ = .

.tls            0x000000006611d000        0x0
                0x000000006611d000                ___tls_start__ = .
 *(.tls$AAA)
 *(.tls)
 *(.tls$)
 *(SORT_BY_NAME(.tls$*))
 *(.tls$ZZZ)
                0x000000006611d000                ___tls_end__ = .

.endjunk        0x000000006611d000        0x0
                [!provide]                        PROVIDE (end = .)
                [!provide]                        PROVIDE (_end = .)
                0x000000006611d000                __end__ = .

.rsrc           0x000000006611d000      0x400
 *(.rsrc)
 .rsrc          0x000000006611d000      0x378 ../build/x64_Release/version.o
 *(.rsrc$*)

.reloc          0x000000006611e000      0x200
 *(.reloc)
 .reloc         0x000000006611e000       0x9c dll stuff

.stab
 *(.stab)

.stabstr
 *(.stabstr)

.debug_aranges
 *(.debug_aranges)

.zdebug_aranges
 *(.zdebug_aranges)

.debug_pubnames
 *(.debug_pubnames)

.zdebug_pubnames
 *(.zdebug_pubnames)

.debug_pubtypes
 *(.debug_pubtypes)

.zdebug_pubtypes
 *(.zdebug_pubtypes)

.debug_info
 *(.debug_info .gnu.linkonce.wi.*)

.zdebug_info
 *(.zdebug_info .zdebug.gnu.linkonce.wi.*)

.debug_abbrev
 *(.debug_abbrev)

.zdebug_abbrev
 *(.zdebug_abbrev)

.debug_line
 *(.debug_line)

.zdebug_line
 *(.zdebug_line)

.debug_frame
 *(.debug_frame)

.zdebug_frame
 *(.zdebug_frame)

.debug_str
 *(.debug_str)

.zdebug_str
 *(.zdebug_str)

.debug_loc
 *(.debug_loc)

.zdebug_loc
 *(.zdebug_loc)

.debug_macinfo
 *(.debug_macinfo)

.zdebug_macinfo
 *(.zdebug_macinfo)

.debug_weaknames
 *(.debug_weaknames)

.zdebug_weaknames
 *(.zdebug_weaknames)

.debug_funcnames
 *(.debug_funcnames)

.zdebug_funcnames
 *(.zdebug_funcnames)

.debug_typenames
 *(.debug_typenames)

.zdebug_typenames
 *(.zdebug_typenames)

.debug_varnames
 *(.debug_varnames)

.zdebug_varnames
 *(.zdebug_varnames)

.debug_macro
 *(.debug_macro)

.zdebug_macro
 *(.zdebug_macro)

.debug_ranges
 *(.debug_ranges)

.zdebug_ranges
 *(.zdebug_ranges)

.debug_types
 *(.debug_types .gnu.linkonce.wt.*)

.zdebug_types
 *(.zdebug_types .zdebug.gnu.linkonce.wt.*)

.debug_gdb_scripts
 *(.debug_gdb_scripts)

.zdebug_gdb_scripts
 *(.zdebug_gdb_scripts)
OUTPUT(../../dist/Release/x64/Palmtree.Math.Core.Uint.dll pei-x86-64)
LOAD dll stuff
