Archive member included to satisfy reference by file (symbol)

C:/GNU/MINGW64/x86_64-8.1.0-win32-seh-rt_v6-rev0/mingw64/bin/../lib/gcc/x86_64-w64-mingw32/8.1.0/../../../../x86_64-w64-mingw32/lib/../lib/libkernel32.a(dqifs01555.o)
                              ../build/x64_Release/pmc_parse.o (__imp_lstrlenW)
C:/GNU/MINGW64/x86_64-8.1.0-win32-seh-rt_v6-rev0/mingw64/bin/../lib/gcc/x86_64-w64-mingw32/8.1.0/../../../../x86_64-w64-mingw32/lib/../lib/libkernel32.a(dqifs01549.o)
                              ../build/x64_Release/pmc_parse.o (__imp_lstrcpyW)
C:/GNU/MINGW64/x86_64-8.1.0-win32-seh-rt_v6-rev0/mingw64/bin/../lib/gcc/x86_64-w64-mingw32/8.1.0/../../../../x86_64-w64-mingw32/lib/../lib/libkernel32.a(dqifs00841.o)
                              ../build/x64_Release/pmc_memory.o (__imp_HeapFree)
C:/GNU/MINGW64/x86_64-8.1.0-win32-seh-rt_v6-rev0/mingw64/bin/../lib/gcc/x86_64-w64-mingw32/8.1.0/../../../../x86_64-w64-mingw32/lib/../lib/libkernel32.a(dqifs00839.o)
                              ../build/x64_Release/pmc_memory.o (__imp_HeapDestroy)
C:/GNU/MINGW64/x86_64-8.1.0-win32-seh-rt_v6-rev0/mingw64/bin/../lib/gcc/x86_64-w64-mingw32/8.1.0/../../../../x86_64-w64-mingw32/lib/../lib/libkernel32.a(dqifs00837.o)
                              ../build/x64_Release/pmc_memory.o (__imp_HeapCreate)
C:/GNU/MINGW64/x86_64-8.1.0-win32-seh-rt_v6-rev0/mingw64/bin/../lib/gcc/x86_64-w64-mingw32/8.1.0/../../../../x86_64-w64-mingw32/lib/../lib/libkernel32.a(dqifs00835.o)
                              ../build/x64_Release/pmc_memory.o (__imp_HeapAlloc)
C:/GNU/MINGW64/x86_64-8.1.0-win32-seh-rt_v6-rev0/mingw64/bin/../lib/gcc/x86_64-w64-mingw32/8.1.0/../../../../x86_64-w64-mingw32/lib/../lib/libkernel32.a(dqifh.o)
                              C:/GNU/MINGW64/x86_64-8.1.0-win32-seh-rt_v6-rev0/mingw64/bin/../lib/gcc/x86_64-w64-mingw32/8.1.0/../../../../x86_64-w64-mingw32/lib/../lib/libkernel32.a(dqifs01555.o) (_head_lib64_libkernel32_a)
C:/GNU/MINGW64/x86_64-8.1.0-win32-seh-rt_v6-rev0/mingw64/bin/../lib/gcc/x86_64-w64-mingw32/8.1.0/../../../../x86_64-w64-mingw32/lib/../lib/libkernel32.a(dqift.o)
                              C:/GNU/MINGW64/x86_64-8.1.0-win32-seh-rt_v6-rev0/mingw64/bin/../lib/gcc/x86_64-w64-mingw32/8.1.0/../../../../x86_64-w64-mingw32/lib/../lib/libkernel32.a(dqifh.o) (__lib64_libkernel32_a_iname)

Allocating common symbols
Common symbol       size              file

number_one          0x48              ../build/x64_Release/pmc_memory.o
statistics_info     0x10              ../build/x64_Release/pmc_statistics.o
number_zero         0x48              ../build/x64_Release/pmc_memory.o
hLocalHeap          0x8               ../build/x64_Release/pmc_memory.o
configuration_info  0x4               ../build/x64_Release/pmc_initialize.o

Discarded input sections

 .drectve       0x0000000000000000       0x14 ../build/x64_Release/debug.o
 .rdata$.refptr.number_zero
                0x0000000000000000       0x10 ../build/x64_Release/pmc_bitwiseand.o
 .rdata$.refptr.number_zero
                0x0000000000000000       0x10 ../build/x64_Release/pmc_bitwiseor.o
 .rdata$.refptr.number_zero
                0x0000000000000000       0x10 ../build/x64_Release/pmc_bytes.o
 .rdata$.refptr.number_zero
                0x0000000000000000       0x10 ../build/x64_Release/pmc_clone.o
 .rdata$.refptr.number_zero
                0x0000000000000000       0x10 ../build/x64_Release/pmc_divrem.o
 .rdata$.refptr.number_zero
                0x0000000000000000       0x10 ../build/x64_Release/pmc_exclusiveor.o
 .rdata$.refptr.number_zero
                0x0000000000000000       0x10 ../build/x64_Release/pmc_from.o
 .drectve       0x0000000000000000       0x24 ../build/x64_Release/pmc_initialize.o
 .drectve       0x0000000000000000       0x50 ../build/x64_Release/pmc_memory.o
 .rdata$.refptr.number_zero
                0x0000000000000000       0x10 ../build/x64_Release/pmc_modpow.o
 .rdata$.refptr.number_zero
                0x0000000000000000       0x10 ../build/x64_Release/pmc_multiply.o
 .rdata$.refptr.statistics_info
                0x0000000000000000       0x10 ../build/x64_Release/pmc_multiply.o
 .rdata$.refptr.number_zero
                0x0000000000000000       0x10 ../build/x64_Release/pmc_parse.o
 .rdata$.refptr.statistics_info
                0x0000000000000000       0x10 ../build/x64_Release/pmc_parse.o
 .rdata$.refptr.number_one
                0x0000000000000000       0x10 ../build/x64_Release/pmc_pow.o
 .rdata$.refptr.number_zero
                0x0000000000000000       0x10 ../build/x64_Release/pmc_pow.o
 .rdata$.refptr.number_zero
                0x0000000000000000       0x10 ../build/x64_Release/pmc_shift.o
 .drectve       0x0000000000000000       0x20 ../build/x64_Release/pmc_statistics.o
 .rdata$.refptr.number_zero
                0x0000000000000000       0x10 ../build/x64_Release/pmc_subtruct.o
 .rdata$.refptr.statistics_info
                0x0000000000000000       0x10 ../build/x64_Release/pmc_tostring.o

Memory Configuration

Name             Origin             Length             Attributes
*default*        0x0000000000000000 0xffffffffffffffff

Linker script and memory map

                0x0000000063480000                __image_base__ = 0x63480000
                0x0000000000000000                __dll__ = 0x0
                0x0000000063480000                __ImageBase = 0x63480000
                0x0000000000001000                __section_alignment__ = 0x1000
                0x0000000000000200                __file_alignment__ = 0x200
                0x0000000000000004                __major_os_version__ = 0x4
                0x0000000000000000                __minor_os_version__ = 0x0
                0x0000000000000000                __major_image_version__ = 0x0
                0x0000000000000000                __minor_image_version__ = 0x0
                0x0000000000000005                __major_subsystem_version__ = 0x5
                0x0000000000000002                __minor_subsystem_version__ = 0x2
                0x0000000000000002                __subsystem__ = 0x2
                0x0000000000200000                __size_of_stack_reserve__ = 0x200000
                0x0000000000001000                __size_of_stack_commit__ = 0x1000
                0x0000000000100000                __size_of_heap_reserve__ = 0x100000
                0x0000000000001000                __size_of_heap_commit__ = 0x1000
                0x0000000000000000                __loader_flags__ = 0x0
                0x0000000000000000                __dll_characteristics__ = 0x0
LOAD ../build/x64_Release/cpuid.o
LOAD ../build/x64_Release/debug.o
LOAD ../build/x64_Release/dllmain.o
LOAD ../build/x64_Release/INTERNALTEST_op_DivRem.o
LOAD ../build/x64_Release/INTERNALTEST_op_Multiply.o
LOAD ../build/x64_Release/pmc_add.o
LOAD ../build/x64_Release/pmc_bitwiseand.o
LOAD ../build/x64_Release/pmc_bitwiseor.o
LOAD ../build/x64_Release/pmc_bytes.o
LOAD ../build/x64_Release/pmc_clone.o
LOAD ../build/x64_Release/pmc_compare.o
LOAD ../build/x64_Release/pmc_divrem.o
LOAD ../build/x64_Release/pmc_equals.o
LOAD ../build/x64_Release/pmc_exclusiveor.o
LOAD ../build/x64_Release/pmc_from.o
LOAD ../build/x64_Release/pmc_greatestcommondivisor.o
LOAD ../build/x64_Release/pmc_initialize.o
LOAD ../build/x64_Release/pmc_memory.o
LOAD ../build/x64_Release/pmc_modpow.o
LOAD ../build/x64_Release/pmc_multiply.o
LOAD ../build/x64_Release/pmc_parse.o
LOAD ../build/x64_Release/pmc_pow.o
LOAD ../build/x64_Release/pmc_shift.o
LOAD ../build/x64_Release/pmc_statistics.o
LOAD ../build/x64_Release/pmc_subtruct.o
LOAD ../build/x64_Release/pmc_to.o
LOAD ../build/x64_Release/pmc_tostring.o
LOAD ../build/x64_Release/TEST_autogenerated.o
LOAD ../build/x64_Release/TEST_op_Add.o
LOAD ../build/x64_Release/TEST_op_BitwiseAnd.o
LOAD ../build/x64_Release/TEST_op_BitwiseOr.o
LOAD ../build/x64_Release/TEST_op_Clone.o
LOAD ../build/x64_Release/TEST_op_Compare.o
LOAD ../build/x64_Release/TEST_op_DivRem.o
LOAD ../build/x64_Release/TEST_op_Equals.o
LOAD ../build/x64_Release/TEST_op_ExclusiveOr.o
LOAD ../build/x64_Release/TEST_op_From_To.o
LOAD ../build/x64_Release/TEST_op_GreatestCommonDivisor.o
LOAD ../build/x64_Release/TEST_op_ModPow.o
LOAD ../build/x64_Release/TEST_op_Multiply.o
LOAD ../build/x64_Release/TEST_op_ParseDN.o
LOAD ../build/x64_Release/TEST_op_ParseX.o
LOAD ../build/x64_Release/TEST_op_Pow.o
LOAD ../build/x64_Release/TEST_op_Remainder.o
LOAD ../build/x64_Release/TEST_op_Shift.o
LOAD ../build/x64_Release/TEST_op_Subtruct.o
LOAD ../build/x64_Release/TEST_op_ToStringD.o
LOAD ../build/x64_Release/TEST_op_ToStringN.o
LOAD ../build/x64_Release/TEST_op_ToStringX.o
LOAD ../build/x64_Release/version.o
LOAD ../Palmtree.Math.Core.Uint.def
LOAD C:/GNU/MINGW64/x86_64-8.1.0-win32-seh-rt_v6-rev0/mingw64/bin/../lib/gcc/x86_64-w64-mingw32/8.1.0/../../../../x86_64-w64-mingw32/lib/../lib/libkernel32.a
LOAD C:/GNU/MINGW64/x86_64-8.1.0-win32-seh-rt_v6-rev0/mingw64/bin/../lib/gcc/x86_64-w64-mingw32/8.1.0/../../../../x86_64-w64-mingw32/lib/../lib/libuser32.a
                0x0000000000000318                . = SIZEOF_HEADERS
                0x0000000000001000                . = ALIGN (__section_alignment__)

.text           0x0000000063481000    0x11200
 *(.init)
 *(.text)
 .text          0x0000000063481000       0xb0 ../build/x64_Release/cpuid.o
                0x0000000063481000                GetCPUInfo
 .text          0x00000000634810b0       0x10 ../build/x64_Release/debug.o
                0x00000000634810b0                DoDebug
 .text          0x00000000634810c0       0x50 ../build/x64_Release/dllmain.o
                0x00000000634810c0                DllMain
 .text          0x0000000063481110        0x0 ../build/x64_Release/INTERNALTEST_op_DivRem.o
 .text          0x0000000063481110        0x0 ../build/x64_Release/INTERNALTEST_op_Multiply.o
 .text          0x0000000063481110     0x1040 ../build/x64_Release/pmc_add.o
                0x0000000063481e90                PMC_Add_I_X
                0x0000000063481ee0                PMC_Add_X_I
                0x0000000063481f30                PMC_Add_L_X
                0x0000000063481f80                PMC_Add_X_L
                0x0000000063481fd0                PMC_Add_X_X
                0x0000000063482130                Initialize_Add
 .text          0x0000000063482150      0x6d0 ../build/x64_Release/pmc_bitwiseand.o
                0x0000000063482150                PMC_BitwiseAnd_I_X
                0x00000000634821b0                PMC_BitwiseAnd_X_I
                0x0000000063482210                PMC_BitwiseAnd_L_X
                0x0000000063482280                PMC_BitwiseAnd_X_L
                0x00000000634822f0                PMC_BitwiseAnd_X_X
                0x0000000063482810                Initialize_BitwiseAnd
 .text          0x0000000063482820      0x8c0 ../build/x64_Release/pmc_bitwiseor.o
                0x0000000063482a20                PMC_BitwiseOr_I_X
                0x0000000063482a70                PMC_BitwiseOr_X_I
                0x0000000063482ac0                PMC_BitwiseOr_L_X
                0x0000000063482b10                PMC_BitwiseOr_X_L
                0x0000000063482b60                PMC_BitwiseOr_X_X
                0x00000000634830d0                Initialize_BitwiseOr
 .text          0x00000000634830e0      0x390 ../build/x64_Release/pmc_bytes.o
                0x00000000634830e0                PMC_FromByteArrayForSINT
                0x0000000063483220                PMC_FromByteArray
                0x0000000063483320                PMC_ToByteArrayForSINT
                0x00000000634833e0                PMC_ToByteArray
 .text          0x0000000063483470       0x80 ../build/x64_Release/pmc_clone.o
                0x0000000063483470                PMC_Clone_X
                0x00000000634834e0                Initialize_Clone
 .text          0x00000000634834f0      0x3e0 ../build/x64_Release/pmc_compare.o
                0x00000000634835b0                Compare_Imp
                0x0000000063483620                PMC_Compare_I_X
                0x0000000063483680                PMC_Compare_X_I
                0x00000000634836e0                PMC_Compare_L_X
                0x0000000063483740                PMC_Compare_X_L
                0x00000000634837a0                PMC_Compare_X_X
                0x00000000634838c0                Initialize_Compare
 .text          0x00000000634838d0     0x4660 ../build/x64_Release/pmc_divrem.o
                0x0000000063486bd0                Rem_X_1W
                0x0000000063486ec0                DivRem_X_1W
                0x0000000063487310                DivRem_X_X
                0x0000000063487400                PMC_DivRem_I_X
                0x00000000634874e0                PMC_DivRem_X_I
                0x00000000634876d0                PMC_DivRem_L_X
                0x00000000634877d0                PMC_DivRem_X_L
                0x00000000634879d0                PMC_DivRem_X_X
                0x0000000063487f00                Initialize_DivRem
 .text          0x0000000063487f30      0x320 ../build/x64_Release/pmc_equals.o
                0x0000000063487f30                PMC_Equals_I_X
                0x0000000063487fc0                PMC_Equals_X_I
                0x0000000063488040                PMC_Equals_L_X
                0x00000000634880d0                PMC_Equals_X_L
                0x0000000063488160                PMC_Equals_X_X
                0x0000000063488240                Initialize_Equals
 .text          0x0000000063488250      0x920 ../build/x64_Release/pmc_exclusiveor.o
                0x0000000063488490                PMC_ExclusiveOr_I_X
                0x00000000634884e0                PMC_ExclusiveOr_X_I
                0x0000000063488530                PMC_ExclusiveOr_L_X
                0x0000000063488580                PMC_ExclusiveOr_X_L
                0x00000000634885d0                PMC_ExclusiveOr_X_X
                0x0000000063488b60                Initialize_ExclusiveOr
 .text          0x0000000063488b70      0x150 ../build/x64_Release/pmc_from.o
                0x0000000063488b70                From_I_Imp
                0x0000000063488bd0                From_L_Imp
                0x0000000063488c30                PMC_From_I
                0x0000000063488c70                PMC_From_L
                0x0000000063488cb0                Initialize_From
 .text          0x0000000063488cc0      0x950 ../build/x64_Release/pmc_greatestcommondivisor.o
                0x0000000063489200                PMC_GreatestCommonDivisor_I_X
                0x0000000063489250                PMC_GreatestCommonDivisor_X_I
                0x00000000634892a0                PMC_GreatestCommonDivisor_L_X
                0x00000000634892f0                PMC_GreatestCommonDivisor_X_L
                0x0000000063489340                PMC_GreatestCommonDivisor_X_X
                0x0000000063489600                Initialize_GreatestCommonDivisor
 .text          0x0000000063489610      0x5a0 ../build/x64_Release/pmc_initialize.o
                0x0000000063489610                PMC_UINT_Initialize
 .text          0x0000000063489bb0      0xa00 ../build/x64_Release/pmc_memory.o
                0x0000000063489e50                AllocateBlock
                0x0000000063489f30                DeallocateBlock
                0x000000006348a000                CheckBlockLight
                0x000000006348a010                AttatchNumber
                0x000000006348a0a0                AllocateNumber
                0x000000006348a160                DetatchNumber
                0x000000006348a180                DeallocateNumber
                0x000000006348a1a0                CommitNumber
                0x000000006348a320                CheckNumber
                0x000000006348a350                DuplicateNumber
                0x000000006348a400                PMC_GetConstantValue_I
                0x000000006348a430                PMC_Dispose
                0x000000006348a460                Initialize_Memory
                0x000000006348a550                AllocateHeapArea
                0x000000006348a580                DeallocateHeapArea
 .text          0x000000006348a5b0      0x900 ../build/x64_Release/pmc_modpow.o
                0x000000006348a5b0                PMC_ModPow_X_X_X
                0x000000006348aea0                Initialize_ModPow
 .text          0x000000006348aeb0     0x1c30 ../build/x64_Release/pmc_multiply.o
                0x000000006348c7f0                Multiply_X_X_Imp
                0x000000006348c800                PMC_Multiply_I_X
                0x000000006348c850                PMC_Multiply_X_I
                0x000000006348c8a0                PMC_Multiply_L_X
                0x000000006348c8f0                PMC_Multiply_X_L
                0x000000006348c940                PMC_Multiply_X_X
                0x000000006348ca90                Initialize_Multiply
 .text          0x000000006348cae0     0x25b0 ../build/x64_Release/pmc_parse.o
                0x000000006348ef30                PMC_TryParse
                0x000000006348ef90                PMC_TryParseForSINT
                0x000000006348eff0                Initialize_Parse
 .text          0x000000006348f090      0x300 ../build/x64_Release/pmc_pow.o
                0x000000006348f090                PMC_Pow_X_I
                0x000000006348f380                Initialize_Pow
 .text          0x000000006348f390     0x1240 ../build/x64_Release/pmc_shift.o
                0x000000006348f390                RightShift_Imp_DIV
                0x000000006348fbc0                RightShift_Imp
                0x000000006348fbd0                LeftShift_Imp_DIV
                0x00000000634903d0                LeftShift_Imp
                0x00000000634903e0                PMC_RightShift_X_I
                0x00000000634904d0                PMC_LeftShift_X_I
                0x00000000634905c0                Initialize_Shift
 .text          0x00000000634905d0       0x30 ../build/x64_Release/pmc_statistics.o
                0x00000000634905d0                PMC_GetStatisticsInfo
 .text          0x0000000063490600      0xad0 ../build/x64_Release/pmc_subtruct.o
                0x0000000063490680                Subtruct_Imp
                0x0000000063490ba0                PMC_Subtruct_I_X
                0x0000000063490c30                PMC_Subtruct_X_I
                0x0000000063490d80                PMC_Subtruct_L_X
                0x0000000063490e10                PMC_Subtruct_X_L
                0x0000000063490f70                PMC_Subtruct_X_X
                0x00000000634910c0                Initialize_Subtruct
 .text          0x00000000634910d0       0xb0 ../build/x64_Release/pmc_to.o
                0x00000000634910d0                PMC_To_X_I
                0x0000000063491120                PMC_To_X_L
                0x0000000063491170                Initialize_To
 .text          0x0000000063491180      0xfa0 ../build/x64_Release/pmc_tostring.o
                0x0000000063491f80                PMC_ToString
                0x00000000634920b0                Initialize_ToString
 .text          0x0000000063492120        0x0 ../build/x64_Release/TEST_autogenerated.o
 .text          0x0000000063492120        0x0 ../build/x64_Release/TEST_op_Add.o
 .text          0x0000000063492120        0x0 ../build/x64_Release/TEST_op_BitwiseAnd.o
 .text          0x0000000063492120        0x0 ../build/x64_Release/TEST_op_BitwiseOr.o
 .text          0x0000000063492120        0x0 ../build/x64_Release/TEST_op_Clone.o
 .text          0x0000000063492120        0x0 ../build/x64_Release/TEST_op_Compare.o
 .text          0x0000000063492120        0x0 ../build/x64_Release/TEST_op_DivRem.o
 .text          0x0000000063492120        0x0 ../build/x64_Release/TEST_op_Equals.o
 .text          0x0000000063492120        0x0 ../build/x64_Release/TEST_op_ExclusiveOr.o
 .text          0x0000000063492120        0x0 ../build/x64_Release/TEST_op_From_To.o
 .text          0x0000000063492120        0x0 ../build/x64_Release/TEST_op_GreatestCommonDivisor.o
 .text          0x0000000063492120        0x0 ../build/x64_Release/TEST_op_ModPow.o
 .text          0x0000000063492120        0x0 ../build/x64_Release/TEST_op_Multiply.o
 .text          0x0000000063492120        0x0 ../build/x64_Release/TEST_op_ParseDN.o
 .text          0x0000000063492120        0x0 ../build/x64_Release/TEST_op_ParseX.o
 .text          0x0000000063492120        0x0 ../build/x64_Release/TEST_op_Pow.o
 .text          0x0000000063492120        0x0 ../build/x64_Release/TEST_op_Remainder.o
 .text          0x0000000063492120        0x0 ../build/x64_Release/TEST_op_Shift.o
 .text          0x0000000063492120        0x0 ../build/x64_Release/TEST_op_Subtruct.o
 .text          0x0000000063492120        0x0 ../build/x64_Release/TEST_op_ToStringD.o
 .text          0x0000000063492120        0x0 ../build/x64_Release/TEST_op_ToStringN.o
 .text          0x0000000063492120        0x0 ../build/x64_Release/TEST_op_ToStringX.o
 .text          0x0000000063492120        0x8 C:/GNU/MINGW64/x86_64-8.1.0-win32-seh-rt_v6-rev0/mingw64/bin/../lib/gcc/x86_64-w64-mingw32/8.1.0/../../../../x86_64-w64-mingw32/lib/../lib/libkernel32.a(dqifs01555.o)
                0x0000000063492120                lstrlenW
 .text          0x0000000063492128        0x8 C:/GNU/MINGW64/x86_64-8.1.0-win32-seh-rt_v6-rev0/mingw64/bin/../lib/gcc/x86_64-w64-mingw32/8.1.0/../../../../x86_64-w64-mingw32/lib/../lib/libkernel32.a(dqifs01549.o)
                0x0000000063492128                lstrcpyW
 .text          0x0000000063492130        0x8 C:/GNU/MINGW64/x86_64-8.1.0-win32-seh-rt_v6-rev0/mingw64/bin/../lib/gcc/x86_64-w64-mingw32/8.1.0/../../../../x86_64-w64-mingw32/lib/../lib/libkernel32.a(dqifs00841.o)
                0x0000000063492130                HeapFree
 .text          0x0000000063492138        0x8 C:/GNU/MINGW64/x86_64-8.1.0-win32-seh-rt_v6-rev0/mingw64/bin/../lib/gcc/x86_64-w64-mingw32/8.1.0/../../../../x86_64-w64-mingw32/lib/../lib/libkernel32.a(dqifs00839.o)
                0x0000000063492138                HeapDestroy
 .text          0x0000000063492140        0x8 C:/GNU/MINGW64/x86_64-8.1.0-win32-seh-rt_v6-rev0/mingw64/bin/../lib/gcc/x86_64-w64-mingw32/8.1.0/../../../../x86_64-w64-mingw32/lib/../lib/libkernel32.a(dqifs00837.o)
                0x0000000063492140                HeapCreate
 .text          0x0000000063492148        0x8 C:/GNU/MINGW64/x86_64-8.1.0-win32-seh-rt_v6-rev0/mingw64/bin/../lib/gcc/x86_64-w64-mingw32/8.1.0/../../../../x86_64-w64-mingw32/lib/../lib/libkernel32.a(dqifs00835.o)
                0x0000000063492148                HeapAlloc
 .text          0x0000000063492150        0x0 C:/GNU/MINGW64/x86_64-8.1.0-win32-seh-rt_v6-rev0/mingw64/bin/../lib/gcc/x86_64-w64-mingw32/8.1.0/../../../../x86_64-w64-mingw32/lib/../lib/libkernel32.a(dqifh.o)
 .text          0x0000000063492150        0x0 C:/GNU/MINGW64/x86_64-8.1.0-win32-seh-rt_v6-rev0/mingw64/bin/../lib/gcc/x86_64-w64-mingw32/8.1.0/../../../../x86_64-w64-mingw32/lib/../lib/libkernel32.a(dqift.o)
 *(SORT_BY_NAME(.text$*))
 *(.text.*)
 *(.gnu.linkonce.t.*)
 *(.glue_7t)
 *(.glue_7)
                0x0000000063492150                . = ALIGN (0x8)
                0x0000000063492150                ___CTOR_LIST__ = .
                0x0000000063492150                __CTOR_LIST__ = .
                0x0000000063492150        0x4 LONG 0xffffffffffffffff
                0x0000000063492154        0x4 LONG 0xffffffffffffffff
 *(.ctors)
 *(.ctor)
 *(SORT_BY_NAME(.ctors.*))
                0x0000000063492158        0x4 LONG 0x0
                0x000000006349215c        0x4 LONG 0x0
                0x0000000063492160                ___DTOR_LIST__ = .
                0x0000000063492160                __DTOR_LIST__ = .
                0x0000000063492160        0x4 LONG 0xffffffffffffffff
                0x0000000063492164        0x4 LONG 0xffffffffffffffff
 *(.dtors)
 *(.dtor)
 *(SORT_BY_NAME(.dtors.*))
                0x0000000063492168        0x4 LONG 0x0
                0x000000006349216c        0x4 LONG 0x0
 *(.fini)
 *(.gcc_exc)
                [!provide]                        PROVIDE (etext = .)
 *(.gcc_except_table)

.data           0x0000000063493000      0x200
                0x0000000063493000                __data_start__ = .
 *(.data)
 .data          0x0000000063493000        0x0 ../build/x64_Release/cpuid.o
 .data          0x0000000063493000        0x0 ../build/x64_Release/debug.o
 .data          0x0000000063493000        0x0 ../build/x64_Release/dllmain.o
 .data          0x0000000063493000        0x0 ../build/x64_Release/INTERNALTEST_op_DivRem.o
 .data          0x0000000063493000        0x0 ../build/x64_Release/INTERNALTEST_op_Multiply.o
 .data          0x0000000063493000        0x0 ../build/x64_Release/pmc_add.o
 .data          0x0000000063493000        0x0 ../build/x64_Release/pmc_bitwiseand.o
 .data          0x0000000063493000        0x0 ../build/x64_Release/pmc_bitwiseor.o
 .data          0x0000000063493000        0x0 ../build/x64_Release/pmc_bytes.o
 .data          0x0000000063493000        0x0 ../build/x64_Release/pmc_clone.o
 .data          0x0000000063493000        0x0 ../build/x64_Release/pmc_compare.o
 .data          0x0000000063493000        0x0 ../build/x64_Release/pmc_divrem.o
 .data          0x0000000063493000        0x0 ../build/x64_Release/pmc_equals.o
 .data          0x0000000063493000        0x0 ../build/x64_Release/pmc_exclusiveor.o
 .data          0x0000000063493000        0x0 ../build/x64_Release/pmc_from.o
 .data          0x0000000063493000        0x0 ../build/x64_Release/pmc_greatestcommondivisor.o
 .data          0x0000000063493000        0x0 ../build/x64_Release/pmc_initialize.o
 .data          0x0000000063493000        0x0 ../build/x64_Release/pmc_memory.o
 .data          0x0000000063493000        0x0 ../build/x64_Release/pmc_modpow.o
 .data          0x0000000063493000        0x0 ../build/x64_Release/pmc_multiply.o
 .data          0x0000000063493000        0x0 ../build/x64_Release/pmc_parse.o
 .data          0x0000000063493000        0x0 ../build/x64_Release/pmc_pow.o
 .data          0x0000000063493000        0x0 ../build/x64_Release/pmc_shift.o
 .data          0x0000000063493000        0x0 ../build/x64_Release/pmc_statistics.o
 .data          0x0000000063493000        0x0 ../build/x64_Release/pmc_subtruct.o
 .data          0x0000000063493000        0x0 ../build/x64_Release/pmc_to.o
 .data          0x0000000063493000       0x80 ../build/x64_Release/pmc_tostring.o
 .data          0x0000000063493080        0x0 ../build/x64_Release/TEST_autogenerated.o
 .data          0x0000000063493080        0x0 ../build/x64_Release/TEST_op_Add.o
 .data          0x0000000063493080        0x0 ../build/x64_Release/TEST_op_BitwiseAnd.o
 .data          0x0000000063493080        0x0 ../build/x64_Release/TEST_op_BitwiseOr.o
 .data          0x0000000063493080        0x0 ../build/x64_Release/TEST_op_Clone.o
 .data          0x0000000063493080        0x0 ../build/x64_Release/TEST_op_Compare.o
 .data          0x0000000063493080        0x0 ../build/x64_Release/TEST_op_DivRem.o
 .data          0x0000000063493080        0x0 ../build/x64_Release/TEST_op_Equals.o
 .data          0x0000000063493080        0x0 ../build/x64_Release/TEST_op_ExclusiveOr.o
 .data          0x0000000063493080        0x0 ../build/x64_Release/TEST_op_From_To.o
 .data          0x0000000063493080        0x0 ../build/x64_Release/TEST_op_GreatestCommonDivisor.o
 .data          0x0000000063493080        0x0 ../build/x64_Release/TEST_op_ModPow.o
 .data          0x0000000063493080        0x0 ../build/x64_Release/TEST_op_Multiply.o
 .data          0x0000000063493080        0x0 ../build/x64_Release/TEST_op_ParseDN.o
 .data          0x0000000063493080        0x0 ../build/x64_Release/TEST_op_ParseX.o
 .data          0x0000000063493080        0x0 ../build/x64_Release/TEST_op_Pow.o
 .data          0x0000000063493080        0x0 ../build/x64_Release/TEST_op_Remainder.o
 .data          0x0000000063493080        0x0 ../build/x64_Release/TEST_op_Shift.o
 .data          0x0000000063493080        0x0 ../build/x64_Release/TEST_op_Subtruct.o
 .data          0x0000000063493080        0x0 ../build/x64_Release/TEST_op_ToStringD.o
 .data          0x0000000063493080        0x0 ../build/x64_Release/TEST_op_ToStringN.o
 .data          0x0000000063493080        0x0 ../build/x64_Release/TEST_op_ToStringX.o
 .data          0x0000000063493080        0x0 C:/GNU/MINGW64/x86_64-8.1.0-win32-seh-rt_v6-rev0/mingw64/bin/../lib/gcc/x86_64-w64-mingw32/8.1.0/../../../../x86_64-w64-mingw32/lib/../lib/libkernel32.a(dqifs01555.o)
 .data          0x0000000063493080        0x0 C:/GNU/MINGW64/x86_64-8.1.0-win32-seh-rt_v6-rev0/mingw64/bin/../lib/gcc/x86_64-w64-mingw32/8.1.0/../../../../x86_64-w64-mingw32/lib/../lib/libkernel32.a(dqifs01549.o)
 .data          0x0000000063493080        0x0 C:/GNU/MINGW64/x86_64-8.1.0-win32-seh-rt_v6-rev0/mingw64/bin/../lib/gcc/x86_64-w64-mingw32/8.1.0/../../../../x86_64-w64-mingw32/lib/../lib/libkernel32.a(dqifs00841.o)
 .data          0x0000000063493080        0x0 C:/GNU/MINGW64/x86_64-8.1.0-win32-seh-rt_v6-rev0/mingw64/bin/../lib/gcc/x86_64-w64-mingw32/8.1.0/../../../../x86_64-w64-mingw32/lib/../lib/libkernel32.a(dqifs00839.o)
 .data          0x0000000063493080        0x0 C:/GNU/MINGW64/x86_64-8.1.0-win32-seh-rt_v6-rev0/mingw64/bin/../lib/gcc/x86_64-w64-mingw32/8.1.0/../../../../x86_64-w64-mingw32/lib/../lib/libkernel32.a(dqifs00837.o)
 .data          0x0000000063493080        0x0 C:/GNU/MINGW64/x86_64-8.1.0-win32-seh-rt_v6-rev0/mingw64/bin/../lib/gcc/x86_64-w64-mingw32/8.1.0/../../../../x86_64-w64-mingw32/lib/../lib/libkernel32.a(dqifs00835.o)
 .data          0x0000000063493080        0x0 C:/GNU/MINGW64/x86_64-8.1.0-win32-seh-rt_v6-rev0/mingw64/bin/../lib/gcc/x86_64-w64-mingw32/8.1.0/../../../../x86_64-w64-mingw32/lib/../lib/libkernel32.a(dqifh.o)
 .data          0x0000000063493080        0x0 C:/GNU/MINGW64/x86_64-8.1.0-win32-seh-rt_v6-rev0/mingw64/bin/../lib/gcc/x86_64-w64-mingw32/8.1.0/../../../../x86_64-w64-mingw32/lib/../lib/libkernel32.a(dqift.o)
 *(.data2)
 *(SORT_BY_NAME(.data$*))
 *(.jcr)
                0x0000000063493080                __data_end__ = .
 *(.data_cygwin_nocopy)

.rdata          0x0000000063494000     0x1200
 *(.rdata)
 .rdata         0x0000000063494000       0x20 ../build/x64_Release/pmc_parse.o
 .rdata         0x0000000063494020      0x110 ../build/x64_Release/pmc_tostring.o
 *(SORT_BY_NAME(.rdata$*))
 .rdata$.refptr.PMC_Add_I_X
                0x0000000063494130       0x10 ../build/x64_Release/pmc_initialize.o
                0x0000000063494130                .refptr.PMC_Add_I_X
 .rdata$.refptr.PMC_Add_L_X
                0x0000000063494140       0x10 ../build/x64_Release/pmc_initialize.o
                0x0000000063494140                .refptr.PMC_Add_L_X
 .rdata$.refptr.PMC_Add_X_I
                0x0000000063494150       0x10 ../build/x64_Release/pmc_initialize.o
                0x0000000063494150                .refptr.PMC_Add_X_I
 .rdata$.refptr.PMC_Add_X_L
                0x0000000063494160       0x10 ../build/x64_Release/pmc_initialize.o
                0x0000000063494160                .refptr.PMC_Add_X_L
 .rdata$.refptr.PMC_Add_X_X
                0x0000000063494170       0x10 ../build/x64_Release/pmc_initialize.o
                0x0000000063494170                .refptr.PMC_Add_X_X
 .rdata$.refptr.PMC_BitwiseAnd_I_X
                0x0000000063494180       0x10 ../build/x64_Release/pmc_initialize.o
                0x0000000063494180                .refptr.PMC_BitwiseAnd_I_X
 .rdata$.refptr.PMC_BitwiseAnd_L_X
                0x0000000063494190       0x10 ../build/x64_Release/pmc_initialize.o
                0x0000000063494190                .refptr.PMC_BitwiseAnd_L_X
 .rdata$.refptr.PMC_BitwiseAnd_X_I
                0x00000000634941a0       0x10 ../build/x64_Release/pmc_initialize.o
                0x00000000634941a0                .refptr.PMC_BitwiseAnd_X_I
 .rdata$.refptr.PMC_BitwiseAnd_X_L
                0x00000000634941b0       0x10 ../build/x64_Release/pmc_initialize.o
                0x00000000634941b0                .refptr.PMC_BitwiseAnd_X_L
 .rdata$.refptr.PMC_BitwiseAnd_X_X
                0x00000000634941c0       0x10 ../build/x64_Release/pmc_initialize.o
                0x00000000634941c0                .refptr.PMC_BitwiseAnd_X_X
 .rdata$.refptr.PMC_BitwiseOr_I_X
                0x00000000634941d0       0x10 ../build/x64_Release/pmc_initialize.o
                0x00000000634941d0                .refptr.PMC_BitwiseOr_I_X
 .rdata$.refptr.PMC_BitwiseOr_L_X
                0x00000000634941e0       0x10 ../build/x64_Release/pmc_initialize.o
                0x00000000634941e0                .refptr.PMC_BitwiseOr_L_X
 .rdata$.refptr.PMC_BitwiseOr_X_I
                0x00000000634941f0       0x10 ../build/x64_Release/pmc_initialize.o
                0x00000000634941f0                .refptr.PMC_BitwiseOr_X_I
 .rdata$.refptr.PMC_BitwiseOr_X_L
                0x0000000063494200       0x10 ../build/x64_Release/pmc_initialize.o
                0x0000000063494200                .refptr.PMC_BitwiseOr_X_L
 .rdata$.refptr.PMC_BitwiseOr_X_X
                0x0000000063494210       0x10 ../build/x64_Release/pmc_initialize.o
                0x0000000063494210                .refptr.PMC_BitwiseOr_X_X
 .rdata$.refptr.PMC_Clone_X
                0x0000000063494220       0x10 ../build/x64_Release/pmc_initialize.o
                0x0000000063494220                .refptr.PMC_Clone_X
 .rdata$.refptr.PMC_Compare_I_X
                0x0000000063494230       0x10 ../build/x64_Release/pmc_initialize.o
                0x0000000063494230                .refptr.PMC_Compare_I_X
 .rdata$.refptr.PMC_Compare_L_X
                0x0000000063494240       0x10 ../build/x64_Release/pmc_initialize.o
                0x0000000063494240                .refptr.PMC_Compare_L_X
 .rdata$.refptr.PMC_Compare_X_I
                0x0000000063494250       0x10 ../build/x64_Release/pmc_initialize.o
                0x0000000063494250                .refptr.PMC_Compare_X_I
 .rdata$.refptr.PMC_Compare_X_L
                0x0000000063494260       0x10 ../build/x64_Release/pmc_initialize.o
                0x0000000063494260                .refptr.PMC_Compare_X_L
 .rdata$.refptr.PMC_Compare_X_X
                0x0000000063494270       0x10 ../build/x64_Release/pmc_initialize.o
                0x0000000063494270                .refptr.PMC_Compare_X_X
 .rdata$.refptr.PMC_Dispose
                0x0000000063494280       0x10 ../build/x64_Release/pmc_initialize.o
                0x0000000063494280                .refptr.PMC_Dispose
 .rdata$.refptr.PMC_DivRem_I_X
                0x0000000063494290       0x10 ../build/x64_Release/pmc_initialize.o
                0x0000000063494290                .refptr.PMC_DivRem_I_X
 .rdata$.refptr.PMC_DivRem_L_X
                0x00000000634942a0       0x10 ../build/x64_Release/pmc_initialize.o
                0x00000000634942a0                .refptr.PMC_DivRem_L_X
 .rdata$.refptr.PMC_DivRem_X_I
                0x00000000634942b0       0x10 ../build/x64_Release/pmc_initialize.o
                0x00000000634942b0                .refptr.PMC_DivRem_X_I
 .rdata$.refptr.PMC_DivRem_X_L
                0x00000000634942c0       0x10 ../build/x64_Release/pmc_initialize.o
                0x00000000634942c0                .refptr.PMC_DivRem_X_L
 .rdata$.refptr.PMC_DivRem_X_X
                0x00000000634942d0       0x10 ../build/x64_Release/pmc_initialize.o
                0x00000000634942d0                .refptr.PMC_DivRem_X_X
 .rdata$.refptr.PMC_Equals_I_X
                0x00000000634942e0       0x10 ../build/x64_Release/pmc_initialize.o
                0x00000000634942e0                .refptr.PMC_Equals_I_X
 .rdata$.refptr.PMC_Equals_L_X
                0x00000000634942f0       0x10 ../build/x64_Release/pmc_initialize.o
                0x00000000634942f0                .refptr.PMC_Equals_L_X
 .rdata$.refptr.PMC_Equals_X_I
                0x0000000063494300       0x10 ../build/x64_Release/pmc_initialize.o
                0x0000000063494300                .refptr.PMC_Equals_X_I
 .rdata$.refptr.PMC_Equals_X_L
                0x0000000063494310       0x10 ../build/x64_Release/pmc_initialize.o
                0x0000000063494310                .refptr.PMC_Equals_X_L
 .rdata$.refptr.PMC_Equals_X_X
                0x0000000063494320       0x10 ../build/x64_Release/pmc_initialize.o
                0x0000000063494320                .refptr.PMC_Equals_X_X
 .rdata$.refptr.PMC_ExclusiveOr_I_X
                0x0000000063494330       0x10 ../build/x64_Release/pmc_initialize.o
                0x0000000063494330                .refptr.PMC_ExclusiveOr_I_X
 .rdata$.refptr.PMC_ExclusiveOr_L_X
                0x0000000063494340       0x10 ../build/x64_Release/pmc_initialize.o
                0x0000000063494340                .refptr.PMC_ExclusiveOr_L_X
 .rdata$.refptr.PMC_ExclusiveOr_X_I
                0x0000000063494350       0x10 ../build/x64_Release/pmc_initialize.o
                0x0000000063494350                .refptr.PMC_ExclusiveOr_X_I
 .rdata$.refptr.PMC_ExclusiveOr_X_L
                0x0000000063494360       0x10 ../build/x64_Release/pmc_initialize.o
                0x0000000063494360                .refptr.PMC_ExclusiveOr_X_L
 .rdata$.refptr.PMC_ExclusiveOr_X_X
                0x0000000063494370       0x10 ../build/x64_Release/pmc_initialize.o
                0x0000000063494370                .refptr.PMC_ExclusiveOr_X_X
 .rdata$.refptr.PMC_FromByteArray
                0x0000000063494380       0x10 ../build/x64_Release/pmc_initialize.o
                0x0000000063494380                .refptr.PMC_FromByteArray
 .rdata$.refptr.PMC_FromByteArrayForSINT
                0x0000000063494390       0x10 ../build/x64_Release/pmc_initialize.o
                0x0000000063494390                .refptr.PMC_FromByteArrayForSINT
 .rdata$.refptr.PMC_From_I
                0x00000000634943a0       0x10 ../build/x64_Release/pmc_initialize.o
                0x00000000634943a0                .refptr.PMC_From_I
 .rdata$.refptr.PMC_From_L
                0x00000000634943b0       0x10 ../build/x64_Release/pmc_initialize.o
                0x00000000634943b0                .refptr.PMC_From_L
 .rdata$.refptr.PMC_GetConstantValue_I
                0x00000000634943c0       0x10 ../build/x64_Release/pmc_initialize.o
                0x00000000634943c0                .refptr.PMC_GetConstantValue_I
 .rdata$.refptr.PMC_GetStatisticsInfo
                0x00000000634943d0       0x10 ../build/x64_Release/pmc_initialize.o
                0x00000000634943d0                .refptr.PMC_GetStatisticsInfo
 .rdata$.refptr.PMC_GreatestCommonDivisor_I_X
                0x00000000634943e0       0x10 ../build/x64_Release/pmc_initialize.o
                0x00000000634943e0                .refptr.PMC_GreatestCommonDivisor_I_X
 .rdata$.refptr.PMC_GreatestCommonDivisor_L_X
                0x00000000634943f0       0x10 ../build/x64_Release/pmc_initialize.o
                0x00000000634943f0                .refptr.PMC_GreatestCommonDivisor_L_X
 .rdata$.refptr.PMC_GreatestCommonDivisor_X_I
                0x0000000063494400       0x10 ../build/x64_Release/pmc_initialize.o
                0x0000000063494400                .refptr.PMC_GreatestCommonDivisor_X_I
 .rdata$.refptr.PMC_GreatestCommonDivisor_X_L
                0x0000000063494410       0x10 ../build/x64_Release/pmc_initialize.o
                0x0000000063494410                .refptr.PMC_GreatestCommonDivisor_X_L
 .rdata$.refptr.PMC_GreatestCommonDivisor_X_X
                0x0000000063494420       0x10 ../build/x64_Release/pmc_initialize.o
                0x0000000063494420                .refptr.PMC_GreatestCommonDivisor_X_X
 .rdata$.refptr.PMC_LeftShift_X_I
                0x0000000063494430       0x10 ../build/x64_Release/pmc_initialize.o
                0x0000000063494430                .refptr.PMC_LeftShift_X_I
 .rdata$.refptr.PMC_ModPow_X_X_X
                0x0000000063494440       0x10 ../build/x64_Release/pmc_initialize.o
                0x0000000063494440                .refptr.PMC_ModPow_X_X_X
 .rdata$.refptr.PMC_Multiply_I_X
                0x0000000063494450       0x10 ../build/x64_Release/pmc_initialize.o
                0x0000000063494450                .refptr.PMC_Multiply_I_X
 .rdata$.refptr.PMC_Multiply_L_X
                0x0000000063494460       0x10 ../build/x64_Release/pmc_initialize.o
                0x0000000063494460                .refptr.PMC_Multiply_L_X
 .rdata$.refptr.PMC_Multiply_X_I
                0x0000000063494470       0x10 ../build/x64_Release/pmc_initialize.o
                0x0000000063494470                .refptr.PMC_Multiply_X_I
 .rdata$.refptr.PMC_Multiply_X_L
                0x0000000063494480       0x10 ../build/x64_Release/pmc_initialize.o
                0x0000000063494480                .refptr.PMC_Multiply_X_L
 .rdata$.refptr.PMC_Multiply_X_X
                0x0000000063494490       0x10 ../build/x64_Release/pmc_initialize.o
                0x0000000063494490                .refptr.PMC_Multiply_X_X
 .rdata$.refptr.PMC_Pow_X_I
                0x00000000634944a0       0x10 ../build/x64_Release/pmc_initialize.o
                0x00000000634944a0                .refptr.PMC_Pow_X_I
 .rdata$.refptr.PMC_RightShift_X_I
                0x00000000634944b0       0x10 ../build/x64_Release/pmc_initialize.o
                0x00000000634944b0                .refptr.PMC_RightShift_X_I
 .rdata$.refptr.PMC_Subtruct_I_X
                0x00000000634944c0       0x10 ../build/x64_Release/pmc_initialize.o
                0x00000000634944c0                .refptr.PMC_Subtruct_I_X
 .rdata$.refptr.PMC_Subtruct_L_X
                0x00000000634944d0       0x10 ../build/x64_Release/pmc_initialize.o
                0x00000000634944d0                .refptr.PMC_Subtruct_L_X
 .rdata$.refptr.PMC_Subtruct_X_I
                0x00000000634944e0       0x10 ../build/x64_Release/pmc_initialize.o
                0x00000000634944e0                .refptr.PMC_Subtruct_X_I
 .rdata$.refptr.PMC_Subtruct_X_L
                0x00000000634944f0       0x10 ../build/x64_Release/pmc_initialize.o
                0x00000000634944f0                .refptr.PMC_Subtruct_X_L
 .rdata$.refptr.PMC_Subtruct_X_X
                0x0000000063494500       0x10 ../build/x64_Release/pmc_initialize.o
                0x0000000063494500                .refptr.PMC_Subtruct_X_X
 .rdata$.refptr.PMC_ToByteArray
                0x0000000063494510       0x10 ../build/x64_Release/pmc_initialize.o
                0x0000000063494510                .refptr.PMC_ToByteArray
 .rdata$.refptr.PMC_ToByteArrayForSINT
                0x0000000063494520       0x10 ../build/x64_Release/pmc_initialize.o
                0x0000000063494520                .refptr.PMC_ToByteArrayForSINT
 .rdata$.refptr.PMC_ToString
                0x0000000063494530       0x10 ../build/x64_Release/pmc_initialize.o
                0x0000000063494530                .refptr.PMC_ToString
 .rdata$.refptr.PMC_To_X_I
                0x0000000063494540       0x10 ../build/x64_Release/pmc_initialize.o
                0x0000000063494540                .refptr.PMC_To_X_I
 .rdata$.refptr.PMC_To_X_L
                0x0000000063494550       0x10 ../build/x64_Release/pmc_initialize.o
                0x0000000063494550                .refptr.PMC_To_X_L
 .rdata$.refptr.PMC_TryParse
                0x0000000063494560       0x10 ../build/x64_Release/pmc_initialize.o
                0x0000000063494560                .refptr.PMC_TryParse
 .rdata$.refptr.PMC_TryParseForSINT
                0x0000000063494570       0x10 ../build/x64_Release/pmc_initialize.o
                0x0000000063494570                .refptr.PMC_TryParseForSINT
 .rdata$.refptr.number_one
                0x0000000063494580       0x10 ../build/x64_Release/pmc_modpow.o
                0x0000000063494580                .refptr.number_one
 .rdata$.refptr.number_zero
                0x0000000063494590       0x10 ../build/x64_Release/pmc_add.o
                0x0000000063494590                .refptr.number_zero
 .rdata$.refptr.statistics_info
                0x00000000634945a0       0x10 ../build/x64_Release/pmc_divrem.o
                0x00000000634945a0                .refptr.statistics_info
 .rdata$zzz     0x00000000634945b0       0x40 ../build/x64_Release/cpuid.o
 .rdata$zzz     0x00000000634945f0       0x40 ../build/x64_Release/debug.o
 .rdata$zzz     0x0000000063494630       0x40 ../build/x64_Release/dllmain.o
 .rdata$zzz     0x0000000063494670       0x40 ../build/x64_Release/INTERNALTEST_op_DivRem.o
 .rdata$zzz     0x00000000634946b0       0x40 ../build/x64_Release/INTERNALTEST_op_Multiply.o
 .rdata$zzz     0x00000000634946f0       0x40 ../build/x64_Release/pmc_add.o
 .rdata$zzz     0x0000000063494730       0x40 ../build/x64_Release/pmc_bitwiseand.o
 .rdata$zzz     0x0000000063494770       0x40 ../build/x64_Release/pmc_bitwiseor.o
 .rdata$zzz     0x00000000634947b0       0x40 ../build/x64_Release/pmc_bytes.o
 .rdata$zzz     0x00000000634947f0       0x40 ../build/x64_Release/pmc_clone.o
 .rdata$zzz     0x0000000063494830       0x40 ../build/x64_Release/pmc_compare.o
 .rdata$zzz     0x0000000063494870       0x40 ../build/x64_Release/pmc_divrem.o
 .rdata$zzz     0x00000000634948b0       0x40 ../build/x64_Release/pmc_equals.o
 .rdata$zzz     0x00000000634948f0       0x40 ../build/x64_Release/pmc_exclusiveor.o
 .rdata$zzz     0x0000000063494930       0x40 ../build/x64_Release/pmc_from.o
 .rdata$zzz     0x0000000063494970       0x40 ../build/x64_Release/pmc_greatestcommondivisor.o
 .rdata$zzz     0x00000000634949b0       0x40 ../build/x64_Release/pmc_initialize.o
 .rdata$zzz     0x00000000634949f0       0x40 ../build/x64_Release/pmc_memory.o
 .rdata$zzz     0x0000000063494a30       0x40 ../build/x64_Release/pmc_modpow.o
 .rdata$zzz     0x0000000063494a70       0x40 ../build/x64_Release/pmc_multiply.o
 .rdata$zzz     0x0000000063494ab0       0x40 ../build/x64_Release/pmc_parse.o
 .rdata$zzz     0x0000000063494af0       0x40 ../build/x64_Release/pmc_pow.o
 .rdata$zzz     0x0000000063494b30       0x40 ../build/x64_Release/pmc_shift.o
 .rdata$zzz     0x0000000063494b70       0x40 ../build/x64_Release/pmc_statistics.o
 .rdata$zzz     0x0000000063494bb0       0x40 ../build/x64_Release/pmc_subtruct.o
 .rdata$zzz     0x0000000063494bf0       0x40 ../build/x64_Release/pmc_to.o
 .rdata$zzz     0x0000000063494c30       0x40 ../build/x64_Release/pmc_tostring.o
 .rdata$zzz     0x0000000063494c70       0x40 ../build/x64_Release/TEST_autogenerated.o
 .rdata$zzz     0x0000000063494cb0       0x40 ../build/x64_Release/TEST_op_Add.o
 .rdata$zzz     0x0000000063494cf0       0x40 ../build/x64_Release/TEST_op_BitwiseAnd.o
 .rdata$zzz     0x0000000063494d30       0x40 ../build/x64_Release/TEST_op_BitwiseOr.o
 .rdata$zzz     0x0000000063494d70       0x40 ../build/x64_Release/TEST_op_Clone.o
 .rdata$zzz     0x0000000063494db0       0x40 ../build/x64_Release/TEST_op_Compare.o
 .rdata$zzz     0x0000000063494df0       0x40 ../build/x64_Release/TEST_op_DivRem.o
 .rdata$zzz     0x0000000063494e30       0x40 ../build/x64_Release/TEST_op_Equals.o
 .rdata$zzz     0x0000000063494e70       0x40 ../build/x64_Release/TEST_op_ExclusiveOr.o
 .rdata$zzz     0x0000000063494eb0       0x40 ../build/x64_Release/TEST_op_From_To.o
 .rdata$zzz     0x0000000063494ef0       0x40 ../build/x64_Release/TEST_op_GreatestCommonDivisor.o
 .rdata$zzz     0x0000000063494f30       0x40 ../build/x64_Release/TEST_op_ModPow.o
 .rdata$zzz     0x0000000063494f70       0x40 ../build/x64_Release/TEST_op_Multiply.o
 .rdata$zzz     0x0000000063494fb0       0x40 ../build/x64_Release/TEST_op_ParseDN.o
 .rdata$zzz     0x0000000063494ff0       0x40 ../build/x64_Release/TEST_op_ParseX.o
 .rdata$zzz     0x0000000063495030       0x40 ../build/x64_Release/TEST_op_Pow.o
 .rdata$zzz     0x0000000063495070       0x40 ../build/x64_Release/TEST_op_Remainder.o
 .rdata$zzz     0x00000000634950b0       0x40 ../build/x64_Release/TEST_op_Shift.o
 .rdata$zzz     0x00000000634950f0       0x40 ../build/x64_Release/TEST_op_Subtruct.o
 .rdata$zzz     0x0000000063495130       0x40 ../build/x64_Release/TEST_op_ToStringD.o
 .rdata$zzz     0x0000000063495170       0x40 ../build/x64_Release/TEST_op_ToStringN.o
 .rdata$zzz     0x00000000634951b0       0x40 ../build/x64_Release/TEST_op_ToStringX.o
                0x00000000634951f0                __rt_psrelocs_start = .
 *(.rdata_runtime_pseudo_reloc)
                0x00000000634951f0                __rt_psrelocs_end = .
                0x0000000000000000                __rt_psrelocs_size = (__rt_psrelocs_end - __rt_psrelocs_start)
                0x00000000634951f0                ___RUNTIME_PSEUDO_RELOC_LIST_END__ = .
                0x00000000634951f0                __RUNTIME_PSEUDO_RELOC_LIST_END__ = .
                0x00000000634951f0                ___RUNTIME_PSEUDO_RELOC_LIST__ = (. - __rt_psrelocs_size)
                0x00000000634951f0                __RUNTIME_PSEUDO_RELOC_LIST__ = (. - __rt_psrelocs_size)

.eh_frame
 *(.eh_frame*)

.pdata          0x0000000063496000      0x800
 *(.pdata*)
 .pdata         0x0000000063496000        0xc ../build/x64_Release/cpuid.o
 .pdata         0x000000006349600c        0xc ../build/x64_Release/debug.o
 .pdata         0x0000000063496018        0xc ../build/x64_Release/dllmain.o
 .pdata         0x0000000063496024       0x84 ../build/x64_Release/pmc_add.o
 .pdata         0x00000000634960a8       0x48 ../build/x64_Release/pmc_bitwiseand.o
 .pdata         0x00000000634960f0       0x60 ../build/x64_Release/pmc_bitwiseor.o
 .pdata         0x0000000063496150       0x30 ../build/x64_Release/pmc_bytes.o
 .pdata         0x0000000063496180       0x18 ../build/x64_Release/pmc_clone.o
 .pdata         0x0000000063496198       0x6c ../build/x64_Release/pmc_compare.o
 .pdata         0x0000000063496204       0x9c ../build/x64_Release/pmc_divrem.o
 .pdata         0x00000000634962a0       0x48 ../build/x64_Release/pmc_equals.o
 .pdata         0x00000000634962e8       0x60 ../build/x64_Release/pmc_exclusiveor.o
 .pdata         0x0000000063496348       0x3c ../build/x64_Release/pmc_from.o
 .pdata         0x0000000063496384       0x6c ../build/x64_Release/pmc_greatestcommondivisor.o
 .pdata         0x00000000634963f0        0xc ../build/x64_Release/pmc_initialize.o
 .pdata         0x00000000634963fc       0xe4 ../build/x64_Release/pmc_memory.o
 .pdata         0x00000000634964e0       0x18 ../build/x64_Release/pmc_modpow.o
 .pdata         0x00000000634964f8       0xcc ../build/x64_Release/pmc_multiply.o
 .pdata         0x00000000634965c4       0x78 ../build/x64_Release/pmc_parse.o
 .pdata         0x000000006349663c       0x18 ../build/x64_Release/pmc_pow.o
 .pdata         0x0000000063496654       0x54 ../build/x64_Release/pmc_shift.o
 .pdata         0x00000000634966a8        0xc ../build/x64_Release/pmc_statistics.o
 .pdata         0x00000000634966b4       0x60 ../build/x64_Release/pmc_subtruct.o
 .pdata         0x0000000063496714       0x24 ../build/x64_Release/pmc_to.o
 .pdata         0x0000000063496738       0x3c ../build/x64_Release/pmc_tostring.o

.xdata          0x0000000063497000      0x800
 *(.xdata*)
 .xdata         0x0000000063497000        0x8 ../build/x64_Release/cpuid.o
 .xdata         0x0000000063497008        0x4 ../build/x64_Release/debug.o
 .xdata         0x000000006349700c        0x8 ../build/x64_Release/dllmain.o
 .xdata         0x0000000063497014       0x94 ../build/x64_Release/pmc_add.o
 .xdata         0x00000000634970a8       0x44 ../build/x64_Release/pmc_bitwiseand.o
 .xdata         0x00000000634970ec       0x68 ../build/x64_Release/pmc_bitwiseor.o
 .xdata         0x0000000063497154       0x40 ../build/x64_Release/pmc_bytes.o
 .xdata         0x0000000063497194       0x10 ../build/x64_Release/pmc_clone.o
 .xdata         0x00000000634971a4       0x4c ../build/x64_Release/pmc_compare.o
 .xdata         0x00000000634971f0       0xd8 ../build/x64_Release/pmc_divrem.o
 .xdata         0x00000000634972c8       0x40 ../build/x64_Release/pmc_equals.o
 .xdata         0x0000000063497308       0x68 ../build/x64_Release/pmc_exclusiveor.o
 .xdata         0x0000000063497370       0x2c ../build/x64_Release/pmc_from.o
 .xdata         0x000000006349739c       0x8c ../build/x64_Release/pmc_greatestcommondivisor.o
 .xdata         0x0000000063497428        0xc ../build/x64_Release/pmc_initialize.o
 .xdata         0x0000000063497434       0xa0 ../build/x64_Release/pmc_memory.o
 .xdata         0x00000000634974d4       0x1c ../build/x64_Release/pmc_modpow.o
 .xdata         0x00000000634974f0       0xd8 ../build/x64_Release/pmc_multiply.o
 .xdata         0x00000000634975c8       0x78 ../build/x64_Release/pmc_parse.o
 .xdata         0x0000000063497640       0x1c ../build/x64_Release/pmc_pow.o
 .xdata         0x000000006349765c       0x54 ../build/x64_Release/pmc_shift.o
 .xdata         0x00000000634976b0        0x4 ../build/x64_Release/pmc_statistics.o
 .xdata         0x00000000634976b4       0x64 ../build/x64_Release/pmc_subtruct.o
 .xdata         0x0000000063497718       0x1c ../build/x64_Release/pmc_to.o
 .xdata         0x0000000063497734       0x4c ../build/x64_Release/pmc_tostring.o

.bss            0x0000000063498000      0x420
                0x0000000063498000                __bss_start__ = .
 *(.bss)
 .bss           0x0000000063498000        0x0 ../build/x64_Release/cpuid.o
 .bss           0x0000000063498000        0x0 ../build/x64_Release/debug.o
 .bss           0x0000000063498000        0x0 ../build/x64_Release/dllmain.o
 .bss           0x0000000063498000        0x0 ../build/x64_Release/INTERNALTEST_op_DivRem.o
 .bss           0x0000000063498000        0x0 ../build/x64_Release/INTERNALTEST_op_Multiply.o
 .bss           0x0000000063498000       0x10 ../build/x64_Release/pmc_add.o
 .bss           0x0000000063498010        0x0 ../build/x64_Release/pmc_bitwiseand.o
 .bss           0x0000000063498010        0x0 ../build/x64_Release/pmc_bitwiseor.o
 .bss           0x0000000063498010        0x0 ../build/x64_Release/pmc_bytes.o
 .bss           0x0000000063498010        0x0 ../build/x64_Release/pmc_clone.o
 .bss           0x0000000063498010        0x0 ../build/x64_Release/pmc_compare.o
 .bss           0x0000000063498010       0x10 ../build/x64_Release/pmc_divrem.o
 .bss           0x0000000063498020        0x0 ../build/x64_Release/pmc_equals.o
 .bss           0x0000000063498020        0x0 ../build/x64_Release/pmc_exclusiveor.o
 .bss           0x0000000063498020        0x0 ../build/x64_Release/pmc_from.o
 .bss           0x0000000063498020        0x0 ../build/x64_Release/pmc_greatestcommondivisor.o
 .bss           0x0000000063498020      0x260 ../build/x64_Release/pmc_initialize.o
 .bss           0x0000000063498280        0x0 ../build/x64_Release/pmc_memory.o
 .bss           0x0000000063498280        0x0 ../build/x64_Release/pmc_modpow.o
 .bss           0x0000000063498280       0x10 ../build/x64_Release/pmc_multiply.o
 *fill*         0x0000000063498290       0x10 
 .bss           0x00000000634982a0       0x60 ../build/x64_Release/pmc_parse.o
 .bss           0x0000000063498300        0x0 ../build/x64_Release/pmc_pow.o
 .bss           0x0000000063498300        0x0 ../build/x64_Release/pmc_shift.o
 .bss           0x0000000063498300        0x0 ../build/x64_Release/pmc_statistics.o
 .bss           0x0000000063498300        0x0 ../build/x64_Release/pmc_subtruct.o
 .bss           0x0000000063498300        0x0 ../build/x64_Release/pmc_to.o
 .bss           0x0000000063498300       0x40 ../build/x64_Release/pmc_tostring.o
 .bss           0x0000000063498340        0x0 ../build/x64_Release/TEST_autogenerated.o
 .bss           0x0000000063498340        0x0 ../build/x64_Release/TEST_op_Add.o
 .bss           0x0000000063498340        0x0 ../build/x64_Release/TEST_op_BitwiseAnd.o
 .bss           0x0000000063498340        0x0 ../build/x64_Release/TEST_op_BitwiseOr.o
 .bss           0x0000000063498340        0x0 ../build/x64_Release/TEST_op_Clone.o
 .bss           0x0000000063498340        0x0 ../build/x64_Release/TEST_op_Compare.o
 .bss           0x0000000063498340        0x0 ../build/x64_Release/TEST_op_DivRem.o
 .bss           0x0000000063498340        0x0 ../build/x64_Release/TEST_op_Equals.o
 .bss           0x0000000063498340        0x0 ../build/x64_Release/TEST_op_ExclusiveOr.o
 .bss           0x0000000063498340        0x0 ../build/x64_Release/TEST_op_From_To.o
 .bss           0x0000000063498340        0x0 ../build/x64_Release/TEST_op_GreatestCommonDivisor.o
 .bss           0x0000000063498340        0x0 ../build/x64_Release/TEST_op_ModPow.o
 .bss           0x0000000063498340        0x0 ../build/x64_Release/TEST_op_Multiply.o
 .bss           0x0000000063498340        0x0 ../build/x64_Release/TEST_op_ParseDN.o
 .bss           0x0000000063498340        0x0 ../build/x64_Release/TEST_op_ParseX.o
 .bss           0x0000000063498340        0x0 ../build/x64_Release/TEST_op_Pow.o
 .bss           0x0000000063498340        0x0 ../build/x64_Release/TEST_op_Remainder.o
 .bss           0x0000000063498340        0x0 ../build/x64_Release/TEST_op_Shift.o
 .bss           0x0000000063498340        0x0 ../build/x64_Release/TEST_op_Subtruct.o
 .bss           0x0000000063498340        0x0 ../build/x64_Release/TEST_op_ToStringD.o
 .bss           0x0000000063498340        0x0 ../build/x64_Release/TEST_op_ToStringN.o
 .bss           0x0000000063498340        0x0 ../build/x64_Release/TEST_op_ToStringX.o
 .bss           0x0000000063498340        0x0 C:/GNU/MINGW64/x86_64-8.1.0-win32-seh-rt_v6-rev0/mingw64/bin/../lib/gcc/x86_64-w64-mingw32/8.1.0/../../../../x86_64-w64-mingw32/lib/../lib/libkernel32.a(dqifs01555.o)
 .bss           0x0000000063498340        0x0 C:/GNU/MINGW64/x86_64-8.1.0-win32-seh-rt_v6-rev0/mingw64/bin/../lib/gcc/x86_64-w64-mingw32/8.1.0/../../../../x86_64-w64-mingw32/lib/../lib/libkernel32.a(dqifs01549.o)
 .bss           0x0000000063498340        0x0 C:/GNU/MINGW64/x86_64-8.1.0-win32-seh-rt_v6-rev0/mingw64/bin/../lib/gcc/x86_64-w64-mingw32/8.1.0/../../../../x86_64-w64-mingw32/lib/../lib/libkernel32.a(dqifs00841.o)
 .bss           0x0000000063498340        0x0 C:/GNU/MINGW64/x86_64-8.1.0-win32-seh-rt_v6-rev0/mingw64/bin/../lib/gcc/x86_64-w64-mingw32/8.1.0/../../../../x86_64-w64-mingw32/lib/../lib/libkernel32.a(dqifs00839.o)
 .bss           0x0000000063498340        0x0 C:/GNU/MINGW64/x86_64-8.1.0-win32-seh-rt_v6-rev0/mingw64/bin/../lib/gcc/x86_64-w64-mingw32/8.1.0/../../../../x86_64-w64-mingw32/lib/../lib/libkernel32.a(dqifs00837.o)
 .bss           0x0000000063498340        0x0 C:/GNU/MINGW64/x86_64-8.1.0-win32-seh-rt_v6-rev0/mingw64/bin/../lib/gcc/x86_64-w64-mingw32/8.1.0/../../../../x86_64-w64-mingw32/lib/../lib/libkernel32.a(dqifs00835.o)
 .bss           0x0000000063498340        0x0 C:/GNU/MINGW64/x86_64-8.1.0-win32-seh-rt_v6-rev0/mingw64/bin/../lib/gcc/x86_64-w64-mingw32/8.1.0/../../../../x86_64-w64-mingw32/lib/../lib/libkernel32.a(dqifh.o)
 .bss           0x0000000063498340        0x0 C:/GNU/MINGW64/x86_64-8.1.0-win32-seh-rt_v6-rev0/mingw64/bin/../lib/gcc/x86_64-w64-mingw32/8.1.0/../../../../x86_64-w64-mingw32/lib/../lib/libkernel32.a(dqift.o)
 *(COMMON)
 COMMON         0x0000000063498340        0x4 ../build/x64_Release/pmc_initialize.o
                0x0000000063498340                configuration_info
 *fill*         0x0000000063498344       0x1c 
 COMMON         0x0000000063498360       0xb0 ../build/x64_Release/pmc_memory.o
                0x0000000063498360                number_one
                0x00000000634983c0                number_zero
                0x0000000063498408                hLocalHeap
 COMMON         0x0000000063498410       0x10 ../build/x64_Release/pmc_statistics.o
                0x0000000063498410                statistics_info
                0x0000000063498420                __bss_end__ = .

.edata          0x0000000063499000      0x200
 *(.edata)
 .edata         0x0000000063499000       0x74 dll stuff

/DISCARD/
 *(.debug$S)
 *(.debug$T)
 *(.debug$F)
 *(.drectve)
 *(.note.GNU-stack)
 *(.gnu.lto_*)

.idata          0x000000006349a000      0x200
 SORT_BY_NAME(*)(.idata$2)
 .idata$2       0x000000006349a000       0x14 C:/GNU/MINGW64/x86_64-8.1.0-win32-seh-rt_v6-rev0/mingw64/bin/../lib/gcc/x86_64-w64-mingw32/8.1.0/../../../../x86_64-w64-mingw32/lib/../lib/libkernel32.a(dqifh.o)
                0x000000006349a000                _head_lib64_libkernel32_a
 SORT_BY_NAME(*)(.idata$3)
                0x000000006349a014        0x4 LONG 0x0
                0x000000006349a018        0x4 LONG 0x0
                0x000000006349a01c        0x4 LONG 0x0
                0x000000006349a020        0x4 LONG 0x0
                0x000000006349a024        0x4 LONG 0x0
 SORT_BY_NAME(*)(.idata$4)
 .idata$4       0x000000006349a028        0x0 C:/GNU/MINGW64/x86_64-8.1.0-win32-seh-rt_v6-rev0/mingw64/bin/../lib/gcc/x86_64-w64-mingw32/8.1.0/../../../../x86_64-w64-mingw32/lib/../lib/libkernel32.a(dqifh.o)
 .idata$4       0x000000006349a028        0x8 C:/GNU/MINGW64/x86_64-8.1.0-win32-seh-rt_v6-rev0/mingw64/bin/../lib/gcc/x86_64-w64-mingw32/8.1.0/../../../../x86_64-w64-mingw32/lib/../lib/libkernel32.a(dqifs00835.o)
 .idata$4       0x000000006349a030        0x8 C:/GNU/MINGW64/x86_64-8.1.0-win32-seh-rt_v6-rev0/mingw64/bin/../lib/gcc/x86_64-w64-mingw32/8.1.0/../../../../x86_64-w64-mingw32/lib/../lib/libkernel32.a(dqifs00837.o)
 .idata$4       0x000000006349a038        0x8 C:/GNU/MINGW64/x86_64-8.1.0-win32-seh-rt_v6-rev0/mingw64/bin/../lib/gcc/x86_64-w64-mingw32/8.1.0/../../../../x86_64-w64-mingw32/lib/../lib/libkernel32.a(dqifs00839.o)
 .idata$4       0x000000006349a040        0x8 C:/GNU/MINGW64/x86_64-8.1.0-win32-seh-rt_v6-rev0/mingw64/bin/../lib/gcc/x86_64-w64-mingw32/8.1.0/../../../../x86_64-w64-mingw32/lib/../lib/libkernel32.a(dqifs00841.o)
 .idata$4       0x000000006349a048        0x8 C:/GNU/MINGW64/x86_64-8.1.0-win32-seh-rt_v6-rev0/mingw64/bin/../lib/gcc/x86_64-w64-mingw32/8.1.0/../../../../x86_64-w64-mingw32/lib/../lib/libkernel32.a(dqifs01549.o)
 .idata$4       0x000000006349a050        0x8 C:/GNU/MINGW64/x86_64-8.1.0-win32-seh-rt_v6-rev0/mingw64/bin/../lib/gcc/x86_64-w64-mingw32/8.1.0/../../../../x86_64-w64-mingw32/lib/../lib/libkernel32.a(dqifs01555.o)
 .idata$4       0x000000006349a058        0x8 C:/GNU/MINGW64/x86_64-8.1.0-win32-seh-rt_v6-rev0/mingw64/bin/../lib/gcc/x86_64-w64-mingw32/8.1.0/../../../../x86_64-w64-mingw32/lib/../lib/libkernel32.a(dqift.o)
                0x000000006349a060                __IAT_start__ = .
 SORT_BY_NAME(*)(.idata$5)
 .idata$5       0x000000006349a060        0x0 C:/GNU/MINGW64/x86_64-8.1.0-win32-seh-rt_v6-rev0/mingw64/bin/../lib/gcc/x86_64-w64-mingw32/8.1.0/../../../../x86_64-w64-mingw32/lib/../lib/libkernel32.a(dqifh.o)
 .idata$5       0x000000006349a060        0x8 C:/GNU/MINGW64/x86_64-8.1.0-win32-seh-rt_v6-rev0/mingw64/bin/../lib/gcc/x86_64-w64-mingw32/8.1.0/../../../../x86_64-w64-mingw32/lib/../lib/libkernel32.a(dqifs00835.o)
                0x000000006349a060                __imp_HeapAlloc
 .idata$5       0x000000006349a068        0x8 C:/GNU/MINGW64/x86_64-8.1.0-win32-seh-rt_v6-rev0/mingw64/bin/../lib/gcc/x86_64-w64-mingw32/8.1.0/../../../../x86_64-w64-mingw32/lib/../lib/libkernel32.a(dqifs00837.o)
                0x000000006349a068                __imp_HeapCreate
 .idata$5       0x000000006349a070        0x8 C:/GNU/MINGW64/x86_64-8.1.0-win32-seh-rt_v6-rev0/mingw64/bin/../lib/gcc/x86_64-w64-mingw32/8.1.0/../../../../x86_64-w64-mingw32/lib/../lib/libkernel32.a(dqifs00839.o)
                0x000000006349a070                __imp_HeapDestroy
 .idata$5       0x000000006349a078        0x8 C:/GNU/MINGW64/x86_64-8.1.0-win32-seh-rt_v6-rev0/mingw64/bin/../lib/gcc/x86_64-w64-mingw32/8.1.0/../../../../x86_64-w64-mingw32/lib/../lib/libkernel32.a(dqifs00841.o)
                0x000000006349a078                __imp_HeapFree
 .idata$5       0x000000006349a080        0x8 C:/GNU/MINGW64/x86_64-8.1.0-win32-seh-rt_v6-rev0/mingw64/bin/../lib/gcc/x86_64-w64-mingw32/8.1.0/../../../../x86_64-w64-mingw32/lib/../lib/libkernel32.a(dqifs01549.o)
                0x000000006349a080                __imp_lstrcpyW
 .idata$5       0x000000006349a088        0x8 C:/GNU/MINGW64/x86_64-8.1.0-win32-seh-rt_v6-rev0/mingw64/bin/../lib/gcc/x86_64-w64-mingw32/8.1.0/../../../../x86_64-w64-mingw32/lib/../lib/libkernel32.a(dqifs01555.o)
                0x000000006349a088                __imp_lstrlenW
 .idata$5       0x000000006349a090        0x8 C:/GNU/MINGW64/x86_64-8.1.0-win32-seh-rt_v6-rev0/mingw64/bin/../lib/gcc/x86_64-w64-mingw32/8.1.0/../../../../x86_64-w64-mingw32/lib/../lib/libkernel32.a(dqift.o)
                0x000000006349a098                __IAT_end__ = .
 SORT_BY_NAME(*)(.idata$6)
 .idata$6       0x000000006349a098        0xc C:/GNU/MINGW64/x86_64-8.1.0-win32-seh-rt_v6-rev0/mingw64/bin/../lib/gcc/x86_64-w64-mingw32/8.1.0/../../../../x86_64-w64-mingw32/lib/../lib/libkernel32.a(dqifs00835.o)
 .idata$6       0x000000006349a0a4        0xe C:/GNU/MINGW64/x86_64-8.1.0-win32-seh-rt_v6-rev0/mingw64/bin/../lib/gcc/x86_64-w64-mingw32/8.1.0/../../../../x86_64-w64-mingw32/lib/../lib/libkernel32.a(dqifs00837.o)
 .idata$6       0x000000006349a0b2        0xe C:/GNU/MINGW64/x86_64-8.1.0-win32-seh-rt_v6-rev0/mingw64/bin/../lib/gcc/x86_64-w64-mingw32/8.1.0/../../../../x86_64-w64-mingw32/lib/../lib/libkernel32.a(dqifs00839.o)
 .idata$6       0x000000006349a0c0        0xc C:/GNU/MINGW64/x86_64-8.1.0-win32-seh-rt_v6-rev0/mingw64/bin/../lib/gcc/x86_64-w64-mingw32/8.1.0/../../../../x86_64-w64-mingw32/lib/../lib/libkernel32.a(dqifs00841.o)
 .idata$6       0x000000006349a0cc        0xc C:/GNU/MINGW64/x86_64-8.1.0-win32-seh-rt_v6-rev0/mingw64/bin/../lib/gcc/x86_64-w64-mingw32/8.1.0/../../../../x86_64-w64-mingw32/lib/../lib/libkernel32.a(dqifs01549.o)
 .idata$6       0x000000006349a0d8        0xc C:/GNU/MINGW64/x86_64-8.1.0-win32-seh-rt_v6-rev0/mingw64/bin/../lib/gcc/x86_64-w64-mingw32/8.1.0/../../../../x86_64-w64-mingw32/lib/../lib/libkernel32.a(dqifs01555.o)
 SORT_BY_NAME(*)(.idata$7)
 .idata$7       0x000000006349a0e4        0x4 C:/GNU/MINGW64/x86_64-8.1.0-win32-seh-rt_v6-rev0/mingw64/bin/../lib/gcc/x86_64-w64-mingw32/8.1.0/../../../../x86_64-w64-mingw32/lib/../lib/libkernel32.a(dqifs00835.o)
 .idata$7       0x000000006349a0e8        0x4 C:/GNU/MINGW64/x86_64-8.1.0-win32-seh-rt_v6-rev0/mingw64/bin/../lib/gcc/x86_64-w64-mingw32/8.1.0/../../../../x86_64-w64-mingw32/lib/../lib/libkernel32.a(dqifs00837.o)
 .idata$7       0x000000006349a0ec        0x4 C:/GNU/MINGW64/x86_64-8.1.0-win32-seh-rt_v6-rev0/mingw64/bin/../lib/gcc/x86_64-w64-mingw32/8.1.0/../../../../x86_64-w64-mingw32/lib/../lib/libkernel32.a(dqifs00839.o)
 .idata$7       0x000000006349a0f0        0x4 C:/GNU/MINGW64/x86_64-8.1.0-win32-seh-rt_v6-rev0/mingw64/bin/../lib/gcc/x86_64-w64-mingw32/8.1.0/../../../../x86_64-w64-mingw32/lib/../lib/libkernel32.a(dqifs00841.o)
 .idata$7       0x000000006349a0f4        0x4 C:/GNU/MINGW64/x86_64-8.1.0-win32-seh-rt_v6-rev0/mingw64/bin/../lib/gcc/x86_64-w64-mingw32/8.1.0/../../../../x86_64-w64-mingw32/lib/../lib/libkernel32.a(dqifs01549.o)
 .idata$7       0x000000006349a0f8        0x4 C:/GNU/MINGW64/x86_64-8.1.0-win32-seh-rt_v6-rev0/mingw64/bin/../lib/gcc/x86_64-w64-mingw32/8.1.0/../../../../x86_64-w64-mingw32/lib/../lib/libkernel32.a(dqifs01555.o)
 .idata$7       0x000000006349a0fc       0x10 C:/GNU/MINGW64/x86_64-8.1.0-win32-seh-rt_v6-rev0/mingw64/bin/../lib/gcc/x86_64-w64-mingw32/8.1.0/../../../../x86_64-w64-mingw32/lib/../lib/libkernel32.a(dqift.o)
                0x000000006349a0fc                __lib64_libkernel32_a_iname

.CRT            0x000000006349b000        0x0
                0x000000006349b000                ___crt_xc_start__ = .
 *(SORT_BY_NAME(.CRT$XC*))
                0x000000006349b000                ___crt_xc_end__ = .
                0x000000006349b000                ___crt_xi_start__ = .
 *(SORT_BY_NAME(.CRT$XI*))
                0x000000006349b000                ___crt_xi_end__ = .
                0x000000006349b000                ___crt_xl_start__ = .
 *(SORT_BY_NAME(.CRT$XL*))
                0x000000006349b000                ___crt_xp_start__ = .
 *(SORT_BY_NAME(.CRT$XP*))
                0x000000006349b000                ___crt_xp_end__ = .
                0x000000006349b000                ___crt_xt_start__ = .
 *(SORT_BY_NAME(.CRT$XT*))
                0x000000006349b000                ___crt_xt_end__ = .

.tls            0x000000006349b000        0x0
                0x000000006349b000                ___tls_start__ = .
 *(.tls$AAA)
 *(.tls)
 *(.tls$)
 *(SORT_BY_NAME(.tls$*))
 *(.tls$ZZZ)
                0x000000006349b000                ___tls_end__ = .

.endjunk        0x000000006349b000        0x0
                [!provide]                        PROVIDE (end = .)
                [!provide]                        PROVIDE (_end = .)
                0x000000006349b000                __end__ = .

.rsrc           0x000000006349b000      0x400
 *(.rsrc)
 .rsrc          0x000000006349b000      0x378 ../build/x64_Release/version.o
 *(.rsrc$*)

.reloc          0x000000006349c000      0x200
 *(.reloc)
 .reloc         0x000000006349c000       0x98 dll stuff

.stab
 *(.stab)

.stabstr
 *(.stabstr)

.debug_aranges
 *(.debug_aranges)

.zdebug_aranges
 *(.zdebug_aranges)

.debug_pubnames
 *(.debug_pubnames)

.zdebug_pubnames
 *(.zdebug_pubnames)

.debug_pubtypes
 *(.debug_pubtypes)

.zdebug_pubtypes
 *(.zdebug_pubtypes)

.debug_info
 *(.debug_info .gnu.linkonce.wi.*)

.zdebug_info
 *(.zdebug_info .zdebug.gnu.linkonce.wi.*)

.debug_abbrev
 *(.debug_abbrev)

.zdebug_abbrev
 *(.zdebug_abbrev)

.debug_line
 *(.debug_line)

.zdebug_line
 *(.zdebug_line)

.debug_frame
 *(.debug_frame)

.zdebug_frame
 *(.zdebug_frame)

.debug_str
 *(.debug_str)

.zdebug_str
 *(.zdebug_str)

.debug_loc
 *(.debug_loc)

.zdebug_loc
 *(.zdebug_loc)

.debug_macinfo
 *(.debug_macinfo)

.zdebug_macinfo
 *(.zdebug_macinfo)

.debug_weaknames
 *(.debug_weaknames)

.zdebug_weaknames
 *(.zdebug_weaknames)

.debug_funcnames
 *(.debug_funcnames)

.zdebug_funcnames
 *(.zdebug_funcnames)

.debug_typenames
 *(.debug_typenames)

.zdebug_typenames
 *(.zdebug_typenames)

.debug_varnames
 *(.debug_varnames)

.zdebug_varnames
 *(.zdebug_varnames)

.debug_macro
 *(.debug_macro)

.zdebug_macro
 *(.zdebug_macro)

.debug_ranges
 *(.debug_ranges)

.zdebug_ranges
 *(.zdebug_ranges)

.debug_types
 *(.debug_types .gnu.linkonce.wt.*)

.zdebug_types
 *(.zdebug_types .zdebug.gnu.linkonce.wt.*)

.debug_gdb_scripts
 *(.debug_gdb_scripts)

.zdebug_gdb_scripts
 *(.zdebug_gdb_scripts)
OUTPUT(../../dist/x64_Release/Palmtree.Math.Core.Uint.dll pei-x86-64)
LOAD dll stuff
