Archive member included to satisfy reference by file (symbol)

C:/GNU/MINGW64/i686-8.1.0-win32-dwarf-rt_v6-rev0/mingw32/bin/../lib/gcc/i686-w64-mingw32/8.1.0/../../../../i686-w64-mingw32/lib/../lib\libkernel32.a(dgzcs01342.o)
                              ../build/x86_Debug/pmc_parse.o (_imp__lstrlenW@4)
C:/GNU/MINGW64/i686-8.1.0-win32-dwarf-rt_v6-rev0/mingw32/bin/../lib/gcc/i686-w64-mingw32/8.1.0/../../../../i686-w64-mingw32/lib/../lib\libkernel32.a(dgzcs01336.o)
                              ../build/x86_Debug/pmc_initialize.o (_imp__lstrcpyW@8)
C:/GNU/MINGW64/i686-8.1.0-win32-dwarf-rt_v6-rev0/mingw32/bin/../lib/gcc/i686-w64-mingw32/8.1.0/../../../../i686-w64-mingw32/lib/../lib\libkernel32.a(dgzcs01330.o)
                              ../build/x86_Debug/pmc_initialize.o (_imp__lstrcmpW@8)
C:/GNU/MINGW64/i686-8.1.0-win32-dwarf-rt_v6-rev0/mingw32/bin/../lib/gcc/i686-w64-mingw32/8.1.0/../../../../i686-w64-mingw32/lib/../lib\libkernel32.a(dgzcs01176.o)
                              C:/GNU/MINGW64/i686-8.1.0-win32-dwarf-rt_v6-rev0/mingw32/bin/../lib/gcc/i686-w64-mingw32/8.1.0/../../../../i686-w64-mingw32/lib/../lib/dllcrt2.o (_imp__Sleep@4)
C:/GNU/MINGW64/i686-8.1.0-win32-dwarf-rt_v6-rev0/mingw32/bin/../lib/gcc/i686-w64-mingw32/8.1.0/../../../../i686-w64-mingw32/lib/../lib\libkernel32.a(dgzcs00839.o)
                              C:/GNU/MINGW64/i686-8.1.0-win32-dwarf-rt_v6-rev0/mingw32/bin/../lib/gcc/i686-w64-mingw32/8.1.0/crtbegin.o (_imp__LoadLibraryA@4)
C:/GNU/MINGW64/i686-8.1.0-win32-dwarf-rt_v6-rev0/mingw32/bin/../lib/gcc/i686-w64-mingw32/8.1.0/../../../../i686-w64-mingw32/lib/../lib\libkernel32.a(dgzcs00836.o)
                              ../build/x86_Debug/pmc_memory.o (_imp__LeaveCriticalSection@4)
C:/GNU/MINGW64/i686-8.1.0-win32-dwarf-rt_v6-rev0/mingw32/bin/../lib/gcc/i686-w64-mingw32/8.1.0/../../../../i686-w64-mingw32/lib/../lib\libkernel32.a(dgzcs00750.o)
                              ../build/x86_Debug/pmc_memory.o (_imp__InitializeCriticalSection@4)
C:/GNU/MINGW64/i686-8.1.0-win32-dwarf-rt_v6-rev0/mingw32/bin/../lib/gcc/i686-w64-mingw32/8.1.0/../../../../i686-w64-mingw32/lib/../lib\libkernel32.a(dgzcs00740.o)
                              ../build/x86_Debug/pmc_memory.o (_imp__HeapWalk@8)
C:/GNU/MINGW64/i686-8.1.0-win32-dwarf-rt_v6-rev0/mingw32/bin/../lib/gcc/i686-w64-mingw32/8.1.0/../../../../i686-w64-mingw32/lib/../lib\libkernel32.a(dgzcs00737.o)
                              ../build/x86_Debug/pmc_memory.o (_imp__HeapUnlock@4)
C:/GNU/MINGW64/i686-8.1.0-win32-dwarf-rt_v6-rev0/mingw32/bin/../lib/gcc/i686-w64-mingw32/8.1.0/../../../../i686-w64-mingw32/lib/../lib\libkernel32.a(dgzcs00730.o)
                              ../build/x86_Debug/pmc_memory.o (_imp__HeapLock@4)
C:/GNU/MINGW64/i686-8.1.0-win32-dwarf-rt_v6-rev0/mingw32/bin/../lib/gcc/i686-w64-mingw32/8.1.0/../../../../i686-w64-mingw32/lib/../lib\libkernel32.a(dgzcs00729.o)
                              ../build/x86_Debug/pmc_memory.o (_imp__HeapFree@12)
C:/GNU/MINGW64/i686-8.1.0-win32-dwarf-rt_v6-rev0/mingw32/bin/../lib/gcc/i686-w64-mingw32/8.1.0/../../../../i686-w64-mingw32/lib/../lib\libkernel32.a(dgzcs00727.o)
                              ../build/x86_Debug/pmc_memory.o (_imp__HeapDestroy@4)
C:/GNU/MINGW64/i686-8.1.0-win32-dwarf-rt_v6-rev0/mingw32/bin/../lib/gcc/i686-w64-mingw32/8.1.0/../../../../i686-w64-mingw32/lib/../lib\libkernel32.a(dgzcs00725.o)
                              ../build/x86_Debug/pmc_memory.o (_imp__HeapCreate@12)
C:/GNU/MINGW64/i686-8.1.0-win32-dwarf-rt_v6-rev0/mingw32/bin/../lib/gcc/i686-w64-mingw32/8.1.0/../../../../i686-w64-mingw32/lib/../lib\libkernel32.a(dgzcs00723.o)
                              ../build/x86_Debug/pmc_memory.o (_imp__HeapAlloc@12)
C:/GNU/MINGW64/i686-8.1.0-win32-dwarf-rt_v6-rev0/mingw32/bin/../lib/gcc/i686-w64-mingw32/8.1.0/../../../../i686-w64-mingw32/lib/../lib\libkernel32.a(dgzcs00666.o)
                              ../build/x86_Debug/pmc_memory.o (_imp__GetTickCount@0)
C:/GNU/MINGW64/i686-8.1.0-win32-dwarf-rt_v6-rev0/mingw32/bin/../lib/gcc/i686-w64-mingw32/8.1.0/../../../../i686-w64-mingw32/lib/../lib\libkernel32.a(dgzcs00584.o)
                              C:/GNU/MINGW64/i686-8.1.0-win32-dwarf-rt_v6-rev0/mingw32/bin/../lib/gcc/i686-w64-mingw32/8.1.0/crtbegin.o (_imp__GetProcAddress@8)
C:/GNU/MINGW64/i686-8.1.0-win32-dwarf-rt_v6-rev0/mingw32/bin/../lib/gcc/i686-w64-mingw32/8.1.0/../../../../i686-w64-mingw32/lib/../lib\libkernel32.a(dgzcs00536.o)
                              C:/GNU/MINGW64/i686-8.1.0-win32-dwarf-rt_v6-rev0/mingw32/bin/../lib/gcc/i686-w64-mingw32/8.1.0/crtbegin.o (_imp__GetModuleHandleA@4)
C:/GNU/MINGW64/i686-8.1.0-win32-dwarf-rt_v6-rev0/mingw32/bin/../lib/gcc/i686-w64-mingw32/8.1.0/../../../../i686-w64-mingw32/lib/../lib\libkernel32.a(dgzcs00518.o)
                              ../build/x86_Debug/pmc_memory.o (_imp__GetLastError@0)
[...]
Memory Configuration

Name             Origin             Length             Attributes
*default*        0x00000000         0xffffffff

Linker script and memory map

                0x6be40000                __image_base__ = 0x6be40000
                0x00000000                __dll__ = 0x0
                0x6be40000                ___ImageBase = 0x6be40000
                0x00001000                __section_alignment__ = 0x1000
                0x00000200                __file_alignment__ = 0x200
                0x00000004                __major_os_version__ = 0x4
                0x00000000                __minor_os_version__ = 0x0
                0x00000001                __major_image_version__ = 0x1
                0x00000000                __minor_image_version__ = 0x0
                0x00000004                __major_subsystem_version__ = 0x4
                0x00000000                __minor_subsystem_version__ = 0x0
                0x00000002                __subsystem__ = 0x2
                0x00200000                __size_of_stack_reserve__ = 0x200000
                0x00001000                __size_of_stack_commit__ = 0x1000
                0x00100000                __size_of_heap_reserve__ = 0x100000
                0x00001000                __size_of_heap_commit__ = 0x1000
                0x00000000                __loader_flags__ = 0x0
                0x00000000                __dll_characteristics__ = 0x0
LOAD C:/GNU/MINGW64/i686-8.1.0-win32-dwarf-rt_v6-rev0/mingw32/bin/../lib/gcc/i686-w64-mingw32/8.1.0/../../../../i686-w64-mingw32/lib/../lib/dllcrt2.o
LOAD C:/GNU/MINGW64/i686-8.1.0-win32-dwarf-rt_v6-rev0/mingw32/bin/../lib/gcc/i686-w64-mingw32/8.1.0/crtbegin.o
LOAD ../build/x86_Debug/cpuid.o
LOAD ../build/x86_Debug/dllmain.o
LOAD ../build/x86_Debug/pmc_add.o
LOAD ../build/x86_Debug/pmc_bitwiseand.o
LOAD ../build/x86_Debug/pmc_bitwiseor.o
LOAD ../build/x86_Debug/pmc_bytes.o
LOAD ../build/x86_Debug/pmc_compare.o
LOAD ../build/x86_Debug/pmc_divrem.o
LOAD ../build/x86_Debug/pmc_equals.o
LOAD ../build/x86_Debug/pmc_exclusiveor.o
LOAD ../build/x86_Debug/pmc_from.o
LOAD ../build/x86_Debug/pmc_greatestcommondivisor.o
LOAD ../build/x86_Debug/pmc_initialize.o
LOAD ../build/x86_Debug/pmc_interface_csharp.o
LOAD ../build/x86_Debug/pmc_log.o
LOAD ../build/x86_Debug/pmc_memory.o
LOAD ../build/x86_Debug/pmc_modpow.o
LOAD ../build/x86_Debug/pmc_multiply.o
LOAD ../build/x86_Debug/pmc_parse.o
LOAD ../build/x86_Debug/pmc_pow.o
LOAD ../build/x86_Debug/pmc_shift.o
LOAD ../build/x86_Debug/pmc_statistics.o
LOAD ../build/x86_Debug/pmc_subtruct.o
LOAD ../build/x86_Debug/pmc_to.o
LOAD ../build/x86_Debug/pmc_tostring.o
LOAD ../build/x86_Debug/version.o
LOAD ../Palmtree.Math.Core.Uint.def
LOAD C:/GNU/MINGW64/i686-8.1.0-win32-dwarf-rt_v6-rev0/mingw32/bin/../lib/gcc/i686-w64-mingw32/8.1.0/../../../../i686-w64-mingw32/lib/../lib\libkernel32.a
LOAD C:/GNU/MINGW64/i686-8.1.0-win32-dwarf-rt_v6-rev0/mingw32/bin/../lib/gcc/i686-w64-mingw32/8.1.0/../../../../i686-w64-mingw32/lib/../lib\libuser32.a
LOAD C:/GNU/MINGW64/i686-8.1.0-win32-dwarf-rt_v6-rev0/mingw32/bin/../lib/gcc/i686-w64-mingw32/8.1.0\libstdc++.a
LOAD C:/GNU/MINGW64/i686-8.1.0-win32-dwarf-rt_v6-rev0/mingw32/bin/../lib/gcc/i686-w64-mingw32/8.1.0/../../../../i686-w64-mingw32/lib/../lib\libmingw32.a
LOAD C:/GNU/MINGW64/i686-8.1.0-win32-dwarf-rt_v6-rev0/mingw32/bin/../lib/gcc/i686-w64-mingw32/8.1.0\libgcc.a
LOAD C:/GNU/MINGW64/i686-8.1.0-win32-dwarf-rt_v6-rev0/mingw32/bin/../lib/gcc/i686-w64-mingw32/8.1.0\libgcc_eh.a
LOAD C:/GNU/MINGW64/i686-8.1.0-win32-dwarf-rt_v6-rev0/mingw32/bin/../lib/gcc/i686-w64-mingw32/8.1.0/../../../../i686-w64-mingw32/lib/../lib\libmoldname.a
LOAD C:/GNU/MINGW64/i686-8.1.0-win32-dwarf-rt_v6-rev0/mingw32/bin/../lib/gcc/i686-w64-mingw32/8.1.0/../../../../i686-w64-mingw32/lib/../lib\libmingwex.a
LOAD C:/GNU/MINGW64/i686-8.1.0-win32-dwarf-rt_v6-rev0/mingw32/bin/../lib/gcc/i686-w64-mingw32/8.1.0/../../../../i686-w64-mingw32/lib/../lib\libmsvcrt.a
LOAD C:/GNU/MINGW64/i686-8.1.0-win32-dwarf-rt_v6-rev0/mingw32/bin/../lib/gcc/i686-w64-mingw32/8.1.0/../../../../i686-w64-mingw32/lib/../lib\libgdi32.a
LOAD C:/GNU/MINGW64/i686-8.1.0-win32-dwarf-rt_v6-rev0/mingw32/bin/../lib/gcc/i686-w64-mingw32/8.1.0/../../../../i686-w64-mingw32/lib/../lib\libcomdlg32.a
LOAD C:/GNU/MINGW64/i686-8.1.0-win32-dwarf-rt_v6-rev0/mingw32/bin/../lib/gcc/i686-w64-mingw32/8.1.0/../../../../i686-w64-mingw32/lib/../lib\libadvapi32.a
LOAD C:/GNU/MINGW64/i686-8.1.0-win32-dwarf-rt_v6-rev0/mingw32/bin/../lib/gcc/i686-w64-mingw32/8.1.0/../../../../i686-w64-mingw32/lib/../lib\libshell32.a
LOAD C:/GNU/MINGW64/i686-8.1.0-win32-dwarf-rt_v6-rev0/mingw32/bin/../lib/gcc/i686-w64-mingw32/8.1.0/../../../../i686-w64-mingw32/lib/../lib\libuser32.a
LOAD C:/GNU/MINGW64/i686-8.1.0-win32-dwarf-rt_v6-rev0/mingw32/bin/../lib/gcc/i686-w64-mingw32/8.1.0/../../../../i686-w64-mingw32/lib/../lib\libkernel32.a
LOAD C:/GNU/MINGW64/i686-8.1.0-win32-dwarf-rt_v6-rev0/mingw32/bin/../lib/gcc/i686-w64-mingw32/8.1.0/../../../../i686-w64-mingw32/lib/../lib\libiconv.a
LOAD C:/GNU/MINGW64/i686-8.1.0-win32-dwarf-rt_v6-rev0/mingw32/bin/../lib/gcc/i686-w64-mingw32/8.1.0/../../../../i686-w64-mingw32/lib/../lib\libmingw32.a
LOAD C:/GNU/MINGW64/i686-8.1.0-win32-dwarf-rt_v6-rev0/mingw32/bin/../lib/gcc/i686-w64-mingw32/8.1.0\libgcc.a
LOAD C:/GNU/MINGW64/i686-8.1.0-win32-dwarf-rt_v6-rev0/mingw32/bin/../lib/gcc/i686-w64-mingw32/8.1.0\libgcc_eh.a
LOAD C:/GNU/MINGW64/i686-8.1.0-win32-dwarf-rt_v6-rev0/mingw32/bin/../lib/gcc/i686-w64-mingw32/8.1.0/../../../../i686-w64-mingw32/lib/../lib\libmoldname.a
LOAD C:/GNU/MINGW64/i686-8.1.0-win32-dwarf-rt_v6-rev0/mingw32/bin/../lib/gcc/i686-w64-mingw32/8.1.0/../../../../i686-w64-mingw32/lib/../lib\libmingwex.a
LOAD C:/GNU/MINGW64/i686-8.1.0-win32-dwarf-rt_v6-rev0/mingw32/bin/../lib/gcc/i686-w64-mingw32/8.1.0/../../../../i686-w64-mingw32/lib/../lib\libmsvcrt.a
LOAD C:/GNU/MINGW64/i686-8.1.0-win32-dwarf-rt_v6-rev0/mingw32/bin/../lib/gcc/i686-w64-mingw32/8.1.0/crtend.o
                0x00000470                . = SIZEOF_HEADERS
                0x00001000                . = ALIGN (__section_alignment__)

.text           0x6be41000    0x37200
 *(.init)
 *(.text)
 .text          0x6be41000      0x3e0 C:/GNU/MINGW64/i686-8.1.0-win32-dwarf-rt_v6-rev0/mingw32/bin/../lib/gcc/i686-w64-mingw32/8.1.0/../../../../i686-w64-mingw32/lib/../lib/dllcrt2.o
                0x6be41020                _CRT_INIT@12
                0x6be41380                DllMainCRTStartup@12
                0x6be413c0                atexit
 .text          0x6be413e0       0xe0 C:/GNU/MINGW64/i686-8.1.0-win32-dwarf-rt_v6-rev0/mingw32/bin/../lib/gcc/i686-w64-mingw32/8.1.0/crtbegin.o
                0x6be413e0                __gcc_register_frame
                0x6be41490                __gcc_deregister_frame
 .text          0x6be414c0      0x2f4 ../build/x86_Debug/cpuid.o
                0x6be415f3                Palmtree::Math::Core::Internal::GetCPUInfo(Palmtree::Math::Core::Internal::_tag_PROCESSOR_FEATURES*)
 .text          0x6be417b4       0x5c ../build/x86_Debug/dllmain.o
                0x6be417b4                DllMain@12
 .text          0x6be41810     0x186c ../build/x86_Debug/pmc_add.o
                0x6be427d8                Palmtree::Math::Core::Internal::PMC_Add_I_X(unsigned int, Palmtree::Math::Core::Internal::__tag_PMC_HANDLE_UINT*)@8
                0x6be428ad                Palmtree::Math::Core::Internal::PMC_Add_X_I(Palmtree::Math::Core::Internal::__tag_PMC_HANDLE_UINT*, unsigned int)@8
                0x6be42c07                Palmtree::Math::Core::Internal::PMC_Add_L_X(unsigned long long, Palmtree::Math::Core::Internal::__tag_PMC_HANDLE_UINT*)@12
                0x6be42cef                Palmtree::Math::Core::Internal::PMC_Add_X_L(Palmtree::Math::Core::Internal::__tag_PMC_HANDLE_UINT*, unsigned long long)@12
                0x6be42dd7                Palmtree::Math::Core::Internal::PMC_Add_X_X_Imp(Palmtree::Math::Core::Internal::__tag_NUMBER_HEADER*, Palmtree::Math::Core::Internal::__tag_NUMBER_HEADER*)
                0x6be42f2c                Palmtree::Math::Core::Internal::PMC_Add_X_X(Palmtree::Math::Core::Internal::__tag_PMC_HANDLE_UINT*, Palmtree::Math::Core::Internal::__tag_PMC_HANDLE_UINT*)@8
                0x6be43051                Palmtree::Math::Core::Internal::Initialize_Add(Palmtree::Math::Core::Internal::_tag_PROCESSOR_FEATURES*)
 .text          0x6be4307c      0xd3c ../build/x86_Debug/pmc_bitwiseand.o
                0x6be437ee                Palmtree::Math::Core::Internal::PMC_BitwiseAnd_I_X(unsigned int, Palmtree::Math::Core::Internal::__tag_PMC_HANDLE_UINT*)@8
                0x6be4387f                Palmtree::Math::Core::Internal::PMC_BitwiseAnd_X_I(Palmtree::Math::Core::Internal::__tag_PMC_HANDLE_UINT*, unsigned int)@8
                0x6be43910                Palmtree::Math::Core::Internal::PMC_BitwiseAnd_L_X(unsigned long long, Palmtree::Math::Core::Internal::__tag_PMC_HANDLE_UINT*)@12
                0x6be43a26                Palmtree::Math::Core::Internal::PMC_BitwiseAnd_X_L(Palmtree::Math::Core::Internal::__tag_PMC_HANDLE_UINT*, unsigned long long)@12
                0x6be43c7e                Palmtree::Math::Core::Internal::PMC_BitwiseAnd_X_X(Palmtree::Math::Core::Internal::__tag_PMC_HANDLE_UINT*, Palmtree::Math::Core::Internal::__tag_PMC_HANDLE_UINT*)@8
                0x6be43daf                Palmtree::Math::Core::Internal::Initialize_BitwiseAnd(Palmtree::Math::Core::Internal::_tag_PROCESSOR_FEATURES*)
 .text          0x6be43db8     0x1228 ../build/x86_Debug/pmc_bitwiseor.o
                0x6be4477e                Palmtree::Math::Core::Internal::PMC_BitwiseOr_I_X(unsigned int, Palmtree::Math::Core::Internal::__tag_PMC_HANDLE_UINT*)@8
                0x6be44853                Palmtree::Math::Core::Internal::PMC_BitwiseOr_X_I(Palmtree::Math::Core::Internal::__tag_PMC_HANDLE_UINT*, unsigned int)@8
                0x6be44b93                Palmtree::Math::Core::Internal::PMC_BitwiseOr_L_X(unsigned long long, Palmtree::Math::Core::Internal::__tag_PMC_HANDLE_UINT*)@12
                0x6be44c7b                Palmtree::Math::Core::Internal::PMC_BitwiseOr_X_L(Palmtree::Math::Core::Internal::__tag_PMC_HANDLE_UINT*, unsigned long long)@12
                0x6be44ea9                Palmtree::Math::Core::Internal::PMC_BitwiseOr_X_X(Palmtree::Math::Core::Internal::__tag_PMC_HANDLE_UINT*, Palmtree::Math::Core::Internal::__tag_PMC_HANDLE_UINT*)@8
                0x6be44fda                Palmtree::Math::Core::Internal::Initialize_BitwiseOr(Palmtree::Math::Core::Internal::_tag_PROCESSOR_FEATURES*)
 .text          0x6be44fe0      0xa30 ../build/x86_Debug/pmc_bytes.o
                0x6be452d6                Palmtree::Math::Core::Internal::PMC_FromByteArrayForSINT(unsigned char*, unsigned int, char*)@12
                0x6be455e0                Palmtree::Math::Core::Internal::PMC_FromByteArray(unsigned char const*, unsigned int)@8
                0x6be456aa                Palmtree::Math::Core::Internal::PMC_ToByteArrayForSINT(char, Palmtree::Math::Core::Internal::__tag_PMC_HANDLE_UINT*, unsigned char*, unsigned int)@16
                0x6be458e6                Palmtree::Math::Core::Internal::PMC_ToByteArray(Palmtree::Math::Core::Internal::__tag_PMC_HANDLE_UINT*, unsigned char*, unsigned int)@12
 .text          0x6be45a10      0x824 ../build/x86_Debug/pmc_compare.o
                0x6be45a65                Palmtree::Math::Core::Internal::Compare_Imp(unsigned int*, unsigned int*, unsigned int)
                0x6be45b5f                Palmtree::Math::Core::Internal::PMC_Compare_I_X(unsigned int, Palmtree::Math::Core::Internal::__tag_PMC_HANDLE_UINT*)@8
                0x6be45c2d                Palmtree::Math::Core::Internal::PMC_Compare_X_I(Palmtree::Math::Core::Internal::__tag_PMC_HANDLE_UINT*, unsigned int)@8
                0x6be45eab                Palmtree::Math::Core::Internal::PMC_Compare_L_X(unsigned long long, Palmtree::Math::Core::Internal::__tag_PMC_HANDLE_UINT*)@12
                0x6be45f8c                Palmtree::Math::Core::Internal::PMC_Compare_X_L(Palmtree::Math::Core::Internal::__tag_PMC_HANDLE_UINT*, unsigned long long)@12
                0x6be4606b                Palmtree::Math::Core::Internal::PMC_Compare_X_X_Imp(Palmtree::Math::Core::Internal::__tag_NUMBER_HEADER*, Palmtree::Math::Core::Internal::__tag_NUMBER_HEADER*)
                0x6be46105                Palmtree::Math::Core::Internal::PMC_Compare_X_X(Palmtree::Math::Core::Internal::__tag_PMC_HANDLE_UINT*, Palmtree::Math::Core::Internal::__tag_PMC_HANDLE_UINT*)@8
                0x6be4622d                Palmtree::Math::Core::Internal::Initialize_Compare(Palmtree::Math::Core::Internal::_tag_PROCESSOR_FEATURES*)
 .text          0x6be46234     0x61b4 ../build/x86_Debug/pmc_divrem.o
                0x6be46c42                Palmtree::Math::Core::Internal::DivRem_X_X(unsigned int*, unsigned int, unsigned int*, unsigned int, unsigned int*, unsigned int*, unsigned int*)
                0x6be46d84                Palmtree::Math::Core::Internal::Rem_X_1W(unsigned int*, unsigned int, unsigned int)
                0x6be4782c                Palmtree::Math::Core::Internal::DivRem_X_1W(unsigned int*, unsigned int, unsigned int, unsigned int*, unsigned int*)
                0x6be4ab75                Palmtree::Math::Core::Internal::PMC_DivRem_I_X(unsigned int, Palmtree::Math::Core::Internal::__tag_PMC_HANDLE_UINT*, unsigned int*)@12
                0x6be4aee0                Palmtree::Math::Core::Internal::PMC_DivRem_X_I(Palmtree::Math::Core::Internal::__tag_PMC_HANDLE_UINT*, unsigned int, Palmtree::Math::Core::Internal::__tag_PMC_HANDLE_UINT**)@12
                0x6be4aff2                Palmtree::Math::Core::Internal::PMC_DivRem_L_X(unsigned long long, Palmtree::Math::Core::Internal::__tag_PMC_HANDLE_UINT*, unsigned long long*)@16
                0x6be4ba08                Palmtree::Math::Core::Internal::PMC_DivRem_X_L(Palmtree::Math::Core::Internal::__tag_PMC_HANDLE_UINT*, unsigned long long, Palmtree::Math::Core::Internal::__tag_PMC_HANDLE_UINT**)@16
                0x6be4c1a0                Palmtree::Math::Core::Internal::PMC_DivRem_X_X(Palmtree::Math::Core::Internal::__tag_PMC_HANDLE_UINT*, Palmtree::Math::Core::Internal::__tag_PMC_HANDLE_UINT*, Palmtree::Math::Core::Internal::__tag_PMC_HANDLE_UINT**)@12
                0x6be4c3b0                Palmtree::Math::Core::Internal::Initialize_DivRem(Palmtree::Math::Core::Internal::_tag_PROCESSOR_FEATURES*)
 .text          0x6be4c3e8      0x6cc ../build/x86_Debug/pmc_equals.o
                0x6be4c5ed                Palmtree::Math::Core::Internal::PMC_Equals_I_X(unsigned int, Palmtree::Math::Core::Internal::__tag_PMC_HANDLE_UINT*)@8
                0x6be4c6b1                Palmtree::Math::Core::Internal::PMC_Equals_X_I(Palmtree::Math::Core::Internal::__tag_PMC_HANDLE_UINT*, unsigned int)@8
                0x6be4c775                Palmtree::Math::Core::Internal::PMC_Equals_L_X(unsigned long long, Palmtree::Math::Core::Internal::__tag_PMC_HANDLE_UINT*)@12
                0x6be4c84c                Palmtree::Math::Core::Internal::PMC_Equals_X_L(Palmtree::Math::Core::Internal::__tag_PMC_HANDLE_UINT*, unsigned long long)@12
                0x6be4c923                Palmtree::Math::Core::Internal::PMC_Equals_X_X(Palmtree::Math::Core::Internal::__tag_PMC_HANDLE_UINT*, Palmtree::Math::Core::Internal::__tag_PMC_HANDLE_UINT*)@8
                0x6be4caad                Palmtree::Math::Core::Internal::Initialize_Equals(Palmtree::Math::Core::Internal::_tag_PROCESSOR_FEATURES*)
 .text          0x6be4cab4     0x12e8 ../build/x86_Debug/pmc_exclusiveor.o
                0x6be4d4a4                Palmtree::Math::Core::Internal::PMC_ExclusiveOr_I_X(unsigned int, Palmtree::Math::Core::Internal::__tag_PMC_HANDLE_UINT*)@8
                0x6be4d57f                Palmtree::Math::Core::Internal::PMC_ExclusiveOr_X_I(Palmtree::Math::Core::Internal::__tag_PMC_HANDLE_UINT*, unsigned int)@8
                0x6be4d919                Palmtree::Math::Core::Internal::PMC_ExclusiveOr_L_X(unsigned long long, Palmtree::Math::Core::Internal::__tag_PMC_HANDLE_UINT*)@12
                0x6be4da07                Palmtree::Math::Core::Internal::PMC_ExclusiveOr_X_L(Palmtree::Math::Core::Internal::__tag_PMC_HANDLE_UINT*, unsigned long long)@12
                0x6be4dc65                Palmtree::Math::Core::Internal::PMC_ExclusiveOr_X_X(Palmtree::Math::Core::Internal::__tag_PMC_HANDLE_UINT*, Palmtree::Math::Core::Internal::__tag_PMC_HANDLE_UINT*)@8
                0x6be4dd96                Palmtree::Math::Core::Internal::Initialize_ExclusiveOr(Palmtree::Math::Core::Internal::_tag_PROCESSOR_FEATURES*)
 .text          0x6be4dd9c      0x380 ../build/x86_Debug/pmc_from.o
                0x6be4ddf1                Palmtree::Math::Core::Internal::From_I_Imp(unsigned int)
                0x6be4de7c                Palmtree::Math::Core::Internal::From_L_Imp(unsigned long long)
                0x6be4dfd1                Palmtree::Math::Core::Internal::PMC_From_I(unsigned int)@4
                0x6be4e05e                Palmtree::Math::Core::Internal::PMC_From_L(unsigned long long)@8
                0x6be4e113                Palmtree::Math::Core::Internal::Initialize_From(Palmtree::Math::Core::Internal::_tag_PROCESSOR_FEATURES*)
 .text          0x6be4e11c     0x1514 ../build/x86_Debug/pmc_greatestcommondivisor.o
                0x6be4f17f                Palmtree::Math::Core::Internal::PMC_GreatestCommonDivisor_I_X(unsigned int, Palmtree::Math::Core::Internal::__tag_PMC_HANDLE_UINT*)@8
                0x6be4f254                Palmtree::Math::Core::Internal::PMC_GreatestCommonDivisor_X_I(Palmtree::Math::Core::Internal::__tag_PMC_HANDLE_UINT*, unsigned int)@8
                0x6be4f329                Palmtree::Math::Core::Internal::PMC_GreatestCommonDivisor_L_X(unsigned long long, Palmtree::Math::Core::Internal::__tag_PMC_HANDLE_UINT*)@12
                0x6be4f411                Palmtree::Math::Core::Internal::PMC_GreatestCommonDivisor_X_L(Palmtree::Math::Core::Internal::__tag_PMC_HANDLE_UINT*, unsigned long long)@12
                0x6be4f4f9                Palmtree::Math::Core::Internal::PMC_GreatestCommonDivisor_X_X(Palmtree::Math::Core::Internal::__tag_PMC_HANDLE_UINT*, Palmtree::Math::Core::Internal::__tag_PMC_HANDLE_UINT*)@8
                0x6be4f62a                Palmtree::Math::Core::Internal::Initialize_GreatestCommonDivisor(Palmtree::Math::Core::Internal::_tag_PROCESSOR_FEATURES*)
 .text          0x6be4f630      0x870 ../build/x86_Debug/pmc_initialize.o
                0x6be4f66c                Palmtree::Math::Core::Internal::PMC_GetConfigurationSettings(wchar_t const*, wchar_t*, int, int*)@16
                0x6be4f87b                PMC_UINT_Initialize@4
                0x6be4f87b                PMC_UINT_Initialize
 .text          0x6be4fea0     0x23cc ../build/x86_Debug/pmc_interface_csharp.o
                0x6be4fea0                PMCCS_UINT_Initialize@4
                0x6be4fea0                PMCCS_UINT_Initialize
                0x6be4fece                PMCCS_GetConfigurationSettings
                0x6be4fece                PMCCS_GetConfigurationSettings@16
                0x6be4fefb                PMCCS_IS_EVEN@8
                0x6be4fefb                PMCCS_IS_EVEN
                0x6be4ff36                PMCCS_IS_ONE
                0x6be4ff36                PMCCS_IS_ONE@8
                0x6be4ff70                PMCCS_IS_POWER_OF_TWO
                0x6be4ff70                PMCCS_IS_POWER_OF_TWO@8
                0x6be4ffab                PMCCS_IS_ZERO
                0x6be4ffab                PMCCS_IS_ZERO@8
                0x6be4ffe3                PMCCS_GET_HASH_CODE@8
                0x6be4ffe3                PMCCS_GET_HASH_CODE
                0x6be50015                PMCCS_GetStatisticsInfo@4
                0x6be50015                PMCCS_GetStatisticsInfo
                0x6be5002e                PMCCS_From_I
                0x6be5002e                PMCCS_From_I@8
                0x6be50093                PMCCS_From_L
                0x6be50093                PMCCS_From_L@12
                0x6be5010b                PMCCS_Dispose
                0x6be5010b                PMCCS_Dispose@4
                0x6be50169                PMCCS_GetConstantValue_I
                0x6be50169                PMCCS_GetConstantValue_I@8
                0x6be501ce                PMCCS_FromByteArray@12
                0x6be501ce                PMCCS_FromByteArray
                0x6be5023a                PMCCS_ToByteArray@16
                0x6be5023a                PMCCS_ToByteArray
                0x6be502bf                PMCCS_Clone_X
                0x6be502bf                PMCCS_Clone_X@8
                0x6be50324                PMCCS_GetAllocatedMemorySize
                0x6be50324                PMCCS_GetAllocatedMemorySize@4
                0x6be50382                PMCCS_To_X_I@8
                0x6be50382                PMCCS_To_X_I
                0x6be503e7                PMCCS_To_X_L
                0x6be503e7                PMCCS_To_X_L@8
                0x6be5044d                PMCCS_ToString@24
                0x6be5044d                PMCCS_ToString
                0x6be504e0                PMCCS_Parse@16
                0x6be504e0                PMCCS_Parse
                0x6be50598                PMCCS_TryParse@20
                0x6be50598                PMCCS_TryParse
                0x6be5063b                PMCCS_Add_I_X
                0x6be5063b                PMCCS_Add_I_X@12
                0x6be506a7                PMCCS_Add_L_X@16
                0x6be506a7                PMCCS_Add_L_X
                0x6be50726                PMCCS_Add_X_I@12
                0x6be50726                PMCCS_Add_X_I
                0x6be50792                PMCCS_Add_X_L
                0x6be50792                PMCCS_Add_X_L@16
                0x6be50811                PMCCS_Add_X_X@12
                0x6be50811                PMCCS_Add_X_X
                0x6be5087d                PMCCS_Subtruct_I_X@12
                0x6be5087d                PMCCS_Subtruct_I_X
                0x6be508e9                PMCCS_Subtruct_L_X@16
                0x6be508e9                PMCCS_Subtruct_L_X
                0x6be50969                PMCCS_Subtruct_X_I
                0x6be50969                PMCCS_Subtruct_X_I@12
                0x6be509d5                PMCCS_Subtruct_X_L
                0x6be509d5                PMCCS_Subtruct_X_L@16
                0x6be50a54                PMCCS_Subtruct_X_X
                0x6be50a54                PMCCS_Subtruct_X_X@12
                0x6be50ac0                PMCCS_Multiply_I_X@12
                0x6be50ac0                PMCCS_Multiply_I_X
                0x6be50b2c                PMCCS_Multiply_L_X
                0x6be50b2c                PMCCS_Multiply_L_X@16
                0x6be50bab                PMCCS_Multiply_X_I
                0x6be50bab                PMCCS_Multiply_X_I@12
                0x6be50c17                PMCCS_Multiply_X_L
                0x6be50c17                PMCCS_Multiply_X_L@16
                0x6be50c96                PMCCS_Multiply_X_X
                0x6be50c96                PMCCS_Multiply_X_X@12
                0x6be50d02                PMCCS_DivRem_I_X
                0x6be50d02                PMCCS_DivRem_I_X@16
                0x6be50d75                PMCCS_DivRem_L_X@20
                0x6be50d75                PMCCS_DivRem_L_X
                0x6be50dfc                PMCCS_DivRem_X_I@16
                0x6be50dfc                PMCCS_DivRem_X_I
                0x6be50e6f                PMCCS_DivRem_X_L@20
                0x6be50e6f                PMCCS_DivRem_X_L
                0x6be50ef6                PMCCS_DivRem_X_X
                0x6be50ef6                PMCCS_DivRem_X_X@16
                0x6be50f69                PMCCS_Remainder_I_X
                0x6be50f69                PMCCS_Remainder_I_X@12
                0x6be50fdd                PMCCS_Remainder_L_X
                0x6be50fdd                PMCCS_Remainder_L_X@16
                0x6be51065                PMCCS_Remainder_X_I@12
                0x6be51065                PMCCS_Remainder_X_I
                0x6be510d9                PMCCS_Remainder_X_L@16
                0x6be510d9                PMCCS_Remainder_X_L
                0x6be51161                PMCCS_Remainder_X_X
                0x6be51161                PMCCS_Remainder_X_X@12
                0x6be511d5                PMCCS_RightShift_X_I@12
                0x6be511d5                PMCCS_RightShift_X_I
                0x6be51241                PMCCS_LeftShift_X_I@12
                0x6be51241                PMCCS_LeftShift_X_I
                0x6be512ad                PMCCS_BitwiseAnd_I_X@12
                0x6be512ad                PMCCS_BitwiseAnd_I_X
                0x6be51319                PMCCS_BitwiseAnd_L_X
                0x6be51319                PMCCS_BitwiseAnd_L_X@16
                0x6be51399                PMCCS_BitwiseAnd_X_I@12
                0x6be51399                PMCCS_BitwiseAnd_X_I
                0x6be51405                PMCCS_BitwiseAnd_X_L@16
                0x6be51405                PMCCS_BitwiseAnd_X_L
                0x6be51485                PMCCS_BitwiseAnd_X_X
                0x6be51485                PMCCS_BitwiseAnd_X_X@12
                0x6be514f1                PMCCS_BitwiseOr_I_X@12
                0x6be514f1                PMCCS_BitwiseOr_I_X
                0x6be5155d                PMCCS_BitwiseOr_L_X@16
                0x6be5155d                PMCCS_BitwiseOr_L_X
                0x6be515dc                PMCCS_BitwiseOr_X_I@12
                0x6be515dc                PMCCS_BitwiseOr_X_I
                0x6be51648                PMCCS_BitwiseOr_X_L@16
                0x6be51648                PMCCS_BitwiseOr_X_L
                0x6be516c7                PMCCS_BitwiseOr_X_X@12
                0x6be516c7                PMCCS_BitwiseOr_X_X
                0x6be51733                PMCCS_ExclusiveOr_I_X@12
                0x6be51733                PMCCS_ExclusiveOr_I_X
                0x6be5179f                PMCCS_ExclusiveOr_L_X@16
                0x6be5179f                PMCCS_ExclusiveOr_L_X
                0x6be5181e                PMCCS_ExclusiveOr_X_I
                0x6be5181e                PMCCS_ExclusiveOr_X_I@12
                0x6be5188a                PMCCS_ExclusiveOr_X_L
                0x6be5188a                PMCCS_ExclusiveOr_X_L@16
                0x6be51909                PMCCS_ExclusiveOr_X_X
                0x6be51909                PMCCS_ExclusiveOr_X_X@12
                0x6be51975                PMCCS_Compare_I_X
                0x6be51975                PMCCS_Compare_I_X@12
                0x6be519e1                PMCCS_Compare_L_X
                0x6be519e1                PMCCS_Compare_L_X@16
                0x6be51a60                PMCCS_Compare_X_I@12
                0x6be51a60                PMCCS_Compare_X_I
                0x6be51acc                PMCCS_Compare_X_L@16
                0x6be51acc                PMCCS_Compare_X_L
                0x6be51b4b                PMCCS_Compare_X_X@12
                0x6be51b4b                PMCCS_Compare_X_X
                0x6be51bb7                PMCCS_Equals_I_X
                0x6be51bb7                PMCCS_Equals_I_X@12
                0x6be51c23                PMCCS_Equals_L_X@16
                0x6be51c23                PMCCS_Equals_L_X
                0x6be51ca2                PMCCS_Equals_X_I
                0x6be51ca2                PMCCS_Equals_X_I@12
                0x6be51d0e                PMCCS_Equals_X_L@16
                0x6be51d0e                PMCCS_Equals_X_L
                0x6be51d8d                PMCCS_Equals_X_X
                0x6be51d8d                PMCCS_Equals_X_X@12
                0x6be51df9                PMCCS_GreatestCommonDivisor_I_X@12
                0x6be51df9                PMCCS_GreatestCommonDivisor_I_X
                0x6be51e65                PMCCS_GreatestCommonDivisor_L_X
                0x6be51e65                PMCCS_GreatestCommonDivisor_L_X@16
                0x6be51ee4                PMCCS_GreatestCommonDivisor_X_I
                0x6be51ee4                PMCCS_GreatestCommonDivisor_X_I@12
                0x6be51f50                PMCCS_GreatestCommonDivisor_X_L@16
                0x6be51f50                PMCCS_GreatestCommonDivisor_X_L
                0x6be51fcf                PMCCS_GreatestCommonDivisor_X_X@12
                0x6be51fcf                PMCCS_GreatestCommonDivisor_X_X
                0x6be5203b                PMCCS_Pow_X_I
                0x6be5203b                PMCCS_Pow_X_I@12
                0x6be520a7                PMCCS_Pow_X_L@16
                0x6be520a7                PMCCS_Pow_X_L
                0x6be52126                PMCCS_ModPow_X_X_X
                0x6be52126                PMCCS_ModPow_X_X_X@16
                0x6be52199                PMCCS_TimesOfExponentOf10
                0x6be52199                PMCCS_TimesOfExponentOf10@12
                0x6be52205                PMCCS_Floor_Log10
                0x6be52205                PMCCS_Floor_Log10@8
 .text          0x6be5226c      0x200 ../build/x86_Debug/pmc_log.o
                0x6be5226c                Palmtree::Math::Core::Internal::PMC_Floor_Log10_Imp(Palmtree::Math::Core::Internal::__tag_NUMBER_HEADER*)
                0x6be523db                Palmtree::Math::Core::Internal::PMC_Floor_Log10(Palmtree::Math::Core::Internal::__tag_PMC_HANDLE_UINT*)@4
                0x6be5244a                Palmtree::Math::Core::Internal::Initialize_Log(Palmtree::Math::Core::Internal::_tag_PROCESSOR_FEATURES*)
 .text          0x6be5246c     0x2bc0 ../build/x86_Debug/pmc_memory.o
                0x6be53550                Palmtree::Math::Core::Internal::CommitNumber(Palmtree::Math::Core::Internal::__tag_NUMBER_HEADER*)
                0x6be53752                Palmtree::Math::Core::Internal::CheckNumber(Palmtree::Math::Core::Internal::__tag_NUMBER_HEADER*)
                0x6be53864                Palmtree::Math::Core::Internal::DuplicateNumber(Palmtree::Math::Core::Internal::__tag_NUMBER_HEADER*)
                0x6be538db                Palmtree::Math::Core::Internal::PMC_GetConstantValue_I(int)@4
                0x6be5393c                Palmtree::Math::Core::Internal::PMC_Dispose(Palmtree::Math::Core::Internal::__tag_PMC_HANDLE_UINT*)@4
                0x6be53963                Palmtree::Math::Core::Internal::PMC_Clone_X(Palmtree::Math::Core::Internal::__tag_PMC_HANDLE_UINT*)@4
                0x6be53a4e                Palmtree::Math::Core::Internal::Lock::Lock()
                0x6be53a4e                Palmtree::Math::Core::Internal::Lock::Lock()
                0x6be53a6c                Palmtree::Math::Core::Internal::Lock::~Lock()
                0x6be53a6c                Palmtree::Math::Core::Internal::Lock::~Lock()
                0x6be53a8a                Palmtree::Math::Core::Internal::ResourceHolderUINT::__GenericChainBufferTag::__GenericChainBufferTag(void*)
                0x6be53a8a                Palmtree::Math::Core::Internal::ResourceHolderUINT::__GenericChainBufferTag::__GenericChainBufferTag(void*)
                0x6be53ab6                Palmtree::Math::Core::Internal::ResourceHolderUINT::__GenericChainBufferTag::~__GenericChainBufferTag()
                0x6be53ab6                Palmtree::Math::Core::Internal::ResourceHolderUINT::__GenericChainBufferTag::~__GenericChainBufferTag()
                0x6be53ad6                Palmtree::Math::Core::Internal::ResourceHolderUINT::__GenericChainBufferTag::~__GenericChainBufferTag()
                0x6be53afe                Palmtree::Math::Core::Internal::ResourceHolderUINT::__GenericChainBufferTag::EqualsBufferAddress(void*)
                0x6be53b1a                Palmtree::Math::Core::Internal::ResourceHolderUINT::__GenericChainBufferTag::Destruct()
                0x6be53b4a                Palmtree::Math::Core::Internal::ResourceHolderUINT::____UNIT_TYPE_Array_ChainBufferTag::____UNIT_TYPE_Array_ChainBufferTag(unsigned int*, unsigned int, unsigned int)
                0x6be53b4a                Palmtree::Math::Core::Internal::ResourceHolderUINT::____UNIT_TYPE_Array_ChainBufferTag::____UNIT_TYPE_Array_ChainBufferTag(unsigned int*, unsigned int, unsigned int)
                0x6be53b88                Palmtree::Math::Core::Internal::ResourceHolderUINT::____UNIT_TYPE_Array_ChainBufferTag::~____UNIT_TYPE_Array_ChainBufferTag()
                0x6be53b88                Palmtree::Math::Core::Internal::ResourceHolderUINT::____UNIT_TYPE_Array_ChainBufferTag::~____UNIT_TYPE_Array_ChainBufferTag()
                0x6be53ba8                Palmtree::Math::Core::Internal::ResourceHolderUINT::____UNIT_TYPE_Array_ChainBufferTag::~____UNIT_TYPE_Array_ChainBufferTag()
                0x6be53bd0                Palmtree::Math::Core::Internal::ResourceHolderUINT::____UNIT_TYPE_Array_ChainBufferTag::EqualsBufferAddress(void*)
                0x6be53bec                Palmtree::Math::Core::Internal::ResourceHolderUINT::____UNIT_TYPE_Array_ChainBufferTag::Clear()
                0x6be53c10                Palmtree::Math::Core::Internal::ResourceHolderUINT::____UNIT_TYPE_Array_ChainBufferTag::Check()
                0x6be53c3e                Palmtree::Math::Core::Internal::ResourceHolderUINT::____UNIT_TYPE_Array_ChainBufferTag::Destruct()
                0x6be53c6c                Palmtree::Math::Core::Internal::ResourceHolderUINT::__StringChainBufferTag::__StringChainBufferTag(unsigned int*, unsigned int, unsigned int)
                0x6be53c6c                Palmtree::Math::Core::Internal::ResourceHolderUINT::__StringChainBufferTag::__StringChainBufferTag(unsigned int*, unsigned int, unsigned int)
                0x6be53caa                Palmtree::Math::Core::Internal::ResourceHolderUINT::__StringChainBufferTag::~__StringChainBufferTag()
                0x6be53caa                Palmtree::Math::Core::Internal::ResourceHolderUINT::__StringChainBufferTag::~__StringChainBufferTag()
                0x6be53cca                Palmtree::Math::Core::Internal::ResourceHolderUINT::__StringChainBufferTag::~__StringChainBufferTag()
                0x6be53cf2                Palmtree::Math::Core::Internal::ResourceHolderUINT::__StringChainBufferTag::EqualsBufferAddress(void*)
                0x6be53d0e                Palmtree::Math::Core::Internal::ResourceHolderUINT::__StringChainBufferTag::Clear()
                0x6be53d32                Palmtree::Math::Core::Internal::ResourceHolderUINT::__StringChainBufferTag::Check()
                0x6be53d60                Palmtree::Math::Core::Internal::ResourceHolderUINT::__StringChainBufferTag::Destruct()
                0x6be53d8e                Palmtree::Math::Core::Internal::ResourceHolderUINT::__DynamicNumberChainBufferTag::__DynamicNumberChainBufferTag(Palmtree::Math::Core::Internal::__tag_NUMBER_HEADER*)
                0x6be53d8e                Palmtree::Math::Core::Internal::ResourceHolderUINT::__DynamicNumberChainBufferTag::__DynamicNumberChainBufferTag(Palmtree::Math::Core::Internal::__tag_NUMBER_HEADER*)
                0x6be53dba                Palmtree::Math::Core::Internal::ResourceHolderUINT::__DynamicNumberChainBufferTag::~__DynamicNumberChainBufferTag()
                0x6be53dba                Palmtree::Math::Core::Internal::ResourceHolderUINT::__DynamicNumberChainBufferTag::~__DynamicNumberChainBufferTag()
                0x6be53dda                Palmtree::Math::Core::Internal::ResourceHolderUINT::__DynamicNumberChainBufferTag::~__DynamicNumberChainBufferTag()
                0x6be53e02                Palmtree::Math::Core::Internal::ResourceHolderUINT::__DynamicNumberChainBufferTag::EqualsBufferAddress(void*)
                0x6be53e1e                Palmtree::Math::Core::Internal::ResourceHolderUINT::__DynamicNumberChainBufferTag::Check()
                0x6be53e38                Palmtree::Math::Core::Internal::ResourceHolderUINT::__DynamicNumberChainBufferTag::Destruct()
                0x6be53e52                Palmtree::Math::Core::Internal::ResourceHolderUINT::__NumberHandleHookingChainBufferTag::__NumberHandleHookingChainBufferTag(Palmtree::Math::Core::Internal::__tag_NUMBER_HEADER*)
                0x6be53e52                Palmtree::Math::Core::Internal::ResourceHolderUINT::__NumberHandleHookingChainBufferTag::__NumberHandleHookingChainBufferTag(Palmtree::Math::Core::Internal::__tag_NUMBER_HEADER*)
                0x6be53e7e                Palmtree::Math::Core::Internal::ResourceHolderUINT::__NumberHandleHookingChainBufferTag::~__NumberHandleHookingChainBufferTag()
                0x6be53e7e                Palmtree::Math::Core::Internal::ResourceHolderUINT::__NumberHandleHookingChainBufferTag::~__NumberHandleHookingChainBufferTag()
                0x6be53e9e                Palmtree::Math::Core::Internal::ResourceHolderUINT::__NumberHandleHookingChainBufferTag::~__NumberHandleHookingChainBufferTag()
                0x6be53ec6                Palmtree::Math::Core::Internal::ResourceHolderUINT::__NumberHandleHookingChainBufferTag::EqualsBufferAddress(void*)
                0x6be53ee2                Palmtree::Math::Core::Internal::ResourceHolderUINT::__NumberHandleHookingChainBufferTag::Check()
                0x6be53eee                Palmtree::Math::Core::Internal::ResourceHolderUINT::__NumberHandleHookingChainBufferTag::Destruct()
                0x6be53f08                Palmtree::Math::Core::Internal::ResourceHolderUINT::__StaticNumberChainBufferTag::__StaticNumberChainBufferTag(Palmtree::Math::Core::Internal::__tag_NUMBER_HEADER*)
                0x6be53f08                Palmtree::Math::Core::Internal::ResourceHolderUINT::__StaticNumberChainBufferTag::__StaticNumberChainBufferTag(Palmtree::Math::Core::Internal::__tag_NUMBER_HEADER*)
                0x6be53f34                Palmtree::Math::Core::Internal::ResourceHolderUINT::__StaticNumberChainBufferTag::~__StaticNumberChainBufferTag()
                0x6be53f34                Palmtree::Math::Core::Internal::ResourceHolderUINT::__StaticNumberChainBufferTag::~__StaticNumberChainBufferTag()
                0x6be53f54                Palmtree::Math::Core::Internal::ResourceHolderUINT::__StaticNumberChainBufferTag::~__StaticNumberChainBufferTag()
                0x6be53f7c                Palmtree::Math::Core::Internal::ResourceHolderUINT::__StaticNumberChainBufferTag::EqualsBufferAddress(void*)
                0x6be53f98                Palmtree::Math::Core::Internal::ResourceHolderUINT::__StaticNumberChainBufferTag::Check()
                0x6be53fa4                Palmtree::Math::Core::Internal::ResourceHolderUINT::__StaticNumberChainBufferTag::Destruct()
                0x6be53fbe                Palmtree::Math::Core::Internal::ResourceHolderUINT::ResourceHolderUINT()
                0x6be53fbe                Palmtree::Math::Core::Internal::ResourceHolderUINT::ResourceHolderUINT()
                0x6be53fde                Palmtree::Math::Core::Internal::ResourceHolderUINT::~ResourceHolderUINT()
                0x6be53fde                Palmtree::Math::Core::Internal::ResourceHolderUINT::~ResourceHolderUINT()
                0x6be53ffe                Palmtree::Math::Core::Internal::ResourceHolderUINT::~ResourceHolderUINT()
                0x6be54026                Palmtree::Math::Core::Internal::ResourceHolderUINT::AllocateBytes(unsigned int)
                0x6be540fe                Palmtree::Math::Core::Internal::ResourceHolderUINT::DeallocateBytes(void*)
                0x6be5418a                Palmtree::Math::Core::Internal::ResourceHolderUINT::UnlinkBytes(void*)
                0x6be5422c                Palmtree::Math::Core::Internal::ResourceHolderUINT::AllocateBlock(unsigned int)
                0x6be542cc                Palmtree::Math::Core::Internal::ResourceHolderUINT::ClearBlock(unsigned int*)
                0x6be54376                Palmtree::Math::Core::Internal::ResourceHolderUINT::DeallocateBlock(unsigned int*)
                0x6be54402                Palmtree::Math::Core::Internal::ResourceHolderUINT::CheckBlock(unsigned int*)
                0x6be544ac                Palmtree::Math::Core::Internal::ResourceHolderUINT::UnlinkBlock(unsigned int*)
                0x6be5454e                Palmtree::Math::Core::Internal::ResourceHolderUINT::AllocateString(unsigned int)
                0x6be545f4                Palmtree::Math::Core::Internal::ResourceHolderUINT::ClearString(wchar_t*)
                0x6be5469e                Palmtree::Math::Core::Internal::ResourceHolderUINT::DeallocateString(wchar_t*)
                0x6be5472a                Palmtree::Math::Core::Internal::ResourceHolderUINT::CheckString(wchar_t*)
                0x6be547d4                Palmtree::Math::Core::Internal::ResourceHolderUINT::UnlinkString(wchar_t*)
                0x6be54876                Palmtree::Math::Core::Internal::ResourceHolderUINT::AllocateNumber(unsigned int)
                0x6be548fa                Palmtree::Math::Core::Internal::ResourceHolderUINT::HookNumber(Palmtree::Math::Core::Internal::__tag_NUMBER_HEADER*)
                0x6be5496c                Palmtree::Math::Core::Internal::ResourceHolderUINT::DeallocateNumber(Palmtree::Math::Core::Internal::__tag_NUMBER_HEADER*)
                0x6be549f8                Palmtree::Math::Core::Internal::ResourceHolderUINT::CheckNumber(Palmtree::Math::Core::Internal::__tag_NUMBER_HEADER*)
                0x6be54aa2                Palmtree::Math::Core::Internal::ResourceHolderUINT::UnlinkNumber(Palmtree::Math::Core::Internal::__tag_NUMBER_HEADER*)
                0x6be54b44                Palmtree::Math::Core::Internal::ResourceHolderUINT::AttatchStaticNumber(Palmtree::Math::Core::Internal::__tag_NUMBER_HEADER*, unsigned int)
                0x6be54bc8                Palmtree::Math::Core::Internal::ResourceHolderUINT::DetatchStaticNumber(Palmtree::Math::Core::Internal::__tag_NUMBER_HEADER*)
                0x6be54c54                Palmtree::Math::Core::Internal::ResourceHolderUINT::UnlinkStatickNumber(Palmtree::Math::Core::Internal::__tag_NUMBER_HEADER*)
                0x6be54da8                Palmtree::Math::Core::Internal::PMC_GetAllocatedMemorySize()@0
                0x6be54ec1                Palmtree::Math::Core::Internal::Initialize_Memory(Palmtree::Math::Core::Internal::_tag_PROCESSOR_FEATURES*)
                0x6be54fb8                Palmtree::Math::Core::Internal::AllocateHeapArea()
                0x6be54ffb                Palmtree::Math::Core::Internal::DeallocateHeapArea()
 .text          0x6be5502c      0xb78 ../build/x86_Debug/pmc_modpow.o
                0x6be55260                Palmtree::Math::Core::Internal::exception_filter(unsigned long)
                0x6be55a21                Palmtree::Math::Core::Internal::PMC_ModPow_X_X_X(Palmtree::Math::Core::Internal::__tag_PMC_HANDLE_UINT*, Palmtree::Math::Core::Internal::__tag_PMC_HANDLE_UINT*, Palmtree::Math::Core::Internal::__tag_PMC_HANDLE_UINT*)@12
                0x6be55b9d                Palmtree::Math::Core::Internal::Initialize_ModPow(Palmtree::Math::Core::Internal::_tag_PROCESSOR_FEATURES*)
 .text          0x6be55ba4     0x250c ../build/x86_Debug/pmc_multiply.o
                0x6be55d0a                Palmtree::Math::Core::Internal::Multiply_X_X_Imp(unsigned int*, unsigned int, unsigned int*, unsigned int, unsigned int*)
                0x6be5765c                Palmtree::Math::Core::Internal::PMC_Multiply_X_I_Imp(Palmtree::Math::Core::Internal::__tag_NUMBER_HEADER*, unsigned int)
                0x6be577a6                Palmtree::Math::Core::Internal::PMC_Multiply_I_X(unsigned int, Palmtree::Math::Core::Internal::__tag_PMC_HANDLE_UINT*)@8
                0x6be5787b                Palmtree::Math::Core::Internal::PMC_Multiply_X_I(Palmtree::Math::Core::Internal::__tag_PMC_HANDLE_UINT*, unsigned int)@8
                0x6be57be5                Palmtree::Math::Core::Internal::PMC_Multiply_L_X(unsigned long long, Palmtree::Math::Core::Internal::__tag_PMC_HANDLE_UINT*)@12
                0x6be57ccd                Palmtree::Math::Core::Internal::PMC_Multiply_X_L(Palmtree::Math::Core::Internal::__tag_PMC_HANDLE_UINT*, unsigned long long)@12
                0x6be57f1b                Palmtree::Math::Core::Internal::PMC_Multiply_X_X(Palmtree::Math::Core::Internal::__tag_PMC_HANDLE_UINT*, Palmtree::Math::Core::Internal::__tag_PMC_HANDLE_UINT*)@8
                0x6be5804c                Palmtree::Math::Core::Internal::Initialize_Multiply(Palmtree::Math::Core::Internal::_tag_PROCESSOR_FEATURES*)
 .text          0x6be580b0     0x29bc ../build/x86_Debug/pmc_parse.o
                0x6be5a766                Palmtree::Math::Core::Internal::PMC_TryParse(wchar_t const*, int, Palmtree::Math::Core::Internal::__tag_PMC_NUMBER_FORMAT_INFO const*, Palmtree::Math::Core::Internal::__tag_PMC_HANDLE_UINT**, unsigned int*)@20
                0x6be5a8dc                Palmtree::Math::Core::Internal::PMC_TryParseForSINT(wchar_t const*, int, Palmtree::Math::Core::Internal::__tag_PMC_NUMBER_FORMAT_INFO const*, char*, Palmtree::Math::Core::Internal::__tag_PMC_HANDLE_UINT**, unsigned int*)@24
                0x6be5aa22                Palmtree::Math::Core::Internal::Initialize_Parse(Palmtree::Math::Core::Internal::_tag_PROCESSOR_FEATURES*)
 .text          0x6be5aa6c      0x630 ../build/x86_Debug/pmc_pow.o
                0x6be5ac89                Palmtree::Math::Core::Internal::PMC_Pow_X_I_Imp(Palmtree::Math::Core::Internal::__tag_NUMBER_HEADER*, unsigned int)
                0x6be5ae8a                Palmtree::Math::Core::Internal::PMC_Pow_X_I(Palmtree::Math::Core::Internal::__tag_PMC_HANDLE_UINT*, unsigned int)@8
                0x6be5af5f                Palmtree::Math::Core::Internal::PMC_Pow_X_L(Palmtree::Math::Core::Internal::__tag_PMC_HANDLE_UINT*, unsigned long long)@12
                0x6be5afa9                Palmtree::Math::Core::Internal::PMC_TimesOfExponentOf10_Imp(unsigned int, unsigned int)
                0x6be5b078                Palmtree::Math::Core::Internal::PMC_TimesOfExponentOf10(unsigned int, unsigned int)@8
                0x6be5b094                Palmtree::Math::Core::Internal::Initialize_Pow(Palmtree::Math::Core::Internal::_tag_PROCESSOR_FEATURES*)
 .text          0x6be5b09c     0x206c ../build/x86_Debug/pmc_shift.o
                0x6be5b165                Palmtree::Math::Core::Internal::RightShift_Imp(unsigned int*, unsigned int, unsigned int, unsigned int*, int)
                0x6be5bf28                Palmtree::Math::Core::Internal::LeftShift_Imp(unsigned int*, unsigned int, unsigned int, unsigned int*, int)
                0x6be5ceea                Palmtree::Math::Core::Internal::PMC_RightShift_X_I(Palmtree::Math::Core::Internal::__tag_PMC_HANDLE_UINT*, int)@8
                0x6be5cff6                Palmtree::Math::Core::Internal::PMC_LeftShift_X_I(Palmtree::Math::Core::Internal::__tag_PMC_HANDLE_UINT*, int)@8
                0x6be5d102                Palmtree::Math::Core::Internal::Initialize_Shift(Palmtree::Math::Core::Internal::_tag_PROCESSOR_FEATURES*)
 .text          0x6be5d108       0x38 ../build/x86_Debug/pmc_statistics.o
                0x6be5d108                Palmtree::Math::Core::Internal::PMC_GetStatisticsInfo(Palmtree::Math::Core::Internal::__tag_PMC_STATISTICS_INFO*)@4
 .text          0x6be5d140     0x1684 ../build/x86_Debug/pmc_subtruct.o
                0x6be5d774                Palmtree::Math::Core::Internal::Subtruct_Imp(unsigned int*, unsigned int, unsigned int*, unsigned int, unsigned int*, unsigned int)
                0x6be5d929                Palmtree::Math::Core::Internal::PMC_Subtruct_I_X(unsigned int, Palmtree::Math::Core::Internal::__tag_PMC_HANDLE_UINT*)@8
                0x6be5dc74                Palmtree::Math::Core::Internal::PMC_Subtruct_X_I(Palmtree::Math::Core::Internal::__tag_PMC_HANDLE_UINT*, unsigned int)@8
                0x6be5dd4f                Palmtree::Math::Core::Internal::PMC_Subtruct_L_X(unsigned long long, Palmtree::Math::Core::Internal::__tag_PMC_HANDLE_UINT*)@12
                0x6be5e3cb                Palmtree::Math::Core::Internal::PMC_Subtruct_X_L(Palmtree::Math::Core::Internal::__tag_PMC_HANDLE_UINT*, unsigned long long)@12
                0x6be5e68b                Palmtree::Math::Core::Internal::PMC_Subtruct_X_X(Palmtree::Math::Core::Internal::__tag_PMC_HANDLE_UINT*, Palmtree::Math::Core::Internal::__tag_PMC_HANDLE_UINT*)@8
                0x6be5e7bc                Palmtree::Math::Core::Internal::Initialize_Subtruct(Palmtree::Math::Core::Internal::_tag_PROCESSOR_FEATURES*)
 .text          0x6be5e7c4      0x1c4 ../build/x86_Debug/pmc_to.o
                0x6be5e801                Palmtree::Math::Core::Internal::PMC_To_X_I(Palmtree::Math::Core::Internal::__tag_PMC_HANDLE_UINT*)@4
                0x6be5e87f                Palmtree::Math::Core::Internal::PMC_To_X_L(Palmtree::Math::Core::Internal::__tag_PMC_HANDLE_UINT*)@4
                0x6be5e982                Palmtree::Math::Core::Internal::Initialize_To(Palmtree::Math::Core::Internal::_tag_PROCESSOR_FEATURES*)
 .text          0x6be5e988     0x177c ../build/x86_Debug/pmc_tostring.o
                0x6be5fe26                Palmtree::Math::Core::Internal::PMC_ToString(Palmtree::Math::Core::Internal::__tag_PMC_HANDLE_UINT*, wchar_t const*, Palmtree::Math::Core::Internal::__tag_PMC_NUMBER_FORMAT_INFO const*, wchar_t*, unsigned int)@20
                0x6be5fed4                Palmtree::Math::Core::Internal::InitializeNumberFormatoInfo(Palmtree::Math::Core::Internal::__tag_PMC_NUMBER_FORMAT_INFO*)
                0x6be600d3                Palmtree::Math::Core::Internal::PMC_InitializeNumberFormatInfo(Palmtree::Math::Core::Internal::__tag_PMC_NUMBER_FORMAT_INFO*)@4
                0x6be600e9                Palmtree::Math::Core::Internal::Initialize_ToString(Palmtree::Math::Core::Internal::_tag_PROCESSOR_FEATURES*)
 .text          0x6be60104        0x0 C:/GNU/MINGW64/i686-8.1.0-win32-dwarf-rt_v6-rev0/mingw32/bin/../lib/gcc/i686-w64-mingw32/8.1.0/../../../../i686-w64-mingw32/lib/../lib\libkernel32.a(dgzch.o)
 .text          0x6be60104        0x0 C:/GNU/MINGW64/i686-8.1.0-win32-dwarf-rt_v6-rev0/mingw32/bin/../lib/gcc/i686-w64-mingw32/8.1.0/../../../../i686-w64-mingw32/lib/../lib\libkernel32.a(dgzct.o)
 .text          0x6be60104        0x0 C:/GNU/MINGW64/i686-8.1.0-win32-dwarf-rt_v6-rev0/mingw32/bin/../lib/gcc/i686-w64-mingw32/8.1.0/../../../../i686-w64-mingw32/lib/../lib\libuser32.a(dmceh.o)
 .text          0x6be60104        0x0 C:/GNU/MINGW64/i686-8.1.0-win32-dwarf-rt_v6-rev0/mingw32/bin/../lib/gcc/i686-w64-mingw32/8.1.0/../../../../i686-w64-mingw32/lib/../lib\libuser32.a(dmcet.o)
 .text          0x6be60104        0x0 C:/GNU/MINGW64/i686-8.1.0-win32-dwarf-rt_v6-rev0/mingw32/bin/../lib/gcc/i686-w64-mingw32/8.1.0\libstdc++.a(class_type_info.o)
 .text          0x6be60104        0x0 C:/GNU/MINGW64/i686-8.1.0-win32-dwarf-rt_v6-rev0/mingw32/bin/../lib/gcc/i686-w64-mingw32/8.1.0\libstdc++.a(del_ops.o)
 .text          0x6be60104        0x0 C:/GNU/MINGW64/i686-8.1.0-win32-dwarf-rt_v6-rev0/mingw32/bin/../lib/gcc/i686-w64-mingw32/8.1.0\libstdc++.a(eh_alloc.o)
 .text          0x6be60104        0x0 C:/GNU/MINGW64/i686-8.1.0-win32-dwarf-rt_v6-rev0/mingw32/bin/../lib/gcc/i686-w64-mingw32/8.1.0\libstdc++.a(eh_catch.o)
 .text          0x6be60104        0x0 C:/GNU/MINGW64/i686-8.1.0-win32-dwarf-rt_v6-rev0/mingw32/bin/../lib/gcc/i686-w64-mingw32/8.1.0\libstdc++.a(eh_exception.o)
 .text          0x6be60104        0x0 C:/GNU/MINGW64/i686-8.1.0-win32-dwarf-rt_v6-rev0/mingw32/bin/../lib/gcc/i686-w64-mingw32/8.1.0\libstdc++.a(eh_globals.o)
 .text          0x6be60104        0x0 C:/GNU/MINGW64/i686-8.1.0-win32-dwarf-rt_v6-rev0/mingw32/bin/../lib/gcc/i686-w64-mingw32/8.1.0\libstdc++.a(eh_personality.o)
 .text          0x6be60104        0x0 C:/GNU/MINGW64/i686-8.1.0-win32-dwarf-rt_v6-rev0/mingw32/bin/../lib/gcc/i686-w64-mingw32/8.1.0\libstdc++.a(eh_terminate.o)
 .text          0x6be60104        0x0 C:/GNU/MINGW64/i686-8.1.0-win32-dwarf-rt_v6-rev0/mingw32/bin/../lib/gcc/i686-w64-mingw32/8.1.0\libstdc++.a(eh_term_handler.o)
 .text          0x6be60104        0x0 C:/GNU/MINGW64/i686-8.1.0-win32-dwarf-rt_v6-rev0/mingw32/bin/../lib/gcc/i686-w64-mingw32/8.1.0\libstdc++.a(eh_throw.o)
 .text          0x6be60104        0x0 C:/GNU/MINGW64/i686-8.1.0-win32-dwarf-rt_v6-rev0/mingw32/bin/../lib/gcc/i686-w64-mingw32/8.1.0\libstdc++.a(eh_unex_handler.o)
 .text          0x6be60104        0x0 C:/GNU/MINGW64/i686-8.1.0-win32-dwarf-rt_v6-rev0/mingw32/bin/../lib/gcc/i686-w64-mingw32/8.1.0\libstdc++.a(new_op.o)
 .text          0x6be60104        0x0 C:/GNU/MINGW64/i686-8.1.0-win32-dwarf-rt_v6-rev0/mingw32/bin/../lib/gcc/i686-w64-mingw32/8.1.0\libstdc++.a(pure.o)
 .text          0x6be60104        0x0 C:/GNU/MINGW64/i686-8.1.0-win32-dwarf-rt_v6-rev0/mingw32/bin/../lib/gcc/i686-w64-mingw32/8.1.0\libstdc++.a(si_class_type_info.o)
 .text          0x6be60104        0x0 C:/GNU/MINGW64/i686-8.1.0-win32-dwarf-rt_v6-rev0/mingw32/bin/../lib/gcc/i686-w64-mingw32/8.1.0\libstdc++.a(tinfo.o)
 .text          0x6be60104        0x0 C:/GNU/MINGW64/i686-8.1.0-win32-dwarf-rt_v6-rev0/mingw32/bin/../lib/gcc/i686-w64-mingw32/8.1.0\libstdc++.a(vmi_class_type_info.o)
 .text          0x6be60104        0x0 C:/GNU/MINGW64/i686-8.1.0-win32-dwarf-rt_v6-rev0/mingw32/bin/../lib/gcc/i686-w64-mingw32/8.1.0\libstdc++.a(vterminate.o)
 .text          0x6be60104        0x0 C:/GNU/MINGW64/i686-8.1.0-win32-dwarf-rt_v6-rev0/mingw32/bin/../lib/gcc/i686-w64-mingw32/8.1.0\libstdc++.a(bad_alloc.o)
 *fill*         0x6be60104        0xc 
 .text          0x6be60110     0x9af0 C:/GNU/MINGW64/i686-8.1.0-win32-dwarf-rt_v6-rev0/mingw32/bin/../lib/gcc/i686-w64-mingw32/8.1.0\libstdc++.a(cp-demangle.o)
                0x6be69a70                __cxa_demangle
                0x6be69bc0                __gcclibcxx_demangle_callback
 .text          0x6be69c00        0x0 C:/GNU/MINGW64/i686-8.1.0-win32-dwarf-rt_v6-rev0/mingw32/bin/../lib/gcc/i686-w64-mingw32/8.1.0\libstdc++.a(del_op.o)
 .text          0x6be69c00        0x0 C:/GNU/MINGW64/i686-8.1.0-win32-dwarf-rt_v6-rev0/mingw32/bin/../lib/gcc/i686-w64-mingw32/8.1.0\libstdc++.a(eh_call.o)
 .text          0x6be69c00        0x0 C:/GNU/MINGW64/i686-8.1.0-win32-dwarf-rt_v6-rev0/mingw32/bin/../lib/gcc/i686-w64-mingw32/8.1.0\libstdc++.a(eh_type.o)
 .text          0x6be69c00        0x0 C:/GNU/MINGW64/i686-8.1.0-win32-dwarf-rt_v6-rev0/mingw32/bin/../lib/gcc/i686-w64-mingw32/8.1.0\libstdc++.a(new_handler.o)
 .text          0x6be69c00       0xb0 C:/GNU/MINGW64/i686-8.1.0-win32-dwarf-rt_v6-rev0/mingw32/bin/../lib/gcc/i686-w64-mingw32/8.1.0/../../../../i686-w64-mingw32/lib/../lib\libmingw32.a(lib32_libmingw32_a-gccmain.o)
                0x6be69c00                __do_global_dtors
                0x6be69c40                __do_global_ctors
                0x6be69c90                __main
 .text          0x6be69cb0        0x0 C:/GNU/MINGW64/i686-8.1.0-win32-dwarf-rt_v6-rev0/mingw32/bin/../lib/gcc/i686-w64-mingw32/8.1.0/../../../../i686-w64-mingw32/lib/../lib\libmingw32.a(lib32_libmingw32_a-natstart.o)
 .text          0x6be69cb0      0x140 C:/GNU/MINGW64/i686-8.1.0-win32-dwarf-rt_v6-rev0/mingw32/bin/../lib/gcc/i686-w64-mingw32/8.1.0/../../../../i686-w64-mingw32/lib/../lib\libmingw32.a(lib32_libmingw32_a-gs_support.o)
                0x6be69cb0                __security_init_cookie
                0x6be69d60                __report_gsfailure
 .text          0x6be69df0       0xf0 C:/GNU/MINGW64/i686-8.1.0-win32-dwarf-rt_v6-rev0/mingw32/bin/../lib/gcc/i686-w64-mingw32/8.1.0/../../../../i686-w64-mingw32/lib/../lib\libmingw32.a(lib32_libmingw32_a-tlssup.o)
                0x6be69e40                __dyn_tls_init@12
                0x6be69ed0                __tlregdtor
 .text          0x6be69ee0        0x0 C:/GNU/MINGW64/i686-8.1.0-win32-dwarf-rt_v6-rev0/mingw32/bin/../lib/gcc/i686-w64-mingw32/8.1.0/../../../../i686-w64-mingw32/lib/../lib\libmingw32.a(lib32_libmingw32_a-cinitexe.o)
 .text          0x6be69ee0       0x20 C:/GNU/MINGW64/i686-8.1.0-win32-dwarf-rt_v6-rev0/mingw32/bin/../lib/gcc/i686-w64-mingw32/8.1.0/../../../../i686-w64-mingw32/lib/../lib\libmingw32.a(lib32_libmingw32_a-mingw_helpers.o)
                0x6be69ee0                _decode_pointer
                0x6be69ef0                _encode_pointer
 .text          0x6be69f00      0x3d0 C:/GNU/MINGW64/i686-8.1.0-win32-dwarf-rt_v6-rev0/mingw32/bin/../lib/gcc/i686-w64-mingw32/8.1.0/../../../../i686-w64-mingw32/lib/../lib\libmingw32.a(lib32_libmingw32_a-pseudo-reloc.o)
                0x6be6a050                _pei386_runtime_relocator
 .text          0x6be6a2d0      0x270 C:/GNU/MINGW64/i686-8.1.0-win32-dwarf-rt_v6-rev0/mingw32/bin/../lib/gcc/i686-w64-mingw32/8.1.0/../../../../i686-w64-mingw32/lib/../lib\libmingw32.a(lib32_libmingw32_a-tlsthrd.o)
                0x6be6a340                ___w64_mingwthr_add_key_dtor
                0x6be6a3d0                ___w64_mingwthr_remove_key_dtor
                0x6be6a460                __mingw_TLScallback
 .text          0x6be6a540        0x0 C:/GNU/MINGW64/i686-8.1.0-win32-dwarf-rt_v6-rev0/mingw32/bin/../lib/gcc/i686-w64-mingw32/8.1.0/../../../../i686-w64-mingw32/lib/../lib\libmingw32.a(lib32_libmingw32_a-tlsmcrt.o)
 .text          0x6be6a540        0x0 C:/GNU/MINGW64/i686-8.1.0-win32-dwarf-rt_v6-rev0/mingw32/bin/../lib/gcc/i686-w64-mingw32/8.1.0/../../../../i686-w64-mingw32/lib/../lib\libmingw32.a(lib32_libmingw32_a-pseudo-reloc-list.o)
 .text          0x6be6a540      0x370 C:/GNU/MINGW64/i686-8.1.0-win32-dwarf-rt_v6-rev0/mingw32/bin/../lib/gcc/i686-w64-mingw32/8.1.0/../../../../i686-w64-mingw32/lib/../lib\libmingw32.a(lib32_libmingw32_a-pesect.o)
                0x6be6a560                _ValidateImageBase
                0x6be6a580                _FindPESection
                0x6be6a5c0                _FindPESectionByName
                0x6be6a650                __mingw_GetSectionForAddress
                0x6be6a6c0                __mingw_GetSectionCount
                0x6be6a6f0                _FindPESectionExec
                0x6be6a750                _GetPEImageBase
                0x6be6a780                _IsNonwritableInCurrentImage
                0x6be6a800                __mingw_enum_import_library_names
 .text          0x6be6a8b0       0x10 C:/GNU/MINGW64/i686-8.1.0-win32-dwarf-rt_v6-rev0/mingw32/bin/../lib/gcc/i686-w64-mingw32/8.1.0/../../../../i686-w64-mingw32/lib/../lib\libmingw32.a(lib32_libmingw32_a-CRT_fp10.o)
                0x6be6a8b0                fpreset
                0x6be6a8b0                _fpreset
 .text          0x6be6a8c0       0x2c C:/GNU/MINGW64/i686-8.1.0-win32-dwarf-rt_v6-rev0/mingw32/bin/../lib/gcc/i686-w64-mingw32/8.1.0\libgcc.a(_chkstk_ms.o)
                0x6be6a8c0                __chkstk_ms
 .text          0x6be6a8ec        0x0 C:/GNU/MINGW64/i686-8.1.0-win32-dwarf-rt_v6-rev0/mingw32/bin/../lib/gcc/i686-w64-mingw32/8.1.0\libgcc.a(_ctors.o)
 *fill*         0x6be6a8ec        0x4 
 .text          0x6be6a8f0      0x410 C:/GNU/MINGW64/i686-8.1.0-win32-dwarf-rt_v6-rev0/mingw32/bin/../lib/gcc/i686-w64-mingw32/8.1.0\libgcc.a(gthr-win32.o)
                0x6be6a8f0                __gthr_win32_once
                0x6be6a970                __gthr_win32_key_create
                0x6be6a9b0                __gthr_win32_key_delete
                0x6be6a9e0                __gthr_win32_getspecific
                0x6be6aa20                __gthr_win32_setspecific
                0x6be6aa50                __gthr_win32_mutex_init_function
                0x6be6aa90                __gthr_win32_mutex_destroy
                0x6be6aab0                __gthr_win32_mutex_lock
                0x6be6aaf0                __gthr_win32_mutex_trylock
                0x6be6ab10                __gthr_win32_mutex_unlock
                0x6be6ab60                __gthr_win32_recursive_mutex_init_function
                0x6be6abb0                __gthr_win32_recursive_mutex_lock
                0x6be6ac30                __gthr_win32_recursive_mutex_trylock
                0x6be6ac80                __gthr_win32_recursive_mutex_unlock
                0x6be6ace0                __gthr_win32_recursive_mutex_destroy
 .text          0x6be6ad00     0x25a0 C:/GNU/MINGW64/i686-8.1.0-win32-dwarf-rt_v6-rev0/mingw32/bin/../lib/gcc/i686-w64-mingw32/8.1.0\libgcc_eh.a(unwind-dw2.o)
                0x6be6cc40                _Unwind_GetGR
                0x6be6cc90                _Unwind_GetCFA
                0x6be6cca0                _Unwind_SetGR
                0x6be6cd00                _Unwind_GetIP
                0x6be6cd10                _Unwind_GetIPInfo
                0x6be6cd30                _Unwind_SetIP
                0x6be6cd40                _Unwind_GetLanguageSpecificData
                0x6be6cd50                _Unwind_GetRegionStart
                0x6be6cd60                _Unwind_FindEnclosingFunction
                0x6be6cd90                _Unwind_GetDataRelBase
                0x6be6cda0                _Unwind_GetTextRelBase
                0x6be6cdb0                __frame_state_for
                0x6be6ceb0                _Unwind_RaiseException
                0x6be6d000                _Unwind_ForcedUnwind
                0x6be6d0b0                _Unwind_Resume
                0x6be6d150                _Unwind_Resume_or_Rethrow
                0x6be6d210                _Unwind_DeleteException
                0x6be6d230                _Unwind_Backtrace
 .text          0x6be6d2a0     0x17f0 C:/GNU/MINGW64/i686-8.1.0-win32-dwarf-rt_v6-rev0/mingw32/bin/../lib/gcc/i686-w64-mingw32/8.1.0\libgcc_eh.a(unwind-dw2-fde.o)
                0x6be6e550                __register_frame_info_bases
                0x6be6e580                __register_frame_info
                0x6be6e5b0                __register_frame
                0x6be6e5f0                __register_frame_info_table_bases
                0x6be6e740                __register_frame_info_table
                0x6be6e770                __register_frame_table
                0x6be6e7b0                __deregister_frame_info_bases
                0x6be6e7d0                __deregister_frame_info
                0x6be6e7f0                __deregister_frame
                0x6be6e820                _Unwind_Find_FDE
 .text          0x6be6ea90      0x410 C:/GNU/MINGW64/i686-8.1.0-win32-dwarf-rt_v6-rev0/mingw32/bin/../lib/gcc/i686-w64-mingw32/8.1.0\libgcc_eh.a(emutls.o)
                0x6be6ebf0                __emutls_get_address
                0x6be6ee60                __emutls_register_common
 .text          0x6be6eea0       0x10 C:/GNU/MINGW64/i686-8.1.0-win32-dwarf-rt_v6-rev0/mingw32/bin/../lib/gcc/i686-w64-mingw32/8.1.0/../../../../i686-w64-mingw32/lib/../lib\libmingwex.a(lib32_libmingwex_a-dllentry.o)
                0x6be6eea0                DllEntryPoint@12
 .text          0x6be6eeb0       0x30 C:/GNU/MINGW64/i686-8.1.0-win32-dwarf-rt_v6-rev0/mingw32/bin/../lib/gcc/i686-w64-mingw32/8.1.0/../../../../i686-w64-mingw32/lib/../lib\libmingwex.a(lib32_libmingwex_a-floor.o)
                0x6be6eeb0                floor
 .text          0x6be6eee0        0x8 C:/GNU/MINGW64/i686-8.1.0-win32-dwarf-rt_v6-rev0/mingw32/bin/../lib/gcc/i686-w64-mingw32/8.1.0/../../../../i686-w64-mingw32/lib/../lib\libmsvcrt.a(dwbes01253.o)
                0x6be6eee0                vfprintf
 .text          0x6be6eee8        0x8 C:/GNU/MINGW64/i686-8.1.0-win32-dwarf-rt_v6-rev0/mingw32/bin/../lib/gcc/i686-w64-mingw32/8.1.0/../../../../i686-w64-mingw32/lib/../lib\libmsvcrt.a(dwbes01220.o)
                0x6be6eee8                strncmp
 .text          0x6be6eef0        0x8 C:/GNU/MINGW64/i686-8.1.0-win32-dwarf-rt_v6-rev0/mingw32/bin/../lib/gcc/i686-w64-mingw32/8.1.0/../../../../i686-w64-mingw32/lib/../lib\libmsvcrt.a(dwbes01217.o)
                0x6be6eef0                strlen
 .text          0x6be6eef8        0x8 C:/GNU/MINGW64/i686-8.1.0-win32-dwarf-rt_v6-rev0/mingw32/bin/../lib/gcc/i686-w64-mingw32/8.1.0/../../../../i686-w64-mingw32/lib/../lib\libmsvcrt.a(dwbes01210.o)
                0x6be6eef8                strcmp
 .text          0x6be6ef00        0x8 C:/GNU/MINGW64/i686-8.1.0-win32-dwarf-rt_v6-rev0/mingw32/bin/../lib/gcc/i686-w64-mingw32/8.1.0/../../../../i686-w64-mingw32/lib/../lib\libmsvcrt.a(dwbes01202.o)
                0x6be6ef00                sprintf
 .text          0x6be6ef08        0x8 C:/GNU/MINGW64/i686-8.1.0-win32-dwarf-rt_v6-rev0/mingw32/bin/../lib/gcc/i686-w64-mingw32/8.1.0/../../../../i686-w64-mingw32/lib/../lib\libmsvcrt.a(dwbes01190.o)
                0x6be6ef08                realloc
 .text          0x6be6ef10        0x8 C:/GNU/MINGW64/i686-8.1.0-win32-dwarf-rt_v6-rev0/mingw32/bin/../lib/gcc/i686-w64-mingw32/8.1.0/../../../../i686-w64-mingw32/lib/../lib\libmsvcrt.a(dwbes01174.o)
                0x6be6ef10                memset
 .text          0x6be6ef18        0x8 C:/GNU/MINGW64/i686-8.1.0-win32-dwarf-rt_v6-rev0/mingw32/bin/../lib/gcc/i686-w64-mingw32/8.1.0/../../../../i686-w64-mingw32/lib/../lib\libmsvcrt.a(dwbes01172.o)
                0x6be6ef18                memcpy
 .text          0x6be6ef20        0x8 C:/GNU/MINGW64/i686-8.1.0-win32-dwarf-rt_v6-rev0/mingw32/bin/../lib/gcc/i686-w64-mingw32/8.1.0/../../../../i686-w64-mingw32/lib/../lib\libmsvcrt.a(dwbes01163.o)
                0x6be6ef20                malloc
 .text          0x6be6ef28        0x8 C:/GNU/MINGW64/i686-8.1.0-win32-dwarf-rt_v6-rev0/mingw32/bin/../lib/gcc/i686-w64-mingw32/8.1.0/../../../../i686-w64-mingw32/lib/../lib\libmsvcrt.a(dwbes01161.o)
                0x6be6ef28                log10
 .text          0x6be6ef30        0x8 C:/GNU/MINGW64/i686-8.1.0-win32-dwarf-rt_v6-rev0/mingw32/bin/../lib/gcc/i686-w64-mingw32/8.1.0/../../../../i686-w64-mingw32/lib/../lib\libmsvcrt.a(dwbes01118.o)
                0x6be6ef30                fwrite
 .text          0x6be6ef38        0x8 C:/GNU/MINGW64/i686-8.1.0-win32-dwarf-rt_v6-rev0/mingw32/bin/../lib/gcc/i686-w64-mingw32/8.1.0/../../../../i686-w64-mingw32/lib/../lib\libmsvcrt.a(dwbes01104.o)
                0x6be6ef38                free
 .text          0x6be6ef40        0x8 C:/GNU/MINGW64/i686-8.1.0-win32-dwarf-rt_v6-rev0/mingw32/bin/../lib/gcc/i686-w64-mingw32/8.1.0/../../../../i686-w64-mingw32/lib/../lib\libmsvcrt.a(dwbes01100.o)
                0x6be6ef40                fputs
 .text          0x6be6ef48        0x8 C:/GNU/MINGW64/i686-8.1.0-win32-dwarf-rt_v6-rev0/mingw32/bin/../lib/gcc/i686-w64-mingw32/8.1.0/../../../../i686-w64-mingw32/lib/../lib\libmsvcrt.a(dwbes01099.o)
                0x6be6ef48                fputc
 .text          0x6be6ef50        0x8 C:/GNU/MINGW64/i686-8.1.0-win32-dwarf-rt_v6-rev0/mingw32/bin/../lib/gcc/i686-w64-mingw32/8.1.0/../../../../i686-w64-mingw32/lib/../lib\libmsvcrt.a(dwbes01076.o)
                0x6be6ef50                calloc
 .text          0x6be6ef58        0x8 C:/GNU/MINGW64/i686-8.1.0-win32-dwarf-rt_v6-rev0/mingw32/bin/../lib/gcc/i686-w64-mingw32/8.1.0/../../../../i686-w64-mingw32/lib/../lib\libmsvcrt.a(dwbes01057.o)
                0x6be6ef58                abort
 .text          0x6be6ef60        0x8 C:/GNU/MINGW64/i686-8.1.0-win32-dwarf-rt_v6-rev0/mingw32/bin/../lib/gcc/i686-w64-mingw32/8.1.0/../../../../i686-w64-mingw32/lib/../lib\libmsvcrt.a(dwbes01010.o)
                0x6be6ef60                write
 .text          0x6be6ef68        0x8 C:/GNU/MINGW64/i686-8.1.0-win32-dwarf-rt_v6-rev0/mingw32/bin/../lib/gcc/i686-w64-mingw32/8.1.0/../../../../i686-w64-mingw32/lib/../lib\libmsvcrt.a(dwbes00351.o)
                0x6be6ef68                _initterm
 .text          0x6be6ef70        0x8 C:/GNU/MINGW64/i686-8.1.0-win32-dwarf-rt_v6-rev0/mingw32/bin/../lib/gcc/i686-w64-mingw32/8.1.0/../../../../i686-w64-mingw32/lib/../lib\libmsvcrt.a(dwbes00144.o)
                0x6be6ef70                _amsg_exit
 *fill*         0x6be6ef78        0x8 
 .text          0x6be6ef80      0x170 C:/GNU/MINGW64/i686-8.1.0-win32-dwarf-rt_v6-rev0/mingw32/bin/../lib/gcc/i686-w64-mingw32/8.1.0/../../../../i686-w64-mingw32/lib/../lib\libmsvcrt.a(lib32_libmsvcrt_os_a-onexit_table.o)
                0x6be6ef80                _initialize_onexit_table
                0x6be6efb0                _register_onexit_function
                0x6be6f080                _execute_onexit_table
 .text          0x6be6f0f0       0x10 C:/GNU/MINGW64/i686-8.1.0-win32-dwarf-rt_v6-rev0/mingw32/bin/../lib/gcc/i686-w64-mingw32/8.1.0/../../../../i686-w64-mingw32/lib/../lib\libmsvcrt.a(lib32_libmsvcrt_os_a-acrt_iob_func.o)
                0x6be6f0f0                __acrt_iob_func
 .text          0x6be6f100        0x0 C:/GNU/MINGW64/i686-8.1.0-win32-dwarf-rt_v6-rev0/mingw32/bin/../lib/gcc/i686-w64-mingw32/8.1.0/../../../../i686-w64-mingw32/lib/../lib\libmsvcrt.a(dwbeh.o)
 .text          0x6be6f100        0x8 C:/GNU/MINGW64/i686-8.1.0-win32-dwarf-rt_v6-rev0/mingw32/bin/../lib/gcc/i686-w64-mingw32/8.1.0/../../../../i686-w64-mingw32/lib/../lib\libmsvcrt.a(dwbes00841.o)
                0x6be6f100                _unlock
 .text          0x6be6f108        0x8 C:/GNU/MINGW64/i686-8.1.0-win32-dwarf-rt_v6-rev0/mingw32/bin/../lib/gcc/i686-w64-mingw32/8.1.0/../../../../i686-w64-mingw32/lib/../lib\libmsvcrt.a(dwbes00460.o)
                0x6be6f108                _lock
 .text          0x6be6f110        0x0 C:/GNU/MINGW64/i686-8.1.0-win32-dwarf-rt_v6-rev0/mingw32/bin/../lib/gcc/i686-w64-mingw32/8.1.0/../../../../i686-w64-mingw32/lib/../lib\libmsvcrt.a(dwbes00355.o)
 .text          0x6be6f110        0x0 C:/GNU/MINGW64/i686-8.1.0-win32-dwarf-rt_v6-rev0/mingw32/bin/../lib/gcc/i686-w64-mingw32/8.1.0/../../../../i686-w64-mingw32/lib/../lib\libmsvcrt.a(dwbet.o)
 .text          0x6be6f110       0x30 C:/GNU/MINGW64/i686-8.1.0-win32-dwarf-rt_v6-rev0/mingw32/bin/../lib/gcc/i686-w64-mingw32/8.1.0/../../../../i686-w64-mingw32/lib/../lib\libmingw32.a(lib32_libmingw32_a-tlsmthread.o)
                0x6be6f110                __mingwthr_remove_key_dtor
                0x6be6f120                __mingwthr_key_dtor
 .text          0x6be6f140        0x0 C:/GNU/MINGW64/i686-8.1.0-win32-dwarf-rt_v6-rev0/mingw32/bin/../lib/gcc/i686-w64-mingw32/8.1.0/crtend.o
 *(SORT_BY_NAME(.text$*))
 .text$_ZGTtNKSt13bad_exceptionD1Ev
                0x6be6f140       0x10 C:/GNU/MINGW64/i686-8.1.0-win32-dwarf-rt_v6-rev0/mingw32/bin/../lib/gcc/i686-w64-mingw32/8.1.0\libstdc++.a(eh_exception.o)
                0x6be6f140                transaction clone for std::bad_exception::~bad_exception() const
 .text$_ZGTtNKSt9exceptionD1Ev
                0x6be6f150       0x10 C:/GNU/MINGW64/i686-8.1.0-win32-dwarf-rt_v6-rev0/mingw32/bin/../lib/gcc/i686-w64-mingw32/8.1.0\libstdc++.a(eh_exception.o)
                0x6be6f150                transaction clone for std::exception::~exception() const
 .text$_ZL15get_ttype_entryP16lsda_header_infom
                0x6be6f160       0x80 C:/GNU/MINGW64/i686-8.1.0-win32-dwarf-rt_v6-rev0/mingw32/bin/../lib/gcc/i686-w64-mingw32/8.1.0\libstdc++.a(eh_personality.o)
 .text$_ZL16get_adjusted_ptrPKSt9type_infoS1_PPv
                0x6be6f1e0       0x60 C:/GNU/MINGW64/i686-8.1.0-win32-dwarf-rt_v6-rev0/mingw32/bin/../lib/gcc/i686-w64-mingw32/8.1.0\libstdc++.a(eh_personality.o)
 .text$_ZL17parse_lsda_headerP15_Unwind_ContextPKhP16lsda_header_info
                0x6be6f240       0xe0 C:/GNU/MINGW64/i686-8.1.0-win32-dwarf-rt_v6-rev0/mingw32/bin/../lib/gcc/i686-w64-mingw32/8.1.0\libstdc++.a(eh_personality.o)
 .text$_ZL20check_exception_specP16lsda_header_infoPKSt9type_infoPvl
                0x6be6f320       0x70 C:/GNU/MINGW64/i686-8.1.0-win32-dwarf-rt_v6-rev0/mingw32/bin/../lib/gcc/i686-w64-mingw32/8.1.0\libstdc++.a(eh_personality.o)
 .text$_ZL21base_of_encoded_valuehP15_Unwind_Context
                0x6be6f390       0x60 C:/GNU/MINGW64/i686-8.1.0-win32-dwarf-rt_v6-rev0/mingw32/bin/../lib/gcc/i686-w64-mingw32/8.1.0\libstdc++.a(eh_personality.o)
 .text$_ZL23__gxx_exception_cleanup19_Unwind_Reason_CodeP17_Unwind_Exception
                0x6be6f3f0       0x50 C:/GNU/MINGW64/i686-8.1.0-win32-dwarf-rt_v6-rev0/mingw32/bin/../lib/gcc/i686-w64-mingw32/8.1.0\libstdc++.a(eh_throw.o)
 .text$_ZL28read_encoded_value_with_basehjPKhPj
                0x6be6f440      0x140 C:/GNU/MINGW64/i686-8.1.0-win32-dwarf-rt_v6-rev0/mingw32/bin/../lib/gcc/i686-w64-mingw32/8.1.0\libstdc++.a(eh_personality.o)
 .text$_ZN10__cxxabiv111__terminateEPFvvE
                0x6be6f580       0x20 C:/GNU/MINGW64/i686-8.1.0-win32-dwarf-rt_v6-rev0/mingw32/bin/../lib/gcc/i686-w64-mingw32/8.1.0\libstdc++.a(eh_terminate.o)
                0x6be6f580                __cxxabiv1::__terminate(void (*)())
 .text$_ZN10__cxxabiv112__unexpectedEPFvvE
                0x6be6f5a0       0x10 C:/GNU/MINGW64/i686-8.1.0-win32-dwarf-rt_v6-rev0/mingw32/bin/../lib/gcc/i686-w64-mingw32/8.1.0\libstdc++.a(eh_terminate.o)
                0x6be6f5a0                __cxxabiv1::__unexpected(void (*)())
 .text$_ZN10__cxxabiv115__forced_unwindD0Ev
                0x6be6f5b0       0x20 C:/GNU/MINGW64/i686-8.1.0-win32-dwarf-rt_v6-rev0/mingw32/bin/../lib/gcc/i686-w64-mingw32/8.1.0\libstdc++.a(eh_exception.o)
                0x6be6f5b0                __cxxabiv1::__forced_unwind::~__forced_unwind()
 .text$_ZN10__cxxabiv115__forced_unwindD2Ev
                0x6be6f5d0       0x10 C:/GNU/MINGW64/i686-8.1.0-win32-dwarf-rt_v6-rev0/mingw32/bin/../lib/gcc/i686-w64-mingw32/8.1.0\libstdc++.a(eh_exception.o)
                0x6be6f5d0                __cxxabiv1::__forced_unwind::~__forced_unwind()
                0x6be6f5d0                __cxxabiv1::__forced_unwind::~__forced_unwind()
 .text$_ZN10__cxxabiv117__class_type_infoD0Ev
                0x6be6f5e0       0x30 C:/GNU/MINGW64/i686-8.1.0-win32-dwarf-rt_v6-rev0/mingw32/bin/../lib/gcc/i686-w64-mingw32/8.1.0\libstdc++.a(class_type_info.o)
                0x6be6f5e0                __cxxabiv1::__class_type_info::~__class_type_info()
 .text$_ZN10__cxxabiv117__class_type_infoD2Ev
                0x6be6f610       0x10 C:/GNU/MINGW64/i686-8.1.0-win32-dwarf-rt_v6-rev0/mingw32/bin/../lib/gcc/i686-w64-mingw32/8.1.0\libstdc++.a(class_type_info.o)
                0x6be6f610                __cxxabiv1::__class_type_info::~__class_type_info()
                0x6be6f610                __cxxabiv1::__class_type_info::~__class_type_info()
 .text$_ZN10__cxxabiv119__foreign_exceptionD0Ev
                0x6be6f620       0x20 C:/GNU/MINGW64/i686-8.1.0-win32-dwarf-rt_v6-rev0/mingw32/bin/../lib/gcc/i686-w64-mingw32/8.1.0\libstdc++.a(eh_exception.o)
                0x6be6f620                __cxxabiv1::__foreign_exception::~__foreign_exception()
 .text$_ZN10__cxxabiv119__foreign_exceptionD2Ev
                0x6be6f640       0x10 C:/GNU/MINGW64/i686-8.1.0-win32-dwarf-rt_v6-rev0/mingw32/bin/../lib/gcc/i686-w64-mingw32/8.1.0\libstdc++.a(eh_exception.o)
                0x6be6f640                __cxxabiv1::__foreign_exception::~__foreign_exception()
                0x6be6f640                __cxxabiv1::__foreign_exception::~__foreign_exception()
 .text$_ZN10__cxxabiv120__si_class_type_infoD0Ev
                0x6be6f650       0x30 C:/GNU/MINGW64/i686-8.1.0-win32-dwarf-rt_v6-rev0/mingw32/bin/../lib/gcc/i686-w64-mingw32/8.1.0\libstdc++.a(si_class_type_info.o)
                0x6be6f650                __cxxabiv1::__si_class_type_info::~__si_class_type_info()
 .text$_ZN10__cxxabiv120__si_class_type_infoD2Ev
                0x6be6f680       0x10 C:/GNU/MINGW64/i686-8.1.0-win32-dwarf-rt_v6-rev0/mingw32/bin/../lib/gcc/i686-w64-mingw32/8.1.0\libstdc++.a(si_class_type_info.o)
                0x6be6f680                __cxxabiv1::__si_class_type_info::~__si_class_type_info()
                0x6be6f680                __cxxabiv1::__si_class_type_info::~__si_class_type_info()
 .text$_ZN10__cxxabiv121__vmi_class_type_infoD0Ev
                0x6be6f690       0x30 C:/GNU/MINGW64/i686-8.1.0-win32-dwarf-rt_v6-rev0/mingw32/bin/../lib/gcc/i686-w64-mingw32/8.1.0\libstdc++.a(vmi_class_type_info.o)
                0x6be6f690                __cxxabiv1::__vmi_class_type_info::~__vmi_class_type_info()
 .text$_ZN10__cxxabiv121__vmi_class_type_infoD2Ev
                0x6be6f6c0       0x10 C:/GNU/MINGW64/i686-8.1.0-win32-dwarf-rt_v6-rev0/mingw32/bin/../lib/gcc/i686-w64-mingw32/8.1.0\libstdc++.a(vmi_class_type_info.o)
                0x6be6f6c0                __cxxabiv1::__vmi_class_type_info::~__vmi_class_type_info()
                0x6be6f6c0                __cxxabiv1::__vmi_class_type_info::~__vmi_class_type_info()
 .text$_ZN12_GLOBAL__N_14pool4freeEPv.constprop.2
                0x6be6f6d0      0x150 C:/GNU/MINGW64/i686-8.1.0-win32-dwarf-rt_v6-rev0/mingw32/bin/../lib/gcc/i686-w64-mingw32/8.1.0\libstdc++.a(eh_alloc.o)
 .text$_ZN12_GLOBAL__N_14pool8allocateEj.constprop.3
                0x6be6f820      0x120 C:/GNU/MINGW64/i686-8.1.0-win32-dwarf-rt_v6-rev0/mingw32/bin/../lib/gcc/i686-w64-mingw32/8.1.0\libstdc++.a(eh_alloc.o)
 .text$_ZN8Palmtree4Math4Core8Internal11ParserState22ParseAsHexNumberStringEv
                0x6be6f940       0x64 ../build/x86_Debug/pmc_parse.o
                0x6be6f940                Palmtree::Math::Core::Internal::ParserState::ParseAsHexNumberString()
 .text$_ZN8Palmtree4Math4Core8Internal11ParserState26ParseAsDecimalNumberStringEv
                0x6be6f9a4     0x17c8 ../build/x86_Debug/pmc_parse.o
                0x6be6f9a4                Palmtree::Math::Core::Internal::ParserState::ParseAsDecimalNumberString()
 .text$_ZN8Palmtree4Math4Core8Internal11ParserState32ParseAsIntegerPartNumberSequenceEv
                0x6be7116c      0x158 ../build/x86_Debug/pmc_parse.o
                0x6be7116c                Palmtree::Math::Core::Internal::ParserState::ParseAsIntegerPartNumberSequence()
 .text$_ZN8Palmtree4Math4Core8Internal11ParserState33ParseAsFractionPartNumberSequenceEv
                0x6be712c4       0xa8 ../build/x86_Debug/pmc_parse.o
                0x6be712c4                Palmtree::Math::Core::Internal::ParserState::ParseAsFractionPartNumberSequence()
 .text$_ZN8Palmtree4Math4Core8Internal11ParserStateC1EPKwjPKNS2_28__tag_PMC_NUMBER_FORMAT_INFOEPcPwjSA_j
                0x6be7136c      0x478 ../build/x86_Debug/pmc_parse.o
                0x6be7136c                Palmtree::Math::Core::Internal::ParserState::ParserState(wchar_t const*, unsigned int, Palmtree::Math::Core::Internal::__tag_PMC_NUMBER_FORMAT_INFO const*, char*, wchar_t*, unsigned int, wchar_t*, unsigned int)
 .text$_ZN8Palmtree4Math4Core8Internal11ParserStateD1Ev
                0x6be717e4        0xc ../build/x86_Debug/pmc_parse.o
                0x6be717e4                Palmtree::Math::Core::Internal::ParserState::~ParserState()
 .text$_ZN8Palmtree4Math4Core8Internal12StringReader10SkipStringEPKw
                0x6be717f0       0x94 ../build/x86_Debug/pmc_parse.o
                0x6be717f0                Palmtree::Math::Core::Internal::StringReader::SkipString(wchar_t const*)
 .text$_ZN8Palmtree4Math4Core8Internal12StringReader10StartsWithEPKw
                0x6be71884       0x24 ../build/x86_Debug/pmc_parse.o
                0x6be71884                Palmtree::Math::Core::Internal::StringReader::StartsWith(wchar_t const*)
 .text$_ZN8Palmtree4Math4Core8Internal12StringReader10StartsWithEPKwS5_
                0x6be718a8       0x38 ../build/x86_Debug/pmc_parse.o
                0x6be718a8                Palmtree::Math::Core::Internal::StringReader::StartsWith(wchar_t const*, wchar_t const*)
 .text$_ZN8Palmtree4Math4Core8Internal12StringReader8PeekCharEv
                0x6be718e0       0x14 ../build/x86_Debug/pmc_parse.o
                0x6be718e0                Palmtree::Math::Core::Internal::StringReader::PeekChar()
 .text$_ZN8Palmtree4Math4Core8Internal12StringReader8ProgressEv
                0x6be718f4       0x6c ../build/x86_Debug/pmc_parse.o
                0x6be718f4                Palmtree::Math::Core::Internal::StringReader::Progress()
 .text$_ZN8Palmtree4Math4Core8Internal12StringReader8ReadCharEv
                0x6be71960       0x34 ../build/x86_Debug/pmc_tostring.o
                0x6be71960                Palmtree::Math::Core::Internal::StringReader::ReadChar()
 .text$_ZN8Palmtree4Math4Core8Internal12StringReader8ReadCharEw
                0x6be71994       0x4c ../build/x86_Debug/pmc_tostring.o
                0x6be71994                Palmtree::Math::Core::Internal::StringReader::ReadChar(wchar_t)
 .text$_ZN8Palmtree4Math4Core8Internal12StringReader9SkipSpaceEv
                0x6be719e0       0x40 ../build/x86_Debug/pmc_parse.o
                0x6be719e0                Palmtree::Math::Core::Internal::StringReader::SkipSpace()
 .text$_ZN8Palmtree4Math4Core8Internal12StringReaderC1EPKw
                0x6be71a20       0x24 ../build/x86_Debug/pmc_parse.o
                0x6be71a20                Palmtree::Math::Core::Internal::StringReader::StringReader(wchar_t const*)
 .text$_ZN8Palmtree4Math4Core8Internal12StringReaderC2EPKw
                0x6be71a44       0x24 ../build/x86_Debug/pmc_tostring.o
                0x6be71a44                Palmtree::Math::Core::Internal::StringReader::StringReader(wchar_t const*)
 .text$_ZN8Palmtree4Math4Core8Internal12StringWriter5WriteEPKw
                0x6be71a68       0x3c ../build/x86_Debug/pmc_parse.o
                0x6be71a68                Palmtree::Math::Core::Internal::StringWriter::Write(wchar_t const*)
 .text$_ZN8Palmtree4Math4Core8Internal12StringWriter5WriteEw
                0x6be71aa4       0xa0 ../build/x86_Debug/pmc_parse.o
                0x6be71aa4                Palmtree::Math::Core::Internal::StringWriter::Write(wchar_t)
 .text$_ZN8Palmtree4Math4Core8Internal12StringWriter5WriteEwj
                0x6be71b44       0x3c ../build/x86_Debug/pmc_tostring.o
                0x6be71b44                Palmtree::Math::Core::Internal::StringWriter::Write(wchar_t, unsigned int)
 .text$_ZN8Palmtree4Math4Core8Internal12StringWriter9GetLengthEv
                0x6be71b80       0x14 ../build/x86_Debug/pmc_tostring.o
                0x6be71b80                Palmtree::Math::Core::Internal::StringWriter::GetLength()
 .text$_ZN8Palmtree4Math4Core8Internal12StringWriter9GetStringEv
                0x6be71b94       0x14 ../build/x86_Debug/pmc_parse.o
                0x6be71b94                Palmtree::Math::Core::Internal::StringWriter::GetString()
 .text$_ZN8Palmtree4Math4Core8Internal12StringWriterC1EPwS4_S4_
                0x6be71ba8       0x40 ../build/x86_Debug/pmc_parse.o
                0x6be71ba8                Palmtree::Math::Core::Internal::StringWriter::StringWriter(wchar_t*, wchar_t*, wchar_t*)
 .text$_ZN8Palmtree4Math4Core8Internal12StringWriterC1EPwj
                0x6be71be8       0x44 ../build/x86_Debug/pmc_parse.o
                0x6be71be8                Palmtree::Math::Core::Internal::StringWriter::StringWriter(wchar_t*, unsigned int)
 .text$_ZN8Palmtree4Math4Core8Internal12StringWriterC2EPwS4_S4_
                0x6be71c2c       0x40 ../build/x86_Debug/pmc_tostring.o
                0x6be71c2c                Palmtree::Math::Core::Internal::StringWriter::StringWriter(wchar_t*, wchar_t*, wchar_t*)
 .text$_ZN8Palmtree4Math4Core8Internal14ResourceHolder16__ChainBufferTag4LinkEPS4_
                0x6be71c6c       0x3c ../build/x86_Debug/pmc_memory.o
                0x6be71c6c                Palmtree::Math::Core::Internal::ResourceHolder::__ChainBufferTag::Link(Palmtree::Math::Core::Internal::ResourceHolder::__ChainBufferTag*)
 .text$_ZN8Palmtree4Math4Core8Internal14ResourceHolder16__ChainBufferTag4NextEv
                0x6be71ca8       0x14 ../build/x86_Debug/pmc_memory.o
                0x6be71ca8                Palmtree::Math::Core::Internal::ResourceHolder::__ChainBufferTag::Next()
 .text$_ZN8Palmtree4Math4Core8Internal14ResourceHolder16__ChainBufferTag5CheckEv
                0x6be71cbc        0xc ../build/x86_Debug/pmc_memory.o
                0x6be71cbc                Palmtree::Math::Core::Internal::ResourceHolder::__ChainBufferTag::Check()
 .text$_ZN8Palmtree4Math4Core8Internal14ResourceHolder16__ChainBufferTag5ClearEv
                0x6be71cc8        0xc ../build/x86_Debug/pmc_memory.o
                0x6be71cc8                Palmtree::Math::Core::Internal::ResourceHolder::__ChainBufferTag::Clear()
 .text$_ZN8Palmtree4Math4Core8Internal14ResourceHolder16__ChainBufferTag6UnlinkEv
                0x6be71cd4       0x48 ../build/x86_Debug/pmc_memory.o
                0x6be71cd4                Palmtree::Math::Core::Internal::ResourceHolder::__ChainBufferTag::Unlink()
 .text$_ZN8Palmtree4Math4Core8Internal14ResourceHolder16__ChainBufferTagC2Ev
                0x6be71d1c       0x28 ../build/x86_Debug/pmc_memory.o
                0x6be71d1c                Palmtree::Math::Core::Internal::ResourceHolder::__ChainBufferTag::__ChainBufferTag()
 .text$_ZN8Palmtree4Math4Core8Internal14ResourceHolder16__ChainBufferTagD2Ev
                0x6be71d44       0x20 ../build/x86_Debug/pmc_memory.o
                0x6be71d44                Palmtree::Math::Core::Internal::ResourceHolder::__ChainBufferTag::~__ChainBufferTag()
 .text$_ZN8Palmtree4Math4Core8Internal14ResourceHolder7FindTagEPv
                0x6be71d64       0x68 ../build/x86_Debug/pmc_memory.o
                0x6be71d64                Palmtree::Math::Core::Internal::ResourceHolder::FindTag(void*)
 .text$_ZN8Palmtree4Math4Core8Internal14ResourceHolder7LinkTagEPNS3_16__ChainBufferTagE
                0x6be71dcc       0x24 ../build/x86_Debug/pmc_memory.o
                0x6be71dcc                Palmtree::Math::Core::Internal::ResourceHolder::LinkTag(Palmtree::Math::Core::Internal::ResourceHolder::__ChainBufferTag*)
 .text$_ZN8Palmtree4Math4Core8Internal14ResourceHolder9__RootTag19EqualsBufferAddressEPv
                0x6be71df0       0x4c ../build/x86_Debug/pmc_memory.o
                0x6be71df0                Palmtree::Math::Core::Internal::ResourceHolder::__RootTag::EqualsBufferAddress(void*)
 .text$_ZN8Palmtree4Math4Core8Internal14ResourceHolder9__RootTag8DestructEv
                0x6be71e3c        0xc ../build/x86_Debug/pmc_memory.o
                0x6be71e3c                Palmtree::Math::Core::Internal::ResourceHolder::__RootTag::Destruct()
 .text$_ZN8Palmtree4Math4Core8Internal14ResourceHolder9__RootTagC1Ev
                0x6be71e48       0x20 ../build/x86_Debug/pmc_memory.o
                0x6be71e48                Palmtree::Math::Core::Internal::ResourceHolder::__RootTag::__RootTag()
 .text$_ZN8Palmtree4Math4Core8Internal14ResourceHolder9__RootTagD0Ev
                0x6be71e68       0x28 ../build/x86_Debug/pmc_memory.o
                0x6be71e68                Palmtree::Math::Core::Internal::ResourceHolder::__RootTag::~__RootTag()
 .text$_ZN8Palmtree4Math4Core8Internal14ResourceHolder9__RootTagD1Ev
                0x6be71e90       0x20 ../build/x86_Debug/pmc_memory.o
                0x6be71e90                Palmtree::Math::Core::Internal::ResourceHolder::__RootTag::~__RootTag()
 .text$_ZN8Palmtree4Math4Core8Internal14ResourceHolderC2Ev
                0x6be71eb0       0x24 ../build/x86_Debug/pmc_memory.o
                0x6be71eb0                Palmtree::Math::Core::Internal::ResourceHolder::ResourceHolder()
 .text$_ZN8Palmtree4Math4Core8Internal14ResourceHolderD0Ev
                0x6be71ed4       0x28 ../build/x86_Debug/pmc_memory.o
                0x6be71ed4                Palmtree::Math::Core::Internal::ResourceHolder::~ResourceHolder()
 .text$_ZN8Palmtree4Math4Core8Internal14ResourceHolderD1Ev
                0x6be71efc       0x9c ../build/x86_Debug/pmc_memory.o
                0x6be71efc                Palmtree::Math::Core::Internal::ResourceHolder::~ResourceHolder()
 .text$_ZN8Palmtree4Math4Core8Internal14ResourceHolderD2Ev
                0x6be71f98       0x9c ../build/x86_Debug/pmc_memory.o
                0x6be71f98                Palmtree::Math::Core::Internal::ResourceHolder::~ResourceHolder()
 .text$_ZN8Palmtree4Math4Core8Internal15FormatExceptionC1EPKw
                0x6be72034       0x34 ../build/x86_Debug/pmc_bytes.o
                0x6be72034                Palmtree::Math::Core::Internal::FormatException::FormatException(wchar_t const*)
 .text$_ZN8Palmtree4Math4Core8Internal15FormatExceptionD0Ev
                0x6be72068       0x28 ../build/x86_Debug/pmc_bytes.o
                0x6be72068                Palmtree::Math::Core::Internal::FormatException::~FormatException()
 .text$_ZN8Palmtree4Math4Core8Internal15FormatExceptionD1Ev
                0x6be72090       0x20 ../build/x86_Debug/pmc_bytes.o
                0x6be72090                Palmtree::Math::Core::Internal::FormatException::~FormatException()
 .text$_ZN8Palmtree4Math4Core8Internal16DecimalFromatter14FormatterTypeC11WritePrefixEcPNS2_12StringWriterE
                0x6be720b0      0x3a4 ../build/x86_Debug/pmc_tostring.o
                0x6be720b0                Palmtree::Math::Core::Internal::DecimalFromatter::FormatterTypeC::WritePrefix(char, Palmtree::Math::Core::Internal::StringWriter*)
 .text$_ZN8Palmtree4Math4Core8Internal16DecimalFromatter14FormatterTypeC11WriteSuffixEcPNS2_12StringWriterE
                0x6be72454      0x3a4 ../build/x86_Debug/pmc_tostring.o
                0x6be72454                Palmtree::Math::Core::Internal::DecimalFromatter::FormatterTypeC::WriteSuffix(char, Palmtree::Math::Core::Internal::StringWriter*)
 .text$_ZN8Palmtree4Math4Core8Internal16DecimalFromatter14FormatterTypeC14WriteZeroValueEPNS2_12StringWriterE
                0x6be727f8       0x68 ../build/x86_Debug/pmc_tostring.o
                0x6be727f8                Palmtree::Math::Core::Internal::DecimalFromatter::FormatterTypeC::WriteZeroValue(Palmtree::Math::Core::Internal::StringWriter*)
 .text$_ZN8Palmtree4Math4Core8Internal16DecimalFromatter14FormatterTypeC20FormatNumberSequenceEPKwPNS2_12StringWriterE
                0x6be72860      0x174 ../build/x86_Debug/pmc_tostring.o
                0x6be72860                Palmtree::Math::Core::Internal::DecimalFromatter::FormatterTypeC::FormatNumberSequence(wchar_t const*, Palmtree::Math::Core::Internal::StringWriter*)
 .text$_ZN8Palmtree4Math4Core8Internal16DecimalFromatter14FormatterTypeC24GetDefaultPrecisionValueEv
                0x6be729d4       0x14 ../build/x86_Debug/pmc_tostring.o
                0x6be729d4                Palmtree::Math::Core::Internal::DecimalFromatter::FormatterTypeC::GetDefaultPrecisionValue()
 .text$_ZN8Palmtree4Math4Core8Internal16DecimalFromatter14FormatterTypeCC1EiPKNS2_28__tag_PMC_NUMBER_FORMAT_INFOE
                0x6be729e8       0x3c ../build/x86_Debug/pmc_tostring.o
                0x6be729e8                Palmtree::Math::Core::Internal::DecimalFromatter::FormatterTypeC::FormatterTypeC(int, Palmtree::Math::Core::Internal::__tag_PMC_NUMBER_FORMAT_INFO const*)
 .text$_ZN8Palmtree4Math4Core8Internal16DecimalFromatter14FormatterTypeD11WritePrefixEcPNS2_12StringWriterE
                0x6be72a24       0x40 ../build/x86_Debug/pmc_tostring.o
                0x6be72a24                Palmtree::Math::Core::Internal::DecimalFromatter::FormatterTypeD::WritePrefix(char, Palmtree::Math::Core::Internal::StringWriter*)
 .text$_ZN8Palmtree4Math4Core8Internal16DecimalFromatter14FormatterTypeD11WriteSuffixEcPNS2_12StringWriterE
                0x6be72a64       0x14 ../build/x86_Debug/pmc_tostring.o
                0x6be72a64                Palmtree::Math::Core::Internal::DecimalFromatter::FormatterTypeD::WriteSuffix(char, Palmtree::Math::Core::Internal::StringWriter*)
 .text$_ZN8Palmtree4Math4Core8Internal16DecimalFromatter14FormatterTypeD14WriteZeroValueEPNS2_12StringWriterE
                0x6be72a78       0x34 ../build/x86_Debug/pmc_tostring.o
                0x6be72a78                Palmtree::Math::Core::Internal::DecimalFromatter::FormatterTypeD::WriteZeroValue(Palmtree::Math::Core::Internal::StringWriter*)
 .text$_ZN8Palmtree4Math4Core8Internal16DecimalFromatter14FormatterTypeD20FormatNumberSequenceEPKwPNS2_12StringWriterE
                0x6be72aac       0x84 ../build/x86_Debug/pmc_tostring.o
                0x6be72aac                Palmtree::Math::Core::Internal::DecimalFromatter::FormatterTypeD::FormatNumberSequence(wchar_t const*, Palmtree::Math::Core::Internal::StringWriter*)
 .text$_ZN8Palmtree4Math4Core8Internal16DecimalFromatter14FormatterTypeD24GetDefaultPrecisionValueEv
                0x6be72b30       0x10 ../build/x86_Debug/pmc_tostring.o
                0x6be72b30                Palmtree::Math::Core::Internal::DecimalFromatter::FormatterTypeD::GetDefaultPrecisionValue()
 .text$_ZN8Palmtree4Math4Core8Internal16DecimalFromatter14FormatterTypeDC1EiPKNS2_28__tag_PMC_NUMBER_FORMAT_INFOE
                0x6be72b40       0x3c ../build/x86_Debug/pmc_tostring.o
                0x6be72b40                Palmtree::Math::Core::Internal::DecimalFromatter::FormatterTypeD::FormatterTypeD(int, Palmtree::Math::Core::Internal::__tag_PMC_NUMBER_FORMAT_INFO const*)
 .text$_ZN8Palmtree4Math4Core8Internal16DecimalFromatter14FormatterTypeE11WritePrefixEcPNS2_12StringWriterE
                0x6be72b7c       0x40 ../build/x86_Debug/pmc_tostring.o
                0x6be72b7c                Palmtree::Math::Core::Internal::DecimalFromatter::FormatterTypeE::WritePrefix(char, Palmtree::Math::Core::Internal::StringWriter*)
 .text$_ZN8Palmtree4Math4Core8Internal16DecimalFromatter14FormatterTypeE11WriteSuffixEcPNS2_12StringWriterE
                0x6be72bbc       0x14 ../build/x86_Debug/pmc_tostring.o
                0x6be72bbc                Palmtree::Math::Core::Internal::DecimalFromatter::FormatterTypeE::WriteSuffix(char, Palmtree::Math::Core::Internal::StringWriter*)
 .text$_ZN8Palmtree4Math4Core8Internal16DecimalFromatter14FormatterTypeE14WriteZeroValueEPNS2_12StringWriterE
                0x6be72bd0       0xa0 ../build/x86_Debug/pmc_tostring.o
                0x6be72bd0                Palmtree::Math::Core::Internal::DecimalFromatter::FormatterTypeE::WriteZeroValue(Palmtree::Math::Core::Internal::StringWriter*)
 .text$_ZN8Palmtree4Math4Core8Internal16DecimalFromatter14FormatterTypeE16FormatInternallyEPNS2_19__tag_NUMBER_HEADEREPNS2_12StringWriterE
                0x6be72c70      0x118 ../build/x86_Debug/pmc_tostring.o
                0x6be72c70                Palmtree::Math::Core::Internal::DecimalFromatter::FormatterTypeE::FormatInternally(Palmtree::Math::Core::Internal::__tag_NUMBER_HEADER*, Palmtree::Math::Core::Internal::StringWriter*)
 .text$_ZN8Palmtree4Math4Core8Internal16DecimalFromatter14FormatterTypeE20FormatNumberSequenceEPKwPNS2_12StringWriterE
                0x6be72d88      0x148 ../build/x86_Debug/pmc_tostring.o
                0x6be72d88                Palmtree::Math::Core::Internal::DecimalFromatter::FormatterTypeE::FormatNumberSequence(wchar_t const*, Palmtree::Math::Core::Internal::StringWriter*)