Archive member included to satisfy reference by file (symbol)

C:/GNU/MINGW64/i686-8.1.0-win32-dwarf-rt_v6-rev0/mingw32/bin/../lib/gcc/i686-w64-mingw32/8.1.0/../../../../i686-w64-mingw32/lib/../lib/libkernel32.a(dgzcs01342.o)
                              ../build/x86_Debug/pmc_parse.o (_imp__lstrlenW@4)
C:/GNU/MINGW64/i686-8.1.0-win32-dwarf-rt_v6-rev0/mingw32/bin/../lib/gcc/i686-w64-mingw32/8.1.0/../../../../i686-w64-mingw32/lib/../lib/libkernel32.a(dgzcs01336.o)
                              ../build/x86_Debug/pmc_parse.o (_imp__lstrcpyW@8)
C:/GNU/MINGW64/i686-8.1.0-win32-dwarf-rt_v6-rev0/mingw32/bin/../lib/gcc/i686-w64-mingw32/8.1.0/../../../../i686-w64-mingw32/lib/../lib/libkernel32.a(dgzcs01330.o)
                              ../build/x86_Debug/TEST_op_ToStringD.o (_imp__lstrcmpW@8)
C:/GNU/MINGW64/i686-8.1.0-win32-dwarf-rt_v6-rev0/mingw32/bin/../lib/gcc/i686-w64-mingw32/8.1.0/../../../../i686-w64-mingw32/lib/../lib/libkernel32.a(dgzcs00729.o)
                              ../build/x86_Debug/pmc_memory.o (_imp__HeapFree@12)
C:/GNU/MINGW64/i686-8.1.0-win32-dwarf-rt_v6-rev0/mingw32/bin/../lib/gcc/i686-w64-mingw32/8.1.0/../../../../i686-w64-mingw32/lib/../lib/libkernel32.a(dgzcs00727.o)
                              ../build/x86_Debug/pmc_memory.o (_imp__HeapDestroy@4)
C:/GNU/MINGW64/i686-8.1.0-win32-dwarf-rt_v6-rev0/mingw32/bin/../lib/gcc/i686-w64-mingw32/8.1.0/../../../../i686-w64-mingw32/lib/../lib/libkernel32.a(dgzcs00725.o)
                              ../build/x86_Debug/pmc_memory.o (_imp__HeapCreate@12)
C:/GNU/MINGW64/i686-8.1.0-win32-dwarf-rt_v6-rev0/mingw32/bin/../lib/gcc/i686-w64-mingw32/8.1.0/../../../../i686-w64-mingw32/lib/../lib/libkernel32.a(dgzcs00723.o)
                              ../build/x86_Debug/pmc_memory.o (_imp__HeapAlloc@12)
C:/GNU/MINGW64/i686-8.1.0-win32-dwarf-rt_v6-rev0/mingw32/bin/../lib/gcc/i686-w64-mingw32/8.1.0/../../../../i686-w64-mingw32/lib/../lib/libkernel32.a(dgzcs00666.o)
                              ../build/x86_Debug/pmc_memory.o (_imp__GetTickCount@0)
C:/GNU/MINGW64/i686-8.1.0-win32-dwarf-rt_v6-rev0/mingw32/bin/../lib/gcc/i686-w64-mingw32/8.1.0/../../../../i686-w64-mingw32/lib/../lib/libkernel32.a(dgzch.o)
                              C:/GNU/MINGW64/i686-8.1.0-win32-dwarf-rt_v6-rev0/mingw32/bin/../lib/gcc/i686-w64-mingw32/8.1.0/../../../../i686-w64-mingw32/lib/../lib/libkernel32.a(dgzcs01342.o) (_head_lib32_libkernel32_a)
C:/GNU/MINGW64/i686-8.1.0-win32-dwarf-rt_v6-rev0/mingw32/bin/../lib/gcc/i686-w64-mingw32/8.1.0/../../../../i686-w64-mingw32/lib/../lib/libkernel32.a(dgzct.o)
                              C:/GNU/MINGW64/i686-8.1.0-win32-dwarf-rt_v6-rev0/mingw32/bin/../lib/gcc/i686-w64-mingw32/8.1.0/../../../../i686-w64-mingw32/lib/../lib/libkernel32.a(dgzch.o) (_lib32_libkernel32_a_iname)
C:/GNU/MINGW64/i686-8.1.0-win32-dwarf-rt_v6-rev0/mingw32/bin/../lib/gcc/i686-w64-mingw32/8.1.0/../../../../i686-w64-mingw32/lib/../lib/libuser32.a(dmces00912.o)
                              ../build/x86_Debug/debug.o (_imp__wsprintfW)
C:/GNU/MINGW64/i686-8.1.0-win32-dwarf-rt_v6-rev0/mingw32/bin/../lib/gcc/i686-w64-mingw32/8.1.0/../../../../i686-w64-mingw32/lib/../lib/libuser32.a(dmceh.o)
                              C:/GNU/MINGW64/i686-8.1.0-win32-dwarf-rt_v6-rev0/mingw32/bin/../lib/gcc/i686-w64-mingw32/8.1.0/../../../../i686-w64-mingw32/lib/../lib/libuser32.a(dmces00912.o) (_head_lib32_libuser32_a)
C:/GNU/MINGW64/i686-8.1.0-win32-dwarf-rt_v6-rev0/mingw32/bin/../lib/gcc/i686-w64-mingw32/8.1.0/../../../../i686-w64-mingw32/lib/../lib/libuser32.a(dmcet.o)
                              C:/GNU/MINGW64/i686-8.1.0-win32-dwarf-rt_v6-rev0/mingw32/bin/../lib/gcc/i686-w64-mingw32/8.1.0/../../../../i686-w64-mingw32/lib/../lib/libuser32.a(dmceh.o) (_lib32_libuser32_a_iname)

Allocating common symbols
Common symbol       size              file

number_zero         0x28              ../build/x86_Debug/pmc_memory.o
number_one          0x28              ../build/x86_Debug/pmc_memory.o
statistics_info     0x10              ../build/x86_Debug/pmc_statistics.o
hLocalHeap          0x4               ../build/x86_Debug/pmc_memory.o
configuration_info  0x4               ../build/x86_Debug/pmc_initialize.o

Discarded input sections

 .drectve       0x00000000       0x14 ../build/x86_Debug/debug.o
 .drectve       0x00000000       0x24 ../build/x86_Debug/pmc_initialize.o
 .drectve       0x00000000       0x54 ../build/x86_Debug/pmc_memory.o
 .drectve       0x00000000       0x20 ../build/x86_Debug/pmc_statistics.o
 .text          0x00000000        0x8 C:/GNU/MINGW64/i686-8.1.0-win32-dwarf-rt_v6-rev0/mingw32/bin/../lib/gcc/i686-w64-mingw32/8.1.0/../../../../i686-w64-mingw32/lib/../lib/libkernel32.a(dgzcs01342.o)
 .text          0x00000000        0x8 C:/GNU/MINGW64/i686-8.1.0-win32-dwarf-rt_v6-rev0/mingw32/bin/../lib/gcc/i686-w64-mingw32/8.1.0/../../../../i686-w64-mingw32/lib/../lib/libkernel32.a(dgzcs01336.o)
 .text          0x00000000        0x8 C:/GNU/MINGW64/i686-8.1.0-win32-dwarf-rt_v6-rev0/mingw32/bin/../lib/gcc/i686-w64-mingw32/8.1.0/../../../../i686-w64-mingw32/lib/../lib/libkernel32.a(dgzcs01330.o)
 .text          0x00000000        0x8 C:/GNU/MINGW64/i686-8.1.0-win32-dwarf-rt_v6-rev0/mingw32/bin/../lib/gcc/i686-w64-mingw32/8.1.0/../../../../i686-w64-mingw32/lib/../lib/libkernel32.a(dgzcs00729.o)
 .text          0x00000000        0x8 C:/GNU/MINGW64/i686-8.1.0-win32-dwarf-rt_v6-rev0/mingw32/bin/../lib/gcc/i686-w64-mingw32/8.1.0/../../../../i686-w64-mingw32/lib/../lib/libkernel32.a(dgzcs00727.o)
 .text          0x00000000        0x8 C:/GNU/MINGW64/i686-8.1.0-win32-dwarf-rt_v6-rev0/mingw32/bin/../lib/gcc/i686-w64-mingw32/8.1.0/../../../../i686-w64-mingw32/lib/../lib/libkernel32.a(dgzcs00725.o)
 .text          0x00000000        0x8 C:/GNU/MINGW64/i686-8.1.0-win32-dwarf-rt_v6-rev0/mingw32/bin/../lib/gcc/i686-w64-mingw32/8.1.0/../../../../i686-w64-mingw32/lib/../lib/libkernel32.a(dgzcs00723.o)
 .text          0x00000000        0x8 C:/GNU/MINGW64/i686-8.1.0-win32-dwarf-rt_v6-rev0/mingw32/bin/../lib/gcc/i686-w64-mingw32/8.1.0/../../../../i686-w64-mingw32/lib/../lib/libkernel32.a(dgzcs00666.o)
 .text          0x00000000        0x8 C:/GNU/MINGW64/i686-8.1.0-win32-dwarf-rt_v6-rev0/mingw32/bin/../lib/gcc/i686-w64-mingw32/8.1.0/../../../../i686-w64-mingw32/lib/../lib/libuser32.a(dmces00912.o)

Memory Configuration

Name             Origin             Length             Attributes
*default*        0x00000000         0xffffffff

Linker script and memory map

                0x6c640000                __image_base__ = 0x6c640000
                0x00000000                __dll__ = 0x0
                0x6c640000                ___ImageBase = 0x6c640000
                0x00001000                __section_alignment__ = 0x1000
                0x00000200                __file_alignment__ = 0x200
                0x00000004                __major_os_version__ = 0x4
                0x00000000                __minor_os_version__ = 0x0
                0x00000001                __major_image_version__ = 0x1
                0x00000000                __minor_image_version__ = 0x0
                0x00000004                __major_subsystem_version__ = 0x4
                0x00000000                __minor_subsystem_version__ = 0x0
                0x00000002                __subsystem__ = 0x2
                0x00200000                __size_of_stack_reserve__ = 0x200000
                0x00001000                __size_of_stack_commit__ = 0x1000
                0x00100000                __size_of_heap_reserve__ = 0x100000
                0x00001000                __size_of_heap_commit__ = 0x1000
                0x00000000                __loader_flags__ = 0x0
                0x00000000                __dll_characteristics__ = 0x0
LOAD ../build/x86_Debug/cpuid.o
LOAD ../build/x86_Debug/debug.o
LOAD ../build/x86_Debug/dllmain.o
LOAD ../build/x86_Debug/INTERNALTEST_op_DivRem.o
LOAD ../build/x86_Debug/INTERNALTEST_op_Multiply.o
LOAD ../build/x86_Debug/pmc_add.o
LOAD ../build/x86_Debug/pmc_bitwiseand.o
LOAD ../build/x86_Debug/pmc_bitwiseor.o
LOAD ../build/x86_Debug/pmc_bytes.o
LOAD ../build/x86_Debug/pmc_clone.o
LOAD ../build/x86_Debug/pmc_compare.o
LOAD ../build/x86_Debug/pmc_divrem.o
LOAD ../build/x86_Debug/pmc_equals.o
LOAD ../build/x86_Debug/pmc_exclusiveor.o
LOAD ../build/x86_Debug/pmc_from.o
LOAD ../build/x86_Debug/pmc_greatestcommondivisor.o
LOAD ../build/x86_Debug/pmc_initialize.o
LOAD ../build/x86_Debug/pmc_memory.o
LOAD ../build/x86_Debug/pmc_modpow.o
LOAD ../build/x86_Debug/pmc_multiply.o
LOAD ../build/x86_Debug/pmc_parse.o
LOAD ../build/x86_Debug/pmc_pow.o
LOAD ../build/x86_Debug/pmc_shift.o
LOAD ../build/x86_Debug/pmc_statistics.o
LOAD ../build/x86_Debug/pmc_subtruct.o
LOAD ../build/x86_Debug/pmc_to.o
LOAD ../build/x86_Debug/pmc_tostring.o
LOAD ../build/x86_Debug/TEST_autogenerated.o
LOAD ../build/x86_Debug/TEST_op_Add.o
LOAD ../build/x86_Debug/TEST_op_BitwiseAnd.o
LOAD ../build/x86_Debug/TEST_op_BitwiseOr.o
LOAD ../build/x86_Debug/TEST_op_Clone.o
LOAD ../build/x86_Debug/TEST_op_Compare.o
LOAD ../build/x86_Debug/TEST_op_DivRem.o
LOAD ../build/x86_Debug/TEST_op_Equals.o
LOAD ../build/x86_Debug/TEST_op_ExclusiveOr.o
LOAD ../build/x86_Debug/TEST_op_From_To.o
LOAD ../build/x86_Debug/TEST_op_GreatestCommonDivisor.o
LOAD ../build/x86_Debug/TEST_op_ModPow.o
LOAD ../build/x86_Debug/TEST_op_Multiply.o
LOAD ../build/x86_Debug/TEST_op_ParseDN.o
LOAD ../build/x86_Debug/TEST_op_ParseX.o
LOAD ../build/x86_Debug/TEST_op_Pow.o
LOAD ../build/x86_Debug/TEST_op_Remainder.o
LOAD ../build/x86_Debug/TEST_op_Shift.o
LOAD ../build/x86_Debug/TEST_op_Subtruct.o
LOAD ../build/x86_Debug/TEST_op_ToStringD.o
LOAD ../build/x86_Debug/TEST_op_ToStringN.o
LOAD ../build/x86_Debug/TEST_op_ToStringX.o
LOAD ../build/x86_Debug/version.o
LOAD ../Palmtree.Math.Core.Uint.def
LOAD C:/GNU/MINGW64/i686-8.1.0-win32-dwarf-rt_v6-rev0/mingw32/bin/../lib/gcc/i686-w64-mingw32/8.1.0/../../../../i686-w64-mingw32/lib/../lib/libkernel32.a
LOAD C:/GNU/MINGW64/i686-8.1.0-win32-dwarf-rt_v6-rev0/mingw32/bin/../lib/gcc/i686-w64-mingw32/8.1.0/../../../../i686-w64-mingw32/lib/../lib/libuser32.a
                0x000003d0                . = SIZEOF_HEADERS
                0x00001000                . = ALIGN (__section_alignment__)

.text           0x6c641000   0x44c200
 *(.init)
 *(.text)
 .text          0x6c641000      0x2e4 ../build/x86_Debug/cpuid.o
                0x6c641123                GetCPUInfo
 .text          0x6c6412e4      0x338 ../build/x86_Debug/debug.o
                0x6c6413d2                DoDebug
                0x6c6413d2                DoDebug@4
                0x6c6414cc                TEST_Assert
                0x6c641528                FormatTestLabel
                0x6c641558                FormatTestMesssage
                0x6c641581                DumpBinary_UNIT
 .text          0x6c64161c       0x58 ../build/x86_Debug/dllmain.o
                0x6c64161c                DllMain@12
 .text          0x6c641674      0x444 ../build/x86_Debug/INTERNALTEST_op_DivRem.o
                0x6c6416fc                INTERNALTEST_DivRem_X_X
 .text          0x6c641ab8      0x2c4 ../build/x86_Debug/INTERNALTEST_op_Multiply.o
                0x6c641b58                INTERNALTEST_Multiply_X_X_Imp
 .text          0x6c641d7c     0x16e0 ../build/x86_Debug/pmc_add.o
                0x6c642d30                PMC_Add_I_X@12
                0x6c642db4                PMC_Add_X_I@12
                0x6c6430ee                PMC_Add_L_X@16
                0x6c643185                PMC_Add_X_L@16
                0x6c64321c                PMC_Add_X_X@12
                0x6c643431                Initialize_Add
 .text          0x6c64345c      0xc68 ../build/x86_Debug/pmc_bitwiseand.o
                0x6c643bc8                PMC_BitwiseAnd_I_X@12
                0x6c643c4b                PMC_BitwiseAnd_X_I@12
                0x6c643cce                PMC_BitwiseAnd_L_X@16
                0x6c643de7                PMC_BitwiseAnd_X_L@16
                0x6c643f00                PMC_BitwiseAnd_X_X@12
                0x6c6440be                Initialize_BitwiseAnd
 .text          0x6c6440c4     0x1058 ../build/x86_Debug/pmc_bitwiseor.o
                0x6c644a95                PMC_BitwiseOr_I_X@12
                0x6c644b19                PMC_BitwiseOr_X_I@12
                0x6c644df9                PMC_BitwiseOr_L_X@16
                0x6c644e90                PMC_BitwiseOr_X_L@16
                0x6c644f27                PMC_BitwiseOr_X_X@12
                0x6c645113                Initialize_BitwiseOr
 .text          0x6c64511c      0x5e0 ../build/x86_Debug/pmc_bytes.o
                0x6c645201                PMC_FromByteArrayForSINT@16
                0x6c64538a                PMC_FromByteArray@12
                0x6c6454e0                PMC_ToByteArrayForSINT@20
                0x6c645628                PMC_ToByteArray@16
 .text          0x6c6456fc       0xac ../build/x86_Debug/pmc_clone.o
                0x6c6456fc                PMC_Clone_X@8
                0x6c6457a0                Initialize_Clone
 .text          0x6c6457a8      0x70c ../build/x86_Debug/pmc_compare.o
                0x6c6457fd                Compare_Imp
                0x6c64591f                PMC_Compare_I_X@12
                0x6c6459aa                PMC_Compare_X_I@12
                0x6c645c26                PMC_Compare_L_X@16
                0x6c645cc4                PMC_Compare_X_L@16
                0x6c645d5e                PMC_Compare_X_X@12
                0x6c645eab                Initialize_Compare
 .text          0x6c645eb4     0x5f38 ../build/x86_Debug/pmc_divrem.o
                0x6c646908                DivRem_X_X
                0x6c646a4a                Rem_X_1W
                0x6c6474f2                DivRem_X_1W
                0x6c64a801                PMC_DivRem_I_X@16
                0x6c64a93a                PMC_DivRem_X_I@16
                0x6c64aba0                PMC_DivRem_L_X@20
                0x6c64b02f                PMC_DivRem_X_L@20
                0x6c64b667                PMC_DivRem_X_X@16
                0x6c64bdb5                Initialize_DivRem
 .text          0x6c64bdec      0x528 ../build/x86_Debug/pmc_equals.o
                0x6c64bfec                PMC_Equals_I_X@12
                0x6c64c061                PMC_Equals_X_I@12
                0x6c64c0d6                PMC_Equals_L_X@16
                0x6c64c15e                PMC_Equals_X_L@16
                0x6c64c1e6                PMC_Equals_X_X@12
                0x6c64c30b                Initialize_Equals
 .text          0x6c64c314     0x10dc ../build/x86_Debug/pmc_exclusiveor.o
                0x6c64cd0d                PMC_ExclusiveOr_I_X@12
                0x6c64cd97                PMC_ExclusiveOr_X_I@12
                0x6c64d0a5                PMC_ExclusiveOr_L_X@16
                0x6c64d142                PMC_ExclusiveOr_X_L@16
                0x6c64d1df                PMC_ExclusiveOr_X_X@12
                0x6c64d3ea                Initialize_ExclusiveOr
 .text          0x6c64d3f0      0x288 ../build/x86_Debug/pmc_from.o
                0x6c64d445                From_I_Imp
                0x6c64d4a5                From_L_Imp
                0x6c64d589                PMC_From_I@8
                0x6c64d5ec                PMC_From_L@12
                0x6c64d672                Initialize_From
 .text          0x6c64d678     0x1270 ../build/x86_Debug/pmc_greatestcommondivisor.o
                0x6c64dbd2                PMC_GreatestCommonDivisor_I_X@12
                0x6c64dc56                PMC_GreatestCommonDivisor_X_I@12
                0x6c64e39f                PMC_GreatestCommonDivisor_L_X@16
                0x6c64e436                PMC_GreatestCommonDivisor_X_L@16
                0x6c64e4cd                PMC_GreatestCommonDivisor_X_X@12
                0x6c64e8e1                Initialize_GreatestCommonDivisor
 .text          0x6c64e8e8      0x69c ../build/x86_Debug/pmc_initialize.o
                0x6c64e9fe                PMC_UINT_Initialize@4
                0x6c64e9fe                PMC_UINT_Initialize
 .text          0x6c64ef84     0x14b4 ../build/x86_Debug/pmc_memory.o
                0x6c64f953                AllocateBlock
                0x6c64fa42                DeallocateBlock
                0x6c64fb50                CheckBlockLight
                0x6c64fda8                AttatchNumber
                0x6c64fdea                AllocateNumber
                0x6c64fe65                DetatchNumber
                0x6c64fe8f                DeallocateNumber
                0x6c64ffa2                CommitNumber
                0x6c650156                CheckNumber
                0x6c6501da                DuplicateNumber
                0x6c650299                PMC_GetConstantValue_I@8
                0x6c6502d3                PMC_Dispose@4
                0x6c650306                Initialize_Memory
                0x6c6503c7                AllocateHeapArea
                0x6c65040a                DeallocateHeapArea
 .text          0x6c650438      0xe68 ../build/x86_Debug/pmc_modpow.o
                0x6c6511b3                PMC_ModPow_X_X_X@16
                0x6c651299                Initialize_ModPow
 .text          0x6c6512a0     0x2364 ../build/x86_Debug/pmc_multiply.o
                0x6c651406                Multiply_X_X_Imp
                0x6c652ec3                PMC_Multiply_I_X@12
                0x6c652f47                PMC_Multiply_X_I@12
                0x6c653258                PMC_Multiply_L_X@16
                0x6c6532ef                PMC_Multiply_X_L@16
                0x6c653386                PMC_Multiply_X_X@12
                0x6c6535a2                Initialize_Multiply
 .text          0x6c653604     0x2e38 ../build/x86_Debug/pmc_parse.o
                0x6c65626a                PMC_TryParse@16
                0x6c6562f7                PMC_TryParseForSINT@20
                0x6c656377                Initialize_Parse
 .text          0x6c65643c      0x4f8 ../build/x86_Debug/pmc_pow.o
                0x6c6568a8                PMC_Pow_X_I@12
                0x6c65692c                Initialize_Pow
 .text          0x6c656934     0x3aec ../build/x86_Debug/pmc_shift.o
                0x6c656a3c                RightShift_Imp
                0x6c6577ff                RightShift_Imp_DIV
                0x6c6585c2                LeftShift_Imp
                0x6c659382                LeftShift_Imp_DIV
                0x6c65a142                PMC_RightShift_X_I@12
                0x6c65a2b8                PMC_LeftShift_X_I@12
                0x6c65a41a                Initialize_Shift
 .text          0x6c65a420       0x38 ../build/x86_Debug/pmc_statistics.o
                0x6c65a420                PMC_GetStatisticsInfo@4
 .text          0x6c65a458     0x11dc ../build/x86_Debug/pmc_subtruct.o
                0x6c65aa24                Subtruct_Imp
                0x6c65abd8                PMC_Subtruct_I_X@12
                0x6c65acd8                PMC_Subtruct_X_I@12
                0x6c65aeb4                PMC_Subtruct_L_X@16
                0x6c65b103                PMC_Subtruct_X_L@16
                0x6c65b42c                PMC_Subtruct_X_X@12
                0x6c65b62c                Initialize_Subtruct
 .text          0x6c65b634      0x174 ../build/x86_Debug/pmc_to.o
                0x6c65b671                PMC_To_X_I@8
                0x6c65b6d6                PMC_To_X_L@8
                0x6c65b7a0                Initialize_To
 .text          0x6c65b7a8     0x1658 ../build/x86_Debug/pmc_tostring.o
                0x6c65cbf6                PMC_ToString@24
                0x6c65cd6b                Initialize_ToString
 .text          0x6c65ce00   0x427354 ../build/x86_Debug/TEST_autogenerated.o
                0x6c65ce00                TEST_autogenerated
 .text          0x6ca84154      0xb48 ../build/x86_Debug/TEST_op_Add.o
                0x6ca84196                TEST_PMC_Add_I_X
                0x6ca843a2                TEST_PMC_Add_L_X
                0x6ca845cd                TEST_PMC_Add_X_I
                0x6ca847d9                TEST_PMC_Add_X_L
                0x6ca84a04                TEST_PMC_Add_X_X
 .text          0x6ca84c9c      0x8a0 ../build/x86_Debug/TEST_op_BitwiseAnd.o
                0x6ca84cde                TEST_PMC_BitwiseAnd_I_X
                0x6ca84e30                TEST_PMC_BitwiseAnd_L_X
                0x6ca84fbf                TEST_PMC_BitwiseAnd_X_I
                0x6ca85111                TEST_PMC_BitwiseAnd_X_L
                0x6ca852a0                TEST_PMC_BitwiseAnd_X_X
 .text          0x6ca8553c      0xb58 ../build/x86_Debug/TEST_op_BitwiseOr.o
                0x6ca8557e                TEST_PMC_BitwiseOr_I_X
                0x6ca8578d                TEST_PMC_BitwiseOr_L_X
                0x6ca859bb                TEST_PMC_BitwiseOr_X_I
                0x6ca85bca                TEST_PMC_BitwiseOr_X_L
                0x6ca85df8                TEST_PMC_BitwiseOr_X_X
 .text          0x6ca86094      0x248 ../build/x86_Debug/TEST_op_Clone.o
                0x6ca860d6                TEST_PMC_Clone_X
 .text          0x6ca862dc      0x74c ../build/x86_Debug/TEST_op_Compare.o
                0x6ca862dc                TEST_PMC_Compare_I_X
                0x6ca8642e                TEST_PMC_Compare_L_X
                0x6ca86593                TEST_PMC_Compare_X_I
                0x6ca866e5                TEST_PMC_Compare_X_L
                0x6ca8684a                TEST_PMC_Compare_X_X
 .text          0x6ca86a28      0xcd0 ../build/x86_Debug/TEST_op_DivRem.o
                0x6ca86a6a                TEST_PMC_DivRem_I_X
                0x6ca86c0e                TEST_PMC_DivRem_L_X
                0x6ca86e17                TEST_PMC_DivRem_X_I
                0x6ca8707e                TEST_PMC_DivRem_X_L
                0x6ca87353                TEST_PMC_DivRem_X_X
 .text          0x6ca876f8      0x74c ../build/x86_Debug/TEST_op_Equals.o
                0x6ca876f8                TEST_PMC_Equals_I_X
                0x6ca8784a                TEST_PMC_Equals_L_X
                0x6ca879af                TEST_PMC_Equals_X_I
                0x6ca87b01                TEST_PMC_Equals_X_L
                0x6ca87c66                TEST_PMC_Equals_X_X
 .text          0x6ca87e44      0xb58 ../build/x86_Debug/TEST_op_ExclusiveOr.o
                0x6ca87e86                TEST_PMC_ExclusiveOr_I_X
                0x6ca88095                TEST_PMC_ExclusiveOr_L_X
                0x6ca882c3                TEST_PMC_ExclusiveOr_X_I
                0x6ca884d2                TEST_PMC_ExclusiveOr_X_L
                0x6ca88700                TEST_PMC_ExclusiveOr_X_X
 .text          0x6ca8899c      0x624 ../build/x86_Debug/TEST_op_From_To.o
                0x6ca889de                TEST_PMC_From_I
                0x6ca88b59                TEST_PMC_From_L
                0x6ca88cf3                TEST_PMC_To_X_I
                0x6ca88e43                TEST_PMC_To_X_L
 .text          0x6ca88fc0      0xb94 ../build/x86_Debug/TEST_op_GreatestCommonDivisor.o
                0x6ca89002                TEST_PMC_GreatestCommonDivisor_I_X
                0x6ca8921d                TEST_PMC_GreatestCommonDivisor_L_X
                0x6ca89457                TEST_PMC_GreatestCommonDivisor_X_I
                0x6ca89672                TEST_PMC_GreatestCommonDivisor_X_L
                0x6ca898ac                TEST_PMC_GreatestCommonDivisor_X_X
 .text          0x6ca89b54      0x37c ../build/x86_Debug/TEST_op_ModPow.o
                0x6ca89b96                TEST_PMC_ModPow_X_X_X
 .text          0x6ca89ed0      0xb48 ../build/x86_Debug/TEST_op_Multiply.o
                0x6ca89f12                TEST_PMC_Multiply_I_X
                0x6ca8a11e                TEST_PMC_Multiply_L_X
                0x6ca8a349                TEST_PMC_Multiply_X_I
                0x6ca8a555                TEST_PMC_Multiply_X_L
                0x6ca8a780                TEST_PMC_Multiply_X_X
 .text          0x6ca8aa18      0x470 ../build/x86_Debug/TEST_op_ParseDN.o
                0x6ca8aa5a                TEST_PMC_ParseDN1
                0x6ca8ac6f                TEST_PMC_ParseDN2
 .text          0x6ca8ae88      0x25c ../build/x86_Debug/TEST_op_ParseX.o
                0x6ca8aeca                TEST_PMC_ParseX
 .text          0x6ca8b0e4      0x250 ../build/x86_Debug/TEST_op_Pow.o
                0x6ca8b126                TEST_PMC_Pow_X_I
 .text          0x6ca8b334      0x8e8 ../build/x86_Debug/TEST_op_Remainder.o
                0x6ca8b376                TEST_PMC_Remainder_I_X
                0x6ca8b4d5                TEST_PMC_Remainder_L_X
                0x6ca8b671                TEST_PMC_Remainder_X_I
                0x6ca8b7d0                TEST_PMC_Remainder_X_L
                0x6ca8b96c                TEST_PMC_Remainder_X_X
 .text          0x6ca8bc1c      0x460 ../build/x86_Debug/TEST_op_Shift.o
                0x6ca8bc5e                TEST_PMC_RightShift_X_I
                0x6ca8be6d                TEST_PMC_LeftShift_X_I
 .text          0x6ca8c07c      0xa20 ../build/x86_Debug/TEST_op_Subtruct.o
                0x6ca8c0be                TEST_PMC_Subtruct_I_X
                0x6ca8c215                TEST_PMC_Subtruct_L_X
                0x6ca8c3a9                TEST_PMC_Subtruct_X_I
                0x6ca8c5c1                TEST_PMC_Subtruct_X_L
                0x6ca8c7f8                TEST_PMC_Subtruct_X_X
 .text          0x6ca8ca9c      0x210 ../build/x86_Debug/TEST_op_ToStringD.o
                0x6ca8ca9c                TEST_PMC_ToStringD
 .text          0x6ca8ccac      0x20c ../build/x86_Debug/TEST_op_ToStringN.o
                0x6ca8ccac                TEST_PMC_ToStringN
 .text          0x6ca8ceb8      0x210 ../build/x86_Debug/TEST_op_ToStringX.o
                0x6ca8ceb8                TEST_PMC_ToStringX
 .text          0x6ca8d0c8        0x0 C:/GNU/MINGW64/i686-8.1.0-win32-dwarf-rt_v6-rev0/mingw32/bin/../lib/gcc/i686-w64-mingw32/8.1.0/../../../../i686-w64-mingw32/lib/../lib/libkernel32.a(dgzch.o)
 .text          0x6ca8d0c8        0x0 C:/GNU/MINGW64/i686-8.1.0-win32-dwarf-rt_v6-rev0/mingw32/bin/../lib/gcc/i686-w64-mingw32/8.1.0/../../../../i686-w64-mingw32/lib/../lib/libkernel32.a(dgzct.o)
 .text          0x6ca8d0c8        0x0 C:/GNU/MINGW64/i686-8.1.0-win32-dwarf-rt_v6-rev0/mingw32/bin/../lib/gcc/i686-w64-mingw32/8.1.0/../../../../i686-w64-mingw32/lib/../lib/libuser32.a(dmceh.o)
 .text          0x6ca8d0c8        0x0 C:/GNU/MINGW64/i686-8.1.0-win32-dwarf-rt_v6-rev0/mingw32/bin/../lib/gcc/i686-w64-mingw32/8.1.0/../../../../i686-w64-mingw32/lib/../lib/libuser32.a(dmcet.o)
 *(SORT_BY_NAME(.text$*))
 *(.text.*)
 *(.gnu.linkonce.t.*)
 *(.glue_7t)
 *(.glue_7)
                0x6ca8d0c8                ___CTOR_LIST__ = .
                0x6ca8d0c8                __CTOR_LIST__ = .
                0x6ca8d0c8        0x4 LONG 0xffffffff
 *(.ctors)
 *(.ctor)
 *(SORT_BY_NAME(.ctors.*))
                0x6ca8d0cc        0x4 LONG 0x0
                0x6ca8d0d0                ___DTOR_LIST__ = .
                0x6ca8d0d0                __DTOR_LIST__ = .
                0x6ca8d0d0        0x4 LONG 0xffffffff
 *(.dtors)
 *(.dtor)
 *(SORT_BY_NAME(.dtors.*))
                0x6ca8d0d4        0x4 LONG 0x0
 *(.fini)
 *(.gcc_exc)
                [!provide]                PROVIDE (etext = .)
                [!provide]                PROVIDE (_etext = .)
 *(.gcc_except_table)

.data           0x6ca8e000    0x6fa00
                0x6ca8e000                __data_start__ = .
 *(.data)
 .data          0x6ca8e000        0x0 ../build/x86_Debug/cpuid.o
 .data          0x6ca8e000        0x0 ../build/x86_Debug/debug.o
 .data          0x6ca8e000        0x0 ../build/x86_Debug/dllmain.o
 .data          0x6ca8e000        0x0 ../build/x86_Debug/INTERNALTEST_op_DivRem.o
 .data          0x6ca8e000        0x0 ../build/x86_Debug/INTERNALTEST_op_Multiply.o
 .data          0x6ca8e000        0x0 ../build/x86_Debug/pmc_add.o
 .data          0x6ca8e000        0x0 ../build/x86_Debug/pmc_bitwiseand.o
 .data          0x6ca8e000        0x0 ../build/x86_Debug/pmc_bitwiseor.o
 .data          0x6ca8e000        0x0 ../build/x86_Debug/pmc_bytes.o
 .data          0x6ca8e000        0x0 ../build/x86_Debug/pmc_clone.o
 .data          0x6ca8e000        0x0 ../build/x86_Debug/pmc_compare.o
 .data          0x6ca8e000        0x0 ../build/x86_Debug/pmc_divrem.o
 .data          0x6ca8e000        0x0 ../build/x86_Debug/pmc_equals.o
 .data          0x6ca8e000        0x0 ../build/x86_Debug/pmc_exclusiveor.o
 .data          0x6ca8e000        0x0 ../build/x86_Debug/pmc_from.o
 .data          0x6ca8e000        0x0 ../build/x86_Debug/pmc_greatestcommondivisor.o
 .data          0x6ca8e000        0x0 ../build/x86_Debug/pmc_initialize.o
 .data          0x6ca8e000        0x0 ../build/x86_Debug/pmc_memory.o
 .data          0x6ca8e000        0x0 ../build/x86_Debug/pmc_modpow.o
 .data          0x6ca8e000        0x0 ../build/x86_Debug/pmc_multiply.o
 .data          0x6ca8e000        0x0 ../build/x86_Debug/pmc_parse.o
 .data          0x6ca8e000        0x0 ../build/x86_Debug/pmc_pow.o
 .data          0x6ca8e000        0x0 ../build/x86_Debug/pmc_shift.o
 .data          0x6ca8e000        0x0 ../build/x86_Debug/pmc_statistics.o
 .data          0x6ca8e000        0x0 ../build/x86_Debug/pmc_subtruct.o
 .data          0x6ca8e000        0x0 ../build/x86_Debug/pmc_to.o
 .data          0x6ca8e000       0xa0 ../build/x86_Debug/pmc_tostring.o
 .data          0x6ca8e0a0    0x6f7e0 ../build/x86_Debug/TEST_autogenerated.o
 .data          0x6cafd880        0x0 ../build/x86_Debug/TEST_op_Add.o
 .data          0x6cafd880        0x0 ../build/x86_Debug/TEST_op_BitwiseAnd.o
 .data          0x6cafd880        0x0 ../build/x86_Debug/TEST_op_BitwiseOr.o
 .data          0x6cafd880        0x0 ../build/x86_Debug/TEST_op_Clone.o
 .data          0x6cafd880        0x0 ../build/x86_Debug/TEST_op_Compare.o
 .data          0x6cafd880        0x0 ../build/x86_Debug/TEST_op_DivRem.o
 .data          0x6cafd880        0x0 ../build/x86_Debug/TEST_op_Equals.o
 .data          0x6cafd880        0x0 ../build/x86_Debug/TEST_op_ExclusiveOr.o
 .data          0x6cafd880        0x0 ../build/x86_Debug/TEST_op_From_To.o
 .data          0x6cafd880        0x0 ../build/x86_Debug/TEST_op_GreatestCommonDivisor.o
 .data          0x6cafd880        0x0 ../build/x86_Debug/TEST_op_ModPow.o
 .data          0x6cafd880        0x0 ../build/x86_Debug/TEST_op_Multiply.o
 .data          0x6cafd880        0x0 ../build/x86_Debug/TEST_op_ParseDN.o
 .data          0x6cafd880        0x0 ../build/x86_Debug/TEST_op_ParseX.o
 .data          0x6cafd880        0x0 ../build/x86_Debug/TEST_op_Pow.o
 .data          0x6cafd880        0x0 ../build/x86_Debug/TEST_op_Remainder.o
 .data          0x6cafd880        0x0 ../build/x86_Debug/TEST_op_Shift.o
 .data          0x6cafd880        0x0 ../build/x86_Debug/TEST_op_Subtruct.o
 .data          0x6cafd880        0x0 ../build/x86_Debug/TEST_op_ToStringD.o
 .data          0x6cafd880        0x0 ../build/x86_Debug/TEST_op_ToStringN.o
 .data          0x6cafd880        0x0 ../build/x86_Debug/TEST_op_ToStringX.o
 .data          0x6cafd880        0x0 C:/GNU/MINGW64/i686-8.1.0-win32-dwarf-rt_v6-rev0/mingw32/bin/../lib/gcc/i686-w64-mingw32/8.1.0/../../../../i686-w64-mingw32/lib/../lib/libkernel32.a(dgzcs01342.o)
 .data          0x6cafd880        0x0 C:/GNU/MINGW64/i686-8.1.0-win32-dwarf-rt_v6-rev0/mingw32/bin/../lib/gcc/i686-w64-mingw32/8.1.0/../../../../i686-w64-mingw32/lib/../lib/libkernel32.a(dgzcs01336.o)
 .data          0x6cafd880        0x0 C:/GNU/MINGW64/i686-8.1.0-win32-dwarf-rt_v6-rev0/mingw32/bin/../lib/gcc/i686-w64-mingw32/8.1.0/../../../../i686-w64-mingw32/lib/../lib/libkernel32.a(dgzcs01330.o)
 .data          0x6cafd880        0x0 C:/GNU/MINGW64/i686-8.1.0-win32-dwarf-rt_v6-rev0/mingw32/bin/../lib/gcc/i686-w64-mingw32/8.1.0/../../../../i686-w64-mingw32/lib/../lib/libkernel32.a(dgzcs00729.o)
 .data          0x6cafd880        0x0 C:/GNU/MINGW64/i686-8.1.0-win32-dwarf-rt_v6-rev0/mingw32/bin/../lib/gcc/i686-w64-mingw32/8.1.0/../../../../i686-w64-mingw32/lib/../lib/libkernel32.a(dgzcs00727.o)
 .data          0x6cafd880        0x0 C:/GNU/MINGW64/i686-8.1.0-win32-dwarf-rt_v6-rev0/mingw32/bin/../lib/gcc/i686-w64-mingw32/8.1.0/../../../../i686-w64-mingw32/lib/../lib/libkernel32.a(dgzcs00725.o)
 .data          0x6cafd880        0x0 C:/GNU/MINGW64/i686-8.1.0-win32-dwarf-rt_v6-rev0/mingw32/bin/../lib/gcc/i686-w64-mingw32/8.1.0/../../../../i686-w64-mingw32/lib/../lib/libkernel32.a(dgzcs00723.o)
 .data          0x6cafd880        0x0 C:/GNU/MINGW64/i686-8.1.0-win32-dwarf-rt_v6-rev0/mingw32/bin/../lib/gcc/i686-w64-mingw32/8.1.0/../../../../i686-w64-mingw32/lib/../lib/libkernel32.a(dgzcs00666.o)
 .data          0x6cafd880        0x0 C:/GNU/MINGW64/i686-8.1.0-win32-dwarf-rt_v6-rev0/mingw32/bin/../lib/gcc/i686-w64-mingw32/8.1.0/../../../../i686-w64-mingw32/lib/../lib/libkernel32.a(dgzch.o)
 .data          0x6cafd880        0x0 C:/GNU/MINGW64/i686-8.1.0-win32-dwarf-rt_v6-rev0/mingw32/bin/../lib/gcc/i686-w64-mingw32/8.1.0/../../../../i686-w64-mingw32/lib/../lib/libkernel32.a(dgzct.o)
 .data          0x6cafd880        0x0 C:/GNU/MINGW64/i686-8.1.0-win32-dwarf-rt_v6-rev0/mingw32/bin/../lib/gcc/i686-w64-mingw32/8.1.0/../../../../i686-w64-mingw32/lib/../lib/libuser32.a(dmces00912.o)
 .data          0x6cafd880        0x0 C:/GNU/MINGW64/i686-8.1.0-win32-dwarf-rt_v6-rev0/mingw32/bin/../lib/gcc/i686-w64-mingw32/8.1.0/../../../../i686-w64-mingw32/lib/../lib/libuser32.a(dmceh.o)
 .data          0x6cafd880        0x0 C:/GNU/MINGW64/i686-8.1.0-win32-dwarf-rt_v6-rev0/mingw32/bin/../lib/gcc/i686-w64-mingw32/8.1.0/../../../../i686-w64-mingw32/lib/../lib/libuser32.a(dmcet.o)
 *(.data2)
 *(SORT_BY_NAME(.data$*))
 *(.jcr)
                0x6cafd880                __data_end__ = .
 *(.data_cygwin_nocopy)

.rdata          0x6cafe000    0x71000
 *(.rdata)
 .rdata         0x6cafe000      0x1c4 ../build/x86_Debug/debug.o
 .rdata         0x6cafe1c4       0xf0 ../build/x86_Debug/INTERNALTEST_op_DivRem.o
 .rdata         0x6cafe2b4       0x7c ../build/x86_Debug/INTERNALTEST_op_Multiply.o
 .rdata         0x6cafe330       0xf0 ../build/x86_Debug/pmc_parse.o
 .rdata         0x6cafe420       0xe8 ../build/x86_Debug/pmc_tostring.o
 .rdata         0x6cafe508    0x6cee4 ../build/x86_Debug/TEST_autogenerated.o
 .rdata         0x6cb6b3ec      0x2b4 ../build/x86_Debug/TEST_op_Add.o
 .rdata         0x6cb6b6a0      0x344 ../build/x86_Debug/TEST_op_BitwiseAnd.o
 .rdata         0x6cb6b9e4      0x32c ../build/x86_Debug/TEST_op_BitwiseOr.o
 .rdata         0x6cb6bd10      0x114 ../build/x86_Debug/TEST_op_Clone.o
 .rdata         0x6cb6be24      0x2bc ../build/x86_Debug/TEST_op_Compare.o
 .rdata         0x6cb6c0e0      0x304 ../build/x86_Debug/TEST_op_DivRem.o
 .rdata         0x6cb6c3e4      0x2ac ../build/x86_Debug/TEST_op_Equals.o
 .rdata         0x6cb6c690      0x354 ../build/x86_Debug/TEST_op_ExclusiveOr.o
 .rdata         0x6cb6c9e4      0x200 ../build/x86_Debug/TEST_op_From_To.o
 .rdata         0x6cb6cbe4      0x41c ../build/x86_Debug/TEST_op_GreatestCommonDivisor.o
 .rdata         0x6cb6d000      0x128 ../build/x86_Debug/TEST_op_ModPow.o
 .rdata         0x6cb6d128      0x318 ../build/x86_Debug/TEST_op_Multiply.o
 .rdata         0x6cb6d440      0x10c ../build/x86_Debug/TEST_op_ParseDN.o
 .rdata         0x6cb6d54c       0xdc ../build/x86_Debug/TEST_op_ParseX.o
 .rdata         0x6cb6d628      0x114 ../build/x86_Debug/TEST_op_Pow.o
 .rdata         0x6cb6d73c      0x328 ../build/x86_Debug/TEST_op_Remainder.o
 .rdata         0x6cb6da64      0x1b0 ../build/x86_Debug/TEST_op_Shift.o
 .rdata         0x6cb6dc14      0x31c ../build/x86_Debug/TEST_op_Subtruct.o
 .rdata         0x6cb6df30       0xe0 ../build/x86_Debug/TEST_op_ToStringD.o
 .rdata         0x6cb6e010       0xdc ../build/x86_Debug/TEST_op_ToStringN.o
 .rdata         0x6cb6e0ec       0xe0 ../build/x86_Debug/TEST_op_ToStringX.o
 *(SORT_BY_NAME(.rdata$*))
 .rdata$zzz     0x6cb6e1cc       0x40 ../build/x86_Debug/cpuid.o
 .rdata$zzz     0x6cb6e20c       0x40 ../build/x86_Debug/debug.o
 .rdata$zzz     0x6cb6e24c       0x40 ../build/x86_Debug/dllmain.o
 .rdata$zzz     0x6cb6e28c       0x40 ../build/x86_Debug/INTERNALTEST_op_DivRem.o
 .rdata$zzz     0x6cb6e2cc       0x40 ../build/x86_Debug/INTERNALTEST_op_Multiply.o
 .rdata$zzz     0x6cb6e30c       0x40 ../build/x86_Debug/pmc_add.o
 .rdata$zzz     0x6cb6e34c       0x40 ../build/x86_Debug/pmc_bitwiseand.o
 .rdata$zzz     0x6cb6e38c       0x40 ../build/x86_Debug/pmc_bitwiseor.o
 .rdata$zzz     0x6cb6e3cc       0x40 ../build/x86_Debug/pmc_bytes.o
 .rdata$zzz     0x6cb6e40c       0x40 ../build/x86_Debug/pmc_clone.o
 .rdata$zzz     0x6cb6e44c       0x40 ../build/x86_Debug/pmc_compare.o
 .rdata$zzz     0x6cb6e48c       0x40 ../build/x86_Debug/pmc_divrem.o
 .rdata$zzz     0x6cb6e4cc       0x40 ../build/x86_Debug/pmc_equals.o
 .rdata$zzz     0x6cb6e50c       0x40 ../build/x86_Debug/pmc_exclusiveor.o
 .rdata$zzz     0x6cb6e54c       0x40 ../build/x86_Debug/pmc_from.o
 .rdata$zzz     0x6cb6e58c       0x40 ../build/x86_Debug/pmc_greatestcommondivisor.o
 .rdata$zzz     0x6cb6e5cc       0x40 ../build/x86_Debug/pmc_initialize.o
 .rdata$zzz     0x6cb6e60c       0x40 ../build/x86_Debug/pmc_memory.o
 .rdata$zzz     0x6cb6e64c       0x40 ../build/x86_Debug/pmc_modpow.o
 .rdata$zzz     0x6cb6e68c       0x40 ../build/x86_Debug/pmc_multiply.o
 .rdata$zzz     0x6cb6e6cc       0x40 ../build/x86_Debug/pmc_parse.o
 .rdata$zzz     0x6cb6e70c       0x40 ../build/x86_Debug/pmc_pow.o
 .rdata$zzz     0x6cb6e74c       0x40 ../build/x86_Debug/pmc_shift.o
 .rdata$zzz     0x6cb6e78c       0x40 ../build/x86_Debug/pmc_statistics.o
 .rdata$zzz     0x6cb6e7cc       0x40 ../build/x86_Debug/pmc_subtruct.o
 .rdata$zzz     0x6cb6e80c       0x40 ../build/x86_Debug/pmc_to.o
 .rdata$zzz     0x6cb6e84c       0x40 ../build/x86_Debug/pmc_tostring.o
 .rdata$zzz     0x6cb6e88c       0x40 ../build/x86_Debug/TEST_autogenerated.o
 .rdata$zzz     0x6cb6e8cc       0x40 ../build/x86_Debug/TEST_op_Add.o
 .rdata$zzz     0x6cb6e90c       0x40 ../build/x86_Debug/TEST_op_BitwiseAnd.o
 .rdata$zzz     0x6cb6e94c       0x40 ../build/x86_Debug/TEST_op_BitwiseOr.o
 .rdata$zzz     0x6cb6e98c       0x40 ../build/x86_Debug/TEST_op_Clone.o
 .rdata$zzz     0x6cb6e9cc       0x40 ../build/x86_Debug/TEST_op_Compare.o
 .rdata$zzz     0x6cb6ea0c       0x40 ../build/x86_Debug/TEST_op_DivRem.o
 .rdata$zzz     0x6cb6ea4c       0x40 ../build/x86_Debug/TEST_op_Equals.o
 .rdata$zzz     0x6cb6ea8c       0x40 ../build/x86_Debug/TEST_op_ExclusiveOr.o
 .rdata$zzz     0x6cb6eacc       0x40 ../build/x86_Debug/TEST_op_From_To.o
 .rdata$zzz     0x6cb6eb0c       0x40 ../build/x86_Debug/TEST_op_GreatestCommonDivisor.o
 .rdata$zzz     0x6cb6eb4c       0x40 ../build/x86_Debug/TEST_op_ModPow.o
 .rdata$zzz     0x6cb6eb8c       0x40 ../build/x86_Debug/TEST_op_Multiply.o
 .rdata$zzz     0x6cb6ebcc       0x40 ../build/x86_Debug/TEST_op_ParseDN.o
 .rdata$zzz     0x6cb6ec0c       0x40 ../build/x86_Debug/TEST_op_ParseX.o
 .rdata$zzz     0x6cb6ec4c       0x40 ../build/x86_Debug/TEST_op_Pow.o
 .rdata$zzz     0x6cb6ec8c       0x40 ../build/x86_Debug/TEST_op_Remainder.o
 .rdata$zzz     0x6cb6eccc       0x40 ../build/x86_Debug/TEST_op_Shift.o
 .rdata$zzz     0x6cb6ed0c       0x40 ../build/x86_Debug/TEST_op_Subtruct.o
 .rdata$zzz     0x6cb6ed4c       0x40 ../build/x86_Debug/TEST_op_ToStringD.o
 .rdata$zzz     0x6cb6ed8c       0x40 ../build/x86_Debug/TEST_op_ToStringN.o
 .rdata$zzz     0x6cb6edcc       0x40 ../build/x86_Debug/TEST_op_ToStringX.o
                0x6cb6ee0c                __rt_psrelocs_start = .
 *(.rdata_runtime_pseudo_reloc)
                0x6cb6ee0c                __rt_psrelocs_end = .
                0x00000000                __rt_psrelocs_size = (__rt_psrelocs_end - __rt_psrelocs_start)
                0x6cb6ee0c                ___RUNTIME_PSEUDO_RELOC_LIST_END__ = .
                0x6cb6ee0c                __RUNTIME_PSEUDO_RELOC_LIST_END__ = .
                0x6cb6ee0c                ___RUNTIME_PSEUDO_RELOC_LIST__ = (. - __rt_psrelocs_size)
                0x6cb6ee0c                __RUNTIME_PSEUDO_RELOC_LIST__ = (. - __rt_psrelocs_size)

.eh_frame       0x6cb6f000     0x4600
 *(.eh_frame*)
 .eh_frame      0x6cb6f000       0xb8 ../build/x86_Debug/cpuid.o
 .eh_frame      0x6cb6f0b8      0x130 ../build/x86_Debug/debug.o
 .eh_frame      0x6cb6f1e8       0x38 ../build/x86_Debug/dllmain.o
 .eh_frame      0x6cb6f220       0x8c ../build/x86_Debug/INTERNALTEST_op_DivRem.o
 .eh_frame      0x6cb6f2ac       0xac ../build/x86_Debug/INTERNALTEST_op_Multiply.o
 .eh_frame      0x6cb6f358      0x430 ../build/x86_Debug/pmc_add.o
 .eh_frame      0x6cb6f788      0x19c ../build/x86_Debug/pmc_bitwiseand.o
 .eh_frame      0x6cb6f924      0x214 ../build/x86_Debug/pmc_bitwiseor.o
 .eh_frame      0x6cb6fb38      0x128 ../build/x86_Debug/pmc_bytes.o
 .eh_frame      0x6cb6fc60       0x4c ../build/x86_Debug/pmc_clone.o
 .eh_frame      0x6cb6fcac      0x17c ../build/x86_Debug/pmc_compare.o
 .eh_frame      0x6cb6fe28      0x768 ../build/x86_Debug/pmc_divrem.o
 .eh_frame      0x6cb70590      0x170 ../build/x86_Debug/pmc_equals.o
 .eh_frame      0x6cb70700      0x214 ../build/x86_Debug/pmc_exclusiveor.o
 .eh_frame      0x6cb70914       0xf0 ../build/x86_Debug/pmc_from.o
 .eh_frame      0x6cb70a04      0x238 ../build/x86_Debug/pmc_greatestcommondivisor.o
 .eh_frame      0x6cb70c3c       0x80 ../build/x86_Debug/pmc_initialize.o
 .eh_frame      0x6cb70cbc      0x3f0 ../build/x86_Debug/pmc_memory.o
 .eh_frame      0x6cb710ac      0x16c ../build/x86_Debug/pmc_modpow.o
 .eh_frame      0x6cb71218      0x3b4 ../build/x86_Debug/pmc_multiply.o
 .eh_frame      0x6cb715cc      0x4b0 ../build/x86_Debug/pmc_parse.o
 .eh_frame      0x6cb71a7c      0x100 ../build/x86_Debug/pmc_pow.o
 .eh_frame      0x6cb71b7c      0x194 ../build/x86_Debug/pmc_shift.o
 .eh_frame      0x6cb71d10       0x38 ../build/x86_Debug/pmc_statistics.o
 .eh_frame      0x6cb71d48      0x2e4 ../build/x86_Debug/pmc_subtruct.o
 .eh_frame      0x6cb7202c       0x98 ../build/x86_Debug/pmc_to.o
 .eh_frame      0x6cb720c4      0x2f8 ../build/x86_Debug/pmc_tostring.o
 .eh_frame      0x6cb723bc       0x3c ../build/x86_Debug/TEST_autogenerated.o
 .eh_frame      0x6cb723f8      0x114 ../build/x86_Debug/TEST_op_Add.o
 .eh_frame      0x6cb7250c      0x11c ../build/x86_Debug/TEST_op_BitwiseAnd.o
 .eh_frame      0x6cb72628      0x114 ../build/x86_Debug/TEST_op_BitwiseOr.o
 .eh_frame      0x6cb7273c       0x64 ../build/x86_Debug/TEST_op_Clone.o
 .eh_frame      0x6cb727a0       0xf4 ../build/x86_Debug/TEST_op_Compare.o
 .eh_frame      0x6cb72894      0x11c ../build/x86_Debug/TEST_op_DivRem.o
 .eh_frame      0x6cb729b0       0xf4 ../build/x86_Debug/TEST_op_Equals.o
 .eh_frame      0x6cb72aa4      0x114 ../build/x86_Debug/TEST_op_ExclusiveOr.o
 .eh_frame      0x6cb72bb8       0xec ../build/x86_Debug/TEST_op_From_To.o
 .eh_frame      0x6cb72ca4      0x114 ../build/x86_Debug/TEST_op_GreatestCommonDivisor.o
 .eh_frame      0x6cb72db8       0x68 ../build/x86_Debug/TEST_op_ModPow.o
 .eh_frame      0x6cb72e20      0x114 ../build/x86_Debug/TEST_op_Multiply.o
 .eh_frame      0x6cb72f34       0x90 ../build/x86_Debug/TEST_op_ParseDN.o
 .eh_frame      0x6cb72fc4       0x64 ../build/x86_Debug/TEST_op_ParseX.o
 .eh_frame      0x6cb73028       0x64 ../build/x86_Debug/TEST_op_Pow.o
 .eh_frame      0x6cb7308c      0x11c ../build/x86_Debug/TEST_op_Remainder.o
 .eh_frame      0x6cb731a8       0x90 ../build/x86_Debug/TEST_op_Shift.o
 .eh_frame      0x6cb73238      0x118 ../build/x86_Debug/TEST_op_Subtruct.o
 .eh_frame      0x6cb73350       0x44 ../build/x86_Debug/TEST_op_ToStringD.o
 .eh_frame      0x6cb73394       0x44 ../build/x86_Debug/TEST_op_ToStringN.o
 .eh_frame      0x6cb733d8       0x44 ../build/x86_Debug/TEST_op_ToStringX.o

.pdata
 *(.pdata*)

.bss            0x6cb74000    0x1755c
                0x6cb74000                __bss_start__ = .
 *(.bss)
 .bss           0x6cb74000        0x0 ../build/x86_Debug/cpuid.o
 .bss           0x6cb74000      0x420 ../build/x86_Debug/debug.o
                0x6cb74000                test_total_count
                0x6cb74004                test_ok_count
                0x6cb74008                __DEBUG_LOG
 .bss           0x6cb74420        0x0 ../build/x86_Debug/dllmain.o
 .bss           0x6cb74420        0x0 ../build/x86_Debug/INTERNALTEST_op_DivRem.o
 .bss           0x6cb74420        0x0 ../build/x86_Debug/INTERNALTEST_op_Multiply.o
 .bss           0x6cb74420        0x4 ../build/x86_Debug/pmc_add.o
 .bss           0x6cb74424        0x0 ../build/x86_Debug/pmc_bitwiseand.o
 .bss           0x6cb74424        0x0 ../build/x86_Debug/pmc_bitwiseor.o
 .bss           0x6cb74424        0x0 ../build/x86_Debug/pmc_bytes.o
 .bss           0x6cb74424        0x0 ../build/x86_Debug/pmc_clone.o
 .bss           0x6cb74424        0x0 ../build/x86_Debug/pmc_compare.o
 .bss           0x6cb74424        0x4 ../build/x86_Debug/pmc_divrem.o
 .bss           0x6cb74428        0x0 ../build/x86_Debug/pmc_equals.o
 .bss           0x6cb74428        0x0 ../build/x86_Debug/pmc_exclusiveor.o
 .bss           0x6cb74428        0x0 ../build/x86_Debug/pmc_from.o
 .bss           0x6cb74428        0x0 ../build/x86_Debug/pmc_greatestcommondivisor.o
 *fill*         0x6cb74428       0x18 
 .bss           0x6cb74440      0x120 ../build/x86_Debug/pmc_initialize.o
 .bss           0x6cb74560        0x0 ../build/x86_Debug/pmc_memory.o
 .bss           0x6cb74560        0x0 ../build/x86_Debug/pmc_modpow.o
 .bss           0x6cb74560        0xc ../build/x86_Debug/pmc_multiply.o
 *fill*         0x6cb7456c       0x14 
 .bss           0x6cb74580       0x40 ../build/x86_Debug/pmc_parse.o
 .bss           0x6cb745c0        0x0 ../build/x86_Debug/pmc_pow.o
 .bss           0x6cb745c0        0x0 ../build/x86_Debug/pmc_shift.o
 .bss           0x6cb745c0        0x0 ../build/x86_Debug/pmc_statistics.o
 .bss           0x6cb745c0        0x0 ../build/x86_Debug/pmc_subtruct.o
 .bss           0x6cb745c0        0x0 ../build/x86_Debug/pmc_to.o
 .bss           0x6cb745c0       0x40 ../build/x86_Debug/pmc_tostring.o
 .bss           0x6cb74600      0xb5c ../build/x86_Debug/TEST_autogenerated.o
 .bss           0x6cb7515c        0x0 ../build/x86_Debug/TEST_op_Add.o
 .bss           0x6cb7515c        0x0 ../build/x86_Debug/TEST_op_BitwiseAnd.o
 .bss           0x6cb7515c        0x0 ../build/x86_Debug/TEST_op_BitwiseOr.o
 .bss           0x6cb7515c        0x0 ../build/x86_Debug/TEST_op_Clone.o
 .bss           0x6cb7515c        0x0 ../build/x86_Debug/TEST_op_Compare.o
 .bss           0x6cb7515c        0x0 ../build/x86_Debug/TEST_op_DivRem.o
 .bss           0x6cb7515c        0x0 ../build/x86_Debug/TEST_op_Equals.o
 .bss           0x6cb7515c        0x0 ../build/x86_Debug/TEST_op_ExclusiveOr.o
 .bss           0x6cb7515c        0x0 ../build/x86_Debug/TEST_op_From_To.o
 .bss           0x6cb7515c        0x0 ../build/x86_Debug/TEST_op_GreatestCommonDivisor.o
 .bss           0x6cb7515c        0x0 ../build/x86_Debug/TEST_op_ModPow.o
 .bss           0x6cb7515c        0x0 ../build/x86_Debug/TEST_op_Multiply.o
 *fill*         0x6cb7515c        0x4 
 .bss           0x6cb75160      0x240 ../build/x86_Debug/TEST_op_ParseDN.o
 .bss           0x6cb753a0      0x120 ../build/x86_Debug/TEST_op_ParseX.o
 .bss           0x6cb754c0    0x10000 ../build/x86_Debug/TEST_op_Pow.o
 .bss           0x6cb854c0        0x0 ../build/x86_Debug/TEST_op_Remainder.o
 .bss           0x6cb854c0        0x0 ../build/x86_Debug/TEST_op_Shift.o
 .bss           0x6cb854c0        0x0 ../build/x86_Debug/TEST_op_Subtruct.o
 .bss           0x6cb854c0     0x2000 ../build/x86_Debug/TEST_op_ToStringD.o
 .bss           0x6cb874c0     0x2000 ../build/x86_Debug/TEST_op_ToStringN.o
 .bss           0x6cb894c0     0x2000 ../build/x86_Debug/TEST_op_ToStringX.o
 .bss           0x6cb8b4c0        0x0 C:/GNU/MINGW64/i686-8.1.0-win32-dwarf-rt_v6-rev0/mingw32/bin/../lib/gcc/i686-w64-mingw32/8.1.0/../../../../i686-w64-mingw32/lib/../lib/libkernel32.a(dgzcs01342.o)
 .bss           0x6cb8b4c0        0x0 C:/GNU/MINGW64/i686-8.1.0-win32-dwarf-rt_v6-rev0/mingw32/bin/../lib/gcc/i686-w64-mingw32/8.1.0/../../../../i686-w64-mingw32/lib/../lib/libkernel32.a(dgzcs01336.o)
 .bss           0x6cb8b4c0        0x0 C:/GNU/MINGW64/i686-8.1.0-win32-dwarf-rt_v6-rev0/mingw32/bin/../lib/gcc/i686-w64-mingw32/8.1.0/../../../../i686-w64-mingw32/lib/../lib/libkernel32.a(dgzcs01330.o)
 .bss           0x6cb8b4c0        0x0 C:/GNU/MINGW64/i686-8.1.0-win32-dwarf-rt_v6-rev0/mingw32/bin/../lib/gcc/i686-w64-mingw32/8.1.0/../../../../i686-w64-mingw32/lib/../lib/libkernel32.a(dgzcs00729.o)
 .bss           0x6cb8b4c0        0x0 C:/GNU/MINGW64/i686-8.1.0-win32-dwarf-rt_v6-rev0/mingw32/bin/../lib/gcc/i686-w64-mingw32/8.1.0/../../../../i686-w64-mingw32/lib/../lib/libkernel32.a(dgzcs00727.o)
 .bss           0x6cb8b4c0        0x0 C:/GNU/MINGW64/i686-8.1.0-win32-dwarf-rt_v6-rev0/mingw32/bin/../lib/gcc/i686-w64-mingw32/8.1.0/../../../../i686-w64-mingw32/lib/../lib/libkernel32.a(dgzcs00725.o)
 .bss           0x6cb8b4c0        0x0 C:/GNU/MINGW64/i686-8.1.0-win32-dwarf-rt_v6-rev0/mingw32/bin/../lib/gcc/i686-w64-mingw32/8.1.0/../../../../i686-w64-mingw32/lib/../lib/libkernel32.a(dgzcs00723.o)
 .bss           0x6cb8b4c0        0x0 C:/GNU/MINGW64/i686-8.1.0-win32-dwarf-rt_v6-rev0/mingw32/bin/../lib/gcc/i686-w64-mingw32/8.1.0/../../../../i686-w64-mingw32/lib/../lib/libkernel32.a(dgzcs00666.o)
 .bss           0x6cb8b4c0        0x0 C:/GNU/MINGW64/i686-8.1.0-win32-dwarf-rt_v6-rev0/mingw32/bin/../lib/gcc/i686-w64-mingw32/8.1.0/../../../../i686-w64-mingw32/lib/../lib/libkernel32.a(dgzch.o)
 .bss           0x6cb8b4c0        0x0 C:/GNU/MINGW64/i686-8.1.0-win32-dwarf-rt_v6-rev0/mingw32/bin/../lib/gcc/i686-w64-mingw32/8.1.0/../../../../i686-w64-mingw32/lib/../lib/libkernel32.a(dgzct.o)
 .bss           0x6cb8b4c0        0x0 C:/GNU/MINGW64/i686-8.1.0-win32-dwarf-rt_v6-rev0/mingw32/bin/../lib/gcc/i686-w64-mingw32/8.1.0/../../../../i686-w64-mingw32/lib/../lib/libuser32.a(dmces00912.o)
 .bss           0x6cb8b4c0        0x0 C:/GNU/MINGW64/i686-8.1.0-win32-dwarf-rt_v6-rev0/mingw32/bin/../lib/gcc/i686-w64-mingw32/8.1.0/../../../../i686-w64-mingw32/lib/../lib/libuser32.a(dmceh.o)
 .bss           0x6cb8b4c0        0x0 C:/GNU/MINGW64/i686-8.1.0-win32-dwarf-rt_v6-rev0/mingw32/bin/../lib/gcc/i686-w64-mingw32/8.1.0/../../../../i686-w64-mingw32/lib/../lib/libuser32.a(dmcet.o)
 *(COMMON)
 COMMON         0x6cb8b4c0        0x4 ../build/x86_Debug/pmc_initialize.o
                0x6cb8b4c0                configuration_info
 *fill*         0x6cb8b4c4       0x1c 
 COMMON         0x6cb8b4e0       0x6c ../build/x86_Debug/pmc_memory.o
                0x6cb8b4e0                number_zero
                0x6cb8b520                number_one
                0x6cb8b548                hLocalHeap
 COMMON         0x6cb8b54c       0x10 ../build/x86_Debug/pmc_statistics.o
                0x6cb8b54c                statistics_info
                0x6cb8b55c                __bss_end__ = .

.edata          0x6cb8c000      0x200
 *(.edata)
 .edata         0x6cb8c000       0x88 dll stuff

/DISCARD/
 *(.debug$S)
 *(.debug$T)
 *(.debug$F)
 *(.drectve)
 *(.note.GNU-stack)
 *(.gnu.lto_*)

.idata          0x6cb8d000      0x200
 SORT_BY_NAME(*)(.idata$2)
 .idata$2       0x6cb8d000       0x14 C:/GNU/MINGW64/i686-8.1.0-win32-dwarf-rt_v6-rev0/mingw32/bin/../lib/gcc/i686-w64-mingw32/8.1.0/../../../../i686-w64-mingw32/lib/../lib/libkernel32.a(dgzch.o)
                0x6cb8d000                _head_lib32_libkernel32_a
 .idata$2       0x6cb8d014       0x14 C:/GNU/MINGW64/i686-8.1.0-win32-dwarf-rt_v6-rev0/mingw32/bin/../lib/gcc/i686-w64-mingw32/8.1.0/../../../../i686-w64-mingw32/lib/../lib/libuser32.a(dmceh.o)
                0x6cb8d014                _head_lib32_libuser32_a
 SORT_BY_NAME(*)(.idata$3)
                0x6cb8d028        0x4 LONG 0x0
                0x6cb8d02c        0x4 LONG 0x0
                0x6cb8d030        0x4 LONG 0x0
                0x6cb8d034        0x4 LONG 0x0
                0x6cb8d038        0x4 LONG 0x0
 SORT_BY_NAME(*)(.idata$4)
 .idata$4       0x6cb8d03c        0x0 C:/GNU/MINGW64/i686-8.1.0-win32-dwarf-rt_v6-rev0/mingw32/bin/../lib/gcc/i686-w64-mingw32/8.1.0/../../../../i686-w64-mingw32/lib/../lib/libkernel32.a(dgzch.o)
 .idata$4       0x6cb8d03c        0x4 C:/GNU/MINGW64/i686-8.1.0-win32-dwarf-rt_v6-rev0/mingw32/bin/../lib/gcc/i686-w64-mingw32/8.1.0/../../../../i686-w64-mingw32/lib/../lib/libkernel32.a(dgzcs00666.o)
 .idata$4       0x6cb8d040        0x4 C:/GNU/MINGW64/i686-8.1.0-win32-dwarf-rt_v6-rev0/mingw32/bin/../lib/gcc/i686-w64-mingw32/8.1.0/../../../../i686-w64-mingw32/lib/../lib/libkernel32.a(dgzcs00723.o)
 .idata$4       0x6cb8d044        0x4 C:/GNU/MINGW64/i686-8.1.0-win32-dwarf-rt_v6-rev0/mingw32/bin/../lib/gcc/i686-w64-mingw32/8.1.0/../../../../i686-w64-mingw32/lib/../lib/libkernel32.a(dgzcs00725.o)
 .idata$4       0x6cb8d048        0x4 C:/GNU/MINGW64/i686-8.1.0-win32-dwarf-rt_v6-rev0/mingw32/bin/../lib/gcc/i686-w64-mingw32/8.1.0/../../../../i686-w64-mingw32/lib/../lib/libkernel32.a(dgzcs00727.o)
 .idata$4       0x6cb8d04c        0x4 C:/GNU/MINGW64/i686-8.1.0-win32-dwarf-rt_v6-rev0/mingw32/bin/../lib/gcc/i686-w64-mingw32/8.1.0/../../../../i686-w64-mingw32/lib/../lib/libkernel32.a(dgzcs00729.o)
 .idata$4       0x6cb8d050        0x4 C:/GNU/MINGW64/i686-8.1.0-win32-dwarf-rt_v6-rev0/mingw32/bin/../lib/gcc/i686-w64-mingw32/8.1.0/../../../../i686-w64-mingw32/lib/../lib/libkernel32.a(dgzcs01330.o)
 .idata$4       0x6cb8d054        0x4 C:/GNU/MINGW64/i686-8.1.0-win32-dwarf-rt_v6-rev0/mingw32/bin/../lib/gcc/i686-w64-mingw32/8.1.0/../../../../i686-w64-mingw32/lib/../lib/libkernel32.a(dgzcs01336.o)
 .idata$4       0x6cb8d058        0x4 C:/GNU/MINGW64/i686-8.1.0-win32-dwarf-rt_v6-rev0/mingw32/bin/../lib/gcc/i686-w64-mingw32/8.1.0/../../../../i686-w64-mingw32/lib/../lib/libkernel32.a(dgzcs01342.o)
 .idata$4       0x6cb8d05c        0x4 C:/GNU/MINGW64/i686-8.1.0-win32-dwarf-rt_v6-rev0/mingw32/bin/../lib/gcc/i686-w64-mingw32/8.1.0/../../../../i686-w64-mingw32/lib/../lib/libkernel32.a(dgzct.o)
 .idata$4       0x6cb8d060        0x0 C:/GNU/MINGW64/i686-8.1.0-win32-dwarf-rt_v6-rev0/mingw32/bin/../lib/gcc/i686-w64-mingw32/8.1.0/../../../../i686-w64-mingw32/lib/../lib/libuser32.a(dmceh.o)
 .idata$4       0x6cb8d060        0x4 C:/GNU/MINGW64/i686-8.1.0-win32-dwarf-rt_v6-rev0/mingw32/bin/../lib/gcc/i686-w64-mingw32/8.1.0/../../../../i686-w64-mingw32/lib/../lib/libuser32.a(dmces00912.o)
 .idata$4       0x6cb8d064        0x4 C:/GNU/MINGW64/i686-8.1.0-win32-dwarf-rt_v6-rev0/mingw32/bin/../lib/gcc/i686-w64-mingw32/8.1.0/../../../../i686-w64-mingw32/lib/../lib/libuser32.a(dmcet.o)
                0x6cb8d068                __IAT_start__ = .
 SORT_BY_NAME(*)(.idata$5)
 .idata$5       0x6cb8d068        0x0 C:/GNU/MINGW64/i686-8.1.0-win32-dwarf-rt_v6-rev0/mingw32/bin/../lib/gcc/i686-w64-mingw32/8.1.0/../../../../i686-w64-mingw32/lib/../lib/libkernel32.a(dgzch.o)
 .idata$5       0x6cb8d068        0x4 C:/GNU/MINGW64/i686-8.1.0-win32-dwarf-rt_v6-rev0/mingw32/bin/../lib/gcc/i686-w64-mingw32/8.1.0/../../../../i686-w64-mingw32/lib/../lib/libkernel32.a(dgzcs00666.o)
                0x6cb8d068                _imp__GetTickCount@0
 .idata$5       0x6cb8d06c        0x4 C:/GNU/MINGW64/i686-8.1.0-win32-dwarf-rt_v6-rev0/mingw32/bin/../lib/gcc/i686-w64-mingw32/8.1.0/../../../../i686-w64-mingw32/lib/../lib/libkernel32.a(dgzcs00723.o)
                0x6cb8d06c                _imp__HeapAlloc@12
 .idata$5       0x6cb8d070        0x4 C:/GNU/MINGW64/i686-8.1.0-win32-dwarf-rt_v6-rev0/mingw32/bin/../lib/gcc/i686-w64-mingw32/8.1.0/../../../../i686-w64-mingw32/lib/../lib/libkernel32.a(dgzcs00725.o)
                0x6cb8d070                _imp__HeapCreate@12
 .idata$5       0x6cb8d074        0x4 C:/GNU/MINGW64/i686-8.1.0-win32-dwarf-rt_v6-rev0/mingw32/bin/../lib/gcc/i686-w64-mingw32/8.1.0/../../../../i686-w64-mingw32/lib/../lib/libkernel32.a(dgzcs00727.o)
                0x6cb8d074                _imp__HeapDestroy@4
 .idata$5       0x6cb8d078        0x4 C:/GNU/MINGW64/i686-8.1.0-win32-dwarf-rt_v6-rev0/mingw32/bin/../lib/gcc/i686-w64-mingw32/8.1.0/../../../../i686-w64-mingw32/lib/../lib/libkernel32.a(dgzcs00729.o)
                0x6cb8d078                _imp__HeapFree@12
 .idata$5       0x6cb8d07c        0x4 C:/GNU/MINGW64/i686-8.1.0-win32-dwarf-rt_v6-rev0/mingw32/bin/../lib/gcc/i686-w64-mingw32/8.1.0/../../../../i686-w64-mingw32/lib/../lib/libkernel32.a(dgzcs01330.o)
                0x6cb8d07c                _imp__lstrcmpW@8
 .idata$5       0x6cb8d080        0x4 C:/GNU/MINGW64/i686-8.1.0-win32-dwarf-rt_v6-rev0/mingw32/bin/../lib/gcc/i686-w64-mingw32/8.1.0/../../../../i686-w64-mingw32/lib/../lib/libkernel32.a(dgzcs01336.o)
                0x6cb8d080                _imp__lstrcpyW@8
 .idata$5       0x6cb8d084        0x4 C:/GNU/MINGW64/i686-8.1.0-win32-dwarf-rt_v6-rev0/mingw32/bin/../lib/gcc/i686-w64-mingw32/8.1.0/../../../../i686-w64-mingw32/lib/../lib/libkernel32.a(dgzcs01342.o)
                0x6cb8d084                _imp__lstrlenW@4
 .idata$5       0x6cb8d088        0x4 C:/GNU/MINGW64/i686-8.1.0-win32-dwarf-rt_v6-rev0/mingw32/bin/../lib/gcc/i686-w64-mingw32/8.1.0/../../../../i686-w64-mingw32/lib/../lib/libkernel32.a(dgzct.o)
 .idata$5       0x6cb8d08c        0x0 C:/GNU/MINGW64/i686-8.1.0-win32-dwarf-rt_v6-rev0/mingw32/bin/../lib/gcc/i686-w64-mingw32/8.1.0/../../../../i686-w64-mingw32/lib/../lib/libuser32.a(dmceh.o)
 .idata$5       0x6cb8d08c        0x4 C:/GNU/MINGW64/i686-8.1.0-win32-dwarf-rt_v6-rev0/mingw32/bin/../lib/gcc/i686-w64-mingw32/8.1.0/../../../../i686-w64-mingw32/lib/../lib/libuser32.a(dmces00912.o)
                0x6cb8d08c                _imp__wsprintfW
 .idata$5       0x6cb8d090        0x4 C:/GNU/MINGW64/i686-8.1.0-win32-dwarf-rt_v6-rev0/mingw32/bin/../lib/gcc/i686-w64-mingw32/8.1.0/../../../../i686-w64-mingw32/lib/../lib/libuser32.a(dmcet.o)
                0x6cb8d094                __IAT_end__ = .
 SORT_BY_NAME(*)(.idata$6)
 .idata$6       0x6cb8d094       0x10 C:/GNU/MINGW64/i686-8.1.0-win32-dwarf-rt_v6-rev0/mingw32/bin/../lib/gcc/i686-w64-mingw32/8.1.0/../../../../i686-w64-mingw32/lib/../lib/libkernel32.a(dgzcs00666.o)
 .idata$6       0x6cb8d0a4        0xc C:/GNU/MINGW64/i686-8.1.0-win32-dwarf-rt_v6-rev0/mingw32/bin/../lib/gcc/i686-w64-mingw32/8.1.0/../../../../i686-w64-mingw32/lib/../lib/libkernel32.a(dgzcs00723.o)
 .idata$6       0x6cb8d0b0        0xe C:/GNU/MINGW64/i686-8.1.0-win32-dwarf-rt_v6-rev0/mingw32/bin/../lib/gcc/i686-w64-mingw32/8.1.0/../../../../i686-w64-mingw32/lib/../lib/libkernel32.a(dgzcs00725.o)
 .idata$6       0x6cb8d0be        0xe C:/GNU/MINGW64/i686-8.1.0-win32-dwarf-rt_v6-rev0/mingw32/bin/../lib/gcc/i686-w64-mingw32/8.1.0/../../../../i686-w64-mingw32/lib/../lib/libkernel32.a(dgzcs00727.o)
 .idata$6       0x6cb8d0cc        0xc C:/GNU/MINGW64/i686-8.1.0-win32-dwarf-rt_v6-rev0/mingw32/bin/../lib/gcc/i686-w64-mingw32/8.1.0/../../../../i686-w64-mingw32/lib/../lib/libkernel32.a(dgzcs00729.o)
 .idata$6       0x6cb8d0d8        0xc C:/GNU/MINGW64/i686-8.1.0-win32-dwarf-rt_v6-rev0/mingw32/bin/../lib/gcc/i686-w64-mingw32/8.1.0/../../../../i686-w64-mingw32/lib/../lib/libkernel32.a(dgzcs01330.o)
 .idata$6       0x6cb8d0e4        0xc C:/GNU/MINGW64/i686-8.1.0-win32-dwarf-rt_v6-rev0/mingw32/bin/../lib/gcc/i686-w64-mingw32/8.1.0/../../../../i686-w64-mingw32/lib/../lib/libkernel32.a(dgzcs01336.o)
 .idata$6       0x6cb8d0f0        0xc C:/GNU/MINGW64/i686-8.1.0-win32-dwarf-rt_v6-rev0/mingw32/bin/../lib/gcc/i686-w64-mingw32/8.1.0/../../../../i686-w64-mingw32/lib/../lib/libkernel32.a(dgzcs01342.o)
 .idata$6       0x6cb8d0fc        0xc C:/GNU/MINGW64/i686-8.1.0-win32-dwarf-rt_v6-rev0/mingw32/bin/../lib/gcc/i686-w64-mingw32/8.1.0/../../../../i686-w64-mingw32/lib/../lib/libuser32.a(dmces00912.o)
 SORT_BY_NAME(*)(.idata$7)
 .idata$7       0x6cb8d108        0x4 C:/GNU/MINGW64/i686-8.1.0-win32-dwarf-rt_v6-rev0/mingw32/bin/../lib/gcc/i686-w64-mingw32/8.1.0/../../../../i686-w64-mingw32/lib/../lib/libkernel32.a(dgzcs00666.o)
 .idata$7       0x6cb8d10c        0x4 C:/GNU/MINGW64/i686-8.1.0-win32-dwarf-rt_v6-rev0/mingw32/bin/../lib/gcc/i686-w64-mingw32/8.1.0/../../../../i686-w64-mingw32/lib/../lib/libkernel32.a(dgzcs00723.o)
 .idata$7       0x6cb8d110        0x4 C:/GNU/MINGW64/i686-8.1.0-win32-dwarf-rt_v6-rev0/mingw32/bin/../lib/gcc/i686-w64-mingw32/8.1.0/../../../../i686-w64-mingw32/lib/../lib/libkernel32.a(dgzcs00725.o)
 .idata$7       0x6cb8d114        0x4 C:/GNU/MINGW64/i686-8.1.0-win32-dwarf-rt_v6-rev0/mingw32/bin/../lib/gcc/i686-w64-mingw32/8.1.0/../../../../i686-w64-mingw32/lib/../lib/libkernel32.a(dgzcs00727.o)
 .idata$7       0x6cb8d118        0x4 C:/GNU/MINGW64/i686-8.1.0-win32-dwarf-rt_v6-rev0/mingw32/bin/../lib/gcc/i686-w64-mingw32/8.1.0/../../../../i686-w64-mingw32/lib/../lib/libkernel32.a(dgzcs00729.o)
 .idata$7       0x6cb8d11c        0x4 C:/GNU/MINGW64/i686-8.1.0-win32-dwarf-rt_v6-rev0/mingw32/bin/../lib/gcc/i686-w64-mingw32/8.1.0/../../../../i686-w64-mingw32/lib/../lib/libkernel32.a(dgzcs01330.o)
 .idata$7       0x6cb8d120        0x4 C:/GNU/MINGW64/i686-8.1.0-win32-dwarf-rt_v6-rev0/mingw32/bin/../lib/gcc/i686-w64-mingw32/8.1.0/../../../../i686-w64-mingw32/lib/../lib/libkernel32.a(dgzcs01336.o)
 .idata$7       0x6cb8d124        0x4 C:/GNU/MINGW64/i686-8.1.0-win32-dwarf-rt_v6-rev0/mingw32/bin/../lib/gcc/i686-w64-mingw32/8.1.0/../../../../i686-w64-mingw32/lib/../lib/libkernel32.a(dgzcs01342.o)
 .idata$7       0x6cb8d128       0x10 C:/GNU/MINGW64/i686-8.1.0-win32-dwarf-rt_v6-rev0/mingw32/bin/../lib/gcc/i686-w64-mingw32/8.1.0/../../../../i686-w64-mingw32/lib/../lib/libkernel32.a(dgzct.o)
                0x6cb8d128                _lib32_libkernel32_a_iname
 .idata$7       0x6cb8d138        0x4 C:/GNU/MINGW64/i686-8.1.0-win32-dwarf-rt_v6-rev0/mingw32/bin/../lib/gcc/i686-w64-mingw32/8.1.0/../../../../i686-w64-mingw32/lib/../lib/libuser32.a(dmces00912.o)
 .idata$7       0x6cb8d13c        0xc C:/GNU/MINGW64/i686-8.1.0-win32-dwarf-rt_v6-rev0/mingw32/bin/../lib/gcc/i686-w64-mingw32/8.1.0/../../../../i686-w64-mingw32/lib/../lib/libuser32.a(dmcet.o)
                0x6cb8d13c                _lib32_libuser32_a_iname

.CRT            0x6cb8e000        0x0
                0x6cb8e000                ___crt_xc_start__ = .
 *(SORT_BY_NAME(.CRT$XC*))
                0x6cb8e000                ___crt_xc_end__ = .
                0x6cb8e000                ___crt_xi_start__ = .
 *(SORT_BY_NAME(.CRT$XI*))
                0x6cb8e000                ___crt_xi_end__ = .
                0x6cb8e000                ___crt_xl_start__ = .
 *(SORT_BY_NAME(.CRT$XL*))
                0x6cb8e000                ___crt_xp_start__ = .
 *(SORT_BY_NAME(.CRT$XP*))
                0x6cb8e000                ___crt_xp_end__ = .
                0x6cb8e000                ___crt_xt_start__ = .
 *(SORT_BY_NAME(.CRT$XT*))
                0x6cb8e000                ___crt_xt_end__ = .

.tls            0x6cb8e000        0x0
                0x6cb8e000                ___tls_start__ = .
 *(.tls$AAA)
 *(.tls)
 *(.tls$)
 *(SORT_BY_NAME(.tls$*))
 *(.tls$ZZZ)
                0x6cb8e000                ___tls_end__ = .

.endjunk        0x6cb8e000        0x0
                [!provide]                PROVIDE (end = .)
                [!provide]                PROVIDE (_end = .)
                0x6cb8e000                __end__ = .

.rsrc           0x6cb8e000      0x400
 *(.rsrc)
 .rsrc          0x6cb8e000      0x378 ../build/x86_Debug/version.o
 *(.rsrc$*)

.reloc          0x6cb8f000    0x5ba00
 *(.reloc)
 .reloc         0x6cb8f000    0x5b8b0 dll stuff

.stab
 *(.stab)

.stabstr
 *(.stabstr)

.debug_aranges  0x6cbeb000      0x800
 *(.debug_aranges)
 .debug_aranges
                0x6cbeb000       0x20 ../build/x86_Debug/cpuid.o
 .debug_aranges
                0x6cbeb020       0x20 ../build/x86_Debug/debug.o
 .debug_aranges
                0x6cbeb040       0x20 ../build/x86_Debug/dllmain.o
 .debug_aranges
                0x6cbeb060       0x20 ../build/x86_Debug/INTERNALTEST_op_DivRem.o
 .debug_aranges
                0x6cbeb080       0x20 ../build/x86_Debug/INTERNALTEST_op_Multiply.o
 .debug_aranges
                0x6cbeb0a0       0x20 ../build/x86_Debug/pmc_add.o
 .debug_aranges
                0x6cbeb0c0       0x20 ../build/x86_Debug/pmc_bitwiseand.o
 .debug_aranges
                0x6cbeb0e0       0x20 ../build/x86_Debug/pmc_bitwiseor.o
 .debug_aranges
                0x6cbeb100       0x20 ../build/x86_Debug/pmc_bytes.o
 .debug_aranges
                0x6cbeb120       0x20 ../build/x86_Debug/pmc_clone.o
 .debug_aranges
                0x6cbeb140       0x20 ../build/x86_Debug/pmc_compare.o
 .debug_aranges
                0x6cbeb160       0x20 ../build/x86_Debug/pmc_divrem.o
 .debug_aranges
                0x6cbeb180       0x20 ../build/x86_Debug/pmc_equals.o
 .debug_aranges
                0x6cbeb1a0       0x20 ../build/x86_Debug/pmc_exclusiveor.o
 .debug_aranges
                0x6cbeb1c0       0x20 ../build/x86_Debug/pmc_from.o
 .debug_aranges
                0x6cbeb1e0       0x20 ../build/x86_Debug/pmc_greatestcommondivisor.o
 .debug_aranges
                0x6cbeb200       0x20 ../build/x86_Debug/pmc_initialize.o
 .debug_aranges
                0x6cbeb220       0x20 ../build/x86_Debug/pmc_memory.o
 .debug_aranges
                0x6cbeb240       0x20 ../build/x86_Debug/pmc_modpow.o
 .debug_aranges
                0x6cbeb260       0x20 ../build/x86_Debug/pmc_multiply.o
 .debug_aranges
                0x6cbeb280       0x20 ../build/x86_Debug/pmc_parse.o
 .debug_aranges
                0x6cbeb2a0       0x20 ../build/x86_Debug/pmc_pow.o
 .debug_aranges
                0x6cbeb2c0       0x20 ../build/x86_Debug/pmc_shift.o
 .debug_aranges
                0x6cbeb2e0       0x20 ../build/x86_Debug/pmc_statistics.o
 .debug_aranges
                0x6cbeb300       0x20 ../build/x86_Debug/pmc_subtruct.o
 .debug_aranges
                0x6cbeb320       0x20 ../build/x86_Debug/pmc_to.o
 .debug_aranges
                0x6cbeb340       0x20 ../build/x86_Debug/pmc_tostring.o
 .debug_aranges
                0x6cbeb360       0x20 ../build/x86_Debug/TEST_autogenerated.o
 .debug_aranges
                0x6cbeb380       0x20 ../build/x86_Debug/TEST_op_Add.o
 .debug_aranges
                0x6cbeb3a0       0x20 ../build/x86_Debug/TEST_op_BitwiseAnd.o
 .debug_aranges
                0x6cbeb3c0       0x20 ../build/x86_Debug/TEST_op_BitwiseOr.o
 .debug_aranges
                0x6cbeb3e0       0x20 ../build/x86_Debug/TEST_op_Clone.o
 .debug_aranges
                0x6cbeb400       0x20 ../build/x86_Debug/TEST_op_Compare.o
 .debug_aranges
                0x6cbeb420       0x20 ../build/x86_Debug/TEST_op_DivRem.o
 .debug_aranges
                0x6cbeb440       0x20 ../build/x86_Debug/TEST_op_Equals.o
 .debug_aranges
                0x6cbeb460       0x20 ../build/x86_Debug/TEST_op_ExclusiveOr.o
 .debug_aranges
                0x6cbeb480       0x20 ../build/x86_Debug/TEST_op_From_To.o
 .debug_aranges
                0x6cbeb4a0       0x20 ../build/x86_Debug/TEST_op_GreatestCommonDivisor.o
 .debug_aranges
                0x6cbeb4c0       0x20 ../build/x86_Debug/TEST_op_ModPow.o
 .debug_aranges
                0x6cbeb4e0       0x20 ../build/x86_Debug/TEST_op_Multiply.o
 .debug_aranges
                0x6cbeb500       0x20 ../build/x86_Debug/TEST_op_ParseDN.o
 .debug_aranges
                0x6cbeb520       0x20 ../build/x86_Debug/TEST_op_ParseX.o
 .debug_aranges
                0x6cbeb540       0x20 ../build/x86_Debug/TEST_op_Pow.o
 .debug_aranges
                0x6cbeb560       0x20 ../build/x86_Debug/TEST_op_Remainder.o
 .debug_aranges
                0x6cbeb580       0x20 ../build/x86_Debug/TEST_op_Shift.o
 .debug_aranges
                0x6cbeb5a0       0x20 ../build/x86_Debug/TEST_op_Subtruct.o
 .debug_aranges
                0x6cbeb5c0       0x20 ../build/x86_Debug/TEST_op_ToStringD.o
 .debug_aranges
                0x6cbeb5e0       0x20 ../build/x86_Debug/TEST_op_ToStringN.o
 .debug_aranges
                0x6cbeb600       0x20 ../build/x86_Debug/TEST_op_ToStringX.o

.zdebug_aranges
 *(.zdebug_aranges)

.debug_pubnames
 *(.debug_pubnames)

.zdebug_pubnames
 *(.zdebug_pubnames)

.debug_pubtypes
 *(.debug_pubtypes)

.zdebug_pubtypes
 *(.zdebug_pubtypes)

.debug_info     0x6cbec000   0x1c4e00
 *(.debug_info .gnu.linkonce.wi.*)
 .debug_info    0x6cbec000     0x50af ../build/x86_Debug/cpuid.o
 .debug_info    0x6cbf10af     0x5f19 ../build/x86_Debug/debug.o
 .debug_info    0x6cbf6fc8     0x4d4b ../build/x86_Debug/dllmain.o
 .debug_info    0x6cbfbd13     0x5ec7 ../build/x86_Debug/INTERNALTEST_op_DivRem.o
 .debug_info    0x6cc01bda     0x5e10 ../build/x86_Debug/INTERNALTEST_op_Multiply.o
 .debug_info    0x6cc079ea     0x6070 ../build/x86_Debug/pmc_add.o
 .debug_info    0x6cc0da5a     0x5435 ../build/x86_Debug/pmc_bitwiseand.o
 .debug_info    0x6cc12e8f     0x56c2 ../build/x86_Debug/pmc_bitwiseor.o
 .debug_info    0x6cc18551     0x5234 ../build/x86_Debug/pmc_bytes.o
 .debug_info    0x6cc1d785     0x4f01 ../build/x86_Debug/pmc_clone.o
 .debug_info    0x6cc22686     0x53bc ../build/x86_Debug/pmc_compare.o
 .debug_info    0x6cc27a42     0x75fb ../build/x86_Debug/pmc_divrem.o
 .debug_info    0x6cc2f03d     0x5358 ../build/x86_Debug/pmc_equals.o
 .debug_info    0x6cc34395     0x5720 ../build/x86_Debug/pmc_exclusiveor.o
 .debug_info    0x6cc39ab5     0x5122 ../build/x86_Debug/pmc_from.o
 .debug_info    0x6cc3ebd7     0x5a81 ../build/x86_Debug/pmc_greatestcommondivisor.o
 .debug_info    0x6cc44658     0x5ee9 ../build/x86_Debug/pmc_initialize.o
 .debug_info    0x6cc4a541     0x5e21 ../build/x86_Debug/pmc_memory.o
 .debug_info    0x6cc50362     0x556d ../build/x86_Debug/pmc_modpow.o
 .debug_info    0x6cc558cf     0x6192 ../build/x86_Debug/pmc_multiply.o
 .debug_info    0x6cc5ba61     0x6923 ../build/x86_Debug/pmc_parse.o
 .debug_info    0x6cc62384     0x534d ../build/x86_Debug/pmc_pow.o
 .debug_info    0x6cc676d1     0x5705 ../build/x86_Debug/pmc_shift.o
 .debug_info    0x6cc6cdd6     0x4d1f ../build/x86_Debug/pmc_statistics.o
 .debug_info    0x6cc71af5     0x5a80 ../build/x86_Debug/pmc_subtruct.o
 .debug_info    0x6cc77575     0x4fcc ../build/x86_Debug/pmc_to.o
 .debug_info    0x6cc7c541     0x6337 ../build/x86_Debug/pmc_tostring.o
 .debug_info    0x6cc82878    0xb4d58 ../build/x86_Debug/TEST_autogenerated.o
 .debug_info    0x6cd375d0     0x5e4d ../build/x86_Debug/TEST_op_Add.o
 .debug_info    0x6cd3d41d     0x5db2 ../build/x86_Debug/TEST_op_BitwiseAnd.o
 .debug_info    0x6cd431cf     0x5e65 ../build/x86_Debug/TEST_op_BitwiseOr.o
 .debug_info    0x6cd49034     0x5a45 ../build/x86_Debug/TEST_op_Clone.o
 .debug_info    0x6cd4ea79     0x5cb7 ../build/x86_Debug/TEST_op_Compare.o
 .debug_info    0x6cd54730     0x5f29 ../build/x86_Debug/TEST_op_DivRem.o
 .debug_info    0x6cd5a659     0x5cb1 ../build/x86_Debug/TEST_op_Equals.o
 .debug_info    0x6cd6030a     0x5e71 ../build/x86_Debug/TEST_op_ExclusiveOr.o
 .debug_info    0x6cd6617b     0x5c37 ../build/x86_Debug/TEST_op_From_To.o
 .debug_info    0x6cd6bdb2     0x5f05 ../build/x86_Debug/TEST_op_GreatestCommonDivisor.o
 .debug_info    0x6cd71cb7     0x5afd ../build/x86_Debug/TEST_op_ModPow.o
 .debug_info    0x6cd777b4     0x5e6b ../build/x86_Debug/TEST_op_Multiply.o
 .debug_info    0x6cd7d61f     0x5bf2 ../build/x86_Debug/TEST_op_ParseDN.o
 .debug_info    0x6cd83211     0x5a93 ../build/x86_Debug/TEST_op_ParseX.o
 .debug_info    0x6cd88ca4     0x5a71 ../build/x86_Debug/TEST_op_Pow.o
 .debug_info    0x6cd8e715     0x5df7 ../build/x86_Debug/TEST_op_Remainder.o
 .debug_info    0x6cd9450c     0x5b22 ../build/x86_Debug/TEST_op_Shift.o
 .debug_info    0x6cd9a02e     0x5e3f ../build/x86_Debug/TEST_op_Subtruct.o
 .debug_info    0x6cd9fe6d     0x5a29 ../build/x86_Debug/TEST_op_ToStringD.o
 .debug_info    0x6cda5896     0x5a8f ../build/x86_Debug/TEST_op_ToStringN.o
 .debug_info    0x6cdab325     0x5a29 ../build/x86_Debug/TEST_op_ToStringX.o

.zdebug_info
 *(.zdebug_info .zdebug.gnu.linkonce.wi.*)

.debug_abbrev   0x6cdb1000     0x7a00
 *(.debug_abbrev)
 .debug_abbrev  0x6cdb1000      0x200 ../build/x86_Debug/cpuid.o
 .debug_abbrev  0x6cdb1200      0x288 ../build/x86_Debug/debug.o
 .debug_abbrev  0x6cdb1488      0x175 ../build/x86_Debug/dllmain.o
 .debug_abbrev  0x6cdb15fd      0x24a ../build/x86_Debug/INTERNALTEST_op_DivRem.o
 .debug_abbrev  0x6cdb1847      0x24a ../build/x86_Debug/INTERNALTEST_op_Multiply.o
 .debug_abbrev  0x6cdb1a91      0x33d ../build/x86_Debug/pmc_add.o
 .debug_abbrev  0x6cdb1dce      0x289 ../build/x86_Debug/pmc_bitwiseand.o
 .debug_abbrev  0x6cdb2057      0x34b ../build/x86_Debug/pmc_bitwiseor.o
 .debug_abbrev  0x6cdb23a2      0x2aa ../build/x86_Debug/pmc_bytes.o
 .debug_abbrev  0x6cdb264c      0x1cc ../build/x86_Debug/pmc_clone.o
 .debug_abbrev  0x6cdb2818      0x2cb ../build/x86_Debug/pmc_compare.o
 .debug_abbrev  0x6cdb2ae3      0x42a ../build/x86_Debug/pmc_divrem.o
 .debug_abbrev  0x6cdb2f0d      0x2a6 ../build/x86_Debug/pmc_equals.o
 .debug_abbrev  0x6cdb31b3      0x34b ../build/x86_Debug/pmc_exclusiveor.o
 .debug_abbrev  0x6cdb34fe      0x27b ../build/x86_Debug/pmc_from.o
 .debug_abbrev  0x6cdb3779      0x33e ../build/x86_Debug/pmc_greatestcommondivisor.o
 .debug_abbrev  0x6cdb3ab7      0x294 ../build/x86_Debug/pmc_initialize.o
 .debug_abbrev  0x6cdb3d4b      0x4d2 ../build/x86_Debug/pmc_memory.o
 .debug_abbrev  0x6cdb421d      0x2d8 ../build/x86_Debug/pmc_modpow.o
 .debug_abbrev  0x6cdb44f5      0x3da ../build/x86_Debug/pmc_multiply.o
 .debug_abbrev  0x6cdb48cf      0x40d ../build/x86_Debug/pmc_parse.o
 .debug_abbrev  0x6cdb4cdc      0x309 ../build/x86_Debug/pmc_pow.o
 .debug_abbrev  0x6cdb4fe5      0x2de ../build/x86_Debug/pmc_shift.o
 .debug_abbrev  0x6cdb52c3      0x18c ../build/x86_Debug/pmc_statistics.o
 .debug_abbrev  0x6cdb544f      0x33c ../build/x86_Debug/pmc_subtruct.o
 .debug_abbrev  0x6cdb578b      0x1e6 ../build/x86_Debug/pmc_to.o
 .debug_abbrev  0x6cdb5971      0x40d ../build/x86_Debug/pmc_tostring.o
 .debug_abbrev  0x6cdb5d7e      0x212 ../build/x86_Debug/TEST_autogenerated.o
 .debug_abbrev  0x6cdb5f90      0x1f8 ../build/x86_Debug/TEST_op_Add.o
 .debug_abbrev  0x6cdb6188      0x1f8 ../build/x86_Debug/TEST_op_BitwiseAnd.o
 .debug_abbrev  0x6cdb6380      0x1f8 ../build/x86_Debug/TEST_op_BitwiseOr.o
 .debug_abbrev  0x6cdb6578      0x1d6 ../build/x86_Debug/TEST_op_Clone.o
 .debug_abbrev  0x6cdb674e      0x1f8 ../build/x86_Debug/TEST_op_Compare.o
 .debug_abbrev  0x6cdb6946      0x21a ../build/x86_Debug/TEST_op_DivRem.o
 .debug_abbrev  0x6cdb6b60      0x1f8 ../build/x86_Debug/TEST_op_Equals.o
 .debug_abbrev  0x6cdb6d58      0x1f8 ../build/x86_Debug/TEST_op_ExclusiveOr.o
 .debug_abbrev  0x6cdb6f50      0x1f8 ../build/x86_Debug/TEST_op_From_To.o
 .debug_abbrev  0x6cdb7148      0x209 ../build/x86_Debug/TEST_op_GreatestCommonDivisor.o
 .debug_abbrev  0x6cdb7351      0x1e7 ../build/x86_Debug/TEST_op_ModPow.o
 .debug_abbrev  0x6cdb7538      0x1f8 ../build/x86_Debug/TEST_op_Multiply.o
 .debug_abbrev  0x6cdb7730      0x229 ../build/x86_Debug/TEST_op_ParseDN.o
 .debug_abbrev  0x6cdb7959      0x1f6 ../build/x86_Debug/TEST_op_ParseX.o
 .debug_abbrev  0x6cdb7b4f      0x1df ../build/x86_Debug/TEST_op_Pow.o
 .debug_abbrev  0x6cdb7d2e      0x1f8 ../build/x86_Debug/TEST_op_Remainder.o
 .debug_abbrev  0x6cdb7f26      0x1f8 ../build/x86_Debug/TEST_op_Shift.o
 .debug_abbrev  0x6cdb811e      0x1f8 ../build/x86_Debug/TEST_op_Subtruct.o
 .debug_abbrev  0x6cdb8316      0x1e3 ../build/x86_Debug/TEST_op_ToStringD.o
 .debug_abbrev  0x6cdb84f9      0x1f4 ../build/x86_Debug/TEST_op_ToStringN.o
 .debug_abbrev  0x6cdb86ed      0x1e3 ../build/x86_Debug/TEST_op_ToStringX.o

.zdebug_abbrev
 *(.zdebug_abbrev)

.debug_line     0x6cdb9000    0x36800
 *(.debug_line)
 .debug_line    0x6cdb9000      0x3a9 ../build/x86_Debug/cpuid.o
 .debug_line    0x6cdb93a9      0x34c ../build/x86_Debug/debug.o
 .debug_line    0x6cdb96f5      0x24e ../build/x86_Debug/dllmain.o
 .debug_line    0x6cdb9943      0x425 ../build/x86_Debug/INTERNALTEST_op_DivRem.o
 .debug_line    0x6cdb9d68      0x3ae ../build/x86_Debug/INTERNALTEST_op_Multiply.o
 .debug_line    0x6cdba116      0x88d ../build/x86_Debug/pmc_add.o
 .debug_line    0x6cdba9a3      0x8b2 ../build/x86_Debug/pmc_bitwiseand.o
 .debug_line    0x6cdbb255      0x9ef ../build/x86_Debug/pmc_bitwiseor.o
 .debug_line    0x6cdbbc44      0x4fa ../build/x86_Debug/pmc_bytes.o
 .debug_line    0x6cdbc13e      0x292 ../build/x86_Debug/pmc_clone.o
 .debug_line    0x6cdbc3d0      0x61a ../build/x86_Debug/pmc_compare.o
 .debug_line    0x6cdbc9ea     0x18b7 ../build/x86_Debug/pmc_divrem.o
 .debug_line    0x6cdbe2a1      0x4b1 ../build/x86_Debug/pmc_equals.o
 .debug_line    0x6cdbe752      0xa26 ../build/x86_Debug/pmc_exclusiveor.o
 .debug_line    0x6cdbf178      0x362 ../build/x86_Debug/pmc_from.o
 .debug_line    0x6cdbf4da      0x83e ../build/x86_Debug/pmc_greatestcommondivisor.o
 .debug_line    0x6cdbfd18      0x4ae ../build/x86_Debug/pmc_initialize.o
 .debug_line    0x6cdc01c6      0xac3 ../build/x86_Debug/pmc_memory.o
 .debug_line    0x6cdc0c89      0x6ea ../build/x86_Debug/pmc_modpow.o
 .debug_line    0x6cdc1373      0x9f1 ../build/x86_Debug/pmc_multiply.o
 .debug_line    0x6cdc1d64     0x1416 ../build/x86_Debug/pmc_parse.o
 .debug_line    0x6cdc317a      0x4c0 ../build/x86_Debug/pmc_pow.o
 .debug_line    0x6cdc363a     0x17fd ../build/x86_Debug/pmc_shift.o
 .debug_line    0x6cdc4e37      0x21c ../build/x86_Debug/pmc_statistics.o
 .debug_line    0x6cdc5053      0x807 ../build/x86_Debug/pmc_subtruct.o
 .debug_line    0x6cdc585a      0x2f8 ../build/x86_Debug/pmc_to.o
 .debug_line    0x6cdc5b52      0xb30 ../build/x86_Debug/pmc_tostring.o
 .debug_line    0x6cdc6682    0x24408 ../build/x86_Debug/TEST_autogenerated.o
 .debug_line    0x6cdeaa8a      0x487 ../build/x86_Debug/TEST_op_Add.o
 .debug_line    0x6cdeaf11      0x3f4 ../build/x86_Debug/TEST_op_BitwiseAnd.o
 .debug_line    0x6cdeb305      0x48d ../build/x86_Debug/TEST_op_BitwiseOr.o
 .debug_line    0x6cdeb792      0x2b7 ../build/x86_Debug/TEST_op_Clone.o
 .debug_line    0x6cdeba49      0x398 ../build/x86_Debug/TEST_op_Compare.o
 .debug_line    0x6cdebde1      0x4ac ../build/x86_Debug/TEST_op_DivRem.o
 .debug_line    0x6cdec28d      0x397 ../build/x86_Debug/TEST_op_Equals.o
 .debug_line    0x6cdec624      0x494 ../build/x86_Debug/TEST_op_ExclusiveOr.o
 .debug_line    0x6cdecab8      0x376 ../build/x86_Debug/TEST_op_From_To.o
 .debug_line    0x6cdece2e      0x4ad ../build/x86_Debug/TEST_op_GreatestCommonDivisor.o
 .debug_line    0x6cded2db      0x2ff ../build/x86_Debug/TEST_op_ModPow.o
 .debug_line    0x6cded5da      0x48c ../build/x86_Debug/TEST_op_Multiply.o
 .debug_line    0x6cdeda66      0x31d ../build/x86_Debug/TEST_op_ParseDN.o
 .debug_line    0x6cdedd83      0x2bb ../build/x86_Debug/TEST_op_ParseX.o
 .debug_line    0x6cdee03e      0x2b8 ../build/x86_Debug/TEST_op_Pow.o
 .debug_line    0x6cdee2f6      0x40e ../build/x86_Debug/TEST_op_Remainder.o
 .debug_line    0x6cdee704      0x322 ../build/x86_Debug/TEST_op_Shift.o
 .debug_line    0x6cdeea26      0x455 ../build/x86_Debug/TEST_op_Subtruct.o
 .debug_line    0x6cdeee7b      0x28f ../build/x86_Debug/TEST_op_ToStringD.o
 .debug_line    0x6cdef10a      0x290 ../build/x86_Debug/TEST_op_ToStringN.o
 .debug_line    0x6cdef39a      0x28f ../build/x86_Debug/TEST_op_ToStringX.o

.zdebug_line
 *(.zdebug_line)

.debug_frame
 *(.debug_frame*)

.zdebug_frame
 *(.zdebug_frame*)

.debug_str      0x6cdf0000     0x1200
 *(.debug_str)
 .debug_str     0x6cdf0000       0x29 ../build/x86_Debug/cpuid.o
 .debug_str     0x6cdf0029       0x13 ../build/x86_Debug/debug.o
 .debug_str     0x6cdf003c        0x9 ../build/x86_Debug/dllmain.o
 .debug_str     0x6cdf0045       0x19 ../build/x86_Debug/INTERNALTEST_op_DivRem.o
 .debug_str     0x6cdf005e       0x19 ../build/x86_Debug/INTERNALTEST_op_Multiply.o
 .debug_str     0x6cdf0077       0x67 ../build/x86_Debug/pmc_add.o
 .debug_str     0x6cdf00de       0x20 ../build/x86_Debug/pmc_bitwiseand.o
 .debug_str     0x6cdf00fe       0x73 ../build/x86_Debug/pmc_bitwiseor.o
 .debug_str     0x6cdf0171       0x6c ../build/x86_Debug/pmc_bytes.o
 .debug_str     0x6cdf01dd       0x19 ../build/x86_Debug/pmc_clone.o
 .debug_str     0x6cdf01f6       0x3f ../build/x86_Debug/pmc_compare.o
 .debug_str     0x6cdf0235      0x133 ../build/x86_Debug/pmc_divrem.o
 .debug_str     0x6cdf0368       0x38 ../build/x86_Debug/pmc_equals.o
 .debug_str     0x6cdf03a0       0x60 ../build/x86_Debug/pmc_exclusiveor.o
 .debug_str     0x6cdf0400       0x2d ../build/x86_Debug/pmc_from.o
 .debug_str     0x6cdf042d       0xc9 ../build/x86_Debug/pmc_greatestcommondivisor.o
 .debug_str     0x6cdf04f6       0x8c ../build/x86_Debug/pmc_initialize.o
 .debug_str     0x6cdf0582       0x72 ../build/x86_Debug/pmc_memory.o
 .debug_str     0x6cdf05f4       0x59 ../build/x86_Debug/pmc_modpow.o
 .debug_str     0x6cdf064d       0xab ../build/x86_Debug/pmc_multiply.o
 .debug_str     0x6cdf06f8       0xfa ../build/x86_Debug/pmc_parse.o
 .debug_str     0x6cdf07f2       0x2d ../build/x86_Debug/pmc_pow.o
 .debug_str     0x6cdf081f       0xa0 ../build/x86_Debug/pmc_shift.o
 .debug_str     0x6cdf08bf        0x9 ../build/x86_Debug/pmc_statistics.o
 .debug_str     0x6cdf08c8       0x8e ../build/x86_Debug/pmc_subtruct.o
 .debug_str     0x6cdf0956       0x19 ../build/x86_Debug/pmc_to.o
 .debug_str     0x6cdf096f       0xa7 ../build/x86_Debug/pmc_tostring.o
 .debug_str     0x6cdf0a16        0x9 ../build/x86_Debug/TEST_autogenerated.o
 .debug_str     0x6cdf0a1f       0xca ../build/x86_Debug/TEST_op_Add.o
 .debug_str     0x6cdf0ae9       0x4b ../build/x86_Debug/TEST_op_BitwiseAnd.o
 .debug_str     0x6cdf0b34       0x81 ../build/x86_Debug/TEST_op_BitwiseOr.o
 .debug_str     0x6cdf0bb5        0x9 ../build/x86_Debug/TEST_op_Clone.o
 .debug_str     0x6cdf0bbe       0x5e ../build/x86_Debug/TEST_op_Compare.o
 .debug_str     0x6cdf0c1c       0xbb ../build/x86_Debug/TEST_op_DivRem.o
 .debug_str     0x6cdf0cd7       0x5e ../build/x86_Debug/TEST_op_Equals.o
 .debug_str     0x6cdf0d35       0x81 ../build/x86_Debug/TEST_op_ExclusiveOr.o
 .debug_str     0x6cdf0db6       0x45 ../build/x86_Debug/TEST_op_From_To.o
 .debug_str     0x6cdf0dfb       0xde ../build/x86_Debug/TEST_op_GreatestCommonDivisor.o
 .debug_str     0x6cdf0ed9        0x9 ../build/x86_Debug/TEST_op_ModPow.o
 .debug_str     0x6cdf0ee2       0xca ../build/x86_Debug/TEST_op_Multiply.o
 .debug_str     0x6cdf0fac       0x5e ../build/x86_Debug/TEST_op_ParseDN.o
 .debug_str     0x6cdf100a        0x9 ../build/x86_Debug/TEST_op_ParseX.o
 .debug_str     0x6cdf1013        0x9 ../build/x86_Debug/TEST_op_Pow.o
 .debug_str     0x6cdf101c       0x5f ../build/x86_Debug/TEST_op_Remainder.o
 .debug_str     0x6cdf107b       0x66 ../build/x86_Debug/TEST_op_Shift.o
 .debug_str     0x6cdf10e1       0xa8 ../build/x86_Debug/TEST_op_Subtruct.o
 .debug_str     0x6cdf1189        0x9 ../build/x86_Debug/TEST_op_ToStringD.o
 .debug_str     0x6cdf1192        0x9 ../build/x86_Debug/TEST_op_ToStringN.o
 .debug_str     0x6cdf119b        0x9 ../build/x86_Debug/TEST_op_ToStringX.o

.zdebug_str
 *(.zdebug_str)

.debug_loc
 *(.debug_loc)

.zdebug_loc
 *(.zdebug_loc)

.debug_macinfo
 *(.debug_macinfo)

.zdebug_macinfo
 *(.zdebug_macinfo)

.debug_weaknames
 *(.debug_weaknames)

.zdebug_weaknames
 *(.zdebug_weaknames)

.debug_funcnames
 *(.debug_funcnames)

.zdebug_funcnames
 *(.zdebug_funcnames)

.debug_typenames
 *(.debug_typenames)

.zdebug_typenames
 *(.zdebug_typenames)

.debug_varnames
 *(.debug_varnames)

.zdebug_varnames
 *(.zdebug_varnames)

.debug_macro
 *(.debug_macro)

.zdebug_macro
 *(.zdebug_macro)

.debug_ranges   0x6cdf2000      0x200
 *(.debug_ranges)
 .debug_ranges  0x6cdf2000       0xc8 ../build/x86_Debug/pmc_compare.o
 .debug_ranges  0x6cdf20c8       0x30 ../build/x86_Debug/pmc_divrem.o
 .debug_ranges  0x6cdf20f8       0x60 ../build/x86_Debug/pmc_subtruct.o

.zdebug_ranges
 *(.zdebug_ranges)

.debug_types
 *(.debug_types .gnu.linkonce.wt.*)

.zdebug_types
 *(.zdebug_types .gnu.linkonce.wt.*)

.debug_gdb_scripts
 *(.debug_gdb_scripts)

.zdebug_gdb_scripts
 *(.zdebug_gdb_scripts)
OUTPUT(../../dist/x86_Debug/Palmtree.Math.Core.Uint.dll pei-i386)
LOAD dll stuff
