Archive member included to satisfy reference by file (symbol)

C:/GNU/MINGW64/i686-8.1.0-win32-dwarf-rt_v6-rev0/mingw32/bin/../lib/gcc/i686-w64-mingw32/8.1.0/../../../../i686-w64-mingw32/lib/../lib/libkernel32.a(dgzcs01342.o)
                              ../build/x86_Debug/pmc_parse.o (_imp__lstrlenW@4)
C:/GNU/MINGW64/i686-8.1.0-win32-dwarf-rt_v6-rev0/mingw32/bin/../lib/gcc/i686-w64-mingw32/8.1.0/../../../../i686-w64-mingw32/lib/../lib/libkernel32.a(dgzcs01336.o)
                              ../build/x86_Debug/pmc_parse.o (_imp__lstrcpyW@8)
C:/GNU/MINGW64/i686-8.1.0-win32-dwarf-rt_v6-rev0/mingw32/bin/../lib/gcc/i686-w64-mingw32/8.1.0/../../../../i686-w64-mingw32/lib/../lib/libkernel32.a(dgzcs01335.o)
                              ../build/x86_Debug/pmc_parse.o (_imp__lstrcpyA@8)
C:/GNU/MINGW64/i686-8.1.0-win32-dwarf-rt_v6-rev0/mingw32/bin/../lib/gcc/i686-w64-mingw32/8.1.0/../../../../i686-w64-mingw32/lib/../lib/libkernel32.a(dgzcs01330.o)
                              ../build/x86_Debug/TEST_op_ToStringD.o (_imp__lstrcmpW@8)
C:/GNU/MINGW64/i686-8.1.0-win32-dwarf-rt_v6-rev0/mingw32/bin/../lib/gcc/i686-w64-mingw32/8.1.0/../../../../i686-w64-mingw32/lib/../lib/libkernel32.a(dgzcs00729.o)
                              ../build/x86_Debug/pmc_memory.o (_imp__HeapFree@12)
C:/GNU/MINGW64/i686-8.1.0-win32-dwarf-rt_v6-rev0/mingw32/bin/../lib/gcc/i686-w64-mingw32/8.1.0/../../../../i686-w64-mingw32/lib/../lib/libkernel32.a(dgzcs00727.o)
                              ../build/x86_Debug/pmc_memory.o (_imp__HeapDestroy@4)
C:/GNU/MINGW64/i686-8.1.0-win32-dwarf-rt_v6-rev0/mingw32/bin/../lib/gcc/i686-w64-mingw32/8.1.0/../../../../i686-w64-mingw32/lib/../lib/libkernel32.a(dgzcs00725.o)
                              ../build/x86_Debug/pmc_memory.o (_imp__HeapCreate@12)
C:/GNU/MINGW64/i686-8.1.0-win32-dwarf-rt_v6-rev0/mingw32/bin/../lib/gcc/i686-w64-mingw32/8.1.0/../../../../i686-w64-mingw32/lib/../lib/libkernel32.a(dgzcs00723.o)
                              ../build/x86_Debug/pmc_memory.o (_imp__HeapAlloc@12)
C:/GNU/MINGW64/i686-8.1.0-win32-dwarf-rt_v6-rev0/mingw32/bin/../lib/gcc/i686-w64-mingw32/8.1.0/../../../../i686-w64-mingw32/lib/../lib/libkernel32.a(dgzcs00666.o)
                              ../build/x86_Debug/pmc_memory.o (_imp__GetTickCount@0)
C:/GNU/MINGW64/i686-8.1.0-win32-dwarf-rt_v6-rev0/mingw32/bin/../lib/gcc/i686-w64-mingw32/8.1.0/../../../../i686-w64-mingw32/lib/../lib/libkernel32.a(dgzch.o)
                              C:/GNU/MINGW64/i686-8.1.0-win32-dwarf-rt_v6-rev0/mingw32/bin/../lib/gcc/i686-w64-mingw32/8.1.0/../../../../i686-w64-mingw32/lib/../lib/libkernel32.a(dgzcs01342.o) (_head_lib32_libkernel32_a)
C:/GNU/MINGW64/i686-8.1.0-win32-dwarf-rt_v6-rev0/mingw32/bin/../lib/gcc/i686-w64-mingw32/8.1.0/../../../../i686-w64-mingw32/lib/../lib/libkernel32.a(dgzct.o)
                              C:/GNU/MINGW64/i686-8.1.0-win32-dwarf-rt_v6-rev0/mingw32/bin/../lib/gcc/i686-w64-mingw32/8.1.0/../../../../i686-w64-mingw32/lib/../lib/libkernel32.a(dgzch.o) (_lib32_libkernel32_a_iname)
C:/GNU/MINGW64/i686-8.1.0-win32-dwarf-rt_v6-rev0/mingw32/bin/../lib/gcc/i686-w64-mingw32/8.1.0/../../../../i686-w64-mingw32/lib/../lib/libuser32.a(dmces00912.o)
                              ../build/x86_Debug/debug.o (_imp__wsprintfW)
C:/GNU/MINGW64/i686-8.1.0-win32-dwarf-rt_v6-rev0/mingw32/bin/../lib/gcc/i686-w64-mingw32/8.1.0/../../../../i686-w64-mingw32/lib/../lib/libuser32.a(dmceh.o)
                              C:/GNU/MINGW64/i686-8.1.0-win32-dwarf-rt_v6-rev0/mingw32/bin/../lib/gcc/i686-w64-mingw32/8.1.0/../../../../i686-w64-mingw32/lib/../lib/libuser32.a(dmces00912.o) (_head_lib32_libuser32_a)
C:/GNU/MINGW64/i686-8.1.0-win32-dwarf-rt_v6-rev0/mingw32/bin/../lib/gcc/i686-w64-mingw32/8.1.0/../../../../i686-w64-mingw32/lib/../lib/libuser32.a(dmcet.o)
                              C:/GNU/MINGW64/i686-8.1.0-win32-dwarf-rt_v6-rev0/mingw32/bin/../lib/gcc/i686-w64-mingw32/8.1.0/../../../../i686-w64-mingw32/lib/../lib/libuser32.a(dmceh.o) (_lib32_libuser32_a_iname)

Allocating common symbols
Common symbol       size              file

number_zero         0x24              ../build/x86_Debug/pmc_memory.o
number_one          0x24              ../build/x86_Debug/pmc_memory.o
statistics_info     0x10              ../build/x86_Debug/pmc_statistics.o
hLocalHeap          0x4               ../build/x86_Debug/pmc_memory.o
configuration_info  0x4               ../build/x86_Debug/pmc_initialize.o

Discarded input sections

 .drectve       0x00000000       0x14 ../build/x86_Debug/debug.o
 .drectve       0x00000000       0x24 ../build/x86_Debug/pmc_initialize.o
 .drectve       0x00000000       0x54 ../build/x86_Debug/pmc_memory.o
 .drectve       0x00000000       0x20 ../build/x86_Debug/pmc_statistics.o
 .text          0x00000000        0x8 C:/GNU/MINGW64/i686-8.1.0-win32-dwarf-rt_v6-rev0/mingw32/bin/../lib/gcc/i686-w64-mingw32/8.1.0/../../../../i686-w64-mingw32/lib/../lib/libkernel32.a(dgzcs01342.o)
 .text          0x00000000        0x8 C:/GNU/MINGW64/i686-8.1.0-win32-dwarf-rt_v6-rev0/mingw32/bin/../lib/gcc/i686-w64-mingw32/8.1.0/../../../../i686-w64-mingw32/lib/../lib/libkernel32.a(dgzcs01336.o)
 .text          0x00000000        0x8 C:/GNU/MINGW64/i686-8.1.0-win32-dwarf-rt_v6-rev0/mingw32/bin/../lib/gcc/i686-w64-mingw32/8.1.0/../../../../i686-w64-mingw32/lib/../lib/libkernel32.a(dgzcs01335.o)
 .text          0x00000000        0x8 C:/GNU/MINGW64/i686-8.1.0-win32-dwarf-rt_v6-rev0/mingw32/bin/../lib/gcc/i686-w64-mingw32/8.1.0/../../../../i686-w64-mingw32/lib/../lib/libkernel32.a(dgzcs01330.o)
 .text          0x00000000        0x8 C:/GNU/MINGW64/i686-8.1.0-win32-dwarf-rt_v6-rev0/mingw32/bin/../lib/gcc/i686-w64-mingw32/8.1.0/../../../../i686-w64-mingw32/lib/../lib/libkernel32.a(dgzcs00729.o)
 .text          0x00000000        0x8 C:/GNU/MINGW64/i686-8.1.0-win32-dwarf-rt_v6-rev0/mingw32/bin/../lib/gcc/i686-w64-mingw32/8.1.0/../../../../i686-w64-mingw32/lib/../lib/libkernel32.a(dgzcs00727.o)
 .text          0x00000000        0x8 C:/GNU/MINGW64/i686-8.1.0-win32-dwarf-rt_v6-rev0/mingw32/bin/../lib/gcc/i686-w64-mingw32/8.1.0/../../../../i686-w64-mingw32/lib/../lib/libkernel32.a(dgzcs00725.o)
 .text          0x00000000        0x8 C:/GNU/MINGW64/i686-8.1.0-win32-dwarf-rt_v6-rev0/mingw32/bin/../lib/gcc/i686-w64-mingw32/8.1.0/../../../../i686-w64-mingw32/lib/../lib/libkernel32.a(dgzcs00723.o)
 .text          0x00000000        0x8 C:/GNU/MINGW64/i686-8.1.0-win32-dwarf-rt_v6-rev0/mingw32/bin/../lib/gcc/i686-w64-mingw32/8.1.0/../../../../i686-w64-mingw32/lib/../lib/libkernel32.a(dgzcs00666.o)
 .text          0x00000000        0x8 C:/GNU/MINGW64/i686-8.1.0-win32-dwarf-rt_v6-rev0/mingw32/bin/../lib/gcc/i686-w64-mingw32/8.1.0/../../../../i686-w64-mingw32/lib/../lib/libuser32.a(dmces00912.o)

Memory Configuration

Name             Origin             Length             Attributes
*default*        0x00000000         0xffffffff

Linker script and memory map

                0x6c640000                __image_base__ = 0x6c640000
                0x00000000                __dll__ = 0x0
                0x6c640000                ___ImageBase = 0x6c640000
                0x00001000                __section_alignment__ = 0x1000
                0x00000200                __file_alignment__ = 0x200
                0x00000004                __major_os_version__ = 0x4
                0x00000000                __minor_os_version__ = 0x0
                0x00000001                __major_image_version__ = 0x1
                0x00000000                __minor_image_version__ = 0x0
                0x00000004                __major_subsystem_version__ = 0x4
                0x00000000                __minor_subsystem_version__ = 0x0
                0x00000002                __subsystem__ = 0x2
                0x00200000                __size_of_stack_reserve__ = 0x200000
                0x00001000                __size_of_stack_commit__ = 0x1000
                0x00100000                __size_of_heap_reserve__ = 0x100000
                0x00001000                __size_of_heap_commit__ = 0x1000
                0x00000000                __loader_flags__ = 0x0
                0x00000000                __dll_characteristics__ = 0x0
LOAD ../build/x86_Debug/cpuid.o
LOAD ../build/x86_Debug/debug.o
LOAD ../build/x86_Debug/dllmain.o
LOAD ../build/x86_Debug/INTERNALTEST_op_DivRem.o
LOAD ../build/x86_Debug/INTERNALTEST_op_Multiply.o
LOAD ../build/x86_Debug/pmc_add.o
LOAD ../build/x86_Debug/pmc_bitwiseand.o
LOAD ../build/x86_Debug/pmc_bitwiseor.o
LOAD ../build/x86_Debug/pmc_bytes.o
LOAD ../build/x86_Debug/pmc_clone.o
LOAD ../build/x86_Debug/pmc_compare.o
LOAD ../build/x86_Debug/pmc_divrem.o
LOAD ../build/x86_Debug/pmc_equals.o
LOAD ../build/x86_Debug/pmc_exclusiveor.o
LOAD ../build/x86_Debug/pmc_from.o
LOAD ../build/x86_Debug/pmc_getnumbertype.o
LOAD ../build/x86_Debug/pmc_greatestcommondivisor.o
LOAD ../build/x86_Debug/pmc_initialize.o
LOAD ../build/x86_Debug/pmc_memory.o
LOAD ../build/x86_Debug/pmc_modpow.o
LOAD ../build/x86_Debug/pmc_multiply.o
LOAD ../build/x86_Debug/pmc_parse.o
LOAD ../build/x86_Debug/pmc_pow.o
LOAD ../build/x86_Debug/pmc_shift.o
LOAD ../build/x86_Debug/pmc_statistics.o
LOAD ../build/x86_Debug/pmc_subtruct.o
LOAD ../build/x86_Debug/pmc_to.o
LOAD ../build/x86_Debug/pmc_tostring.o
LOAD ../build/x86_Debug/TEST_autogenerated.o
LOAD ../build/x86_Debug/TEST_op_Add.o
LOAD ../build/x86_Debug/TEST_op_BitwiseAnd.o
LOAD ../build/x86_Debug/TEST_op_BitwiseOr.o
LOAD ../build/x86_Debug/TEST_op_Clone.o
LOAD ../build/x86_Debug/TEST_op_Compare.o
LOAD ../build/x86_Debug/TEST_op_DivRem.o
LOAD ../build/x86_Debug/TEST_op_Equals.o
LOAD ../build/x86_Debug/TEST_op_ExclusiveOr.o
LOAD ../build/x86_Debug/TEST_op_From_To.o
LOAD ../build/x86_Debug/TEST_op_GetNumberType.o
LOAD ../build/x86_Debug/TEST_op_GreatestCommonDivisor.o
LOAD ../build/x86_Debug/TEST_op_ModPow.o
LOAD ../build/x86_Debug/TEST_op_Multiply.o
LOAD ../build/x86_Debug/TEST_op_ParseDN.o
LOAD ../build/x86_Debug/TEST_op_ParseX.o
LOAD ../build/x86_Debug/TEST_op_Pow.o
LOAD ../build/x86_Debug/TEST_op_Shift.o
LOAD ../build/x86_Debug/TEST_op_Subtruct.o
LOAD ../build/x86_Debug/TEST_op_ToStringD.o
LOAD ../build/x86_Debug/TEST_op_ToStringN.o
LOAD ../build/x86_Debug/TEST_op_ToStringX.o
LOAD ../build/x86_Debug/version.o
LOAD C:/GNU/MINGW64/i686-8.1.0-win32-dwarf-rt_v6-rev0/mingw32/bin/../lib/gcc/i686-w64-mingw32/8.1.0/../../../../i686-w64-mingw32/lib/../lib/libkernel32.a
LOAD C:/GNU/MINGW64/i686-8.1.0-win32-dwarf-rt_v6-rev0/mingw32/bin/../lib/gcc/i686-w64-mingw32/8.1.0/../../../../i686-w64-mingw32/lib/../lib/libuser32.a
                0x000003d0                . = SIZEOF_HEADERS
                0x00001000                . = ALIGN (__section_alignment__)

.text           0x6c641000   0x405200
 *(.init)
 *(.text)
 .text          0x6c641000      0x2e4 ../build/x86_Debug/cpuid.o
                0x6c641123                GetCPUInfo
 .text          0x6c6412e4      0x338 ../build/x86_Debug/debug.o
                0x6c6413d2                DoDebug@4
                0x6c6414cc                TEST_Assert
                0x6c641528                FormatTestLabel
                0x6c641558                FormatTestMesssage
                0x6c641581                DumpBinary_UNIT
 .text          0x6c64161c       0x58 ../build/x86_Debug/dllmain.o
                0x6c64161c                DllMain@12
 .text          0x6c641674      0x444 ../build/x86_Debug/INTERNALTEST_op_DivRem.o
                0x6c6416fc                INTERNALTEST_DivRem_X_X
 .text          0x6c641ab8      0x2c4 ../build/x86_Debug/INTERNALTEST_op_Multiply.o
                0x6c641b58                INTERNALTEST_Multiply_X_X_Imp
 .text          0x6c641d7c     0x16e4 ../build/x86_Debug/pmc_add.o
                0x6c642d31                PMC_Add_I_X@12
                0x6c642db5                PMC_Add_X_I@12
                0x6c6430f0                PMC_Add_L_X@16
                0x6c643187                PMC_Add_X_L@16
                0x6c64321e                PMC_Add_X_X@12
                0x6c643436                Initialize_Add
 .text          0x6c643460      0xc70 ../build/x86_Debug/pmc_bitwiseand.o
                0x6c643bcc                PMC_BitwiseAnd_I_X@12
                0x6c643c50                PMC_BitwiseAnd_X_I@12
                0x6c643cd4                PMC_BitwiseAnd_L_X@16
                0x6c643dee                PMC_BitwiseAnd_X_L@16
                0x6c643f08                PMC_BitwiseAnd_X_X@12
                0x6c6440c9                Initialize_BitwiseAnd
 .text          0x6c6440d0     0x105c ../build/x86_Debug/pmc_bitwiseor.o
                0x6c644aa2                PMC_BitwiseOr_I_X@12
                0x6c644b26                PMC_BitwiseOr_X_I@12
                0x6c644e07                PMC_BitwiseOr_L_X@16
                0x6c644e9e                PMC_BitwiseOr_X_L@16
                0x6c644f35                PMC_BitwiseOr_X_X@12
                0x6c645123                Initialize_BitwiseOr
 .text          0x6c64512c      0x5e4 ../build/x86_Debug/pmc_bytes.o
                0x6c645211                PMC_FromByteArrayForSINT@16
                0x6c64539a                PMC_FromByteArray@12
                0x6c6454f0                PMC_ToByteArrayForSINT@20
                0x6c645639                PMC_ToByteArray@16
 .text          0x6c645710       0xac ../build/x86_Debug/pmc_clone.o
                0x6c645710                PMC_Clone_X@8
                0x6c6457b5                Initialize_Clone
 .text          0x6c6457bc      0x65c ../build/x86_Debug/pmc_compare.o
                0x6c645811                Compare_Imp
                0x6c645934                PMC_Compare_I_X@12
                0x6c64599b                PMC_Compare_X_I@12
                0x6c645bf4                PMC_Compare_L_X@16
                0x6c645c6e                PMC_Compare_X_L@16
                0x6c645ce4                PMC_Compare_X_X@12
                0x6c645e10                Initialize_Compare
 .text          0x6c645e18     0x4e8c ../build/x86_Debug/pmc_divrem.o
                0x6c64686c                DivRem_X_X
                0x6c646971                DivRem_X_1W
                0x6c649c74                PMC_DivRem_I_X@16
                0x6c649da0                PMC_DivRem_X_I@16
                0x6c649f9c                PMC_DivRem_L_X@20
                0x6c64a2ee                PMC_DivRem_X_L@20
                0x6c64a775                PMC_DivRem_X_X@16
                0x6c64ac6e                Initialize_DivRem
 .text          0x6c64aca4      0x554 ../build/x86_Debug/pmc_equals.o
                0x6c64acf9                Equals_X_X
                0x6c64adbd                PMC_Equals_I_X@12
                0x6c64ae26                PMC_Equals_X_I@12
                0x6c64afe7                PMC_Equals_L_X@16
                0x6c64b063                PMC_Equals_X_L@16
                0x6c64b0df                PMC_Equals_X_X@12
                0x6c64b1ef                Initialize_Equals
 .text          0x6c64b1f8     0x10e4 ../build/x86_Debug/pmc_exclusiveor.o
                0x6c64bbf3                PMC_ExclusiveOr_I_X@12
                0x6c64bc7d                PMC_ExclusiveOr_X_I@12
                0x6c64bf8d                PMC_ExclusiveOr_L_X@16
                0x6c64c02a                PMC_ExclusiveOr_X_L@16
                0x6c64c0c7                PMC_ExclusiveOr_X_X@12
                0x6c64c2d5                Initialize_ExclusiveOr
 .text          0x6c64c2dc      0x288 ../build/x86_Debug/pmc_from.o
                0x6c64c331                From_I_Imp
                0x6c64c391                From_L_Imp
                0x6c64c475                PMC_From_I@8
                0x6c64c4d8                PMC_From_L@12
                0x6c64c55e                Initialize_From
 .text          0x6c64c564       0xa8 ../build/x86_Debug/pmc_getnumbertype.o
                0x6c64c564                PMC_GetNumberType_X@8
                0x6c64c606                Initialize_GetPropertyValue
 .text          0x6c64c60c     0x1274 ../build/x86_Debug/pmc_greatestcommondivisor.o
                0x6c64cb67                PMC_GreatestCommonDivisor_I_X@12
                0x6c64cbeb                PMC_GreatestCommonDivisor_X_I@12
                0x6c64d335                PMC_GreatestCommonDivisor_L_X@16
                0x6c64d3cc                PMC_GreatestCommonDivisor_X_L@16
                0x6c64d463                PMC_GreatestCommonDivisor_X_X@12
                0x6c64d87a                Initialize_GreatestCommonDivisor
 .text          0x6c64d880      0x58c ../build/x86_Debug/pmc_initialize.o
                0x6c64d880                PMC_UINT_Initialize@4
 .text          0x6c64de0c     0x14b8 ../build/x86_Debug/pmc_memory.o
                0x6c64e7db                AllocateBlock
                0x6c64e8ca                DeallocateBlock
                0x6c64e9d8                CheckBlockLight
                0x6c64ec16                AttatchNumber
                0x6c64ec58                AllocateNumber
                0x6c64ecd3                DetatchNumber
                0x6c64ecfd                DeallocateNumber
                0x6c64ee10                CommitNumber
                0x6c64efde                CheckNumber
                0x6c64f062                DuplicateNumber
                0x6c64f122                PMC_GetConstantValue_I@8
                0x6c64f15c                PMC_Dispose@4
                0x6c64f18f                Initialize_Memory
                0x6c64f250                AllocateHeapArea
                0x6c64f293                DeallocateHeapArea
 .text          0x6c64f2c4     0x110c ../build/x86_Debug/pmc_modpow.o
                0x6c6502e2                PMC_ModPow_X_X_X@16
                0x6c6503c8                Initialize_ModPow
 .text          0x6c6503d0     0x2370 ../build/x86_Debug/pmc_multiply.o
                0x6c650536                Multiply_X_X_Imp
                0x6c651ff5                PMC_Multiply_I_X@12
                0x6c652079                PMC_Multiply_X_I@12
                0x6c65238c                PMC_Multiply_L_X@16
                0x6c652423                PMC_Multiply_X_L@16
                0x6c6524ba                PMC_Multiply_X_X@12
                0x6c6526db                Initialize_Multiply
 .text          0x6c652740     0x2c1c ../build/x86_Debug/pmc_parse.o
                0x6c6551b0                PMC_TryParse@16
                0x6c655298                Initialize_Parse
 .text          0x6c65535c      0x4f8 ../build/x86_Debug/pmc_pow.o
                0x6c6557ca                PMC_Pow_X_I@12
                0x6c65584e                Initialize_Pow
 .text          0x6c655854     0x3af0 ../build/x86_Debug/pmc_shift.o
                0x6c65595c                RightShift_Imp
                0x6c65671f                RightShift_Imp_DIV
                0x6c6574e2                LeftShift_Imp
                0x6c6582a2                LeftShift_Imp_DIV
                0x6c659062                PMC_RightShift_X_I@12
                0x6c6591d9                PMC_LeftShift_X_I@12
                0x6c65933c                Initialize_Shift
 .text          0x6c659344       0x38 ../build/x86_Debug/pmc_statistics.o
                0x6c659344                PMC_GetStatisticsInfo@4
 .text          0x6c65937c     0x11e8 ../build/x86_Debug/pmc_subtruct.o
                0x6c659948                Subtruct_Imp
                0x6c659afc                PMC_Subtruct_I_X@12
                0x6c659bfe                PMC_Subtruct_X_I@12
                0x6c659ddc                PMC_Subtruct_L_X@16
                0x6c65a02d                PMC_Subtruct_X_L@16
                0x6c65a358                PMC_Subtruct_X_X@12
                0x6c65a55b                Initialize_Subtruct
 .text          0x6c65a564      0x174 ../build/x86_Debug/pmc_to.o
                0x6c65a5a1                PMC_To_X_I@8
                0x6c65a607                PMC_To_X_L@8
                0x6c65a6d2                Initialize_To
 .text          0x6c65a6d8     0x1658 ../build/x86_Debug/pmc_tostring.o
                0x6c65bb27                PMC_ToString@24
                0x6c65bc9c                Initialize_ToString
 .text          0x6c65bd30   0x3e1c54 ../build/x86_Debug/TEST_autogenerated.o
                0x6c65bd30                TEST_autogenerated
 .text          0x6ca3d984      0xb48 ../build/x86_Debug/TEST_op_Add.o
                0x6ca3d9c6                TEST_PMC_Add_I_X
                0x6ca3dbd2                TEST_PMC_Add_L_X
                0x6ca3ddfd                TEST_PMC_Add_X_I
                0x6ca3e009                TEST_PMC_Add_X_L
                0x6ca3e234                TEST_PMC_Add_X_X
 .text          0x6ca3e4cc      0x8a0 ../build/x86_Debug/TEST_op_BitwiseAnd.o
                0x6ca3e50e                TEST_PMC_BitwiseAnd_I_X
                0x6ca3e660                TEST_PMC_BitwiseAnd_L_X
                0x6ca3e7ef                TEST_PMC_BitwiseAnd_X_I
                0x6ca3e941                TEST_PMC_BitwiseAnd_X_L
                0x6ca3ead0                TEST_PMC_BitwiseAnd_X_X
 .text          0x6ca3ed6c      0xb58 ../build/x86_Debug/TEST_op_BitwiseOr.o
                0x6ca3edae                TEST_PMC_BitwiseOr_I_X
                0x6ca3efbd                TEST_PMC_BitwiseOr_L_X
                0x6ca3f1eb                TEST_PMC_BitwiseOr_X_I
                0x6ca3f3fa                TEST_PMC_BitwiseOr_X_L
                0x6ca3f628                TEST_PMC_BitwiseOr_X_X
 .text          0x6ca3f8c4      0x248 ../build/x86_Debug/TEST_op_Clone.o
                0x6ca3f906                TEST_PMC_Clone_X
 .text          0x6ca3fb0c      0x74c ../build/x86_Debug/TEST_op_Compare.o
                0x6ca3fb0c                TEST_PMC_Compare_I_X
                0x6ca3fc5e                TEST_PMC_Compare_L_X
                0x6ca3fdc3                TEST_PMC_Compare_X_I
                0x6ca3ff15                TEST_PMC_Compare_X_L
                0x6ca4007a                TEST_PMC_Compare_X_X
 .text          0x6ca40258      0xcd8 ../build/x86_Debug/TEST_op_DivRem.o
                0x6ca4029a                TEST_PMC_DivRem_I_X
                0x6ca4043e                TEST_PMC_DivRem_L_X
                0x6ca4064a                TEST_PMC_DivRem_X_I
                0x6ca408b4                TEST_PMC_DivRem_X_L
                0x6ca40b8c                TEST_PMC_DivRem_X_X
 .text          0x6ca40f30      0x74c ../build/x86_Debug/TEST_op_Equals.o
                0x6ca40f30                TEST_PMC_Equals_I_X
                0x6ca41082                TEST_PMC_Equals_L_X
                0x6ca411e7                TEST_PMC_Equals_X_I
                0x6ca41339                TEST_PMC_Equals_X_L
                0x6ca4149e                TEST_PMC_Equals_X_X
 .text          0x6ca4167c      0xb58 ../build/x86_Debug/TEST_op_ExclusiveOr.o
                0x6ca416be                TEST_PMC_ExclusiveOr_I_X
                0x6ca418cd                TEST_PMC_ExclusiveOr_L_X
                0x6ca41afb                TEST_PMC_ExclusiveOr_X_I
                0x6ca41d0a                TEST_PMC_ExclusiveOr_X_L
                0x6ca41f38                TEST_PMC_ExclusiveOr_X_X
 .text          0x6ca421d4      0x624 ../build/x86_Debug/TEST_op_From_To.o
                0x6ca42216                TEST_PMC_From_I
                0x6ca42391                TEST_PMC_From_L
                0x6ca4252b                TEST_PMC_To_X_I
                0x6ca4267b                TEST_PMC_To_X_L
 .text          0x6ca427f8      0x148 ../build/x86_Debug/TEST_op_GetNumberType.o
                0x6ca427f8                TEST_PMC_GetNumberType_X
 .text          0x6ca42940      0xb94 ../build/x86_Debug/TEST_op_GreatestCommonDivisor.o
                0x6ca42982                TEST_PMC_GreatestCommonDivisor_I_X
                0x6ca42b9d                TEST_PMC_GreatestCommonDivisor_L_X
                0x6ca42dd7                TEST_PMC_GreatestCommonDivisor_X_I
                0x6ca42ff2                TEST_PMC_GreatestCommonDivisor_X_L
                0x6ca4322c                TEST_PMC_GreatestCommonDivisor_X_X
 .text          0x6ca434d4      0x37c ../build/x86_Debug/TEST_op_ModPow.o
                0x6ca43516                TEST_PMC_ModPow_X_X_X
 .text          0x6ca43850      0xb48 ../build/x86_Debug/TEST_op_Multiply.o
                0x6ca43892                TEST_PMC_Multiply_I_X
                0x6ca43a9e                TEST_PMC_Multiply_L_X
                0x6ca43cc9                TEST_PMC_Multiply_X_I
                0x6ca43ed5                TEST_PMC_Multiply_X_L
                0x6ca44100                TEST_PMC_Multiply_X_X
 .text          0x6ca44398      0x470 ../build/x86_Debug/TEST_op_ParseDN.o
                0x6ca443da                TEST_PMC_ParseDN1
                0x6ca445ef                TEST_PMC_ParseDN2
 .text          0x6ca44808      0x25c ../build/x86_Debug/TEST_op_ParseX.o
                0x6ca4484a                TEST_PMC_ParseX
 .text          0x6ca44a64      0x250 ../build/x86_Debug/TEST_op_Pow.o
                0x6ca44aa6                TEST_PMC_Pow_X_I
 .text          0x6ca44cb4      0x460 ../build/x86_Debug/TEST_op_Shift.o
                0x6ca44cf6                TEST_PMC_RightShift_X_I
                0x6ca44f05                TEST_PMC_LeftShift_X_I
 .text          0x6ca45114      0xa20 ../build/x86_Debug/TEST_op_Subtruct.o
                0x6ca45156                TEST_PMC_Subtruct_I_X
                0x6ca452ad                TEST_PMC_Subtruct_L_X
                0x6ca45441                TEST_PMC_Subtruct_X_I
                0x6ca45659                TEST_PMC_Subtruct_X_L
                0x6ca45890                TEST_PMC_Subtruct_X_X
 .text          0x6ca45b34      0x210 ../build/x86_Debug/TEST_op_ToStringD.o
                0x6ca45b34                TEST_PMC_ToStringD
 .text          0x6ca45d44      0x20c ../build/x86_Debug/TEST_op_ToStringN.o
                0x6ca45d44                TEST_PMC_ToStringN
 .text          0x6ca45f50      0x210 ../build/x86_Debug/TEST_op_ToStringX.o
                0x6ca45f50                TEST_PMC_ToStringX
 .text          0x6ca46160        0x0 C:/GNU/MINGW64/i686-8.1.0-win32-dwarf-rt_v6-rev0/mingw32/bin/../lib/gcc/i686-w64-mingw32/8.1.0/../../../../i686-w64-mingw32/lib/../lib/libkernel32.a(dgzch.o)
 .text          0x6ca46160        0x0 C:/GNU/MINGW64/i686-8.1.0-win32-dwarf-rt_v6-rev0/mingw32/bin/../lib/gcc/i686-w64-mingw32/8.1.0/../../../../i686-w64-mingw32/lib/../lib/libkernel32.a(dgzct.o)
 .text          0x6ca46160        0x0 C:/GNU/MINGW64/i686-8.1.0-win32-dwarf-rt_v6-rev0/mingw32/bin/../lib/gcc/i686-w64-mingw32/8.1.0/../../../../i686-w64-mingw32/lib/../lib/libuser32.a(dmceh.o)
 .text          0x6ca46160        0x0 C:/GNU/MINGW64/i686-8.1.0-win32-dwarf-rt_v6-rev0/mingw32/bin/../lib/gcc/i686-w64-mingw32/8.1.0/../../../../i686-w64-mingw32/lib/../lib/libuser32.a(dmcet.o)
 *(SORT_BY_NAME(.text$*))
 *(.text.*)
 *(.gnu.linkonce.t.*)
 *(.glue_7t)
 *(.glue_7)
                0x6ca46160                ___CTOR_LIST__ = .
                0x6ca46160                __CTOR_LIST__ = .
                0x6ca46160        0x4 LONG 0xffffffff
 *(.ctors)
 *(.ctor)
 *(SORT_BY_NAME(.ctors.*))
                0x6ca46164        0x4 LONG 0x0
                0x6ca46168                ___DTOR_LIST__ = .
                0x6ca46168                __DTOR_LIST__ = .
                0x6ca46168        0x4 LONG 0xffffffff
 *(.dtors)
 *(.dtor)
 *(SORT_BY_NAME(.dtors.*))
                0x6ca4616c        0x4 LONG 0x0
 *(.fini)
 *(.gcc_exc)
                [!provide]                PROVIDE (etext = .)
                [!provide]                PROVIDE (_etext = .)
 *(.gcc_except_table)

.data           0x6ca47000    0x6f600
                0x6ca47000                __data_start__ = .
 *(.data)
 .data          0x6ca47000        0x0 ../build/x86_Debug/cpuid.o
 .data          0x6ca47000        0x0 ../build/x86_Debug/debug.o
 .data          0x6ca47000        0x0 ../build/x86_Debug/dllmain.o
 .data          0x6ca47000        0x0 ../build/x86_Debug/INTERNALTEST_op_DivRem.o
 .data          0x6ca47000        0x0 ../build/x86_Debug/INTERNALTEST_op_Multiply.o
 .data          0x6ca47000        0x0 ../build/x86_Debug/pmc_add.o
 .data          0x6ca47000        0x0 ../build/x86_Debug/pmc_bitwiseand.o
 .data          0x6ca47000        0x0 ../build/x86_Debug/pmc_bitwiseor.o
 .data          0x6ca47000        0x0 ../build/x86_Debug/pmc_bytes.o
 .data          0x6ca47000        0x0 ../build/x86_Debug/pmc_clone.o
 .data          0x6ca47000        0x0 ../build/x86_Debug/pmc_compare.o
 .data          0x6ca47000        0x0 ../build/x86_Debug/pmc_divrem.o
 .data          0x6ca47000        0x0 ../build/x86_Debug/pmc_equals.o
 .data          0x6ca47000        0x0 ../build/x86_Debug/pmc_exclusiveor.o
 .data          0x6ca47000        0x0 ../build/x86_Debug/pmc_from.o
 .data          0x6ca47000        0x0 ../build/x86_Debug/pmc_getnumbertype.o
 .data          0x6ca47000        0x0 ../build/x86_Debug/pmc_greatestcommondivisor.o
 .data          0x6ca47000        0x0 ../build/x86_Debug/pmc_initialize.o
 .data          0x6ca47000        0x0 ../build/x86_Debug/pmc_memory.o
 .data          0x6ca47000        0x0 ../build/x86_Debug/pmc_modpow.o
 .data          0x6ca47000        0x0 ../build/x86_Debug/pmc_multiply.o
 .data          0x6ca47000        0x0 ../build/x86_Debug/pmc_parse.o
 .data          0x6ca47000        0x0 ../build/x86_Debug/pmc_pow.o
 .data          0x6ca47000        0x0 ../build/x86_Debug/pmc_shift.o
 .data          0x6ca47000        0x0 ../build/x86_Debug/pmc_statistics.o
 .data          0x6ca47000        0x0 ../build/x86_Debug/pmc_subtruct.o
 .data          0x6ca47000        0x0 ../build/x86_Debug/pmc_to.o
 .data          0x6ca47000       0xa0 ../build/x86_Debug/pmc_tostring.o
 .data          0x6ca470a0    0x6f380 ../build/x86_Debug/TEST_autogenerated.o
 .data          0x6cab6420        0x0 ../build/x86_Debug/TEST_op_Add.o
 .data          0x6cab6420        0x0 ../build/x86_Debug/TEST_op_BitwiseAnd.o
 .data          0x6cab6420        0x0 ../build/x86_Debug/TEST_op_BitwiseOr.o
 .data          0x6cab6420        0x0 ../build/x86_Debug/TEST_op_Clone.o
 .data          0x6cab6420        0x0 ../build/x86_Debug/TEST_op_Compare.o
 .data          0x6cab6420        0x0 ../build/x86_Debug/TEST_op_DivRem.o
 .data          0x6cab6420        0x0 ../build/x86_Debug/TEST_op_Equals.o
 .data          0x6cab6420        0x0 ../build/x86_Debug/TEST_op_ExclusiveOr.o
 .data          0x6cab6420        0x0 ../build/x86_Debug/TEST_op_From_To.o
 .data          0x6cab6420        0x0 ../build/x86_Debug/TEST_op_GetNumberType.o
 .data          0x6cab6420        0x0 ../build/x86_Debug/TEST_op_GreatestCommonDivisor.o
 .data          0x6cab6420        0x0 ../build/x86_Debug/TEST_op_ModPow.o
 .data          0x6cab6420        0x0 ../build/x86_Debug/TEST_op_Multiply.o
 .data          0x6cab6420        0x0 ../build/x86_Debug/TEST_op_ParseDN.o
 .data          0x6cab6420        0x0 ../build/x86_Debug/TEST_op_ParseX.o
 .data          0x6cab6420        0x0 ../build/x86_Debug/TEST_op_Pow.o
 .data          0x6cab6420        0x0 ../build/x86_Debug/TEST_op_Shift.o
 .data          0x6cab6420        0x0 ../build/x86_Debug/TEST_op_Subtruct.o
 .data          0x6cab6420        0x0 ../build/x86_Debug/TEST_op_ToStringD.o
 .data          0x6cab6420        0x0 ../build/x86_Debug/TEST_op_ToStringN.o
 .data          0x6cab6420        0x0 ../build/x86_Debug/TEST_op_ToStringX.o
 .data          0x6cab6420        0x0 C:/GNU/MINGW64/i686-8.1.0-win32-dwarf-rt_v6-rev0/mingw32/bin/../lib/gcc/i686-w64-mingw32/8.1.0/../../../../i686-w64-mingw32/lib/../lib/libkernel32.a(dgzcs01342.o)
 .data          0x6cab6420        0x0 C:/GNU/MINGW64/i686-8.1.0-win32-dwarf-rt_v6-rev0/mingw32/bin/../lib/gcc/i686-w64-mingw32/8.1.0/../../../../i686-w64-mingw32/lib/../lib/libkernel32.a(dgzcs01336.o)
 .data          0x6cab6420        0x0 C:/GNU/MINGW64/i686-8.1.0-win32-dwarf-rt_v6-rev0/mingw32/bin/../lib/gcc/i686-w64-mingw32/8.1.0/../../../../i686-w64-mingw32/lib/../lib/libkernel32.a(dgzcs01335.o)
 .data          0x6cab6420        0x0 C:/GNU/MINGW64/i686-8.1.0-win32-dwarf-rt_v6-rev0/mingw32/bin/../lib/gcc/i686-w64-mingw32/8.1.0/../../../../i686-w64-mingw32/lib/../lib/libkernel32.a(dgzcs01330.o)
 .data          0x6cab6420        0x0 C:/GNU/MINGW64/i686-8.1.0-win32-dwarf-rt_v6-rev0/mingw32/bin/../lib/gcc/i686-w64-mingw32/8.1.0/../../../../i686-w64-mingw32/lib/../lib/libkernel32.a(dgzcs00729.o)
 .data          0x6cab6420        0x0 C:/GNU/MINGW64/i686-8.1.0-win32-dwarf-rt_v6-rev0/mingw32/bin/../lib/gcc/i686-w64-mingw32/8.1.0/../../../../i686-w64-mingw32/lib/../lib/libkernel32.a(dgzcs00727.o)
 .data          0x6cab6420        0x0 C:/GNU/MINGW64/i686-8.1.0-win32-dwarf-rt_v6-rev0/mingw32/bin/../lib/gcc/i686-w64-mingw32/8.1.0/../../../../i686-w64-mingw32/lib/../lib/libkernel32.a(dgzcs00725.o)
 .data          0x6cab6420        0x0 C:/GNU/MINGW64/i686-8.1.0-win32-dwarf-rt_v6-rev0/mingw32/bin/../lib/gcc/i686-w64-mingw32/8.1.0/../../../../i686-w64-mingw32/lib/../lib/libkernel32.a(dgzcs00723.o)
 .data          0x6cab6420        0x0 C:/GNU/MINGW64/i686-8.1.0-win32-dwarf-rt_v6-rev0/mingw32/bin/../lib/gcc/i686-w64-mingw32/8.1.0/../../../../i686-w64-mingw32/lib/../lib/libkernel32.a(dgzcs00666.o)
 .data          0x6cab6420        0x0 C:/GNU/MINGW64/i686-8.1.0-win32-dwarf-rt_v6-rev0/mingw32/bin/../lib/gcc/i686-w64-mingw32/8.1.0/../../../../i686-w64-mingw32/lib/../lib/libkernel32.a(dgzch.o)
 .data          0x6cab6420        0x0 C:/GNU/MINGW64/i686-8.1.0-win32-dwarf-rt_v6-rev0/mingw32/bin/../lib/gcc/i686-w64-mingw32/8.1.0/../../../../i686-w64-mingw32/lib/../lib/libkernel32.a(dgzct.o)
 .data          0x6cab6420        0x0 C:/GNU/MINGW64/i686-8.1.0-win32-dwarf-rt_v6-rev0/mingw32/bin/../lib/gcc/i686-w64-mingw32/8.1.0/../../../../i686-w64-mingw32/lib/../lib/libuser32.a(dmces00912.o)
 .data          0x6cab6420        0x0 C:/GNU/MINGW64/i686-8.1.0-win32-dwarf-rt_v6-rev0/mingw32/bin/../lib/gcc/i686-w64-mingw32/8.1.0/../../../../i686-w64-mingw32/lib/../lib/libuser32.a(dmceh.o)
 .data          0x6cab6420        0x0 C:/GNU/MINGW64/i686-8.1.0-win32-dwarf-rt_v6-rev0/mingw32/bin/../lib/gcc/i686-w64-mingw32/8.1.0/../../../../i686-w64-mingw32/lib/../lib/libuser32.a(dmcet.o)
 *(.data2)
 *(SORT_BY_NAME(.data$*))
 *(.jcr)
                0x6cab6420                __data_end__ = .
 *(.data_cygwin_nocopy)

.rdata          0x6cab7000    0x59000
 *(.rdata)
 .rdata         0x6cab7000      0x1c4 ../build/x86_Debug/debug.o
 .rdata         0x6cab71c4       0xf0 ../build/x86_Debug/INTERNALTEST_op_DivRem.o
 .rdata         0x6cab72b4       0x7c ../build/x86_Debug/INTERNALTEST_op_Multiply.o
 .rdata         0x6cab7330       0xf0 ../build/x86_Debug/pmc_parse.o
 .rdata         0x6cab7420       0xe8 ../build/x86_Debug/pmc_tostring.o
 .rdata         0x6cab7508    0x55120 ../build/x86_Debug/TEST_autogenerated.o
 .rdata         0x6cb0c628      0x2b4 ../build/x86_Debug/TEST_op_Add.o
 .rdata         0x6cb0c8dc      0x344 ../build/x86_Debug/TEST_op_BitwiseAnd.o
 .rdata         0x6cb0cc20      0x32c ../build/x86_Debug/TEST_op_BitwiseOr.o
 .rdata         0x6cb0cf4c      0x114 ../build/x86_Debug/TEST_op_Clone.o
 .rdata         0x6cb0d060      0x2bc ../build/x86_Debug/TEST_op_Compare.o
 .rdata         0x6cb0d31c      0x304 ../build/x86_Debug/TEST_op_DivRem.o
 .rdata         0x6cb0d620      0x2ac ../build/x86_Debug/TEST_op_Equals.o
 .rdata         0x6cb0d8cc      0x354 ../build/x86_Debug/TEST_op_ExclusiveOr.o
 .rdata         0x6cb0dc20      0x200 ../build/x86_Debug/TEST_op_From_To.o
 .rdata         0x6cb0de20      0x104 ../build/x86_Debug/TEST_op_GetNumberType.o
 .rdata         0x6cb0df24      0x41c ../build/x86_Debug/TEST_op_GreatestCommonDivisor.o
 .rdata         0x6cb0e340      0x128 ../build/x86_Debug/TEST_op_ModPow.o
 .rdata         0x6cb0e468      0x318 ../build/x86_Debug/TEST_op_Multiply.o
 .rdata         0x6cb0e780      0x10c ../build/x86_Debug/TEST_op_ParseDN.o
 .rdata         0x6cb0e88c       0xdc ../build/x86_Debug/TEST_op_ParseX.o
 .rdata         0x6cb0e968      0x114 ../build/x86_Debug/TEST_op_Pow.o
 .rdata         0x6cb0ea7c      0x1b0 ../build/x86_Debug/TEST_op_Shift.o
 .rdata         0x6cb0ec2c      0x31c ../build/x86_Debug/TEST_op_Subtruct.o
 .rdata         0x6cb0ef48       0xe0 ../build/x86_Debug/TEST_op_ToStringD.o
 .rdata         0x6cb0f028       0xdc ../build/x86_Debug/TEST_op_ToStringN.o
 .rdata         0x6cb0f104       0xe0 ../build/x86_Debug/TEST_op_ToStringX.o
 *(SORT_BY_NAME(.rdata$*))
 .rdata$zzz     0x6cb0f1e4       0x40 ../build/x86_Debug/cpuid.o
 .rdata$zzz     0x6cb0f224       0x40 ../build/x86_Debug/debug.o
 .rdata$zzz     0x6cb0f264       0x40 ../build/x86_Debug/dllmain.o
 .rdata$zzz     0x6cb0f2a4       0x40 ../build/x86_Debug/INTERNALTEST_op_DivRem.o
 .rdata$zzz     0x6cb0f2e4       0x40 ../build/x86_Debug/INTERNALTEST_op_Multiply.o
 .rdata$zzz     0x6cb0f324       0x40 ../build/x86_Debug/pmc_add.o
 .rdata$zzz     0x6cb0f364       0x40 ../build/x86_Debug/pmc_bitwiseand.o
 .rdata$zzz     0x6cb0f3a4       0x40 ../build/x86_Debug/pmc_bitwiseor.o
 .rdata$zzz     0x6cb0f3e4       0x40 ../build/x86_Debug/pmc_bytes.o
 .rdata$zzz     0x6cb0f424       0x40 ../build/x86_Debug/pmc_clone.o
 .rdata$zzz     0x6cb0f464       0x40 ../build/x86_Debug/pmc_compare.o
 .rdata$zzz     0x6cb0f4a4       0x40 ../build/x86_Debug/pmc_divrem.o
 .rdata$zzz     0x6cb0f4e4       0x40 ../build/x86_Debug/pmc_equals.o
 .rdata$zzz     0x6cb0f524       0x40 ../build/x86_Debug/pmc_exclusiveor.o
 .rdata$zzz     0x6cb0f564       0x40 ../build/x86_Debug/pmc_from.o
 .rdata$zzz     0x6cb0f5a4       0x40 ../build/x86_Debug/pmc_getnumbertype.o
 .rdata$zzz     0x6cb0f5e4       0x40 ../build/x86_Debug/pmc_greatestcommondivisor.o
 .rdata$zzz     0x6cb0f624       0x40 ../build/x86_Debug/pmc_initialize.o
 .rdata$zzz     0x6cb0f664       0x40 ../build/x86_Debug/pmc_memory.o
 .rdata$zzz     0x6cb0f6a4       0x40 ../build/x86_Debug/pmc_modpow.o
 .rdata$zzz     0x6cb0f6e4       0x40 ../build/x86_Debug/pmc_multiply.o
 .rdata$zzz     0x6cb0f724       0x40 ../build/x86_Debug/pmc_parse.o
 .rdata$zzz     0x6cb0f764       0x40 ../build/x86_Debug/pmc_pow.o
 .rdata$zzz     0x6cb0f7a4       0x40 ../build/x86_Debug/pmc_shift.o
 .rdata$zzz     0x6cb0f7e4       0x40 ../build/x86_Debug/pmc_statistics.o
 .rdata$zzz     0x6cb0f824       0x40 ../build/x86_Debug/pmc_subtruct.o
 .rdata$zzz     0x6cb0f864       0x40 ../build/x86_Debug/pmc_to.o
 .rdata$zzz     0x6cb0f8a4       0x40 ../build/x86_Debug/pmc_tostring.o
 .rdata$zzz     0x6cb0f8e4       0x40 ../build/x86_Debug/TEST_autogenerated.o
 .rdata$zzz     0x6cb0f924       0x40 ../build/x86_Debug/TEST_op_Add.o
 .rdata$zzz     0x6cb0f964       0x40 ../build/x86_Debug/TEST_op_BitwiseAnd.o
 .rdata$zzz     0x6cb0f9a4       0x40 ../build/x86_Debug/TEST_op_BitwiseOr.o
 .rdata$zzz     0x6cb0f9e4       0x40 ../build/x86_Debug/TEST_op_Clone.o
 .rdata$zzz     0x6cb0fa24       0x40 ../build/x86_Debug/TEST_op_Compare.o
 .rdata$zzz     0x6cb0fa64       0x40 ../build/x86_Debug/TEST_op_DivRem.o
 .rdata$zzz     0x6cb0faa4       0x40 ../build/x86_Debug/TEST_op_Equals.o
 .rdata$zzz     0x6cb0fae4       0x40 ../build/x86_Debug/TEST_op_ExclusiveOr.o
 .rdata$zzz     0x6cb0fb24       0x40 ../build/x86_Debug/TEST_op_From_To.o
 .rdata$zzz     0x6cb0fb64       0x40 ../build/x86_Debug/TEST_op_GetNumberType.o
 .rdata$zzz     0x6cb0fba4       0x40 ../build/x86_Debug/TEST_op_GreatestCommonDivisor.o
 .rdata$zzz     0x6cb0fbe4       0x40 ../build/x86_Debug/TEST_op_ModPow.o
 .rdata$zzz     0x6cb0fc24       0x40 ../build/x86_Debug/TEST_op_Multiply.o
 .rdata$zzz     0x6cb0fc64       0x40 ../build/x86_Debug/TEST_op_ParseDN.o
 .rdata$zzz     0x6cb0fca4       0x40 ../build/x86_Debug/TEST_op_ParseX.o
 .rdata$zzz     0x6cb0fce4       0x40 ../build/x86_Debug/TEST_op_Pow.o
 .rdata$zzz     0x6cb0fd24       0x40 ../build/x86_Debug/TEST_op_Shift.o
 .rdata$zzz     0x6cb0fd64       0x40 ../build/x86_Debug/TEST_op_Subtruct.o
 .rdata$zzz     0x6cb0fda4       0x40 ../build/x86_Debug/TEST_op_ToStringD.o
 .rdata$zzz     0x6cb0fde4       0x40 ../build/x86_Debug/TEST_op_ToStringN.o
 .rdata$zzz     0x6cb0fe24       0x40 ../build/x86_Debug/TEST_op_ToStringX.o
                0x6cb0fe64                __rt_psrelocs_start = .
 *(.rdata_runtime_pseudo_reloc)
                0x6cb0fe64                __rt_psrelocs_end = .
                0x00000000                __rt_psrelocs_size = (__rt_psrelocs_end - __rt_psrelocs_start)
                0x6cb0fe64                ___RUNTIME_PSEUDO_RELOC_LIST_END__ = .
                0x6cb0fe64                __RUNTIME_PSEUDO_RELOC_LIST_END__ = .
                0x6cb0fe64                ___RUNTIME_PSEUDO_RELOC_LIST__ = (. - __rt_psrelocs_size)
                0x6cb0fe64                __RUNTIME_PSEUDO_RELOC_LIST__ = (. - __rt_psrelocs_size)

.eh_frame       0x6cb10000     0x4400
 *(.eh_frame*)
 .eh_frame      0x6cb10000       0xb8 ../build/x86_Debug/cpuid.o
 .eh_frame      0x6cb100b8      0x130 ../build/x86_Debug/debug.o
 .eh_frame      0x6cb101e8       0x38 ../build/x86_Debug/dllmain.o
 .eh_frame      0x6cb10220       0x8c ../build/x86_Debug/INTERNALTEST_op_DivRem.o
 .eh_frame      0x6cb102ac       0xac ../build/x86_Debug/INTERNALTEST_op_Multiply.o
 .eh_frame      0x6cb10358      0x430 ../build/x86_Debug/pmc_add.o
 .eh_frame      0x6cb10788      0x19c ../build/x86_Debug/pmc_bitwiseand.o
 .eh_frame      0x6cb10924      0x214 ../build/x86_Debug/pmc_bitwiseor.o
 .eh_frame      0x6cb10b38      0x128 ../build/x86_Debug/pmc_bytes.o
 .eh_frame      0x6cb10c60       0x4c ../build/x86_Debug/pmc_clone.o
 .eh_frame      0x6cb10cac      0x17c ../build/x86_Debug/pmc_compare.o
 .eh_frame      0x6cb10e28      0x748 ../build/x86_Debug/pmc_divrem.o
 .eh_frame      0x6cb11570      0x17c ../build/x86_Debug/pmc_equals.o
 .eh_frame      0x6cb116ec      0x214 ../build/x86_Debug/pmc_exclusiveor.o
 .eh_frame      0x6cb11900       0xf0 ../build/x86_Debug/pmc_from.o
 .eh_frame      0x6cb119f0       0x4c ../build/x86_Debug/pmc_getnumbertype.o
 .eh_frame      0x6cb11a3c      0x238 ../build/x86_Debug/pmc_greatestcommondivisor.o
 .eh_frame      0x6cb11c74       0x38 ../build/x86_Debug/pmc_initialize.o
 .eh_frame      0x6cb11cac      0x3f0 ../build/x86_Debug/pmc_memory.o
 .eh_frame      0x6cb1209c      0x18c ../build/x86_Debug/pmc_modpow.o
 .eh_frame      0x6cb12228      0x3b4 ../build/x86_Debug/pmc_multiply.o
 .eh_frame      0x6cb125dc      0x470 ../build/x86_Debug/pmc_parse.o
 .eh_frame      0x6cb12a4c      0x100 ../build/x86_Debug/pmc_pow.o
 .eh_frame      0x6cb12b4c      0x194 ../build/x86_Debug/pmc_shift.o
 .eh_frame      0x6cb12ce0       0x38 ../build/x86_Debug/pmc_statistics.o
 .eh_frame      0x6cb12d18      0x2e4 ../build/x86_Debug/pmc_subtruct.o
 .eh_frame      0x6cb12ffc       0x98 ../build/x86_Debug/pmc_to.o
 .eh_frame      0x6cb13094      0x2f8 ../build/x86_Debug/pmc_tostring.o
 .eh_frame      0x6cb1338c       0x3c ../build/x86_Debug/TEST_autogenerated.o
 .eh_frame      0x6cb133c8      0x114 ../build/x86_Debug/TEST_op_Add.o
 .eh_frame      0x6cb134dc      0x11c ../build/x86_Debug/TEST_op_BitwiseAnd.o
 .eh_frame      0x6cb135f8      0x114 ../build/x86_Debug/TEST_op_BitwiseOr.o
 .eh_frame      0x6cb1370c       0x64 ../build/x86_Debug/TEST_op_Clone.o
 .eh_frame      0x6cb13770       0xf4 ../build/x86_Debug/TEST_op_Compare.o
 .eh_frame      0x6cb13864      0x11c ../build/x86_Debug/TEST_op_DivRem.o
 .eh_frame      0x6cb13980       0xf4 ../build/x86_Debug/TEST_op_Equals.o
 .eh_frame      0x6cb13a74      0x114 ../build/x86_Debug/TEST_op_ExclusiveOr.o
 .eh_frame      0x6cb13b88       0xec ../build/x86_Debug/TEST_op_From_To.o
 .eh_frame      0x6cb13c74       0x44 ../build/x86_Debug/TEST_op_GetNumberType.o
 .eh_frame      0x6cb13cb8      0x114 ../build/x86_Debug/TEST_op_GreatestCommonDivisor.o
 .eh_frame      0x6cb13dcc       0x68 ../build/x86_Debug/TEST_op_ModPow.o
 .eh_frame      0x6cb13e34      0x114 ../build/x86_Debug/TEST_op_Multiply.o
 .eh_frame      0x6cb13f48       0x90 ../build/x86_Debug/TEST_op_ParseDN.o
 .eh_frame      0x6cb13fd8       0x64 ../build/x86_Debug/TEST_op_ParseX.o
 .eh_frame      0x6cb1403c       0x64 ../build/x86_Debug/TEST_op_Pow.o
 .eh_frame      0x6cb140a0       0x90 ../build/x86_Debug/TEST_op_Shift.o
 .eh_frame      0x6cb14130      0x118 ../build/x86_Debug/TEST_op_Subtruct.o
 .eh_frame      0x6cb14248       0x44 ../build/x86_Debug/TEST_op_ToStringD.o
 .eh_frame      0x6cb1428c       0x44 ../build/x86_Debug/TEST_op_ToStringN.o
 .eh_frame      0x6cb142d0       0x44 ../build/x86_Debug/TEST_op_ToStringX.o

.pdata
 *(.pdata*)

.bss            0x6cb15000    0x17518
                0x6cb15000                __bss_start__ = .
 *(.bss)
 .bss           0x6cb15000        0x0 ../build/x86_Debug/cpuid.o
 .bss           0x6cb15000      0x420 ../build/x86_Debug/debug.o
                0x6cb15000                test_total_count
                0x6cb15004                test_ok_count
                0x6cb15008                __DEBUG_LOG
 .bss           0x6cb15420        0x0 ../build/x86_Debug/dllmain.o
 .bss           0x6cb15420        0x0 ../build/x86_Debug/INTERNALTEST_op_DivRem.o
 .bss           0x6cb15420        0x0 ../build/x86_Debug/INTERNALTEST_op_Multiply.o
 .bss           0x6cb15420        0x4 ../build/x86_Debug/pmc_add.o
 .bss           0x6cb15424        0x0 ../build/x86_Debug/pmc_bitwiseand.o
 .bss           0x6cb15424        0x0 ../build/x86_Debug/pmc_bitwiseor.o
 .bss           0x6cb15424        0x0 ../build/x86_Debug/pmc_bytes.o
 .bss           0x6cb15424        0x0 ../build/x86_Debug/pmc_clone.o
 .bss           0x6cb15424        0x0 ../build/x86_Debug/pmc_compare.o
 .bss           0x6cb15424        0x4 ../build/x86_Debug/pmc_divrem.o
 .bss           0x6cb15428        0x0 ../build/x86_Debug/pmc_equals.o
 .bss           0x6cb15428        0x0 ../build/x86_Debug/pmc_exclusiveor.o
 .bss           0x6cb15428        0x0 ../build/x86_Debug/pmc_from.o
 .bss           0x6cb15428        0x0 ../build/x86_Debug/pmc_getnumbertype.o
 .bss           0x6cb15428        0x0 ../build/x86_Debug/pmc_greatestcommondivisor.o
 *fill*         0x6cb15428       0x18 
 .bss           0x6cb15440      0x120 ../build/x86_Debug/pmc_initialize.o
 .bss           0x6cb15560        0x0 ../build/x86_Debug/pmc_memory.o
 .bss           0x6cb15560        0x0 ../build/x86_Debug/pmc_modpow.o
 .bss           0x6cb15560        0xc ../build/x86_Debug/pmc_multiply.o
 *fill*         0x6cb1556c       0x14 
 .bss           0x6cb15580       0x40 ../build/x86_Debug/pmc_parse.o
 .bss           0x6cb155c0        0x0 ../build/x86_Debug/pmc_pow.o
 .bss           0x6cb155c0        0x0 ../build/x86_Debug/pmc_shift.o
 .bss           0x6cb155c0        0x0 ../build/x86_Debug/pmc_statistics.o
 .bss           0x6cb155c0        0x0 ../build/x86_Debug/pmc_subtruct.o
 .bss           0x6cb155c0        0x0 ../build/x86_Debug/pmc_to.o
 .bss           0x6cb155c0       0x40 ../build/x86_Debug/pmc_tostring.o
 .bss           0x6cb15600      0xb0c ../build/x86_Debug/TEST_autogenerated.o
 .bss           0x6cb1610c        0x0 ../build/x86_Debug/TEST_op_Add.o
 .bss           0x6cb1610c        0x0 ../build/x86_Debug/TEST_op_BitwiseAnd.o
 .bss           0x6cb1610c        0x0 ../build/x86_Debug/TEST_op_BitwiseOr.o
 .bss           0x6cb1610c        0x0 ../build/x86_Debug/TEST_op_Clone.o
 .bss           0x6cb1610c        0x0 ../build/x86_Debug/TEST_op_Compare.o
 .bss           0x6cb1610c        0x0 ../build/x86_Debug/TEST_op_DivRem.o
 .bss           0x6cb1610c        0x0 ../build/x86_Debug/TEST_op_Equals.o
 .bss           0x6cb1610c        0x0 ../build/x86_Debug/TEST_op_ExclusiveOr.o
 .bss           0x6cb1610c        0x0 ../build/x86_Debug/TEST_op_From_To.o
 .bss           0x6cb1610c        0x0 ../build/x86_Debug/TEST_op_GetNumberType.o
 .bss           0x6cb1610c        0x0 ../build/x86_Debug/TEST_op_GreatestCommonDivisor.o
 .bss           0x6cb1610c        0x0 ../build/x86_Debug/TEST_op_ModPow.o
 .bss           0x6cb1610c        0x0 ../build/x86_Debug/TEST_op_Multiply.o
 *fill*         0x6cb1610c       0x14 
 .bss           0x6cb16120      0x240 ../build/x86_Debug/TEST_op_ParseDN.o
 .bss           0x6cb16360      0x120 ../build/x86_Debug/TEST_op_ParseX.o
 .bss           0x6cb16480    0x10000 ../build/x86_Debug/TEST_op_Pow.o
 .bss           0x6cb26480        0x0 ../build/x86_Debug/TEST_op_Shift.o
 .bss           0x6cb26480        0x0 ../build/x86_Debug/TEST_op_Subtruct.o
 .bss           0x6cb26480     0x2000 ../build/x86_Debug/TEST_op_ToStringD.o
 .bss           0x6cb28480     0x2000 ../build/x86_Debug/TEST_op_ToStringN.o
 .bss           0x6cb2a480     0x2000 ../build/x86_Debug/TEST_op_ToStringX.o
 .bss           0x6cb2c480        0x0 C:/GNU/MINGW64/i686-8.1.0-win32-dwarf-rt_v6-rev0/mingw32/bin/../lib/gcc/i686-w64-mingw32/8.1.0/../../../../i686-w64-mingw32/lib/../lib/libkernel32.a(dgzcs01342.o)
 .bss           0x6cb2c480        0x0 C:/GNU/MINGW64/i686-8.1.0-win32-dwarf-rt_v6-rev0/mingw32/bin/../lib/gcc/i686-w64-mingw32/8.1.0/../../../../i686-w64-mingw32/lib/../lib/libkernel32.a(dgzcs01336.o)
 .bss           0x6cb2c480        0x0 C:/GNU/MINGW64/i686-8.1.0-win32-dwarf-rt_v6-rev0/mingw32/bin/../lib/gcc/i686-w64-mingw32/8.1.0/../../../../i686-w64-mingw32/lib/../lib/libkernel32.a(dgzcs01335.o)
 .bss           0x6cb2c480        0x0 C:/GNU/MINGW64/i686-8.1.0-win32-dwarf-rt_v6-rev0/mingw32/bin/../lib/gcc/i686-w64-mingw32/8.1.0/../../../../i686-w64-mingw32/lib/../lib/libkernel32.a(dgzcs01330.o)
 .bss           0x6cb2c480        0x0 C:/GNU/MINGW64/i686-8.1.0-win32-dwarf-rt_v6-rev0/mingw32/bin/../lib/gcc/i686-w64-mingw32/8.1.0/../../../../i686-w64-mingw32/lib/../lib/libkernel32.a(dgzcs00729.o)
 .bss           0x6cb2c480        0x0 C:/GNU/MINGW64/i686-8.1.0-win32-dwarf-rt_v6-rev0/mingw32/bin/../lib/gcc/i686-w64-mingw32/8.1.0/../../../../i686-w64-mingw32/lib/../lib/libkernel32.a(dgzcs00727.o)
 .bss           0x6cb2c480        0x0 C:/GNU/MINGW64/i686-8.1.0-win32-dwarf-rt_v6-rev0/mingw32/bin/../lib/gcc/i686-w64-mingw32/8.1.0/../../../../i686-w64-mingw32/lib/../lib/libkernel32.a(dgzcs00725.o)
 .bss           0x6cb2c480        0x0 C:/GNU/MINGW64/i686-8.1.0-win32-dwarf-rt_v6-rev0/mingw32/bin/../lib/gcc/i686-w64-mingw32/8.1.0/../../../../i686-w64-mingw32/lib/../lib/libkernel32.a(dgzcs00723.o)
 .bss           0x6cb2c480        0x0 C:/GNU/MINGW64/i686-8.1.0-win32-dwarf-rt_v6-rev0/mingw32/bin/../lib/gcc/i686-w64-mingw32/8.1.0/../../../../i686-w64-mingw32/lib/../lib/libkernel32.a(dgzcs00666.o)
 .bss           0x6cb2c480        0x0 C:/GNU/MINGW64/i686-8.1.0-win32-dwarf-rt_v6-rev0/mingw32/bin/../lib/gcc/i686-w64-mingw32/8.1.0/../../../../i686-w64-mingw32/lib/../lib/libkernel32.a(dgzch.o)
 .bss           0x6cb2c480        0x0 C:/GNU/MINGW64/i686-8.1.0-win32-dwarf-rt_v6-rev0/mingw32/bin/../lib/gcc/i686-w64-mingw32/8.1.0/../../../../i686-w64-mingw32/lib/../lib/libkernel32.a(dgzct.o)
 .bss           0x6cb2c480        0x0 C:/GNU/MINGW64/i686-8.1.0-win32-dwarf-rt_v6-rev0/mingw32/bin/../lib/gcc/i686-w64-mingw32/8.1.0/../../../../i686-w64-mingw32/lib/../lib/libuser32.a(dmces00912.o)
 .bss           0x6cb2c480        0x0 C:/GNU/MINGW64/i686-8.1.0-win32-dwarf-rt_v6-rev0/mingw32/bin/../lib/gcc/i686-w64-mingw32/8.1.0/../../../../i686-w64-mingw32/lib/../lib/libuser32.a(dmceh.o)
 .bss           0x6cb2c480        0x0 C:/GNU/MINGW64/i686-8.1.0-win32-dwarf-rt_v6-rev0/mingw32/bin/../lib/gcc/i686-w64-mingw32/8.1.0/../../../../i686-w64-mingw32/lib/../lib/libuser32.a(dmcet.o)
 *(COMMON)
 COMMON         0x6cb2c480        0x4 ../build/x86_Debug/pmc_initialize.o
                0x6cb2c480                configuration_info
 *fill*         0x6cb2c484       0x1c 
 COMMON         0x6cb2c4a0       0x68 ../build/x86_Debug/pmc_memory.o
                0x6cb2c4a0                number_zero
                0x6cb2c4e0                number_one
                0x6cb2c504                hLocalHeap
 COMMON         0x6cb2c508       0x10 ../build/x86_Debug/pmc_statistics.o
                0x6cb2c508                statistics_info
                0x6cb2c518                __bss_end__ = .

.edata          0x6cb2d000      0x200
 *(.edata)
 .edata         0x6cb2d000       0x58 dll stuff

/DISCARD/
 *(.debug$S)
 *(.debug$T)
 *(.debug$F)
 *(.drectve)
 *(.note.GNU-stack)
 *(.gnu.lto_*)

.idata          0x6cb2e000      0x200
 SORT_BY_NAME(*)(.idata$2)
 .idata$2       0x6cb2e000       0x14 C:/GNU/MINGW64/i686-8.1.0-win32-dwarf-rt_v6-rev0/mingw32/bin/../lib/gcc/i686-w64-mingw32/8.1.0/../../../../i686-w64-mingw32/lib/../lib/libkernel32.a(dgzch.o)
                0x6cb2e000                _head_lib32_libkernel32_a
 .idata$2       0x6cb2e014       0x14 C:/GNU/MINGW64/i686-8.1.0-win32-dwarf-rt_v6-rev0/mingw32/bin/../lib/gcc/i686-w64-mingw32/8.1.0/../../../../i686-w64-mingw32/lib/../lib/libuser32.a(dmceh.o)
                0x6cb2e014                _head_lib32_libuser32_a
 SORT_BY_NAME(*)(.idata$3)
                0x6cb2e028        0x4 LONG 0x0
                0x6cb2e02c        0x4 LONG 0x0
                0x6cb2e030        0x4 LONG 0x0
                0x6cb2e034        0x4 LONG 0x0
                0x6cb2e038        0x4 LONG 0x0
 SORT_BY_NAME(*)(.idata$4)
 .idata$4       0x6cb2e03c        0x0 C:/GNU/MINGW64/i686-8.1.0-win32-dwarf-rt_v6-rev0/mingw32/bin/../lib/gcc/i686-w64-mingw32/8.1.0/../../../../i686-w64-mingw32/lib/../lib/libkernel32.a(dgzch.o)
 .idata$4       0x6cb2e03c        0x4 C:/GNU/MINGW64/i686-8.1.0-win32-dwarf-rt_v6-rev0/mingw32/bin/../lib/gcc/i686-w64-mingw32/8.1.0/../../../../i686-w64-mingw32/lib/../lib/libkernel32.a(dgzcs00666.o)
 .idata$4       0x6cb2e040        0x4 C:/GNU/MINGW64/i686-8.1.0-win32-dwarf-rt_v6-rev0/mingw32/bin/../lib/gcc/i686-w64-mingw32/8.1.0/../../../../i686-w64-mingw32/lib/../lib/libkernel32.a(dgzcs00723.o)
 .idata$4       0x6cb2e044        0x4 C:/GNU/MINGW64/i686-8.1.0-win32-dwarf-rt_v6-rev0/mingw32/bin/../lib/gcc/i686-w64-mingw32/8.1.0/../../../../i686-w64-mingw32/lib/../lib/libkernel32.a(dgzcs00725.o)
 .idata$4       0x6cb2e048        0x4 C:/GNU/MINGW64/i686-8.1.0-win32-dwarf-rt_v6-rev0/mingw32/bin/../lib/gcc/i686-w64-mingw32/8.1.0/../../../../i686-w64-mingw32/lib/../lib/libkernel32.a(dgzcs00727.o)
 .idata$4       0x6cb2e04c        0x4 C:/GNU/MINGW64/i686-8.1.0-win32-dwarf-rt_v6-rev0/mingw32/bin/../lib/gcc/i686-w64-mingw32/8.1.0/../../../../i686-w64-mingw32/lib/../lib/libkernel32.a(dgzcs00729.o)
 .idata$4       0x6cb2e050        0x4 C:/GNU/MINGW64/i686-8.1.0-win32-dwarf-rt_v6-rev0/mingw32/bin/../lib/gcc/i686-w64-mingw32/8.1.0/../../../../i686-w64-mingw32/lib/../lib/libkernel32.a(dgzcs01330.o)
 .idata$4       0x6cb2e054        0x4 C:/GNU/MINGW64/i686-8.1.0-win32-dwarf-rt_v6-rev0/mingw32/bin/../lib/gcc/i686-w64-mingw32/8.1.0/../../../../i686-w64-mingw32/lib/../lib/libkernel32.a(dgzcs01335.o)
 .idata$4       0x6cb2e058        0x4 C:/GNU/MINGW64/i686-8.1.0-win32-dwarf-rt_v6-rev0/mingw32/bin/../lib/gcc/i686-w64-mingw32/8.1.0/../../../../i686-w64-mingw32/lib/../lib/libkernel32.a(dgzcs01336.o)
 .idata$4       0x6cb2e05c        0x4 C:/GNU/MINGW64/i686-8.1.0-win32-dwarf-rt_v6-rev0/mingw32/bin/../lib/gcc/i686-w64-mingw32/8.1.0/../../../../i686-w64-mingw32/lib/../lib/libkernel32.a(dgzcs01342.o)
 .idata$4       0x6cb2e060        0x4 C:/GNU/MINGW64/i686-8.1.0-win32-dwarf-rt_v6-rev0/mingw32/bin/../lib/gcc/i686-w64-mingw32/8.1.0/../../../../i686-w64-mingw32/lib/../lib/libkernel32.a(dgzct.o)
 .idata$4       0x6cb2e064        0x0 C:/GNU/MINGW64/i686-8.1.0-win32-dwarf-rt_v6-rev0/mingw32/bin/../lib/gcc/i686-w64-mingw32/8.1.0/../../../../i686-w64-mingw32/lib/../lib/libuser32.a(dmceh.o)
 .idata$4       0x6cb2e064        0x4 C:/GNU/MINGW64/i686-8.1.0-win32-dwarf-rt_v6-rev0/mingw32/bin/../lib/gcc/i686-w64-mingw32/8.1.0/../../../../i686-w64-mingw32/lib/../lib/libuser32.a(dmces00912.o)
 .idata$4       0x6cb2e068        0x4 C:/GNU/MINGW64/i686-8.1.0-win32-dwarf-rt_v6-rev0/mingw32/bin/../lib/gcc/i686-w64-mingw32/8.1.0/../../../../i686-w64-mingw32/lib/../lib/libuser32.a(dmcet.o)
                0x6cb2e06c                __IAT_start__ = .
 SORT_BY_NAME(*)(.idata$5)
 .idata$5       0x6cb2e06c        0x0 C:/GNU/MINGW64/i686-8.1.0-win32-dwarf-rt_v6-rev0/mingw32/bin/../lib/gcc/i686-w64-mingw32/8.1.0/../../../../i686-w64-mingw32/lib/../lib/libkernel32.a(dgzch.o)
 .idata$5       0x6cb2e06c        0x4 C:/GNU/MINGW64/i686-8.1.0-win32-dwarf-rt_v6-rev0/mingw32/bin/../lib/gcc/i686-w64-mingw32/8.1.0/../../../../i686-w64-mingw32/lib/../lib/libkernel32.a(dgzcs00666.o)
                0x6cb2e06c                _imp__GetTickCount@0
 .idata$5       0x6cb2e070        0x4 C:/GNU/MINGW64/i686-8.1.0-win32-dwarf-rt_v6-rev0/mingw32/bin/../lib/gcc/i686-w64-mingw32/8.1.0/../../../../i686-w64-mingw32/lib/../lib/libkernel32.a(dgzcs00723.o)
                0x6cb2e070                _imp__HeapAlloc@12
 .idata$5       0x6cb2e074        0x4 C:/GNU/MINGW64/i686-8.1.0-win32-dwarf-rt_v6-rev0/mingw32/bin/../lib/gcc/i686-w64-mingw32/8.1.0/../../../../i686-w64-mingw32/lib/../lib/libkernel32.a(dgzcs00725.o)
                0x6cb2e074                _imp__HeapCreate@12
 .idata$5       0x6cb2e078        0x4 C:/GNU/MINGW64/i686-8.1.0-win32-dwarf-rt_v6-rev0/mingw32/bin/../lib/gcc/i686-w64-mingw32/8.1.0/../../../../i686-w64-mingw32/lib/../lib/libkernel32.a(dgzcs00727.o)
                0x6cb2e078                _imp__HeapDestroy@4
 .idata$5       0x6cb2e07c        0x4 C:/GNU/MINGW64/i686-8.1.0-win32-dwarf-rt_v6-rev0/mingw32/bin/../lib/gcc/i686-w64-mingw32/8.1.0/../../../../i686-w64-mingw32/lib/../lib/libkernel32.a(dgzcs00729.o)
                0x6cb2e07c                _imp__HeapFree@12
 .idata$5       0x6cb2e080        0x4 C:/GNU/MINGW64/i686-8.1.0-win32-dwarf-rt_v6-rev0/mingw32/bin/../lib/gcc/i686-w64-mingw32/8.1.0/../../../../i686-w64-mingw32/lib/../lib/libkernel32.a(dgzcs01330.o)
                0x6cb2e080                _imp__lstrcmpW@8
 .idata$5       0x6cb2e084        0x4 C:/GNU/MINGW64/i686-8.1.0-win32-dwarf-rt_v6-rev0/mingw32/bin/../lib/gcc/i686-w64-mingw32/8.1.0/../../../../i686-w64-mingw32/lib/../lib/libkernel32.a(dgzcs01335.o)
                0x6cb2e084                _imp__lstrcpyA@8
 .idata$5       0x6cb2e088        0x4 C:/GNU/MINGW64/i686-8.1.0-win32-dwarf-rt_v6-rev0/mingw32/bin/../lib/gcc/i686-w64-mingw32/8.1.0/../../../../i686-w64-mingw32/lib/../lib/libkernel32.a(dgzcs01336.o)
                0x6cb2e088                _imp__lstrcpyW@8
 .idata$5       0x6cb2e08c        0x4 C:/GNU/MINGW64/i686-8.1.0-win32-dwarf-rt_v6-rev0/mingw32/bin/../lib/gcc/i686-w64-mingw32/8.1.0/../../../../i686-w64-mingw32/lib/../lib/libkernel32.a(dgzcs01342.o)
                0x6cb2e08c                _imp__lstrlenW@4
 .idata$5       0x6cb2e090        0x4 C:/GNU/MINGW64/i686-8.1.0-win32-dwarf-rt_v6-rev0/mingw32/bin/../lib/gcc/i686-w64-mingw32/8.1.0/../../../../i686-w64-mingw32/lib/../lib/libkernel32.a(dgzct.o)
 .idata$5       0x6cb2e094        0x0 C:/GNU/MINGW64/i686-8.1.0-win32-dwarf-rt_v6-rev0/mingw32/bin/../lib/gcc/i686-w64-mingw32/8.1.0/../../../../i686-w64-mingw32/lib/../lib/libuser32.a(dmceh.o)
 .idata$5       0x6cb2e094        0x4 C:/GNU/MINGW64/i686-8.1.0-win32-dwarf-rt_v6-rev0/mingw32/bin/../lib/gcc/i686-w64-mingw32/8.1.0/../../../../i686-w64-mingw32/lib/../lib/libuser32.a(dmces00912.o)
                0x6cb2e094                _imp__wsprintfW
 .idata$5       0x6cb2e098        0x4 C:/GNU/MINGW64/i686-8.1.0-win32-dwarf-rt_v6-rev0/mingw32/bin/../lib/gcc/i686-w64-mingw32/8.1.0/../../../../i686-w64-mingw32/lib/../lib/libuser32.a(dmcet.o)
                0x6cb2e09c                __IAT_end__ = .
 SORT_BY_NAME(*)(.idata$6)
 .idata$6       0x6cb2e09c       0x10 C:/GNU/MINGW64/i686-8.1.0-win32-dwarf-rt_v6-rev0/mingw32/bin/../lib/gcc/i686-w64-mingw32/8.1.0/../../../../i686-w64-mingw32/lib/../lib/libkernel32.a(dgzcs00666.o)
 .idata$6       0x6cb2e0ac        0xc C:/GNU/MINGW64/i686-8.1.0-win32-dwarf-rt_v6-rev0/mingw32/bin/../lib/gcc/i686-w64-mingw32/8.1.0/../../../../i686-w64-mingw32/lib/../lib/libkernel32.a(dgzcs00723.o)
 .idata$6       0x6cb2e0b8        0xe C:/GNU/MINGW64/i686-8.1.0-win32-dwarf-rt_v6-rev0/mingw32/bin/../lib/gcc/i686-w64-mingw32/8.1.0/../../../../i686-w64-mingw32/lib/../lib/libkernel32.a(dgzcs00725.o)
 .idata$6       0x6cb2e0c6        0xe C:/GNU/MINGW64/i686-8.1.0-win32-dwarf-rt_v6-rev0/mingw32/bin/../lib/gcc/i686-w64-mingw32/8.1.0/../../../../i686-w64-mingw32/lib/../lib/libkernel32.a(dgzcs00727.o)
 .idata$6       0x6cb2e0d4        0xc C:/GNU/MINGW64/i686-8.1.0-win32-dwarf-rt_v6-rev0/mingw32/bin/../lib/gcc/i686-w64-mingw32/8.1.0/../../../../i686-w64-mingw32/lib/../lib/libkernel32.a(dgzcs00729.o)
 .idata$6       0x6cb2e0e0        0xc C:/GNU/MINGW64/i686-8.1.0-win32-dwarf-rt_v6-rev0/mingw32/bin/../lib/gcc/i686-w64-mingw32/8.1.0/../../../../i686-w64-mingw32/lib/../lib/libkernel32.a(dgzcs01330.o)
 .idata$6       0x6cb2e0ec        0xc C:/GNU/MINGW64/i686-8.1.0-win32-dwarf-rt_v6-rev0/mingw32/bin/../lib/gcc/i686-w64-mingw32/8.1.0/../../../../i686-w64-mingw32/lib/../lib/libkernel32.a(dgzcs01335.o)
 .idata$6       0x6cb2e0f8        0xc C:/GNU/MINGW64/i686-8.1.0-win32-dwarf-rt_v6-rev0/mingw32/bin/../lib/gcc/i686-w64-mingw32/8.1.0/../../../../i686-w64-mingw32/lib/../lib/libkernel32.a(dgzcs01336.o)
 .idata$6       0x6cb2e104        0xc C:/GNU/MINGW64/i686-8.1.0-win32-dwarf-rt_v6-rev0/mingw32/bin/../lib/gcc/i686-w64-mingw32/8.1.0/../../../../i686-w64-mingw32/lib/../lib/libkernel32.a(dgzcs01342.o)
 .idata$6       0x6cb2e110        0xc C:/GNU/MINGW64/i686-8.1.0-win32-dwarf-rt_v6-rev0/mingw32/bin/../lib/gcc/i686-w64-mingw32/8.1.0/../../../../i686-w64-mingw32/lib/../lib/libuser32.a(dmces00912.o)
 SORT_BY_NAME(*)(.idata$7)
 .idata$7       0x6cb2e11c        0x4 C:/GNU/MINGW64/i686-8.1.0-win32-dwarf-rt_v6-rev0/mingw32/bin/../lib/gcc/i686-w64-mingw32/8.1.0/../../../../i686-w64-mingw32/lib/../lib/libkernel32.a(dgzcs00666.o)
 .idata$7       0x6cb2e120        0x4 C:/GNU/MINGW64/i686-8.1.0-win32-dwarf-rt_v6-rev0/mingw32/bin/../lib/gcc/i686-w64-mingw32/8.1.0/../../../../i686-w64-mingw32/lib/../lib/libkernel32.a(dgzcs00723.o)
 .idata$7       0x6cb2e124        0x4 C:/GNU/MINGW64/i686-8.1.0-win32-dwarf-rt_v6-rev0/mingw32/bin/../lib/gcc/i686-w64-mingw32/8.1.0/../../../../i686-w64-mingw32/lib/../lib/libkernel32.a(dgzcs00725.o)
 .idata$7       0x6cb2e128        0x4 C:/GNU/MINGW64/i686-8.1.0-win32-dwarf-rt_v6-rev0/mingw32/bin/../lib/gcc/i686-w64-mingw32/8.1.0/../../../../i686-w64-mingw32/lib/../lib/libkernel32.a(dgzcs00727.o)
 .idata$7       0x6cb2e12c        0x4 C:/GNU/MINGW64/i686-8.1.0-win32-dwarf-rt_v6-rev0/mingw32/bin/../lib/gcc/i686-w64-mingw32/8.1.0/../../../../i686-w64-mingw32/lib/../lib/libkernel32.a(dgzcs00729.o)
 .idata$7       0x6cb2e130        0x4 C:/GNU/MINGW64/i686-8.1.0-win32-dwarf-rt_v6-rev0/mingw32/bin/../lib/gcc/i686-w64-mingw32/8.1.0/../../../../i686-w64-mingw32/lib/../lib/libkernel32.a(dgzcs01330.o)
 .idata$7       0x6cb2e134        0x4 C:/GNU/MINGW64/i686-8.1.0-win32-dwarf-rt_v6-rev0/mingw32/bin/../lib/gcc/i686-w64-mingw32/8.1.0/../../../../i686-w64-mingw32/lib/../lib/libkernel32.a(dgzcs01335.o)
 .idata$7       0x6cb2e138        0x4 C:/GNU/MINGW64/i686-8.1.0-win32-dwarf-rt_v6-rev0/mingw32/bin/../lib/gcc/i686-w64-mingw32/8.1.0/../../../../i686-w64-mingw32/lib/../lib/libkernel32.a(dgzcs01336.o)
 .idata$7       0x6cb2e13c        0x4 C:/GNU/MINGW64/i686-8.1.0-win32-dwarf-rt_v6-rev0/mingw32/bin/../lib/gcc/i686-w64-mingw32/8.1.0/../../../../i686-w64-mingw32/lib/../lib/libkernel32.a(dgzcs01342.o)
 .idata$7       0x6cb2e140       0x10 C:/GNU/MINGW64/i686-8.1.0-win32-dwarf-rt_v6-rev0/mingw32/bin/../lib/gcc/i686-w64-mingw32/8.1.0/../../../../i686-w64-mingw32/lib/../lib/libkernel32.a(dgzct.o)
                0x6cb2e140                _lib32_libkernel32_a_iname
 .idata$7       0x6cb2e150        0x4 C:/GNU/MINGW64/i686-8.1.0-win32-dwarf-rt_v6-rev0/mingw32/bin/../lib/gcc/i686-w64-mingw32/8.1.0/../../../../i686-w64-mingw32/lib/../lib/libuser32.a(dmces00912.o)
 .idata$7       0x6cb2e154        0xc C:/GNU/MINGW64/i686-8.1.0-win32-dwarf-rt_v6-rev0/mingw32/bin/../lib/gcc/i686-w64-mingw32/8.1.0/../../../../i686-w64-mingw32/lib/../lib/libuser32.a(dmcet.o)
                0x6cb2e154                _lib32_libuser32_a_iname

.CRT            0x6cb2f000        0x0
                0x6cb2f000                ___crt_xc_start__ = .
 *(SORT_BY_NAME(.CRT$XC*))
                0x6cb2f000                ___crt_xc_end__ = .
                0x6cb2f000                ___crt_xi_start__ = .
 *(SORT_BY_NAME(.CRT$XI*))
                0x6cb2f000                ___crt_xi_end__ = .
                0x6cb2f000                ___crt_xl_start__ = .
 *(SORT_BY_NAME(.CRT$XL*))
                0x6cb2f000                ___crt_xp_start__ = .
 *(SORT_BY_NAME(.CRT$XP*))
                0x6cb2f000                ___crt_xp_end__ = .
                0x6cb2f000                ___crt_xt_start__ = .
 *(SORT_BY_NAME(.CRT$XT*))
                0x6cb2f000                ___crt_xt_end__ = .

.tls            0x6cb2f000        0x0
                0x6cb2f000                ___tls_start__ = .
 *(.tls$AAA)
 *(.tls)
 *(.tls$)
 *(SORT_BY_NAME(.tls$*))
 *(.tls$ZZZ)
                0x6cb2f000                ___tls_end__ = .

.endjunk        0x6cb2f000        0x0
                [!provide]                PROVIDE (end = .)
                [!provide]                PROVIDE (_end = .)
                0x6cb2f000                __end__ = .

.rsrc           0x6cb2f000      0x400
 *(.rsrc)
 .rsrc          0x6cb2f000      0x378 ../build/x86_Debug/version.o
 *(.rsrc$*)

.reloc          0x6cb30000    0x59200
 *(.reloc)
 .reloc         0x6cb30000    0x59034 dll stuff

.stab
 *(.stab)

.stabstr
 *(.stabstr)

.debug_aranges  0x6cb8a000      0x800
 *(.debug_aranges)
 .debug_aranges
                0x6cb8a000       0x20 ../build/x86_Debug/cpuid.o
 .debug_aranges
                0x6cb8a020       0x20 ../build/x86_Debug/debug.o
 .debug_aranges
                0x6cb8a040       0x20 ../build/x86_Debug/dllmain.o
 .debug_aranges
                0x6cb8a060       0x20 ../build/x86_Debug/INTERNALTEST_op_DivRem.o
 .debug_aranges
                0x6cb8a080       0x20 ../build/x86_Debug/INTERNALTEST_op_Multiply.o
 .debug_aranges
                0x6cb8a0a0       0x20 ../build/x86_Debug/pmc_add.o
 .debug_aranges
                0x6cb8a0c0       0x20 ../build/x86_Debug/pmc_bitwiseand.o
 .debug_aranges
                0x6cb8a0e0       0x20 ../build/x86_Debug/pmc_bitwiseor.o
 .debug_aranges
                0x6cb8a100       0x20 ../build/x86_Debug/pmc_bytes.o
 .debug_aranges
                0x6cb8a120       0x20 ../build/x86_Debug/pmc_clone.o
 .debug_aranges
                0x6cb8a140       0x20 ../build/x86_Debug/pmc_compare.o
 .debug_aranges
                0x6cb8a160       0x20 ../build/x86_Debug/pmc_divrem.o
 .debug_aranges
                0x6cb8a180       0x20 ../build/x86_Debug/pmc_equals.o
 .debug_aranges
                0x6cb8a1a0       0x20 ../build/x86_Debug/pmc_exclusiveor.o
 .debug_aranges
                0x6cb8a1c0       0x20 ../build/x86_Debug/pmc_from.o
 .debug_aranges
                0x6cb8a1e0       0x20 ../build/x86_Debug/pmc_getnumbertype.o
 .debug_aranges
                0x6cb8a200       0x20 ../build/x86_Debug/pmc_greatestcommondivisor.o
 .debug_aranges
                0x6cb8a220       0x20 ../build/x86_Debug/pmc_initialize.o
 .debug_aranges
                0x6cb8a240       0x20 ../build/x86_Debug/pmc_memory.o
 .debug_aranges
                0x6cb8a260       0x20 ../build/x86_Debug/pmc_modpow.o
 .debug_aranges
                0x6cb8a280       0x20 ../build/x86_Debug/pmc_multiply.o
 .debug_aranges
                0x6cb8a2a0       0x20 ../build/x86_Debug/pmc_parse.o
 .debug_aranges
                0x6cb8a2c0       0x20 ../build/x86_Debug/pmc_pow.o
 .debug_aranges
                0x6cb8a2e0       0x20 ../build/x86_Debug/pmc_shift.o
 .debug_aranges
                0x6cb8a300       0x20 ../build/x86_Debug/pmc_statistics.o
 .debug_aranges
                0x6cb8a320       0x20 ../build/x86_Debug/pmc_subtruct.o
 .debug_aranges
                0x6cb8a340       0x20 ../build/x86_Debug/pmc_to.o
 .debug_aranges
                0x6cb8a360       0x20 ../build/x86_Debug/pmc_tostring.o
 .debug_aranges
                0x6cb8a380       0x20 ../build/x86_Debug/TEST_autogenerated.o
 .debug_aranges
                0x6cb8a3a0       0x20 ../build/x86_Debug/TEST_op_Add.o
 .debug_aranges
                0x6cb8a3c0       0x20 ../build/x86_Debug/TEST_op_BitwiseAnd.o
 .debug_aranges
                0x6cb8a3e0       0x20 ../build/x86_Debug/TEST_op_BitwiseOr.o
 .debug_aranges
                0x6cb8a400       0x20 ../build/x86_Debug/TEST_op_Clone.o
 .debug_aranges
                0x6cb8a420       0x20 ../build/x86_Debug/TEST_op_Compare.o
 .debug_aranges
                0x6cb8a440       0x20 ../build/x86_Debug/TEST_op_DivRem.o
 .debug_aranges
                0x6cb8a460       0x20 ../build/x86_Debug/TEST_op_Equals.o
 .debug_aranges
                0x6cb8a480       0x20 ../build/x86_Debug/TEST_op_ExclusiveOr.o
 .debug_aranges
                0x6cb8a4a0       0x20 ../build/x86_Debug/TEST_op_From_To.o
 .debug_aranges
                0x6cb8a4c0       0x20 ../build/x86_Debug/TEST_op_GetNumberType.o
 .debug_aranges
                0x6cb8a4e0       0x20 ../build/x86_Debug/TEST_op_GreatestCommonDivisor.o
 .debug_aranges
                0x6cb8a500       0x20 ../build/x86_Debug/TEST_op_ModPow.o
 .debug_aranges
                0x6cb8a520       0x20 ../build/x86_Debug/TEST_op_Multiply.o
 .debug_aranges
                0x6cb8a540       0x20 ../build/x86_Debug/TEST_op_ParseDN.o
 .debug_aranges
                0x6cb8a560       0x20 ../build/x86_Debug/TEST_op_ParseX.o
 .debug_aranges
                0x6cb8a580       0x20 ../build/x86_Debug/TEST_op_Pow.o
 .debug_aranges
                0x6cb8a5a0       0x20 ../build/x86_Debug/TEST_op_Shift.o
 .debug_aranges
                0x6cb8a5c0       0x20 ../build/x86_Debug/TEST_op_Subtruct.o
 .debug_aranges
                0x6cb8a5e0       0x20 ../build/x86_Debug/TEST_op_ToStringD.o
 .debug_aranges
                0x6cb8a600       0x20 ../build/x86_Debug/TEST_op_ToStringN.o
 .debug_aranges
                0x6cb8a620       0x20 ../build/x86_Debug/TEST_op_ToStringX.o

.zdebug_aranges
 *(.zdebug_aranges)

.debug_pubnames
 *(.debug_pubnames)

.zdebug_pubnames
 *(.zdebug_pubnames)

.debug_pubtypes
 *(.debug_pubtypes)

.zdebug_pubtypes
 *(.zdebug_pubtypes)

.debug_info     0x6cb8b000   0x1c3e00
 *(.debug_info .gnu.linkonce.wi.*)
 .debug_info    0x6cb8b000     0x50af ../build/x86_Debug/cpuid.o
 .debug_info    0x6cb900af     0x5eb9 ../build/x86_Debug/debug.o
 .debug_info    0x6cb95f68     0x4d4b ../build/x86_Debug/dllmain.o
 .debug_info    0x6cb9acb3     0x5e7f ../build/x86_Debug/INTERNALTEST_op_DivRem.o
 .debug_info    0x6cba0b32     0x5dc8 ../build/x86_Debug/INTERNALTEST_op_Multiply.o
 .debug_info    0x6cba68fa     0x6002 ../build/x86_Debug/pmc_add.o
 .debug_info    0x6cbac8fc     0x53c7 ../build/x86_Debug/pmc_bitwiseand.o
 .debug_info    0x6cbb1cc3     0x5654 ../build/x86_Debug/pmc_bitwiseor.o
 .debug_info    0x6cbb7317     0x51c6 ../build/x86_Debug/pmc_bytes.o
 .debug_info    0x6cbbc4dd     0x4e93 ../build/x86_Debug/pmc_clone.o
 .debug_info    0x6cbc1370     0x534e ../build/x86_Debug/pmc_compare.o
 .debug_info    0x6cbc66be     0x7321 ../build/x86_Debug/pmc_divrem.o
 .debug_info    0x6cbcd9df     0x530a ../build/x86_Debug/pmc_equals.o
 .debug_info    0x6cbd2ce9     0x56b2 ../build/x86_Debug/pmc_exclusiveor.o
 .debug_info    0x6cbd839b     0x50b4 ../build/x86_Debug/pmc_from.o
 .debug_info    0x6cbdd44f     0x4ed6 ../build/x86_Debug/pmc_getnumbertype.o
 .debug_info    0x6cbe2325     0x5a13 ../build/x86_Debug/pmc_greatestcommondivisor.o
 .debug_info    0x6cbe7d38     0x5dad ../build/x86_Debug/pmc_initialize.o
 .debug_info    0x6cbedae5     0x5db3 ../build/x86_Debug/pmc_memory.o
 .debug_info    0x6cbf3898     0x55bb ../build/x86_Debug/pmc_modpow.o
 .debug_info    0x6cbf8e53     0x6124 ../build/x86_Debug/pmc_multiply.o
 .debug_info    0x6cbfef77     0x66fd ../build/x86_Debug/pmc_parse.o
 .debug_info    0x6cc05674     0x52df ../build/x86_Debug/pmc_pow.o
 .debug_info    0x6cc0a953     0x5697 ../build/x86_Debug/pmc_shift.o
 .debug_info    0x6cc0ffea     0x4d1b ../build/x86_Debug/pmc_statistics.o
 .debug_info    0x6cc14d05     0x5a12 ../build/x86_Debug/pmc_subtruct.o
 .debug_info    0x6cc1a717     0x4f5e ../build/x86_Debug/pmc_to.o
 .debug_info    0x6cc1f675     0x62f2 ../build/x86_Debug/pmc_tostring.o
 .debug_info    0x6cc25967    0xb07aa ../build/x86_Debug/TEST_autogenerated.o
 .debug_info    0x6ccd6111     0x5ded ../build/x86_Debug/TEST_op_Add.o
 .debug_info    0x6ccdbefe     0x5d52 ../build/x86_Debug/TEST_op_BitwiseAnd.o
 .debug_info    0x6cce1c50     0x5e05 ../build/x86_Debug/TEST_op_BitwiseOr.o
 .debug_info    0x6cce7a55     0x59e5 ../build/x86_Debug/TEST_op_Clone.o
 .debug_info    0x6cced43a     0x5c57 ../build/x86_Debug/TEST_op_Compare.o
 .debug_info    0x6ccf3091     0x5ec9 ../build/x86_Debug/TEST_op_DivRem.o
 .debug_info    0x6ccf8f5a     0x5c51 ../build/x86_Debug/TEST_op_Equals.o
 .debug_info    0x6ccfebab     0x5e11 ../build/x86_Debug/TEST_op_ExclusiveOr.o
 .debug_info    0x6cd049bc     0x5bd7 ../build/x86_Debug/TEST_op_From_To.o
 .debug_info    0x6cd0a593     0x591b ../build/x86_Debug/TEST_op_GetNumberType.o
 .debug_info    0x6cd0feae     0x5ea5 ../build/x86_Debug/TEST_op_GreatestCommonDivisor.o
 .debug_info    0x6cd15d53     0x5a9d ../build/x86_Debug/TEST_op_ModPow.o
 .debug_info    0x6cd1b7f0     0x5e0b ../build/x86_Debug/TEST_op_Multiply.o
 .debug_info    0x6cd215fb     0x5bab ../build/x86_Debug/TEST_op_ParseDN.o
 .debug_info    0x6cd271a6     0x5a4c ../build/x86_Debug/TEST_op_ParseX.o
 .debug_info    0x6cd2cbf2     0x5a11 ../build/x86_Debug/TEST_op_Pow.o
 .debug_info    0x6cd32603     0x5ac2 ../build/x86_Debug/TEST_op_Shift.o
 .debug_info    0x6cd380c5     0x5ddf ../build/x86_Debug/TEST_op_Subtruct.o
 .debug_info    0x6cd3dea4     0x59e2 ../build/x86_Debug/TEST_op_ToStringD.o
 .debug_info    0x6cd43886     0x5a47 ../build/x86_Debug/TEST_op_ToStringN.o
 .debug_info    0x6cd492cd     0x59e2 ../build/x86_Debug/TEST_op_ToStringX.o

.zdebug_info
 *(.zdebug_info .zdebug.gnu.linkonce.wi.*)

.debug_abbrev   0x6cd4f000     0x7400
 *(.debug_abbrev)
 .debug_abbrev  0x6cd4f000      0x200 ../build/x86_Debug/cpuid.o
 .debug_abbrev  0x6cd4f200      0x268 ../build/x86_Debug/debug.o
 .debug_abbrev  0x6cd4f468      0x175 ../build/x86_Debug/dllmain.o
 .debug_abbrev  0x6cd4f5dd      0x213 ../build/x86_Debug/INTERNALTEST_op_DivRem.o
 .debug_abbrev  0x6cd4f7f0      0x213 ../build/x86_Debug/INTERNALTEST_op_Multiply.o
 .debug_abbrev  0x6cd4fa03      0x306 ../build/x86_Debug/pmc_add.o
 .debug_abbrev  0x6cd4fd09      0x252 ../build/x86_Debug/pmc_bitwiseand.o
 .debug_abbrev  0x6cd4ff5b      0x314 ../build/x86_Debug/pmc_bitwiseor.o
 .debug_abbrev  0x6cd5026f      0x273 ../build/x86_Debug/pmc_bytes.o
 .debug_abbrev  0x6cd504e2      0x195 ../build/x86_Debug/pmc_clone.o
 .debug_abbrev  0x6cd50677      0x294 ../build/x86_Debug/pmc_compare.o
 .debug_abbrev  0x6cd5090b      0x3ea ../build/x86_Debug/pmc_divrem.o
 .debug_abbrev  0x6cd50cf5      0x271 ../build/x86_Debug/pmc_equals.o
 .debug_abbrev  0x6cd50f66      0x314 ../build/x86_Debug/pmc_exclusiveor.o
 .debug_abbrev  0x6cd5127a      0x244 ../build/x86_Debug/pmc_from.o
 .debug_abbrev  0x6cd514be      0x195 ../build/x86_Debug/pmc_getnumbertype.o
 .debug_abbrev  0x6cd51653      0x307 ../build/x86_Debug/pmc_greatestcommondivisor.o
 .debug_abbrev  0x6cd5195a      0x204 ../build/x86_Debug/pmc_initialize.o
 .debug_abbrev  0x6cd51b5e      0x49b ../build/x86_Debug/pmc_memory.o
 .debug_abbrev  0x6cd51ff9      0x2bd ../build/x86_Debug/pmc_modpow.o
 .debug_abbrev  0x6cd522b6      0x3a3 ../build/x86_Debug/pmc_multiply.o
 .debug_abbrev  0x6cd52659      0x3d6 ../build/x86_Debug/pmc_parse.o
 .debug_abbrev  0x6cd52a2f      0x2d2 ../build/x86_Debug/pmc_pow.o
 .debug_abbrev  0x6cd52d01      0x2a7 ../build/x86_Debug/pmc_shift.o
 .debug_abbrev  0x6cd52fa8      0x18a ../build/x86_Debug/pmc_statistics.o
 .debug_abbrev  0x6cd53132      0x305 ../build/x86_Debug/pmc_subtruct.o
 .debug_abbrev  0x6cd53437      0x1af ../build/x86_Debug/pmc_to.o
 .debug_abbrev  0x6cd535e6      0x3d6 ../build/x86_Debug/pmc_tostring.o
 .debug_abbrev  0x6cd539bc      0x1f2 ../build/x86_Debug/TEST_autogenerated.o
 .debug_abbrev  0x6cd53bae      0x1d8 ../build/x86_Debug/TEST_op_Add.o
 .debug_abbrev  0x6cd53d86      0x1d8 ../build/x86_Debug/TEST_op_BitwiseAnd.o
 .debug_abbrev  0x6cd53f5e      0x1d8 ../build/x86_Debug/TEST_op_BitwiseOr.o
 .debug_abbrev  0x6cd54136      0x1b6 ../build/x86_Debug/TEST_op_Clone.o
 .debug_abbrev  0x6cd542ec      0x1d8 ../build/x86_Debug/TEST_op_Compare.o
 .debug_abbrev  0x6cd544c4      0x1fa ../build/x86_Debug/TEST_op_DivRem.o
 .debug_abbrev  0x6cd546be      0x1d8 ../build/x86_Debug/TEST_op_Equals.o
 .debug_abbrev  0x6cd54896      0x1d8 ../build/x86_Debug/TEST_op_ExclusiveOr.o
 .debug_abbrev  0x6cd54a6e      0x1d8 ../build/x86_Debug/TEST_op_From_To.o
 .debug_abbrev  0x6cd54c46      0x19c ../build/x86_Debug/TEST_op_GetNumberType.o
 .debug_abbrev  0x6cd54de2      0x1e9 ../build/x86_Debug/TEST_op_GreatestCommonDivisor.o
 .debug_abbrev  0x6cd54fcb      0x1c7 ../build/x86_Debug/TEST_op_ModPow.o
 .debug_abbrev  0x6cd55192      0x1d8 ../build/x86_Debug/TEST_op_Multiply.o
 .debug_abbrev  0x6cd5536a      0x209 ../build/x86_Debug/TEST_op_ParseDN.o
 .debug_abbrev  0x6cd55573      0x1d6 ../build/x86_Debug/TEST_op_ParseX.o
 .debug_abbrev  0x6cd55749      0x1bf ../build/x86_Debug/TEST_op_Pow.o
 .debug_abbrev  0x6cd55908      0x1d8 ../build/x86_Debug/TEST_op_Shift.o
 .debug_abbrev  0x6cd55ae0      0x1d8 ../build/x86_Debug/TEST_op_Subtruct.o
 .debug_abbrev  0x6cd55cb8      0x1c3 ../build/x86_Debug/TEST_op_ToStringD.o
 .debug_abbrev  0x6cd55e7b      0x1c3 ../build/x86_Debug/TEST_op_ToStringN.o
 .debug_abbrev  0x6cd5603e      0x1c3 ../build/x86_Debug/TEST_op_ToStringX.o

.zdebug_abbrev
 *(.zdebug_abbrev)

.debug_line     0x6cd57000    0x32e00
 *(.debug_line)
 .debug_line    0x6cd57000      0x3a9 ../build/x86_Debug/cpuid.o
 .debug_line    0x6cd573a9      0x33b ../build/x86_Debug/debug.o
 .debug_line    0x6cd576e4      0x24e ../build/x86_Debug/dllmain.o
 .debug_line    0x6cd57932      0x414 ../build/x86_Debug/INTERNALTEST_op_DivRem.o
 .debug_line    0x6cd57d46      0x39d ../build/x86_Debug/INTERNALTEST_op_Multiply.o
 .debug_line    0x6cd580e3      0x87c ../build/x86_Debug/pmc_add.o
 .debug_line    0x6cd5895f      0x8a1 ../build/x86_Debug/pmc_bitwiseand.o
 .debug_line    0x6cd59200      0x9de ../build/x86_Debug/pmc_bitwiseor.o
 .debug_line    0x6cd59bde      0x4eb ../build/x86_Debug/pmc_bytes.o
 .debug_line    0x6cd5a0c9      0x281 ../build/x86_Debug/pmc_clone.o
 .debug_line    0x6cd5a34a      0x550 ../build/x86_Debug/pmc_compare.o
 .debug_line    0x6cd5a89a     0x13a8 ../build/x86_Debug/pmc_divrem.o
 .debug_line    0x6cd5bc42      0x452 ../build/x86_Debug/pmc_equals.o
 .debug_line    0x6cd5c094      0xa15 ../build/x86_Debug/pmc_exclusiveor.o
 .debug_line    0x6cd5caa9      0x351 ../build/x86_Debug/pmc_from.o
 .debug_line    0x6cd5cdfa      0x290 ../build/x86_Debug/pmc_getnumbertype.o
 .debug_line    0x6cd5d08a      0x82d ../build/x86_Debug/pmc_greatestcommondivisor.o
 .debug_line    0x6cd5d8b7      0x3b1 ../build/x86_Debug/pmc_initialize.o
 .debug_line    0x6cd5dc68      0xaa6 ../build/x86_Debug/pmc_memory.o
 .debug_line    0x6cd5e70e      0x75d ../build/x86_Debug/pmc_modpow.o
 .debug_line    0x6cd5ee6b      0x9e0 ../build/x86_Debug/pmc_multiply.o
 .debug_line    0x6cd5f84b     0x12cc ../build/x86_Debug/pmc_parse.o
 .debug_line    0x6cd60b17      0x4af ../build/x86_Debug/pmc_pow.o
 .debug_line    0x6cd60fc6     0x17ec ../build/x86_Debug/pmc_shift.o
 .debug_line    0x6cd627b2      0x21c ../build/x86_Debug/pmc_statistics.o
 .debug_line    0x6cd629ce      0x7f6 ../build/x86_Debug/pmc_subtruct.o
 .debug_line    0x6cd631c4      0x2e7 ../build/x86_Debug/pmc_to.o
 .debug_line    0x6cd634ab      0xb23 ../build/x86_Debug/pmc_tostring.o
 .debug_line    0x6cd63fce    0x21382 ../build/x86_Debug/TEST_autogenerated.o
 .debug_line    0x6cd85350      0x476 ../build/x86_Debug/TEST_op_Add.o
 .debug_line    0x6cd857c6      0x3e3 ../build/x86_Debug/TEST_op_BitwiseAnd.o
 .debug_line    0x6cd85ba9      0x47c ../build/x86_Debug/TEST_op_BitwiseOr.o
 .debug_line    0x6cd86025      0x2a6 ../build/x86_Debug/TEST_op_Clone.o
 .debug_line    0x6cd862cb      0x387 ../build/x86_Debug/TEST_op_Compare.o
 .debug_line    0x6cd86652      0x49b ../build/x86_Debug/TEST_op_DivRem.o
 .debug_line    0x6cd86aed      0x386 ../build/x86_Debug/TEST_op_Equals.o
 .debug_line    0x6cd86e73      0x483 ../build/x86_Debug/TEST_op_ExclusiveOr.o
 .debug_line    0x6cd872f6      0x365 ../build/x86_Debug/TEST_op_From_To.o
 .debug_line    0x6cd8765b      0x25e ../build/x86_Debug/TEST_op_GetNumberType.o
 .debug_line    0x6cd878b9      0x49c ../build/x86_Debug/TEST_op_GreatestCommonDivisor.o
 .debug_line    0x6cd87d55      0x2ee ../build/x86_Debug/TEST_op_ModPow.o
 .debug_line    0x6cd88043      0x47b ../build/x86_Debug/TEST_op_Multiply.o
 .debug_line    0x6cd884be      0x314 ../build/x86_Debug/TEST_op_ParseDN.o
 .debug_line    0x6cd887d2      0x2ae ../build/x86_Debug/TEST_op_ParseX.o
 .debug_line    0x6cd88a80      0x2a7 ../build/x86_Debug/TEST_op_Pow.o
 .debug_line    0x6cd88d27      0x311 ../build/x86_Debug/TEST_op_Shift.o
 .debug_line    0x6cd89038      0x444 ../build/x86_Debug/TEST_op_Subtruct.o
 .debug_line    0x6cd8947c      0x282 ../build/x86_Debug/TEST_op_ToStringD.o
 .debug_line    0x6cd896fe      0x283 ../build/x86_Debug/TEST_op_ToStringN.o
 .debug_line    0x6cd89981      0x282 ../build/x86_Debug/TEST_op_ToStringX.o

.zdebug_line
 *(.zdebug_line)

.debug_frame
 *(.debug_frame*)

.zdebug_frame
 *(.zdebug_frame*)

.debug_str      0x6cd8a000     0x1000
 *(.debug_str)
 .debug_str     0x6cd8a000       0x29 ../build/x86_Debug/cpuid.o
 .debug_str     0x6cd8a029       0x13 ../build/x86_Debug/debug.o
 .debug_str     0x6cd8a03c        0x9 ../build/x86_Debug/dllmain.o
 .debug_str     0x6cd8a045        0x9 ../build/x86_Debug/INTERNALTEST_op_DivRem.o
 .debug_str     0x6cd8a04e        0x9 ../build/x86_Debug/INTERNALTEST_op_Multiply.o
 .debug_str     0x6cd8a057       0x57 ../build/x86_Debug/pmc_add.o
 .debug_str     0x6cd8a0ae       0x10 ../build/x86_Debug/pmc_bitwiseand.o
 .debug_str     0x6cd8a0be       0x63 ../build/x86_Debug/pmc_bitwiseor.o
 .debug_str     0x6cd8a121       0x5c ../build/x86_Debug/pmc_bytes.o
 .debug_str     0x6cd8a17d        0x9 ../build/x86_Debug/pmc_clone.o
 .debug_str     0x6cd8a186       0x2f ../build/x86_Debug/pmc_compare.o
 .debug_str     0x6cd8a1b5       0xe4 ../build/x86_Debug/pmc_divrem.o
 .debug_str     0x6cd8a299       0x28 ../build/x86_Debug/pmc_equals.o
 .debug_str     0x6cd8a2c1       0x50 ../build/x86_Debug/pmc_exclusiveor.o
 .debug_str     0x6cd8a311       0x1d ../build/x86_Debug/pmc_from.o
 .debug_str     0x6cd8a32e        0x9 ../build/x86_Debug/pmc_getnumbertype.o
 .debug_str     0x6cd8a337       0xb9 ../build/x86_Debug/pmc_greatestcommondivisor.o
 .debug_str     0x6cd8a3f0       0x7c ../build/x86_Debug/pmc_initialize.o
 .debug_str     0x6cd8a46c       0x62 ../build/x86_Debug/pmc_memory.o
 .debug_str     0x6cd8a4ce       0x60 ../build/x86_Debug/pmc_modpow.o
 .debug_str     0x6cd8a52e       0x9b ../build/x86_Debug/pmc_multiply.o
 .debug_str     0x6cd8a5c9       0xdd ../build/x86_Debug/pmc_parse.o
 .debug_str     0x6cd8a6a6       0x1d ../build/x86_Debug/pmc_pow.o
 .debug_str     0x6cd8a6c3       0x90 ../build/x86_Debug/pmc_shift.o
 .debug_str     0x6cd8a753        0x9 ../build/x86_Debug/pmc_statistics.o
 .debug_str     0x6cd8a75c       0x7e ../build/x86_Debug/pmc_subtruct.o
 .debug_str     0x6cd8a7da        0x9 ../build/x86_Debug/pmc_to.o
 .debug_str     0x6cd8a7e3       0x97 ../build/x86_Debug/pmc_tostring.o
 .debug_str     0x6cd8a87a        0x9 ../build/x86_Debug/TEST_autogenerated.o
 .debug_str     0x6cd8a883       0xca ../build/x86_Debug/TEST_op_Add.o
 .debug_str     0x6cd8a94d       0x4b ../build/x86_Debug/TEST_op_BitwiseAnd.o
 .debug_str     0x6cd8a998       0x81 ../build/x86_Debug/TEST_op_BitwiseOr.o
 .debug_str     0x6cd8aa19        0x9 ../build/x86_Debug/TEST_op_Clone.o
 .debug_str     0x6cd8aa22       0x5e ../build/x86_Debug/TEST_op_Compare.o
 .debug_str     0x6cd8aa80       0xbb ../build/x86_Debug/TEST_op_DivRem.o
 .debug_str     0x6cd8ab3b       0x5e ../build/x86_Debug/TEST_op_Equals.o
 .debug_str     0x6cd8ab99       0x81 ../build/x86_Debug/TEST_op_ExclusiveOr.o
 .debug_str     0x6cd8ac1a       0x45 ../build/x86_Debug/TEST_op_From_To.o
 .debug_str     0x6cd8ac5f        0x9 ../build/x86_Debug/TEST_op_GetNumberType.o
 .debug_str     0x6cd8ac68       0xde ../build/x86_Debug/TEST_op_GreatestCommonDivisor.o
 .debug_str     0x6cd8ad46        0x9 ../build/x86_Debug/TEST_op_ModPow.o
 .debug_str     0x6cd8ad4f       0xca ../build/x86_Debug/TEST_op_Multiply.o
 .debug_str     0x6cd8ae19       0x5e ../build/x86_Debug/TEST_op_ParseDN.o
 .debug_str     0x6cd8ae77        0x9 ../build/x86_Debug/TEST_op_ParseX.o
 .debug_str     0x6cd8ae80        0x9 ../build/x86_Debug/TEST_op_Pow.o
 .debug_str     0x6cd8ae89       0x66 ../build/x86_Debug/TEST_op_Shift.o
 .debug_str     0x6cd8aeef       0xa8 ../build/x86_Debug/TEST_op_Subtruct.o
 .debug_str     0x6cd8af97        0x9 ../build/x86_Debug/TEST_op_ToStringD.o
 .debug_str     0x6cd8afa0        0x9 ../build/x86_Debug/TEST_op_ToStringN.o
 .debug_str     0x6cd8afa9        0x9 ../build/x86_Debug/TEST_op_ToStringX.o

.zdebug_str
 *(.zdebug_str)

.debug_loc
 *(.debug_loc)

.zdebug_loc
 *(.zdebug_loc)

.debug_macinfo
 *(.debug_macinfo)

.zdebug_macinfo
 *(.zdebug_macinfo)

.debug_weaknames
 *(.debug_weaknames)

.zdebug_weaknames
 *(.zdebug_weaknames)

.debug_funcnames
 *(.debug_funcnames)

.zdebug_funcnames
 *(.zdebug_funcnames)

.debug_typenames
 *(.debug_typenames)

.zdebug_typenames
 *(.zdebug_typenames)

.debug_varnames
 *(.debug_varnames)

.zdebug_varnames
 *(.zdebug_varnames)

.debug_macro
 *(.debug_macro)

.zdebug_macro
 *(.zdebug_macro)

.debug_ranges   0x6cd8b000      0x200
 *(.debug_ranges)
 .debug_ranges  0x6cd8b000       0xc8 ../build/x86_Debug/pmc_compare.o
 .debug_ranges  0x6cd8b0c8       0x30 ../build/x86_Debug/pmc_divrem.o
 .debug_ranges  0x6cd8b0f8       0x60 ../build/x86_Debug/pmc_subtruct.o

.zdebug_ranges
 *(.zdebug_ranges)

.debug_types
 *(.debug_types .gnu.linkonce.wt.*)

.zdebug_types
 *(.zdebug_types .gnu.linkonce.wt.*)

.debug_gdb_scripts
 *(.debug_gdb_scripts)

.zdebug_gdb_scripts
 *(.zdebug_gdb_scripts)
OUTPUT(../../dist/x86_Debug/Palmtree.Math.Core.Uint.dll pei-i386)
LOAD dll stuff
