Archive member included to satisfy reference by file (symbol)

C:/GNU/MINGW64/i686-8.1.0-win32-dwarf-rt_v6-rev0/mingw32/bin/../lib/gcc/i686-w64-mingw32/8.1.0/../../../../i686-w64-mingw32/lib/../lib/libkernel32.a(dgzcs01342.o)
                              ../build/x86_Debug/pmc_parse.o (_imp__lstrlenW@4)
C:/GNU/MINGW64/i686-8.1.0-win32-dwarf-rt_v6-rev0/mingw32/bin/../lib/gcc/i686-w64-mingw32/8.1.0/../../../../i686-w64-mingw32/lib/../lib/libkernel32.a(dgzcs01336.o)
                              ../build/x86_Debug/pmc_parse.o (_imp__lstrcpyW@8)
C:/GNU/MINGW64/i686-8.1.0-win32-dwarf-rt_v6-rev0/mingw32/bin/../lib/gcc/i686-w64-mingw32/8.1.0/../../../../i686-w64-mingw32/lib/../lib/libkernel32.a(dgzcs01335.o)
                              ../build/x86_Debug/pmc_parse.o (_imp__lstrcpyA@8)
C:/GNU/MINGW64/i686-8.1.0-win32-dwarf-rt_v6-rev0/mingw32/bin/../lib/gcc/i686-w64-mingw32/8.1.0/../../../../i686-w64-mingw32/lib/../lib/libkernel32.a(dgzcs01330.o)
                              ../build/x86_Debug/TEST_op_ToStringD.o (_imp__lstrcmpW@8)
C:/GNU/MINGW64/i686-8.1.0-win32-dwarf-rt_v6-rev0/mingw32/bin/../lib/gcc/i686-w64-mingw32/8.1.0/../../../../i686-w64-mingw32/lib/../lib/libkernel32.a(dgzcs00729.o)
                              ../build/x86_Debug/pmc_memory.o (_imp__HeapFree@12)
C:/GNU/MINGW64/i686-8.1.0-win32-dwarf-rt_v6-rev0/mingw32/bin/../lib/gcc/i686-w64-mingw32/8.1.0/../../../../i686-w64-mingw32/lib/../lib/libkernel32.a(dgzcs00727.o)
                              ../build/x86_Debug/pmc_memory.o (_imp__HeapDestroy@4)
C:/GNU/MINGW64/i686-8.1.0-win32-dwarf-rt_v6-rev0/mingw32/bin/../lib/gcc/i686-w64-mingw32/8.1.0/../../../../i686-w64-mingw32/lib/../lib/libkernel32.a(dgzcs00725.o)
                              ../build/x86_Debug/pmc_memory.o (_imp__HeapCreate@12)
C:/GNU/MINGW64/i686-8.1.0-win32-dwarf-rt_v6-rev0/mingw32/bin/../lib/gcc/i686-w64-mingw32/8.1.0/../../../../i686-w64-mingw32/lib/../lib/libkernel32.a(dgzcs00723.o)
                              ../build/x86_Debug/pmc_memory.o (_imp__HeapAlloc@12)
C:/GNU/MINGW64/i686-8.1.0-win32-dwarf-rt_v6-rev0/mingw32/bin/../lib/gcc/i686-w64-mingw32/8.1.0/../../../../i686-w64-mingw32/lib/../lib/libkernel32.a(dgzcs00666.o)
                              ../build/x86_Debug/pmc_memory.o (_imp__GetTickCount@0)
C:/GNU/MINGW64/i686-8.1.0-win32-dwarf-rt_v6-rev0/mingw32/bin/../lib/gcc/i686-w64-mingw32/8.1.0/../../../../i686-w64-mingw32/lib/../lib/libkernel32.a(dgzch.o)
                              C:/GNU/MINGW64/i686-8.1.0-win32-dwarf-rt_v6-rev0/mingw32/bin/../lib/gcc/i686-w64-mingw32/8.1.0/../../../../i686-w64-mingw32/lib/../lib/libkernel32.a(dgzcs01342.o) (_head_lib32_libkernel32_a)
C:/GNU/MINGW64/i686-8.1.0-win32-dwarf-rt_v6-rev0/mingw32/bin/../lib/gcc/i686-w64-mingw32/8.1.0/../../../../i686-w64-mingw32/lib/../lib/libkernel32.a(dgzct.o)
                              C:/GNU/MINGW64/i686-8.1.0-win32-dwarf-rt_v6-rev0/mingw32/bin/../lib/gcc/i686-w64-mingw32/8.1.0/../../../../i686-w64-mingw32/lib/../lib/libkernel32.a(dgzch.o) (_lib32_libkernel32_a_iname)
C:/GNU/MINGW64/i686-8.1.0-win32-dwarf-rt_v6-rev0/mingw32/bin/../lib/gcc/i686-w64-mingw32/8.1.0/../../../../i686-w64-mingw32/lib/../lib/libuser32.a(dmces00912.o)
                              ../build/x86_Debug/debug.o (_imp__wsprintfW)
C:/GNU/MINGW64/i686-8.1.0-win32-dwarf-rt_v6-rev0/mingw32/bin/../lib/gcc/i686-w64-mingw32/8.1.0/../../../../i686-w64-mingw32/lib/../lib/libuser32.a(dmceh.o)
                              C:/GNU/MINGW64/i686-8.1.0-win32-dwarf-rt_v6-rev0/mingw32/bin/../lib/gcc/i686-w64-mingw32/8.1.0/../../../../i686-w64-mingw32/lib/../lib/libuser32.a(dmces00912.o) (_head_lib32_libuser32_a)
C:/GNU/MINGW64/i686-8.1.0-win32-dwarf-rt_v6-rev0/mingw32/bin/../lib/gcc/i686-w64-mingw32/8.1.0/../../../../i686-w64-mingw32/lib/../lib/libuser32.a(dmcet.o)
                              C:/GNU/MINGW64/i686-8.1.0-win32-dwarf-rt_v6-rev0/mingw32/bin/../lib/gcc/i686-w64-mingw32/8.1.0/../../../../i686-w64-mingw32/lib/../lib/libuser32.a(dmceh.o) (_lib32_libuser32_a_iname)

Allocating common symbols
Common symbol       size              file

number_zero         0x24              ../build/x86_Debug/pmc_memory.o
number_one          0x24              ../build/x86_Debug/pmc_memory.o
statistics_info     0x10              ../build/x86_Debug/pmc_statistics.o
hLocalHeap          0x4               ../build/x86_Debug/pmc_memory.o
configuration_info  0x4               ../build/x86_Debug/pmc_initialize.o

Discarded input sections

 .drectve       0x00000000       0x14 ../build/x86_Debug/debug.o
 .drectve       0x00000000       0x24 ../build/x86_Debug/pmc_initialize.o
 .drectve       0x00000000       0x54 ../build/x86_Debug/pmc_memory.o
 .drectve       0x00000000       0x20 ../build/x86_Debug/pmc_statistics.o
 .text          0x00000000        0x8 C:/GNU/MINGW64/i686-8.1.0-win32-dwarf-rt_v6-rev0/mingw32/bin/../lib/gcc/i686-w64-mingw32/8.1.0/../../../../i686-w64-mingw32/lib/../lib/libkernel32.a(dgzcs01342.o)
 .text          0x00000000        0x8 C:/GNU/MINGW64/i686-8.1.0-win32-dwarf-rt_v6-rev0/mingw32/bin/../lib/gcc/i686-w64-mingw32/8.1.0/../../../../i686-w64-mingw32/lib/../lib/libkernel32.a(dgzcs01336.o)
 .text          0x00000000        0x8 C:/GNU/MINGW64/i686-8.1.0-win32-dwarf-rt_v6-rev0/mingw32/bin/../lib/gcc/i686-w64-mingw32/8.1.0/../../../../i686-w64-mingw32/lib/../lib/libkernel32.a(dgzcs01335.o)
 .text          0x00000000        0x8 C:/GNU/MINGW64/i686-8.1.0-win32-dwarf-rt_v6-rev0/mingw32/bin/../lib/gcc/i686-w64-mingw32/8.1.0/../../../../i686-w64-mingw32/lib/../lib/libkernel32.a(dgzcs01330.o)
 .text          0x00000000        0x8 C:/GNU/MINGW64/i686-8.1.0-win32-dwarf-rt_v6-rev0/mingw32/bin/../lib/gcc/i686-w64-mingw32/8.1.0/../../../../i686-w64-mingw32/lib/../lib/libkernel32.a(dgzcs00729.o)
 .text          0x00000000        0x8 C:/GNU/MINGW64/i686-8.1.0-win32-dwarf-rt_v6-rev0/mingw32/bin/../lib/gcc/i686-w64-mingw32/8.1.0/../../../../i686-w64-mingw32/lib/../lib/libkernel32.a(dgzcs00727.o)
 .text          0x00000000        0x8 C:/GNU/MINGW64/i686-8.1.0-win32-dwarf-rt_v6-rev0/mingw32/bin/../lib/gcc/i686-w64-mingw32/8.1.0/../../../../i686-w64-mingw32/lib/../lib/libkernel32.a(dgzcs00725.o)
 .text          0x00000000        0x8 C:/GNU/MINGW64/i686-8.1.0-win32-dwarf-rt_v6-rev0/mingw32/bin/../lib/gcc/i686-w64-mingw32/8.1.0/../../../../i686-w64-mingw32/lib/../lib/libkernel32.a(dgzcs00723.o)
 .text          0x00000000        0x8 C:/GNU/MINGW64/i686-8.1.0-win32-dwarf-rt_v6-rev0/mingw32/bin/../lib/gcc/i686-w64-mingw32/8.1.0/../../../../i686-w64-mingw32/lib/../lib/libkernel32.a(dgzcs00666.o)
 .text          0x00000000        0x8 C:/GNU/MINGW64/i686-8.1.0-win32-dwarf-rt_v6-rev0/mingw32/bin/../lib/gcc/i686-w64-mingw32/8.1.0/../../../../i686-w64-mingw32/lib/../lib/libuser32.a(dmces00912.o)

Memory Configuration

Name             Origin             Length             Attributes
*default*        0x00000000         0xffffffff

Linker script and memory map

                0x6c640000                __image_base__ = 0x6c640000
                0x00000000                __dll__ = 0x0
                0x6c640000                ___ImageBase = 0x6c640000
                0x00001000                __section_alignment__ = 0x1000
                0x00000200                __file_alignment__ = 0x200
                0x00000004                __major_os_version__ = 0x4
                0x00000000                __minor_os_version__ = 0x0
                0x00000001                __major_image_version__ = 0x1
                0x00000000                __minor_image_version__ = 0x0
                0x00000004                __major_subsystem_version__ = 0x4
                0x00000000                __minor_subsystem_version__ = 0x0
                0x00000002                __subsystem__ = 0x2
                0x00200000                __size_of_stack_reserve__ = 0x200000
                0x00001000                __size_of_stack_commit__ = 0x1000
                0x00100000                __size_of_heap_reserve__ = 0x100000
                0x00001000                __size_of_heap_commit__ = 0x1000
                0x00000000                __loader_flags__ = 0x0
                0x00000000                __dll_characteristics__ = 0x0
LOAD ../build/x86_Debug/cpuid.o
LOAD ../build/x86_Debug/debug.o
LOAD ../build/x86_Debug/dllmain.o
LOAD ../build/x86_Debug/INTERNALTEST_op_DivRem.o
LOAD ../build/x86_Debug/INTERNALTEST_op_Multiply.o
LOAD ../build/x86_Debug/pmc_add.o
LOAD ../build/x86_Debug/pmc_bitwiseand.o
LOAD ../build/x86_Debug/pmc_bitwiseor.o
LOAD ../build/x86_Debug/pmc_bytes.o
LOAD ../build/x86_Debug/pmc_clone.o
LOAD ../build/x86_Debug/pmc_compare.o
LOAD ../build/x86_Debug/pmc_divrem.o
LOAD ../build/x86_Debug/pmc_equals.o
LOAD ../build/x86_Debug/pmc_exclusiveor.o
LOAD ../build/x86_Debug/pmc_from.o
LOAD ../build/x86_Debug/pmc_getpropertyvalue.o
LOAD ../build/x86_Debug/pmc_greatestcommondivisor.o
LOAD ../build/x86_Debug/pmc_initialize.o
LOAD ../build/x86_Debug/pmc_memory.o
LOAD ../build/x86_Debug/pmc_modpow.o
LOAD ../build/x86_Debug/pmc_multiply.o
LOAD ../build/x86_Debug/pmc_parse.o
LOAD ../build/x86_Debug/pmc_pow.o
LOAD ../build/x86_Debug/pmc_shift.o
LOAD ../build/x86_Debug/pmc_statistics.o
LOAD ../build/x86_Debug/pmc_subtruct.o
LOAD ../build/x86_Debug/pmc_to.o
LOAD ../build/x86_Debug/pmc_tostring.o
LOAD ../build/x86_Debug/TEST_autogenerated.o
LOAD ../build/x86_Debug/TEST_op_Add.o
LOAD ../build/x86_Debug/TEST_op_BitwiseAnd.o
LOAD ../build/x86_Debug/TEST_op_BitwiseOr.o
LOAD ../build/x86_Debug/TEST_op_Clone.o
LOAD ../build/x86_Debug/TEST_op_Compare.o
LOAD ../build/x86_Debug/TEST_op_DivRem.o
LOAD ../build/x86_Debug/TEST_op_Equals.o
LOAD ../build/x86_Debug/TEST_op_ExclusiveOr.o
LOAD ../build/x86_Debug/TEST_op_From_To.o
LOAD ../build/x86_Debug/TEST_op_GetPropertyValue.o
LOAD ../build/x86_Debug/TEST_op_GreatestCommonDivisor.o
LOAD ../build/x86_Debug/TEST_op_ModPow.o
LOAD ../build/x86_Debug/TEST_op_Multiply.o
LOAD ../build/x86_Debug/TEST_op_ParseDN.o
LOAD ../build/x86_Debug/TEST_op_ParseX.o
LOAD ../build/x86_Debug/TEST_op_Pow.o
LOAD ../build/x86_Debug/TEST_op_Shift.o
LOAD ../build/x86_Debug/TEST_op_Subtruct.o
LOAD ../build/x86_Debug/TEST_op_ToStringD.o
LOAD ../build/x86_Debug/TEST_op_ToStringN.o
LOAD ../build/x86_Debug/TEST_op_ToStringX.o
LOAD ../build/x86_Debug/version.o
LOAD C:/GNU/MINGW64/i686-8.1.0-win32-dwarf-rt_v6-rev0/mingw32/bin/../lib/gcc/i686-w64-mingw32/8.1.0/../../../../i686-w64-mingw32/lib/../lib/libkernel32.a
LOAD C:/GNU/MINGW64/i686-8.1.0-win32-dwarf-rt_v6-rev0/mingw32/bin/../lib/gcc/i686-w64-mingw32/8.1.0/../../../../i686-w64-mingw32/lib/../lib/libuser32.a
                0x000003d0                . = SIZEOF_HEADERS
                0x00001000                . = ALIGN (__section_alignment__)

.text           0x6c641000   0x40a600
 *(.init)
 *(.text)
 .text          0x6c641000      0x2e4 ../build/x86_Debug/cpuid.o
                0x6c641123                GetCPUInfo
 .text          0x6c6412e4      0x338 ../build/x86_Debug/debug.o
                0x6c6413d2                DoDebug@4
                0x6c6414cc                TEST_Assert
                0x6c641528                FormatTestLabel
                0x6c641558                FormatTestMesssage
                0x6c641581                DumpBinary_UNIT
 .text          0x6c64161c       0x58 ../build/x86_Debug/dllmain.o
                0x6c64161c                DllMain@12
 .text          0x6c641674      0x4dc ../build/x86_Debug/INTERNALTEST_op_DivRem.o
                0x6c6416fc                INTERNALTEST_DivRem_X_X
 .text          0x6c641b50      0x304 ../build/x86_Debug/INTERNALTEST_op_Multiply.o
                0x6c641bf0                INTERNALTEST_Multiply_X_X_Imp
 .text          0x6c641e54     0x16e4 ../build/x86_Debug/pmc_add.o
                0x6c642e09                PMC_Add_I_X@12
                0x6c642e8d                PMC_Add_X_I@12
                0x6c6431c8                PMC_Add_L_X@16
                0x6c64325f                PMC_Add_X_L@16
                0x6c6432f6                PMC_Add_X_X@12
                0x6c64350e                Initialize_Add
 .text          0x6c643538      0xc70 ../build/x86_Debug/pmc_bitwiseand.o
                0x6c643ca4                PMC_BitwiseAnd_I_X@12
                0x6c643d28                PMC_BitwiseAnd_X_I@12
                0x6c643dac                PMC_BitwiseAnd_L_X@16
                0x6c643ec6                PMC_BitwiseAnd_X_L@16
                0x6c643fe0                PMC_BitwiseAnd_X_X@12
                0x6c6441a1                Initialize_BitwiseAnd
 .text          0x6c6441a8     0x105c ../build/x86_Debug/pmc_bitwiseor.o
                0x6c644b7a                PMC_BitwiseOr_I_X@12
                0x6c644bfe                PMC_BitwiseOr_X_I@12
                0x6c644edf                PMC_BitwiseOr_L_X@16
                0x6c644f76                PMC_BitwiseOr_X_L@16
                0x6c64500d                PMC_BitwiseOr_X_X@12
                0x6c6451fb                Initialize_BitwiseOr
 .text          0x6c645204      0x284 ../build/x86_Debug/pmc_bytes.o
                0x6c6452e9                PMC_FromByteArray@12
                0x6c6453c2                PMC_ToByteArray@16
 .text          0x6c645488       0xac ../build/x86_Debug/pmc_clone.o
                0x6c645488                PMC_Clone_X@8
                0x6c64552d                Initialize_Clone
 .text          0x6c645534      0x65c ../build/x86_Debug/pmc_compare.o
                0x6c645589                Compare_Imp
                0x6c6456ac                PMC_Compare_I_X@12
                0x6c645713                PMC_Compare_X_I@12
                0x6c64596c                PMC_Compare_L_X@16
                0x6c6459e6                PMC_Compare_X_L@16
                0x6c645a5c                PMC_Compare_X_X@12
                0x6c645b88                Initialize_Compare
 .text          0x6c645b90     0x4e8c ../build/x86_Debug/pmc_divrem.o
                0x6c6465e4                DivRem_X_X
                0x6c6466e9                DivRem_X_1W
                0x6c6499ec                PMC_DivRem_I_X@16
                0x6c649b18                PMC_DivRem_X_I@16
                0x6c649d14                PMC_DivRem_L_X@20
                0x6c64a066                PMC_DivRem_X_L@20
                0x6c64a4ed                PMC_DivRem_X_X@16
                0x6c64a9e6                Initialize_DivRem
 .text          0x6c64aa1c      0x554 ../build/x86_Debug/pmc_equals.o
                0x6c64aa71                Equals_X_X
                0x6c64ab35                PMC_Equals_I_X@12
                0x6c64ab9e                PMC_Equals_X_I@12
                0x6c64ad5f                PMC_Equals_L_X@16
                0x6c64addb                PMC_Equals_X_L@16
                0x6c64ae57                PMC_Equals_X_X@12
                0x6c64af67                Initialize_Equals
 .text          0x6c64af70     0x10e4 ../build/x86_Debug/pmc_exclusiveor.o
                0x6c64b96b                PMC_ExclusiveOr_I_X@12
                0x6c64b9f5                PMC_ExclusiveOr_X_I@12
                0x6c64bd05                PMC_ExclusiveOr_L_X@16
                0x6c64bda2                PMC_ExclusiveOr_X_L@16
                0x6c64be3f                PMC_ExclusiveOr_X_X@12
                0x6c64c04d                Initialize_ExclusiveOr
 .text          0x6c64c054      0x288 ../build/x86_Debug/pmc_from.o
                0x6c64c0a9                From_I_Imp
                0x6c64c109                From_L_Imp
                0x6c64c1ed                PMC_From_I@8
                0x6c64c250                PMC_From_L@12
                0x6c64c2d6                Initialize_From
 .text          0x6c64c2dc       0xe8 ../build/x86_Debug/pmc_getpropertyvalue.o
                0x6c64c2dc                PMC_GetPropertyValue_X_I@12
                0x6c64c3be                Initialize_GetPropertyValue
 .text          0x6c64c3c4     0x1274 ../build/x86_Debug/pmc_greatestcommondivisor.o
                0x6c64c91f                PMC_GreatestCommonDivisor_I_X@12
                0x6c64c9a3                PMC_GreatestCommonDivisor_X_I@12
                0x6c64d0ed                PMC_GreatestCommonDivisor_L_X@16
                0x6c64d184                PMC_GreatestCommonDivisor_X_L@16
                0x6c64d21b                PMC_GreatestCommonDivisor_X_X@12
                0x6c64d632                Initialize_GreatestCommonDivisor
 .text          0x6c64d638      0x580 ../build/x86_Debug/pmc_initialize.o
                0x6c64d638                PMC_UINT_Initialize@4
 .text          0x6c64dbb8     0x147c ../build/x86_Debug/pmc_memory.o
                0x6c64e587                AllocateBlock
                0x6c64e676                DeallocateBlock
                0x6c64e784                CheckBlockLight
                0x6c64e9c2                AttatchNumber
                0x6c64ea04                AllocateNumber
                0x6c64ea7f                DetatchNumber
                0x6c64eaa9                DeallocateNumber
                0x6c64ebbc                CommitNumber
                0x6c64ed8a                CheckNumber
                0x6c64ee0e                DuplicateNumber
                0x6c64eece                PMC_Dispose@4
                0x6c64ef01                Initialize_Memory
                0x6c64efc2                AllocateHeapArea
                0x6c64f005                DeallocateHeapArea
 .text          0x6c64f034     0x110c ../build/x86_Debug/pmc_modpow.o
                0x6c650052                PMC_ModPow_X_X_X@16
                0x6c650138                Initialize_ModPow
 .text          0x6c650140     0x2370 ../build/x86_Debug/pmc_multiply.o
                0x6c6502a6                Multiply_X_X_Imp
                0x6c651d65                PMC_Multiply_I_X@12
                0x6c651de9                PMC_Multiply_X_I@12
                0x6c6520fc                PMC_Multiply_L_X@16
                0x6c652193                PMC_Multiply_X_L@16
                0x6c65222a                PMC_Multiply_X_X@12
                0x6c65244b                Initialize_Multiply
 .text          0x6c6524b0     0x2c1c ../build/x86_Debug/pmc_parse.o
                0x6c654f20                PMC_TryParse@16
                0x6c655008                Initialize_Parse
 .text          0x6c6550cc      0x4f8 ../build/x86_Debug/pmc_pow.o
                0x6c65553a                PMC_Pow_X_I@12
                0x6c6555be                Initialize_Pow
 .text          0x6c6555c4     0x3b24 ../build/x86_Debug/pmc_shift.o
                0x6c6556cc                RightShift_Imp
                0x6c65648f                RightShift_Imp_DIV
                0x6c657252                LeftShift_Imp
                0x6c658012                LeftShift_Imp_DIV
                0x6c658dd2                PMC_RightShift_X_I@12
                0x6c658f49                PMC_RightShift_X_L@16
                0x6c658f64                PMC_LeftShift_X_I@12
                0x6c6590c7                PMC_LeftShift_X_L@16
                0x6c6590e2                Initialize_Shift
 .text          0x6c6590e8       0x38 ../build/x86_Debug/pmc_statistics.o
                0x6c6590e8                PMC_GetStatisticsInfo@4
 .text          0x6c659120     0x11e8 ../build/x86_Debug/pmc_subtruct.o
                0x6c6596ec                Subtruct_Imp
                0x6c6598a0                PMC_Subtruct_I_X@12
                0x6c6599a2                PMC_Subtruct_X_I@12
                0x6c659b80                PMC_Subtruct_L_X@16
                0x6c659dd1                PMC_Subtruct_X_L@16
                0x6c65a0fc                PMC_Subtruct_X_X@12
                0x6c65a2ff                Initialize_Subtruct
 .text          0x6c65a308      0x174 ../build/x86_Debug/pmc_to.o
                0x6c65a345                PMC_To_X_I@8
                0x6c65a3ab                PMC_To_X_L@8
                0x6c65a476                Initialize_To
 .text          0x6c65a47c     0x1658 ../build/x86_Debug/pmc_tostring.o
                0x6c65b8cb                PMC_ToString@24
                0x6c65ba40                Initialize_ToString
 .text          0x6c65bad4   0x3e71b4 ../build/x86_Debug/TEST_autogenerated.o
                0x6c65bad4                TEST_autogenerated
 .text          0x6ca42c88      0xb48 ../build/x86_Debug/TEST_op_Add.o
                0x6ca42cca                TEST_PMC_Add_I_X
                0x6ca42ed6                TEST_PMC_Add_L_X
                0x6ca43101                TEST_PMC_Add_X_I
                0x6ca4330d                TEST_PMC_Add_X_L
                0x6ca43538                TEST_PMC_Add_X_X
 .text          0x6ca437d0      0x8a0 ../build/x86_Debug/TEST_op_BitwiseAnd.o
                0x6ca43812                TEST_PMC_BitwiseAnd_I_X
                0x6ca43964                TEST_PMC_BitwiseAnd_L_X
                0x6ca43af3                TEST_PMC_BitwiseAnd_X_I
                0x6ca43c45                TEST_PMC_BitwiseAnd_X_L
                0x6ca43dd4                TEST_PMC_BitwiseAnd_X_X
 .text          0x6ca44070      0xb58 ../build/x86_Debug/TEST_op_BitwiseOr.o
                0x6ca440b2                TEST_PMC_BitwiseOr_I_X
                0x6ca442c1                TEST_PMC_BitwiseOr_L_X
                0x6ca444ef                TEST_PMC_BitwiseOr_X_I
                0x6ca446fe                TEST_PMC_BitwiseOr_X_L
                0x6ca4492c                TEST_PMC_BitwiseOr_X_X
 .text          0x6ca44bc8      0x248 ../build/x86_Debug/TEST_op_Clone.o
                0x6ca44c0a                TEST_PMC_Clone_X
 .text          0x6ca44e10      0x74c ../build/x86_Debug/TEST_op_Compare.o
                0x6ca44e10                TEST_PMC_Compare_I_X
                0x6ca44f62                TEST_PMC_Compare_L_X
                0x6ca450c7                TEST_PMC_Compare_X_I
                0x6ca45219                TEST_PMC_Compare_X_L
                0x6ca4537e                TEST_PMC_Compare_X_X
 .text          0x6ca4555c      0xcd0 ../build/x86_Debug/TEST_op_DivRem.o
                0x6ca4559e                TEST_PMC_DivRem_I_X
                0x6ca45742                TEST_PMC_DivRem_L_X
                0x6ca4594b                TEST_PMC_DivRem_X_I
                0x6ca45bb2                TEST_PMC_DivRem_X_L
                0x6ca45e87                TEST_PMC_DivRem_X_X
 .text          0x6ca4622c      0x74c ../build/x86_Debug/TEST_op_Equals.o
                0x6ca4622c                TEST_PMC_Equals_I_X
                0x6ca4637e                TEST_PMC_Equals_L_X
                0x6ca464e3                TEST_PMC_Equals_X_I
                0x6ca46635                TEST_PMC_Equals_X_L
                0x6ca4679a                TEST_PMC_Equals_X_X
 .text          0x6ca46978      0xb58 ../build/x86_Debug/TEST_op_ExclusiveOr.o
                0x6ca469ba                TEST_PMC_ExclusiveOr_I_X
                0x6ca46bc9                TEST_PMC_ExclusiveOr_L_X
                0x6ca46df7                TEST_PMC_ExclusiveOr_X_I
                0x6ca47006                TEST_PMC_ExclusiveOr_X_L
                0x6ca47234                TEST_PMC_ExclusiveOr_X_X
 .text          0x6ca474d0      0x624 ../build/x86_Debug/TEST_op_From_To.o
                0x6ca47512                TEST_PMC_From_I
                0x6ca4768d                TEST_PMC_From_L
                0x6ca47827                TEST_PMC_To_X_I
                0x6ca47977                TEST_PMC_To_X_L
 .text          0x6ca47af4      0x150 ../build/x86_Debug/TEST_op_GetPropertyValue.o
                0x6ca47af4                TEST_PMC_GetPropertyValue_X_I
 .text          0x6ca47c44      0xb94 ../build/x86_Debug/TEST_op_GreatestCommonDivisor.o
                0x6ca47c86                TEST_PMC_GreatestCommonDivisor_I_X
                0x6ca47ea1                TEST_PMC_GreatestCommonDivisor_L_X
                0x6ca480db                TEST_PMC_GreatestCommonDivisor_X_I
                0x6ca482f6                TEST_PMC_GreatestCommonDivisor_X_L
                0x6ca48530                TEST_PMC_GreatestCommonDivisor_X_X
 .text          0x6ca487d8      0x37c ../build/x86_Debug/TEST_op_ModPow.o
                0x6ca4881a                TEST_PMC_ModPow_X_X_X
 .text          0x6ca48b54      0xb48 ../build/x86_Debug/TEST_op_Multiply.o
                0x6ca48b96                TEST_PMC_Multiply_I_X
                0x6ca48da2                TEST_PMC_Multiply_L_X
                0x6ca48fcd                TEST_PMC_Multiply_X_I
                0x6ca491d9                TEST_PMC_Multiply_X_L
                0x6ca49404                TEST_PMC_Multiply_X_X
 .text          0x6ca4969c      0x470 ../build/x86_Debug/TEST_op_ParseDN.o
                0x6ca496de                TEST_PMC_ParseDN1
                0x6ca498f3                TEST_PMC_ParseDN2
 .text          0x6ca49b0c      0x25c ../build/x86_Debug/TEST_op_ParseX.o
                0x6ca49b4e                TEST_PMC_ParseX
 .text          0x6ca49d68      0x250 ../build/x86_Debug/TEST_op_Pow.o
                0x6ca49daa                TEST_PMC_Pow_X_I
 .text          0x6ca49fb8      0x48c ../build/x86_Debug/TEST_op_Shift.o
                0x6ca49ffa                TEST_PMC_RightShift_X_I
                0x6ca4a209                TEST_PMC_RightShift_X_L
                0x6ca4a21e                TEST_PMC_LeftShift_X_I
                0x6ca4a42d                TEST_PMC_LeftShift_X_L
 .text          0x6ca4a444      0xa20 ../build/x86_Debug/TEST_op_Subtruct.o
                0x6ca4a486                TEST_PMC_Subtruct_I_X
                0x6ca4a5dd                TEST_PMC_Subtruct_L_X
                0x6ca4a771                TEST_PMC_Subtruct_X_I
                0x6ca4a989                TEST_PMC_Subtruct_X_L
                0x6ca4abc0                TEST_PMC_Subtruct_X_X
 .text          0x6ca4ae64      0x210 ../build/x86_Debug/TEST_op_ToStringD.o
                0x6ca4ae64                TEST_PMC_ToStringD
 .text          0x6ca4b074      0x20c ../build/x86_Debug/TEST_op_ToStringN.o
                0x6ca4b074                TEST_PMC_ToStringN
 .text          0x6ca4b280      0x210 ../build/x86_Debug/TEST_op_ToStringX.o
                0x6ca4b280                TEST_PMC_ToStringX
 .text          0x6ca4b490        0x0 C:/GNU/MINGW64/i686-8.1.0-win32-dwarf-rt_v6-rev0/mingw32/bin/../lib/gcc/i686-w64-mingw32/8.1.0/../../../../i686-w64-mingw32/lib/../lib/libkernel32.a(dgzch.o)
 .text          0x6ca4b490        0x0 C:/GNU/MINGW64/i686-8.1.0-win32-dwarf-rt_v6-rev0/mingw32/bin/../lib/gcc/i686-w64-mingw32/8.1.0/../../../../i686-w64-mingw32/lib/../lib/libkernel32.a(dgzct.o)
 .text          0x6ca4b490        0x0 C:/GNU/MINGW64/i686-8.1.0-win32-dwarf-rt_v6-rev0/mingw32/bin/../lib/gcc/i686-w64-mingw32/8.1.0/../../../../i686-w64-mingw32/lib/../lib/libuser32.a(dmceh.o)
 .text          0x6ca4b490        0x0 C:/GNU/MINGW64/i686-8.1.0-win32-dwarf-rt_v6-rev0/mingw32/bin/../lib/gcc/i686-w64-mingw32/8.1.0/../../../../i686-w64-mingw32/lib/../lib/libuser32.a(dmcet.o)
 *(SORT_BY_NAME(.text$*))
 *(.text.*)
 *(.gnu.linkonce.t.*)
 *(.glue_7t)
 *(.glue_7)
                0x6ca4b490                ___CTOR_LIST__ = .
                0x6ca4b490                __CTOR_LIST__ = .
                0x6ca4b490        0x4 LONG 0xffffffff
 *(.ctors)
 *(.ctor)
 *(SORT_BY_NAME(.ctors.*))
                0x6ca4b494        0x4 LONG 0x0
                0x6ca4b498                ___DTOR_LIST__ = .
                0x6ca4b498                __DTOR_LIST__ = .
                0x6ca4b498        0x4 LONG 0xffffffff
 *(.dtors)
 *(.dtor)
 *(SORT_BY_NAME(.dtors.*))
                0x6ca4b49c        0x4 LONG 0x0
 *(.fini)
 *(.gcc_exc)
                [!provide]                PROVIDE (etext = .)
                [!provide]                PROVIDE (_etext = .)
 *(.gcc_except_table)

.data           0x6ca4c000    0x64200
                0x6ca4c000                __data_start__ = .
 *(.data)
 .data          0x6ca4c000        0x0 ../build/x86_Debug/cpuid.o
 .data          0x6ca4c000        0x0 ../build/x86_Debug/debug.o
 .data          0x6ca4c000        0x0 ../build/x86_Debug/dllmain.o
 .data          0x6ca4c000        0x0 ../build/x86_Debug/INTERNALTEST_op_DivRem.o
 .data          0x6ca4c000        0x0 ../build/x86_Debug/INTERNALTEST_op_Multiply.o
 .data          0x6ca4c000        0x0 ../build/x86_Debug/pmc_add.o
 .data          0x6ca4c000        0x0 ../build/x86_Debug/pmc_bitwiseand.o
 .data          0x6ca4c000        0x0 ../build/x86_Debug/pmc_bitwiseor.o
 .data          0x6ca4c000        0x0 ../build/x86_Debug/pmc_bytes.o
 .data          0x6ca4c000        0x0 ../build/x86_Debug/pmc_clone.o
 .data          0x6ca4c000        0x0 ../build/x86_Debug/pmc_compare.o
 .data          0x6ca4c000        0x0 ../build/x86_Debug/pmc_divrem.o
 .data          0x6ca4c000        0x0 ../build/x86_Debug/pmc_equals.o
 .data          0x6ca4c000        0x0 ../build/x86_Debug/pmc_exclusiveor.o
 .data          0x6ca4c000        0x0 ../build/x86_Debug/pmc_from.o
 .data          0x6ca4c000        0x0 ../build/x86_Debug/pmc_getpropertyvalue.o
 .data          0x6ca4c000        0x0 ../build/x86_Debug/pmc_greatestcommondivisor.o
 .data          0x6ca4c000        0x0 ../build/x86_Debug/pmc_initialize.o
 .data          0x6ca4c000        0x0 ../build/x86_Debug/pmc_memory.o
 .data          0x6ca4c000        0x0 ../build/x86_Debug/pmc_modpow.o
 .data          0x6ca4c000        0x0 ../build/x86_Debug/pmc_multiply.o
 .data          0x6ca4c000        0x0 ../build/x86_Debug/pmc_parse.o
 .data          0x6ca4c000        0x0 ../build/x86_Debug/pmc_pow.o
 .data          0x6ca4c000        0x0 ../build/x86_Debug/pmc_shift.o
 .data          0x6ca4c000        0x0 ../build/x86_Debug/pmc_statistics.o
 .data          0x6ca4c000        0x0 ../build/x86_Debug/pmc_subtruct.o
 .data          0x6ca4c000        0x0 ../build/x86_Debug/pmc_to.o
 .data          0x6ca4c000       0xa0 ../build/x86_Debug/pmc_tostring.o
 .data          0x6ca4c0a0    0x64040 ../build/x86_Debug/TEST_autogenerated.o
 .data          0x6cab00e0        0x0 ../build/x86_Debug/TEST_op_Add.o
 .data          0x6cab00e0        0x0 ../build/x86_Debug/TEST_op_BitwiseAnd.o
 .data          0x6cab00e0        0x0 ../build/x86_Debug/TEST_op_BitwiseOr.o
 .data          0x6cab00e0        0x0 ../build/x86_Debug/TEST_op_Clone.o
 .data          0x6cab00e0        0x0 ../build/x86_Debug/TEST_op_Compare.o
 .data          0x6cab00e0        0x0 ../build/x86_Debug/TEST_op_DivRem.o
 .data          0x6cab00e0        0x0 ../build/x86_Debug/TEST_op_Equals.o
 .data          0x6cab00e0        0x0 ../build/x86_Debug/TEST_op_ExclusiveOr.o
 .data          0x6cab00e0        0x0 ../build/x86_Debug/TEST_op_From_To.o
 .data          0x6cab00e0        0x0 ../build/x86_Debug/TEST_op_GetPropertyValue.o
 .data          0x6cab00e0        0x0 ../build/x86_Debug/TEST_op_GreatestCommonDivisor.o
 .data          0x6cab00e0        0x0 ../build/x86_Debug/TEST_op_ModPow.o
 .data          0x6cab00e0        0x0 ../build/x86_Debug/TEST_op_Multiply.o
 .data          0x6cab00e0        0x0 ../build/x86_Debug/TEST_op_ParseDN.o
 .data          0x6cab00e0        0x0 ../build/x86_Debug/TEST_op_ParseX.o
 .data          0x6cab00e0        0x0 ../build/x86_Debug/TEST_op_Pow.o
 .data          0x6cab00e0        0x0 ../build/x86_Debug/TEST_op_Shift.o
 .data          0x6cab00e0        0x0 ../build/x86_Debug/TEST_op_Subtruct.o
 .data          0x6cab00e0        0x0 ../build/x86_Debug/TEST_op_ToStringD.o
 .data          0x6cab00e0        0x0 ../build/x86_Debug/TEST_op_ToStringN.o
 .data          0x6cab00e0        0x0 ../build/x86_Debug/TEST_op_ToStringX.o
 .data          0x6cab00e0        0x0 C:/GNU/MINGW64/i686-8.1.0-win32-dwarf-rt_v6-rev0/mingw32/bin/../lib/gcc/i686-w64-mingw32/8.1.0/../../../../i686-w64-mingw32/lib/../lib/libkernel32.a(dgzcs01342.o)
 .data          0x6cab00e0        0x0 C:/GNU/MINGW64/i686-8.1.0-win32-dwarf-rt_v6-rev0/mingw32/bin/../lib/gcc/i686-w64-mingw32/8.1.0/../../../../i686-w64-mingw32/lib/../lib/libkernel32.a(dgzcs01336.o)
 .data          0x6cab00e0        0x0 C:/GNU/MINGW64/i686-8.1.0-win32-dwarf-rt_v6-rev0/mingw32/bin/../lib/gcc/i686-w64-mingw32/8.1.0/../../../../i686-w64-mingw32/lib/../lib/libkernel32.a(dgzcs01335.o)
 .data          0x6cab00e0        0x0 C:/GNU/MINGW64/i686-8.1.0-win32-dwarf-rt_v6-rev0/mingw32/bin/../lib/gcc/i686-w64-mingw32/8.1.0/../../../../i686-w64-mingw32/lib/../lib/libkernel32.a(dgzcs01330.o)
 .data          0x6cab00e0        0x0 C:/GNU/MINGW64/i686-8.1.0-win32-dwarf-rt_v6-rev0/mingw32/bin/../lib/gcc/i686-w64-mingw32/8.1.0/../../../../i686-w64-mingw32/lib/../lib/libkernel32.a(dgzcs00729.o)
 .data          0x6cab00e0        0x0 C:/GNU/MINGW64/i686-8.1.0-win32-dwarf-rt_v6-rev0/mingw32/bin/../lib/gcc/i686-w64-mingw32/8.1.0/../../../../i686-w64-mingw32/lib/../lib/libkernel32.a(dgzcs00727.o)
 .data          0x6cab00e0        0x0 C:/GNU/MINGW64/i686-8.1.0-win32-dwarf-rt_v6-rev0/mingw32/bin/../lib/gcc/i686-w64-mingw32/8.1.0/../../../../i686-w64-mingw32/lib/../lib/libkernel32.a(dgzcs00725.o)
 .data          0x6cab00e0        0x0 C:/GNU/MINGW64/i686-8.1.0-win32-dwarf-rt_v6-rev0/mingw32/bin/../lib/gcc/i686-w64-mingw32/8.1.0/../../../../i686-w64-mingw32/lib/../lib/libkernel32.a(dgzcs00723.o)
 .data          0x6cab00e0        0x0 C:/GNU/MINGW64/i686-8.1.0-win32-dwarf-rt_v6-rev0/mingw32/bin/../lib/gcc/i686-w64-mingw32/8.1.0/../../../../i686-w64-mingw32/lib/../lib/libkernel32.a(dgzcs00666.o)
 .data          0x6cab00e0        0x0 C:/GNU/MINGW64/i686-8.1.0-win32-dwarf-rt_v6-rev0/mingw32/bin/../lib/gcc/i686-w64-mingw32/8.1.0/../../../../i686-w64-mingw32/lib/../lib/libkernel32.a(dgzch.o)
 .data          0x6cab00e0        0x0 C:/GNU/MINGW64/i686-8.1.0-win32-dwarf-rt_v6-rev0/mingw32/bin/../lib/gcc/i686-w64-mingw32/8.1.0/../../../../i686-w64-mingw32/lib/../lib/libkernel32.a(dgzct.o)
 .data          0x6cab00e0        0x0 C:/GNU/MINGW64/i686-8.1.0-win32-dwarf-rt_v6-rev0/mingw32/bin/../lib/gcc/i686-w64-mingw32/8.1.0/../../../../i686-w64-mingw32/lib/../lib/libuser32.a(dmces00912.o)
 .data          0x6cab00e0        0x0 C:/GNU/MINGW64/i686-8.1.0-win32-dwarf-rt_v6-rev0/mingw32/bin/../lib/gcc/i686-w64-mingw32/8.1.0/../../../../i686-w64-mingw32/lib/../lib/libuser32.a(dmceh.o)
 .data          0x6cab00e0        0x0 C:/GNU/MINGW64/i686-8.1.0-win32-dwarf-rt_v6-rev0/mingw32/bin/../lib/gcc/i686-w64-mingw32/8.1.0/../../../../i686-w64-mingw32/lib/../lib/libuser32.a(dmcet.o)
 *(.data2)
 *(SORT_BY_NAME(.data$*))
 *(.jcr)
                0x6cab00e0                __data_end__ = .
 *(.data_cygwin_nocopy)

.rdata          0x6cab1000    0x59000
 *(.rdata)
 .rdata         0x6cab1000      0x1bc ../build/x86_Debug/debug.o
 .rdata         0x6cab11bc       0xf0 ../build/x86_Debug/INTERNALTEST_op_DivRem.o
 .rdata         0x6cab12ac       0x7c ../build/x86_Debug/INTERNALTEST_op_Multiply.o
 .rdata         0x6cab1328       0xf0 ../build/x86_Debug/pmc_parse.o
 .rdata         0x6cab1418       0xe8 ../build/x86_Debug/pmc_tostring.o
 .rdata         0x6cab1500    0x55120 ../build/x86_Debug/TEST_autogenerated.o
 .rdata         0x6cb06620      0x2b4 ../build/x86_Debug/TEST_op_Add.o
 .rdata         0x6cb068d4      0x344 ../build/x86_Debug/TEST_op_BitwiseAnd.o
 .rdata         0x6cb06c18      0x32c ../build/x86_Debug/TEST_op_BitwiseOr.o
 .rdata         0x6cb06f44      0x114 ../build/x86_Debug/TEST_op_Clone.o
 .rdata         0x6cb07058      0x2bc ../build/x86_Debug/TEST_op_Compare.o
 .rdata         0x6cb07314      0x304 ../build/x86_Debug/TEST_op_DivRem.o
 .rdata         0x6cb07618      0x2ac ../build/x86_Debug/TEST_op_Equals.o
 .rdata         0x6cb078c4      0x354 ../build/x86_Debug/TEST_op_ExclusiveOr.o
 .rdata         0x6cb07c18      0x200 ../build/x86_Debug/TEST_op_From_To.o
 .rdata         0x6cb07e18      0x104 ../build/x86_Debug/TEST_op_GetPropertyValue.o
 .rdata         0x6cb07f1c      0x41c ../build/x86_Debug/TEST_op_GreatestCommonDivisor.o
 .rdata         0x6cb08338      0x128 ../build/x86_Debug/TEST_op_ModPow.o
 .rdata         0x6cb08460      0x318 ../build/x86_Debug/TEST_op_Multiply.o
 .rdata         0x6cb08778      0x10c ../build/x86_Debug/TEST_op_ParseDN.o
 .rdata         0x6cb08884       0xdc ../build/x86_Debug/TEST_op_ParseX.o
 .rdata         0x6cb08960      0x114 ../build/x86_Debug/TEST_op_Pow.o
 .rdata         0x6cb08a74      0x1b0 ../build/x86_Debug/TEST_op_Shift.o
 .rdata         0x6cb08c24      0x31c ../build/x86_Debug/TEST_op_Subtruct.o
 .rdata         0x6cb08f40       0xe0 ../build/x86_Debug/TEST_op_ToStringD.o
 .rdata         0x6cb09020       0xdc ../build/x86_Debug/TEST_op_ToStringN.o
 .rdata         0x6cb090fc       0xe0 ../build/x86_Debug/TEST_op_ToStringX.o
 *(SORT_BY_NAME(.rdata$*))
 .rdata$zzz     0x6cb091dc       0x40 ../build/x86_Debug/cpuid.o
 .rdata$zzz     0x6cb0921c       0x40 ../build/x86_Debug/debug.o
 .rdata$zzz     0x6cb0925c       0x40 ../build/x86_Debug/dllmain.o
 .rdata$zzz     0x6cb0929c       0x40 ../build/x86_Debug/INTERNALTEST_op_DivRem.o
 .rdata$zzz     0x6cb092dc       0x40 ../build/x86_Debug/INTERNALTEST_op_Multiply.o
 .rdata$zzz     0x6cb0931c       0x40 ../build/x86_Debug/pmc_add.o
 .rdata$zzz     0x6cb0935c       0x40 ../build/x86_Debug/pmc_bitwiseand.o
 .rdata$zzz     0x6cb0939c       0x40 ../build/x86_Debug/pmc_bitwiseor.o
 .rdata$zzz     0x6cb093dc       0x40 ../build/x86_Debug/pmc_bytes.o
 .rdata$zzz     0x6cb0941c       0x40 ../build/x86_Debug/pmc_clone.o
 .rdata$zzz     0x6cb0945c       0x40 ../build/x86_Debug/pmc_compare.o
 .rdata$zzz     0x6cb0949c       0x40 ../build/x86_Debug/pmc_divrem.o
 .rdata$zzz     0x6cb094dc       0x40 ../build/x86_Debug/pmc_equals.o
 .rdata$zzz     0x6cb0951c       0x40 ../build/x86_Debug/pmc_exclusiveor.o
 .rdata$zzz     0x6cb0955c       0x40 ../build/x86_Debug/pmc_from.o
 .rdata$zzz     0x6cb0959c       0x40 ../build/x86_Debug/pmc_getpropertyvalue.o
 .rdata$zzz     0x6cb095dc       0x40 ../build/x86_Debug/pmc_greatestcommondivisor.o
 .rdata$zzz     0x6cb0961c       0x40 ../build/x86_Debug/pmc_initialize.o
 .rdata$zzz     0x6cb0965c       0x40 ../build/x86_Debug/pmc_memory.o
 .rdata$zzz     0x6cb0969c       0x40 ../build/x86_Debug/pmc_modpow.o
 .rdata$zzz     0x6cb096dc       0x40 ../build/x86_Debug/pmc_multiply.o
 .rdata$zzz     0x6cb0971c       0x40 ../build/x86_Debug/pmc_parse.o
 .rdata$zzz     0x6cb0975c       0x40 ../build/x86_Debug/pmc_pow.o
 .rdata$zzz     0x6cb0979c       0x40 ../build/x86_Debug/pmc_shift.o
 .rdata$zzz     0x6cb097dc       0x40 ../build/x86_Debug/pmc_statistics.o
 .rdata$zzz     0x6cb0981c       0x40 ../build/x86_Debug/pmc_subtruct.o
 .rdata$zzz     0x6cb0985c       0x40 ../build/x86_Debug/pmc_to.o
 .rdata$zzz     0x6cb0989c       0x40 ../build/x86_Debug/pmc_tostring.o
 .rdata$zzz     0x6cb098dc       0x40 ../build/x86_Debug/TEST_autogenerated.o
 .rdata$zzz     0x6cb0991c       0x40 ../build/x86_Debug/TEST_op_Add.o
 .rdata$zzz     0x6cb0995c       0x40 ../build/x86_Debug/TEST_op_BitwiseAnd.o
 .rdata$zzz     0x6cb0999c       0x40 ../build/x86_Debug/TEST_op_BitwiseOr.o
 .rdata$zzz     0x6cb099dc       0x40 ../build/x86_Debug/TEST_op_Clone.o
 .rdata$zzz     0x6cb09a1c       0x40 ../build/x86_Debug/TEST_op_Compare.o
 .rdata$zzz     0x6cb09a5c       0x40 ../build/x86_Debug/TEST_op_DivRem.o
 .rdata$zzz     0x6cb09a9c       0x40 ../build/x86_Debug/TEST_op_Equals.o
 .rdata$zzz     0x6cb09adc       0x40 ../build/x86_Debug/TEST_op_ExclusiveOr.o
 .rdata$zzz     0x6cb09b1c       0x40 ../build/x86_Debug/TEST_op_From_To.o
 .rdata$zzz     0x6cb09b5c       0x40 ../build/x86_Debug/TEST_op_GetPropertyValue.o
 .rdata$zzz     0x6cb09b9c       0x40 ../build/x86_Debug/TEST_op_GreatestCommonDivisor.o
 .rdata$zzz     0x6cb09bdc       0x40 ../build/x86_Debug/TEST_op_ModPow.o
 .rdata$zzz     0x6cb09c1c       0x40 ../build/x86_Debug/TEST_op_Multiply.o
 .rdata$zzz     0x6cb09c5c       0x40 ../build/x86_Debug/TEST_op_ParseDN.o
 .rdata$zzz     0x6cb09c9c       0x40 ../build/x86_Debug/TEST_op_ParseX.o
 .rdata$zzz     0x6cb09cdc       0x40 ../build/x86_Debug/TEST_op_Pow.o
 .rdata$zzz     0x6cb09d1c       0x40 ../build/x86_Debug/TEST_op_Shift.o
 .rdata$zzz     0x6cb09d5c       0x40 ../build/x86_Debug/TEST_op_Subtruct.o
 .rdata$zzz     0x6cb09d9c       0x40 ../build/x86_Debug/TEST_op_ToStringD.o
 .rdata$zzz     0x6cb09ddc       0x40 ../build/x86_Debug/TEST_op_ToStringN.o
 .rdata$zzz     0x6cb09e1c       0x40 ../build/x86_Debug/TEST_op_ToStringX.o
                0x6cb09e5c                __rt_psrelocs_start = .
 *(.rdata_runtime_pseudo_reloc)
                0x6cb09e5c                __rt_psrelocs_end = .
                0x00000000                __rt_psrelocs_size = (__rt_psrelocs_end - __rt_psrelocs_start)
                0x6cb09e5c                ___RUNTIME_PSEUDO_RELOC_LIST_END__ = .
                0x6cb09e5c                __RUNTIME_PSEUDO_RELOC_LIST_END__ = .
                0x6cb09e5c                ___RUNTIME_PSEUDO_RELOC_LIST__ = (. - __rt_psrelocs_size)
                0x6cb09e5c                __RUNTIME_PSEUDO_RELOC_LIST__ = (. - __rt_psrelocs_size)

.eh_frame       0x6cb0a000     0x4400
 *(.eh_frame*)
 .eh_frame      0x6cb0a000       0xb8 ../build/x86_Debug/cpuid.o
 .eh_frame      0x6cb0a0b8      0x130 ../build/x86_Debug/debug.o
 .eh_frame      0x6cb0a1e8       0x38 ../build/x86_Debug/dllmain.o
 .eh_frame      0x6cb0a220       0x8c ../build/x86_Debug/INTERNALTEST_op_DivRem.o
 .eh_frame      0x6cb0a2ac       0xac ../build/x86_Debug/INTERNALTEST_op_Multiply.o
 .eh_frame      0x6cb0a358      0x430 ../build/x86_Debug/pmc_add.o
 .eh_frame      0x6cb0a788      0x19c ../build/x86_Debug/pmc_bitwiseand.o
 .eh_frame      0x6cb0a924      0x214 ../build/x86_Debug/pmc_bitwiseor.o
 .eh_frame      0x6cb0ab38       0xe8 ../build/x86_Debug/pmc_bytes.o
 .eh_frame      0x6cb0ac20       0x4c ../build/x86_Debug/pmc_clone.o
 .eh_frame      0x6cb0ac6c      0x17c ../build/x86_Debug/pmc_compare.o
 .eh_frame      0x6cb0ade8      0x748 ../build/x86_Debug/pmc_divrem.o
 .eh_frame      0x6cb0b530      0x17c ../build/x86_Debug/pmc_equals.o
 .eh_frame      0x6cb0b6ac      0x214 ../build/x86_Debug/pmc_exclusiveor.o
 .eh_frame      0x6cb0b8c0       0xf0 ../build/x86_Debug/pmc_from.o
 .eh_frame      0x6cb0b9b0       0x4c ../build/x86_Debug/pmc_getpropertyvalue.o
 .eh_frame      0x6cb0b9fc      0x238 ../build/x86_Debug/pmc_greatestcommondivisor.o
 .eh_frame      0x6cb0bc34       0x38 ../build/x86_Debug/pmc_initialize.o
 .eh_frame      0x6cb0bc6c      0x3d0 ../build/x86_Debug/pmc_memory.o
 .eh_frame      0x6cb0c03c      0x18c ../build/x86_Debug/pmc_modpow.o
 .eh_frame      0x6cb0c1c8      0x3b4 ../build/x86_Debug/pmc_multiply.o
 .eh_frame      0x6cb0c57c      0x470 ../build/x86_Debug/pmc_parse.o
 .eh_frame      0x6cb0c9ec      0x100 ../build/x86_Debug/pmc_pow.o
 .eh_frame      0x6cb0caec      0x1d4 ../build/x86_Debug/pmc_shift.o
 .eh_frame      0x6cb0ccc0       0x38 ../build/x86_Debug/pmc_statistics.o
 .eh_frame      0x6cb0ccf8      0x2e4 ../build/x86_Debug/pmc_subtruct.o
 .eh_frame      0x6cb0cfdc       0x98 ../build/x86_Debug/pmc_to.o
 .eh_frame      0x6cb0d074      0x2f8 ../build/x86_Debug/pmc_tostring.o
 .eh_frame      0x6cb0d36c       0x3c ../build/x86_Debug/TEST_autogenerated.o
 .eh_frame      0x6cb0d3a8      0x114 ../build/x86_Debug/TEST_op_Add.o
 .eh_frame      0x6cb0d4bc      0x11c ../build/x86_Debug/TEST_op_BitwiseAnd.o
 .eh_frame      0x6cb0d5d8      0x114 ../build/x86_Debug/TEST_op_BitwiseOr.o
 .eh_frame      0x6cb0d6ec       0x64 ../build/x86_Debug/TEST_op_Clone.o
 .eh_frame      0x6cb0d750       0xf4 ../build/x86_Debug/TEST_op_Compare.o
 .eh_frame      0x6cb0d844      0x11c ../build/x86_Debug/TEST_op_DivRem.o
 .eh_frame      0x6cb0d960       0xf4 ../build/x86_Debug/TEST_op_Equals.o
 .eh_frame      0x6cb0da54      0x114 ../build/x86_Debug/TEST_op_ExclusiveOr.o
 .eh_frame      0x6cb0db68       0xec ../build/x86_Debug/TEST_op_From_To.o
 .eh_frame      0x6cb0dc54       0x44 ../build/x86_Debug/TEST_op_GetPropertyValue.o
 .eh_frame      0x6cb0dc98      0x114 ../build/x86_Debug/TEST_op_GreatestCommonDivisor.o
 .eh_frame      0x6cb0ddac       0x68 ../build/x86_Debug/TEST_op_ModPow.o
 .eh_frame      0x6cb0de14      0x114 ../build/x86_Debug/TEST_op_Multiply.o
 .eh_frame      0x6cb0df28       0x90 ../build/x86_Debug/TEST_op_ParseDN.o
 .eh_frame      0x6cb0dfb8       0x64 ../build/x86_Debug/TEST_op_ParseX.o
 .eh_frame      0x6cb0e01c       0x64 ../build/x86_Debug/TEST_op_Pow.o
 .eh_frame      0x6cb0e080       0xd0 ../build/x86_Debug/TEST_op_Shift.o
 .eh_frame      0x6cb0e150      0x118 ../build/x86_Debug/TEST_op_Subtruct.o
 .eh_frame      0x6cb0e268       0x44 ../build/x86_Debug/TEST_op_ToStringD.o
 .eh_frame      0x6cb0e2ac       0x44 ../build/x86_Debug/TEST_op_ToStringN.o
 .eh_frame      0x6cb0e2f0       0x44 ../build/x86_Debug/TEST_op_ToStringX.o

.pdata
 *(.pdata*)

.bss            0x6cb0f000    0x17518
                0x6cb0f000                __bss_start__ = .
 *(.bss)
 .bss           0x6cb0f000        0x0 ../build/x86_Debug/cpuid.o
 .bss           0x6cb0f000      0x420 ../build/x86_Debug/debug.o
                0x6cb0f000                test_total_count
                0x6cb0f004                test_ok_count
                0x6cb0f008                __DEBUG_LOG
 .bss           0x6cb0f420        0x0 ../build/x86_Debug/dllmain.o
 .bss           0x6cb0f420        0x0 ../build/x86_Debug/INTERNALTEST_op_DivRem.o
 .bss           0x6cb0f420        0x0 ../build/x86_Debug/INTERNALTEST_op_Multiply.o
 .bss           0x6cb0f420        0x4 ../build/x86_Debug/pmc_add.o
 .bss           0x6cb0f424        0x0 ../build/x86_Debug/pmc_bitwiseand.o
 .bss           0x6cb0f424        0x0 ../build/x86_Debug/pmc_bitwiseor.o
 .bss           0x6cb0f424        0x0 ../build/x86_Debug/pmc_bytes.o
 .bss           0x6cb0f424        0x0 ../build/x86_Debug/pmc_clone.o
 .bss           0x6cb0f424        0x0 ../build/x86_Debug/pmc_compare.o
 .bss           0x6cb0f424        0x4 ../build/x86_Debug/pmc_divrem.o
 .bss           0x6cb0f428        0x0 ../build/x86_Debug/pmc_equals.o
 .bss           0x6cb0f428        0x0 ../build/x86_Debug/pmc_exclusiveor.o
 .bss           0x6cb0f428        0x0 ../build/x86_Debug/pmc_from.o
 .bss           0x6cb0f428        0x0 ../build/x86_Debug/pmc_getpropertyvalue.o
 .bss           0x6cb0f428        0x0 ../build/x86_Debug/pmc_greatestcommondivisor.o
 *fill*         0x6cb0f428       0x18 
 .bss           0x6cb0f440      0x120 ../build/x86_Debug/pmc_initialize.o
 .bss           0x6cb0f560        0x0 ../build/x86_Debug/pmc_memory.o
 .bss           0x6cb0f560        0x0 ../build/x86_Debug/pmc_modpow.o
 .bss           0x6cb0f560        0xc ../build/x86_Debug/pmc_multiply.o
 *fill*         0x6cb0f56c       0x14 
 .bss           0x6cb0f580       0x40 ../build/x86_Debug/pmc_parse.o
 .bss           0x6cb0f5c0        0x0 ../build/x86_Debug/pmc_pow.o
 .bss           0x6cb0f5c0        0x0 ../build/x86_Debug/pmc_shift.o
 .bss           0x6cb0f5c0        0x0 ../build/x86_Debug/pmc_statistics.o
 .bss           0x6cb0f5c0        0x0 ../build/x86_Debug/pmc_subtruct.o
 .bss           0x6cb0f5c0        0x0 ../build/x86_Debug/pmc_to.o
 .bss           0x6cb0f5c0       0x40 ../build/x86_Debug/pmc_tostring.o
 .bss           0x6cb0f600      0xb0c ../build/x86_Debug/TEST_autogenerated.o
 .bss           0x6cb1010c        0x0 ../build/x86_Debug/TEST_op_Add.o
 .bss           0x6cb1010c        0x0 ../build/x86_Debug/TEST_op_BitwiseAnd.o
 .bss           0x6cb1010c        0x0 ../build/x86_Debug/TEST_op_BitwiseOr.o
 .bss           0x6cb1010c        0x0 ../build/x86_Debug/TEST_op_Clone.o
 .bss           0x6cb1010c        0x0 ../build/x86_Debug/TEST_op_Compare.o
 .bss           0x6cb1010c        0x0 ../build/x86_Debug/TEST_op_DivRem.o
 .bss           0x6cb1010c        0x0 ../build/x86_Debug/TEST_op_Equals.o
 .bss           0x6cb1010c        0x0 ../build/x86_Debug/TEST_op_ExclusiveOr.o
 .bss           0x6cb1010c        0x0 ../build/x86_Debug/TEST_op_From_To.o
 .bss           0x6cb1010c        0x0 ../build/x86_Debug/TEST_op_GetPropertyValue.o
 .bss           0x6cb1010c        0x0 ../build/x86_Debug/TEST_op_GreatestCommonDivisor.o
 .bss           0x6cb1010c        0x0 ../build/x86_Debug/TEST_op_ModPow.o
 .bss           0x6cb1010c        0x0 ../build/x86_Debug/TEST_op_Multiply.o
 *fill*         0x6cb1010c       0x14 
 .bss           0x6cb10120      0x240 ../build/x86_Debug/TEST_op_ParseDN.o
 .bss           0x6cb10360      0x120 ../build/x86_Debug/TEST_op_ParseX.o
 .bss           0x6cb10480    0x10000 ../build/x86_Debug/TEST_op_Pow.o
 .bss           0x6cb20480        0x0 ../build/x86_Debug/TEST_op_Shift.o
 .bss           0x6cb20480        0x0 ../build/x86_Debug/TEST_op_Subtruct.o
 .bss           0x6cb20480     0x2000 ../build/x86_Debug/TEST_op_ToStringD.o
 .bss           0x6cb22480     0x2000 ../build/x86_Debug/TEST_op_ToStringN.o
 .bss           0x6cb24480     0x2000 ../build/x86_Debug/TEST_op_ToStringX.o
 .bss           0x6cb26480        0x0 C:/GNU/MINGW64/i686-8.1.0-win32-dwarf-rt_v6-rev0/mingw32/bin/../lib/gcc/i686-w64-mingw32/8.1.0/../../../../i686-w64-mingw32/lib/../lib/libkernel32.a(dgzcs01342.o)
 .bss           0x6cb26480        0x0 C:/GNU/MINGW64/i686-8.1.0-win32-dwarf-rt_v6-rev0/mingw32/bin/../lib/gcc/i686-w64-mingw32/8.1.0/../../../../i686-w64-mingw32/lib/../lib/libkernel32.a(dgzcs01336.o)
 .bss           0x6cb26480        0x0 C:/GNU/MINGW64/i686-8.1.0-win32-dwarf-rt_v6-rev0/mingw32/bin/../lib/gcc/i686-w64-mingw32/8.1.0/../../../../i686-w64-mingw32/lib/../lib/libkernel32.a(dgzcs01335.o)
 .bss           0x6cb26480        0x0 C:/GNU/MINGW64/i686-8.1.0-win32-dwarf-rt_v6-rev0/mingw32/bin/../lib/gcc/i686-w64-mingw32/8.1.0/../../../../i686-w64-mingw32/lib/../lib/libkernel32.a(dgzcs01330.o)
 .bss           0x6cb26480        0x0 C:/GNU/MINGW64/i686-8.1.0-win32-dwarf-rt_v6-rev0/mingw32/bin/../lib/gcc/i686-w64-mingw32/8.1.0/../../../../i686-w64-mingw32/lib/../lib/libkernel32.a(dgzcs00729.o)
 .bss           0x6cb26480        0x0 C:/GNU/MINGW64/i686-8.1.0-win32-dwarf-rt_v6-rev0/mingw32/bin/../lib/gcc/i686-w64-mingw32/8.1.0/../../../../i686-w64-mingw32/lib/../lib/libkernel32.a(dgzcs00727.o)
 .bss           0x6cb26480        0x0 C:/GNU/MINGW64/i686-8.1.0-win32-dwarf-rt_v6-rev0/mingw32/bin/../lib/gcc/i686-w64-mingw32/8.1.0/../../../../i686-w64-mingw32/lib/../lib/libkernel32.a(dgzcs00725.o)
 .bss           0x6cb26480        0x0 C:/GNU/MINGW64/i686-8.1.0-win32-dwarf-rt_v6-rev0/mingw32/bin/../lib/gcc/i686-w64-mingw32/8.1.0/../../../../i686-w64-mingw32/lib/../lib/libkernel32.a(dgzcs00723.o)
 .bss           0x6cb26480        0x0 C:/GNU/MINGW64/i686-8.1.0-win32-dwarf-rt_v6-rev0/mingw32/bin/../lib/gcc/i686-w64-mingw32/8.1.0/../../../../i686-w64-mingw32/lib/../lib/libkernel32.a(dgzcs00666.o)
 .bss           0x6cb26480        0x0 C:/GNU/MINGW64/i686-8.1.0-win32-dwarf-rt_v6-rev0/mingw32/bin/../lib/gcc/i686-w64-mingw32/8.1.0/../../../../i686-w64-mingw32/lib/../lib/libkernel32.a(dgzch.o)
 .bss           0x6cb26480        0x0 C:/GNU/MINGW64/i686-8.1.0-win32-dwarf-rt_v6-rev0/mingw32/bin/../lib/gcc/i686-w64-mingw32/8.1.0/../../../../i686-w64-mingw32/lib/../lib/libkernel32.a(dgzct.o)
 .bss           0x6cb26480        0x0 C:/GNU/MINGW64/i686-8.1.0-win32-dwarf-rt_v6-rev0/mingw32/bin/../lib/gcc/i686-w64-mingw32/8.1.0/../../../../i686-w64-mingw32/lib/../lib/libuser32.a(dmces00912.o)
 .bss           0x6cb26480        0x0 C:/GNU/MINGW64/i686-8.1.0-win32-dwarf-rt_v6-rev0/mingw32/bin/../lib/gcc/i686-w64-mingw32/8.1.0/../../../../i686-w64-mingw32/lib/../lib/libuser32.a(dmceh.o)
 .bss           0x6cb26480        0x0 C:/GNU/MINGW64/i686-8.1.0-win32-dwarf-rt_v6-rev0/mingw32/bin/../lib/gcc/i686-w64-mingw32/8.1.0/../../../../i686-w64-mingw32/lib/../lib/libuser32.a(dmcet.o)
 *(COMMON)
 COMMON         0x6cb26480        0x4 ../build/x86_Debug/pmc_initialize.o
                0x6cb26480                configuration_info
 *fill*         0x6cb26484       0x1c 
 COMMON         0x6cb264a0       0x68 ../build/x86_Debug/pmc_memory.o
                0x6cb264a0                number_zero
                0x6cb264e0                number_one
                0x6cb26504                hLocalHeap
 COMMON         0x6cb26508       0x10 ../build/x86_Debug/pmc_statistics.o
                0x6cb26508                statistics_info
                0x6cb26518                __bss_end__ = .

.edata          0x6cb27000      0x200
 *(.edata)
 .edata         0x6cb27000       0x58 dll stuff

/DISCARD/
 *(.debug$S)
 *(.debug$T)
 *(.debug$F)
 *(.drectve)
 *(.note.GNU-stack)
 *(.gnu.lto_*)

.idata          0x6cb28000      0x200
 SORT_BY_NAME(*)(.idata$2)
 .idata$2       0x6cb28000       0x14 C:/GNU/MINGW64/i686-8.1.0-win32-dwarf-rt_v6-rev0/mingw32/bin/../lib/gcc/i686-w64-mingw32/8.1.0/../../../../i686-w64-mingw32/lib/../lib/libkernel32.a(dgzch.o)
                0x6cb28000                _head_lib32_libkernel32_a
 .idata$2       0x6cb28014       0x14 C:/GNU/MINGW64/i686-8.1.0-win32-dwarf-rt_v6-rev0/mingw32/bin/../lib/gcc/i686-w64-mingw32/8.1.0/../../../../i686-w64-mingw32/lib/../lib/libuser32.a(dmceh.o)
                0x6cb28014                _head_lib32_libuser32_a
 SORT_BY_NAME(*)(.idata$3)
                0x6cb28028        0x4 LONG 0x0
                0x6cb2802c        0x4 LONG 0x0
                0x6cb28030        0x4 LONG 0x0
                0x6cb28034        0x4 LONG 0x0
                0x6cb28038        0x4 LONG 0x0
 SORT_BY_NAME(*)(.idata$4)
 .idata$4       0x6cb2803c        0x0 C:/GNU/MINGW64/i686-8.1.0-win32-dwarf-rt_v6-rev0/mingw32/bin/../lib/gcc/i686-w64-mingw32/8.1.0/../../../../i686-w64-mingw32/lib/../lib/libkernel32.a(dgzch.o)
 .idata$4       0x6cb2803c        0x4 C:/GNU/MINGW64/i686-8.1.0-win32-dwarf-rt_v6-rev0/mingw32/bin/../lib/gcc/i686-w64-mingw32/8.1.0/../../../../i686-w64-mingw32/lib/../lib/libkernel32.a(dgzcs00666.o)
 .idata$4       0x6cb28040        0x4 C:/GNU/MINGW64/i686-8.1.0-win32-dwarf-rt_v6-rev0/mingw32/bin/../lib/gcc/i686-w64-mingw32/8.1.0/../../../../i686-w64-mingw32/lib/../lib/libkernel32.a(dgzcs00723.o)
 .idata$4       0x6cb28044        0x4 C:/GNU/MINGW64/i686-8.1.0-win32-dwarf-rt_v6-rev0/mingw32/bin/../lib/gcc/i686-w64-mingw32/8.1.0/../../../../i686-w64-mingw32/lib/../lib/libkernel32.a(dgzcs00725.o)
 .idata$4       0x6cb28048        0x4 C:/GNU/MINGW64/i686-8.1.0-win32-dwarf-rt_v6-rev0/mingw32/bin/../lib/gcc/i686-w64-mingw32/8.1.0/../../../../i686-w64-mingw32/lib/../lib/libkernel32.a(dgzcs00727.o)
 .idata$4       0x6cb2804c        0x4 C:/GNU/MINGW64/i686-8.1.0-win32-dwarf-rt_v6-rev0/mingw32/bin/../lib/gcc/i686-w64-mingw32/8.1.0/../../../../i686-w64-mingw32/lib/../lib/libkernel32.a(dgzcs00729.o)
 .idata$4       0x6cb28050        0x4 C:/GNU/MINGW64/i686-8.1.0-win32-dwarf-rt_v6-rev0/mingw32/bin/../lib/gcc/i686-w64-mingw32/8.1.0/../../../../i686-w64-mingw32/lib/../lib/libkernel32.a(dgzcs01330.o)
 .idata$4       0x6cb28054        0x4 C:/GNU/MINGW64/i686-8.1.0-win32-dwarf-rt_v6-rev0/mingw32/bin/../lib/gcc/i686-w64-mingw32/8.1.0/../../../../i686-w64-mingw32/lib/../lib/libkernel32.a(dgzcs01335.o)
 .idata$4       0x6cb28058        0x4 C:/GNU/MINGW64/i686-8.1.0-win32-dwarf-rt_v6-rev0/mingw32/bin/../lib/gcc/i686-w64-mingw32/8.1.0/../../../../i686-w64-mingw32/lib/../lib/libkernel32.a(dgzcs01336.o)
 .idata$4       0x6cb2805c        0x4 C:/GNU/MINGW64/i686-8.1.0-win32-dwarf-rt_v6-rev0/mingw32/bin/../lib/gcc/i686-w64-mingw32/8.1.0/../../../../i686-w64-mingw32/lib/../lib/libkernel32.a(dgzcs01342.o)
 .idata$4       0x6cb28060        0x4 C:/GNU/MINGW64/i686-8.1.0-win32-dwarf-rt_v6-rev0/mingw32/bin/../lib/gcc/i686-w64-mingw32/8.1.0/../../../../i686-w64-mingw32/lib/../lib/libkernel32.a(dgzct.o)
 .idata$4       0x6cb28064        0x0 C:/GNU/MINGW64/i686-8.1.0-win32-dwarf-rt_v6-rev0/mingw32/bin/../lib/gcc/i686-w64-mingw32/8.1.0/../../../../i686-w64-mingw32/lib/../lib/libuser32.a(dmceh.o)
 .idata$4       0x6cb28064        0x4 C:/GNU/MINGW64/i686-8.1.0-win32-dwarf-rt_v6-rev0/mingw32/bin/../lib/gcc/i686-w64-mingw32/8.1.0/../../../../i686-w64-mingw32/lib/../lib/libuser32.a(dmces00912.o)
 .idata$4       0x6cb28068        0x4 C:/GNU/MINGW64/i686-8.1.0-win32-dwarf-rt_v6-rev0/mingw32/bin/../lib/gcc/i686-w64-mingw32/8.1.0/../../../../i686-w64-mingw32/lib/../lib/libuser32.a(dmcet.o)
                0x6cb2806c                __IAT_start__ = .
 SORT_BY_NAME(*)(.idata$5)
 .idata$5       0x6cb2806c        0x0 C:/GNU/MINGW64/i686-8.1.0-win32-dwarf-rt_v6-rev0/mingw32/bin/../lib/gcc/i686-w64-mingw32/8.1.0/../../../../i686-w64-mingw32/lib/../lib/libkernel32.a(dgzch.o)
 .idata$5       0x6cb2806c        0x4 C:/GNU/MINGW64/i686-8.1.0-win32-dwarf-rt_v6-rev0/mingw32/bin/../lib/gcc/i686-w64-mingw32/8.1.0/../../../../i686-w64-mingw32/lib/../lib/libkernel32.a(dgzcs00666.o)
                0x6cb2806c                _imp__GetTickCount@0
 .idata$5       0x6cb28070        0x4 C:/GNU/MINGW64/i686-8.1.0-win32-dwarf-rt_v6-rev0/mingw32/bin/../lib/gcc/i686-w64-mingw32/8.1.0/../../../../i686-w64-mingw32/lib/../lib/libkernel32.a(dgzcs00723.o)
                0x6cb28070                _imp__HeapAlloc@12
 .idata$5       0x6cb28074        0x4 C:/GNU/MINGW64/i686-8.1.0-win32-dwarf-rt_v6-rev0/mingw32/bin/../lib/gcc/i686-w64-mingw32/8.1.0/../../../../i686-w64-mingw32/lib/../lib/libkernel32.a(dgzcs00725.o)
                0x6cb28074                _imp__HeapCreate@12
 .idata$5       0x6cb28078        0x4 C:/GNU/MINGW64/i686-8.1.0-win32-dwarf-rt_v6-rev0/mingw32/bin/../lib/gcc/i686-w64-mingw32/8.1.0/../../../../i686-w64-mingw32/lib/../lib/libkernel32.a(dgzcs00727.o)
                0x6cb28078                _imp__HeapDestroy@4
 .idata$5       0x6cb2807c        0x4 C:/GNU/MINGW64/i686-8.1.0-win32-dwarf-rt_v6-rev0/mingw32/bin/../lib/gcc/i686-w64-mingw32/8.1.0/../../../../i686-w64-mingw32/lib/../lib/libkernel32.a(dgzcs00729.o)
                0x6cb2807c                _imp__HeapFree@12
 .idata$5       0x6cb28080        0x4 C:/GNU/MINGW64/i686-8.1.0-win32-dwarf-rt_v6-rev0/mingw32/bin/../lib/gcc/i686-w64-mingw32/8.1.0/../../../../i686-w64-mingw32/lib/../lib/libkernel32.a(dgzcs01330.o)
                0x6cb28080                _imp__lstrcmpW@8
 .idata$5       0x6cb28084        0x4 C:/GNU/MINGW64/i686-8.1.0-win32-dwarf-rt_v6-rev0/mingw32/bin/../lib/gcc/i686-w64-mingw32/8.1.0/../../../../i686-w64-mingw32/lib/../lib/libkernel32.a(dgzcs01335.o)
                0x6cb28084                _imp__lstrcpyA@8
 .idata$5       0x6cb28088        0x4 C:/GNU/MINGW64/i686-8.1.0-win32-dwarf-rt_v6-rev0/mingw32/bin/../lib/gcc/i686-w64-mingw32/8.1.0/../../../../i686-w64-mingw32/lib/../lib/libkernel32.a(dgzcs01336.o)
                0x6cb28088                _imp__lstrcpyW@8
 .idata$5       0x6cb2808c        0x4 C:/GNU/MINGW64/i686-8.1.0-win32-dwarf-rt_v6-rev0/mingw32/bin/../lib/gcc/i686-w64-mingw32/8.1.0/../../../../i686-w64-mingw32/lib/../lib/libkernel32.a(dgzcs01342.o)
                0x6cb2808c                _imp__lstrlenW@4
 .idata$5       0x6cb28090        0x4 C:/GNU/MINGW64/i686-8.1.0-win32-dwarf-rt_v6-rev0/mingw32/bin/../lib/gcc/i686-w64-mingw32/8.1.0/../../../../i686-w64-mingw32/lib/../lib/libkernel32.a(dgzct.o)
 .idata$5       0x6cb28094        0x0 C:/GNU/MINGW64/i686-8.1.0-win32-dwarf-rt_v6-rev0/mingw32/bin/../lib/gcc/i686-w64-mingw32/8.1.0/../../../../i686-w64-mingw32/lib/../lib/libuser32.a(dmceh.o)
 .idata$5       0x6cb28094        0x4 C:/GNU/MINGW64/i686-8.1.0-win32-dwarf-rt_v6-rev0/mingw32/bin/../lib/gcc/i686-w64-mingw32/8.1.0/../../../../i686-w64-mingw32/lib/../lib/libuser32.a(dmces00912.o)
                0x6cb28094                _imp__wsprintfW
 .idata$5       0x6cb28098        0x4 C:/GNU/MINGW64/i686-8.1.0-win32-dwarf-rt_v6-rev0/mingw32/bin/../lib/gcc/i686-w64-mingw32/8.1.0/../../../../i686-w64-mingw32/lib/../lib/libuser32.a(dmcet.o)
                0x6cb2809c                __IAT_end__ = .
 SORT_BY_NAME(*)(.idata$6)
 .idata$6       0x6cb2809c       0x10 C:/GNU/MINGW64/i686-8.1.0-win32-dwarf-rt_v6-rev0/mingw32/bin/../lib/gcc/i686-w64-mingw32/8.1.0/../../../../i686-w64-mingw32/lib/../lib/libkernel32.a(dgzcs00666.o)
 .idata$6       0x6cb280ac        0xc C:/GNU/MINGW64/i686-8.1.0-win32-dwarf-rt_v6-rev0/mingw32/bin/../lib/gcc/i686-w64-mingw32/8.1.0/../../../../i686-w64-mingw32/lib/../lib/libkernel32.a(dgzcs00723.o)
 .idata$6       0x6cb280b8        0xe C:/GNU/MINGW64/i686-8.1.0-win32-dwarf-rt_v6-rev0/mingw32/bin/../lib/gcc/i686-w64-mingw32/8.1.0/../../../../i686-w64-mingw32/lib/../lib/libkernel32.a(dgzcs00725.o)
 .idata$6       0x6cb280c6        0xe C:/GNU/MINGW64/i686-8.1.0-win32-dwarf-rt_v6-rev0/mingw32/bin/../lib/gcc/i686-w64-mingw32/8.1.0/../../../../i686-w64-mingw32/lib/../lib/libkernel32.a(dgzcs00727.o)
 .idata$6       0x6cb280d4        0xc C:/GNU/MINGW64/i686-8.1.0-win32-dwarf-rt_v6-rev0/mingw32/bin/../lib/gcc/i686-w64-mingw32/8.1.0/../../../../i686-w64-mingw32/lib/../lib/libkernel32.a(dgzcs00729.o)
 .idata$6       0x6cb280e0        0xc C:/GNU/MINGW64/i686-8.1.0-win32-dwarf-rt_v6-rev0/mingw32/bin/../lib/gcc/i686-w64-mingw32/8.1.0/../../../../i686-w64-mingw32/lib/../lib/libkernel32.a(dgzcs01330.o)
 .idata$6       0x6cb280ec        0xc C:/GNU/MINGW64/i686-8.1.0-win32-dwarf-rt_v6-rev0/mingw32/bin/../lib/gcc/i686-w64-mingw32/8.1.0/../../../../i686-w64-mingw32/lib/../lib/libkernel32.a(dgzcs01335.o)
 .idata$6       0x6cb280f8        0xc C:/GNU/MINGW64/i686-8.1.0-win32-dwarf-rt_v6-rev0/mingw32/bin/../lib/gcc/i686-w64-mingw32/8.1.0/../../../../i686-w64-mingw32/lib/../lib/libkernel32.a(dgzcs01336.o)
 .idata$6       0x6cb28104        0xc C:/GNU/MINGW64/i686-8.1.0-win32-dwarf-rt_v6-rev0/mingw32/bin/../lib/gcc/i686-w64-mingw32/8.1.0/../../../../i686-w64-mingw32/lib/../lib/libkernel32.a(dgzcs01342.o)
 .idata$6       0x6cb28110        0xc C:/GNU/MINGW64/i686-8.1.0-win32-dwarf-rt_v6-rev0/mingw32/bin/../lib/gcc/i686-w64-mingw32/8.1.0/../../../../i686-w64-mingw32/lib/../lib/libuser32.a(dmces00912.o)
 SORT_BY_NAME(*)(.idata$7)
 .idata$7       0x6cb2811c        0x4 C:/GNU/MINGW64/i686-8.1.0-win32-dwarf-rt_v6-rev0/mingw32/bin/../lib/gcc/i686-w64-mingw32/8.1.0/../../../../i686-w64-mingw32/lib/../lib/libkernel32.a(dgzcs00666.o)
 .idata$7       0x6cb28120        0x4 C:/GNU/MINGW64/i686-8.1.0-win32-dwarf-rt_v6-rev0/mingw32/bin/../lib/gcc/i686-w64-mingw32/8.1.0/../../../../i686-w64-mingw32/lib/../lib/libkernel32.a(dgzcs00723.o)
 .idata$7       0x6cb28124        0x4 C:/GNU/MINGW64/i686-8.1.0-win32-dwarf-rt_v6-rev0/mingw32/bin/../lib/gcc/i686-w64-mingw32/8.1.0/../../../../i686-w64-mingw32/lib/../lib/libkernel32.a(dgzcs00725.o)
 .idata$7       0x6cb28128        0x4 C:/GNU/MINGW64/i686-8.1.0-win32-dwarf-rt_v6-rev0/mingw32/bin/../lib/gcc/i686-w64-mingw32/8.1.0/../../../../i686-w64-mingw32/lib/../lib/libkernel32.a(dgzcs00727.o)
 .idata$7       0x6cb2812c        0x4 C:/GNU/MINGW64/i686-8.1.0-win32-dwarf-rt_v6-rev0/mingw32/bin/../lib/gcc/i686-w64-mingw32/8.1.0/../../../../i686-w64-mingw32/lib/../lib/libkernel32.a(dgzcs00729.o)
 .idata$7       0x6cb28130        0x4 C:/GNU/MINGW64/i686-8.1.0-win32-dwarf-rt_v6-rev0/mingw32/bin/../lib/gcc/i686-w64-mingw32/8.1.0/../../../../i686-w64-mingw32/lib/../lib/libkernel32.a(dgzcs01330.o)
 .idata$7       0x6cb28134        0x4 C:/GNU/MINGW64/i686-8.1.0-win32-dwarf-rt_v6-rev0/mingw32/bin/../lib/gcc/i686-w64-mingw32/8.1.0/../../../../i686-w64-mingw32/lib/../lib/libkernel32.a(dgzcs01335.o)
 .idata$7       0x6cb28138        0x4 C:/GNU/MINGW64/i686-8.1.0-win32-dwarf-rt_v6-rev0/mingw32/bin/../lib/gcc/i686-w64-mingw32/8.1.0/../../../../i686-w64-mingw32/lib/../lib/libkernel32.a(dgzcs01336.o)
 .idata$7       0x6cb2813c        0x4 C:/GNU/MINGW64/i686-8.1.0-win32-dwarf-rt_v6-rev0/mingw32/bin/../lib/gcc/i686-w64-mingw32/8.1.0/../../../../i686-w64-mingw32/lib/../lib/libkernel32.a(dgzcs01342.o)
 .idata$7       0x6cb28140       0x10 C:/GNU/MINGW64/i686-8.1.0-win32-dwarf-rt_v6-rev0/mingw32/bin/../lib/gcc/i686-w64-mingw32/8.1.0/../../../../i686-w64-mingw32/lib/../lib/libkernel32.a(dgzct.o)
                0x6cb28140                _lib32_libkernel32_a_iname
 .idata$7       0x6cb28150        0x4 C:/GNU/MINGW64/i686-8.1.0-win32-dwarf-rt_v6-rev0/mingw32/bin/../lib/gcc/i686-w64-mingw32/8.1.0/../../../../i686-w64-mingw32/lib/../lib/libuser32.a(dmces00912.o)
 .idata$7       0x6cb28154        0xc C:/GNU/MINGW64/i686-8.1.0-win32-dwarf-rt_v6-rev0/mingw32/bin/../lib/gcc/i686-w64-mingw32/8.1.0/../../../../i686-w64-mingw32/lib/../lib/libuser32.a(dmcet.o)
                0x6cb28154                _lib32_libuser32_a_iname

.CRT            0x6cb29000        0x0
                0x6cb29000                ___crt_xc_start__ = .
 *(SORT_BY_NAME(.CRT$XC*))
                0x6cb29000                ___crt_xc_end__ = .
                0x6cb29000                ___crt_xi_start__ = .
 *(SORT_BY_NAME(.CRT$XI*))
                0x6cb29000                ___crt_xi_end__ = .
                0x6cb29000                ___crt_xl_start__ = .
 *(SORT_BY_NAME(.CRT$XL*))
                0x6cb29000                ___crt_xp_start__ = .
 *(SORT_BY_NAME(.CRT$XP*))
                0x6cb29000                ___crt_xp_end__ = .
                0x6cb29000                ___crt_xt_start__ = .
 *(SORT_BY_NAME(.CRT$XT*))
                0x6cb29000                ___crt_xt_end__ = .

.tls            0x6cb29000        0x0
                0x6cb29000                ___tls_start__ = .
 *(.tls$AAA)
 *(.tls)
 *(.tls$)
 *(SORT_BY_NAME(.tls$*))
 *(.tls$ZZZ)
                0x6cb29000                ___tls_end__ = .

.endjunk        0x6cb29000        0x0
                [!provide]                PROVIDE (end = .)
                [!provide]                PROVIDE (_end = .)
                0x6cb29000                __end__ = .

.rsrc           0x6cb29000      0x400
 *(.rsrc)
 .rsrc          0x6cb29000      0x378 ../build/x86_Debug/version.o
 *(.rsrc$*)

.reloc          0x6cb2a000    0x59600
 *(.reloc)
 .reloc         0x6cb2a000    0x594a8 dll stuff

.stab
 *(.stab)

.stabstr
 *(.stabstr)

.debug_aranges  0x6cb84000      0x800
 *(.debug_aranges)
 .debug_aranges
                0x6cb84000       0x20 ../build/x86_Debug/cpuid.o
 .debug_aranges
                0x6cb84020       0x20 ../build/x86_Debug/debug.o
 .debug_aranges
                0x6cb84040       0x20 ../build/x86_Debug/dllmain.o
 .debug_aranges
                0x6cb84060       0x20 ../build/x86_Debug/INTERNALTEST_op_DivRem.o
 .debug_aranges
                0x6cb84080       0x20 ../build/x86_Debug/INTERNALTEST_op_Multiply.o
 .debug_aranges
                0x6cb840a0       0x20 ../build/x86_Debug/pmc_add.o
 .debug_aranges
                0x6cb840c0       0x20 ../build/x86_Debug/pmc_bitwiseand.o
 .debug_aranges
                0x6cb840e0       0x20 ../build/x86_Debug/pmc_bitwiseor.o
 .debug_aranges
                0x6cb84100       0x20 ../build/x86_Debug/pmc_bytes.o
 .debug_aranges
                0x6cb84120       0x20 ../build/x86_Debug/pmc_clone.o
 .debug_aranges
                0x6cb84140       0x20 ../build/x86_Debug/pmc_compare.o
 .debug_aranges
                0x6cb84160       0x20 ../build/x86_Debug/pmc_divrem.o
 .debug_aranges
                0x6cb84180       0x20 ../build/x86_Debug/pmc_equals.o
 .debug_aranges
                0x6cb841a0       0x20 ../build/x86_Debug/pmc_exclusiveor.o
 .debug_aranges
                0x6cb841c0       0x20 ../build/x86_Debug/pmc_from.o
 .debug_aranges
                0x6cb841e0       0x20 ../build/x86_Debug/pmc_getpropertyvalue.o
 .debug_aranges
                0x6cb84200       0x20 ../build/x86_Debug/pmc_greatestcommondivisor.o
 .debug_aranges
                0x6cb84220       0x20 ../build/x86_Debug/pmc_initialize.o
 .debug_aranges
                0x6cb84240       0x20 ../build/x86_Debug/pmc_memory.o
 .debug_aranges
                0x6cb84260       0x20 ../build/x86_Debug/pmc_modpow.o
 .debug_aranges
                0x6cb84280       0x20 ../build/x86_Debug/pmc_multiply.o
 .debug_aranges
                0x6cb842a0       0x20 ../build/x86_Debug/pmc_parse.o
 .debug_aranges
                0x6cb842c0       0x20 ../build/x86_Debug/pmc_pow.o
 .debug_aranges
                0x6cb842e0       0x20 ../build/x86_Debug/pmc_shift.o
 .debug_aranges
                0x6cb84300       0x20 ../build/x86_Debug/pmc_statistics.o
 .debug_aranges
                0x6cb84320       0x20 ../build/x86_Debug/pmc_subtruct.o
 .debug_aranges
                0x6cb84340       0x20 ../build/x86_Debug/pmc_to.o
 .debug_aranges
                0x6cb84360       0x20 ../build/x86_Debug/pmc_tostring.o
 .debug_aranges
                0x6cb84380       0x20 ../build/x86_Debug/TEST_autogenerated.o
 .debug_aranges
                0x6cb843a0       0x20 ../build/x86_Debug/TEST_op_Add.o
 .debug_aranges
                0x6cb843c0       0x20 ../build/x86_Debug/TEST_op_BitwiseAnd.o
 .debug_aranges
                0x6cb843e0       0x20 ../build/x86_Debug/TEST_op_BitwiseOr.o
 .debug_aranges
                0x6cb84400       0x20 ../build/x86_Debug/TEST_op_Clone.o
 .debug_aranges
                0x6cb84420       0x20 ../build/x86_Debug/TEST_op_Compare.o
 .debug_aranges
                0x6cb84440       0x20 ../build/x86_Debug/TEST_op_DivRem.o
 .debug_aranges
                0x6cb84460       0x20 ../build/x86_Debug/TEST_op_Equals.o
 .debug_aranges
                0x6cb84480       0x20 ../build/x86_Debug/TEST_op_ExclusiveOr.o
 .debug_aranges
                0x6cb844a0       0x20 ../build/x86_Debug/TEST_op_From_To.o
 .debug_aranges
                0x6cb844c0       0x20 ../build/x86_Debug/TEST_op_GetPropertyValue.o
 .debug_aranges
                0x6cb844e0       0x20 ../build/x86_Debug/TEST_op_GreatestCommonDivisor.o
 .debug_aranges
                0x6cb84500       0x20 ../build/x86_Debug/TEST_op_ModPow.o
 .debug_aranges
                0x6cb84520       0x20 ../build/x86_Debug/TEST_op_Multiply.o
 .debug_aranges
                0x6cb84540       0x20 ../build/x86_Debug/TEST_op_ParseDN.o
 .debug_aranges
                0x6cb84560       0x20 ../build/x86_Debug/TEST_op_ParseX.o
 .debug_aranges
                0x6cb84580       0x20 ../build/x86_Debug/TEST_op_Pow.o
 .debug_aranges
                0x6cb845a0       0x20 ../build/x86_Debug/TEST_op_Shift.o
 .debug_aranges
                0x6cb845c0       0x20 ../build/x86_Debug/TEST_op_Subtruct.o
 .debug_aranges
                0x6cb845e0       0x20 ../build/x86_Debug/TEST_op_ToStringD.o
 .debug_aranges
                0x6cb84600       0x20 ../build/x86_Debug/TEST_op_ToStringN.o
 .debug_aranges
                0x6cb84620       0x20 ../build/x86_Debug/TEST_op_ToStringX.o

.zdebug_aranges
 *(.zdebug_aranges)

.debug_pubnames
 *(.debug_pubnames)

.zdebug_pubnames
 *(.zdebug_pubnames)

.debug_pubtypes
 *(.debug_pubtypes)

.zdebug_pubtypes
 *(.zdebug_pubtypes)

.debug_info     0x6cb85000   0x1c3c00
 *(.debug_info .gnu.linkonce.wi.*)
 .debug_info    0x6cb85000     0x50af ../build/x86_Debug/cpuid.o
 .debug_info    0x6cb8a0af     0x5ecc ../build/x86_Debug/debug.o
 .debug_info    0x6cb8ff7b     0x4d4b ../build/x86_Debug/dllmain.o
 .debug_info    0x6cb94cc6     0x5f44 ../build/x86_Debug/INTERNALTEST_op_DivRem.o
 .debug_info    0x6cb9ac0a     0x5e33 ../build/x86_Debug/INTERNALTEST_op_Multiply.o
 .debug_info    0x6cba0a3d     0x5fc5 ../build/x86_Debug/pmc_add.o
 .debug_info    0x6cba6a02     0x538a ../build/x86_Debug/pmc_bitwiseand.o
 .debug_info    0x6cbabd8c     0x5617 ../build/x86_Debug/pmc_bitwiseor.o
 .debug_info    0x6cbb13a3     0x4fbc ../build/x86_Debug/pmc_bytes.o
 .debug_info    0x6cbb635f     0x4e56 ../build/x86_Debug/pmc_clone.o
 .debug_info    0x6cbbb1b5     0x5311 ../build/x86_Debug/pmc_compare.o
 .debug_info    0x6cbc04c6     0x72e4 ../build/x86_Debug/pmc_divrem.o
 .debug_info    0x6cbc77aa     0x52cd ../build/x86_Debug/pmc_equals.o
 .debug_info    0x6cbcca77     0x5675 ../build/x86_Debug/pmc_exclusiveor.o
 .debug_info    0x6cbd20ec     0x5077 ../build/x86_Debug/pmc_from.o
 .debug_info    0x6cbd7163     0x4ecd ../build/x86_Debug/pmc_getpropertyvalue.o
 .debug_info    0x6cbdc030     0x59d6 ../build/x86_Debug/pmc_greatestcommondivisor.o
 .debug_info    0x6cbe1a06     0x5db6 ../build/x86_Debug/pmc_initialize.o
 .debug_info    0x6cbe77bc     0x5cd9 ../build/x86_Debug/pmc_memory.o
 .debug_info    0x6cbed495     0x557e ../build/x86_Debug/pmc_modpow.o
 .debug_info    0x6cbf2a13     0x60e7 ../build/x86_Debug/pmc_multiply.o
 .debug_info    0x6cbf8afa     0x66c0 ../build/x86_Debug/pmc_parse.o
 .debug_info    0x6cbff1ba     0x52a2 ../build/x86_Debug/pmc_pow.o
 .debug_info    0x6cc0445c     0x57ef ../build/x86_Debug/pmc_shift.o
 .debug_info    0x6cc09c4b     0x4d1b ../build/x86_Debug/pmc_statistics.o
 .debug_info    0x6cc0e966     0x59d5 ../build/x86_Debug/pmc_subtruct.o
 .debug_info    0x6cc1433b     0x4f21 ../build/x86_Debug/pmc_to.o
 .debug_info    0x6cc1925c     0x62b5 ../build/x86_Debug/pmc_tostring.o
 .debug_info    0x6cc1f511    0xb07dc ../build/x86_Debug/TEST_autogenerated.o
 .debug_info    0x6cccfced     0x5e00 ../build/x86_Debug/TEST_op_Add.o
 .debug_info    0x6ccd5aed     0x5d65 ../build/x86_Debug/TEST_op_BitwiseAnd.o
 .debug_info    0x6ccdb852     0x5e18 ../build/x86_Debug/TEST_op_BitwiseOr.o
 .debug_info    0x6cce166a     0x59f8 ../build/x86_Debug/TEST_op_Clone.o
 .debug_info    0x6cce7062     0x5c6a ../build/x86_Debug/TEST_op_Compare.o
 .debug_info    0x6ccecccc     0x5edc ../build/x86_Debug/TEST_op_DivRem.o
 .debug_info    0x6ccf2ba8     0x5c64 ../build/x86_Debug/TEST_op_Equals.o
 .debug_info    0x6ccf880c     0x5e24 ../build/x86_Debug/TEST_op_ExclusiveOr.o
 .debug_info    0x6ccfe630     0x5bea ../build/x86_Debug/TEST_op_From_To.o
 .debug_info    0x6cd0421a     0x594f ../build/x86_Debug/TEST_op_GetPropertyValue.o
 .debug_info    0x6cd09b69     0x5eb8 ../build/x86_Debug/TEST_op_GreatestCommonDivisor.o
 .debug_info    0x6cd0fa21     0x5ab0 ../build/x86_Debug/TEST_op_ModPow.o
 .debug_info    0x6cd154d1     0x5e1e ../build/x86_Debug/TEST_op_Multiply.o
 .debug_info    0x6cd1b2ef     0x5bbe ../build/x86_Debug/TEST_op_ParseDN.o
 .debug_info    0x6cd20ead     0x5a5f ../build/x86_Debug/TEST_op_ParseX.o
 .debug_info    0x6cd2690c     0x5a24 ../build/x86_Debug/TEST_op_Pow.o
 .debug_info    0x6cd2c330     0x5c0e ../build/x86_Debug/TEST_op_Shift.o
 .debug_info    0x6cd31f3e     0x5df2 ../build/x86_Debug/TEST_op_Subtruct.o
 .debug_info    0x6cd37d30     0x59f5 ../build/x86_Debug/TEST_op_ToStringD.o
 .debug_info    0x6cd3d725     0x5a5a ../build/x86_Debug/TEST_op_ToStringN.o
 .debug_info    0x6cd4317f     0x59f5 ../build/x86_Debug/TEST_op_ToStringX.o

.zdebug_info
 *(.zdebug_info .zdebug.gnu.linkonce.wi.*)

.debug_abbrev   0x6cd49000     0x7400
 *(.debug_abbrev)
 .debug_abbrev  0x6cd49000      0x200 ../build/x86_Debug/cpuid.o
 .debug_abbrev  0x6cd49200      0x268 ../build/x86_Debug/debug.o
 .debug_abbrev  0x6cd49468      0x175 ../build/x86_Debug/dllmain.o
 .debug_abbrev  0x6cd495dd      0x213 ../build/x86_Debug/INTERNALTEST_op_DivRem.o
 .debug_abbrev  0x6cd497f0      0x213 ../build/x86_Debug/INTERNALTEST_op_Multiply.o
 .debug_abbrev  0x6cd49a03      0x306 ../build/x86_Debug/pmc_add.o
 .debug_abbrev  0x6cd49d09      0x252 ../build/x86_Debug/pmc_bitwiseand.o
 .debug_abbrev  0x6cd49f5b      0x314 ../build/x86_Debug/pmc_bitwiseor.o
 .debug_abbrev  0x6cd4a26f      0x262 ../build/x86_Debug/pmc_bytes.o
 .debug_abbrev  0x6cd4a4d1      0x195 ../build/x86_Debug/pmc_clone.o
 .debug_abbrev  0x6cd4a666      0x294 ../build/x86_Debug/pmc_compare.o
 .debug_abbrev  0x6cd4a8fa      0x3ea ../build/x86_Debug/pmc_divrem.o
 .debug_abbrev  0x6cd4ace4      0x271 ../build/x86_Debug/pmc_equals.o
 .debug_abbrev  0x6cd4af55      0x314 ../build/x86_Debug/pmc_exclusiveor.o
 .debug_abbrev  0x6cd4b269      0x244 ../build/x86_Debug/pmc_from.o
 .debug_abbrev  0x6cd4b4ad      0x195 ../build/x86_Debug/pmc_getpropertyvalue.o
 .debug_abbrev  0x6cd4b642      0x307 ../build/x86_Debug/pmc_greatestcommondivisor.o
 .debug_abbrev  0x6cd4b949      0x1fb ../build/x86_Debug/pmc_initialize.o
 .debug_abbrev  0x6cd4bb44      0x47b ../build/x86_Debug/pmc_memory.o
 .debug_abbrev  0x6cd4bfbf      0x2bd ../build/x86_Debug/pmc_modpow.o
 .debug_abbrev  0x6cd4c27c      0x3a3 ../build/x86_Debug/pmc_multiply.o
 .debug_abbrev  0x6cd4c61f      0x3d6 ../build/x86_Debug/pmc_parse.o
 .debug_abbrev  0x6cd4c9f5      0x2d2 ../build/x86_Debug/pmc_pow.o
 .debug_abbrev  0x6cd4ccc7      0x2ea ../build/x86_Debug/pmc_shift.o
 .debug_abbrev  0x6cd4cfb1      0x18a ../build/x86_Debug/pmc_statistics.o
 .debug_abbrev  0x6cd4d13b      0x305 ../build/x86_Debug/pmc_subtruct.o
 .debug_abbrev  0x6cd4d440      0x1af ../build/x86_Debug/pmc_to.o
 .debug_abbrev  0x6cd4d5ef      0x3d6 ../build/x86_Debug/pmc_tostring.o
 .debug_abbrev  0x6cd4d9c5      0x1f2 ../build/x86_Debug/TEST_autogenerated.o
 .debug_abbrev  0x6cd4dbb7      0x1d8 ../build/x86_Debug/TEST_op_Add.o
 .debug_abbrev  0x6cd4dd8f      0x1d8 ../build/x86_Debug/TEST_op_BitwiseAnd.o
 .debug_abbrev  0x6cd4df67      0x1d8 ../build/x86_Debug/TEST_op_BitwiseOr.o
 .debug_abbrev  0x6cd4e13f      0x1b6 ../build/x86_Debug/TEST_op_Clone.o
 .debug_abbrev  0x6cd4e2f5      0x1d8 ../build/x86_Debug/TEST_op_Compare.o
 .debug_abbrev  0x6cd4e4cd      0x1fa ../build/x86_Debug/TEST_op_DivRem.o
 .debug_abbrev  0x6cd4e6c7      0x1d8 ../build/x86_Debug/TEST_op_Equals.o
 .debug_abbrev  0x6cd4e89f      0x1d8 ../build/x86_Debug/TEST_op_ExclusiveOr.o
 .debug_abbrev  0x6cd4ea77      0x1d8 ../build/x86_Debug/TEST_op_From_To.o
 .debug_abbrev  0x6cd4ec4f      0x19c ../build/x86_Debug/TEST_op_GetPropertyValue.o
 .debug_abbrev  0x6cd4edeb      0x1e9 ../build/x86_Debug/TEST_op_GreatestCommonDivisor.o
 .debug_abbrev  0x6cd4efd4      0x1c7 ../build/x86_Debug/TEST_op_ModPow.o
 .debug_abbrev  0x6cd4f19b      0x1d8 ../build/x86_Debug/TEST_op_Multiply.o
 .debug_abbrev  0x6cd4f373      0x209 ../build/x86_Debug/TEST_op_ParseDN.o
 .debug_abbrev  0x6cd4f57c      0x1d6 ../build/x86_Debug/TEST_op_ParseX.o
 .debug_abbrev  0x6cd4f752      0x1bf ../build/x86_Debug/TEST_op_Pow.o
 .debug_abbrev  0x6cd4f911      0x1f4 ../build/x86_Debug/TEST_op_Shift.o
 .debug_abbrev  0x6cd4fb05      0x1d8 ../build/x86_Debug/TEST_op_Subtruct.o
 .debug_abbrev  0x6cd4fcdd      0x1c3 ../build/x86_Debug/TEST_op_ToStringD.o
 .debug_abbrev  0x6cd4fea0      0x1c3 ../build/x86_Debug/TEST_op_ToStringN.o
 .debug_abbrev  0x6cd50063      0x1c3 ../build/x86_Debug/TEST_op_ToStringX.o

.zdebug_abbrev
 *(.zdebug_abbrev)

.debug_line     0x6cd51000    0x33000
 *(.debug_line)
 .debug_line    0x6cd51000      0x3a9 ../build/x86_Debug/cpuid.o
 .debug_line    0x6cd513a9      0x33b ../build/x86_Debug/debug.o
 .debug_line    0x6cd516e4      0x24e ../build/x86_Debug/dllmain.o
 .debug_line    0x6cd51932      0x428 ../build/x86_Debug/INTERNALTEST_op_DivRem.o
 .debug_line    0x6cd51d5a      0x3a1 ../build/x86_Debug/INTERNALTEST_op_Multiply.o
 .debug_line    0x6cd520fb      0x87c ../build/x86_Debug/pmc_add.o
 .debug_line    0x6cd52977      0x8a1 ../build/x86_Debug/pmc_bitwiseand.o
 .debug_line    0x6cd53218      0x9de ../build/x86_Debug/pmc_bitwiseor.o
 .debug_line    0x6cd53bf6      0x3ab ../build/x86_Debug/pmc_bytes.o
 .debug_line    0x6cd53fa1      0x281 ../build/x86_Debug/pmc_clone.o
 .debug_line    0x6cd54222      0x550 ../build/x86_Debug/pmc_compare.o
 .debug_line    0x6cd54772     0x13a8 ../build/x86_Debug/pmc_divrem.o
 .debug_line    0x6cd55b1a      0x452 ../build/x86_Debug/pmc_equals.o
 .debug_line    0x6cd55f6c      0xa15 ../build/x86_Debug/pmc_exclusiveor.o
 .debug_line    0x6cd56981      0x351 ../build/x86_Debug/pmc_from.o
 .debug_line    0x6cd56cd2      0x285 ../build/x86_Debug/pmc_getpropertyvalue.o
 .debug_line    0x6cd56f57      0x82d ../build/x86_Debug/pmc_greatestcommondivisor.o
 .debug_line    0x6cd57784      0x3b4 ../build/x86_Debug/pmc_initialize.o
 .debug_line    0x6cd57b38      0xa94 ../build/x86_Debug/pmc_memory.o
 .debug_line    0x6cd585cc      0x75d ../build/x86_Debug/pmc_modpow.o
 .debug_line    0x6cd58d29      0x9e0 ../build/x86_Debug/pmc_multiply.o
 .debug_line    0x6cd59709     0x12cc ../build/x86_Debug/pmc_parse.o
 .debug_line    0x6cd5a9d5      0x4af ../build/x86_Debug/pmc_pow.o
 .debug_line    0x6cd5ae84     0x1800 ../build/x86_Debug/pmc_shift.o
 .debug_line    0x6cd5c684      0x21c ../build/x86_Debug/pmc_statistics.o
 .debug_line    0x6cd5c8a0      0x7f6 ../build/x86_Debug/pmc_subtruct.o
 .debug_line    0x6cd5d096      0x2e7 ../build/x86_Debug/pmc_to.o
 .debug_line    0x6cd5d37d      0xb23 ../build/x86_Debug/pmc_tostring.o
 .debug_line    0x6cd5dea0    0x21712 ../build/x86_Debug/TEST_autogenerated.o
 .debug_line    0x6cd7f5b2      0x476 ../build/x86_Debug/TEST_op_Add.o
 .debug_line    0x6cd7fa28      0x3e4 ../build/x86_Debug/TEST_op_BitwiseAnd.o
 .debug_line    0x6cd7fe0c      0x481 ../build/x86_Debug/TEST_op_BitwiseOr.o
 .debug_line    0x6cd8028d      0x2a6 ../build/x86_Debug/TEST_op_Clone.o
 .debug_line    0x6cd80533      0x38c ../build/x86_Debug/TEST_op_Compare.o
 .debug_line    0x6cd808bf      0x49b ../build/x86_Debug/TEST_op_DivRem.o
 .debug_line    0x6cd80d5a      0x38b ../build/x86_Debug/TEST_op_Equals.o
 .debug_line    0x6cd810e5      0x483 ../build/x86_Debug/TEST_op_ExclusiveOr.o
 .debug_line    0x6cd81568      0x369 ../build/x86_Debug/TEST_op_From_To.o
 .debug_line    0x6cd818d1      0x261 ../build/x86_Debug/TEST_op_GetPropertyValue.o
 .debug_line    0x6cd81b32      0x49c ../build/x86_Debug/TEST_op_GreatestCommonDivisor.o
 .debug_line    0x6cd81fce      0x2ee ../build/x86_Debug/TEST_op_ModPow.o
 .debug_line    0x6cd822bc      0x47b ../build/x86_Debug/TEST_op_Multiply.o
 .debug_line    0x6cd82737      0x314 ../build/x86_Debug/TEST_op_ParseDN.o
 .debug_line    0x6cd82a4b      0x2ae ../build/x86_Debug/TEST_op_ParseX.o
 .debug_line    0x6cd82cf9      0x2a7 ../build/x86_Debug/TEST_op_Pow.o
 .debug_line    0x6cd82fa0      0x31d ../build/x86_Debug/TEST_op_Shift.o
 .debug_line    0x6cd832bd      0x444 ../build/x86_Debug/TEST_op_Subtruct.o
 .debug_line    0x6cd83701      0x283 ../build/x86_Debug/TEST_op_ToStringD.o
 .debug_line    0x6cd83984      0x283 ../build/x86_Debug/TEST_op_ToStringN.o
 .debug_line    0x6cd83c07      0x283 ../build/x86_Debug/TEST_op_ToStringX.o

.zdebug_line
 *(.zdebug_line)

.debug_frame
 *(.debug_frame*)

.zdebug_frame
 *(.zdebug_frame*)

.debug_str      0x6cd84000     0x1000
 *(.debug_str)
 .debug_str     0x6cd84000       0x29 ../build/x86_Debug/cpuid.o
 .debug_str     0x6cd84029       0x13 ../build/x86_Debug/debug.o
 .debug_str     0x6cd8403c        0x9 ../build/x86_Debug/dllmain.o
 .debug_str     0x6cd84045        0x9 ../build/x86_Debug/INTERNALTEST_op_DivRem.o
 .debug_str     0x6cd8404e        0x9 ../build/x86_Debug/INTERNALTEST_op_Multiply.o
 .debug_str     0x6cd84057       0x57 ../build/x86_Debug/pmc_add.o
 .debug_str     0x6cd840ae       0x10 ../build/x86_Debug/pmc_bitwiseand.o
 .debug_str     0x6cd840be       0x63 ../build/x86_Debug/pmc_bitwiseor.o
 .debug_str     0x6cd84121        0xf ../build/x86_Debug/pmc_bytes.o
 .debug_str     0x6cd84130        0x9 ../build/x86_Debug/pmc_clone.o
 .debug_str     0x6cd84139       0x2f ../build/x86_Debug/pmc_compare.o
 .debug_str     0x6cd84168       0xe4 ../build/x86_Debug/pmc_divrem.o
 .debug_str     0x6cd8424c       0x28 ../build/x86_Debug/pmc_equals.o
 .debug_str     0x6cd84274       0x50 ../build/x86_Debug/pmc_exclusiveor.o
 .debug_str     0x6cd842c4       0x1d ../build/x86_Debug/pmc_from.o
 .debug_str     0x6cd842e1        0x9 ../build/x86_Debug/pmc_getpropertyvalue.o
 .debug_str     0x6cd842ea       0xb9 ../build/x86_Debug/pmc_greatestcommondivisor.o
 .debug_str     0x6cd843a3       0x7c ../build/x86_Debug/pmc_initialize.o
 .debug_str     0x6cd8441f       0x62 ../build/x86_Debug/pmc_memory.o
 .debug_str     0x6cd84481       0x60 ../build/x86_Debug/pmc_modpow.o
 .debug_str     0x6cd844e1       0x9b ../build/x86_Debug/pmc_multiply.o
 .debug_str     0x6cd8457c       0xdd ../build/x86_Debug/pmc_parse.o
 .debug_str     0x6cd84659       0x1d ../build/x86_Debug/pmc_pow.o
 .debug_str     0x6cd84676       0x97 ../build/x86_Debug/pmc_shift.o
 .debug_str     0x6cd8470d        0x9 ../build/x86_Debug/pmc_statistics.o
 .debug_str     0x6cd84716       0x7e ../build/x86_Debug/pmc_subtruct.o
 .debug_str     0x6cd84794        0x9 ../build/x86_Debug/pmc_to.o
 .debug_str     0x6cd8479d       0x97 ../build/x86_Debug/pmc_tostring.o
 .debug_str     0x6cd84834        0x9 ../build/x86_Debug/TEST_autogenerated.o
 .debug_str     0x6cd8483d       0xca ../build/x86_Debug/TEST_op_Add.o
 .debug_str     0x6cd84907       0x4b ../build/x86_Debug/TEST_op_BitwiseAnd.o
 .debug_str     0x6cd84952       0x81 ../build/x86_Debug/TEST_op_BitwiseOr.o
 .debug_str     0x6cd849d3        0x9 ../build/x86_Debug/TEST_op_Clone.o
 .debug_str     0x6cd849dc       0x5e ../build/x86_Debug/TEST_op_Compare.o
 .debug_str     0x6cd84a3a       0xbb ../build/x86_Debug/TEST_op_DivRem.o
 .debug_str     0x6cd84af5       0x5e ../build/x86_Debug/TEST_op_Equals.o
 .debug_str     0x6cd84b53       0x81 ../build/x86_Debug/TEST_op_ExclusiveOr.o
 .debug_str     0x6cd84bd4       0x45 ../build/x86_Debug/TEST_op_From_To.o
 .debug_str     0x6cd84c19        0x9 ../build/x86_Debug/TEST_op_GetPropertyValue.o
 .debug_str     0x6cd84c22       0xde ../build/x86_Debug/TEST_op_GreatestCommonDivisor.o
 .debug_str     0x6cd84d00        0x9 ../build/x86_Debug/TEST_op_ModPow.o
 .debug_str     0x6cd84d09       0xca ../build/x86_Debug/TEST_op_Multiply.o
 .debug_str     0x6cd84dd3       0x5e ../build/x86_Debug/TEST_op_ParseDN.o
 .debug_str     0x6cd84e31        0x9 ../build/x86_Debug/TEST_op_ParseX.o
 .debug_str     0x6cd84e3a        0x9 ../build/x86_Debug/TEST_op_Pow.o
 .debug_str     0x6cd84e43       0x6c ../build/x86_Debug/TEST_op_Shift.o
 .debug_str     0x6cd84eaf       0xa8 ../build/x86_Debug/TEST_op_Subtruct.o
 .debug_str     0x6cd84f57        0x9 ../build/x86_Debug/TEST_op_ToStringD.o
 .debug_str     0x6cd84f60        0x9 ../build/x86_Debug/TEST_op_ToStringN.o
 .debug_str     0x6cd84f69        0x9 ../build/x86_Debug/TEST_op_ToStringX.o

.zdebug_str
 *(.zdebug_str)

.debug_loc
 *(.debug_loc)

.zdebug_loc
 *(.zdebug_loc)

.debug_macinfo
 *(.debug_macinfo)

.zdebug_macinfo
 *(.zdebug_macinfo)

.debug_weaknames
 *(.debug_weaknames)

.zdebug_weaknames
 *(.zdebug_weaknames)

.debug_funcnames
 *(.debug_funcnames)

.zdebug_funcnames
 *(.zdebug_funcnames)

.debug_typenames
 *(.debug_typenames)

.zdebug_typenames
 *(.zdebug_typenames)

.debug_varnames
 *(.debug_varnames)

.zdebug_varnames
 *(.zdebug_varnames)

.debug_macro
 *(.debug_macro)

.zdebug_macro
 *(.zdebug_macro)

.debug_ranges   0x6cd85000      0x200
 *(.debug_ranges)
 .debug_ranges  0x6cd85000       0xc8 ../build/x86_Debug/pmc_compare.o
 .debug_ranges  0x6cd850c8       0x30 ../build/x86_Debug/pmc_divrem.o
 .debug_ranges  0x6cd850f8       0x60 ../build/x86_Debug/pmc_subtruct.o

.zdebug_ranges
 *(.zdebug_ranges)

.debug_types
 *(.debug_types .gnu.linkonce.wt.*)

.zdebug_types
 *(.zdebug_types .gnu.linkonce.wt.*)

.debug_gdb_scripts
 *(.debug_gdb_scripts)

.zdebug_gdb_scripts
 *(.zdebug_gdb_scripts)
OUTPUT(../../dist/x86_Debug/Palmtree.Math.Core.Uint.dll pei-i386)
LOAD dll stuff
