Archive member included to satisfy reference by file (symbol)

C:/GNU/MINGW64/i686-8.1.0-win32-dwarf-rt_v6-rev0/mingw32/bin/../lib/gcc/i686-w64-mingw32/8.1.0/../../../../i686-w64-mingw32/lib/../lib\libkernel32.a(dgzcs01342.o)
                              ../build/x86_Debug/pmc_parse.o (_imp__lstrlenW@4)
C:/GNU/MINGW64/i686-8.1.0-win32-dwarf-rt_v6-rev0/mingw32/bin/../lib/gcc/i686-w64-mingw32/8.1.0/../../../../i686-w64-mingw32/lib/../lib\libkernel32.a(dgzcs01336.o)
                              ../build/x86_Debug/pmc_initialize.o (_imp__lstrcpyW@8)
C:/GNU/MINGW64/i686-8.1.0-win32-dwarf-rt_v6-rev0/mingw32/bin/../lib/gcc/i686-w64-mingw32/8.1.0/../../../../i686-w64-mingw32/lib/../lib\libkernel32.a(dgzcs01330.o)
                              ../build/x86_Debug/pmc_initialize.o (_imp__lstrcmpW@8)
C:/GNU/MINGW64/i686-8.1.0-win32-dwarf-rt_v6-rev0/mingw32/bin/../lib/gcc/i686-w64-mingw32/8.1.0/../../../../i686-w64-mingw32/lib/../lib\libkernel32.a(dgzcs01176.o)
                              C:/GNU/MINGW64/i686-8.1.0-win32-dwarf-rt_v6-rev0/mingw32/bin/../lib/gcc/i686-w64-mingw32/8.1.0/../../../../i686-w64-mingw32/lib/../lib/dllcrt2.o (_imp__Sleep@4)
C:/GNU/MINGW64/i686-8.1.0-win32-dwarf-rt_v6-rev0/mingw32/bin/../lib/gcc/i686-w64-mingw32/8.1.0/../../../../i686-w64-mingw32/lib/../lib\libkernel32.a(dgzcs00839.o)
                              C:/GNU/MINGW64/i686-8.1.0-win32-dwarf-rt_v6-rev0/mingw32/bin/../lib/gcc/i686-w64-mingw32/8.1.0/crtbegin.o (_imp__LoadLibraryA@4)
C:/GNU/MINGW64/i686-8.1.0-win32-dwarf-rt_v6-rev0/mingw32/bin/../lib/gcc/i686-w64-mingw32/8.1.0/../../../../i686-w64-mingw32/lib/../lib\libkernel32.a(dgzcs00836.o)
                              ../build/x86_Debug/pmc_memory.o (_imp__LeaveCriticalSection@4)
C:/GNU/MINGW64/i686-8.1.0-win32-dwarf-rt_v6-rev0/mingw32/bin/../lib/gcc/i686-w64-mingw32/8.1.0/../../../../i686-w64-mingw32/lib/../lib\libkernel32.a(dgzcs00750.o)
                              ../build/x86_Debug/pmc_memory.o (_imp__InitializeCriticalSection@4)
C:/GNU/MINGW64/i686-8.1.0-win32-dwarf-rt_v6-rev0/mingw32/bin/../lib/gcc/i686-w64-mingw32/8.1.0/../../../../i686-w64-mingw32/lib/../lib\libkernel32.a(dgzcs00740.o)
                              ../build/x86_Debug/pmc_memory.o (_imp__HeapWalk@8)
C:/GNU/MINGW64/i686-8.1.0-win32-dwarf-rt_v6-rev0/mingw32/bin/../lib/gcc/i686-w64-mingw32/8.1.0/../../../../i686-w64-mingw32/lib/../lib\libkernel32.a(dgzcs00737.o)
                              ../build/x86_Debug/pmc_memory.o (_imp__HeapUnlock@4)
C:/GNU/MINGW64/i686-8.1.0-win32-dwarf-rt_v6-rev0/mingw32/bin/../lib/gcc/i686-w64-mingw32/8.1.0/../../../../i686-w64-mingw32/lib/../lib\libkernel32.a(dgzcs00730.o)
                              ../build/x86_Debug/pmc_memory.o (_imp__HeapLock@4)
C:/GNU/MINGW64/i686-8.1.0-win32-dwarf-rt_v6-rev0/mingw32/bin/../lib/gcc/i686-w64-mingw32/8.1.0/../../../../i686-w64-mingw32/lib/../lib\libkernel32.a(dgzcs00729.o)
                              ../build/x86_Debug/pmc_memory.o (_imp__HeapFree@12)
C:/GNU/MINGW64/i686-8.1.0-win32-dwarf-rt_v6-rev0/mingw32/bin/../lib/gcc/i686-w64-mingw32/8.1.0/../../../../i686-w64-mingw32/lib/../lib\libkernel32.a(dgzcs00727.o)
                              ../build/x86_Debug/pmc_memory.o (_imp__HeapDestroy@4)
C:/GNU/MINGW64/i686-8.1.0-win32-dwarf-rt_v6-rev0/mingw32/bin/../lib/gcc/i686-w64-mingw32/8.1.0/../../../../i686-w64-mingw32/lib/../lib\libkernel32.a(dgzcs00725.o)
                              ../build/x86_Debug/pmc_memory.o (_imp__HeapCreate@12)
C:/GNU/MINGW64/i686-8.1.0-win32-dwarf-rt_v6-rev0/mingw32/bin/../lib/gcc/i686-w64-mingw32/8.1.0/../../../../i686-w64-mingw32/lib/../lib\libkernel32.a(dgzcs00723.o)
                              ../build/x86_Debug/pmc_memory.o (_imp__HeapAlloc@12)
C:/GNU/MINGW64/i686-8.1.0-win32-dwarf-rt_v6-rev0/mingw32/bin/../lib/gcc/i686-w64-mingw32/8.1.0/../../../../i686-w64-mingw32/lib/../lib\libkernel32.a(dgzcs00666.o)
                              ../build/x86_Debug/pmc_memory.o (_imp__GetTickCount@0)
C:/GNU/MINGW64/i686-8.1.0-win32-dwarf-rt_v6-rev0/mingw32/bin/../lib/gcc/i686-w64-mingw32/8.1.0/../../../../i686-w64-mingw32/lib/../lib\libkernel32.a(dgzcs00584.o)
                              C:/GNU/MINGW64/i686-8.1.0-win32-dwarf-rt_v6-rev0/mingw32/bin/../lib/gcc/i686-w64-mingw32/8.1.0/crtbegin.o (_imp__GetProcAddress@8)
C:/GNU/MINGW64/i686-8.1.0-win32-dwarf-rt_v6-rev0/mingw32/bin/../lib/gcc/i686-w64-mingw32/8.1.0/../../../../i686-w64-mingw32/lib/../lib\libkernel32.a(dgzcs00536.o)
                              C:/GNU/MINGW64/i686-8.1.0-win32-dwarf-rt_v6-rev0/mingw32/bin/../lib/gcc/i686-w64-mingw32/8.1.0/crtbegin.o (_imp__GetModuleHandleA@4)
C:/GNU/MINGW64/i686-8.1.0-win32-dwarf-rt_v6-rev0/mingw32/bin/../lib/gcc/i686-w64-mingw32/8.1.0/../../../../i686-w64-mingw32/lib/../lib\libkernel32.a(dgzcs00518.o)
                              ../build/x86_Debug/pmc_memory.o (_imp__GetLastError@0)
[...]
Memory Configuration

Name             Origin             Length             Attributes
*default*        0x00000000         0xffffffff

Linker script and memory map

                0x6be40000                __image_base__ = 0x6be40000
                0x00000000                __dll__ = 0x0
                0x6be40000                ___ImageBase = 0x6be40000
                0x00001000                __section_alignment__ = 0x1000
                0x00000200                __file_alignment__ = 0x200
                0x00000004                __major_os_version__ = 0x4
                0x00000000                __minor_os_version__ = 0x0
                0x00000001                __major_image_version__ = 0x1
                0x00000000                __minor_image_version__ = 0x0
                0x00000004                __major_subsystem_version__ = 0x4
                0x00000000                __minor_subsystem_version__ = 0x0
                0x00000002                __subsystem__ = 0x2
                0x00200000                __size_of_stack_reserve__ = 0x200000
                0x00001000                __size_of_stack_commit__ = 0x1000
                0x00100000                __size_of_heap_reserve__ = 0x100000
                0x00001000                __size_of_heap_commit__ = 0x1000
                0x00000000                __loader_flags__ = 0x0
                0x00000000                __dll_characteristics__ = 0x0
LOAD C:/GNU/MINGW64/i686-8.1.0-win32-dwarf-rt_v6-rev0/mingw32/bin/../lib/gcc/i686-w64-mingw32/8.1.0/../../../../i686-w64-mingw32/lib/../lib/dllcrt2.o
LOAD C:/GNU/MINGW64/i686-8.1.0-win32-dwarf-rt_v6-rev0/mingw32/bin/../lib/gcc/i686-w64-mingw32/8.1.0/crtbegin.o
LOAD ../build/x86_Debug/cpuid.o
LOAD ../build/x86_Debug/dllmain.o
LOAD ../build/x86_Debug/pmc_add.o
LOAD ../build/x86_Debug/pmc_bitwiseand.o
LOAD ../build/x86_Debug/pmc_bitwiseor.o
LOAD ../build/x86_Debug/pmc_bytes.o
LOAD ../build/x86_Debug/pmc_compare.o
LOAD ../build/x86_Debug/pmc_divrem.o
LOAD ../build/x86_Debug/pmc_equals.o
LOAD ../build/x86_Debug/pmc_exclusiveor.o
LOAD ../build/x86_Debug/pmc_from.o
LOAD ../build/x86_Debug/pmc_greatestcommondivisor.o
LOAD ../build/x86_Debug/pmc_initialize.o
LOAD ../build/x86_Debug/pmc_interface_csharp.o
LOAD ../build/x86_Debug/pmc_memory.o
LOAD ../build/x86_Debug/pmc_modpow.o
LOAD ../build/x86_Debug/pmc_multiply.o
LOAD ../build/x86_Debug/pmc_parse.o
LOAD ../build/x86_Debug/pmc_pow.o
LOAD ../build/x86_Debug/pmc_shift.o
LOAD ../build/x86_Debug/pmc_statistics.o
LOAD ../build/x86_Debug/pmc_subtruct.o
LOAD ../build/x86_Debug/pmc_to.o
LOAD ../build/x86_Debug/pmc_tostring.o
LOAD ../build/x86_Debug/version.o
LOAD ../Palmtree.Math.Core.Uint.def
LOAD C:/GNU/MINGW64/i686-8.1.0-win32-dwarf-rt_v6-rev0/mingw32/bin/../lib/gcc/i686-w64-mingw32/8.1.0/../../../../i686-w64-mingw32/lib/../lib\libkernel32.a
LOAD C:/GNU/MINGW64/i686-8.1.0-win32-dwarf-rt_v6-rev0/mingw32/bin/../lib/gcc/i686-w64-mingw32/8.1.0/../../../../i686-w64-mingw32/lib/../lib\libuser32.a
LOAD C:/GNU/MINGW64/i686-8.1.0-win32-dwarf-rt_v6-rev0/mingw32/bin/../lib/gcc/i686-w64-mingw32/8.1.0\libstdc++.a
LOAD C:/GNU/MINGW64/i686-8.1.0-win32-dwarf-rt_v6-rev0/mingw32/bin/../lib/gcc/i686-w64-mingw32/8.1.0/../../../../i686-w64-mingw32/lib/../lib\libmingw32.a
LOAD C:/GNU/MINGW64/i686-8.1.0-win32-dwarf-rt_v6-rev0/mingw32/bin/../lib/gcc/i686-w64-mingw32/8.1.0\libgcc.a
LOAD C:/GNU/MINGW64/i686-8.1.0-win32-dwarf-rt_v6-rev0/mingw32/bin/../lib/gcc/i686-w64-mingw32/8.1.0\libgcc_eh.a
LOAD C:/GNU/MINGW64/i686-8.1.0-win32-dwarf-rt_v6-rev0/mingw32/bin/../lib/gcc/i686-w64-mingw32/8.1.0/../../../../i686-w64-mingw32/lib/../lib\libmoldname.a
LOAD C:/GNU/MINGW64/i686-8.1.0-win32-dwarf-rt_v6-rev0/mingw32/bin/../lib/gcc/i686-w64-mingw32/8.1.0/../../../../i686-w64-mingw32/lib/../lib\libmingwex.a
LOAD C:/GNU/MINGW64/i686-8.1.0-win32-dwarf-rt_v6-rev0/mingw32/bin/../lib/gcc/i686-w64-mingw32/8.1.0/../../../../i686-w64-mingw32/lib/../lib\libmsvcrt.a
LOAD C:/GNU/MINGW64/i686-8.1.0-win32-dwarf-rt_v6-rev0/mingw32/bin/../lib/gcc/i686-w64-mingw32/8.1.0/../../../../i686-w64-mingw32/lib/../lib\libgdi32.a
LOAD C:/GNU/MINGW64/i686-8.1.0-win32-dwarf-rt_v6-rev0/mingw32/bin/../lib/gcc/i686-w64-mingw32/8.1.0/../../../../i686-w64-mingw32/lib/../lib\libcomdlg32.a
LOAD C:/GNU/MINGW64/i686-8.1.0-win32-dwarf-rt_v6-rev0/mingw32/bin/../lib/gcc/i686-w64-mingw32/8.1.0/../../../../i686-w64-mingw32/lib/../lib\libadvapi32.a
LOAD C:/GNU/MINGW64/i686-8.1.0-win32-dwarf-rt_v6-rev0/mingw32/bin/../lib/gcc/i686-w64-mingw32/8.1.0/../../../../i686-w64-mingw32/lib/../lib\libshell32.a
LOAD C:/GNU/MINGW64/i686-8.1.0-win32-dwarf-rt_v6-rev0/mingw32/bin/../lib/gcc/i686-w64-mingw32/8.1.0/../../../../i686-w64-mingw32/lib/../lib\libuser32.a
LOAD C:/GNU/MINGW64/i686-8.1.0-win32-dwarf-rt_v6-rev0/mingw32/bin/../lib/gcc/i686-w64-mingw32/8.1.0/../../../../i686-w64-mingw32/lib/../lib\libkernel32.a
LOAD C:/GNU/MINGW64/i686-8.1.0-win32-dwarf-rt_v6-rev0/mingw32/bin/../lib/gcc/i686-w64-mingw32/8.1.0/../../../../i686-w64-mingw32/lib/../lib\libiconv.a
LOAD C:/GNU/MINGW64/i686-8.1.0-win32-dwarf-rt_v6-rev0/mingw32/bin/../lib/gcc/i686-w64-mingw32/8.1.0/../../../../i686-w64-mingw32/lib/../lib\libmingw32.a
LOAD C:/GNU/MINGW64/i686-8.1.0-win32-dwarf-rt_v6-rev0/mingw32/bin/../lib/gcc/i686-w64-mingw32/8.1.0\libgcc.a
LOAD C:/GNU/MINGW64/i686-8.1.0-win32-dwarf-rt_v6-rev0/mingw32/bin/../lib/gcc/i686-w64-mingw32/8.1.0\libgcc_eh.a
LOAD C:/GNU/MINGW64/i686-8.1.0-win32-dwarf-rt_v6-rev0/mingw32/bin/../lib/gcc/i686-w64-mingw32/8.1.0/../../../../i686-w64-mingw32/lib/../lib\libmoldname.a
LOAD C:/GNU/MINGW64/i686-8.1.0-win32-dwarf-rt_v6-rev0/mingw32/bin/../lib/gcc/i686-w64-mingw32/8.1.0/../../../../i686-w64-mingw32/lib/../lib\libmingwex.a
LOAD C:/GNU/MINGW64/i686-8.1.0-win32-dwarf-rt_v6-rev0/mingw32/bin/../lib/gcc/i686-w64-mingw32/8.1.0/../../../../i686-w64-mingw32/lib/../lib\libmsvcrt.a
LOAD C:/GNU/MINGW64/i686-8.1.0-win32-dwarf-rt_v6-rev0/mingw32/bin/../lib/gcc/i686-w64-mingw32/8.1.0/crtend.o
                0x00000470                . = SIZEOF_HEADERS
                0x00001000                . = ALIGN (__section_alignment__)

.text           0x6be41000    0x37000
 *(.init)
 *(.text)
 .text          0x6be41000      0x3e0 C:/GNU/MINGW64/i686-8.1.0-win32-dwarf-rt_v6-rev0/mingw32/bin/../lib/gcc/i686-w64-mingw32/8.1.0/../../../../i686-w64-mingw32/lib/../lib/dllcrt2.o
                0x6be41020                _CRT_INIT@12
                0x6be41380                DllMainCRTStartup@12
                0x6be413c0                atexit
 .text          0x6be413e0       0xe0 C:/GNU/MINGW64/i686-8.1.0-win32-dwarf-rt_v6-rev0/mingw32/bin/../lib/gcc/i686-w64-mingw32/8.1.0/crtbegin.o
                0x6be413e0                __gcc_register_frame
                0x6be41490                __gcc_deregister_frame
 .text          0x6be414c0      0x2f4 ../build/x86_Debug/cpuid.o
                0x6be415f3                Palmtree::Math::Core::Internal::GetCPUInfo(Palmtree::Math::Core::Internal::_tag_PROCESSOR_FEATURES*)
 .text          0x6be417b4       0x5c ../build/x86_Debug/dllmain.o
                0x6be417b4                DllMain@12
 .text          0x6be41810     0x186c ../build/x86_Debug/pmc_add.o
                0x6be427d8                Palmtree::Math::Core::Internal::PMC_Add_I_X(unsigned int, Palmtree::Math::Core::Internal::__tag_PMC_HANDLE_UINT*)@8
                0x6be428ad                Palmtree::Math::Core::Internal::PMC_Add_X_I(Palmtree::Math::Core::Internal::__tag_PMC_HANDLE_UINT*, unsigned int)@8
                0x6be42c07                Palmtree::Math::Core::Internal::PMC_Add_L_X(unsigned long long, Palmtree::Math::Core::Internal::__tag_PMC_HANDLE_UINT*)@12
                0x6be42cef                Palmtree::Math::Core::Internal::PMC_Add_X_L(Palmtree::Math::Core::Internal::__tag_PMC_HANDLE_UINT*, unsigned long long)@12
                0x6be42dd7                Palmtree::Math::Core::Internal::PMC_Add_X_X_Imp(Palmtree::Math::Core::Internal::__tag_NUMBER_HEADER*, Palmtree::Math::Core::Internal::__tag_NUMBER_HEADER*)
                0x6be42f2c                Palmtree::Math::Core::Internal::PMC_Add_X_X(Palmtree::Math::Core::Internal::__tag_PMC_HANDLE_UINT*, Palmtree::Math::Core::Internal::__tag_PMC_HANDLE_UINT*)@8
                0x6be43051                Palmtree::Math::Core::Internal::Initialize_Add(Palmtree::Math::Core::Internal::_tag_PROCESSOR_FEATURES*)
 .text          0x6be4307c      0xd3c ../build/x86_Debug/pmc_bitwiseand.o
                0x6be437ee                Palmtree::Math::Core::Internal::PMC_BitwiseAnd_I_X(unsigned int, Palmtree::Math::Core::Internal::__tag_PMC_HANDLE_UINT*)@8
                0x6be4387f                Palmtree::Math::Core::Internal::PMC_BitwiseAnd_X_I(Palmtree::Math::Core::Internal::__tag_PMC_HANDLE_UINT*, unsigned int)@8
                0x6be43910                Palmtree::Math::Core::Internal::PMC_BitwiseAnd_L_X(unsigned long long, Palmtree::Math::Core::Internal::__tag_PMC_HANDLE_UINT*)@12
                0x6be43a26                Palmtree::Math::Core::Internal::PMC_BitwiseAnd_X_L(Palmtree::Math::Core::Internal::__tag_PMC_HANDLE_UINT*, unsigned long long)@12
                0x6be43c7e                Palmtree::Math::Core::Internal::PMC_BitwiseAnd_X_X(Palmtree::Math::Core::Internal::__tag_PMC_HANDLE_UINT*, Palmtree::Math::Core::Internal::__tag_PMC_HANDLE_UINT*)@8
                0x6be43daf                Palmtree::Math::Core::Internal::Initialize_BitwiseAnd(Palmtree::Math::Core::Internal::_tag_PROCESSOR_FEATURES*)
 .text          0x6be43db8     0x1228 ../build/x86_Debug/pmc_bitwiseor.o
                0x6be4477e                Palmtree::Math::Core::Internal::PMC_BitwiseOr_I_X(unsigned int, Palmtree::Math::Core::Internal::__tag_PMC_HANDLE_UINT*)@8
                0x6be44853                Palmtree::Math::Core::Internal::PMC_BitwiseOr_X_I(Palmtree::Math::Core::Internal::__tag_PMC_HANDLE_UINT*, unsigned int)@8
                0x6be44b93                Palmtree::Math::Core::Internal::PMC_BitwiseOr_L_X(unsigned long long, Palmtree::Math::Core::Internal::__tag_PMC_HANDLE_UINT*)@12
                0x6be44c7b                Palmtree::Math::Core::Internal::PMC_BitwiseOr_X_L(Palmtree::Math::Core::Internal::__tag_PMC_HANDLE_UINT*, unsigned long long)@12
                0x6be44ea9                Palmtree::Math::Core::Internal::PMC_BitwiseOr_X_X(Palmtree::Math::Core::Internal::__tag_PMC_HANDLE_UINT*, Palmtree::Math::Core::Internal::__tag_PMC_HANDLE_UINT*)@8
                0x6be44fda                Palmtree::Math::Core::Internal::Initialize_BitwiseOr(Palmtree::Math::Core::Internal::_tag_PROCESSOR_FEATURES*)
 .text          0x6be44fe0      0xa30 ../build/x86_Debug/pmc_bytes.o
                0x6be452d6                Palmtree::Math::Core::Internal::PMC_FromByteArrayForSINT(unsigned char*, unsigned int, char*)@12
                0x6be455e0                Palmtree::Math::Core::Internal::PMC_FromByteArray(unsigned char const*, unsigned int)@8
                0x6be456aa                Palmtree::Math::Core::Internal::PMC_ToByteArrayForSINT(char, Palmtree::Math::Core::Internal::__tag_PMC_HANDLE_UINT*, unsigned char*, unsigned int)@16
                0x6be458e6                Palmtree::Math::Core::Internal::PMC_ToByteArray(Palmtree::Math::Core::Internal::__tag_PMC_HANDLE_UINT*, unsigned char*, unsigned int)@12
 .text          0x6be45a10      0x814 ../build/x86_Debug/pmc_compare.o
                0x6be45a65                Palmtree::Math::Core::Internal::Compare_Imp(unsigned int*, unsigned int*, unsigned int)
                0x6be45b5f                Palmtree::Math::Core::Internal::PMC_Compare_I_X(unsigned int, Palmtree::Math::Core::Internal::__tag_PMC_HANDLE_UINT*)@8
                0x6be45c2d                Palmtree::Math::Core::Internal::PMC_Compare_X_I(Palmtree::Math::Core::Internal::__tag_PMC_HANDLE_UINT*, unsigned int)@8
                0x6be45eab                Palmtree::Math::Core::Internal::PMC_Compare_L_X(unsigned long long, Palmtree::Math::Core::Internal::__tag_PMC_HANDLE_UINT*)@12
                0x6be45f8c                Palmtree::Math::Core::Internal::PMC_Compare_X_L(Palmtree::Math::Core::Internal::__tag_PMC_HANDLE_UINT*, unsigned long long)@12
                0x6be4606b                Palmtree::Math::Core::Internal::PMC_Compare_X_X(Palmtree::Math::Core::Internal::__tag_PMC_HANDLE_UINT*, Palmtree::Math::Core::Internal::__tag_PMC_HANDLE_UINT*)@8
                0x6be4621b                Palmtree::Math::Core::Internal::Initialize_Compare(Palmtree::Math::Core::Internal::_tag_PROCESSOR_FEATURES*)
 .text          0x6be46224     0x61b4 ../build/x86_Debug/pmc_divrem.o
                0x6be46c32                Palmtree::Math::Core::Internal::DivRem_X_X(unsigned int*, unsigned int, unsigned int*, unsigned int, unsigned int*, unsigned int*, unsigned int*)
                0x6be46d74                Palmtree::Math::Core::Internal::Rem_X_1W(unsigned int*, unsigned int, unsigned int)
                0x6be4781c                Palmtree::Math::Core::Internal::DivRem_X_1W(unsigned int*, unsigned int, unsigned int, unsigned int*, unsigned int*)
                0x6be4ab65                Palmtree::Math::Core::Internal::PMC_DivRem_I_X(unsigned int, Palmtree::Math::Core::Internal::__tag_PMC_HANDLE_UINT*, unsigned int*)@12
                0x6be4aed0                Palmtree::Math::Core::Internal::PMC_DivRem_X_I(Palmtree::Math::Core::Internal::__tag_PMC_HANDLE_UINT*, unsigned int, Palmtree::Math::Core::Internal::__tag_PMC_HANDLE_UINT**)@12
                0x6be4afe2                Palmtree::Math::Core::Internal::PMC_DivRem_L_X(unsigned long long, Palmtree::Math::Core::Internal::__tag_PMC_HANDLE_UINT*, unsigned long long*)@16
                0x6be4b9f8                Palmtree::Math::Core::Internal::PMC_DivRem_X_L(Palmtree::Math::Core::Internal::__tag_PMC_HANDLE_UINT*, unsigned long long, Palmtree::Math::Core::Internal::__tag_PMC_HANDLE_UINT**)@16
                0x6be4c190                Palmtree::Math::Core::Internal::PMC_DivRem_X_X(Palmtree::Math::Core::Internal::__tag_PMC_HANDLE_UINT*, Palmtree::Math::Core::Internal::__tag_PMC_HANDLE_UINT*, Palmtree::Math::Core::Internal::__tag_PMC_HANDLE_UINT**)@12
                0x6be4c3a0                Palmtree::Math::Core::Internal::Initialize_DivRem(Palmtree::Math::Core::Internal::_tag_PROCESSOR_FEATURES*)
 .text          0x6be4c3d8      0x6cc ../build/x86_Debug/pmc_equals.o
                0x6be4c5dd                Palmtree::Math::Core::Internal::PMC_Equals_I_X(unsigned int, Palmtree::Math::Core::Internal::__tag_PMC_HANDLE_UINT*)@8
                0x6be4c6a1                Palmtree::Math::Core::Internal::PMC_Equals_X_I(Palmtree::Math::Core::Internal::__tag_PMC_HANDLE_UINT*, unsigned int)@8
                0x6be4c765                Palmtree::Math::Core::Internal::PMC_Equals_L_X(unsigned long long, Palmtree::Math::Core::Internal::__tag_PMC_HANDLE_UINT*)@12
                0x6be4c83c                Palmtree::Math::Core::Internal::PMC_Equals_X_L(Palmtree::Math::Core::Internal::__tag_PMC_HANDLE_UINT*, unsigned long long)@12
                0x6be4c913                Palmtree::Math::Core::Internal::PMC_Equals_X_X(Palmtree::Math::Core::Internal::__tag_PMC_HANDLE_UINT*, Palmtree::Math::Core::Internal::__tag_PMC_HANDLE_UINT*)@8
                0x6be4ca9d                Palmtree::Math::Core::Internal::Initialize_Equals(Palmtree::Math::Core::Internal::_tag_PROCESSOR_FEATURES*)
 .text          0x6be4caa4     0x12e8 ../build/x86_Debug/pmc_exclusiveor.o
                0x6be4d494                Palmtree::Math::Core::Internal::PMC_ExclusiveOr_I_X(unsigned int, Palmtree::Math::Core::Internal::__tag_PMC_HANDLE_UINT*)@8
                0x6be4d56f                Palmtree::Math::Core::Internal::PMC_ExclusiveOr_X_I(Palmtree::Math::Core::Internal::__tag_PMC_HANDLE_UINT*, unsigned int)@8
                0x6be4d909                Palmtree::Math::Core::Internal::PMC_ExclusiveOr_L_X(unsigned long long, Palmtree::Math::Core::Internal::__tag_PMC_HANDLE_UINT*)@12
                0x6be4d9f7                Palmtree::Math::Core::Internal::PMC_ExclusiveOr_X_L(Palmtree::Math::Core::Internal::__tag_PMC_HANDLE_UINT*, unsigned long long)@12
                0x6be4dc55                Palmtree::Math::Core::Internal::PMC_ExclusiveOr_X_X(Palmtree::Math::Core::Internal::__tag_PMC_HANDLE_UINT*, Palmtree::Math::Core::Internal::__tag_PMC_HANDLE_UINT*)@8
                0x6be4dd86                Palmtree::Math::Core::Internal::Initialize_ExclusiveOr(Palmtree::Math::Core::Internal::_tag_PROCESSOR_FEATURES*)
 .text          0x6be4dd8c      0x380 ../build/x86_Debug/pmc_from.o
                0x6be4dde1                Palmtree::Math::Core::Internal::From_I_Imp(unsigned int)
                0x6be4de6c                Palmtree::Math::Core::Internal::From_L_Imp(unsigned long long)
                0x6be4dfc1                Palmtree::Math::Core::Internal::PMC_From_I(unsigned int)@4
                0x6be4e04e                Palmtree::Math::Core::Internal::PMC_From_L(unsigned long long)@8
                0x6be4e103                Palmtree::Math::Core::Internal::Initialize_From(Palmtree::Math::Core::Internal::_tag_PROCESSOR_FEATURES*)
 .text          0x6be4e10c     0x1514 ../build/x86_Debug/pmc_greatestcommondivisor.o
                0x6be4f16f                Palmtree::Math::Core::Internal::PMC_GreatestCommonDivisor_I_X(unsigned int, Palmtree::Math::Core::Internal::__tag_PMC_HANDLE_UINT*)@8
                0x6be4f244                Palmtree::Math::Core::Internal::PMC_GreatestCommonDivisor_X_I(Palmtree::Math::Core::Internal::__tag_PMC_HANDLE_UINT*, unsigned int)@8
                0x6be4f319                Palmtree::Math::Core::Internal::PMC_GreatestCommonDivisor_L_X(unsigned long long, Palmtree::Math::Core::Internal::__tag_PMC_HANDLE_UINT*)@12
                0x6be4f401                Palmtree::Math::Core::Internal::PMC_GreatestCommonDivisor_X_L(Palmtree::Math::Core::Internal::__tag_PMC_HANDLE_UINT*, unsigned long long)@12
                0x6be4f4e9                Palmtree::Math::Core::Internal::PMC_GreatestCommonDivisor_X_X(Palmtree::Math::Core::Internal::__tag_PMC_HANDLE_UINT*, Palmtree::Math::Core::Internal::__tag_PMC_HANDLE_UINT*)@8
                0x6be4f61a                Palmtree::Math::Core::Internal::Initialize_GreatestCommonDivisor(Palmtree::Math::Core::Internal::_tag_PROCESSOR_FEATURES*)
 .text          0x6be4f620      0x840 ../build/x86_Debug/pmc_initialize.o
                0x6be4f65c                Palmtree::Math::Core::Internal::PMC_GetConfigurationSettings(wchar_t const*, wchar_t*, int, int*)@16
                0x6be4f86b                PMC_UINT_Initialize@4
                0x6be4f86b                PMC_UINT_Initialize
 .text          0x6be4fe60     0x22c8 ../build/x86_Debug/pmc_interface_csharp.o
                0x6be4fe60                PMCCS_UINT_Initialize
                0x6be4fe60                PMCCS_UINT_Initialize@4
                0x6be4fe8e                PMCCS_GetConfigurationSettings
                0x6be4fe8e                PMCCS_GetConfigurationSettings@16
                0x6be4febb                PMCCS_IS_EVEN@8
                0x6be4febb                PMCCS_IS_EVEN
                0x6be4fef6                PMCCS_IS_ONE@8
                0x6be4fef6                PMCCS_IS_ONE
                0x6be4ff30                PMCCS_IS_POWER_OF_TWO@8
                0x6be4ff30                PMCCS_IS_POWER_OF_TWO
                0x6be4ff6b                PMCCS_IS_ZERO
                0x6be4ff6b                PMCCS_IS_ZERO@8
                0x6be4ffa3                PMCCS_GET_HASH_CODE@8
                0x6be4ffa3                PMCCS_GET_HASH_CODE
                0x6be4ffd5                PMCCS_GetStatisticsInfo
                0x6be4ffd5                PMCCS_GetStatisticsInfo@4
                0x6be4ffee                PMCCS_From_I
                0x6be4ffee                PMCCS_From_I@8
                0x6be50053                PMCCS_From_L@12
                0x6be50053                PMCCS_From_L
                0x6be500cb                PMCCS_Dispose
                0x6be500cb                PMCCS_Dispose@4
                0x6be50129                PMCCS_GetConstantValue_I
                0x6be50129                PMCCS_GetConstantValue_I@8
                0x6be5018e                PMCCS_FromByteArray
                0x6be5018e                PMCCS_FromByteArray@12
                0x6be501fa                PMCCS_ToByteArray
                0x6be501fa                PMCCS_ToByteArray@16
                0x6be5027f                PMCCS_Clone_X@8
                0x6be5027f                PMCCS_Clone_X
                0x6be502e4                PMCCS_GetAllocatedMemorySize@4
                0x6be502e4                PMCCS_GetAllocatedMemorySize
                0x6be50342                PMCCS_To_X_I
                0x6be50342                PMCCS_To_X_I@8
                0x6be503a7                PMCCS_To_X_L@8
                0x6be503a7                PMCCS_To_X_L
                0x6be5040d                PMCCS_ToString@24
                0x6be5040d                PMCCS_ToString
                0x6be504a0                PMCCS_Parse
                0x6be504a0                PMCCS_Parse@16
                0x6be5053e                PMCCS_TryParse@20
                0x6be5053e                PMCCS_TryParse
                0x6be505c7                PMCCS_Add_I_X@12
                0x6be505c7                PMCCS_Add_I_X
                0x6be50633                PMCCS_Add_L_X
                0x6be50633                PMCCS_Add_L_X@16
                0x6be506b2                PMCCS_Add_X_I
                0x6be506b2                PMCCS_Add_X_I@12
                0x6be5071e                PMCCS_Add_X_L@16
                0x6be5071e                PMCCS_Add_X_L
                0x6be5079d                PMCCS_Add_X_X
                0x6be5079d                PMCCS_Add_X_X@12
                0x6be50809                PMCCS_Subtruct_I_X
                0x6be50809                PMCCS_Subtruct_I_X@12
                0x6be50875                PMCCS_Subtruct_L_X@16
                0x6be50875                PMCCS_Subtruct_L_X
                0x6be508f5                PMCCS_Subtruct_X_I
                0x6be508f5                PMCCS_Subtruct_X_I@12
                0x6be50961                PMCCS_Subtruct_X_L
                0x6be50961                PMCCS_Subtruct_X_L@16
                0x6be509e0                PMCCS_Subtruct_X_X
                0x6be509e0                PMCCS_Subtruct_X_X@12
                0x6be50a4c                PMCCS_Multiply_I_X@12
                0x6be50a4c                PMCCS_Multiply_I_X
                0x6be50ab8                PMCCS_Multiply_L_X
                0x6be50ab8                PMCCS_Multiply_L_X@16
                0x6be50b37                PMCCS_Multiply_X_I@12
                0x6be50b37                PMCCS_Multiply_X_I
                0x6be50ba3                PMCCS_Multiply_X_L
                0x6be50ba3                PMCCS_Multiply_X_L@16
                0x6be50c22                PMCCS_Multiply_X_X@12
                0x6be50c22                PMCCS_Multiply_X_X
                0x6be50c8e                PMCCS_DivRem_I_X@16
                0x6be50c8e                PMCCS_DivRem_I_X
                0x6be50d01                PMCCS_DivRem_L_X@20
                0x6be50d01                PMCCS_DivRem_L_X
                0x6be50d88                PMCCS_DivRem_X_I
                0x6be50d88                PMCCS_DivRem_X_I@16
                0x6be50dfb                PMCCS_DivRem_X_L@20
                0x6be50dfb                PMCCS_DivRem_X_L
                0x6be50e82                PMCCS_DivRem_X_X@16
                0x6be50e82                PMCCS_DivRem_X_X
                0x6be50ef5                PMCCS_Remainder_I_X@12
                0x6be50ef5                PMCCS_Remainder_I_X
                0x6be50f69                PMCCS_Remainder_L_X@16
                0x6be50f69                PMCCS_Remainder_L_X
                0x6be50ff1                PMCCS_Remainder_X_I@12
                0x6be50ff1                PMCCS_Remainder_X_I
                0x6be51065                PMCCS_Remainder_X_L
                0x6be51065                PMCCS_Remainder_X_L@16
                0x6be510ed                PMCCS_Remainder_X_X@12
                0x6be510ed                PMCCS_Remainder_X_X
                0x6be51161                PMCCS_RightShift_X_I@12
                0x6be51161                PMCCS_RightShift_X_I
                0x6be511cd                PMCCS_LeftShift_X_I@12
                0x6be511cd                PMCCS_LeftShift_X_I
                0x6be51239                PMCCS_BitwiseAnd_I_X
                0x6be51239                PMCCS_BitwiseAnd_I_X@12
                0x6be512a5                PMCCS_BitwiseAnd_L_X@16
                0x6be512a5                PMCCS_BitwiseAnd_L_X
                0x6be51325                PMCCS_BitwiseAnd_X_I
                0x6be51325                PMCCS_BitwiseAnd_X_I@12
                0x6be51391                PMCCS_BitwiseAnd_X_L
                0x6be51391                PMCCS_BitwiseAnd_X_L@16
                0x6be51411                PMCCS_BitwiseAnd_X_X
                0x6be51411                PMCCS_BitwiseAnd_X_X@12
                0x6be5147d                PMCCS_BitwiseOr_I_X@12
                0x6be5147d                PMCCS_BitwiseOr_I_X
                0x6be514e9                PMCCS_BitwiseOr_L_X@16
                0x6be514e9                PMCCS_BitwiseOr_L_X
                0x6be51568                PMCCS_BitwiseOr_X_I
                0x6be51568                PMCCS_BitwiseOr_X_I@12
                0x6be515d4                PMCCS_BitwiseOr_X_L@16
                0x6be515d4                PMCCS_BitwiseOr_X_L
                0x6be51653                PMCCS_BitwiseOr_X_X@12
                0x6be51653                PMCCS_BitwiseOr_X_X
                0x6be516bf                PMCCS_ExclusiveOr_I_X
                0x6be516bf                PMCCS_ExclusiveOr_I_X@12
                0x6be5172b                PMCCS_ExclusiveOr_L_X
                0x6be5172b                PMCCS_ExclusiveOr_L_X@16
                0x6be517aa                PMCCS_ExclusiveOr_X_I
                0x6be517aa                PMCCS_ExclusiveOr_X_I@12
                0x6be51816                PMCCS_ExclusiveOr_X_L
                0x6be51816                PMCCS_ExclusiveOr_X_L@16
                0x6be51895                PMCCS_ExclusiveOr_X_X@12
                0x6be51895                PMCCS_ExclusiveOr_X_X
                0x6be51901                PMCCS_Compare_I_X
                0x6be51901                PMCCS_Compare_I_X@12
                0x6be5196d                PMCCS_Compare_L_X
                0x6be5196d                PMCCS_Compare_L_X@16
                0x6be519ec                PMCCS_Compare_X_I
                0x6be519ec                PMCCS_Compare_X_I@12
                0x6be51a58                PMCCS_Compare_X_L@16
                0x6be51a58                PMCCS_Compare_X_L
                0x6be51ad7                PMCCS_Compare_X_X
                0x6be51ad7                PMCCS_Compare_X_X@12
                0x6be51b43                PMCCS_Equals_I_X@12
                0x6be51b43                PMCCS_Equals_I_X
                0x6be51baf                PMCCS_Equals_L_X
                0x6be51baf                PMCCS_Equals_L_X@16
                0x6be51c2e                PMCCS_Equals_X_I
                0x6be51c2e                PMCCS_Equals_X_I@12
                0x6be51c9a                PMCCS_Equals_X_L@16
                0x6be51c9a                PMCCS_Equals_X_L
                0x6be51d19                PMCCS_Equals_X_X@12
                0x6be51d19                PMCCS_Equals_X_X
                0x6be51d85                PMCCS_GreatestCommonDivisor_I_X
                0x6be51d85                PMCCS_GreatestCommonDivisor_I_X@12
                0x6be51df1                PMCCS_GreatestCommonDivisor_L_X@16
                0x6be51df1                PMCCS_GreatestCommonDivisor_L_X
                0x6be51e70                PMCCS_GreatestCommonDivisor_X_I
                0x6be51e70                PMCCS_GreatestCommonDivisor_X_I@12
                0x6be51edc                PMCCS_GreatestCommonDivisor_X_L
                0x6be51edc                PMCCS_GreatestCommonDivisor_X_L@16
                0x6be51f5b                PMCCS_GreatestCommonDivisor_X_X
                0x6be51f5b                PMCCS_GreatestCommonDivisor_X_X@12
                0x6be51fc7                PMCCS_Pow_X_I
                0x6be51fc7                PMCCS_Pow_X_I@12
                0x6be52033                PMCCS_Pow_X_L@16
                0x6be52033                PMCCS_Pow_X_L
                0x6be520b2                PMCCS_ModPow_X_X_X@16
                0x6be520b2                PMCCS_ModPow_X_X_X
 .text          0x6be52128     0x2bc0 ../build/x86_Debug/pmc_memory.o
                0x6be5320c                Palmtree::Math::Core::Internal::CommitNumber(Palmtree::Math::Core::Internal::__tag_NUMBER_HEADER*)
                0x6be5340e                Palmtree::Math::Core::Internal::CheckNumber(Palmtree::Math::Core::Internal::__tag_NUMBER_HEADER*)
                0x6be53520                Palmtree::Math::Core::Internal::DuplicateNumber(Palmtree::Math::Core::Internal::__tag_NUMBER_HEADER*)
                0x6be53597                Palmtree::Math::Core::Internal::PMC_GetConstantValue_I(int)@4
                0x6be535f8                Palmtree::Math::Core::Internal::PMC_Dispose(Palmtree::Math::Core::Internal::__tag_PMC_HANDLE_UINT*)@4
                0x6be5361f                Palmtree::Math::Core::Internal::PMC_Clone_X(Palmtree::Math::Core::Internal::__tag_PMC_HANDLE_UINT*)@4
                0x6be5370a                Palmtree::Math::Core::Internal::Lock::Lock()
                0x6be5370a                Palmtree::Math::Core::Internal::Lock::Lock()
                0x6be53728                Palmtree::Math::Core::Internal::Lock::~Lock()
                0x6be53728                Palmtree::Math::Core::Internal::Lock::~Lock()
                0x6be53746                Palmtree::Math::Core::Internal::ResourceHolderUINT::__GenericChainBufferTag::__GenericChainBufferTag(void*)
                0x6be53746                Palmtree::Math::Core::Internal::ResourceHolderUINT::__GenericChainBufferTag::__GenericChainBufferTag(void*)
                0x6be53772                Palmtree::Math::Core::Internal::ResourceHolderUINT::__GenericChainBufferTag::~__GenericChainBufferTag()
                0x6be53772                Palmtree::Math::Core::Internal::ResourceHolderUINT::__GenericChainBufferTag::~__GenericChainBufferTag()
                0x6be53792                Palmtree::Math::Core::Internal::ResourceHolderUINT::__GenericChainBufferTag::~__GenericChainBufferTag()
                0x6be537ba                Palmtree::Math::Core::Internal::ResourceHolderUINT::__GenericChainBufferTag::EqualsBufferAddress(void*)
                0x6be537d6                Palmtree::Math::Core::Internal::ResourceHolderUINT::__GenericChainBufferTag::Destruct()
                0x6be53806                Palmtree::Math::Core::Internal::ResourceHolderUINT::____UNIT_TYPE_Array_ChainBufferTag::____UNIT_TYPE_Array_ChainBufferTag(unsigned int*, unsigned int, unsigned int)
                0x6be53806                Palmtree::Math::Core::Internal::ResourceHolderUINT::____UNIT_TYPE_Array_ChainBufferTag::____UNIT_TYPE_Array_ChainBufferTag(unsigned int*, unsigned int, unsigned int)
                0x6be53844                Palmtree::Math::Core::Internal::ResourceHolderUINT::____UNIT_TYPE_Array_ChainBufferTag::~____UNIT_TYPE_Array_ChainBufferTag()
                0x6be53844                Palmtree::Math::Core::Internal::ResourceHolderUINT::____UNIT_TYPE_Array_ChainBufferTag::~____UNIT_TYPE_Array_ChainBufferTag()
                0x6be53864                Palmtree::Math::Core::Internal::ResourceHolderUINT::____UNIT_TYPE_Array_ChainBufferTag::~____UNIT_TYPE_Array_ChainBufferTag()
                0x6be5388c                Palmtree::Math::Core::Internal::ResourceHolderUINT::____UNIT_TYPE_Array_ChainBufferTag::EqualsBufferAddress(void*)
                0x6be538a8                Palmtree::Math::Core::Internal::ResourceHolderUINT::____UNIT_TYPE_Array_ChainBufferTag::Clear()
                0x6be538cc                Palmtree::Math::Core::Internal::ResourceHolderUINT::____UNIT_TYPE_Array_ChainBufferTag::Check()
                0x6be538fa                Palmtree::Math::Core::Internal::ResourceHolderUINT::____UNIT_TYPE_Array_ChainBufferTag::Destruct()
                0x6be53928                Palmtree::Math::Core::Internal::ResourceHolderUINT::__StringChainBufferTag::__StringChainBufferTag(unsigned int*, unsigned int, unsigned int)
                0x6be53928                Palmtree::Math::Core::Internal::ResourceHolderUINT::__StringChainBufferTag::__StringChainBufferTag(unsigned int*, unsigned int, unsigned int)
                0x6be53966                Palmtree::Math::Core::Internal::ResourceHolderUINT::__StringChainBufferTag::~__StringChainBufferTag()
                0x6be53966                Palmtree::Math::Core::Internal::ResourceHolderUINT::__StringChainBufferTag::~__StringChainBufferTag()
                0x6be53986                Palmtree::Math::Core::Internal::ResourceHolderUINT::__StringChainBufferTag::~__StringChainBufferTag()
                0x6be539ae                Palmtree::Math::Core::Internal::ResourceHolderUINT::__StringChainBufferTag::EqualsBufferAddress(void*)
                0x6be539ca                Palmtree::Math::Core::Internal::ResourceHolderUINT::__StringChainBufferTag::Clear()
                0x6be539ee                Palmtree::Math::Core::Internal::ResourceHolderUINT::__StringChainBufferTag::Check()
                0x6be53a1c                Palmtree::Math::Core::Internal::ResourceHolderUINT::__StringChainBufferTag::Destruct()
                0x6be53a4a                Palmtree::Math::Core::Internal::ResourceHolderUINT::__DynamicNumberChainBufferTag::__DynamicNumberChainBufferTag(Palmtree::Math::Core::Internal::__tag_NUMBER_HEADER*)
                0x6be53a4a                Palmtree::Math::Core::Internal::ResourceHolderUINT::__DynamicNumberChainBufferTag::__DynamicNumberChainBufferTag(Palmtree::Math::Core::Internal::__tag_NUMBER_HEADER*)
                0x6be53a76                Palmtree::Math::Core::Internal::ResourceHolderUINT::__DynamicNumberChainBufferTag::~__DynamicNumberChainBufferTag()
                0x6be53a76                Palmtree::Math::Core::Internal::ResourceHolderUINT::__DynamicNumberChainBufferTag::~__DynamicNumberChainBufferTag()
                0x6be53a96                Palmtree::Math::Core::Internal::ResourceHolderUINT::__DynamicNumberChainBufferTag::~__DynamicNumberChainBufferTag()
                0x6be53abe                Palmtree::Math::Core::Internal::ResourceHolderUINT::__DynamicNumberChainBufferTag::EqualsBufferAddress(void*)
                0x6be53ada                Palmtree::Math::Core::Internal::ResourceHolderUINT::__DynamicNumberChainBufferTag::Check()
                0x6be53af4                Palmtree::Math::Core::Internal::ResourceHolderUINT::__DynamicNumberChainBufferTag::Destruct()
                0x6be53b0e                Palmtree::Math::Core::Internal::ResourceHolderUINT::__NumberHandleHookingChainBufferTag::__NumberHandleHookingChainBufferTag(Palmtree::Math::Core::Internal::__tag_NUMBER_HEADER*)
                0x6be53b0e                Palmtree::Math::Core::Internal::ResourceHolderUINT::__NumberHandleHookingChainBufferTag::__NumberHandleHookingChainBufferTag(Palmtree::Math::Core::Internal::__tag_NUMBER_HEADER*)
                0x6be53b3a                Palmtree::Math::Core::Internal::ResourceHolderUINT::__NumberHandleHookingChainBufferTag::~__NumberHandleHookingChainBufferTag()
                0x6be53b3a                Palmtree::Math::Core::Internal::ResourceHolderUINT::__NumberHandleHookingChainBufferTag::~__NumberHandleHookingChainBufferTag()
                0x6be53b5a                Palmtree::Math::Core::Internal::ResourceHolderUINT::__NumberHandleHookingChainBufferTag::~__NumberHandleHookingChainBufferTag()
                0x6be53b82                Palmtree::Math::Core::Internal::ResourceHolderUINT::__NumberHandleHookingChainBufferTag::EqualsBufferAddress(void*)
                0x6be53b9e                Palmtree::Math::Core::Internal::ResourceHolderUINT::__NumberHandleHookingChainBufferTag::Check()
                0x6be53baa                Palmtree::Math::Core::Internal::ResourceHolderUINT::__NumberHandleHookingChainBufferTag::Destruct()
                0x6be53bc4                Palmtree::Math::Core::Internal::ResourceHolderUINT::__StaticNumberChainBufferTag::__StaticNumberChainBufferTag(Palmtree::Math::Core::Internal::__tag_NUMBER_HEADER*)
                0x6be53bc4                Palmtree::Math::Core::Internal::ResourceHolderUINT::__StaticNumberChainBufferTag::__StaticNumberChainBufferTag(Palmtree::Math::Core::Internal::__tag_NUMBER_HEADER*)
                0x6be53bf0                Palmtree::Math::Core::Internal::ResourceHolderUINT::__StaticNumberChainBufferTag::~__StaticNumberChainBufferTag()
                0x6be53bf0                Palmtree::Math::Core::Internal::ResourceHolderUINT::__StaticNumberChainBufferTag::~__StaticNumberChainBufferTag()
                0x6be53c10                Palmtree::Math::Core::Internal::ResourceHolderUINT::__StaticNumberChainBufferTag::~__StaticNumberChainBufferTag()
                0x6be53c38                Palmtree::Math::Core::Internal::ResourceHolderUINT::__StaticNumberChainBufferTag::EqualsBufferAddress(void*)
                0x6be53c54                Palmtree::Math::Core::Internal::ResourceHolderUINT::__StaticNumberChainBufferTag::Check()
                0x6be53c60                Palmtree::Math::Core::Internal::ResourceHolderUINT::__StaticNumberChainBufferTag::Destruct()
                0x6be53c7a                Palmtree::Math::Core::Internal::ResourceHolderUINT::ResourceHolderUINT()
                0x6be53c7a                Palmtree::Math::Core::Internal::ResourceHolderUINT::ResourceHolderUINT()
                0x6be53c9a                Palmtree::Math::Core::Internal::ResourceHolderUINT::~ResourceHolderUINT()
                0x6be53c9a                Palmtree::Math::Core::Internal::ResourceHolderUINT::~ResourceHolderUINT()
                0x6be53cba                Palmtree::Math::Core::Internal::ResourceHolderUINT::~ResourceHolderUINT()
                0x6be53ce2                Palmtree::Math::Core::Internal::ResourceHolderUINT::AllocateBytes(unsigned int)
                0x6be53dba                Palmtree::Math::Core::Internal::ResourceHolderUINT::DeallocateBytes(void*)
                0x6be53e46                Palmtree::Math::Core::Internal::ResourceHolderUINT::UnlinkBytes(void*)
                0x6be53ee8                Palmtree::Math::Core::Internal::ResourceHolderUINT::AllocateBlock(unsigned int)
                0x6be53f88                Palmtree::Math::Core::Internal::ResourceHolderUINT::ClearBlock(unsigned int*)
                0x6be54032                Palmtree::Math::Core::Internal::ResourceHolderUINT::DeallocateBlock(unsigned int*)
                0x6be540be                Palmtree::Math::Core::Internal::ResourceHolderUINT::CheckBlock(unsigned int*)
                0x6be54168                Palmtree::Math::Core::Internal::ResourceHolderUINT::UnlinkBlock(unsigned int*)
                0x6be5420a                Palmtree::Math::Core::Internal::ResourceHolderUINT::AllocateString(unsigned int)
                0x6be542b0                Palmtree::Math::Core::Internal::ResourceHolderUINT::ClearString(wchar_t*)
                0x6be5435a                Palmtree::Math::Core::Internal::ResourceHolderUINT::DeallocateString(wchar_t*)
                0x6be543e6                Palmtree::Math::Core::Internal::ResourceHolderUINT::CheckString(wchar_t*)
                0x6be54490                Palmtree::Math::Core::Internal::ResourceHolderUINT::UnlinkString(wchar_t*)
                0x6be54532                Palmtree::Math::Core::Internal::ResourceHolderUINT::AllocateNumber(unsigned int)
                0x6be545b6                Palmtree::Math::Core::Internal::ResourceHolderUINT::HookNumber(Palmtree::Math::Core::Internal::__tag_NUMBER_HEADER*)
                0x6be54628                Palmtree::Math::Core::Internal::ResourceHolderUINT::DeallocateNumber(Palmtree::Math::Core::Internal::__tag_NUMBER_HEADER*)
                0x6be546b4                Palmtree::Math::Core::Internal::ResourceHolderUINT::CheckNumber(Palmtree::Math::Core::Internal::__tag_NUMBER_HEADER*)
                0x6be5475e                Palmtree::Math::Core::Internal::ResourceHolderUINT::UnlinkNumber(Palmtree::Math::Core::Internal::__tag_NUMBER_HEADER*)
                0x6be54800                Palmtree::Math::Core::Internal::ResourceHolderUINT::AttatchStaticNumber(Palmtree::Math::Core::Internal::__tag_NUMBER_HEADER*, unsigned int)
                0x6be54884                Palmtree::Math::Core::Internal::ResourceHolderUINT::DetatchStaticNumber(Palmtree::Math::Core::Internal::__tag_NUMBER_HEADER*)
                0x6be54910                Palmtree::Math::Core::Internal::ResourceHolderUINT::UnlinkStatickNumber(Palmtree::Math::Core::Internal::__tag_NUMBER_HEADER*)
                0x6be54a64                Palmtree::Math::Core::Internal::PMC_GetAllocatedMemorySize()@0
                0x6be54b7d                Palmtree::Math::Core::Internal::Initialize_Memory(Palmtree::Math::Core::Internal::_tag_PROCESSOR_FEATURES*)
                0x6be54c74                Palmtree::Math::Core::Internal::AllocateHeapArea()
                0x6be54cb7                Palmtree::Math::Core::Internal::DeallocateHeapArea()
 .text          0x6be54ce8      0xb78 ../build/x86_Debug/pmc_modpow.o
                0x6be54f1c                Palmtree::Math::Core::Internal::exception_filter(unsigned long)
                0x6be556dd                Palmtree::Math::Core::Internal::PMC_ModPow_X_X_X(Palmtree::Math::Core::Internal::__tag_PMC_HANDLE_UINT*, Palmtree::Math::Core::Internal::__tag_PMC_HANDLE_UINT*, Palmtree::Math::Core::Internal::__tag_PMC_HANDLE_UINT*)@12
                0x6be55859                Palmtree::Math::Core::Internal::Initialize_ModPow(Palmtree::Math::Core::Internal::_tag_PROCESSOR_FEATURES*)
 .text          0x6be55860     0x250c ../build/x86_Debug/pmc_multiply.o
                0x6be559c6                Palmtree::Math::Core::Internal::Multiply_X_X_Imp(unsigned int*, unsigned int, unsigned int*, unsigned int, unsigned int*)
                0x6be57318                Palmtree::Math::Core::Internal::PMC_Multiply_X_I_Imp(Palmtree::Math::Core::Internal::__tag_NUMBER_HEADER*, unsigned int)
                0x6be57462                Palmtree::Math::Core::Internal::PMC_Multiply_I_X(unsigned int, Palmtree::Math::Core::Internal::__tag_PMC_HANDLE_UINT*)@8
                0x6be57537                Palmtree::Math::Core::Internal::PMC_Multiply_X_I(Palmtree::Math::Core::Internal::__tag_PMC_HANDLE_UINT*, unsigned int)@8
                0x6be578a1                Palmtree::Math::Core::Internal::PMC_Multiply_L_X(unsigned long long, Palmtree::Math::Core::Internal::__tag_PMC_HANDLE_UINT*)@12
                0x6be57989                Palmtree::Math::Core::Internal::PMC_Multiply_X_L(Palmtree::Math::Core::Internal::__tag_PMC_HANDLE_UINT*, unsigned long long)@12
                0x6be57bd7                Palmtree::Math::Core::Internal::PMC_Multiply_X_X(Palmtree::Math::Core::Internal::__tag_PMC_HANDLE_UINT*, Palmtree::Math::Core::Internal::__tag_PMC_HANDLE_UINT*)@8
                0x6be57d08                Palmtree::Math::Core::Internal::Initialize_Multiply(Palmtree::Math::Core::Internal::_tag_PROCESSOR_FEATURES*)
 .text          0x6be57d6c     0x29bc ../build/x86_Debug/pmc_parse.o
                0x6be5a422                Palmtree::Math::Core::Internal::PMC_TryParse(wchar_t const*, int, Palmtree::Math::Core::Internal::__tag_PMC_NUMBER_FORMAT_INFO const*, Palmtree::Math::Core::Internal::__tag_PMC_HANDLE_UINT**, unsigned int*)@20
                0x6be5a598                Palmtree::Math::Core::Internal::PMC_TryParseForSINT(wchar_t const*, int, Palmtree::Math::Core::Internal::__tag_PMC_NUMBER_FORMAT_INFO const*, char*, Palmtree::Math::Core::Internal::__tag_PMC_HANDLE_UINT**, unsigned int*)@24
                0x6be5a6de                Palmtree::Math::Core::Internal::Initialize_Parse(Palmtree::Math::Core::Internal::_tag_PROCESSOR_FEATURES*)
 .text          0x6be5a728      0x544 ../build/x86_Debug/pmc_pow.o
                0x6be5a945                Palmtree::Math::Core::Internal::PMC_Pow_X_I_Imp(Palmtree::Math::Core::Internal::__tag_NUMBER_HEADER*, unsigned int)
                0x6be5ab46                Palmtree::Math::Core::Internal::PMC_Pow_X_I(Palmtree::Math::Core::Internal::__tag_PMC_HANDLE_UINT*, unsigned int)@8
                0x6be5ac1b                Palmtree::Math::Core::Internal::PMC_Pow_X_L(Palmtree::Math::Core::Internal::__tag_PMC_HANDLE_UINT*, unsigned long long)@12
                0x6be5ac65                Palmtree::Math::Core::Internal::Initialize_Pow(Palmtree::Math::Core::Internal::_tag_PROCESSOR_FEATURES*)
 .text          0x6be5ac6c     0x206c ../build/x86_Debug/pmc_shift.o
                0x6be5ad35                Palmtree::Math::Core::Internal::RightShift_Imp(unsigned int*, unsigned int, unsigned int, unsigned int*, int)
                0x6be5baf8                Palmtree::Math::Core::Internal::LeftShift_Imp(unsigned int*, unsigned int, unsigned int, unsigned int*, int)
                0x6be5caba                Palmtree::Math::Core::Internal::PMC_RightShift_X_I(Palmtree::Math::Core::Internal::__tag_PMC_HANDLE_UINT*, int)@8
                0x6be5cbc6                Palmtree::Math::Core::Internal::PMC_LeftShift_X_I(Palmtree::Math::Core::Internal::__tag_PMC_HANDLE_UINT*, int)@8
                0x6be5ccd2                Palmtree::Math::Core::Internal::Initialize_Shift(Palmtree::Math::Core::Internal::_tag_PROCESSOR_FEATURES*)
 .text          0x6be5ccd8       0x38 ../build/x86_Debug/pmc_statistics.o
                0x6be5ccd8                Palmtree::Math::Core::Internal::PMC_GetStatisticsInfo(Palmtree::Math::Core::Internal::__tag_PMC_STATISTICS_INFO*)@4
 .text          0x6be5cd10     0x1684 ../build/x86_Debug/pmc_subtruct.o
                0x6be5d344                Palmtree::Math::Core::Internal::Subtruct_Imp(unsigned int*, unsigned int, unsigned int*, unsigned int, unsigned int*, unsigned int)
                0x6be5d4f9                Palmtree::Math::Core::Internal::PMC_Subtruct_I_X(unsigned int, Palmtree::Math::Core::Internal::__tag_PMC_HANDLE_UINT*)@8
                0x6be5d844                Palmtree::Math::Core::Internal::PMC_Subtruct_X_I(Palmtree::Math::Core::Internal::__tag_PMC_HANDLE_UINT*, unsigned int)@8
                0x6be5d91f                Palmtree::Math::Core::Internal::PMC_Subtruct_L_X(unsigned long long, Palmtree::Math::Core::Internal::__tag_PMC_HANDLE_UINT*)@12
                0x6be5df9b                Palmtree::Math::Core::Internal::PMC_Subtruct_X_L(Palmtree::Math::Core::Internal::__tag_PMC_HANDLE_UINT*, unsigned long long)@12
                0x6be5e25b                Palmtree::Math::Core::Internal::PMC_Subtruct_X_X(Palmtree::Math::Core::Internal::__tag_PMC_HANDLE_UINT*, Palmtree::Math::Core::Internal::__tag_PMC_HANDLE_UINT*)@8
                0x6be5e38c                Palmtree::Math::Core::Internal::Initialize_Subtruct(Palmtree::Math::Core::Internal::_tag_PROCESSOR_FEATURES*)
 .text          0x6be5e394      0x1c4 ../build/x86_Debug/pmc_to.o
                0x6be5e3d1                Palmtree::Math::Core::Internal::PMC_To_X_I(Palmtree::Math::Core::Internal::__tag_PMC_HANDLE_UINT*)@4
                0x6be5e44f                Palmtree::Math::Core::Internal::PMC_To_X_L(Palmtree::Math::Core::Internal::__tag_PMC_HANDLE_UINT*)@4
                0x6be5e552                Palmtree::Math::Core::Internal::Initialize_To(Palmtree::Math::Core::Internal::_tag_PROCESSOR_FEATURES*)
 .text          0x6be5e558     0x1944 ../build/x86_Debug/pmc_tostring.o
                0x6be5fbbe                Palmtree::Math::Core::Internal::PMC_ToString(Palmtree::Math::Core::Internal::__tag_PMC_HANDLE_UINT*, wchar_t const*, Palmtree::Math::Core::Internal::__tag_PMC_NUMBER_FORMAT_INFO const*, wchar_t*, unsigned int)@20
                0x6be5fc6c                Palmtree::Math::Core::Internal::InitializeNumberFormatoInfo(Palmtree::Math::Core::Internal::__tag_PMC_NUMBER_FORMAT_INFO*)
                0x6be5fe6b                Palmtree::Math::Core::Internal::PMC_InitializeNumberFormatInfo(Palmtree::Math::Core::Internal::__tag_PMC_NUMBER_FORMAT_INFO*)@4
                0x6be5fe81                Palmtree::Math::Core::Internal::Initialize_ToString(Palmtree::Math::Core::Internal::_tag_PROCESSOR_FEATURES*)
 .text          0x6be5fe9c        0x0 C:/GNU/MINGW64/i686-8.1.0-win32-dwarf-rt_v6-rev0/mingw32/bin/../lib/gcc/i686-w64-mingw32/8.1.0/../../../../i686-w64-mingw32/lib/../lib\libkernel32.a(dgzch.o)
 .text          0x6be5fe9c        0x0 C:/GNU/MINGW64/i686-8.1.0-win32-dwarf-rt_v6-rev0/mingw32/bin/../lib/gcc/i686-w64-mingw32/8.1.0/../../../../i686-w64-mingw32/lib/../lib\libkernel32.a(dgzct.o)
 .text          0x6be5fe9c        0x0 C:/GNU/MINGW64/i686-8.1.0-win32-dwarf-rt_v6-rev0/mingw32/bin/../lib/gcc/i686-w64-mingw32/8.1.0/../../../../i686-w64-mingw32/lib/../lib\libuser32.a(dmceh.o)
 .text          0x6be5fe9c        0x0 C:/GNU/MINGW64/i686-8.1.0-win32-dwarf-rt_v6-rev0/mingw32/bin/../lib/gcc/i686-w64-mingw32/8.1.0/../../../../i686-w64-mingw32/lib/../lib\libuser32.a(dmcet.o)
 .text          0x6be5fe9c        0x0 C:/GNU/MINGW64/i686-8.1.0-win32-dwarf-rt_v6-rev0/mingw32/bin/../lib/gcc/i686-w64-mingw32/8.1.0\libstdc++.a(class_type_info.o)
 .text          0x6be5fe9c        0x0 C:/GNU/MINGW64/i686-8.1.0-win32-dwarf-rt_v6-rev0/mingw32/bin/../lib/gcc/i686-w64-mingw32/8.1.0\libstdc++.a(del_ops.o)
 .text          0x6be5fe9c        0x0 C:/GNU/MINGW64/i686-8.1.0-win32-dwarf-rt_v6-rev0/mingw32/bin/../lib/gcc/i686-w64-mingw32/8.1.0\libstdc++.a(eh_alloc.o)
 .text          0x6be5fe9c        0x0 C:/GNU/MINGW64/i686-8.1.0-win32-dwarf-rt_v6-rev0/mingw32/bin/../lib/gcc/i686-w64-mingw32/8.1.0\libstdc++.a(eh_catch.o)
 .text          0x6be5fe9c        0x0 C:/GNU/MINGW64/i686-8.1.0-win32-dwarf-rt_v6-rev0/mingw32/bin/../lib/gcc/i686-w64-mingw32/8.1.0\libstdc++.a(eh_exception.o)
 .text          0x6be5fe9c        0x0 C:/GNU/MINGW64/i686-8.1.0-win32-dwarf-rt_v6-rev0/mingw32/bin/../lib/gcc/i686-w64-mingw32/8.1.0\libstdc++.a(eh_globals.o)
 .text          0x6be5fe9c        0x0 C:/GNU/MINGW64/i686-8.1.0-win32-dwarf-rt_v6-rev0/mingw32/bin/../lib/gcc/i686-w64-mingw32/8.1.0\libstdc++.a(eh_personality.o)
 .text          0x6be5fe9c        0x0 C:/GNU/MINGW64/i686-8.1.0-win32-dwarf-rt_v6-rev0/mingw32/bin/../lib/gcc/i686-w64-mingw32/8.1.0\libstdc++.a(eh_terminate.o)
 .text          0x6be5fe9c        0x0 C:/GNU/MINGW64/i686-8.1.0-win32-dwarf-rt_v6-rev0/mingw32/bin/../lib/gcc/i686-w64-mingw32/8.1.0\libstdc++.a(eh_term_handler.o)
 .text          0x6be5fe9c        0x0 C:/GNU/MINGW64/i686-8.1.0-win32-dwarf-rt_v6-rev0/mingw32/bin/../lib/gcc/i686-w64-mingw32/8.1.0\libstdc++.a(eh_throw.o)
 .text          0x6be5fe9c        0x0 C:/GNU/MINGW64/i686-8.1.0-win32-dwarf-rt_v6-rev0/mingw32/bin/../lib/gcc/i686-w64-mingw32/8.1.0\libstdc++.a(eh_unex_handler.o)
 .text          0x6be5fe9c        0x0 C:/GNU/MINGW64/i686-8.1.0-win32-dwarf-rt_v6-rev0/mingw32/bin/../lib/gcc/i686-w64-mingw32/8.1.0\libstdc++.a(new_op.o)
 .text          0x6be5fe9c        0x0 C:/GNU/MINGW64/i686-8.1.0-win32-dwarf-rt_v6-rev0/mingw32/bin/../lib/gcc/i686-w64-mingw32/8.1.0\libstdc++.a(pure.o)
 .text          0x6be5fe9c        0x0 C:/GNU/MINGW64/i686-8.1.0-win32-dwarf-rt_v6-rev0/mingw32/bin/../lib/gcc/i686-w64-mingw32/8.1.0\libstdc++.a(si_class_type_info.o)
 .text          0x6be5fe9c        0x0 C:/GNU/MINGW64/i686-8.1.0-win32-dwarf-rt_v6-rev0/mingw32/bin/../lib/gcc/i686-w64-mingw32/8.1.0\libstdc++.a(tinfo.o)
 .text          0x6be5fe9c        0x0 C:/GNU/MINGW64/i686-8.1.0-win32-dwarf-rt_v6-rev0/mingw32/bin/../lib/gcc/i686-w64-mingw32/8.1.0\libstdc++.a(vmi_class_type_info.o)
 .text          0x6be5fe9c        0x0 C:/GNU/MINGW64/i686-8.1.0-win32-dwarf-rt_v6-rev0/mingw32/bin/../lib/gcc/i686-w64-mingw32/8.1.0\libstdc++.a(vterminate.o)
 .text          0x6be5fe9c        0x0 C:/GNU/MINGW64/i686-8.1.0-win32-dwarf-rt_v6-rev0/mingw32/bin/../lib/gcc/i686-w64-mingw32/8.1.0\libstdc++.a(bad_alloc.o)
 *fill*         0x6be5fe9c        0x4 
 .text          0x6be5fea0     0x9af0 C:/GNU/MINGW64/i686-8.1.0-win32-dwarf-rt_v6-rev0/mingw32/bin/../lib/gcc/i686-w64-mingw32/8.1.0\libstdc++.a(cp-demangle.o)
                0x6be69800                __cxa_demangle
                0x6be69950                __gcclibcxx_demangle_callback
 .text          0x6be69990        0x0 C:/GNU/MINGW64/i686-8.1.0-win32-dwarf-rt_v6-rev0/mingw32/bin/../lib/gcc/i686-w64-mingw32/8.1.0\libstdc++.a(del_op.o)
 .text          0x6be69990        0x0 C:/GNU/MINGW64/i686-8.1.0-win32-dwarf-rt_v6-rev0/mingw32/bin/../lib/gcc/i686-w64-mingw32/8.1.0\libstdc++.a(eh_call.o)
 .text          0x6be69990        0x0 C:/GNU/MINGW64/i686-8.1.0-win32-dwarf-rt_v6-rev0/mingw32/bin/../lib/gcc/i686-w64-mingw32/8.1.0\libstdc++.a(eh_type.o)
 .text          0x6be69990        0x0 C:/GNU/MINGW64/i686-8.1.0-win32-dwarf-rt_v6-rev0/mingw32/bin/../lib/gcc/i686-w64-mingw32/8.1.0\libstdc++.a(new_handler.o)
 .text          0x6be69990       0xb0 C:/GNU/MINGW64/i686-8.1.0-win32-dwarf-rt_v6-rev0/mingw32/bin/../lib/gcc/i686-w64-mingw32/8.1.0/../../../../i686-w64-mingw32/lib/../lib\libmingw32.a(lib32_libmingw32_a-gccmain.o)
                0x6be69990                __do_global_dtors
                0x6be699d0                __do_global_ctors
                0x6be69a20                __main
 .text          0x6be69a40        0x0 C:/GNU/MINGW64/i686-8.1.0-win32-dwarf-rt_v6-rev0/mingw32/bin/../lib/gcc/i686-w64-mingw32/8.1.0/../../../../i686-w64-mingw32/lib/../lib\libmingw32.a(lib32_libmingw32_a-natstart.o)
 .text          0x6be69a40      0x140 C:/GNU/MINGW64/i686-8.1.0-win32-dwarf-rt_v6-rev0/mingw32/bin/../lib/gcc/i686-w64-mingw32/8.1.0/../../../../i686-w64-mingw32/lib/../lib\libmingw32.a(lib32_libmingw32_a-gs_support.o)
                0x6be69a40                __security_init_cookie
                0x6be69af0                __report_gsfailure
 .text          0x6be69b80       0xf0 C:/GNU/MINGW64/i686-8.1.0-win32-dwarf-rt_v6-rev0/mingw32/bin/../lib/gcc/i686-w64-mingw32/8.1.0/../../../../i686-w64-mingw32/lib/../lib\libmingw32.a(lib32_libmingw32_a-tlssup.o)
                0x6be69bd0                __dyn_tls_init@12
                0x6be69c60                __tlregdtor
 .text          0x6be69c70        0x0 C:/GNU/MINGW64/i686-8.1.0-win32-dwarf-rt_v6-rev0/mingw32/bin/../lib/gcc/i686-w64-mingw32/8.1.0/../../../../i686-w64-mingw32/lib/../lib\libmingw32.a(lib32_libmingw32_a-cinitexe.o)
 .text          0x6be69c70       0x20 C:/GNU/MINGW64/i686-8.1.0-win32-dwarf-rt_v6-rev0/mingw32/bin/../lib/gcc/i686-w64-mingw32/8.1.0/../../../../i686-w64-mingw32/lib/../lib\libmingw32.a(lib32_libmingw32_a-mingw_helpers.o)
                0x6be69c70                _decode_pointer
                0x6be69c80                _encode_pointer
 .text          0x6be69c90      0x3d0 C:/GNU/MINGW64/i686-8.1.0-win32-dwarf-rt_v6-rev0/mingw32/bin/../lib/gcc/i686-w64-mingw32/8.1.0/../../../../i686-w64-mingw32/lib/../lib\libmingw32.a(lib32_libmingw32_a-pseudo-reloc.o)
                0x6be69de0                _pei386_runtime_relocator
 .text          0x6be6a060      0x270 C:/GNU/MINGW64/i686-8.1.0-win32-dwarf-rt_v6-rev0/mingw32/bin/../lib/gcc/i686-w64-mingw32/8.1.0/../../../../i686-w64-mingw32/lib/../lib\libmingw32.a(lib32_libmingw32_a-tlsthrd.o)
                0x6be6a0d0                ___w64_mingwthr_add_key_dtor
                0x6be6a160                ___w64_mingwthr_remove_key_dtor
                0x6be6a1f0                __mingw_TLScallback
 .text          0x6be6a2d0        0x0 C:/GNU/MINGW64/i686-8.1.0-win32-dwarf-rt_v6-rev0/mingw32/bin/../lib/gcc/i686-w64-mingw32/8.1.0/../../../../i686-w64-mingw32/lib/../lib\libmingw32.a(lib32_libmingw32_a-tlsmcrt.o)
 .text          0x6be6a2d0        0x0 C:/GNU/MINGW64/i686-8.1.0-win32-dwarf-rt_v6-rev0/mingw32/bin/../lib/gcc/i686-w64-mingw32/8.1.0/../../../../i686-w64-mingw32/lib/../lib\libmingw32.a(lib32_libmingw32_a-pseudo-reloc-list.o)
 .text          0x6be6a2d0      0x370 C:/GNU/MINGW64/i686-8.1.0-win32-dwarf-rt_v6-rev0/mingw32/bin/../lib/gcc/i686-w64-mingw32/8.1.0/../../../../i686-w64-mingw32/lib/../lib\libmingw32.a(lib32_libmingw32_a-pesect.o)
                0x6be6a2f0                _ValidateImageBase
                0x6be6a310                _FindPESection
                0x6be6a350                _FindPESectionByName
                0x6be6a3e0                __mingw_GetSectionForAddress
                0x6be6a450                __mingw_GetSectionCount
                0x6be6a480                _FindPESectionExec
                0x6be6a4e0                _GetPEImageBase
                0x6be6a510                _IsNonwritableInCurrentImage
                0x6be6a590                __mingw_enum_import_library_names
 .text          0x6be6a640       0x10 C:/GNU/MINGW64/i686-8.1.0-win32-dwarf-rt_v6-rev0/mingw32/bin/../lib/gcc/i686-w64-mingw32/8.1.0/../../../../i686-w64-mingw32/lib/../lib\libmingw32.a(lib32_libmingw32_a-CRT_fp10.o)
                0x6be6a640                fpreset
                0x6be6a640                _fpreset
 .text          0x6be6a650       0x2c C:/GNU/MINGW64/i686-8.1.0-win32-dwarf-rt_v6-rev0/mingw32/bin/../lib/gcc/i686-w64-mingw32/8.1.0\libgcc.a(_chkstk_ms.o)
                0x6be6a650                __chkstk_ms
 .text          0x6be6a67c        0x0 C:/GNU/MINGW64/i686-8.1.0-win32-dwarf-rt_v6-rev0/mingw32/bin/../lib/gcc/i686-w64-mingw32/8.1.0\libgcc.a(_ctors.o)
 *fill*         0x6be6a67c        0x4 
 .text          0x6be6a680      0x410 C:/GNU/MINGW64/i686-8.1.0-win32-dwarf-rt_v6-rev0/mingw32/bin/../lib/gcc/i686-w64-mingw32/8.1.0\libgcc.a(gthr-win32.o)
                0x6be6a680                __gthr_win32_once
                0x6be6a700                __gthr_win32_key_create
                0x6be6a740                __gthr_win32_key_delete
                0x6be6a770                __gthr_win32_getspecific
                0x6be6a7b0                __gthr_win32_setspecific
                0x6be6a7e0                __gthr_win32_mutex_init_function
                0x6be6a820                __gthr_win32_mutex_destroy
                0x6be6a840                __gthr_win32_mutex_lock
                0x6be6a880                __gthr_win32_mutex_trylock
                0x6be6a8a0                __gthr_win32_mutex_unlock
                0x6be6a8f0                __gthr_win32_recursive_mutex_init_function
                0x6be6a940                __gthr_win32_recursive_mutex_lock
                0x6be6a9c0                __gthr_win32_recursive_mutex_trylock
                0x6be6aa10                __gthr_win32_recursive_mutex_unlock
                0x6be6aa70                __gthr_win32_recursive_mutex_destroy
 .text          0x6be6aa90     0x25a0 C:/GNU/MINGW64/i686-8.1.0-win32-dwarf-rt_v6-rev0/mingw32/bin/../lib/gcc/i686-w64-mingw32/8.1.0\libgcc_eh.a(unwind-dw2.o)
                0x6be6c9d0                _Unwind_GetGR
                0x6be6ca20                _Unwind_GetCFA
                0x6be6ca30                _Unwind_SetGR
                0x6be6ca90                _Unwind_GetIP
                0x6be6caa0                _Unwind_GetIPInfo
                0x6be6cac0                _Unwind_SetIP
                0x6be6cad0                _Unwind_GetLanguageSpecificData
                0x6be6cae0                _Unwind_GetRegionStart
                0x6be6caf0                _Unwind_FindEnclosingFunction
                0x6be6cb20                _Unwind_GetDataRelBase
                0x6be6cb30                _Unwind_GetTextRelBase
                0x6be6cb40                __frame_state_for
                0x6be6cc40                _Unwind_RaiseException
                0x6be6cd90                _Unwind_ForcedUnwind
                0x6be6ce40                _Unwind_Resume
                0x6be6cee0                _Unwind_Resume_or_Rethrow
                0x6be6cfa0                _Unwind_DeleteException
                0x6be6cfc0                _Unwind_Backtrace
 .text          0x6be6d030     0x17f0 C:/GNU/MINGW64/i686-8.1.0-win32-dwarf-rt_v6-rev0/mingw32/bin/../lib/gcc/i686-w64-mingw32/8.1.0\libgcc_eh.a(unwind-dw2-fde.o)
                0x6be6e2e0                __register_frame_info_bases
                0x6be6e310                __register_frame_info
                0x6be6e340                __register_frame
                0x6be6e380                __register_frame_info_table_bases
                0x6be6e4d0                __register_frame_info_table
                0x6be6e500                __register_frame_table
                0x6be6e540                __deregister_frame_info_bases
                0x6be6e560                __deregister_frame_info
                0x6be6e580                __deregister_frame
                0x6be6e5b0                _Unwind_Find_FDE
 .text          0x6be6e820      0x410 C:/GNU/MINGW64/i686-8.1.0-win32-dwarf-rt_v6-rev0/mingw32/bin/../lib/gcc/i686-w64-mingw32/8.1.0\libgcc_eh.a(emutls.o)
                0x6be6e980                __emutls_get_address
                0x6be6ebf0                __emutls_register_common
 .text          0x6be6ec30       0x10 C:/GNU/MINGW64/i686-8.1.0-win32-dwarf-rt_v6-rev0/mingw32/bin/../lib/gcc/i686-w64-mingw32/8.1.0/../../../../i686-w64-mingw32/lib/../lib\libmingwex.a(lib32_libmingwex_a-dllentry.o)
                0x6be6ec30                DllEntryPoint@12
 .text          0x6be6ec40        0x8 C:/GNU/MINGW64/i686-8.1.0-win32-dwarf-rt_v6-rev0/mingw32/bin/../lib/gcc/i686-w64-mingw32/8.1.0/../../../../i686-w64-mingw32/lib/../lib\libmsvcrt.a(dwbes01253.o)
                0x6be6ec40                vfprintf
 .text          0x6be6ec48        0x8 C:/GNU/MINGW64/i686-8.1.0-win32-dwarf-rt_v6-rev0/mingw32/bin/../lib/gcc/i686-w64-mingw32/8.1.0/../../../../i686-w64-mingw32/lib/../lib\libmsvcrt.a(dwbes01220.o)
                0x6be6ec48                strncmp
 .text          0x6be6ec50        0x8 C:/GNU/MINGW64/i686-8.1.0-win32-dwarf-rt_v6-rev0/mingw32/bin/../lib/gcc/i686-w64-mingw32/8.1.0/../../../../i686-w64-mingw32/lib/../lib\libmsvcrt.a(dwbes01217.o)
                0x6be6ec50                strlen
 .text          0x6be6ec58        0x8 C:/GNU/MINGW64/i686-8.1.0-win32-dwarf-rt_v6-rev0/mingw32/bin/../lib/gcc/i686-w64-mingw32/8.1.0/../../../../i686-w64-mingw32/lib/../lib\libmsvcrt.a(dwbes01210.o)
                0x6be6ec58                strcmp
 .text          0x6be6ec60        0x8 C:/GNU/MINGW64/i686-8.1.0-win32-dwarf-rt_v6-rev0/mingw32/bin/../lib/gcc/i686-w64-mingw32/8.1.0/../../../../i686-w64-mingw32/lib/../lib\libmsvcrt.a(dwbes01202.o)
                0x6be6ec60                sprintf
 .text          0x6be6ec68        0x8 C:/GNU/MINGW64/i686-8.1.0-win32-dwarf-rt_v6-rev0/mingw32/bin/../lib/gcc/i686-w64-mingw32/8.1.0/../../../../i686-w64-mingw32/lib/../lib\libmsvcrt.a(dwbes01190.o)
                0x6be6ec68                realloc
 .text          0x6be6ec70        0x8 C:/GNU/MINGW64/i686-8.1.0-win32-dwarf-rt_v6-rev0/mingw32/bin/../lib/gcc/i686-w64-mingw32/8.1.0/../../../../i686-w64-mingw32/lib/../lib\libmsvcrt.a(dwbes01174.o)
                0x6be6ec70                memset
 .text          0x6be6ec78        0x8 C:/GNU/MINGW64/i686-8.1.0-win32-dwarf-rt_v6-rev0/mingw32/bin/../lib/gcc/i686-w64-mingw32/8.1.0/../../../../i686-w64-mingw32/lib/../lib\libmsvcrt.a(dwbes01172.o)
                0x6be6ec78                memcpy
 .text          0x6be6ec80        0x8 C:/GNU/MINGW64/i686-8.1.0-win32-dwarf-rt_v6-rev0/mingw32/bin/../lib/gcc/i686-w64-mingw32/8.1.0/../../../../i686-w64-mingw32/lib/../lib\libmsvcrt.a(dwbes01163.o)
                0x6be6ec80                malloc
 .text          0x6be6ec88        0x8 C:/GNU/MINGW64/i686-8.1.0-win32-dwarf-rt_v6-rev0/mingw32/bin/../lib/gcc/i686-w64-mingw32/8.1.0/../../../../i686-w64-mingw32/lib/../lib\libmsvcrt.a(dwbes01118.o)
                0x6be6ec88                fwrite
 .text          0x6be6ec90        0x8 C:/GNU/MINGW64/i686-8.1.0-win32-dwarf-rt_v6-rev0/mingw32/bin/../lib/gcc/i686-w64-mingw32/8.1.0/../../../../i686-w64-mingw32/lib/../lib\libmsvcrt.a(dwbes01104.o)
                0x6be6ec90                free
 .text          0x6be6ec98        0x8 C:/GNU/MINGW64/i686-8.1.0-win32-dwarf-rt_v6-rev0/mingw32/bin/../lib/gcc/i686-w64-mingw32/8.1.0/../../../../i686-w64-mingw32/lib/../lib\libmsvcrt.a(dwbes01100.o)
                0x6be6ec98                fputs
 .text          0x6be6eca0        0x8 C:/GNU/MINGW64/i686-8.1.0-win32-dwarf-rt_v6-rev0/mingw32/bin/../lib/gcc/i686-w64-mingw32/8.1.0/../../../../i686-w64-mingw32/lib/../lib\libmsvcrt.a(dwbes01099.o)
                0x6be6eca0                fputc
 .text          0x6be6eca8        0x8 C:/GNU/MINGW64/i686-8.1.0-win32-dwarf-rt_v6-rev0/mingw32/bin/../lib/gcc/i686-w64-mingw32/8.1.0/../../../../i686-w64-mingw32/lib/../lib\libmsvcrt.a(dwbes01076.o)
                0x6be6eca8                calloc
 .text          0x6be6ecb0        0x8 C:/GNU/MINGW64/i686-8.1.0-win32-dwarf-rt_v6-rev0/mingw32/bin/../lib/gcc/i686-w64-mingw32/8.1.0/../../../../i686-w64-mingw32/lib/../lib\libmsvcrt.a(dwbes01057.o)
                0x6be6ecb0                abort
 .text          0x6be6ecb8        0x8 C:/GNU/MINGW64/i686-8.1.0-win32-dwarf-rt_v6-rev0/mingw32/bin/../lib/gcc/i686-w64-mingw32/8.1.0/../../../../i686-w64-mingw32/lib/../lib\libmsvcrt.a(dwbes01010.o)
                0x6be6ecb8                write
 .text          0x6be6ecc0        0x8 C:/GNU/MINGW64/i686-8.1.0-win32-dwarf-rt_v6-rev0/mingw32/bin/../lib/gcc/i686-w64-mingw32/8.1.0/../../../../i686-w64-mingw32/lib/../lib\libmsvcrt.a(dwbes00351.o)
                0x6be6ecc0                _initterm
 .text          0x6be6ecc8        0x8 C:/GNU/MINGW64/i686-8.1.0-win32-dwarf-rt_v6-rev0/mingw32/bin/../lib/gcc/i686-w64-mingw32/8.1.0/../../../../i686-w64-mingw32/lib/../lib\libmsvcrt.a(dwbes00144.o)
                0x6be6ecc8                _amsg_exit
 .text          0x6be6ecd0      0x170 C:/GNU/MINGW64/i686-8.1.0-win32-dwarf-rt_v6-rev0/mingw32/bin/../lib/gcc/i686-w64-mingw32/8.1.0/../../../../i686-w64-mingw32/lib/../lib\libmsvcrt.a(lib32_libmsvcrt_os_a-onexit_table.o)
                0x6be6ecd0                _initialize_onexit_table
                0x6be6ed00                _register_onexit_function
                0x6be6edd0                _execute_onexit_table
 .text          0x6be6ee40       0x10 C:/GNU/MINGW64/i686-8.1.0-win32-dwarf-rt_v6-rev0/mingw32/bin/../lib/gcc/i686-w64-mingw32/8.1.0/../../../../i686-w64-mingw32/lib/../lib\libmsvcrt.a(lib32_libmsvcrt_os_a-acrt_iob_func.o)
                0x6be6ee40                __acrt_iob_func
 .text          0x6be6ee50        0x0 C:/GNU/MINGW64/i686-8.1.0-win32-dwarf-rt_v6-rev0/mingw32/bin/../lib/gcc/i686-w64-mingw32/8.1.0/../../../../i686-w64-mingw32/lib/../lib\libmsvcrt.a(dwbeh.o)
 .text          0x6be6ee50        0x8 C:/GNU/MINGW64/i686-8.1.0-win32-dwarf-rt_v6-rev0/mingw32/bin/../lib/gcc/i686-w64-mingw32/8.1.0/../../../../i686-w64-mingw32/lib/../lib\libmsvcrt.a(dwbes00841.o)
                0x6be6ee50                _unlock
 .text          0x6be6ee58        0x8 C:/GNU/MINGW64/i686-8.1.0-win32-dwarf-rt_v6-rev0/mingw32/bin/../lib/gcc/i686-w64-mingw32/8.1.0/../../../../i686-w64-mingw32/lib/../lib\libmsvcrt.a(dwbes00460.o)
                0x6be6ee58                _lock
 .text          0x6be6ee60        0x0 C:/GNU/MINGW64/i686-8.1.0-win32-dwarf-rt_v6-rev0/mingw32/bin/../lib/gcc/i686-w64-mingw32/8.1.0/../../../../i686-w64-mingw32/lib/../lib\libmsvcrt.a(dwbes00355.o)
 .text          0x6be6ee60        0x0 C:/GNU/MINGW64/i686-8.1.0-win32-dwarf-rt_v6-rev0/mingw32/bin/../lib/gcc/i686-w64-mingw32/8.1.0/../../../../i686-w64-mingw32/lib/../lib\libmsvcrt.a(dwbet.o)
 .text          0x6be6ee60       0x30 C:/GNU/MINGW64/i686-8.1.0-win32-dwarf-rt_v6-rev0/mingw32/bin/../lib/gcc/i686-w64-mingw32/8.1.0/../../../../i686-w64-mingw32/lib/../lib\libmingw32.a(lib32_libmingw32_a-tlsmthread.o)
                0x6be6ee60                __mingwthr_remove_key_dtor
                0x6be6ee70                __mingwthr_key_dtor
 .text          0x6be6ee90        0x0 C:/GNU/MINGW64/i686-8.1.0-win32-dwarf-rt_v6-rev0/mingw32/bin/../lib/gcc/i686-w64-mingw32/8.1.0/crtend.o
 *(SORT_BY_NAME(.text$*))
 .text$_ZGTtNKSt13bad_exceptionD1Ev
                0x6be6ee90       0x10 C:/GNU/MINGW64/i686-8.1.0-win32-dwarf-rt_v6-rev0/mingw32/bin/../lib/gcc/i686-w64-mingw32/8.1.0\libstdc++.a(eh_exception.o)
                0x6be6ee90                transaction clone for std::bad_exception::~bad_exception() const
 .text$_ZGTtNKSt9exceptionD1Ev
                0x6be6eea0       0x10 C:/GNU/MINGW64/i686-8.1.0-win32-dwarf-rt_v6-rev0/mingw32/bin/../lib/gcc/i686-w64-mingw32/8.1.0\libstdc++.a(eh_exception.o)
                0x6be6eea0                transaction clone for std::exception::~exception() const
 .text$_ZL15get_ttype_entryP16lsda_header_infom
                0x6be6eeb0       0x80 C:/GNU/MINGW64/i686-8.1.0-win32-dwarf-rt_v6-rev0/mingw32/bin/../lib/gcc/i686-w64-mingw32/8.1.0\libstdc++.a(eh_personality.o)
 .text$_ZL16get_adjusted_ptrPKSt9type_infoS1_PPv
                0x6be6ef30       0x60 C:/GNU/MINGW64/i686-8.1.0-win32-dwarf-rt_v6-rev0/mingw32/bin/../lib/gcc/i686-w64-mingw32/8.1.0\libstdc++.a(eh_personality.o)
 .text$_ZL17parse_lsda_headerP15_Unwind_ContextPKhP16lsda_header_info
                0x6be6ef90       0xe0 C:/GNU/MINGW64/i686-8.1.0-win32-dwarf-rt_v6-rev0/mingw32/bin/../lib/gcc/i686-w64-mingw32/8.1.0\libstdc++.a(eh_personality.o)
 .text$_ZL20check_exception_specP16lsda_header_infoPKSt9type_infoPvl
                0x6be6f070       0x70 C:/GNU/MINGW64/i686-8.1.0-win32-dwarf-rt_v6-rev0/mingw32/bin/../lib/gcc/i686-w64-mingw32/8.1.0\libstdc++.a(eh_personality.o)
 .text$_ZL21base_of_encoded_valuehP15_Unwind_Context
                0x6be6f0e0       0x60 C:/GNU/MINGW64/i686-8.1.0-win32-dwarf-rt_v6-rev0/mingw32/bin/../lib/gcc/i686-w64-mingw32/8.1.0\libstdc++.a(eh_personality.o)
 .text$_ZL23__gxx_exception_cleanup19_Unwind_Reason_CodeP17_Unwind_Exception
                0x6be6f140       0x50 C:/GNU/MINGW64/i686-8.1.0-win32-dwarf-rt_v6-rev0/mingw32/bin/../lib/gcc/i686-w64-mingw32/8.1.0\libstdc++.a(eh_throw.o)
 .text$_ZL28read_encoded_value_with_basehjPKhPj
                0x6be6f190      0x140 C:/GNU/MINGW64/i686-8.1.0-win32-dwarf-rt_v6-rev0/mingw32/bin/../lib/gcc/i686-w64-mingw32/8.1.0\libstdc++.a(eh_personality.o)
 .text$_ZN10__cxxabiv111__terminateEPFvvE
                0x6be6f2d0       0x20 C:/GNU/MINGW64/i686-8.1.0-win32-dwarf-rt_v6-rev0/mingw32/bin/../lib/gcc/i686-w64-mingw32/8.1.0\libstdc++.a(eh_terminate.o)
                0x6be6f2d0                __cxxabiv1::__terminate(void (*)())
 .text$_ZN10__cxxabiv112__unexpectedEPFvvE
                0x6be6f2f0       0x10 C:/GNU/MINGW64/i686-8.1.0-win32-dwarf-rt_v6-rev0/mingw32/bin/../lib/gcc/i686-w64-mingw32/8.1.0\libstdc++.a(eh_terminate.o)
                0x6be6f2f0                __cxxabiv1::__unexpected(void (*)())
 .text$_ZN10__cxxabiv115__forced_unwindD0Ev
                0x6be6f300       0x20 C:/GNU/MINGW64/i686-8.1.0-win32-dwarf-rt_v6-rev0/mingw32/bin/../lib/gcc/i686-w64-mingw32/8.1.0\libstdc++.a(eh_exception.o)
                0x6be6f300                __cxxabiv1::__forced_unwind::~__forced_unwind()
 .text$_ZN10__cxxabiv115__forced_unwindD2Ev
                0x6be6f320       0x10 C:/GNU/MINGW64/i686-8.1.0-win32-dwarf-rt_v6-rev0/mingw32/bin/../lib/gcc/i686-w64-mingw32/8.1.0\libstdc++.a(eh_exception.o)
                0x6be6f320                __cxxabiv1::__forced_unwind::~__forced_unwind()
                0x6be6f320                __cxxabiv1::__forced_unwind::~__forced_unwind()
 .text$_ZN10__cxxabiv117__class_type_infoD0Ev
                0x6be6f330       0x30 C:/GNU/MINGW64/i686-8.1.0-win32-dwarf-rt_v6-rev0/mingw32/bin/../lib/gcc/i686-w64-mingw32/8.1.0\libstdc++.a(class_type_info.o)
                0x6be6f330                __cxxabiv1::__class_type_info::~__class_type_info()
 .text$_ZN10__cxxabiv117__class_type_infoD2Ev
                0x6be6f360       0x10 C:/GNU/MINGW64/i686-8.1.0-win32-dwarf-rt_v6-rev0/mingw32/bin/../lib/gcc/i686-w64-mingw32/8.1.0\libstdc++.a(class_type_info.o)
                0x6be6f360                __cxxabiv1::__class_type_info::~__class_type_info()
                0x6be6f360                __cxxabiv1::__class_type_info::~__class_type_info()
 .text$_ZN10__cxxabiv119__foreign_exceptionD0Ev
                0x6be6f370       0x20 C:/GNU/MINGW64/i686-8.1.0-win32-dwarf-rt_v6-rev0/mingw32/bin/../lib/gcc/i686-w64-mingw32/8.1.0\libstdc++.a(eh_exception.o)
                0x6be6f370                __cxxabiv1::__foreign_exception::~__foreign_exception()
 .text$_ZN10__cxxabiv119__foreign_exceptionD2Ev
                0x6be6f390       0x10 C:/GNU/MINGW64/i686-8.1.0-win32-dwarf-rt_v6-rev0/mingw32/bin/../lib/gcc/i686-w64-mingw32/8.1.0\libstdc++.a(eh_exception.o)
                0x6be6f390                __cxxabiv1::__foreign_exception::~__foreign_exception()
                0x6be6f390                __cxxabiv1::__foreign_exception::~__foreign_exception()
 .text$_ZN10__cxxabiv120__si_class_type_infoD0Ev
                0x6be6f3a0       0x30 C:/GNU/MINGW64/i686-8.1.0-win32-dwarf-rt_v6-rev0/mingw32/bin/../lib/gcc/i686-w64-mingw32/8.1.0\libstdc++.a(si_class_type_info.o)
                0x6be6f3a0                __cxxabiv1::__si_class_type_info::~__si_class_type_info()
 .text$_ZN10__cxxabiv120__si_class_type_infoD2Ev
                0x6be6f3d0       0x10 C:/GNU/MINGW64/i686-8.1.0-win32-dwarf-rt_v6-rev0/mingw32/bin/../lib/gcc/i686-w64-mingw32/8.1.0\libstdc++.a(si_class_type_info.o)
                0x6be6f3d0                __cxxabiv1::__si_class_type_info::~__si_class_type_info()
                0x6be6f3d0                __cxxabiv1::__si_class_type_info::~__si_class_type_info()
 .text$_ZN10__cxxabiv121__vmi_class_type_infoD0Ev
                0x6be6f3e0       0x30 C:/GNU/MINGW64/i686-8.1.0-win32-dwarf-rt_v6-rev0/mingw32/bin/../lib/gcc/i686-w64-mingw32/8.1.0\libstdc++.a(vmi_class_type_info.o)
                0x6be6f3e0                __cxxabiv1::__vmi_class_type_info::~__vmi_class_type_info()
 .text$_ZN10__cxxabiv121__vmi_class_type_infoD2Ev
                0x6be6f410       0x10 C:/GNU/MINGW64/i686-8.1.0-win32-dwarf-rt_v6-rev0/mingw32/bin/../lib/gcc/i686-w64-mingw32/8.1.0\libstdc++.a(vmi_class_type_info.o)
                0x6be6f410                __cxxabiv1::__vmi_class_type_info::~__vmi_class_type_info()
                0x6be6f410                __cxxabiv1::__vmi_class_type_info::~__vmi_class_type_info()
 .text$_ZN12_GLOBAL__N_14pool4freeEPv.constprop.2
                0x6be6f420      0x150 C:/GNU/MINGW64/i686-8.1.0-win32-dwarf-rt_v6-rev0/mingw32/bin/../lib/gcc/i686-w64-mingw32/8.1.0\libstdc++.a(eh_alloc.o)
 .text$_ZN12_GLOBAL__N_14pool8allocateEj.constprop.3
                0x6be6f570      0x120 C:/GNU/MINGW64/i686-8.1.0-win32-dwarf-rt_v6-rev0/mingw32/bin/../lib/gcc/i686-w64-mingw32/8.1.0\libstdc++.a(eh_alloc.o)
 .text$_ZN8Palmtree4Math4Core8Internal11ParserState22ParseAsHexNumberStringEv
                0x6be6f690       0x64 ../build/x86_Debug/pmc_parse.o
                0x6be6f690                Palmtree::Math::Core::Internal::ParserState::ParseAsHexNumberString()
 .text$_ZN8Palmtree4Math4Core8Internal11ParserState26ParseAsDecimalNumberStringEv
                0x6be6f6f4     0x17c8 ../build/x86_Debug/pmc_parse.o
                0x6be6f6f4                Palmtree::Math::Core::Internal::ParserState::ParseAsDecimalNumberString()
 .text$_ZN8Palmtree4Math4Core8Internal11ParserState32ParseAsIntegerPartNumberSequenceEv
                0x6be70ebc      0x158 ../build/x86_Debug/pmc_parse.o
                0x6be70ebc                Palmtree::Math::Core::Internal::ParserState::ParseAsIntegerPartNumberSequence()
 .text$_ZN8Palmtree4Math4Core8Internal11ParserState33ParseAsFractionPartNumberSequenceEv
                0x6be71014       0xa8 ../build/x86_Debug/pmc_parse.o
                0x6be71014                Palmtree::Math::Core::Internal::ParserState::ParseAsFractionPartNumberSequence()
 .text$_ZN8Palmtree4Math4Core8Internal11ParserStateC1EPKwjPKNS2_28__tag_PMC_NUMBER_FORMAT_INFOEPcPwjSA_j
                0x6be710bc      0x478 ../build/x86_Debug/pmc_parse.o
                0x6be710bc                Palmtree::Math::Core::Internal::ParserState::ParserState(wchar_t const*, unsigned int, Palmtree::Math::Core::Internal::__tag_PMC_NUMBER_FORMAT_INFO const*, char*, wchar_t*, unsigned int, wchar_t*, unsigned int)
 .text$_ZN8Palmtree4Math4Core8Internal11ParserStateD1Ev
                0x6be71534        0xc ../build/x86_Debug/pmc_parse.o
                0x6be71534                Palmtree::Math::Core::Internal::ParserState::~ParserState()
 .text$_ZN8Palmtree4Math4Core8Internal12StringReader10SkipStringEPKw
                0x6be71540       0x94 ../build/x86_Debug/pmc_parse.o
                0x6be71540                Palmtree::Math::Core::Internal::StringReader::SkipString(wchar_t const*)
 .text$_ZN8Palmtree4Math4Core8Internal12StringReader10StartsWithEPKw
                0x6be715d4       0x24 ../build/x86_Debug/pmc_parse.o
                0x6be715d4                Palmtree::Math::Core::Internal::StringReader::StartsWith(wchar_t const*)
 .text$_ZN8Palmtree4Math4Core8Internal12StringReader10StartsWithEPKwS5_
                0x6be715f8       0x38 ../build/x86_Debug/pmc_parse.o
                0x6be715f8                Palmtree::Math::Core::Internal::StringReader::StartsWith(wchar_t const*, wchar_t const*)
 .text$_ZN8Palmtree4Math4Core8Internal12StringReader8PeekCharEv
                0x6be71630       0x14 ../build/x86_Debug/pmc_parse.o
                0x6be71630                Palmtree::Math::Core::Internal::StringReader::PeekChar()
 .text$_ZN8Palmtree4Math4Core8Internal12StringReader8ProgressEv
                0x6be71644       0x6c ../build/x86_Debug/pmc_parse.o
                0x6be71644                Palmtree::Math::Core::Internal::StringReader::Progress()
 .text$_ZN8Palmtree4Math4Core8Internal12StringReader8ReadCharEv
                0x6be716b0       0x34 ../build/x86_Debug/pmc_tostring.o
                0x6be716b0                Palmtree::Math::Core::Internal::StringReader::ReadChar()
 .text$_ZN8Palmtree4Math4Core8Internal12StringReader8ReadCharEw
                0x6be716e4       0x4c ../build/x86_Debug/pmc_tostring.o
                0x6be716e4                Palmtree::Math::Core::Internal::StringReader::ReadChar(wchar_t)
 .text$_ZN8Palmtree4Math4Core8Internal12StringReader9SkipSpaceEv
                0x6be71730       0x40 ../build/x86_Debug/pmc_parse.o
                0x6be71730                Palmtree::Math::Core::Internal::StringReader::SkipSpace()
 .text$_ZN8Palmtree4Math4Core8Internal12StringReaderC1EPKw
                0x6be71770       0x24 ../build/x86_Debug/pmc_parse.o
                0x6be71770                Palmtree::Math::Core::Internal::StringReader::StringReader(wchar_t const*)
 .text$_ZN8Palmtree4Math4Core8Internal12StringReaderC2EPKw
                0x6be71794       0x24 ../build/x86_Debug/pmc_tostring.o
                0x6be71794                Palmtree::Math::Core::Internal::StringReader::StringReader(wchar_t const*)
 .text$_ZN8Palmtree4Math4Core8Internal12StringWriter5WriteEPKw
                0x6be717b8       0x3c ../build/x86_Debug/pmc_parse.o
                0x6be717b8                Palmtree::Math::Core::Internal::StringWriter::Write(wchar_t const*)
 .text$_ZN8Palmtree4Math4Core8Internal12StringWriter5WriteEw
                0x6be717f4       0xa0 ../build/x86_Debug/pmc_parse.o
                0x6be717f4                Palmtree::Math::Core::Internal::StringWriter::Write(wchar_t)
 .text$_ZN8Palmtree4Math4Core8Internal12StringWriter5WriteEwj
                0x6be71894       0x3c ../build/x86_Debug/pmc_tostring.o
                0x6be71894                Palmtree::Math::Core::Internal::StringWriter::Write(wchar_t, unsigned int)
 .text$_ZN8Palmtree4Math4Core8Internal12StringWriter9GetLengthEv
                0x6be718d0       0x14 ../build/x86_Debug/pmc_tostring.o
                0x6be718d0                Palmtree::Math::Core::Internal::StringWriter::GetLength()
 .text$_ZN8Palmtree4Math4Core8Internal12StringWriter9GetStringEv
                0x6be718e4       0x14 ../build/x86_Debug/pmc_parse.o
                0x6be718e4                Palmtree::Math::Core::Internal::StringWriter::GetString()
 .text$_ZN8Palmtree4Math4Core8Internal12StringWriterC1EPwS4_S4_
                0x6be718f8       0x40 ../build/x86_Debug/pmc_parse.o
                0x6be718f8                Palmtree::Math::Core::Internal::StringWriter::StringWriter(wchar_t*, wchar_t*, wchar_t*)
 .text$_ZN8Palmtree4Math4Core8Internal12StringWriterC1EPwj
                0x6be71938       0x44 ../build/x86_Debug/pmc_parse.o
                0x6be71938                Palmtree::Math::Core::Internal::StringWriter::StringWriter(wchar_t*, unsigned int)
 .text$_ZN8Palmtree4Math4Core8Internal12StringWriterC2EPwS4_S4_
                0x6be7197c       0x40 ../build/x86_Debug/pmc_tostring.o
                0x6be7197c                Palmtree::Math::Core::Internal::StringWriter::StringWriter(wchar_t*, wchar_t*, wchar_t*)
 .text$_ZN8Palmtree4Math4Core8Internal14ResourceHolder16__ChainBufferTag4LinkEPS4_
                0x6be719bc       0x3c ../build/x86_Debug/pmc_memory.o
                0x6be719bc                Palmtree::Math::Core::Internal::ResourceHolder::__ChainBufferTag::Link(Palmtree::Math::Core::Internal::ResourceHolder::__ChainBufferTag*)
 .text$_ZN8Palmtree4Math4Core8Internal14ResourceHolder16__ChainBufferTag4NextEv
                0x6be719f8       0x14 ../build/x86_Debug/pmc_memory.o
                0x6be719f8                Palmtree::Math::Core::Internal::ResourceHolder::__ChainBufferTag::Next()
 .text$_ZN8Palmtree4Math4Core8Internal14ResourceHolder16__ChainBufferTag5CheckEv
                0x6be71a0c        0xc ../build/x86_Debug/pmc_memory.o
                0x6be71a0c                Palmtree::Math::Core::Internal::ResourceHolder::__ChainBufferTag::Check()
 .text$_ZN8Palmtree4Math4Core8Internal14ResourceHolder16__ChainBufferTag5ClearEv
                0x6be71a18        0xc ../build/x86_Debug/pmc_memory.o
                0x6be71a18                Palmtree::Math::Core::Internal::ResourceHolder::__ChainBufferTag::Clear()
 .text$_ZN8Palmtree4Math4Core8Internal14ResourceHolder16__ChainBufferTag6UnlinkEv
                0x6be71a24       0x48 ../build/x86_Debug/pmc_memory.o
                0x6be71a24                Palmtree::Math::Core::Internal::ResourceHolder::__ChainBufferTag::Unlink()
 .text$_ZN8Palmtree4Math4Core8Internal14ResourceHolder16__ChainBufferTagC2Ev
                0x6be71a6c       0x28 ../build/x86_Debug/pmc_memory.o
                0x6be71a6c                Palmtree::Math::Core::Internal::ResourceHolder::__ChainBufferTag::__ChainBufferTag()
 .text$_ZN8Palmtree4Math4Core8Internal14ResourceHolder16__ChainBufferTagD2Ev
                0x6be71a94       0x20 ../build/x86_Debug/pmc_memory.o
                0x6be71a94                Palmtree::Math::Core::Internal::ResourceHolder::__ChainBufferTag::~__ChainBufferTag()
 .text$_ZN8Palmtree4Math4Core8Internal14ResourceHolder7FindTagEPv
                0x6be71ab4       0x68 ../build/x86_Debug/pmc_memory.o
                0x6be71ab4                Palmtree::Math::Core::Internal::ResourceHolder::FindTag(void*)
 .text$_ZN8Palmtree4Math4Core8Internal14ResourceHolder7LinkTagEPNS3_16__ChainBufferTagE
                0x6be71b1c       0x24 ../build/x86_Debug/pmc_memory.o
                0x6be71b1c                Palmtree::Math::Core::Internal::ResourceHolder::LinkTag(Palmtree::Math::Core::Internal::ResourceHolder::__ChainBufferTag*)
 .text$_ZN8Palmtree4Math4Core8Internal14ResourceHolder9__RootTag19EqualsBufferAddressEPv
                0x6be71b40       0x4c ../build/x86_Debug/pmc_memory.o
                0x6be71b40                Palmtree::Math::Core::Internal::ResourceHolder::__RootTag::EqualsBufferAddress(void*)
 .text$_ZN8Palmtree4Math4Core8Internal14ResourceHolder9__RootTag8DestructEv
                0x6be71b8c        0xc ../build/x86_Debug/pmc_memory.o
                0x6be71b8c                Palmtree::Math::Core::Internal::ResourceHolder::__RootTag::Destruct()
 .text$_ZN8Palmtree4Math4Core8Internal14ResourceHolder9__RootTagC1Ev
                0x6be71b98       0x20 ../build/x86_Debug/pmc_memory.o
                0x6be71b98                Palmtree::Math::Core::Internal::ResourceHolder::__RootTag::__RootTag()
 .text$_ZN8Palmtree4Math4Core8Internal14ResourceHolder9__RootTagD0Ev
                0x6be71bb8       0x28 ../build/x86_Debug/pmc_memory.o
                0x6be71bb8                Palmtree::Math::Core::Internal::ResourceHolder::__RootTag::~__RootTag()
 .text$_ZN8Palmtree4Math4Core8Internal14ResourceHolder9__RootTagD1Ev
                0x6be71be0       0x20 ../build/x86_Debug/pmc_memory.o
                0x6be71be0                Palmtree::Math::Core::Internal::ResourceHolder::__RootTag::~__RootTag()
 .text$_ZN8Palmtree4Math4Core8Internal14ResourceHolderC2Ev
                0x6be71c00       0x24 ../build/x86_Debug/pmc_memory.o
                0x6be71c00                Palmtree::Math::Core::Internal::ResourceHolder::ResourceHolder()
 .text$_ZN8Palmtree4Math4Core8Internal14ResourceHolderD0Ev
                0x6be71c24       0x28 ../build/x86_Debug/pmc_memory.o
                0x6be71c24                Palmtree::Math::Core::Internal::ResourceHolder::~ResourceHolder()
 .text$_ZN8Palmtree4Math4Core8Internal14ResourceHolderD1Ev
                0x6be71c4c       0x9c ../build/x86_Debug/pmc_memory.o
                0x6be71c4c                Palmtree::Math::Core::Internal::ResourceHolder::~ResourceHolder()
 .text$_ZN8Palmtree4Math4Core8Internal14ResourceHolderD2Ev
                0x6be71ce8       0x9c ../build/x86_Debug/pmc_memory.o
                0x6be71ce8                Palmtree::Math::Core::Internal::ResourceHolder::~ResourceHolder()
 .text$_ZN8Palmtree4Math4Core8Internal15FormatExceptionC1EPKw
                0x6be71d84       0x34 ../build/x86_Debug/pmc_bytes.o
                0x6be71d84                Palmtree::Math::Core::Internal::FormatException::FormatException(wchar_t const*)
 .text$_ZN8Palmtree4Math4Core8Internal15FormatExceptionD0Ev
                0x6be71db8       0x28 ../build/x86_Debug/pmc_bytes.o
                0x6be71db8                Palmtree::Math::Core::Internal::FormatException::~FormatException()
 .text$_ZN8Palmtree4Math4Core8Internal15FormatExceptionD1Ev
                0x6be71de0       0x20 ../build/x86_Debug/pmc_bytes.o
                0x6be71de0                Palmtree::Math::Core::Internal::FormatException::~FormatException()
 .text$_ZN8Palmtree4Math4Core8Internal16DecimalFromatter14FormatterTypeC11WritePrefixEcPNS2_12StringWriterE
                0x6be71e00      0x3a4 ../build/x86_Debug/pmc_tostring.o
                0x6be71e00                Palmtree::Math::Core::Internal::DecimalFromatter::FormatterTypeC::WritePrefix(char, Palmtree::Math::Core::Internal::StringWriter*)
 .text$_ZN8Palmtree4Math4Core8Internal16DecimalFromatter14FormatterTypeC11WriteSuffixEcPNS2_12StringWriterE
                0x6be721a4      0x3a4 ../build/x86_Debug/pmc_tostring.o
                0x6be721a4                Palmtree::Math::Core::Internal::DecimalFromatter::FormatterTypeC::WriteSuffix(char, Palmtree::Math::Core::Internal::StringWriter*)
 .text$_ZN8Palmtree4Math4Core8Internal16DecimalFromatter14FormatterTypeC14WriteZeroValueEPNS2_12StringWriterE
                0x6be72548       0x68 ../build/x86_Debug/pmc_tostring.o
                0x6be72548                Palmtree::Math::Core::Internal::DecimalFromatter::FormatterTypeC::WriteZeroValue(Palmtree::Math::Core::Internal::StringWriter*)
 .text$_ZN8Palmtree4Math4Core8Internal16DecimalFromatter14FormatterTypeC20FormatNumberSequenceEPKwPNS2_12StringWriterE
                0x6be725b0      0x174 ../build/x86_Debug/pmc_tostring.o
                0x6be725b0                Palmtree::Math::Core::Internal::DecimalFromatter::FormatterTypeC::FormatNumberSequence(wchar_t const*, Palmtree::Math::Core::Internal::StringWriter*)
 .text$_ZN8Palmtree4Math4Core8Internal16DecimalFromatter14FormatterTypeC24GetDefaultPrecisionValueEv
                0x6be72724       0x14 ../build/x86_Debug/pmc_tostring.o
                0x6be72724                Palmtree::Math::Core::Internal::DecimalFromatter::FormatterTypeC::GetDefaultPrecisionValue()
 .text$_ZN8Palmtree4Math4Core8Internal16DecimalFromatter14FormatterTypeCC1EiPKNS2_28__tag_PMC_NUMBER_FORMAT_INFOE
                0x6be72738       0x3c ../build/x86_Debug/pmc_tostring.o
                0x6be72738                Palmtree::Math::Core::Internal::DecimalFromatter::FormatterTypeC::FormatterTypeC(int, Palmtree::Math::Core::Internal::__tag_PMC_NUMBER_FORMAT_INFO const*)
 .text$_ZN8Palmtree4Math4Core8Internal16DecimalFromatter14FormatterTypeD11WritePrefixEcPNS2_12StringWriterE
                0x6be72774       0x40 ../build/x86_Debug/pmc_tostring.o
                0x6be72774                Palmtree::Math::Core::Internal::DecimalFromatter::FormatterTypeD::WritePrefix(char, Palmtree::Math::Core::Internal::StringWriter*)
 .text$_ZN8Palmtree4Math4Core8Internal16DecimalFromatter14FormatterTypeD11WriteSuffixEcPNS2_12StringWriterE
                0x6be727b4       0x14 ../build/x86_Debug/pmc_tostring.o
                0x6be727b4                Palmtree::Math::Core::Internal::DecimalFromatter::FormatterTypeD::WriteSuffix(char, Palmtree::Math::Core::Internal::StringWriter*)
 .text$_ZN8Palmtree4Math4Core8Internal16DecimalFromatter14FormatterTypeD14WriteZeroValueEPNS2_12StringWriterE
                0x6be727c8       0x34 ../build/x86_Debug/pmc_tostring.o
                0x6be727c8                Palmtree::Math::Core::Internal::DecimalFromatter::FormatterTypeD::WriteZeroValue(Palmtree::Math::Core::Internal::StringWriter*)
 .text$_ZN8Palmtree4Math4Core8Internal16DecimalFromatter14FormatterTypeD20FormatNumberSequenceEPKwPNS2_12StringWriterE
                0x6be727fc       0x84 ../build/x86_Debug/pmc_tostring.o
                0x6be727fc                Palmtree::Math::Core::Internal::DecimalFromatter::FormatterTypeD::FormatNumberSequence(wchar_t const*, Palmtree::Math::Core::Internal::StringWriter*)
 .text$_ZN8Palmtree4Math4Core8Internal16DecimalFromatter14FormatterTypeD24GetDefaultPrecisionValueEv
                0x6be72880       0x10 ../build/x86_Debug/pmc_tostring.o
                0x6be72880                Palmtree::Math::Core::Internal::DecimalFromatter::FormatterTypeD::GetDefaultPrecisionValue()
 .text$_ZN8Palmtree4Math4Core8Internal16DecimalFromatter14FormatterTypeDC1EiPKNS2_28__tag_PMC_NUMBER_FORMAT_INFOE
                0x6be72890       0x3c ../build/x86_Debug/pmc_tostring.o
                0x6be72890                Palmtree::Math::Core::Internal::DecimalFromatter::FormatterTypeD::FormatterTypeD(int, Palmtree::Math::Core::Internal::__tag_PMC_NUMBER_FORMAT_INFO const*)
 .text$_ZN8Palmtree4Math4Core8Internal16DecimalFromatter14FormatterTypeE11WritePrefixEcPNS2_12StringWriterE
                0x6be728cc       0x40 ../build/x86_Debug/pmc_tostring.o
                0x6be728cc                Palmtree::Math::Core::Internal::DecimalFromatter::FormatterTypeE::WritePrefix(char, Palmtree::Math::Core::Internal::StringWriter*)
 .text$_ZN8Palmtree4Math4Core8Internal16DecimalFromatter14FormatterTypeE11WriteSuffixEcPNS2_12StringWriterE
                0x6be7290c       0x14 ../build/x86_Debug/pmc_tostring.o
                0x6be7290c                Palmtree::Math::Core::Internal::DecimalFromatter::FormatterTypeE::WriteSuffix(char, Palmtree::Math::Core::Internal::StringWriter*)
 .text$_ZN8Palmtree4Math4Core8Internal16DecimalFromatter14FormatterTypeE14WriteZeroValueEPNS2_12StringWriterE
                0x6be72920       0xa0 ../build/x86_Debug/pmc_tostring.o
                0x6be72920                Palmtree::Math::Core::Internal::DecimalFromatter::FormatterTypeE::WriteZeroValue(Palmtree::Math::Core::Internal::StringWriter*)
 .text$_ZN8Palmtree4Math4Core8Internal16DecimalFromatter14FormatterTypeE16FormatInternallyEPNS2_19__tag_NUMBER_HEADEREPNS2_12StringWriterE
                0x6be729c0       0xfc ../build/x86_Debug/pmc_tostring.o
                0x6be729c0                Palmtree::Math::Core::Internal::DecimalFromatter::FormatterTypeE::FormatInternally(Palmtree::Math::Core::Internal::__tag_NUMBER_HEADER*, Palmtree::Math::Core::Internal::StringWriter*)
 .text$_ZN8Palmtree4Math4Core8Internal16DecimalFromatter14FormatterTypeE20FormatNumberSequenceEPKwPNS2_12StringWriterE
                0x6be72abc      0x148 ../build/x86_Debug/pmc_tostring.o
                0x6be72abc                Palmtree::Math::Core::Internal::DecimalFromatter::FormatterTypeE::FormatNumberSequence(wchar_t const*, Palmtree::Math::Core::Internal::StringWriter*)
 .text$_ZN8Palmtree4Math4Core8Internal16DecimalFromatter14FormatterTypeE24GetDefaultPrecisionValueEv
                0x6be72c04       0x10 ../build/x86_Debug/pmc_tostring.o
                0x6be72c04                Palmtree::Math::Core::Internal::DecimalFromatter::FormatterTypeE::GetDefaultPrecisionValue()
 .text$_ZN8Palmtree4Math4Core8Internal16DecimalFromatter14FormatterTypeEC1EwiPKNS2_28__tag_PMC_NUMBER_FORMAT_INFOE
                0x6be72c14       0x44 ../build/x86_Debug/pmc_tostring.o
                0x6be72c14                Palmtree::Math::Core::Internal::DecimalFromatter::FormatterTypeE::FormatterTypeE(wchar_t, int, Palmtree::Math::Core::Internal::__tag_PMC_NUMBER_FORMAT_INFO const*)
 .text$_ZN8Palmtree4Math4Core8Internal16DecimalFromatter14FormatterTypeF11WritePrefixEcPNS2_12StringWriterE
                0x6be72c58       0x40 ../build/x86_Debug/pmc_tostring.o
                0x6be72c58                Palmtree::Math::Core::Internal::DecimalFromatter::FormatterTypeF::WritePrefix(char, Palmtree::Math::Core::Internal::StringWriter*)
 .text$_ZN8Palmtree4Math4Core8Internal16DecimalFromatter14FormatterTypeF11WriteSuffixEcPNS2_12StringWriterE
                0x6be72c98       0x14 ../build/x86_Debug/pmc_tostring.o
                0x6be72c98                Palmtree::Math::Core::Internal::DecimalFromatter::FormatterTypeF::WriteSuffix(char, Palmtree::Math::Core::Internal::StringWriter*)
 .text$_ZN8Palmtree4Math4Core8Internal16DecimalFromatter14FormatterTypeF14WriteZeroValueEPNS2_12StringWriterE
                0x6be72cac       0x68 ../build/x86_Debug/pmc_tostring.o
                0x6be72cac                Palmtree::Math::Core::Internal::DecimalFromatter::FormatterTypeF::WriteZeroValue(Palmtree::Math::Core::Internal::StringWriter*)