Archive member included to satisfy reference by file (symbol)

C:/GNU/MINGW64/i686-8.1.0-win32-dwarf-rt_v6-rev0/mingw32/bin/../lib/gcc/i686-w64-mingw32/8.1.0/../../../../i686-w64-mingw32/lib/../lib/libkernel32.a(dgzcs01342.o)
                              ../build/x86_Debug/pmc_parse.o (_imp__lstrlenW@4)
C:/GNU/MINGW64/i686-8.1.0-win32-dwarf-rt_v6-rev0/mingw32/bin/../lib/gcc/i686-w64-mingw32/8.1.0/../../../../i686-w64-mingw32/lib/../lib/libkernel32.a(dgzcs01336.o)
                              ../build/x86_Debug/pmc_parse.o (_imp__lstrcpyW@8)
C:/GNU/MINGW64/i686-8.1.0-win32-dwarf-rt_v6-rev0/mingw32/bin/../lib/gcc/i686-w64-mingw32/8.1.0/../../../../i686-w64-mingw32/lib/../lib/libkernel32.a(dgzcs01335.o)
                              ../build/x86_Debug/pmc_parse.o (_imp__lstrcpyA@8)
C:/GNU/MINGW64/i686-8.1.0-win32-dwarf-rt_v6-rev0/mingw32/bin/../lib/gcc/i686-w64-mingw32/8.1.0/../../../../i686-w64-mingw32/lib/../lib/libkernel32.a(dgzcs01330.o)
                              ../build/x86_Debug/TEST_op_ToStringD.o (_imp__lstrcmpW@8)
C:/GNU/MINGW64/i686-8.1.0-win32-dwarf-rt_v6-rev0/mingw32/bin/../lib/gcc/i686-w64-mingw32/8.1.0/../../../../i686-w64-mingw32/lib/../lib/libkernel32.a(dgzcs00729.o)
                              ../build/x86_Debug/memory.o (_imp__HeapFree@12)
C:/GNU/MINGW64/i686-8.1.0-win32-dwarf-rt_v6-rev0/mingw32/bin/../lib/gcc/i686-w64-mingw32/8.1.0/../../../../i686-w64-mingw32/lib/../lib/libkernel32.a(dgzcs00727.o)
                              ../build/x86_Debug/memory.o (_imp__HeapDestroy@4)
C:/GNU/MINGW64/i686-8.1.0-win32-dwarf-rt_v6-rev0/mingw32/bin/../lib/gcc/i686-w64-mingw32/8.1.0/../../../../i686-w64-mingw32/lib/../lib/libkernel32.a(dgzcs00725.o)
                              ../build/x86_Debug/memory.o (_imp__HeapCreate@12)
C:/GNU/MINGW64/i686-8.1.0-win32-dwarf-rt_v6-rev0/mingw32/bin/../lib/gcc/i686-w64-mingw32/8.1.0/../../../../i686-w64-mingw32/lib/../lib/libkernel32.a(dgzcs00723.o)
                              ../build/x86_Debug/memory.o (_imp__HeapAlloc@12)
C:/GNU/MINGW64/i686-8.1.0-win32-dwarf-rt_v6-rev0/mingw32/bin/../lib/gcc/i686-w64-mingw32/8.1.0/../../../../i686-w64-mingw32/lib/../lib/libkernel32.a(dgzcs00666.o)
                              ../build/x86_Debug/memory.o (_imp__GetTickCount@0)
C:/GNU/MINGW64/i686-8.1.0-win32-dwarf-rt_v6-rev0/mingw32/bin/../lib/gcc/i686-w64-mingw32/8.1.0/../../../../i686-w64-mingw32/lib/../lib/libkernel32.a(dgzch.o)
                              C:/GNU/MINGW64/i686-8.1.0-win32-dwarf-rt_v6-rev0/mingw32/bin/../lib/gcc/i686-w64-mingw32/8.1.0/../../../../i686-w64-mingw32/lib/../lib/libkernel32.a(dgzcs01342.o) (_head_lib32_libkernel32_a)
C:/GNU/MINGW64/i686-8.1.0-win32-dwarf-rt_v6-rev0/mingw32/bin/../lib/gcc/i686-w64-mingw32/8.1.0/../../../../i686-w64-mingw32/lib/../lib/libkernel32.a(dgzct.o)
                              C:/GNU/MINGW64/i686-8.1.0-win32-dwarf-rt_v6-rev0/mingw32/bin/../lib/gcc/i686-w64-mingw32/8.1.0/../../../../i686-w64-mingw32/lib/../lib/libkernel32.a(dgzch.o) (_lib32_libkernel32_a_iname)
C:/GNU/MINGW64/i686-8.1.0-win32-dwarf-rt_v6-rev0/mingw32/bin/../lib/gcc/i686-w64-mingw32/8.1.0/../../../../i686-w64-mingw32/lib/../lib/libuser32.a(dmces00912.o)
                              ../build/x86_Debug/debug.o (_imp__wsprintfW)
C:/GNU/MINGW64/i686-8.1.0-win32-dwarf-rt_v6-rev0/mingw32/bin/../lib/gcc/i686-w64-mingw32/8.1.0/../../../../i686-w64-mingw32/lib/../lib/libuser32.a(dmceh.o)
                              C:/GNU/MINGW64/i686-8.1.0-win32-dwarf-rt_v6-rev0/mingw32/bin/../lib/gcc/i686-w64-mingw32/8.1.0/../../../../i686-w64-mingw32/lib/../lib/libuser32.a(dmces00912.o) (_head_lib32_libuser32_a)
C:/GNU/MINGW64/i686-8.1.0-win32-dwarf-rt_v6-rev0/mingw32/bin/../lib/gcc/i686-w64-mingw32/8.1.0/../../../../i686-w64-mingw32/lib/../lib/libuser32.a(dmcet.o)
                              C:/GNU/MINGW64/i686-8.1.0-win32-dwarf-rt_v6-rev0/mingw32/bin/../lib/gcc/i686-w64-mingw32/8.1.0/../../../../i686-w64-mingw32/lib/../lib/libuser32.a(dmceh.o) (_lib32_libuser32_a_iname)

Allocating common symbols
Common symbol       size              file

number_zero         0x24              ../build/x86_Debug/memory.o
number_one          0x24              ../build/x86_Debug/memory.o
statistics_info     0x10              ../build/x86_Debug/pmc_statistics.o
hLocalHeap          0x4               ../build/x86_Debug/memory.o
configuration_info  0x4               ../build/x86_Debug/pmc_initialize.o

Discarded input sections

 .drectve       0x00000000       0x14 ../build/x86_Debug/debug.o
 .drectve       0x00000000       0x54 ../build/x86_Debug/memory.o
 .drectve       0x00000000       0x24 ../build/x86_Debug/pmc_initialize.o
 .drectve       0x00000000       0x20 ../build/x86_Debug/pmc_statistics.o
 .text          0x00000000        0x8 C:/GNU/MINGW64/i686-8.1.0-win32-dwarf-rt_v6-rev0/mingw32/bin/../lib/gcc/i686-w64-mingw32/8.1.0/../../../../i686-w64-mingw32/lib/../lib/libkernel32.a(dgzcs01342.o)
 .text          0x00000000        0x8 C:/GNU/MINGW64/i686-8.1.0-win32-dwarf-rt_v6-rev0/mingw32/bin/../lib/gcc/i686-w64-mingw32/8.1.0/../../../../i686-w64-mingw32/lib/../lib/libkernel32.a(dgzcs01336.o)
 .text          0x00000000        0x8 C:/GNU/MINGW64/i686-8.1.0-win32-dwarf-rt_v6-rev0/mingw32/bin/../lib/gcc/i686-w64-mingw32/8.1.0/../../../../i686-w64-mingw32/lib/../lib/libkernel32.a(dgzcs01335.o)
 .text          0x00000000        0x8 C:/GNU/MINGW64/i686-8.1.0-win32-dwarf-rt_v6-rev0/mingw32/bin/../lib/gcc/i686-w64-mingw32/8.1.0/../../../../i686-w64-mingw32/lib/../lib/libkernel32.a(dgzcs01330.o)
 .text          0x00000000        0x8 C:/GNU/MINGW64/i686-8.1.0-win32-dwarf-rt_v6-rev0/mingw32/bin/../lib/gcc/i686-w64-mingw32/8.1.0/../../../../i686-w64-mingw32/lib/../lib/libkernel32.a(dgzcs00729.o)
 .text          0x00000000        0x8 C:/GNU/MINGW64/i686-8.1.0-win32-dwarf-rt_v6-rev0/mingw32/bin/../lib/gcc/i686-w64-mingw32/8.1.0/../../../../i686-w64-mingw32/lib/../lib/libkernel32.a(dgzcs00727.o)
 .text          0x00000000        0x8 C:/GNU/MINGW64/i686-8.1.0-win32-dwarf-rt_v6-rev0/mingw32/bin/../lib/gcc/i686-w64-mingw32/8.1.0/../../../../i686-w64-mingw32/lib/../lib/libkernel32.a(dgzcs00725.o)
 .text          0x00000000        0x8 C:/GNU/MINGW64/i686-8.1.0-win32-dwarf-rt_v6-rev0/mingw32/bin/../lib/gcc/i686-w64-mingw32/8.1.0/../../../../i686-w64-mingw32/lib/../lib/libkernel32.a(dgzcs00723.o)
 .text          0x00000000        0x8 C:/GNU/MINGW64/i686-8.1.0-win32-dwarf-rt_v6-rev0/mingw32/bin/../lib/gcc/i686-w64-mingw32/8.1.0/../../../../i686-w64-mingw32/lib/../lib/libkernel32.a(dgzcs00666.o)
 .text          0x00000000        0x8 C:/GNU/MINGW64/i686-8.1.0-win32-dwarf-rt_v6-rev0/mingw32/bin/../lib/gcc/i686-w64-mingw32/8.1.0/../../../../i686-w64-mingw32/lib/../lib/libuser32.a(dmces00912.o)

Memory Configuration

Name             Origin             Length             Attributes
*default*        0x00000000         0xffffffff

Linker script and memory map

                0x6c640000                __image_base__ = 0x6c640000
                0x00000000                __dll__ = 0x0
                0x6c640000                ___ImageBase = 0x6c640000
                0x00001000                __section_alignment__ = 0x1000
                0x00000200                __file_alignment__ = 0x200
                0x00000004                __major_os_version__ = 0x4
                0x00000000                __minor_os_version__ = 0x0
                0x00000001                __major_image_version__ = 0x1
                0x00000000                __minor_image_version__ = 0x0
                0x00000004                __major_subsystem_version__ = 0x4
                0x00000000                __minor_subsystem_version__ = 0x0
                0x00000002                __subsystem__ = 0x2
                0x00200000                __size_of_stack_reserve__ = 0x200000
                0x00001000                __size_of_stack_commit__ = 0x1000
                0x00100000                __size_of_heap_reserve__ = 0x100000
                0x00001000                __size_of_heap_commit__ = 0x1000
                0x00000000                __loader_flags__ = 0x0
                0x00000000                __dll_characteristics__ = 0x0
LOAD ../build/x86_Debug/cpuid.o
LOAD ../build/x86_Debug/debug.o
LOAD ../build/x86_Debug/dllmain.o
LOAD ../build/x86_Debug/INTERNALTEST_op_DivRem.o
LOAD ../build/x86_Debug/INTERNALTEST_op_Multiply.o
LOAD ../build/x86_Debug/memory.o
LOAD ../build/x86_Debug/pmc_add.o
LOAD ../build/x86_Debug/pmc_bitwiseand.o
LOAD ../build/x86_Debug/pmc_bitwiseor.o
LOAD ../build/x86_Debug/pmc_bytes.o
LOAD ../build/x86_Debug/pmc_clone.o
LOAD ../build/x86_Debug/pmc_compare.o
LOAD ../build/x86_Debug/pmc_divrem.o
LOAD ../build/x86_Debug/pmc_equals.o
LOAD ../build/x86_Debug/pmc_exclusiveor.o
LOAD ../build/x86_Debug/pmc_from.o
LOAD ../build/x86_Debug/pmc_getpropertyvalue.o
LOAD ../build/x86_Debug/pmc_greatestcommondivisor.o
LOAD ../build/x86_Debug/pmc_initialize.o
LOAD ../build/x86_Debug/pmc_modpow.o
LOAD ../build/x86_Debug/pmc_multiply.o
LOAD ../build/x86_Debug/pmc_parse.o
LOAD ../build/x86_Debug/pmc_pow.o
LOAD ../build/x86_Debug/pmc_shift.o
LOAD ../build/x86_Debug/pmc_statistics.o
LOAD ../build/x86_Debug/pmc_subtruct.o
LOAD ../build/x86_Debug/pmc_to.o
LOAD ../build/x86_Debug/pmc_tostring.o
LOAD ../build/x86_Debug/TEST_autogenerated.o
LOAD ../build/x86_Debug/TEST_op_Add.o
LOAD ../build/x86_Debug/TEST_op_BitwiseAnd.o
LOAD ../build/x86_Debug/TEST_op_BitwiseOr.o
LOAD ../build/x86_Debug/TEST_op_Clone.o
LOAD ../build/x86_Debug/TEST_op_Compare.o
LOAD ../build/x86_Debug/TEST_op_DivRem.o
LOAD ../build/x86_Debug/TEST_op_Equals.o
LOAD ../build/x86_Debug/TEST_op_ExclusiveOr.o
LOAD ../build/x86_Debug/TEST_op_From_To.o
LOAD ../build/x86_Debug/TEST_op_GetPropertyValue.o
LOAD ../build/x86_Debug/TEST_op_GreatestCommonDivisor.o
LOAD ../build/x86_Debug/TEST_op_ModPow.o
LOAD ../build/x86_Debug/TEST_op_Multiply.o
LOAD ../build/x86_Debug/TEST_op_ParseDN.o
LOAD ../build/x86_Debug/TEST_op_ParseX.o
LOAD ../build/x86_Debug/TEST_op_Pow.o
LOAD ../build/x86_Debug/TEST_op_Shift.o
LOAD ../build/x86_Debug/TEST_op_Subtruct.o
LOAD ../build/x86_Debug/TEST_op_ToStringD.o
LOAD ../build/x86_Debug/TEST_op_ToStringN.o
LOAD ../build/x86_Debug/TEST_op_ToStringX.o
LOAD ../build/x86_Debug/version.o
LOAD C:/GNU/MINGW64/i686-8.1.0-win32-dwarf-rt_v6-rev0/mingw32/bin/../lib/gcc/i686-w64-mingw32/8.1.0/../../../../i686-w64-mingw32/lib/../lib/libkernel32.a
LOAD C:/GNU/MINGW64/i686-8.1.0-win32-dwarf-rt_v6-rev0/mingw32/bin/../lib/gcc/i686-w64-mingw32/8.1.0/../../../../i686-w64-mingw32/lib/../lib/libuser32.a
                0x000003d0                . = SIZEOF_HEADERS
                0x00001000                . = ALIGN (__section_alignment__)

.text           0x6c641000   0x40a600
 *(.init)
 *(.text)
 .text          0x6c641000      0x2e4 ../build/x86_Debug/cpuid.o
                0x6c641123                GetCPUInfo
 .text          0x6c6412e4      0x338 ../build/x86_Debug/debug.o
                0x6c6413d2                DoDebug@4
                0x6c6414cc                TEST_Assert
                0x6c641528                FormatTestLabel
                0x6c641558                FormatTestMesssage
                0x6c641581                DumpBinary_UNIT
 .text          0x6c64161c       0x58 ../build/x86_Debug/dllmain.o
                0x6c64161c                DllMain@12
 .text          0x6c641674      0x4dc ../build/x86_Debug/INTERNALTEST_op_DivRem.o
                0x6c6416fc                INTERNALTEST_DivRem_X_X
 .text          0x6c641b50      0x304 ../build/x86_Debug/INTERNALTEST_op_Multiply.o
                0x6c641bf0                INTERNALTEST_Multiply_X_X_Imp
 .text          0x6c641e54     0x147c ../build/x86_Debug/memory.o
                0x6c642823                AllocateBlock
                0x6c642912                DeallocateBlock
                0x6c642a20                CheckBlockLight
                0x6c642c5e                AttatchNumber
                0x6c642ca0                AllocateNumber
                0x6c642d1b                DetatchNumber
                0x6c642d45                DeallocateNumber
                0x6c642e58                CommitNumber
                0x6c643026                CheckNumber
                0x6c6430aa                DuplicateNumber
                0x6c64316a                PMC_Dispose@4
                0x6c64319d                Initialize_Memory
                0x6c64325e                AllocateHeapArea
                0x6c6432a1                DeallocateHeapArea
 .text          0x6c6432d0     0x16e4 ../build/x86_Debug/pmc_add.o
                0x6c644285                PMC_Add_I_X@12
                0x6c644309                PMC_Add_X_I@12
                0x6c644644                PMC_Add_L_X@16
                0x6c6446db                PMC_Add_X_L@16
                0x6c644772                PMC_Add_X_X@12
                0x6c64498a                Initialize_Add
 .text          0x6c6449b4      0xc70 ../build/x86_Debug/pmc_bitwiseand.o
                0x6c645120                PMC_BitwiseAnd_I_X@12
                0x6c6451a4                PMC_BitwiseAnd_X_I@12
                0x6c645228                PMC_BitwiseAnd_L_X@16
                0x6c645342                PMC_BitwiseAnd_X_L@16
                0x6c64545c                PMC_BitwiseAnd_X_X@12
                0x6c64561d                Initialize_BitwiseAnd
 .text          0x6c645624     0x105c ../build/x86_Debug/pmc_bitwiseor.o
                0x6c645ff6                PMC_BitwiseOr_I_X@12
                0x6c64607a                PMC_BitwiseOr_X_I@12
                0x6c64635b                PMC_BitwiseOr_L_X@16
                0x6c6463f2                PMC_BitwiseOr_X_L@16
                0x6c646489                PMC_BitwiseOr_X_X@12
                0x6c646677                Initialize_BitwiseOr
 .text          0x6c646680      0x284 ../build/x86_Debug/pmc_bytes.o
                0x6c646765                PMC_FromByteArray@12
                0x6c64683e                PMC_ToByteArray@16
 .text          0x6c646904       0xac ../build/x86_Debug/pmc_clone.o
                0x6c646904                PMC_Clone_X@8
                0x6c6469a9                Initialize_Clone
 .text          0x6c6469b0      0x65c ../build/x86_Debug/pmc_compare.o
                0x6c646a05                Compare_Imp
                0x6c646b28                PMC_Compare_I_X@12
                0x6c646b8f                PMC_Compare_X_I@12
                0x6c646de8                PMC_Compare_L_X@16
                0x6c646e62                PMC_Compare_X_L@16
                0x6c646ed8                PMC_Compare_X_X@12
                0x6c647004                Initialize_Compare
 .text          0x6c64700c     0x4e8c ../build/x86_Debug/pmc_divrem.o
                0x6c647a60                DivRem_X_X
                0x6c647b65                DivRem_X_1W
                0x6c64ae68                PMC_DivRem_I_X@16
                0x6c64af94                PMC_DivRem_X_I@16
                0x6c64b190                PMC_DivRem_L_X@20
                0x6c64b4e2                PMC_DivRem_X_L@20
                0x6c64b969                PMC_DivRem_X_X@16
                0x6c64be62                Initialize_DivRem
 .text          0x6c64be98      0x554 ../build/x86_Debug/pmc_equals.o
                0x6c64beed                Equals_X_X
                0x6c64bfb1                PMC_Equals_I_X@12
                0x6c64c01a                PMC_Equals_X_I@12
                0x6c64c1db                PMC_Equals_L_X@16
                0x6c64c257                PMC_Equals_X_L@16
                0x6c64c2d3                PMC_Equals_X_X@12
                0x6c64c3e3                Initialize_Equals
 .text          0x6c64c3ec     0x10e4 ../build/x86_Debug/pmc_exclusiveor.o
                0x6c64cde7                PMC_ExclusiveOr_I_X@12
                0x6c64ce71                PMC_ExclusiveOr_X_I@12
                0x6c64d181                PMC_ExclusiveOr_L_X@16
                0x6c64d21e                PMC_ExclusiveOr_X_L@16
                0x6c64d2bb                PMC_ExclusiveOr_X_X@12
                0x6c64d4c9                Initialize_ExclusiveOr
 .text          0x6c64d4d0      0x288 ../build/x86_Debug/pmc_from.o
                0x6c64d525                From_I_Imp
                0x6c64d585                From_L_Imp
                0x6c64d669                PMC_From_I@8
                0x6c64d6cc                PMC_From_L@12
                0x6c64d752                Initialize_From
 .text          0x6c64d758       0xe8 ../build/x86_Debug/pmc_getpropertyvalue.o
                0x6c64d758                PMC_GetPropertyValue_X_I@12
                0x6c64d83a                Initialize_GetPropertyValue
 .text          0x6c64d840     0x1274 ../build/x86_Debug/pmc_greatestcommondivisor.o
                0x6c64dd9b                PMC_GreatestCommonDivisor_I_X@12
                0x6c64de1f                PMC_GreatestCommonDivisor_X_I@12
                0x6c64e569                PMC_GreatestCommonDivisor_L_X@16
                0x6c64e600                PMC_GreatestCommonDivisor_X_L@16
                0x6c64e697                PMC_GreatestCommonDivisor_X_X@12
                0x6c64eaae                Initialize_GreatestCommonDivisor
 .text          0x6c64eab4      0x56c ../build/x86_Debug/pmc_initialize.o
                0x6c64eab4                PMC_Initialize@4
 .text          0x6c64f020     0x110c ../build/x86_Debug/pmc_modpow.o
                0x6c65003e                PMC_ModPow_X_X_X@16
                0x6c650124                Initialize_ModPow
 .text          0x6c65012c     0x2370 ../build/x86_Debug/pmc_multiply.o
                0x6c650292                Multiply_X_X_Imp
                0x6c651d51                PMC_Multiply_I_X@12
                0x6c651dd5                PMC_Multiply_X_I@12
                0x6c6520e8                PMC_Multiply_L_X@16
                0x6c65217f                PMC_Multiply_X_L@16
                0x6c652216                PMC_Multiply_X_X@12
                0x6c652437                Initialize_Multiply
 .text          0x6c65249c     0x2c1c ../build/x86_Debug/pmc_parse.o
                0x6c654f0c                PMC_TryParse@16
                0x6c654ff4                Initialize_Parse
 .text          0x6c6550b8      0x4f8 ../build/x86_Debug/pmc_pow.o
                0x6c655526                PMC_Pow_X_I@12
                0x6c6555aa                Initialize_Pow
 .text          0x6c6555b0     0x3b24 ../build/x86_Debug/pmc_shift.o
                0x6c6556b8                RightShift_Imp
                0x6c65647b                RightShift_Imp_DIV
                0x6c65723e                LeftShift_Imp
                0x6c657ffe                LeftShift_Imp_DIV
                0x6c658dbe                PMC_RightShift_X_I@12
                0x6c658f35                PMC_RightShift_X_L@16
                0x6c658f50                PMC_LeftShift_X_I@12
                0x6c6590b3                PMC_LeftShift_X_L@16
                0x6c6590ce                Initialize_Shift
 .text          0x6c6590d4       0x38 ../build/x86_Debug/pmc_statistics.o
                0x6c6590d4                PMC_GetStatisticsInfo@4
 .text          0x6c65910c     0x11e8 ../build/x86_Debug/pmc_subtruct.o
                0x6c6596d8                Subtruct_Imp
                0x6c65988c                PMC_Subtruct_I_X@12
                0x6c65998e                PMC_Subtruct_X_I@12
                0x6c659b6c                PMC_Subtruct_L_X@16
                0x6c659dbd                PMC_Subtruct_X_L@16
                0x6c65a0e8                PMC_Subtruct_X_X@12
                0x6c65a2eb                Initialize_Subtruct
 .text          0x6c65a2f4      0x174 ../build/x86_Debug/pmc_to.o
                0x6c65a331                PMC_To_X_I@8
                0x6c65a397                PMC_To_X_L@8
                0x6c65a462                Initialize_To
 .text          0x6c65a468     0x1658 ../build/x86_Debug/pmc_tostring.o
                0x6c65b8b7                PMC_ToString@24
                0x6c65ba2c                Initialize_ToString
 .text          0x6c65bac0   0x3e71b4 ../build/x86_Debug/TEST_autogenerated.o
                0x6c65bac0                TEST_autogenerated
 .text          0x6ca42c74      0xb48 ../build/x86_Debug/TEST_op_Add.o
                0x6ca42cb6                TEST_PMC_Add_I_X
                0x6ca42ec2                TEST_PMC_Add_L_X
                0x6ca430ed                TEST_PMC_Add_X_I
                0x6ca432f9                TEST_PMC_Add_X_L
                0x6ca43524                TEST_PMC_Add_X_X
 .text          0x6ca437bc      0x8a0 ../build/x86_Debug/TEST_op_BitwiseAnd.o
                0x6ca437fe                TEST_PMC_BitwiseAnd_I_X
                0x6ca43950                TEST_PMC_BitwiseAnd_L_X
                0x6ca43adf                TEST_PMC_BitwiseAnd_X_I
                0x6ca43c31                TEST_PMC_BitwiseAnd_X_L
                0x6ca43dc0                TEST_PMC_BitwiseAnd_X_X
 .text          0x6ca4405c      0xb58 ../build/x86_Debug/TEST_op_BitwiseOr.o
                0x6ca4409e                TEST_PMC_BitwiseOr_I_X
                0x6ca442ad                TEST_PMC_BitwiseOr_L_X
                0x6ca444db                TEST_PMC_BitwiseOr_X_I
                0x6ca446ea                TEST_PMC_BitwiseOr_X_L
                0x6ca44918                TEST_PMC_BitwiseOr_X_X
 .text          0x6ca44bb4      0x248 ../build/x86_Debug/TEST_op_Clone.o
                0x6ca44bf6                TEST_PMC_Clone_X
 .text          0x6ca44dfc      0x74c ../build/x86_Debug/TEST_op_Compare.o
                0x6ca44dfc                TEST_PMC_Compare_I_X
                0x6ca44f4e                TEST_PMC_Compare_L_X
                0x6ca450b3                TEST_PMC_Compare_X_I
                0x6ca45205                TEST_PMC_Compare_X_L
                0x6ca4536a                TEST_PMC_Compare_X_X
 .text          0x6ca45548      0xcd0 ../build/x86_Debug/TEST_op_DivRem.o
                0x6ca4558a                TEST_PMC_DivRem_I_X
                0x6ca4572e                TEST_PMC_DivRem_L_X
                0x6ca45937                TEST_PMC_DivRem_X_I
                0x6ca45b9e                TEST_PMC_DivRem_X_L
                0x6ca45e73                TEST_PMC_DivRem_X_X
 .text          0x6ca46218      0x74c ../build/x86_Debug/TEST_op_Equals.o
                0x6ca46218                TEST_PMC_Equals_I_X
                0x6ca4636a                TEST_PMC_Equals_L_X
                0x6ca464cf                TEST_PMC_Equals_X_I
                0x6ca46621                TEST_PMC_Equals_X_L
                0x6ca46786                TEST_PMC_Equals_X_X
 .text          0x6ca46964      0xb58 ../build/x86_Debug/TEST_op_ExclusiveOr.o
                0x6ca469a6                TEST_PMC_ExclusiveOr_I_X
                0x6ca46bb5                TEST_PMC_ExclusiveOr_L_X
                0x6ca46de3                TEST_PMC_ExclusiveOr_X_I
                0x6ca46ff2                TEST_PMC_ExclusiveOr_X_L
                0x6ca47220                TEST_PMC_ExclusiveOr_X_X
 .text          0x6ca474bc      0x624 ../build/x86_Debug/TEST_op_From_To.o
                0x6ca474fe                TEST_PMC_From_I
                0x6ca47679                TEST_PMC_From_L
                0x6ca47813                TEST_PMC_To_X_I
                0x6ca47963                TEST_PMC_To_X_L
 .text          0x6ca47ae0      0x150 ../build/x86_Debug/TEST_op_GetPropertyValue.o
                0x6ca47ae0                TEST_PMC_GetPropertyValue_X_I
 .text          0x6ca47c30      0xb94 ../build/x86_Debug/TEST_op_GreatestCommonDivisor.o
                0x6ca47c72                TEST_PMC_GreatestCommonDivisor_I_X
                0x6ca47e8d                TEST_PMC_GreatestCommonDivisor_L_X
                0x6ca480c7                TEST_PMC_GreatestCommonDivisor_X_I
                0x6ca482e2                TEST_PMC_GreatestCommonDivisor_X_L
                0x6ca4851c                TEST_PMC_GreatestCommonDivisor_X_X
 .text          0x6ca487c4      0x37c ../build/x86_Debug/TEST_op_ModPow.o
                0x6ca48806                TEST_PMC_ModPow_X_X_X
 .text          0x6ca48b40      0xb48 ../build/x86_Debug/TEST_op_Multiply.o
                0x6ca48b82                TEST_PMC_Multiply_I_X
                0x6ca48d8e                TEST_PMC_Multiply_L_X
                0x6ca48fb9                TEST_PMC_Multiply_X_I
                0x6ca491c5                TEST_PMC_Multiply_X_L
                0x6ca493f0                TEST_PMC_Multiply_X_X
 .text          0x6ca49688      0x470 ../build/x86_Debug/TEST_op_ParseDN.o
                0x6ca496ca                TEST_PMC_ParseDN1
                0x6ca498df                TEST_PMC_ParseDN2
 .text          0x6ca49af8      0x25c ../build/x86_Debug/TEST_op_ParseX.o
                0x6ca49b3a                TEST_PMC_ParseX
 .text          0x6ca49d54      0x250 ../build/x86_Debug/TEST_op_Pow.o
                0x6ca49d96                TEST_PMC_Pow_X_I
 .text          0x6ca49fa4      0x48c ../build/x86_Debug/TEST_op_Shift.o
                0x6ca49fe6                TEST_PMC_RightShift_X_I
                0x6ca4a1f5                TEST_PMC_RightShift_X_L
                0x6ca4a20a                TEST_PMC_LeftShift_X_I
                0x6ca4a419                TEST_PMC_LeftShift_X_L
 .text          0x6ca4a430      0xa20 ../build/x86_Debug/TEST_op_Subtruct.o
                0x6ca4a472                TEST_PMC_Subtruct_I_X
                0x6ca4a5c9                TEST_PMC_Subtruct_L_X
                0x6ca4a75d                TEST_PMC_Subtruct_X_I
                0x6ca4a975                TEST_PMC_Subtruct_X_L
                0x6ca4abac                TEST_PMC_Subtruct_X_X
 .text          0x6ca4ae50      0x210 ../build/x86_Debug/TEST_op_ToStringD.o
                0x6ca4ae50                TEST_PMC_ToStringD
 .text          0x6ca4b060      0x20c ../build/x86_Debug/TEST_op_ToStringN.o
                0x6ca4b060                TEST_PMC_ToStringN
 .text          0x6ca4b26c      0x210 ../build/x86_Debug/TEST_op_ToStringX.o
                0x6ca4b26c                TEST_PMC_ToStringX
 .text          0x6ca4b47c        0x0 C:/GNU/MINGW64/i686-8.1.0-win32-dwarf-rt_v6-rev0/mingw32/bin/../lib/gcc/i686-w64-mingw32/8.1.0/../../../../i686-w64-mingw32/lib/../lib/libkernel32.a(dgzch.o)
 .text          0x6ca4b47c        0x0 C:/GNU/MINGW64/i686-8.1.0-win32-dwarf-rt_v6-rev0/mingw32/bin/../lib/gcc/i686-w64-mingw32/8.1.0/../../../../i686-w64-mingw32/lib/../lib/libkernel32.a(dgzct.o)
 .text          0x6ca4b47c        0x0 C:/GNU/MINGW64/i686-8.1.0-win32-dwarf-rt_v6-rev0/mingw32/bin/../lib/gcc/i686-w64-mingw32/8.1.0/../../../../i686-w64-mingw32/lib/../lib/libuser32.a(dmceh.o)
 .text          0x6ca4b47c        0x0 C:/GNU/MINGW64/i686-8.1.0-win32-dwarf-rt_v6-rev0/mingw32/bin/../lib/gcc/i686-w64-mingw32/8.1.0/../../../../i686-w64-mingw32/lib/../lib/libuser32.a(dmcet.o)
 *(SORT_BY_NAME(.text$*))
 *(.text.*)
 *(.gnu.linkonce.t.*)
 *(.glue_7t)
 *(.glue_7)
                0x6ca4b47c                ___CTOR_LIST__ = .
                0x6ca4b47c                __CTOR_LIST__ = .
                0x6ca4b47c        0x4 LONG 0xffffffff
 *(.ctors)
 *(.ctor)
 *(SORT_BY_NAME(.ctors.*))
                0x6ca4b480        0x4 LONG 0x0
                0x6ca4b484                ___DTOR_LIST__ = .
                0x6ca4b484                __DTOR_LIST__ = .
                0x6ca4b484        0x4 LONG 0xffffffff
 *(.dtors)
 *(.dtor)
 *(SORT_BY_NAME(.dtors.*))
                0x6ca4b488        0x4 LONG 0x0
 *(.fini)
 *(.gcc_exc)
                [!provide]                PROVIDE (etext = .)
                [!provide]                PROVIDE (_etext = .)
 *(.gcc_except_table)

.data           0x6ca4c000    0x64200
                0x6ca4c000                __data_start__ = .
 *(.data)
 .data          0x6ca4c000        0x0 ../build/x86_Debug/cpuid.o
 .data          0x6ca4c000        0x0 ../build/x86_Debug/debug.o
 .data          0x6ca4c000        0x0 ../build/x86_Debug/dllmain.o
 .data          0x6ca4c000        0x0 ../build/x86_Debug/INTERNALTEST_op_DivRem.o
 .data          0x6ca4c000        0x0 ../build/x86_Debug/INTERNALTEST_op_Multiply.o
 .data          0x6ca4c000        0x0 ../build/x86_Debug/memory.o
 .data          0x6ca4c000        0x0 ../build/x86_Debug/pmc_add.o
 .data          0x6ca4c000        0x0 ../build/x86_Debug/pmc_bitwiseand.o
 .data          0x6ca4c000        0x0 ../build/x86_Debug/pmc_bitwiseor.o
 .data          0x6ca4c000        0x0 ../build/x86_Debug/pmc_bytes.o
 .data          0x6ca4c000        0x0 ../build/x86_Debug/pmc_clone.o
 .data          0x6ca4c000        0x0 ../build/x86_Debug/pmc_compare.o
 .data          0x6ca4c000        0x0 ../build/x86_Debug/pmc_divrem.o
 .data          0x6ca4c000        0x0 ../build/x86_Debug/pmc_equals.o
 .data          0x6ca4c000        0x0 ../build/x86_Debug/pmc_exclusiveor.o
 .data          0x6ca4c000        0x0 ../build/x86_Debug/pmc_from.o
 .data          0x6ca4c000        0x0 ../build/x86_Debug/pmc_getpropertyvalue.o
 .data          0x6ca4c000        0x0 ../build/x86_Debug/pmc_greatestcommondivisor.o
 .data          0x6ca4c000        0x0 ../build/x86_Debug/pmc_initialize.o
 .data          0x6ca4c000        0x0 ../build/x86_Debug/pmc_modpow.o
 .data          0x6ca4c000        0x0 ../build/x86_Debug/pmc_multiply.o
 .data          0x6ca4c000        0x0 ../build/x86_Debug/pmc_parse.o
 .data          0x6ca4c000        0x0 ../build/x86_Debug/pmc_pow.o
 .data          0x6ca4c000        0x0 ../build/x86_Debug/pmc_shift.o
 .data          0x6ca4c000        0x0 ../build/x86_Debug/pmc_statistics.o
 .data          0x6ca4c000        0x0 ../build/x86_Debug/pmc_subtruct.o
 .data          0x6ca4c000        0x0 ../build/x86_Debug/pmc_to.o
 .data          0x6ca4c000       0xa0 ../build/x86_Debug/pmc_tostring.o
 .data          0x6ca4c0a0    0x64040 ../build/x86_Debug/TEST_autogenerated.o
 .data          0x6cab00e0        0x0 ../build/x86_Debug/TEST_op_Add.o
 .data          0x6cab00e0        0x0 ../build/x86_Debug/TEST_op_BitwiseAnd.o
 .data          0x6cab00e0        0x0 ../build/x86_Debug/TEST_op_BitwiseOr.o
 .data          0x6cab00e0        0x0 ../build/x86_Debug/TEST_op_Clone.o
 .data          0x6cab00e0        0x0 ../build/x86_Debug/TEST_op_Compare.o
 .data          0x6cab00e0        0x0 ../build/x86_Debug/TEST_op_DivRem.o
 .data          0x6cab00e0        0x0 ../build/x86_Debug/TEST_op_Equals.o
 .data          0x6cab00e0        0x0 ../build/x86_Debug/TEST_op_ExclusiveOr.o
 .data          0x6cab00e0        0x0 ../build/x86_Debug/TEST_op_From_To.o
 .data          0x6cab00e0        0x0 ../build/x86_Debug/TEST_op_GetPropertyValue.o
 .data          0x6cab00e0        0x0 ../build/x86_Debug/TEST_op_GreatestCommonDivisor.o
 .data          0x6cab00e0        0x0 ../build/x86_Debug/TEST_op_ModPow.o
 .data          0x6cab00e0        0x0 ../build/x86_Debug/TEST_op_Multiply.o
 .data          0x6cab00e0        0x0 ../build/x86_Debug/TEST_op_ParseDN.o
 .data          0x6cab00e0        0x0 ../build/x86_Debug/TEST_op_ParseX.o
 .data          0x6cab00e0        0x0 ../build/x86_Debug/TEST_op_Pow.o
 .data          0x6cab00e0        0x0 ../build/x86_Debug/TEST_op_Shift.o
 .data          0x6cab00e0        0x0 ../build/x86_Debug/TEST_op_Subtruct.o
 .data          0x6cab00e0        0x0 ../build/x86_Debug/TEST_op_ToStringD.o
 .data          0x6cab00e0        0x0 ../build/x86_Debug/TEST_op_ToStringN.o
 .data          0x6cab00e0        0x0 ../build/x86_Debug/TEST_op_ToStringX.o
 .data          0x6cab00e0        0x0 C:/GNU/MINGW64/i686-8.1.0-win32-dwarf-rt_v6-rev0/mingw32/bin/../lib/gcc/i686-w64-mingw32/8.1.0/../../../../i686-w64-mingw32/lib/../lib/libkernel32.a(dgzcs01342.o)
 .data          0x6cab00e0        0x0 C:/GNU/MINGW64/i686-8.1.0-win32-dwarf-rt_v6-rev0/mingw32/bin/../lib/gcc/i686-w64-mingw32/8.1.0/../../../../i686-w64-mingw32/lib/../lib/libkernel32.a(dgzcs01336.o)
 .data          0x6cab00e0        0x0 C:/GNU/MINGW64/i686-8.1.0-win32-dwarf-rt_v6-rev0/mingw32/bin/../lib/gcc/i686-w64-mingw32/8.1.0/../../../../i686-w64-mingw32/lib/../lib/libkernel32.a(dgzcs01335.o)
 .data          0x6cab00e0        0x0 C:/GNU/MINGW64/i686-8.1.0-win32-dwarf-rt_v6-rev0/mingw32/bin/../lib/gcc/i686-w64-mingw32/8.1.0/../../../../i686-w64-mingw32/lib/../lib/libkernel32.a(dgzcs01330.o)
 .data          0x6cab00e0        0x0 C:/GNU/MINGW64/i686-8.1.0-win32-dwarf-rt_v6-rev0/mingw32/bin/../lib/gcc/i686-w64-mingw32/8.1.0/../../../../i686-w64-mingw32/lib/../lib/libkernel32.a(dgzcs00729.o)
 .data          0x6cab00e0        0x0 C:/GNU/MINGW64/i686-8.1.0-win32-dwarf-rt_v6-rev0/mingw32/bin/../lib/gcc/i686-w64-mingw32/8.1.0/../../../../i686-w64-mingw32/lib/../lib/libkernel32.a(dgzcs00727.o)
 .data          0x6cab00e0        0x0 C:/GNU/MINGW64/i686-8.1.0-win32-dwarf-rt_v6-rev0/mingw32/bin/../lib/gcc/i686-w64-mingw32/8.1.0/../../../../i686-w64-mingw32/lib/../lib/libkernel32.a(dgzcs00725.o)
 .data          0x6cab00e0        0x0 C:/GNU/MINGW64/i686-8.1.0-win32-dwarf-rt_v6-rev0/mingw32/bin/../lib/gcc/i686-w64-mingw32/8.1.0/../../../../i686-w64-mingw32/lib/../lib/libkernel32.a(dgzcs00723.o)
 .data          0x6cab00e0        0x0 C:/GNU/MINGW64/i686-8.1.0-win32-dwarf-rt_v6-rev0/mingw32/bin/../lib/gcc/i686-w64-mingw32/8.1.0/../../../../i686-w64-mingw32/lib/../lib/libkernel32.a(dgzcs00666.o)
 .data          0x6cab00e0        0x0 C:/GNU/MINGW64/i686-8.1.0-win32-dwarf-rt_v6-rev0/mingw32/bin/../lib/gcc/i686-w64-mingw32/8.1.0/../../../../i686-w64-mingw32/lib/../lib/libkernel32.a(dgzch.o)
 .data          0x6cab00e0        0x0 C:/GNU/MINGW64/i686-8.1.0-win32-dwarf-rt_v6-rev0/mingw32/bin/../lib/gcc/i686-w64-mingw32/8.1.0/../../../../i686-w64-mingw32/lib/../lib/libkernel32.a(dgzct.o)
 .data          0x6cab00e0        0x0 C:/GNU/MINGW64/i686-8.1.0-win32-dwarf-rt_v6-rev0/mingw32/bin/../lib/gcc/i686-w64-mingw32/8.1.0/../../../../i686-w64-mingw32/lib/../lib/libuser32.a(dmces00912.o)
 .data          0x6cab00e0        0x0 C:/GNU/MINGW64/i686-8.1.0-win32-dwarf-rt_v6-rev0/mingw32/bin/../lib/gcc/i686-w64-mingw32/8.1.0/../../../../i686-w64-mingw32/lib/../lib/libuser32.a(dmceh.o)
 .data          0x6cab00e0        0x0 C:/GNU/MINGW64/i686-8.1.0-win32-dwarf-rt_v6-rev0/mingw32/bin/../lib/gcc/i686-w64-mingw32/8.1.0/../../../../i686-w64-mingw32/lib/../lib/libuser32.a(dmcet.o)
 *(.data2)
 *(SORT_BY_NAME(.data$*))
 *(.jcr)
                0x6cab00e0                __data_end__ = .
 *(.data_cygwin_nocopy)

.rdata          0x6cab1000    0x59000
 *(.rdata)
 .rdata         0x6cab1000      0x1b4 ../build/x86_Debug/debug.o
 .rdata         0x6cab11b4       0xf0 ../build/x86_Debug/INTERNALTEST_op_DivRem.o
 .rdata         0x6cab12a4       0x7c ../build/x86_Debug/INTERNALTEST_op_Multiply.o
 .rdata         0x6cab1320       0xf0 ../build/x86_Debug/pmc_parse.o
 .rdata         0x6cab1410       0xe8 ../build/x86_Debug/pmc_tostring.o
 .rdata         0x6cab14f8    0x55120 ../build/x86_Debug/TEST_autogenerated.o
 .rdata         0x6cb06618      0x2b4 ../build/x86_Debug/TEST_op_Add.o
 .rdata         0x6cb068cc      0x344 ../build/x86_Debug/TEST_op_BitwiseAnd.o
 .rdata         0x6cb06c10      0x32c ../build/x86_Debug/TEST_op_BitwiseOr.o
 .rdata         0x6cb06f3c      0x114 ../build/x86_Debug/TEST_op_Clone.o
 .rdata         0x6cb07050      0x2bc ../build/x86_Debug/TEST_op_Compare.o
 .rdata         0x6cb0730c      0x304 ../build/x86_Debug/TEST_op_DivRem.o
 .rdata         0x6cb07610      0x2ac ../build/x86_Debug/TEST_op_Equals.o
 .rdata         0x6cb078bc      0x354 ../build/x86_Debug/TEST_op_ExclusiveOr.o
 .rdata         0x6cb07c10      0x200 ../build/x86_Debug/TEST_op_From_To.o
 .rdata         0x6cb07e10      0x104 ../build/x86_Debug/TEST_op_GetPropertyValue.o
 .rdata         0x6cb07f14      0x41c ../build/x86_Debug/TEST_op_GreatestCommonDivisor.o
 .rdata         0x6cb08330      0x128 ../build/x86_Debug/TEST_op_ModPow.o
 .rdata         0x6cb08458      0x318 ../build/x86_Debug/TEST_op_Multiply.o
 .rdata         0x6cb08770      0x10c ../build/x86_Debug/TEST_op_ParseDN.o
 .rdata         0x6cb0887c       0xdc ../build/x86_Debug/TEST_op_ParseX.o
 .rdata         0x6cb08958      0x114 ../build/x86_Debug/TEST_op_Pow.o
 .rdata         0x6cb08a6c      0x1b0 ../build/x86_Debug/TEST_op_Shift.o
 .rdata         0x6cb08c1c      0x31c ../build/x86_Debug/TEST_op_Subtruct.o
 .rdata         0x6cb08f38       0xe0 ../build/x86_Debug/TEST_op_ToStringD.o
 .rdata         0x6cb09018       0xdc ../build/x86_Debug/TEST_op_ToStringN.o
 .rdata         0x6cb090f4       0xe0 ../build/x86_Debug/TEST_op_ToStringX.o
 *(SORT_BY_NAME(.rdata$*))
 .rdata$zzz     0x6cb091d4       0x40 ../build/x86_Debug/cpuid.o
 .rdata$zzz     0x6cb09214       0x40 ../build/x86_Debug/debug.o
 .rdata$zzz     0x6cb09254       0x40 ../build/x86_Debug/dllmain.o
 .rdata$zzz     0x6cb09294       0x40 ../build/x86_Debug/INTERNALTEST_op_DivRem.o
 .rdata$zzz     0x6cb092d4       0x40 ../build/x86_Debug/INTERNALTEST_op_Multiply.o
 .rdata$zzz     0x6cb09314       0x40 ../build/x86_Debug/memory.o
 .rdata$zzz     0x6cb09354       0x40 ../build/x86_Debug/pmc_add.o
 .rdata$zzz     0x6cb09394       0x40 ../build/x86_Debug/pmc_bitwiseand.o
 .rdata$zzz     0x6cb093d4       0x40 ../build/x86_Debug/pmc_bitwiseor.o
 .rdata$zzz     0x6cb09414       0x40 ../build/x86_Debug/pmc_bytes.o
 .rdata$zzz     0x6cb09454       0x40 ../build/x86_Debug/pmc_clone.o
 .rdata$zzz     0x6cb09494       0x40 ../build/x86_Debug/pmc_compare.o
 .rdata$zzz     0x6cb094d4       0x40 ../build/x86_Debug/pmc_divrem.o
 .rdata$zzz     0x6cb09514       0x40 ../build/x86_Debug/pmc_equals.o
 .rdata$zzz     0x6cb09554       0x40 ../build/x86_Debug/pmc_exclusiveor.o
 .rdata$zzz     0x6cb09594       0x40 ../build/x86_Debug/pmc_from.o
 .rdata$zzz     0x6cb095d4       0x40 ../build/x86_Debug/pmc_getpropertyvalue.o
 .rdata$zzz     0x6cb09614       0x40 ../build/x86_Debug/pmc_greatestcommondivisor.o
 .rdata$zzz     0x6cb09654       0x40 ../build/x86_Debug/pmc_initialize.o
 .rdata$zzz     0x6cb09694       0x40 ../build/x86_Debug/pmc_modpow.o
 .rdata$zzz     0x6cb096d4       0x40 ../build/x86_Debug/pmc_multiply.o
 .rdata$zzz     0x6cb09714       0x40 ../build/x86_Debug/pmc_parse.o
 .rdata$zzz     0x6cb09754       0x40 ../build/x86_Debug/pmc_pow.o
 .rdata$zzz     0x6cb09794       0x40 ../build/x86_Debug/pmc_shift.o
 .rdata$zzz     0x6cb097d4       0x40 ../build/x86_Debug/pmc_statistics.o
 .rdata$zzz     0x6cb09814       0x40 ../build/x86_Debug/pmc_subtruct.o
 .rdata$zzz     0x6cb09854       0x40 ../build/x86_Debug/pmc_to.o
 .rdata$zzz     0x6cb09894       0x40 ../build/x86_Debug/pmc_tostring.o
 .rdata$zzz     0x6cb098d4       0x40 ../build/x86_Debug/TEST_autogenerated.o
 .rdata$zzz     0x6cb09914       0x40 ../build/x86_Debug/TEST_op_Add.o
 .rdata$zzz     0x6cb09954       0x40 ../build/x86_Debug/TEST_op_BitwiseAnd.o
 .rdata$zzz     0x6cb09994       0x40 ../build/x86_Debug/TEST_op_BitwiseOr.o
 .rdata$zzz     0x6cb099d4       0x40 ../build/x86_Debug/TEST_op_Clone.o
 .rdata$zzz     0x6cb09a14       0x40 ../build/x86_Debug/TEST_op_Compare.o
 .rdata$zzz     0x6cb09a54       0x40 ../build/x86_Debug/TEST_op_DivRem.o
 .rdata$zzz     0x6cb09a94       0x40 ../build/x86_Debug/TEST_op_Equals.o
 .rdata$zzz     0x6cb09ad4       0x40 ../build/x86_Debug/TEST_op_ExclusiveOr.o
 .rdata$zzz     0x6cb09b14       0x40 ../build/x86_Debug/TEST_op_From_To.o
 .rdata$zzz     0x6cb09b54       0x40 ../build/x86_Debug/TEST_op_GetPropertyValue.o
 .rdata$zzz     0x6cb09b94       0x40 ../build/x86_Debug/TEST_op_GreatestCommonDivisor.o
 .rdata$zzz     0x6cb09bd4       0x40 ../build/x86_Debug/TEST_op_ModPow.o
 .rdata$zzz     0x6cb09c14       0x40 ../build/x86_Debug/TEST_op_Multiply.o
 .rdata$zzz     0x6cb09c54       0x40 ../build/x86_Debug/TEST_op_ParseDN.o
 .rdata$zzz     0x6cb09c94       0x40 ../build/x86_Debug/TEST_op_ParseX.o
 .rdata$zzz     0x6cb09cd4       0x40 ../build/x86_Debug/TEST_op_Pow.o
 .rdata$zzz     0x6cb09d14       0x40 ../build/x86_Debug/TEST_op_Shift.o
 .rdata$zzz     0x6cb09d54       0x40 ../build/x86_Debug/TEST_op_Subtruct.o
 .rdata$zzz     0x6cb09d94       0x40 ../build/x86_Debug/TEST_op_ToStringD.o
 .rdata$zzz     0x6cb09dd4       0x40 ../build/x86_Debug/TEST_op_ToStringN.o
 .rdata$zzz     0x6cb09e14       0x40 ../build/x86_Debug/TEST_op_ToStringX.o
                0x6cb09e54                __rt_psrelocs_start = .
 *(.rdata_runtime_pseudo_reloc)
                0x6cb09e54                __rt_psrelocs_end = .
                0x00000000                __rt_psrelocs_size = (__rt_psrelocs_end - __rt_psrelocs_start)
                0x6cb09e54                ___RUNTIME_PSEUDO_RELOC_LIST_END__ = .
                0x6cb09e54                __RUNTIME_PSEUDO_RELOC_LIST_END__ = .
                0x6cb09e54                ___RUNTIME_PSEUDO_RELOC_LIST__ = (. - __rt_psrelocs_size)
                0x6cb09e54                __RUNTIME_PSEUDO_RELOC_LIST__ = (. - __rt_psrelocs_size)

.eh_frame       0x6cb0a000     0x4400
 *(.eh_frame*)
 .eh_frame      0x6cb0a000       0xb8 ../build/x86_Debug/cpuid.o
 .eh_frame      0x6cb0a0b8      0x130 ../build/x86_Debug/debug.o
 .eh_frame      0x6cb0a1e8       0x38 ../build/x86_Debug/dllmain.o
 .eh_frame      0x6cb0a220       0x8c ../build/x86_Debug/INTERNALTEST_op_DivRem.o
 .eh_frame      0x6cb0a2ac       0xac ../build/x86_Debug/INTERNALTEST_op_Multiply.o
 .eh_frame      0x6cb0a358      0x3d0 ../build/x86_Debug/memory.o
 .eh_frame      0x6cb0a728      0x430 ../build/x86_Debug/pmc_add.o
 .eh_frame      0x6cb0ab58      0x19c ../build/x86_Debug/pmc_bitwiseand.o
 .eh_frame      0x6cb0acf4      0x214 ../build/x86_Debug/pmc_bitwiseor.o
 .eh_frame      0x6cb0af08       0xe8 ../build/x86_Debug/pmc_bytes.o
 .eh_frame      0x6cb0aff0       0x4c ../build/x86_Debug/pmc_clone.o
 .eh_frame      0x6cb0b03c      0x17c ../build/x86_Debug/pmc_compare.o
 .eh_frame      0x6cb0b1b8      0x748 ../build/x86_Debug/pmc_divrem.o
 .eh_frame      0x6cb0b900      0x17c ../build/x86_Debug/pmc_equals.o
 .eh_frame      0x6cb0ba7c      0x214 ../build/x86_Debug/pmc_exclusiveor.o
 .eh_frame      0x6cb0bc90       0xf0 ../build/x86_Debug/pmc_from.o
 .eh_frame      0x6cb0bd80       0x4c ../build/x86_Debug/pmc_getpropertyvalue.o
 .eh_frame      0x6cb0bdcc      0x238 ../build/x86_Debug/pmc_greatestcommondivisor.o
 .eh_frame      0x6cb0c004       0x38 ../build/x86_Debug/pmc_initialize.o
 .eh_frame      0x6cb0c03c      0x18c ../build/x86_Debug/pmc_modpow.o
 .eh_frame      0x6cb0c1c8      0x3b4 ../build/x86_Debug/pmc_multiply.o
 .eh_frame      0x6cb0c57c      0x470 ../build/x86_Debug/pmc_parse.o
 .eh_frame      0x6cb0c9ec      0x100 ../build/x86_Debug/pmc_pow.o
 .eh_frame      0x6cb0caec      0x1d4 ../build/x86_Debug/pmc_shift.o
 .eh_frame      0x6cb0ccc0       0x38 ../build/x86_Debug/pmc_statistics.o
 .eh_frame      0x6cb0ccf8      0x2e4 ../build/x86_Debug/pmc_subtruct.o
 .eh_frame      0x6cb0cfdc       0x98 ../build/x86_Debug/pmc_to.o
 .eh_frame      0x6cb0d074      0x2f8 ../build/x86_Debug/pmc_tostring.o
 .eh_frame      0x6cb0d36c       0x3c ../build/x86_Debug/TEST_autogenerated.o
 .eh_frame      0x6cb0d3a8      0x114 ../build/x86_Debug/TEST_op_Add.o
 .eh_frame      0x6cb0d4bc      0x11c ../build/x86_Debug/TEST_op_BitwiseAnd.o
 .eh_frame      0x6cb0d5d8      0x114 ../build/x86_Debug/TEST_op_BitwiseOr.o
 .eh_frame      0x6cb0d6ec       0x64 ../build/x86_Debug/TEST_op_Clone.o
 .eh_frame      0x6cb0d750       0xf4 ../build/x86_Debug/TEST_op_Compare.o
 .eh_frame      0x6cb0d844      0x11c ../build/x86_Debug/TEST_op_DivRem.o
 .eh_frame      0x6cb0d960       0xf4 ../build/x86_Debug/TEST_op_Equals.o
 .eh_frame      0x6cb0da54      0x114 ../build/x86_Debug/TEST_op_ExclusiveOr.o
 .eh_frame      0x6cb0db68       0xec ../build/x86_Debug/TEST_op_From_To.o
 .eh_frame      0x6cb0dc54       0x44 ../build/x86_Debug/TEST_op_GetPropertyValue.o
 .eh_frame      0x6cb0dc98      0x114 ../build/x86_Debug/TEST_op_GreatestCommonDivisor.o
 .eh_frame      0x6cb0ddac       0x68 ../build/x86_Debug/TEST_op_ModPow.o
 .eh_frame      0x6cb0de14      0x114 ../build/x86_Debug/TEST_op_Multiply.o
 .eh_frame      0x6cb0df28       0x90 ../build/x86_Debug/TEST_op_ParseDN.o
 .eh_frame      0x6cb0dfb8       0x64 ../build/x86_Debug/TEST_op_ParseX.o
 .eh_frame      0x6cb0e01c       0x64 ../build/x86_Debug/TEST_op_Pow.o
 .eh_frame      0x6cb0e080       0xd0 ../build/x86_Debug/TEST_op_Shift.o
 .eh_frame      0x6cb0e150      0x118 ../build/x86_Debug/TEST_op_Subtruct.o
 .eh_frame      0x6cb0e268       0x44 ../build/x86_Debug/TEST_op_ToStringD.o
 .eh_frame      0x6cb0e2ac       0x44 ../build/x86_Debug/TEST_op_ToStringN.o
 .eh_frame      0x6cb0e2f0       0x44 ../build/x86_Debug/TEST_op_ToStringX.o

.pdata
 *(.pdata*)

.bss            0x6cb0f000    0x174fc
                0x6cb0f000                __bss_start__ = .
 *(.bss)
 .bss           0x6cb0f000        0x0 ../build/x86_Debug/cpuid.o
 .bss           0x6cb0f000      0x420 ../build/x86_Debug/debug.o
                0x6cb0f000                test_total_count
                0x6cb0f004                test_ok_count
                0x6cb0f008                __DEBUG_LOG
 .bss           0x6cb0f420        0x0 ../build/x86_Debug/dllmain.o
 .bss           0x6cb0f420        0x0 ../build/x86_Debug/INTERNALTEST_op_DivRem.o
 .bss           0x6cb0f420        0x0 ../build/x86_Debug/INTERNALTEST_op_Multiply.o
 .bss           0x6cb0f420        0x0 ../build/x86_Debug/memory.o
 .bss           0x6cb0f420        0x4 ../build/x86_Debug/pmc_add.o
 .bss           0x6cb0f424        0x0 ../build/x86_Debug/pmc_bitwiseand.o
 .bss           0x6cb0f424        0x0 ../build/x86_Debug/pmc_bitwiseor.o
 .bss           0x6cb0f424        0x0 ../build/x86_Debug/pmc_bytes.o
 .bss           0x6cb0f424        0x0 ../build/x86_Debug/pmc_clone.o
 .bss           0x6cb0f424        0x0 ../build/x86_Debug/pmc_compare.o
 .bss           0x6cb0f424        0x4 ../build/x86_Debug/pmc_divrem.o
 .bss           0x6cb0f428        0x0 ../build/x86_Debug/pmc_equals.o
 .bss           0x6cb0f428        0x0 ../build/x86_Debug/pmc_exclusiveor.o
 .bss           0x6cb0f428        0x0 ../build/x86_Debug/pmc_from.o
 .bss           0x6cb0f428        0x0 ../build/x86_Debug/pmc_getpropertyvalue.o
 .bss           0x6cb0f428        0x0 ../build/x86_Debug/pmc_greatestcommondivisor.o
 *fill*         0x6cb0f428       0x18 
 .bss           0x6cb0f440      0x120 ../build/x86_Debug/pmc_initialize.o
 .bss           0x6cb0f560        0x0 ../build/x86_Debug/pmc_modpow.o
 .bss           0x6cb0f560        0xc ../build/x86_Debug/pmc_multiply.o
 *fill*         0x6cb0f56c       0x14 
 .bss           0x6cb0f580       0x40 ../build/x86_Debug/pmc_parse.o
 .bss           0x6cb0f5c0        0x0 ../build/x86_Debug/pmc_pow.o
 .bss           0x6cb0f5c0        0x0 ../build/x86_Debug/pmc_shift.o
 .bss           0x6cb0f5c0        0x0 ../build/x86_Debug/pmc_statistics.o
 .bss           0x6cb0f5c0        0x0 ../build/x86_Debug/pmc_subtruct.o
 .bss           0x6cb0f5c0        0x0 ../build/x86_Debug/pmc_to.o
 .bss           0x6cb0f5c0       0x40 ../build/x86_Debug/pmc_tostring.o
 .bss           0x6cb0f600      0xb0c ../build/x86_Debug/TEST_autogenerated.o
 .bss           0x6cb1010c        0x0 ../build/x86_Debug/TEST_op_Add.o
 .bss           0x6cb1010c        0x0 ../build/x86_Debug/TEST_op_BitwiseAnd.o
 .bss           0x6cb1010c        0x0 ../build/x86_Debug/TEST_op_BitwiseOr.o
 .bss           0x6cb1010c        0x0 ../build/x86_Debug/TEST_op_Clone.o
 .bss           0x6cb1010c        0x0 ../build/x86_Debug/TEST_op_Compare.o
 .bss           0x6cb1010c        0x0 ../build/x86_Debug/TEST_op_DivRem.o
 .bss           0x6cb1010c        0x0 ../build/x86_Debug/TEST_op_Equals.o
 .bss           0x6cb1010c        0x0 ../build/x86_Debug/TEST_op_ExclusiveOr.o
 .bss           0x6cb1010c        0x0 ../build/x86_Debug/TEST_op_From_To.o
 .bss           0x6cb1010c        0x0 ../build/x86_Debug/TEST_op_GetPropertyValue.o
 .bss           0x6cb1010c        0x0 ../build/x86_Debug/TEST_op_GreatestCommonDivisor.o
 .bss           0x6cb1010c        0x0 ../build/x86_Debug/TEST_op_ModPow.o
 .bss           0x6cb1010c        0x0 ../build/x86_Debug/TEST_op_Multiply.o
 *fill*         0x6cb1010c       0x14 
 .bss           0x6cb10120      0x240 ../build/x86_Debug/TEST_op_ParseDN.o
 .bss           0x6cb10360      0x120 ../build/x86_Debug/TEST_op_ParseX.o
 .bss           0x6cb10480    0x10000 ../build/x86_Debug/TEST_op_Pow.o
 .bss           0x6cb20480        0x0 ../build/x86_Debug/TEST_op_Shift.o
 .bss           0x6cb20480        0x0 ../build/x86_Debug/TEST_op_Subtruct.o
 .bss           0x6cb20480     0x2000 ../build/x86_Debug/TEST_op_ToStringD.o
 .bss           0x6cb22480     0x2000 ../build/x86_Debug/TEST_op_ToStringN.o
 .bss           0x6cb24480     0x2000 ../build/x86_Debug/TEST_op_ToStringX.o
 .bss           0x6cb26480        0x0 C:/GNU/MINGW64/i686-8.1.0-win32-dwarf-rt_v6-rev0/mingw32/bin/../lib/gcc/i686-w64-mingw32/8.1.0/../../../../i686-w64-mingw32/lib/../lib/libkernel32.a(dgzcs01342.o)
 .bss           0x6cb26480        0x0 C:/GNU/MINGW64/i686-8.1.0-win32-dwarf-rt_v6-rev0/mingw32/bin/../lib/gcc/i686-w64-mingw32/8.1.0/../../../../i686-w64-mingw32/lib/../lib/libkernel32.a(dgzcs01336.o)
 .bss           0x6cb26480        0x0 C:/GNU/MINGW64/i686-8.1.0-win32-dwarf-rt_v6-rev0/mingw32/bin/../lib/gcc/i686-w64-mingw32/8.1.0/../../../../i686-w64-mingw32/lib/../lib/libkernel32.a(dgzcs01335.o)
 .bss           0x6cb26480        0x0 C:/GNU/MINGW64/i686-8.1.0-win32-dwarf-rt_v6-rev0/mingw32/bin/../lib/gcc/i686-w64-mingw32/8.1.0/../../../../i686-w64-mingw32/lib/../lib/libkernel32.a(dgzcs01330.o)
 .bss           0x6cb26480        0x0 C:/GNU/MINGW64/i686-8.1.0-win32-dwarf-rt_v6-rev0/mingw32/bin/../lib/gcc/i686-w64-mingw32/8.1.0/../../../../i686-w64-mingw32/lib/../lib/libkernel32.a(dgzcs00729.o)
 .bss           0x6cb26480        0x0 C:/GNU/MINGW64/i686-8.1.0-win32-dwarf-rt_v6-rev0/mingw32/bin/../lib/gcc/i686-w64-mingw32/8.1.0/../../../../i686-w64-mingw32/lib/../lib/libkernel32.a(dgzcs00727.o)
 .bss           0x6cb26480        0x0 C:/GNU/MINGW64/i686-8.1.0-win32-dwarf-rt_v6-rev0/mingw32/bin/../lib/gcc/i686-w64-mingw32/8.1.0/../../../../i686-w64-mingw32/lib/../lib/libkernel32.a(dgzcs00725.o)
 .bss           0x6cb26480        0x0 C:/GNU/MINGW64/i686-8.1.0-win32-dwarf-rt_v6-rev0/mingw32/bin/../lib/gcc/i686-w64-mingw32/8.1.0/../../../../i686-w64-mingw32/lib/../lib/libkernel32.a(dgzcs00723.o)
 .bss           0x6cb26480        0x0 C:/GNU/MINGW64/i686-8.1.0-win32-dwarf-rt_v6-rev0/mingw32/bin/../lib/gcc/i686-w64-mingw32/8.1.0/../../../../i686-w64-mingw32/lib/../lib/libkernel32.a(dgzcs00666.o)
 .bss           0x6cb26480        0x0 C:/GNU/MINGW64/i686-8.1.0-win32-dwarf-rt_v6-rev0/mingw32/bin/../lib/gcc/i686-w64-mingw32/8.1.0/../../../../i686-w64-mingw32/lib/../lib/libkernel32.a(dgzch.o)
 .bss           0x6cb26480        0x0 C:/GNU/MINGW64/i686-8.1.0-win32-dwarf-rt_v6-rev0/mingw32/bin/../lib/gcc/i686-w64-mingw32/8.1.0/../../../../i686-w64-mingw32/lib/../lib/libkernel32.a(dgzct.o)
 .bss           0x6cb26480        0x0 C:/GNU/MINGW64/i686-8.1.0-win32-dwarf-rt_v6-rev0/mingw32/bin/../lib/gcc/i686-w64-mingw32/8.1.0/../../../../i686-w64-mingw32/lib/../lib/libuser32.a(dmces00912.o)
 .bss           0x6cb26480        0x0 C:/GNU/MINGW64/i686-8.1.0-win32-dwarf-rt_v6-rev0/mingw32/bin/../lib/gcc/i686-w64-mingw32/8.1.0/../../../../i686-w64-mingw32/lib/../lib/libuser32.a(dmceh.o)
 .bss           0x6cb26480        0x0 C:/GNU/MINGW64/i686-8.1.0-win32-dwarf-rt_v6-rev0/mingw32/bin/../lib/gcc/i686-w64-mingw32/8.1.0/../../../../i686-w64-mingw32/lib/../lib/libuser32.a(dmcet.o)
 *(COMMON)
 COMMON         0x6cb26480       0x68 ../build/x86_Debug/memory.o
                0x6cb26480                number_zero
                0x6cb264c0                number_one
                0x6cb264e4                hLocalHeap
 COMMON         0x6cb264e8        0x4 ../build/x86_Debug/pmc_initialize.o
                0x6cb264e8                configuration_info
 COMMON         0x6cb264ec       0x10 ../build/x86_Debug/pmc_statistics.o
                0x6cb264ec                statistics_info
                0x6cb264fc                __bss_end__ = .

.edata          0x6cb27000      0x200
 *(.edata)
 .edata         0x6cb27000       0x58 dll stuff

/DISCARD/
 *(.debug$S)
 *(.debug$T)
 *(.debug$F)
 *(.drectve)
 *(.note.GNU-stack)
 *(.gnu.lto_*)

.idata          0x6cb28000      0x200
 SORT_BY_NAME(*)(.idata$2)
 .idata$2       0x6cb28000       0x14 C:/GNU/MINGW64/i686-8.1.0-win32-dwarf-rt_v6-rev0/mingw32/bin/../lib/gcc/i686-w64-mingw32/8.1.0/../../../../i686-w64-mingw32/lib/../lib/libkernel32.a(dgzch.o)
                0x6cb28000                _head_lib32_libkernel32_a
 .idata$2       0x6cb28014       0x14 C:/GNU/MINGW64/i686-8.1.0-win32-dwarf-rt_v6-rev0/mingw32/bin/../lib/gcc/i686-w64-mingw32/8.1.0/../../../../i686-w64-mingw32/lib/../lib/libuser32.a(dmceh.o)
                0x6cb28014                _head_lib32_libuser32_a
 SORT_BY_NAME(*)(.idata$3)
                0x6cb28028        0x4 LONG 0x0
                0x6cb2802c        0x4 LONG 0x0
                0x6cb28030        0x4 LONG 0x0
                0x6cb28034        0x4 LONG 0x0
                0x6cb28038        0x4 LONG 0x0
 SORT_BY_NAME(*)(.idata$4)
 .idata$4       0x6cb2803c        0x0 C:/GNU/MINGW64/i686-8.1.0-win32-dwarf-rt_v6-rev0/mingw32/bin/../lib/gcc/i686-w64-mingw32/8.1.0/../../../../i686-w64-mingw32/lib/../lib/libkernel32.a(dgzch.o)
 .idata$4       0x6cb2803c        0x4 C:/GNU/MINGW64/i686-8.1.0-win32-dwarf-rt_v6-rev0/mingw32/bin/../lib/gcc/i686-w64-mingw32/8.1.0/../../../../i686-w64-mingw32/lib/../lib/libkernel32.a(dgzcs00666.o)
 .idata$4       0x6cb28040        0x4 C:/GNU/MINGW64/i686-8.1.0-win32-dwarf-rt_v6-rev0/mingw32/bin/../lib/gcc/i686-w64-mingw32/8.1.0/../../../../i686-w64-mingw32/lib/../lib/libkernel32.a(dgzcs00723.o)
 .idata$4       0x6cb28044        0x4 C:/GNU/MINGW64/i686-8.1.0-win32-dwarf-rt_v6-rev0/mingw32/bin/../lib/gcc/i686-w64-mingw32/8.1.0/../../../../i686-w64-mingw32/lib/../lib/libkernel32.a(dgzcs00725.o)
 .idata$4       0x6cb28048        0x4 C:/GNU/MINGW64/i686-8.1.0-win32-dwarf-rt_v6-rev0/mingw32/bin/../lib/gcc/i686-w64-mingw32/8.1.0/../../../../i686-w64-mingw32/lib/../lib/libkernel32.a(dgzcs00727.o)
 .idata$4       0x6cb2804c        0x4 C:/GNU/MINGW64/i686-8.1.0-win32-dwarf-rt_v6-rev0/mingw32/bin/../lib/gcc/i686-w64-mingw32/8.1.0/../../../../i686-w64-mingw32/lib/../lib/libkernel32.a(dgzcs00729.o)
 .idata$4       0x6cb28050        0x4 C:/GNU/MINGW64/i686-8.1.0-win32-dwarf-rt_v6-rev0/mingw32/bin/../lib/gcc/i686-w64-mingw32/8.1.0/../../../../i686-w64-mingw32/lib/../lib/libkernel32.a(dgzcs01330.o)
 .idata$4       0x6cb28054        0x4 C:/GNU/MINGW64/i686-8.1.0-win32-dwarf-rt_v6-rev0/mingw32/bin/../lib/gcc/i686-w64-mingw32/8.1.0/../../../../i686-w64-mingw32/lib/../lib/libkernel32.a(dgzcs01335.o)
 .idata$4       0x6cb28058        0x4 C:/GNU/MINGW64/i686-8.1.0-win32-dwarf-rt_v6-rev0/mingw32/bin/../lib/gcc/i686-w64-mingw32/8.1.0/../../../../i686-w64-mingw32/lib/../lib/libkernel32.a(dgzcs01336.o)
 .idata$4       0x6cb2805c        0x4 C:/GNU/MINGW64/i686-8.1.0-win32-dwarf-rt_v6-rev0/mingw32/bin/../lib/gcc/i686-w64-mingw32/8.1.0/../../../../i686-w64-mingw32/lib/../lib/libkernel32.a(dgzcs01342.o)
 .idata$4       0x6cb28060        0x4 C:/GNU/MINGW64/i686-8.1.0-win32-dwarf-rt_v6-rev0/mingw32/bin/../lib/gcc/i686-w64-mingw32/8.1.0/../../../../i686-w64-mingw32/lib/../lib/libkernel32.a(dgzct.o)
 .idata$4       0x6cb28064        0x0 C:/GNU/MINGW64/i686-8.1.0-win32-dwarf-rt_v6-rev0/mingw32/bin/../lib/gcc/i686-w64-mingw32/8.1.0/../../../../i686-w64-mingw32/lib/../lib/libuser32.a(dmceh.o)
 .idata$4       0x6cb28064        0x4 C:/GNU/MINGW64/i686-8.1.0-win32-dwarf-rt_v6-rev0/mingw32/bin/../lib/gcc/i686-w64-mingw32/8.1.0/../../../../i686-w64-mingw32/lib/../lib/libuser32.a(dmces00912.o)
 .idata$4       0x6cb28068        0x4 C:/GNU/MINGW64/i686-8.1.0-win32-dwarf-rt_v6-rev0/mingw32/bin/../lib/gcc/i686-w64-mingw32/8.1.0/../../../../i686-w64-mingw32/lib/../lib/libuser32.a(dmcet.o)
                0x6cb2806c                __IAT_start__ = .
 SORT_BY_NAME(*)(.idata$5)
 .idata$5       0x6cb2806c        0x0 C:/GNU/MINGW64/i686-8.1.0-win32-dwarf-rt_v6-rev0/mingw32/bin/../lib/gcc/i686-w64-mingw32/8.1.0/../../../../i686-w64-mingw32/lib/../lib/libkernel32.a(dgzch.o)
 .idata$5       0x6cb2806c        0x4 C:/GNU/MINGW64/i686-8.1.0-win32-dwarf-rt_v6-rev0/mingw32/bin/../lib/gcc/i686-w64-mingw32/8.1.0/../../../../i686-w64-mingw32/lib/../lib/libkernel32.a(dgzcs00666.o)
                0x6cb2806c                _imp__GetTickCount@0
 .idata$5       0x6cb28070        0x4 C:/GNU/MINGW64/i686-8.1.0-win32-dwarf-rt_v6-rev0/mingw32/bin/../lib/gcc/i686-w64-mingw32/8.1.0/../../../../i686-w64-mingw32/lib/../lib/libkernel32.a(dgzcs00723.o)
                0x6cb28070                _imp__HeapAlloc@12
 .idata$5       0x6cb28074        0x4 C:/GNU/MINGW64/i686-8.1.0-win32-dwarf-rt_v6-rev0/mingw32/bin/../lib/gcc/i686-w64-mingw32/8.1.0/../../../../i686-w64-mingw32/lib/../lib/libkernel32.a(dgzcs00725.o)
                0x6cb28074                _imp__HeapCreate@12
 .idata$5       0x6cb28078        0x4 C:/GNU/MINGW64/i686-8.1.0-win32-dwarf-rt_v6-rev0/mingw32/bin/../lib/gcc/i686-w64-mingw32/8.1.0/../../../../i686-w64-mingw32/lib/../lib/libkernel32.a(dgzcs00727.o)
                0x6cb28078                _imp__HeapDestroy@4
 .idata$5       0x6cb2807c        0x4 C:/GNU/MINGW64/i686-8.1.0-win32-dwarf-rt_v6-rev0/mingw32/bin/../lib/gcc/i686-w64-mingw32/8.1.0/../../../../i686-w64-mingw32/lib/../lib/libkernel32.a(dgzcs00729.o)
                0x6cb2807c                _imp__HeapFree@12
 .idata$5       0x6cb28080        0x4 C:/GNU/MINGW64/i686-8.1.0-win32-dwarf-rt_v6-rev0/mingw32/bin/../lib/gcc/i686-w64-mingw32/8.1.0/../../../../i686-w64-mingw32/lib/../lib/libkernel32.a(dgzcs01330.o)
                0x6cb28080                _imp__lstrcmpW@8
 .idata$5       0x6cb28084        0x4 C:/GNU/MINGW64/i686-8.1.0-win32-dwarf-rt_v6-rev0/mingw32/bin/../lib/gcc/i686-w64-mingw32/8.1.0/../../../../i686-w64-mingw32/lib/../lib/libkernel32.a(dgzcs01335.o)
                0x6cb28084                _imp__lstrcpyA@8
 .idata$5       0x6cb28088        0x4 C:/GNU/MINGW64/i686-8.1.0-win32-dwarf-rt_v6-rev0/mingw32/bin/../lib/gcc/i686-w64-mingw32/8.1.0/../../../../i686-w64-mingw32/lib/../lib/libkernel32.a(dgzcs01336.o)
                0x6cb28088                _imp__lstrcpyW@8
 .idata$5       0x6cb2808c        0x4 C:/GNU/MINGW64/i686-8.1.0-win32-dwarf-rt_v6-rev0/mingw32/bin/../lib/gcc/i686-w64-mingw32/8.1.0/../../../../i686-w64-mingw32/lib/../lib/libkernel32.a(dgzcs01342.o)
                0x6cb2808c                _imp__lstrlenW@4
 .idata$5       0x6cb28090        0x4 C:/GNU/MINGW64/i686-8.1.0-win32-dwarf-rt_v6-rev0/mingw32/bin/../lib/gcc/i686-w64-mingw32/8.1.0/../../../../i686-w64-mingw32/lib/../lib/libkernel32.a(dgzct.o)
 .idata$5       0x6cb28094        0x0 C:/GNU/MINGW64/i686-8.1.0-win32-dwarf-rt_v6-rev0/mingw32/bin/../lib/gcc/i686-w64-mingw32/8.1.0/../../../../i686-w64-mingw32/lib/../lib/libuser32.a(dmceh.o)
 .idata$5       0x6cb28094        0x4 C:/GNU/MINGW64/i686-8.1.0-win32-dwarf-rt_v6-rev0/mingw32/bin/../lib/gcc/i686-w64-mingw32/8.1.0/../../../../i686-w64-mingw32/lib/../lib/libuser32.a(dmces00912.o)
                0x6cb28094                _imp__wsprintfW
 .idata$5       0x6cb28098        0x4 C:/GNU/MINGW64/i686-8.1.0-win32-dwarf-rt_v6-rev0/mingw32/bin/../lib/gcc/i686-w64-mingw32/8.1.0/../../../../i686-w64-mingw32/lib/../lib/libuser32.a(dmcet.o)
                0x6cb2809c                __IAT_end__ = .
 SORT_BY_NAME(*)(.idata$6)
 .idata$6       0x6cb2809c       0x10 C:/GNU/MINGW64/i686-8.1.0-win32-dwarf-rt_v6-rev0/mingw32/bin/../lib/gcc/i686-w64-mingw32/8.1.0/../../../../i686-w64-mingw32/lib/../lib/libkernel32.a(dgzcs00666.o)
 .idata$6       0x6cb280ac        0xc C:/GNU/MINGW64/i686-8.1.0-win32-dwarf-rt_v6-rev0/mingw32/bin/../lib/gcc/i686-w64-mingw32/8.1.0/../../../../i686-w64-mingw32/lib/../lib/libkernel32.a(dgzcs00723.o)
 .idata$6       0x6cb280b8        0xe C:/GNU/MINGW64/i686-8.1.0-win32-dwarf-rt_v6-rev0/mingw32/bin/../lib/gcc/i686-w64-mingw32/8.1.0/../../../../i686-w64-mingw32/lib/../lib/libkernel32.a(dgzcs00725.o)
 .idata$6       0x6cb280c6        0xe C:/GNU/MINGW64/i686-8.1.0-win32-dwarf-rt_v6-rev0/mingw32/bin/../lib/gcc/i686-w64-mingw32/8.1.0/../../../../i686-w64-mingw32/lib/../lib/libkernel32.a(dgzcs00727.o)
 .idata$6       0x6cb280d4        0xc C:/GNU/MINGW64/i686-8.1.0-win32-dwarf-rt_v6-rev0/mingw32/bin/../lib/gcc/i686-w64-mingw32/8.1.0/../../../../i686-w64-mingw32/lib/../lib/libkernel32.a(dgzcs00729.o)
 .idata$6       0x6cb280e0        0xc C:/GNU/MINGW64/i686-8.1.0-win32-dwarf-rt_v6-rev0/mingw32/bin/../lib/gcc/i686-w64-mingw32/8.1.0/../../../../i686-w64-mingw32/lib/../lib/libkernel32.a(dgzcs01330.o)
 .idata$6       0x6cb280ec        0xc C:/GNU/MINGW64/i686-8.1.0-win32-dwarf-rt_v6-rev0/mingw32/bin/../lib/gcc/i686-w64-mingw32/8.1.0/../../../../i686-w64-mingw32/lib/../lib/libkernel32.a(dgzcs01335.o)
 .idata$6       0x6cb280f8        0xc C:/GNU/MINGW64/i686-8.1.0-win32-dwarf-rt_v6-rev0/mingw32/bin/../lib/gcc/i686-w64-mingw32/8.1.0/../../../../i686-w64-mingw32/lib/../lib/libkernel32.a(dgzcs01336.o)
 .idata$6       0x6cb28104        0xc C:/GNU/MINGW64/i686-8.1.0-win32-dwarf-rt_v6-rev0/mingw32/bin/../lib/gcc/i686-w64-mingw32/8.1.0/../../../../i686-w64-mingw32/lib/../lib/libkernel32.a(dgzcs01342.o)
 .idata$6       0x6cb28110        0xc C:/GNU/MINGW64/i686-8.1.0-win32-dwarf-rt_v6-rev0/mingw32/bin/../lib/gcc/i686-w64-mingw32/8.1.0/../../../../i686-w64-mingw32/lib/../lib/libuser32.a(dmces00912.o)
 SORT_BY_NAME(*)(.idata$7)
 .idata$7       0x6cb2811c        0x4 C:/GNU/MINGW64/i686-8.1.0-win32-dwarf-rt_v6-rev0/mingw32/bin/../lib/gcc/i686-w64-mingw32/8.1.0/../../../../i686-w64-mingw32/lib/../lib/libkernel32.a(dgzcs00666.o)
 .idata$7       0x6cb28120        0x4 C:/GNU/MINGW64/i686-8.1.0-win32-dwarf-rt_v6-rev0/mingw32/bin/../lib/gcc/i686-w64-mingw32/8.1.0/../../../../i686-w64-mingw32/lib/../lib/libkernel32.a(dgzcs00723.o)
 .idata$7       0x6cb28124        0x4 C:/GNU/MINGW64/i686-8.1.0-win32-dwarf-rt_v6-rev0/mingw32/bin/../lib/gcc/i686-w64-mingw32/8.1.0/../../../../i686-w64-mingw32/lib/../lib/libkernel32.a(dgzcs00725.o)
 .idata$7       0x6cb28128        0x4 C:/GNU/MINGW64/i686-8.1.0-win32-dwarf-rt_v6-rev0/mingw32/bin/../lib/gcc/i686-w64-mingw32/8.1.0/../../../../i686-w64-mingw32/lib/../lib/libkernel32.a(dgzcs00727.o)
 .idata$7       0x6cb2812c        0x4 C:/GNU/MINGW64/i686-8.1.0-win32-dwarf-rt_v6-rev0/mingw32/bin/../lib/gcc/i686-w64-mingw32/8.1.0/../../../../i686-w64-mingw32/lib/../lib/libkernel32.a(dgzcs00729.o)
 .idata$7       0x6cb28130        0x4 C:/GNU/MINGW64/i686-8.1.0-win32-dwarf-rt_v6-rev0/mingw32/bin/../lib/gcc/i686-w64-mingw32/8.1.0/../../../../i686-w64-mingw32/lib/../lib/libkernel32.a(dgzcs01330.o)
 .idata$7       0x6cb28134        0x4 C:/GNU/MINGW64/i686-8.1.0-win32-dwarf-rt_v6-rev0/mingw32/bin/../lib/gcc/i686-w64-mingw32/8.1.0/../../../../i686-w64-mingw32/lib/../lib/libkernel32.a(dgzcs01335.o)
 .idata$7       0x6cb28138        0x4 C:/GNU/MINGW64/i686-8.1.0-win32-dwarf-rt_v6-rev0/mingw32/bin/../lib/gcc/i686-w64-mingw32/8.1.0/../../../../i686-w64-mingw32/lib/../lib/libkernel32.a(dgzcs01336.o)
 .idata$7       0x6cb2813c        0x4 C:/GNU/MINGW64/i686-8.1.0-win32-dwarf-rt_v6-rev0/mingw32/bin/../lib/gcc/i686-w64-mingw32/8.1.0/../../../../i686-w64-mingw32/lib/../lib/libkernel32.a(dgzcs01342.o)
 .idata$7       0x6cb28140       0x10 C:/GNU/MINGW64/i686-8.1.0-win32-dwarf-rt_v6-rev0/mingw32/bin/../lib/gcc/i686-w64-mingw32/8.1.0/../../../../i686-w64-mingw32/lib/../lib/libkernel32.a(dgzct.o)
                0x6cb28140                _lib32_libkernel32_a_iname
 .idata$7       0x6cb28150        0x4 C:/GNU/MINGW64/i686-8.1.0-win32-dwarf-rt_v6-rev0/mingw32/bin/../lib/gcc/i686-w64-mingw32/8.1.0/../../../../i686-w64-mingw32/lib/../lib/libuser32.a(dmces00912.o)
 .idata$7       0x6cb28154        0xc C:/GNU/MINGW64/i686-8.1.0-win32-dwarf-rt_v6-rev0/mingw32/bin/../lib/gcc/i686-w64-mingw32/8.1.0/../../../../i686-w64-mingw32/lib/../lib/libuser32.a(dmcet.o)
                0x6cb28154                _lib32_libuser32_a_iname

.CRT            0x6cb29000        0x0
                0x6cb29000                ___crt_xc_start__ = .
 *(SORT_BY_NAME(.CRT$XC*))
                0x6cb29000                ___crt_xc_end__ = .
                0x6cb29000                ___crt_xi_start__ = .
 *(SORT_BY_NAME(.CRT$XI*))
                0x6cb29000                ___crt_xi_end__ = .
                0x6cb29000                ___crt_xl_start__ = .
 *(SORT_BY_NAME(.CRT$XL*))
                0x6cb29000                ___crt_xp_start__ = .
 *(SORT_BY_NAME(.CRT$XP*))
                0x6cb29000                ___crt_xp_end__ = .
                0x6cb29000                ___crt_xt_start__ = .
 *(SORT_BY_NAME(.CRT$XT*))
                0x6cb29000                ___crt_xt_end__ = .

.tls            0x6cb29000        0x0
                0x6cb29000                ___tls_start__ = .
 *(.tls$AAA)
 *(.tls)
 *(.tls$)
 *(SORT_BY_NAME(.tls$*))
 *(.tls$ZZZ)
                0x6cb29000                ___tls_end__ = .

.endjunk        0x6cb29000        0x0
                [!provide]                PROVIDE (end = .)
                [!provide]                PROVIDE (_end = .)
                0x6cb29000                __end__ = .

.rsrc           0x6cb29000      0x600
 *(.rsrc)
 .rsrc          0x6cb29000      0x5a0 ../build/x86_Debug/version.o
 *(.rsrc$*)

.reloc          0x6cb2a000    0x59600
 *(.reloc)
 .reloc         0x6cb2a000    0x59488 dll stuff

.stab
 *(.stab)

.stabstr
 *(.stabstr)

.debug_aranges  0x6cb84000      0x800
 *(.debug_aranges)
 .debug_aranges
                0x6cb84000       0x20 ../build/x86_Debug/cpuid.o
 .debug_aranges
                0x6cb84020       0x20 ../build/x86_Debug/debug.o
 .debug_aranges
                0x6cb84040       0x20 ../build/x86_Debug/dllmain.o
 .debug_aranges
                0x6cb84060       0x20 ../build/x86_Debug/INTERNALTEST_op_DivRem.o
 .debug_aranges
                0x6cb84080       0x20 ../build/x86_Debug/INTERNALTEST_op_Multiply.o
 .debug_aranges
                0x6cb840a0       0x20 ../build/x86_Debug/memory.o
 .debug_aranges
                0x6cb840c0       0x20 ../build/x86_Debug/pmc_add.o
 .debug_aranges
                0x6cb840e0       0x20 ../build/x86_Debug/pmc_bitwiseand.o
 .debug_aranges
                0x6cb84100       0x20 ../build/x86_Debug/pmc_bitwiseor.o
 .debug_aranges
                0x6cb84120       0x20 ../build/x86_Debug/pmc_bytes.o
 .debug_aranges
                0x6cb84140       0x20 ../build/x86_Debug/pmc_clone.o
 .debug_aranges
                0x6cb84160       0x20 ../build/x86_Debug/pmc_compare.o
 .debug_aranges
                0x6cb84180       0x20 ../build/x86_Debug/pmc_divrem.o
 .debug_aranges
                0x6cb841a0       0x20 ../build/x86_Debug/pmc_equals.o
 .debug_aranges
                0x6cb841c0       0x20 ../build/x86_Debug/pmc_exclusiveor.o
 .debug_aranges
                0x6cb841e0       0x20 ../build/x86_Debug/pmc_from.o
 .debug_aranges
                0x6cb84200       0x20 ../build/x86_Debug/pmc_getpropertyvalue.o
 .debug_aranges
                0x6cb84220       0x20 ../build/x86_Debug/pmc_greatestcommondivisor.o
 .debug_aranges
                0x6cb84240       0x20 ../build/x86_Debug/pmc_initialize.o
 .debug_aranges
                0x6cb84260       0x20 ../build/x86_Debug/pmc_modpow.o
 .debug_aranges
                0x6cb84280       0x20 ../build/x86_Debug/pmc_multiply.o
 .debug_aranges
                0x6cb842a0       0x20 ../build/x86_Debug/pmc_parse.o
 .debug_aranges
                0x6cb842c0       0x20 ../build/x86_Debug/pmc_pow.o
 .debug_aranges
                0x6cb842e0       0x20 ../build/x86_Debug/pmc_shift.o
 .debug_aranges
                0x6cb84300       0x20 ../build/x86_Debug/pmc_statistics.o
 .debug_aranges
                0x6cb84320       0x20 ../build/x86_Debug/pmc_subtruct.o
 .debug_aranges
                0x6cb84340       0x20 ../build/x86_Debug/pmc_to.o
 .debug_aranges
                0x6cb84360       0x20 ../build/x86_Debug/pmc_tostring.o
 .debug_aranges
                0x6cb84380       0x20 ../build/x86_Debug/TEST_autogenerated.o
 .debug_aranges
                0x6cb843a0       0x20 ../build/x86_Debug/TEST_op_Add.o
 .debug_aranges
                0x6cb843c0       0x20 ../build/x86_Debug/TEST_op_BitwiseAnd.o
 .debug_aranges
                0x6cb843e0       0x20 ../build/x86_Debug/TEST_op_BitwiseOr.o
 .debug_aranges
                0x6cb84400       0x20 ../build/x86_Debug/TEST_op_Clone.o
 .debug_aranges
                0x6cb84420       0x20 ../build/x86_Debug/TEST_op_Compare.o
 .debug_aranges
                0x6cb84440       0x20 ../build/x86_Debug/TEST_op_DivRem.o
 .debug_aranges
                0x6cb84460       0x20 ../build/x86_Debug/TEST_op_Equals.o
 .debug_aranges
                0x6cb84480       0x20 ../build/x86_Debug/TEST_op_ExclusiveOr.o
 .debug_aranges
                0x6cb844a0       0x20 ../build/x86_Debug/TEST_op_From_To.o
 .debug_aranges
                0x6cb844c0       0x20 ../build/x86_Debug/TEST_op_GetPropertyValue.o
 .debug_aranges
                0x6cb844e0       0x20 ../build/x86_Debug/TEST_op_GreatestCommonDivisor.o
 .debug_aranges
                0x6cb84500       0x20 ../build/x86_Debug/TEST_op_ModPow.o
 .debug_aranges
                0x6cb84520       0x20 ../build/x86_Debug/TEST_op_Multiply.o
 .debug_aranges
                0x6cb84540       0x20 ../build/x86_Debug/TEST_op_ParseDN.o
 .debug_aranges
                0x6cb84560       0x20 ../build/x86_Debug/TEST_op_ParseX.o
 .debug_aranges
                0x6cb84580       0x20 ../build/x86_Debug/TEST_op_Pow.o
 .debug_aranges
                0x6cb845a0       0x20 ../build/x86_Debug/TEST_op_Shift.o
 .debug_aranges
                0x6cb845c0       0x20 ../build/x86_Debug/TEST_op_Subtruct.o
 .debug_aranges
                0x6cb845e0       0x20 ../build/x86_Debug/TEST_op_ToStringD.o
 .debug_aranges
                0x6cb84600       0x20 ../build/x86_Debug/TEST_op_ToStringN.o
 .debug_aranges
                0x6cb84620       0x20 ../build/x86_Debug/TEST_op_ToStringX.o

.zdebug_aranges
 *(.zdebug_aranges)

.debug_pubnames
 *(.debug_pubnames)

.zdebug_pubnames
 *(.zdebug_pubnames)

.debug_pubtypes
 *(.debug_pubtypes)

.zdebug_pubtypes
 *(.zdebug_pubtypes)

.debug_info     0x6cb85000   0x1c3c00
 *(.debug_info .gnu.linkonce.wi.*)
 .debug_info    0x6cb85000     0x50af ../build/x86_Debug/cpuid.o
 .debug_info    0x6cb8a0af     0x5ecd ../build/x86_Debug/debug.o
 .debug_info    0x6cb8ff7c     0x4d4b ../build/x86_Debug/dllmain.o
 .debug_info    0x6cb94cc7     0x5f45 ../build/x86_Debug/INTERNALTEST_op_DivRem.o
 .debug_info    0x6cb9ac0c     0x5e34 ../build/x86_Debug/INTERNALTEST_op_Multiply.o
 .debug_info    0x6cba0a40     0x5cd8 ../build/x86_Debug/memory.o
 .debug_info    0x6cba6718     0x5fc5 ../build/x86_Debug/pmc_add.o
 .debug_info    0x6cbac6dd     0x538a ../build/x86_Debug/pmc_bitwiseand.o
 .debug_info    0x6cbb1a67     0x5618 ../build/x86_Debug/pmc_bitwiseor.o
 .debug_info    0x6cbb707f     0x4fbc ../build/x86_Debug/pmc_bytes.o
 .debug_info    0x6cbbc03b     0x4e56 ../build/x86_Debug/pmc_clone.o
 .debug_info    0x6cbc0e91     0x5311 ../build/x86_Debug/pmc_compare.o
 .debug_info    0x6cbc61a2     0x72e5 ../build/x86_Debug/pmc_divrem.o
 .debug_info    0x6cbcd487     0x52ce ../build/x86_Debug/pmc_equals.o
 .debug_info    0x6cbd2755     0x5679 ../build/x86_Debug/pmc_exclusiveor.o
 .debug_info    0x6cbd7dce     0x5077 ../build/x86_Debug/pmc_from.o
 .debug_info    0x6cbdce45     0x4ecd ../build/x86_Debug/pmc_getpropertyvalue.o
 .debug_info    0x6cbe1d12     0x59d6 ../build/x86_Debug/pmc_greatestcommondivisor.o
 .debug_info    0x6cbe76e8     0x5d93 ../build/x86_Debug/pmc_initialize.o
 .debug_info    0x6cbed47b     0x557e ../build/x86_Debug/pmc_modpow.o
 .debug_info    0x6cbf29f9     0x60e7 ../build/x86_Debug/pmc_multiply.o
 .debug_info    0x6cbf8ae0     0x66c0 ../build/x86_Debug/pmc_parse.o
 .debug_info    0x6cbff1a0     0x52a2 ../build/x86_Debug/pmc_pow.o
 .debug_info    0x6cc04442     0x57ef ../build/x86_Debug/pmc_shift.o
 .debug_info    0x6cc09c31     0x4d1b ../build/x86_Debug/pmc_statistics.o
 .debug_info    0x6cc0e94c     0x59d5 ../build/x86_Debug/pmc_subtruct.o
 .debug_info    0x6cc14321     0x4f21 ../build/x86_Debug/pmc_to.o
 .debug_info    0x6cc19242     0x62b5 ../build/x86_Debug/pmc_tostring.o
 .debug_info    0x6cc1f4f7    0xb07e4 ../build/x86_Debug/TEST_autogenerated.o
 .debug_info    0x6cccfcdb     0x5e01 ../build/x86_Debug/TEST_op_Add.o
 .debug_info    0x6ccd5adc     0x5d66 ../build/x86_Debug/TEST_op_BitwiseAnd.o
 .debug_info    0x6ccdb842     0x5e19 ../build/x86_Debug/TEST_op_BitwiseOr.o
 .debug_info    0x6cce165b     0x59f9 ../build/x86_Debug/TEST_op_Clone.o
 .debug_info    0x6cce7054     0x5c6b ../build/x86_Debug/TEST_op_Compare.o
 .debug_info    0x6cceccbf     0x5edd ../build/x86_Debug/TEST_op_DivRem.o
 .debug_info    0x6ccf2b9c     0x5c65 ../build/x86_Debug/TEST_op_Equals.o
 .debug_info    0x6ccf8801     0x5e25 ../build/x86_Debug/TEST_op_ExclusiveOr.o
 .debug_info    0x6ccfe626     0x5beb ../build/x86_Debug/TEST_op_From_To.o
 .debug_info    0x6cd04211     0x5950 ../build/x86_Debug/TEST_op_GetPropertyValue.o
 .debug_info    0x6cd09b61     0x5eb9 ../build/x86_Debug/TEST_op_GreatestCommonDivisor.o
 .debug_info    0x6cd0fa1a     0x5ab1 ../build/x86_Debug/TEST_op_ModPow.o
 .debug_info    0x6cd154cb     0x5e1f ../build/x86_Debug/TEST_op_Multiply.o
 .debug_info    0x6cd1b2ea     0x5bbf ../build/x86_Debug/TEST_op_ParseDN.o
 .debug_info    0x6cd20ea9     0x5a60 ../build/x86_Debug/TEST_op_ParseX.o
 .debug_info    0x6cd26909     0x5a25 ../build/x86_Debug/TEST_op_Pow.o
 .debug_info    0x6cd2c32e     0x5c0f ../build/x86_Debug/TEST_op_Shift.o
 .debug_info    0x6cd31f3d     0x5df3 ../build/x86_Debug/TEST_op_Subtruct.o
 .debug_info    0x6cd37d30     0x59f6 ../build/x86_Debug/TEST_op_ToStringD.o
 .debug_info    0x6cd3d726     0x5a5b ../build/x86_Debug/TEST_op_ToStringN.o
 .debug_info    0x6cd43181     0x59f6 ../build/x86_Debug/TEST_op_ToStringX.o

.zdebug_info
 *(.zdebug_info .zdebug.gnu.linkonce.wi.*)

.debug_abbrev   0x6cd49000     0x7400
 *(.debug_abbrev)
 .debug_abbrev  0x6cd49000      0x200 ../build/x86_Debug/cpuid.o
 .debug_abbrev  0x6cd49200      0x268 ../build/x86_Debug/debug.o
 .debug_abbrev  0x6cd49468      0x175 ../build/x86_Debug/dllmain.o
 .debug_abbrev  0x6cd495dd      0x213 ../build/x86_Debug/INTERNALTEST_op_DivRem.o
 .debug_abbrev  0x6cd497f0      0x213 ../build/x86_Debug/INTERNALTEST_op_Multiply.o
 .debug_abbrev  0x6cd49a03      0x45d ../build/x86_Debug/memory.o
 .debug_abbrev  0x6cd49e60      0x306 ../build/x86_Debug/pmc_add.o
 .debug_abbrev  0x6cd4a166      0x252 ../build/x86_Debug/pmc_bitwiseand.o
 .debug_abbrev  0x6cd4a3b8      0x314 ../build/x86_Debug/pmc_bitwiseor.o
 .debug_abbrev  0x6cd4a6cc      0x262 ../build/x86_Debug/pmc_bytes.o
 .debug_abbrev  0x6cd4a92e      0x195 ../build/x86_Debug/pmc_clone.o
 .debug_abbrev  0x6cd4aac3      0x294 ../build/x86_Debug/pmc_compare.o
 .debug_abbrev  0x6cd4ad57      0x3ea ../build/x86_Debug/pmc_divrem.o
 .debug_abbrev  0x6cd4b141      0x271 ../build/x86_Debug/pmc_equals.o
 .debug_abbrev  0x6cd4b3b2      0x314 ../build/x86_Debug/pmc_exclusiveor.o
 .debug_abbrev  0x6cd4b6c6      0x244 ../build/x86_Debug/pmc_from.o
 .debug_abbrev  0x6cd4b90a      0x195 ../build/x86_Debug/pmc_getpropertyvalue.o
 .debug_abbrev  0x6cd4ba9f      0x307 ../build/x86_Debug/pmc_greatestcommondivisor.o
 .debug_abbrev  0x6cd4bda6      0x1fb ../build/x86_Debug/pmc_initialize.o
 .debug_abbrev  0x6cd4bfa1      0x2bd ../build/x86_Debug/pmc_modpow.o
 .debug_abbrev  0x6cd4c25e      0x3a3 ../build/x86_Debug/pmc_multiply.o
 .debug_abbrev  0x6cd4c601      0x3d6 ../build/x86_Debug/pmc_parse.o
 .debug_abbrev  0x6cd4c9d7      0x2d2 ../build/x86_Debug/pmc_pow.o
 .debug_abbrev  0x6cd4cca9      0x2ea ../build/x86_Debug/pmc_shift.o
 .debug_abbrev  0x6cd4cf93      0x18a ../build/x86_Debug/pmc_statistics.o
 .debug_abbrev  0x6cd4d11d      0x305 ../build/x86_Debug/pmc_subtruct.o
 .debug_abbrev  0x6cd4d422      0x1af ../build/x86_Debug/pmc_to.o
 .debug_abbrev  0x6cd4d5d1      0x3d6 ../build/x86_Debug/pmc_tostring.o
 .debug_abbrev  0x6cd4d9a7      0x1f2 ../build/x86_Debug/TEST_autogenerated.o
 .debug_abbrev  0x6cd4db99      0x1d8 ../build/x86_Debug/TEST_op_Add.o
 .debug_abbrev  0x6cd4dd71      0x1d8 ../build/x86_Debug/TEST_op_BitwiseAnd.o
 .debug_abbrev  0x6cd4df49      0x1d8 ../build/x86_Debug/TEST_op_BitwiseOr.o
 .debug_abbrev  0x6cd4e121      0x1b6 ../build/x86_Debug/TEST_op_Clone.o
 .debug_abbrev  0x6cd4e2d7      0x1d8 ../build/x86_Debug/TEST_op_Compare.o
 .debug_abbrev  0x6cd4e4af      0x1fa ../build/x86_Debug/TEST_op_DivRem.o
 .debug_abbrev  0x6cd4e6a9      0x1d8 ../build/x86_Debug/TEST_op_Equals.o
 .debug_abbrev  0x6cd4e881      0x1d8 ../build/x86_Debug/TEST_op_ExclusiveOr.o
 .debug_abbrev  0x6cd4ea59      0x1d8 ../build/x86_Debug/TEST_op_From_To.o
 .debug_abbrev  0x6cd4ec31      0x19c ../build/x86_Debug/TEST_op_GetPropertyValue.o
 .debug_abbrev  0x6cd4edcd      0x1e9 ../build/x86_Debug/TEST_op_GreatestCommonDivisor.o
 .debug_abbrev  0x6cd4efb6      0x1c7 ../build/x86_Debug/TEST_op_ModPow.o
 .debug_abbrev  0x6cd4f17d      0x1d8 ../build/x86_Debug/TEST_op_Multiply.o
 .debug_abbrev  0x6cd4f355      0x209 ../build/x86_Debug/TEST_op_ParseDN.o
 .debug_abbrev  0x6cd4f55e      0x1d6 ../build/x86_Debug/TEST_op_ParseX.o
 .debug_abbrev  0x6cd4f734      0x1bf ../build/x86_Debug/TEST_op_Pow.o
 .debug_abbrev  0x6cd4f8f3      0x1f4 ../build/x86_Debug/TEST_op_Shift.o
 .debug_abbrev  0x6cd4fae7      0x1d8 ../build/x86_Debug/TEST_op_Subtruct.o
 .debug_abbrev  0x6cd4fcbf      0x1c3 ../build/x86_Debug/TEST_op_ToStringD.o
 .debug_abbrev  0x6cd4fe82      0x1c3 ../build/x86_Debug/TEST_op_ToStringN.o
 .debug_abbrev  0x6cd50045      0x1c3 ../build/x86_Debug/TEST_op_ToStringX.o

.zdebug_abbrev
 *(.zdebug_abbrev)

.debug_line     0x6cd51000    0x33000
 *(.debug_line)
 .debug_line    0x6cd51000      0x3a9 ../build/x86_Debug/cpuid.o
 .debug_line    0x6cd513a9      0x336 ../build/x86_Debug/debug.o
 .debug_line    0x6cd516df      0x24e ../build/x86_Debug/dllmain.o
 .debug_line    0x6cd5192d      0x423 ../build/x86_Debug/INTERNALTEST_op_DivRem.o
 .debug_line    0x6cd51d50      0x39c ../build/x86_Debug/INTERNALTEST_op_Multiply.o
 .debug_line    0x6cd520ec      0xa91 ../build/x86_Debug/memory.o
 .debug_line    0x6cd52b7d      0x87c ../build/x86_Debug/pmc_add.o
 .debug_line    0x6cd533f9      0x8a1 ../build/x86_Debug/pmc_bitwiseand.o
 .debug_line    0x6cd53c9a      0x9df ../build/x86_Debug/pmc_bitwiseor.o
 .debug_line    0x6cd54679      0x3ab ../build/x86_Debug/pmc_bytes.o
 .debug_line    0x6cd54a24      0x281 ../build/x86_Debug/pmc_clone.o
 .debug_line    0x6cd54ca5      0x550 ../build/x86_Debug/pmc_compare.o
 .debug_line    0x6cd551f5     0x13a8 ../build/x86_Debug/pmc_divrem.o
 .debug_line    0x6cd5659d      0x452 ../build/x86_Debug/pmc_equals.o
 .debug_line    0x6cd569ef      0xa16 ../build/x86_Debug/pmc_exclusiveor.o
 .debug_line    0x6cd57405      0x351 ../build/x86_Debug/pmc_from.o
 .debug_line    0x6cd57756      0x285 ../build/x86_Debug/pmc_getpropertyvalue.o
 .debug_line    0x6cd579db      0x82e ../build/x86_Debug/pmc_greatestcommondivisor.o
 .debug_line    0x6cd58209      0x3ab ../build/x86_Debug/pmc_initialize.o
 .debug_line    0x6cd585b4      0x75e ../build/x86_Debug/pmc_modpow.o
 .debug_line    0x6cd58d12      0x9e0 ../build/x86_Debug/pmc_multiply.o
 .debug_line    0x6cd596f2     0x12cc ../build/x86_Debug/pmc_parse.o
 .debug_line    0x6cd5a9be      0x4b0 ../build/x86_Debug/pmc_pow.o
 .debug_line    0x6cd5ae6e     0x1801 ../build/x86_Debug/pmc_shift.o
 .debug_line    0x6cd5c66f      0x21c ../build/x86_Debug/pmc_statistics.o
 .debug_line    0x6cd5c88b      0x7f6 ../build/x86_Debug/pmc_subtruct.o
 .debug_line    0x6cd5d081      0x2e7 ../build/x86_Debug/pmc_to.o
 .debug_line    0x6cd5d368      0xb23 ../build/x86_Debug/pmc_tostring.o
 .debug_line    0x6cd5de8b    0x2170d ../build/x86_Debug/TEST_autogenerated.o
 .debug_line    0x6cd7f598      0x471 ../build/x86_Debug/TEST_op_Add.o
 .debug_line    0x6cd7fa09      0x3df ../build/x86_Debug/TEST_op_BitwiseAnd.o
 .debug_line    0x6cd7fde8      0x47c ../build/x86_Debug/TEST_op_BitwiseOr.o
 .debug_line    0x6cd80264      0x2a1 ../build/x86_Debug/TEST_op_Clone.o
 .debug_line    0x6cd80505      0x387 ../build/x86_Debug/TEST_op_Compare.o
 .debug_line    0x6cd8088c      0x496 ../build/x86_Debug/TEST_op_DivRem.o
 .debug_line    0x6cd80d22      0x386 ../build/x86_Debug/TEST_op_Equals.o
 .debug_line    0x6cd810a8      0x47e ../build/x86_Debug/TEST_op_ExclusiveOr.o
 .debug_line    0x6cd81526      0x364 ../build/x86_Debug/TEST_op_From_To.o
 .debug_line    0x6cd8188a      0x25c ../build/x86_Debug/TEST_op_GetPropertyValue.o
 .debug_line    0x6cd81ae6      0x497 ../build/x86_Debug/TEST_op_GreatestCommonDivisor.o
 .debug_line    0x6cd81f7d      0x2e9 ../build/x86_Debug/TEST_op_ModPow.o
 .debug_line    0x6cd82266      0x476 ../build/x86_Debug/TEST_op_Multiply.o
 .debug_line    0x6cd826dc      0x30f ../build/x86_Debug/TEST_op_ParseDN.o
 .debug_line    0x6cd829eb      0x2a9 ../build/x86_Debug/TEST_op_ParseX.o
 .debug_line    0x6cd82c94      0x2a2 ../build/x86_Debug/TEST_op_Pow.o
 .debug_line    0x6cd82f36      0x318 ../build/x86_Debug/TEST_op_Shift.o
 .debug_line    0x6cd8324e      0x43f ../build/x86_Debug/TEST_op_Subtruct.o
 .debug_line    0x6cd8368d      0x27e ../build/x86_Debug/TEST_op_ToStringD.o
 .debug_line    0x6cd8390b      0x27e ../build/x86_Debug/TEST_op_ToStringN.o
 .debug_line    0x6cd83b89      0x27e ../build/x86_Debug/TEST_op_ToStringX.o

.zdebug_line
 *(.zdebug_line)

.debug_frame
 *(.debug_frame*)

.zdebug_frame
 *(.zdebug_frame*)

.debug_str      0x6cd84000     0x1000
 *(.debug_str)
 .debug_str     0x6cd84000       0x29 ../build/x86_Debug/cpuid.o
 .debug_str     0x6cd84029       0x13 ../build/x86_Debug/debug.o
 .debug_str     0x6cd8403c        0x9 ../build/x86_Debug/dllmain.o
 .debug_str     0x6cd84045        0x9 ../build/x86_Debug/INTERNALTEST_op_DivRem.o
 .debug_str     0x6cd8404e        0x9 ../build/x86_Debug/INTERNALTEST_op_Multiply.o
 .debug_str     0x6cd84057       0x62 ../build/x86_Debug/memory.o
 .debug_str     0x6cd840b9       0x57 ../build/x86_Debug/pmc_add.o
 .debug_str     0x6cd84110       0x10 ../build/x86_Debug/pmc_bitwiseand.o
 .debug_str     0x6cd84120       0x63 ../build/x86_Debug/pmc_bitwiseor.o
 .debug_str     0x6cd84183        0xf ../build/x86_Debug/pmc_bytes.o
 .debug_str     0x6cd84192        0x9 ../build/x86_Debug/pmc_clone.o
 .debug_str     0x6cd8419b       0x2f ../build/x86_Debug/pmc_compare.o
 .debug_str     0x6cd841ca       0xe4 ../build/x86_Debug/pmc_divrem.o
 .debug_str     0x6cd842ae       0x28 ../build/x86_Debug/pmc_equals.o
 .debug_str     0x6cd842d6       0x50 ../build/x86_Debug/pmc_exclusiveor.o
 .debug_str     0x6cd84326       0x1d ../build/x86_Debug/pmc_from.o
 .debug_str     0x6cd84343        0x9 ../build/x86_Debug/pmc_getpropertyvalue.o
 .debug_str     0x6cd8434c       0xb9 ../build/x86_Debug/pmc_greatestcommondivisor.o
 .debug_str     0x6cd84405       0x7c ../build/x86_Debug/pmc_initialize.o
 .debug_str     0x6cd84481       0x60 ../build/x86_Debug/pmc_modpow.o
 .debug_str     0x6cd844e1       0x9b ../build/x86_Debug/pmc_multiply.o
 .debug_str     0x6cd8457c       0xdd ../build/x86_Debug/pmc_parse.o
 .debug_str     0x6cd84659       0x1d ../build/x86_Debug/pmc_pow.o
 .debug_str     0x6cd84676       0x97 ../build/x86_Debug/pmc_shift.o
 .debug_str     0x6cd8470d        0x9 ../build/x86_Debug/pmc_statistics.o
 .debug_str     0x6cd84716       0x7e ../build/x86_Debug/pmc_subtruct.o
 .debug_str     0x6cd84794        0x9 ../build/x86_Debug/pmc_to.o
 .debug_str     0x6cd8479d       0x97 ../build/x86_Debug/pmc_tostring.o
 .debug_str     0x6cd84834        0x9 ../build/x86_Debug/TEST_autogenerated.o
 .debug_str     0x6cd8483d       0xca ../build/x86_Debug/TEST_op_Add.o
 .debug_str     0x6cd84907       0x4b ../build/x86_Debug/TEST_op_BitwiseAnd.o
 .debug_str     0x6cd84952       0x81 ../build/x86_Debug/TEST_op_BitwiseOr.o
 .debug_str     0x6cd849d3        0x9 ../build/x86_Debug/TEST_op_Clone.o
 .debug_str     0x6cd849dc       0x5e ../build/x86_Debug/TEST_op_Compare.o
 .debug_str     0x6cd84a3a       0xbb ../build/x86_Debug/TEST_op_DivRem.o
 .debug_str     0x6cd84af5       0x5e ../build/x86_Debug/TEST_op_Equals.o
 .debug_str     0x6cd84b53       0x81 ../build/x86_Debug/TEST_op_ExclusiveOr.o
 .debug_str     0x6cd84bd4       0x45 ../build/x86_Debug/TEST_op_From_To.o
 .debug_str     0x6cd84c19        0x9 ../build/x86_Debug/TEST_op_GetPropertyValue.o
 .debug_str     0x6cd84c22       0xde ../build/x86_Debug/TEST_op_GreatestCommonDivisor.o
 .debug_str     0x6cd84d00        0x9 ../build/x86_Debug/TEST_op_ModPow.o
 .debug_str     0x6cd84d09       0xca ../build/x86_Debug/TEST_op_Multiply.o
 .debug_str     0x6cd84dd3       0x5e ../build/x86_Debug/TEST_op_ParseDN.o
 .debug_str     0x6cd84e31        0x9 ../build/x86_Debug/TEST_op_ParseX.o
 .debug_str     0x6cd84e3a        0x9 ../build/x86_Debug/TEST_op_Pow.o
 .debug_str     0x6cd84e43       0x6c ../build/x86_Debug/TEST_op_Shift.o
 .debug_str     0x6cd84eaf       0xa8 ../build/x86_Debug/TEST_op_Subtruct.o
 .debug_str     0x6cd84f57        0x9 ../build/x86_Debug/TEST_op_ToStringD.o
 .debug_str     0x6cd84f60        0x9 ../build/x86_Debug/TEST_op_ToStringN.o
 .debug_str     0x6cd84f69        0x9 ../build/x86_Debug/TEST_op_ToStringX.o

.zdebug_str
 *(.zdebug_str)

.debug_loc
 *(.debug_loc)

.zdebug_loc
 *(.zdebug_loc)

.debug_macinfo
 *(.debug_macinfo)

.zdebug_macinfo
 *(.zdebug_macinfo)

.debug_weaknames
 *(.debug_weaknames)

.zdebug_weaknames
 *(.zdebug_weaknames)

.debug_funcnames
 *(.debug_funcnames)

.zdebug_funcnames
 *(.zdebug_funcnames)

.debug_typenames
 *(.debug_typenames)

.zdebug_typenames
 *(.zdebug_typenames)

.debug_varnames
 *(.debug_varnames)

.zdebug_varnames
 *(.zdebug_varnames)

.debug_macro
 *(.debug_macro)

.zdebug_macro
 *(.zdebug_macro)

.debug_ranges   0x6cd85000      0x200
 *(.debug_ranges)
 .debug_ranges  0x6cd85000       0xc8 ../build/x86_Debug/pmc_compare.o
 .debug_ranges  0x6cd850c8       0x30 ../build/x86_Debug/pmc_divrem.o
 .debug_ranges  0x6cd850f8       0x60 ../build/x86_Debug/pmc_subtruct.o

.zdebug_ranges
 *(.zdebug_ranges)

.debug_types
 *(.debug_types .gnu.linkonce.wt.*)

.zdebug_types
 *(.zdebug_types .gnu.linkonce.wt.*)

.debug_gdb_scripts
 *(.debug_gdb_scripts)

.zdebug_gdb_scripts
 *(.zdebug_gdb_scripts)
OUTPUT(../../dist/x86_Debug/Palmtree.Math.Core.Uint.dll pei-i386)
LOAD dll stuff
