Archive member included to satisfy reference by file (symbol)

C:/GNU/MINGW64/i686-8.1.0-win32-dwarf-rt_v6-rev0/mingw32/bin/../lib/gcc/i686-w64-mingw32/8.1.0/../../../../i686-w64-mingw32/lib/../lib/libkernel32.a(dgzcs01342.o)
                              ../build/x86_Debug/pmc_parse.o (_imp__lstrlenW@4)
C:/GNU/MINGW64/i686-8.1.0-win32-dwarf-rt_v6-rev0/mingw32/bin/../lib/gcc/i686-w64-mingw32/8.1.0/../../../../i686-w64-mingw32/lib/../lib/libkernel32.a(dgzcs01336.o)
                              ../build/x86_Debug/pmc_parse.o (_imp__lstrcpyW@8)
C:/GNU/MINGW64/i686-8.1.0-win32-dwarf-rt_v6-rev0/mingw32/bin/../lib/gcc/i686-w64-mingw32/8.1.0/../../../../i686-w64-mingw32/lib/../lib/libkernel32.a(dgzcs01330.o)
                              ../build/x86_Debug/TEST_op_ToStringD.o (_imp__lstrcmpW@8)
C:/GNU/MINGW64/i686-8.1.0-win32-dwarf-rt_v6-rev0/mingw32/bin/../lib/gcc/i686-w64-mingw32/8.1.0/../../../../i686-w64-mingw32/lib/../lib/libkernel32.a(dgzcs00729.o)
                              ../build/x86_Debug/pmc_memory.o (_imp__HeapFree@12)
C:/GNU/MINGW64/i686-8.1.0-win32-dwarf-rt_v6-rev0/mingw32/bin/../lib/gcc/i686-w64-mingw32/8.1.0/../../../../i686-w64-mingw32/lib/../lib/libkernel32.a(dgzcs00727.o)
                              ../build/x86_Debug/pmc_memory.o (_imp__HeapDestroy@4)
C:/GNU/MINGW64/i686-8.1.0-win32-dwarf-rt_v6-rev0/mingw32/bin/../lib/gcc/i686-w64-mingw32/8.1.0/../../../../i686-w64-mingw32/lib/../lib/libkernel32.a(dgzcs00725.o)
                              ../build/x86_Debug/pmc_memory.o (_imp__HeapCreate@12)
C:/GNU/MINGW64/i686-8.1.0-win32-dwarf-rt_v6-rev0/mingw32/bin/../lib/gcc/i686-w64-mingw32/8.1.0/../../../../i686-w64-mingw32/lib/../lib/libkernel32.a(dgzcs00723.o)
                              ../build/x86_Debug/pmc_memory.o (_imp__HeapAlloc@12)
C:/GNU/MINGW64/i686-8.1.0-win32-dwarf-rt_v6-rev0/mingw32/bin/../lib/gcc/i686-w64-mingw32/8.1.0/../../../../i686-w64-mingw32/lib/../lib/libkernel32.a(dgzcs00666.o)
                              ../build/x86_Debug/pmc_memory.o (_imp__GetTickCount@0)
C:/GNU/MINGW64/i686-8.1.0-win32-dwarf-rt_v6-rev0/mingw32/bin/../lib/gcc/i686-w64-mingw32/8.1.0/../../../../i686-w64-mingw32/lib/../lib/libkernel32.a(dgzch.o)
                              C:/GNU/MINGW64/i686-8.1.0-win32-dwarf-rt_v6-rev0/mingw32/bin/../lib/gcc/i686-w64-mingw32/8.1.0/../../../../i686-w64-mingw32/lib/../lib/libkernel32.a(dgzcs01342.o) (_head_lib32_libkernel32_a)
C:/GNU/MINGW64/i686-8.1.0-win32-dwarf-rt_v6-rev0/mingw32/bin/../lib/gcc/i686-w64-mingw32/8.1.0/../../../../i686-w64-mingw32/lib/../lib/libkernel32.a(dgzct.o)
                              C:/GNU/MINGW64/i686-8.1.0-win32-dwarf-rt_v6-rev0/mingw32/bin/../lib/gcc/i686-w64-mingw32/8.1.0/../../../../i686-w64-mingw32/lib/../lib/libkernel32.a(dgzch.o) (_lib32_libkernel32_a_iname)
C:/GNU/MINGW64/i686-8.1.0-win32-dwarf-rt_v6-rev0/mingw32/bin/../lib/gcc/i686-w64-mingw32/8.1.0/../../../../i686-w64-mingw32/lib/../lib/libuser32.a(dmces00912.o)
                              ../build/x86_Debug/debug.o (_imp__wsprintfW)
C:/GNU/MINGW64/i686-8.1.0-win32-dwarf-rt_v6-rev0/mingw32/bin/../lib/gcc/i686-w64-mingw32/8.1.0/../../../../i686-w64-mingw32/lib/../lib/libuser32.a(dmceh.o)
                              C:/GNU/MINGW64/i686-8.1.0-win32-dwarf-rt_v6-rev0/mingw32/bin/../lib/gcc/i686-w64-mingw32/8.1.0/../../../../i686-w64-mingw32/lib/../lib/libuser32.a(dmces00912.o) (_head_lib32_libuser32_a)
C:/GNU/MINGW64/i686-8.1.0-win32-dwarf-rt_v6-rev0/mingw32/bin/../lib/gcc/i686-w64-mingw32/8.1.0/../../../../i686-w64-mingw32/lib/../lib/libuser32.a(dmcet.o)
                              C:/GNU/MINGW64/i686-8.1.0-win32-dwarf-rt_v6-rev0/mingw32/bin/../lib/gcc/i686-w64-mingw32/8.1.0/../../../../i686-w64-mingw32/lib/../lib/libuser32.a(dmceh.o) (_lib32_libuser32_a_iname)

Allocating common symbols
Common symbol       size              file

number_zero         0x28              ../build/x86_Debug/pmc_memory.o
number_one          0x28              ../build/x86_Debug/pmc_memory.o
statistics_info     0x10              ../build/x86_Debug/pmc_statistics.o
hLocalHeap          0x4               ../build/x86_Debug/pmc_memory.o
configuration_info  0x4               ../build/x86_Debug/pmc_initialize.o

Discarded input sections

 .drectve       0x00000000       0x14 ../build/x86_Debug/debug.o
 .drectve       0x00000000       0x24 ../build/x86_Debug/pmc_initialize.o
 .drectve       0x00000000       0x54 ../build/x86_Debug/pmc_memory.o
 .drectve       0x00000000       0x20 ../build/x86_Debug/pmc_statistics.o
 .text          0x00000000        0x8 C:/GNU/MINGW64/i686-8.1.0-win32-dwarf-rt_v6-rev0/mingw32/bin/../lib/gcc/i686-w64-mingw32/8.1.0/../../../../i686-w64-mingw32/lib/../lib/libkernel32.a(dgzcs01342.o)
 .text          0x00000000        0x8 C:/GNU/MINGW64/i686-8.1.0-win32-dwarf-rt_v6-rev0/mingw32/bin/../lib/gcc/i686-w64-mingw32/8.1.0/../../../../i686-w64-mingw32/lib/../lib/libkernel32.a(dgzcs01336.o)
 .text          0x00000000        0x8 C:/GNU/MINGW64/i686-8.1.0-win32-dwarf-rt_v6-rev0/mingw32/bin/../lib/gcc/i686-w64-mingw32/8.1.0/../../../../i686-w64-mingw32/lib/../lib/libkernel32.a(dgzcs01330.o)
 .text          0x00000000        0x8 C:/GNU/MINGW64/i686-8.1.0-win32-dwarf-rt_v6-rev0/mingw32/bin/../lib/gcc/i686-w64-mingw32/8.1.0/../../../../i686-w64-mingw32/lib/../lib/libkernel32.a(dgzcs00729.o)
 .text          0x00000000        0x8 C:/GNU/MINGW64/i686-8.1.0-win32-dwarf-rt_v6-rev0/mingw32/bin/../lib/gcc/i686-w64-mingw32/8.1.0/../../../../i686-w64-mingw32/lib/../lib/libkernel32.a(dgzcs00727.o)
 .text          0x00000000        0x8 C:/GNU/MINGW64/i686-8.1.0-win32-dwarf-rt_v6-rev0/mingw32/bin/../lib/gcc/i686-w64-mingw32/8.1.0/../../../../i686-w64-mingw32/lib/../lib/libkernel32.a(dgzcs00725.o)
 .text          0x00000000        0x8 C:/GNU/MINGW64/i686-8.1.0-win32-dwarf-rt_v6-rev0/mingw32/bin/../lib/gcc/i686-w64-mingw32/8.1.0/../../../../i686-w64-mingw32/lib/../lib/libkernel32.a(dgzcs00723.o)
 .text          0x00000000        0x8 C:/GNU/MINGW64/i686-8.1.0-win32-dwarf-rt_v6-rev0/mingw32/bin/../lib/gcc/i686-w64-mingw32/8.1.0/../../../../i686-w64-mingw32/lib/../lib/libkernel32.a(dgzcs00666.o)
 .text          0x00000000        0x8 C:/GNU/MINGW64/i686-8.1.0-win32-dwarf-rt_v6-rev0/mingw32/bin/../lib/gcc/i686-w64-mingw32/8.1.0/../../../../i686-w64-mingw32/lib/../lib/libuser32.a(dmces00912.o)

Memory Configuration

Name             Origin             Length             Attributes
*default*        0x00000000         0xffffffff

Linker script and memory map

                0x6c640000                __image_base__ = 0x6c640000
                0x00000000                __dll__ = 0x0
                0x6c640000                ___ImageBase = 0x6c640000
                0x00001000                __section_alignment__ = 0x1000
                0x00000200                __file_alignment__ = 0x200
                0x00000004                __major_os_version__ = 0x4
                0x00000000                __minor_os_version__ = 0x0
                0x00000001                __major_image_version__ = 0x1
                0x00000000                __minor_image_version__ = 0x0
                0x00000004                __major_subsystem_version__ = 0x4
                0x00000000                __minor_subsystem_version__ = 0x0
                0x00000002                __subsystem__ = 0x2
                0x00200000                __size_of_stack_reserve__ = 0x200000
                0x00001000                __size_of_stack_commit__ = 0x1000
                0x00100000                __size_of_heap_reserve__ = 0x100000
                0x00001000                __size_of_heap_commit__ = 0x1000
                0x00000000                __loader_flags__ = 0x0
                0x00000000                __dll_characteristics__ = 0x0
LOAD ../build/x86_Debug/cpuid.o
LOAD ../build/x86_Debug/debug.o
LOAD ../build/x86_Debug/dllmain.o
LOAD ../build/x86_Debug/INTERNALTEST_op_DivRem.o
LOAD ../build/x86_Debug/INTERNALTEST_op_Multiply.o
LOAD ../build/x86_Debug/pmc_add.o
LOAD ../build/x86_Debug/pmc_bitwiseand.o
LOAD ../build/x86_Debug/pmc_bitwiseor.o
LOAD ../build/x86_Debug/pmc_bytes.o
LOAD ../build/x86_Debug/pmc_clone.o
LOAD ../build/x86_Debug/pmc_compare.o
LOAD ../build/x86_Debug/pmc_divrem.o
LOAD ../build/x86_Debug/pmc_equals.o
LOAD ../build/x86_Debug/pmc_exclusiveor.o
LOAD ../build/x86_Debug/pmc_from.o
LOAD ../build/x86_Debug/pmc_greatestcommondivisor.o
LOAD ../build/x86_Debug/pmc_initialize.o
LOAD ../build/x86_Debug/pmc_memory.o
LOAD ../build/x86_Debug/pmc_modpow.o
LOAD ../build/x86_Debug/pmc_multiply.o
LOAD ../build/x86_Debug/pmc_parse.o
LOAD ../build/x86_Debug/pmc_pow.o
LOAD ../build/x86_Debug/pmc_shift.o
LOAD ../build/x86_Debug/pmc_statistics.o
LOAD ../build/x86_Debug/pmc_subtruct.o
LOAD ../build/x86_Debug/pmc_to.o
LOAD ../build/x86_Debug/pmc_tostring.o
LOAD ../build/x86_Debug/TEST_autogenerated_1.o
LOAD ../build/x86_Debug/TEST_autogenerated_2.o
LOAD ../build/x86_Debug/TEST_op_Add.o
LOAD ../build/x86_Debug/TEST_op_BitwiseAnd.o
LOAD ../build/x86_Debug/TEST_op_BitwiseOr.o
LOAD ../build/x86_Debug/TEST_op_Clone.o
LOAD ../build/x86_Debug/TEST_op_Compare.o
LOAD ../build/x86_Debug/TEST_op_DivRem.o
LOAD ../build/x86_Debug/TEST_op_Equals.o
LOAD ../build/x86_Debug/TEST_op_ExclusiveOr.o
LOAD ../build/x86_Debug/TEST_op_From_To.o
LOAD ../build/x86_Debug/TEST_op_GreatestCommonDivisor.o
LOAD ../build/x86_Debug/TEST_op_ModPow.o
LOAD ../build/x86_Debug/TEST_op_Multiply.o
LOAD ../build/x86_Debug/TEST_op_ParseDN.o
LOAD ../build/x86_Debug/TEST_op_ParseX.o
LOAD ../build/x86_Debug/TEST_op_Pow.o
LOAD ../build/x86_Debug/TEST_op_Remainder.o
LOAD ../build/x86_Debug/TEST_op_Shift.o
LOAD ../build/x86_Debug/TEST_op_Subtruct.o
LOAD ../build/x86_Debug/TEST_op_ToStringD.o
LOAD ../build/x86_Debug/TEST_op_ToStringN.o
LOAD ../build/x86_Debug/TEST_op_ToStringX.o
LOAD ../build/x86_Debug/version.o
LOAD ../Palmtree.Math.Core.Uint.def
LOAD C:/GNU/MINGW64/i686-8.1.0-win32-dwarf-rt_v6-rev0/mingw32/bin/../lib/gcc/i686-w64-mingw32/8.1.0/../../../../i686-w64-mingw32/lib/../lib/libkernel32.a
LOAD C:/GNU/MINGW64/i686-8.1.0-win32-dwarf-rt_v6-rev0/mingw32/bin/../lib/gcc/i686-w64-mingw32/8.1.0/../../../../i686-w64-mingw32/lib/../lib/libuser32.a
                0x000003d0                . = SIZEOF_HEADERS
                0x00001000                . = ALIGN (__section_alignment__)

.text           0x6c641000   0x5d2e00
 *(.init)
 *(.text)
 .text          0x6c641000      0x2e4 ../build/x86_Debug/cpuid.o
                0x6c641123                GetCPUInfo
 .text          0x6c6412e4      0x348 ../build/x86_Debug/debug.o
                0x6c6413e4                DoDebug
                0x6c6413e4                DoDebug@4
                0x6c6414de                TEST_Assert
                0x6c64153a                FormatTestLabel
                0x6c64156a                FormatTestMesssage
                0x6c641593                DumpBinary_UNIT
 .text          0x6c64162c       0x58 ../build/x86_Debug/dllmain.o
                0x6c64162c                DllMain@12
 .text          0x6c641684      0x444 ../build/x86_Debug/INTERNALTEST_op_DivRem.o
                0x6c64170c                INTERNALTEST_DivRem_X_X
 .text          0x6c641ac8      0x2c4 ../build/x86_Debug/INTERNALTEST_op_Multiply.o
                0x6c641b68                INTERNALTEST_Multiply_X_X_Imp
 .text          0x6c641d8c     0x16e0 ../build/x86_Debug/pmc_add.o
                0x6c642d40                PMC_Add_I_X@12
                0x6c642dc4                PMC_Add_X_I@12
                0x6c6430fe                PMC_Add_L_X@16
                0x6c643195                PMC_Add_X_L@16
                0x6c64322c                PMC_Add_X_X@12
                0x6c643441                Initialize_Add
 .text          0x6c64346c      0xc68 ../build/x86_Debug/pmc_bitwiseand.o
                0x6c643bd8                PMC_BitwiseAnd_I_X@12
                0x6c643c5b                PMC_BitwiseAnd_X_I@12
                0x6c643cde                PMC_BitwiseAnd_L_X@16
                0x6c643df7                PMC_BitwiseAnd_X_L@16
                0x6c643f10                PMC_BitwiseAnd_X_X@12
                0x6c6440ce                Initialize_BitwiseAnd
 .text          0x6c6440d4     0x1058 ../build/x86_Debug/pmc_bitwiseor.o
                0x6c644aa5                PMC_BitwiseOr_I_X@12
                0x6c644b29                PMC_BitwiseOr_X_I@12
                0x6c644e09                PMC_BitwiseOr_L_X@16
                0x6c644ea0                PMC_BitwiseOr_X_L@16
                0x6c644f37                PMC_BitwiseOr_X_X@12
                0x6c645123                Initialize_BitwiseOr
 .text          0x6c64512c      0x5e0 ../build/x86_Debug/pmc_bytes.o
                0x6c645211                PMC_FromByteArrayForSINT@16
                0x6c64539a                PMC_FromByteArray@12
                0x6c6454f0                PMC_ToByteArrayForSINT@20
                0x6c645638                PMC_ToByteArray@16
 .text          0x6c64570c       0xac ../build/x86_Debug/pmc_clone.o
                0x6c64570c                PMC_Clone_X@8
                0x6c6457b0                Initialize_Clone
 .text          0x6c6457b8      0x70c ../build/x86_Debug/pmc_compare.o
                0x6c64580d                Compare_Imp
                0x6c64592f                PMC_Compare_I_X@12
                0x6c6459ba                PMC_Compare_X_I@12
                0x6c645c36                PMC_Compare_L_X@16
                0x6c645cd4                PMC_Compare_X_L@16
                0x6c645d6e                PMC_Compare_X_X@12
                0x6c645ebb                Initialize_Compare
 .text          0x6c645ec4     0x5f38 ../build/x86_Debug/pmc_divrem.o
                0x6c646918                DivRem_X_X
                0x6c646a5a                Rem_X_1W
                0x6c647502                DivRem_X_1W
                0x6c64a811                PMC_DivRem_I_X@16
                0x6c64a94a                PMC_DivRem_X_I@16
                0x6c64abb0                PMC_DivRem_L_X@20
                0x6c64b03f                PMC_DivRem_X_L@20
                0x6c64b677                PMC_DivRem_X_X@16
                0x6c64bdc5                Initialize_DivRem
 .text          0x6c64bdfc      0x528 ../build/x86_Debug/pmc_equals.o
                0x6c64bffc                PMC_Equals_I_X@12
                0x6c64c071                PMC_Equals_X_I@12
                0x6c64c0e6                PMC_Equals_L_X@16
                0x6c64c16e                PMC_Equals_X_L@16
                0x6c64c1f6                PMC_Equals_X_X@12
                0x6c64c31b                Initialize_Equals
 .text          0x6c64c324     0x10dc ../build/x86_Debug/pmc_exclusiveor.o
                0x6c64cd1d                PMC_ExclusiveOr_I_X@12
                0x6c64cda7                PMC_ExclusiveOr_X_I@12
                0x6c64d0b5                PMC_ExclusiveOr_L_X@16
                0x6c64d152                PMC_ExclusiveOr_X_L@16
                0x6c64d1ef                PMC_ExclusiveOr_X_X@12
                0x6c64d3fa                Initialize_ExclusiveOr
 .text          0x6c64d400      0x288 ../build/x86_Debug/pmc_from.o
                0x6c64d455                From_I_Imp
                0x6c64d4b5                From_L_Imp
                0x6c64d599                PMC_From_I@8
                0x6c64d5fc                PMC_From_L@12
                0x6c64d682                Initialize_From
 .text          0x6c64d688     0x1270 ../build/x86_Debug/pmc_greatestcommondivisor.o
                0x6c64dbe2                PMC_GreatestCommonDivisor_I_X@12
                0x6c64dc66                PMC_GreatestCommonDivisor_X_I@12
                0x6c64e3af                PMC_GreatestCommonDivisor_L_X@16
                0x6c64e446                PMC_GreatestCommonDivisor_X_L@16
                0x6c64e4dd                PMC_GreatestCommonDivisor_X_X@12
                0x6c64e8f1                Initialize_GreatestCommonDivisor
 .text          0x6c64e8f8      0x6a4 ../build/x86_Debug/pmc_initialize.o
                0x6c64ea0e                PMC_UINT_Initialize@4
                0x6c64ea0e                PMC_UINT_Initialize
 .text          0x6c64ef9c     0x14b4 ../build/x86_Debug/pmc_memory.o
                0x6c64f96b                AllocateBlock
                0x6c64fa5a                DeallocateBlock
                0x6c64fb68                CheckBlockLight
                0x6c64fdc0                AttatchNumber
                0x6c64fe02                AllocateNumber
                0x6c64fe7d                DetatchNumber
                0x6c64fea7                DeallocateNumber
                0x6c64ffba                CommitNumber
                0x6c65016e                CheckNumber
                0x6c6501f2                DuplicateNumber
                0x6c6502b1                PMC_GetConstantValue_I@8
                0x6c6502eb                PMC_Dispose@4
                0x6c65031e                Initialize_Memory
                0x6c6503df                AllocateHeapArea
                0x6c650422                DeallocateHeapArea
 .text          0x6c650450      0xe68 ../build/x86_Debug/pmc_modpow.o
                0x6c6511cb                PMC_ModPow_X_X_X@16
                0x6c6512b1                Initialize_ModPow
 .text          0x6c6512b8     0x2364 ../build/x86_Debug/pmc_multiply.o
                0x6c65141e                Multiply_X_X_Imp
                0x6c652edb                PMC_Multiply_I_X@12
                0x6c652f5f                PMC_Multiply_X_I@12
                0x6c653270                PMC_Multiply_L_X@16
                0x6c653307                PMC_Multiply_X_L@16
                0x6c65339e                PMC_Multiply_X_X@12
                0x6c6535ba                Initialize_Multiply
 .text          0x6c65361c     0x3af4 ../build/x86_Debug/pmc_parse.o
                0x6c656fb7                PMC_TryParse@16
                0x6c657044                PMC_TryParseForSINT@20
                0x6c6570c4                Initialize_Parse
 .text          0x6c657110      0x4f8 ../build/x86_Debug/pmc_pow.o
                0x6c65757c                PMC_Pow_X_I@12
                0x6c657600                Initialize_Pow
 .text          0x6c657608     0x3aec ../build/x86_Debug/pmc_shift.o
                0x6c657710                RightShift_Imp
                0x6c6584d3                RightShift_Imp_DIV
                0x6c659296                LeftShift_Imp
                0x6c65a056                LeftShift_Imp_DIV
                0x6c65ae16                PMC_RightShift_X_I@12
                0x6c65af8c                PMC_LeftShift_X_I@12
                0x6c65b0ee                Initialize_Shift
 .text          0x6c65b0f4       0x38 ../build/x86_Debug/pmc_statistics.o
                0x6c65b0f4                PMC_GetStatisticsInfo@4
 .text          0x6c65b12c     0x11dc ../build/x86_Debug/pmc_subtruct.o
                0x6c65b6f8                Subtruct_Imp
                0x6c65b8ac                PMC_Subtruct_I_X@12
                0x6c65b9ac                PMC_Subtruct_X_I@12
                0x6c65bb88                PMC_Subtruct_L_X@16
                0x6c65bdd7                PMC_Subtruct_X_L@16
                0x6c65c100                PMC_Subtruct_X_X@12
                0x6c65c300                Initialize_Subtruct
 .text          0x6c65c308      0x174 ../build/x86_Debug/pmc_to.o
                0x6c65c345                PMC_To_X_I@8
                0x6c65c3aa                PMC_To_X_L@8
                0x6c65c474                Initialize_To
 .text          0x6c65c47c     0x17f4 ../build/x86_Debug/pmc_tostring.o
                0x6c65d8ca                PMC_ToString@24
                0x6c65da40                InitializeNumberFormatoInfo
                0x6c65dc3f                PMC_InitializeNumberFormatInfo@4
                0x6c65dc55                Initialize_ToString
 .text          0x6c65dc70   0x427354 ../build/x86_Debug/TEST_autogenerated_1.o
                0x6c65dc70                TEST_autogenerated_1
 .text          0x6ca84fc4   0x185d90 ../build/x86_Debug/TEST_autogenerated_2.o
                0x6ca84fc4                TEST_autogenerated_2
 .text          0x6cc0ad54      0xb48 ../build/x86_Debug/TEST_op_Add.o
                0x6cc0ad96                TEST_PMC_Add_I_X
                0x6cc0afa2                TEST_PMC_Add_L_X
                0x6cc0b1cd                TEST_PMC_Add_X_I
                0x6cc0b3d9                TEST_PMC_Add_X_L
                0x6cc0b604                TEST_PMC_Add_X_X
 .text          0x6cc0b89c      0x8a0 ../build/x86_Debug/TEST_op_BitwiseAnd.o
                0x6cc0b8de                TEST_PMC_BitwiseAnd_I_X
                0x6cc0ba30                TEST_PMC_BitwiseAnd_L_X
                0x6cc0bbbf                TEST_PMC_BitwiseAnd_X_I
                0x6cc0bd11                TEST_PMC_BitwiseAnd_X_L
                0x6cc0bea0                TEST_PMC_BitwiseAnd_X_X
 .text          0x6cc0c13c      0xb58 ../build/x86_Debug/TEST_op_BitwiseOr.o
                0x6cc0c17e                TEST_PMC_BitwiseOr_I_X
                0x6cc0c38d                TEST_PMC_BitwiseOr_L_X
                0x6cc0c5bb                TEST_PMC_BitwiseOr_X_I
                0x6cc0c7ca                TEST_PMC_BitwiseOr_X_L
                0x6cc0c9f8                TEST_PMC_BitwiseOr_X_X
 .text          0x6cc0cc94      0x248 ../build/x86_Debug/TEST_op_Clone.o
                0x6cc0ccd6                TEST_PMC_Clone_X
 .text          0x6cc0cedc      0x74c ../build/x86_Debug/TEST_op_Compare.o
                0x6cc0cedc                TEST_PMC_Compare_I_X
                0x6cc0d02e                TEST_PMC_Compare_L_X
                0x6cc0d193                TEST_PMC_Compare_X_I
                0x6cc0d2e5                TEST_PMC_Compare_X_L
                0x6cc0d44a                TEST_PMC_Compare_X_X
 .text          0x6cc0d628      0xcd0 ../build/x86_Debug/TEST_op_DivRem.o
                0x6cc0d66a                TEST_PMC_DivRem_I_X
                0x6cc0d80e                TEST_PMC_DivRem_L_X
                0x6cc0da17                TEST_PMC_DivRem_X_I
                0x6cc0dc7e                TEST_PMC_DivRem_X_L
                0x6cc0df56                TEST_PMC_DivRem_X_X
 .text          0x6cc0e2f8      0x74c ../build/x86_Debug/TEST_op_Equals.o
                0x6cc0e2f8                TEST_PMC_Equals_I_X
                0x6cc0e44a                TEST_PMC_Equals_L_X
                0x6cc0e5af                TEST_PMC_Equals_X_I
                0x6cc0e701                TEST_PMC_Equals_X_L
                0x6cc0e866                TEST_PMC_Equals_X_X
 .text          0x6cc0ea44      0xb58 ../build/x86_Debug/TEST_op_ExclusiveOr.o
                0x6cc0ea86                TEST_PMC_ExclusiveOr_I_X
                0x6cc0ec95                TEST_PMC_ExclusiveOr_L_X
                0x6cc0eec3                TEST_PMC_ExclusiveOr_X_I
                0x6cc0f0d2                TEST_PMC_ExclusiveOr_X_L
                0x6cc0f300                TEST_PMC_ExclusiveOr_X_X
 .text          0x6cc0f59c      0x624 ../build/x86_Debug/TEST_op_From_To.o
                0x6cc0f5de                TEST_PMC_From_I
                0x6cc0f759                TEST_PMC_From_L
                0x6cc0f8f3                TEST_PMC_To_X_I
                0x6cc0fa43                TEST_PMC_To_X_L
 .text          0x6cc0fbc0      0xb94 ../build/x86_Debug/TEST_op_GreatestCommonDivisor.o
                0x6cc0fc02                TEST_PMC_GreatestCommonDivisor_I_X
                0x6cc0fe1d                TEST_PMC_GreatestCommonDivisor_L_X
                0x6cc10057                TEST_PMC_GreatestCommonDivisor_X_I
                0x6cc10272                TEST_PMC_GreatestCommonDivisor_X_L
                0x6cc104ac                TEST_PMC_GreatestCommonDivisor_X_X
 .text          0x6cc10754      0x37c ../build/x86_Debug/TEST_op_ModPow.o
                0x6cc10796                TEST_PMC_ModPow_X_X_X
 .text          0x6cc10ad0      0xb48 ../build/x86_Debug/TEST_op_Multiply.o
                0x6cc10b12                TEST_PMC_Multiply_I_X
                0x6cc10d1e                TEST_PMC_Multiply_L_X
                0x6cc10f49                TEST_PMC_Multiply_X_I
                0x6cc11155                TEST_PMC_Multiply_X_L
                0x6cc11380                TEST_PMC_Multiply_X_X
 .text          0x6cc11618      0x5ac ../build/x86_Debug/TEST_op_ParseDN.o
                0x6cc1165a                TEST_PMC_ParseDN1
                0x6cc11877                TEST_PMC_ParseDN2
                0x6cc11a1c                TEST_PMC_ParseDN3
 .text          0x6cc11bc4      0x1e8 ../build/x86_Debug/TEST_op_ParseX.o
                0x6cc11c06                TEST_PMC_ParseX
 .text          0x6cc11dac      0x250 ../build/x86_Debug/TEST_op_Pow.o
                0x6cc11dee                TEST_PMC_Pow_X_I
 .text          0x6cc11ffc      0x8e8 ../build/x86_Debug/TEST_op_Remainder.o
                0x6cc1203e                TEST_PMC_Remainder_I_X
                0x6cc1219d                TEST_PMC_Remainder_L_X
                0x6cc12339                TEST_PMC_Remainder_X_I
                0x6cc12498                TEST_PMC_Remainder_X_L
                0x6cc12637                TEST_PMC_Remainder_X_X
 .text          0x6cc128e4      0x460 ../build/x86_Debug/TEST_op_Shift.o
                0x6cc12926                TEST_PMC_RightShift_X_I
                0x6cc12b35                TEST_PMC_LeftShift_X_I
 .text          0x6cc12d44      0xa20 ../build/x86_Debug/TEST_op_Subtruct.o
                0x6cc12d86                TEST_PMC_Subtruct_I_X
                0x6cc12edd                TEST_PMC_Subtruct_L_X
                0x6cc13071                TEST_PMC_Subtruct_X_I
                0x6cc13289                TEST_PMC_Subtruct_X_L
                0x6cc134c0                TEST_PMC_Subtruct_X_X
 .text          0x6cc13764      0x1a4 ../build/x86_Debug/TEST_op_ToStringD.o
                0x6cc13764                TEST_PMC_ToStringD
 .text          0x6cc13908      0x204 ../build/x86_Debug/TEST_op_ToStringN.o
                0x6cc13908                TEST_PMC_ToStringN
 .text          0x6cc13b0c      0x1a4 ../build/x86_Debug/TEST_op_ToStringX.o
                0x6cc13b0c                TEST_PMC_ToStringX
 .text          0x6cc13cb0        0x0 C:/GNU/MINGW64/i686-8.1.0-win32-dwarf-rt_v6-rev0/mingw32/bin/../lib/gcc/i686-w64-mingw32/8.1.0/../../../../i686-w64-mingw32/lib/../lib/libkernel32.a(dgzch.o)
 .text          0x6cc13cb0        0x0 C:/GNU/MINGW64/i686-8.1.0-win32-dwarf-rt_v6-rev0/mingw32/bin/../lib/gcc/i686-w64-mingw32/8.1.0/../../../../i686-w64-mingw32/lib/../lib/libkernel32.a(dgzct.o)
 .text          0x6cc13cb0        0x0 C:/GNU/MINGW64/i686-8.1.0-win32-dwarf-rt_v6-rev0/mingw32/bin/../lib/gcc/i686-w64-mingw32/8.1.0/../../../../i686-w64-mingw32/lib/../lib/libuser32.a(dmceh.o)
 .text          0x6cc13cb0        0x0 C:/GNU/MINGW64/i686-8.1.0-win32-dwarf-rt_v6-rev0/mingw32/bin/../lib/gcc/i686-w64-mingw32/8.1.0/../../../../i686-w64-mingw32/lib/../lib/libuser32.a(dmcet.o)
 *(SORT_BY_NAME(.text$*))
 *(.text.*)
 *(.gnu.linkonce.t.*)
 *(.glue_7t)
 *(.glue_7)
                0x6cc13cb0                ___CTOR_LIST__ = .
                0x6cc13cb0                __CTOR_LIST__ = .
                0x6cc13cb0        0x4 LONG 0xffffffff
 *(.ctors)
 *(.ctor)
 *(SORT_BY_NAME(.ctors.*))
                0x6cc13cb4        0x4 LONG 0x0
                0x6cc13cb8                ___DTOR_LIST__ = .
                0x6cc13cb8                __DTOR_LIST__ = .
                0x6cc13cb8        0x4 LONG 0xffffffff
 *(.dtors)
 *(.dtor)
 *(SORT_BY_NAME(.dtors.*))
                0x6cc13cbc        0x4 LONG 0x0
 *(.fini)
 *(.gcc_exc)
                [!provide]                PROVIDE (etext = .)
                [!provide]                PROVIDE (_etext = .)
 *(.gcc_except_table)

.data           0x6cc14000    0x71200
                0x6cc14000                __data_start__ = .
 *(.data)
 .data          0x6cc14000        0x0 ../build/x86_Debug/cpuid.o
 .data          0x6cc14000        0x0 ../build/x86_Debug/debug.o
 .data          0x6cc14000        0x0 ../build/x86_Debug/dllmain.o
 .data          0x6cc14000        0x0 ../build/x86_Debug/INTERNALTEST_op_DivRem.o
 .data          0x6cc14000        0x0 ../build/x86_Debug/INTERNALTEST_op_Multiply.o
 .data          0x6cc14000        0x0 ../build/x86_Debug/pmc_add.o
 .data          0x6cc14000        0x0 ../build/x86_Debug/pmc_bitwiseand.o
 .data          0x6cc14000        0x0 ../build/x86_Debug/pmc_bitwiseor.o
 .data          0x6cc14000        0x0 ../build/x86_Debug/pmc_bytes.o
 .data          0x6cc14000        0x0 ../build/x86_Debug/pmc_clone.o
 .data          0x6cc14000        0x0 ../build/x86_Debug/pmc_compare.o
 .data          0x6cc14000        0x0 ../build/x86_Debug/pmc_divrem.o
 .data          0x6cc14000        0x0 ../build/x86_Debug/pmc_equals.o
 .data          0x6cc14000        0x0 ../build/x86_Debug/pmc_exclusiveor.o
 .data          0x6cc14000        0x0 ../build/x86_Debug/pmc_from.o
 .data          0x6cc14000        0x0 ../build/x86_Debug/pmc_greatestcommondivisor.o
 .data          0x6cc14000        0x0 ../build/x86_Debug/pmc_initialize.o
 .data          0x6cc14000        0x0 ../build/x86_Debug/pmc_memory.o
 .data          0x6cc14000        0x0 ../build/x86_Debug/pmc_modpow.o
 .data          0x6cc14000        0x0 ../build/x86_Debug/pmc_multiply.o
 .data          0x6cc14000        0x0 ../build/x86_Debug/pmc_parse.o
 .data          0x6cc14000        0x0 ../build/x86_Debug/pmc_pow.o
 .data          0x6cc14000        0x0 ../build/x86_Debug/pmc_shift.o
 .data          0x6cc14000        0x0 ../build/x86_Debug/pmc_statistics.o
 .data          0x6cc14000        0x0 ../build/x86_Debug/pmc_subtruct.o
 .data          0x6cc14000        0x0 ../build/x86_Debug/pmc_to.o
 .data          0x6cc14000       0xa0 ../build/x86_Debug/pmc_tostring.o
 .data          0x6cc140a0    0x6f7e0 ../build/x86_Debug/TEST_autogenerated_1.o
 .data          0x6cc83880     0x1900 ../build/x86_Debug/TEST_autogenerated_2.o
 .data          0x6cc85180        0x0 ../build/x86_Debug/TEST_op_Add.o
 .data          0x6cc85180        0x0 ../build/x86_Debug/TEST_op_BitwiseAnd.o
 .data          0x6cc85180        0x0 ../build/x86_Debug/TEST_op_BitwiseOr.o
 .data          0x6cc85180        0x0 ../build/x86_Debug/TEST_op_Clone.o
 .data          0x6cc85180        0x0 ../build/x86_Debug/TEST_op_Compare.o
 .data          0x6cc85180        0x0 ../build/x86_Debug/TEST_op_DivRem.o
 .data          0x6cc85180        0x0 ../build/x86_Debug/TEST_op_Equals.o
 .data          0x6cc85180        0x0 ../build/x86_Debug/TEST_op_ExclusiveOr.o
 .data          0x6cc85180        0x0 ../build/x86_Debug/TEST_op_From_To.o
 .data          0x6cc85180        0x0 ../build/x86_Debug/TEST_op_GreatestCommonDivisor.o
 .data          0x6cc85180        0x0 ../build/x86_Debug/TEST_op_ModPow.o
 .data          0x6cc85180        0x0 ../build/x86_Debug/TEST_op_Multiply.o
 .data          0x6cc85180        0x0 ../build/x86_Debug/TEST_op_ParseDN.o
 .data          0x6cc85180        0x0 ../build/x86_Debug/TEST_op_ParseX.o
 .data          0x6cc85180        0x0 ../build/x86_Debug/TEST_op_Pow.o
 .data          0x6cc85180        0x0 ../build/x86_Debug/TEST_op_Remainder.o
 .data          0x6cc85180        0x0 ../build/x86_Debug/TEST_op_Shift.o
 .data          0x6cc85180        0x0 ../build/x86_Debug/TEST_op_Subtruct.o
 .data          0x6cc85180        0x0 ../build/x86_Debug/TEST_op_ToStringD.o
 .data          0x6cc85180        0x0 ../build/x86_Debug/TEST_op_ToStringN.o
 .data          0x6cc85180        0x0 ../build/x86_Debug/TEST_op_ToStringX.o
 .data          0x6cc85180        0x0 C:/GNU/MINGW64/i686-8.1.0-win32-dwarf-rt_v6-rev0/mingw32/bin/../lib/gcc/i686-w64-mingw32/8.1.0/../../../../i686-w64-mingw32/lib/../lib/libkernel32.a(dgzcs01342.o)
 .data          0x6cc85180        0x0 C:/GNU/MINGW64/i686-8.1.0-win32-dwarf-rt_v6-rev0/mingw32/bin/../lib/gcc/i686-w64-mingw32/8.1.0/../../../../i686-w64-mingw32/lib/../lib/libkernel32.a(dgzcs01336.o)
 .data          0x6cc85180        0x0 C:/GNU/MINGW64/i686-8.1.0-win32-dwarf-rt_v6-rev0/mingw32/bin/../lib/gcc/i686-w64-mingw32/8.1.0/../../../../i686-w64-mingw32/lib/../lib/libkernel32.a(dgzcs01330.o)
 .data          0x6cc85180        0x0 C:/GNU/MINGW64/i686-8.1.0-win32-dwarf-rt_v6-rev0/mingw32/bin/../lib/gcc/i686-w64-mingw32/8.1.0/../../../../i686-w64-mingw32/lib/../lib/libkernel32.a(dgzcs00729.o)
 .data          0x6cc85180        0x0 C:/GNU/MINGW64/i686-8.1.0-win32-dwarf-rt_v6-rev0/mingw32/bin/../lib/gcc/i686-w64-mingw32/8.1.0/../../../../i686-w64-mingw32/lib/../lib/libkernel32.a(dgzcs00727.o)
 .data          0x6cc85180        0x0 C:/GNU/MINGW64/i686-8.1.0-win32-dwarf-rt_v6-rev0/mingw32/bin/../lib/gcc/i686-w64-mingw32/8.1.0/../../../../i686-w64-mingw32/lib/../lib/libkernel32.a(dgzcs00725.o)
 .data          0x6cc85180        0x0 C:/GNU/MINGW64/i686-8.1.0-win32-dwarf-rt_v6-rev0/mingw32/bin/../lib/gcc/i686-w64-mingw32/8.1.0/../../../../i686-w64-mingw32/lib/../lib/libkernel32.a(dgzcs00723.o)
 .data          0x6cc85180        0x0 C:/GNU/MINGW64/i686-8.1.0-win32-dwarf-rt_v6-rev0/mingw32/bin/../lib/gcc/i686-w64-mingw32/8.1.0/../../../../i686-w64-mingw32/lib/../lib/libkernel32.a(dgzcs00666.o)
 .data          0x6cc85180        0x0 C:/GNU/MINGW64/i686-8.1.0-win32-dwarf-rt_v6-rev0/mingw32/bin/../lib/gcc/i686-w64-mingw32/8.1.0/../../../../i686-w64-mingw32/lib/../lib/libkernel32.a(dgzch.o)
 .data          0x6cc85180        0x0 C:/GNU/MINGW64/i686-8.1.0-win32-dwarf-rt_v6-rev0/mingw32/bin/../lib/gcc/i686-w64-mingw32/8.1.0/../../../../i686-w64-mingw32/lib/../lib/libkernel32.a(dgzct.o)
 .data          0x6cc85180        0x0 C:/GNU/MINGW64/i686-8.1.0-win32-dwarf-rt_v6-rev0/mingw32/bin/../lib/gcc/i686-w64-mingw32/8.1.0/../../../../i686-w64-mingw32/lib/../lib/libuser32.a(dmces00912.o)
 .data          0x6cc85180        0x0 C:/GNU/MINGW64/i686-8.1.0-win32-dwarf-rt_v6-rev0/mingw32/bin/../lib/gcc/i686-w64-mingw32/8.1.0/../../../../i686-w64-mingw32/lib/../lib/libuser32.a(dmceh.o)
 .data          0x6cc85180        0x0 C:/GNU/MINGW64/i686-8.1.0-win32-dwarf-rt_v6-rev0/mingw32/bin/../lib/gcc/i686-w64-mingw32/8.1.0/../../../../i686-w64-mingw32/lib/../lib/libuser32.a(dmcet.o)
 *(.data2)
 *(SORT_BY_NAME(.data$*))
 *(.jcr)
                0x6cc85180                __data_end__ = .
 *(.data_cygwin_nocopy)

.rdata          0x6cc86000    0x75600
 *(.rdata)
 .rdata         0x6cc86000      0x1c4 ../build/x86_Debug/debug.o
 .rdata         0x6cc861c4       0xf0 ../build/x86_Debug/INTERNALTEST_op_DivRem.o
 .rdata         0x6cc862b4       0x7c ../build/x86_Debug/INTERNALTEST_op_Multiply.o
 .rdata         0x6cc86330      0x10c ../build/x86_Debug/pmc_tostring.o
 .rdata         0x6cc8643c    0x6cee4 ../build/x86_Debug/TEST_autogenerated_1.o
 .rdata         0x6ccf3320     0x4870 ../build/x86_Debug/TEST_autogenerated_2.o
 .rdata         0x6ccf7b90      0x2b4 ../build/x86_Debug/TEST_op_Add.o
 .rdata         0x6ccf7e44      0x344 ../build/x86_Debug/TEST_op_BitwiseAnd.o
 .rdata         0x6ccf8188      0x32c ../build/x86_Debug/TEST_op_BitwiseOr.o
 .rdata         0x6ccf84b4      0x114 ../build/x86_Debug/TEST_op_Clone.o
 .rdata         0x6ccf85c8      0x2bc ../build/x86_Debug/TEST_op_Compare.o
 .rdata         0x6ccf8884      0x304 ../build/x86_Debug/TEST_op_DivRem.o
 .rdata         0x6ccf8b88      0x2ac ../build/x86_Debug/TEST_op_Equals.o
 .rdata         0x6ccf8e34      0x354 ../build/x86_Debug/TEST_op_ExclusiveOr.o
 .rdata         0x6ccf9188      0x200 ../build/x86_Debug/TEST_op_From_To.o
 .rdata         0x6ccf9388      0x41c ../build/x86_Debug/TEST_op_GreatestCommonDivisor.o
 .rdata         0x6ccf97a4      0x128 ../build/x86_Debug/TEST_op_ModPow.o
 .rdata         0x6ccf98cc      0x318 ../build/x86_Debug/TEST_op_Multiply.o
 .rdata         0x6ccf9be4      0x124 ../build/x86_Debug/TEST_op_ParseDN.o
 .rdata         0x6ccf9d08       0xc8 ../build/x86_Debug/TEST_op_ParseX.o
 .rdata         0x6ccf9dd0      0x114 ../build/x86_Debug/TEST_op_Pow.o
 .rdata         0x6ccf9ee4      0x328 ../build/x86_Debug/TEST_op_Remainder.o
 .rdata         0x6ccfa20c      0x1b0 ../build/x86_Debug/TEST_op_Shift.o
 .rdata         0x6ccfa3bc      0x31c ../build/x86_Debug/TEST_op_Subtruct.o
 .rdata         0x6ccfa6d8       0xcc ../build/x86_Debug/TEST_op_ToStringD.o
 .rdata         0x6ccfa7a4       0xd4 ../build/x86_Debug/TEST_op_ToStringN.o
 .rdata         0x6ccfa878       0xcc ../build/x86_Debug/TEST_op_ToStringX.o
 *(SORT_BY_NAME(.rdata$*))
 .rdata$zzz     0x6ccfa944       0x40 ../build/x86_Debug/cpuid.o
 .rdata$zzz     0x6ccfa984       0x40 ../build/x86_Debug/debug.o
 .rdata$zzz     0x6ccfa9c4       0x40 ../build/x86_Debug/dllmain.o
 .rdata$zzz     0x6ccfaa04       0x40 ../build/x86_Debug/INTERNALTEST_op_DivRem.o
 .rdata$zzz     0x6ccfaa44       0x40 ../build/x86_Debug/INTERNALTEST_op_Multiply.o
 .rdata$zzz     0x6ccfaa84       0x40 ../build/x86_Debug/pmc_add.o
 .rdata$zzz     0x6ccfaac4       0x40 ../build/x86_Debug/pmc_bitwiseand.o
 .rdata$zzz     0x6ccfab04       0x40 ../build/x86_Debug/pmc_bitwiseor.o
 .rdata$zzz     0x6ccfab44       0x40 ../build/x86_Debug/pmc_bytes.o
 .rdata$zzz     0x6ccfab84       0x40 ../build/x86_Debug/pmc_clone.o
 .rdata$zzz     0x6ccfabc4       0x40 ../build/x86_Debug/pmc_compare.o
 .rdata$zzz     0x6ccfac04       0x40 ../build/x86_Debug/pmc_divrem.o
 .rdata$zzz     0x6ccfac44       0x40 ../build/x86_Debug/pmc_equals.o
 .rdata$zzz     0x6ccfac84       0x40 ../build/x86_Debug/pmc_exclusiveor.o
 .rdata$zzz     0x6ccfacc4       0x40 ../build/x86_Debug/pmc_from.o
 .rdata$zzz     0x6ccfad04       0x40 ../build/x86_Debug/pmc_greatestcommondivisor.o
 .rdata$zzz     0x6ccfad44       0x40 ../build/x86_Debug/pmc_initialize.o
 .rdata$zzz     0x6ccfad84       0x40 ../build/x86_Debug/pmc_memory.o
 .rdata$zzz     0x6ccfadc4       0x40 ../build/x86_Debug/pmc_modpow.o
 .rdata$zzz     0x6ccfae04       0x40 ../build/x86_Debug/pmc_multiply.o
 .rdata$zzz     0x6ccfae44       0x40 ../build/x86_Debug/pmc_parse.o
 .rdata$zzz     0x6ccfae84       0x40 ../build/x86_Debug/pmc_pow.o
 .rdata$zzz     0x6ccfaec4       0x40 ../build/x86_Debug/pmc_shift.o
 .rdata$zzz     0x6ccfaf04       0x40 ../build/x86_Debug/pmc_statistics.o
 .rdata$zzz     0x6ccfaf44       0x40 ../build/x86_Debug/pmc_subtruct.o
 .rdata$zzz     0x6ccfaf84       0x40 ../build/x86_Debug/pmc_to.o
 .rdata$zzz     0x6ccfafc4       0x40 ../build/x86_Debug/pmc_tostring.o
 .rdata$zzz     0x6ccfb004       0x40 ../build/x86_Debug/TEST_autogenerated_1.o
 .rdata$zzz     0x6ccfb044       0x40 ../build/x86_Debug/TEST_autogenerated_2.o
 .rdata$zzz     0x6ccfb084       0x40 ../build/x86_Debug/TEST_op_Add.o
 .rdata$zzz     0x6ccfb0c4       0x40 ../build/x86_Debug/TEST_op_BitwiseAnd.o
 .rdata$zzz     0x6ccfb104       0x40 ../build/x86_Debug/TEST_op_BitwiseOr.o
 .rdata$zzz     0x6ccfb144       0x40 ../build/x86_Debug/TEST_op_Clone.o
 .rdata$zzz     0x6ccfb184       0x40 ../build/x86_Debug/TEST_op_Compare.o
 .rdata$zzz     0x6ccfb1c4       0x40 ../build/x86_Debug/TEST_op_DivRem.o
 .rdata$zzz     0x6ccfb204       0x40 ../build/x86_Debug/TEST_op_Equals.o
 .rdata$zzz     0x6ccfb244       0x40 ../build/x86_Debug/TEST_op_ExclusiveOr.o
 .rdata$zzz     0x6ccfb284       0x40 ../build/x86_Debug/TEST_op_From_To.o
 .rdata$zzz     0x6ccfb2c4       0x40 ../build/x86_Debug/TEST_op_GreatestCommonDivisor.o
 .rdata$zzz     0x6ccfb304       0x40 ../build/x86_Debug/TEST_op_ModPow.o
 .rdata$zzz     0x6ccfb344       0x40 ../build/x86_Debug/TEST_op_Multiply.o
 .rdata$zzz     0x6ccfb384       0x40 ../build/x86_Debug/TEST_op_ParseDN.o
 .rdata$zzz     0x6ccfb3c4       0x40 ../build/x86_Debug/TEST_op_ParseX.o
 .rdata$zzz     0x6ccfb404       0x40 ../build/x86_Debug/TEST_op_Pow.o
 .rdata$zzz     0x6ccfb444       0x40 ../build/x86_Debug/TEST_op_Remainder.o
 .rdata$zzz     0x6ccfb484       0x40 ../build/x86_Debug/TEST_op_Shift.o
 .rdata$zzz     0x6ccfb4c4       0x40 ../build/x86_Debug/TEST_op_Subtruct.o
 .rdata$zzz     0x6ccfb504       0x40 ../build/x86_Debug/TEST_op_ToStringD.o
 .rdata$zzz     0x6ccfb544       0x40 ../build/x86_Debug/TEST_op_ToStringN.o
 .rdata$zzz     0x6ccfb584       0x40 ../build/x86_Debug/TEST_op_ToStringX.o
                0x6ccfb5c4                __rt_psrelocs_start = .
 *(.rdata_runtime_pseudo_reloc)
                0x6ccfb5c4                __rt_psrelocs_end = .
                0x00000000                __rt_psrelocs_size = (__rt_psrelocs_end - __rt_psrelocs_start)
                0x6ccfb5c4                ___RUNTIME_PSEUDO_RELOC_LIST_END__ = .
                0x6ccfb5c4                __RUNTIME_PSEUDO_RELOC_LIST_END__ = .
                0x6ccfb5c4                ___RUNTIME_PSEUDO_RELOC_LIST__ = (. - __rt_psrelocs_size)
                0x6ccfb5c4                __RUNTIME_PSEUDO_RELOC_LIST__ = (. - __rt_psrelocs_size)

.eh_frame       0x6ccfc000     0x4600
 *(.eh_frame*)
 .eh_frame      0x6ccfc000       0xb8 ../build/x86_Debug/cpuid.o
 .eh_frame      0x6ccfc0b8      0x130 ../build/x86_Debug/debug.o
 .eh_frame      0x6ccfc1e8       0x38 ../build/x86_Debug/dllmain.o
 .eh_frame      0x6ccfc220       0x8c ../build/x86_Debug/INTERNALTEST_op_DivRem.o
 .eh_frame      0x6ccfc2ac       0xac ../build/x86_Debug/INTERNALTEST_op_Multiply.o
 .eh_frame      0x6ccfc358      0x430 ../build/x86_Debug/pmc_add.o
 .eh_frame      0x6ccfc788      0x19c ../build/x86_Debug/pmc_bitwiseand.o
 .eh_frame      0x6ccfc924      0x214 ../build/x86_Debug/pmc_bitwiseor.o
 .eh_frame      0x6ccfcb38      0x128 ../build/x86_Debug/pmc_bytes.o
 .eh_frame      0x6ccfcc60       0x4c ../build/x86_Debug/pmc_clone.o
 .eh_frame      0x6ccfccac      0x17c ../build/x86_Debug/pmc_compare.o
 .eh_frame      0x6ccfce28      0x768 ../build/x86_Debug/pmc_divrem.o
 .eh_frame      0x6ccfd590      0x170 ../build/x86_Debug/pmc_equals.o
 .eh_frame      0x6ccfd700      0x214 ../build/x86_Debug/pmc_exclusiveor.o
 .eh_frame      0x6ccfd914       0xf0 ../build/x86_Debug/pmc_from.o
 .eh_frame      0x6ccfda04      0x238 ../build/x86_Debug/pmc_greatestcommondivisor.o
 .eh_frame      0x6ccfdc3c       0x80 ../build/x86_Debug/pmc_initialize.o
 .eh_frame      0x6ccfdcbc      0x3f0 ../build/x86_Debug/pmc_memory.o
 .eh_frame      0x6ccfe0ac      0x16c ../build/x86_Debug/pmc_modpow.o
 .eh_frame      0x6ccfe218      0x3b4 ../build/x86_Debug/pmc_multiply.o
 .eh_frame      0x6ccfe5cc      0x4dc ../build/x86_Debug/pmc_parse.o
 .eh_frame      0x6ccfeaa8      0x100 ../build/x86_Debug/pmc_pow.o
 .eh_frame      0x6ccfeba8      0x194 ../build/x86_Debug/pmc_shift.o
 .eh_frame      0x6ccfed3c       0x38 ../build/x86_Debug/pmc_statistics.o
 .eh_frame      0x6ccfed74      0x2e4 ../build/x86_Debug/pmc_subtruct.o
 .eh_frame      0x6ccff058       0x98 ../build/x86_Debug/pmc_to.o
 .eh_frame      0x6ccff0f0      0x338 ../build/x86_Debug/pmc_tostring.o
 .eh_frame      0x6ccff428       0x3c ../build/x86_Debug/TEST_autogenerated_1.o
 .eh_frame      0x6ccff464       0x3c ../build/x86_Debug/TEST_autogenerated_2.o
 .eh_frame      0x6ccff4a0      0x114 ../build/x86_Debug/TEST_op_Add.o
 .eh_frame      0x6ccff5b4      0x11c ../build/x86_Debug/TEST_op_BitwiseAnd.o
 .eh_frame      0x6ccff6d0      0x114 ../build/x86_Debug/TEST_op_BitwiseOr.o
 .eh_frame      0x6ccff7e4       0x64 ../build/x86_Debug/TEST_op_Clone.o
 .eh_frame      0x6ccff848       0xf4 ../build/x86_Debug/TEST_op_Compare.o
 .eh_frame      0x6ccff93c      0x11c ../build/x86_Debug/TEST_op_DivRem.o
 .eh_frame      0x6ccffa58       0xf4 ../build/x86_Debug/TEST_op_Equals.o
 .eh_frame      0x6ccffb4c      0x114 ../build/x86_Debug/TEST_op_ExclusiveOr.o
 .eh_frame      0x6ccffc60       0xec ../build/x86_Debug/TEST_op_From_To.o
 .eh_frame      0x6ccffd4c      0x114 ../build/x86_Debug/TEST_op_GreatestCommonDivisor.o
 .eh_frame      0x6ccffe60       0x68 ../build/x86_Debug/TEST_op_ModPow.o
 .eh_frame      0x6ccffec8      0x114 ../build/x86_Debug/TEST_op_Multiply.o
 .eh_frame      0x6ccfffdc       0xbc ../build/x86_Debug/TEST_op_ParseDN.o
 .eh_frame      0x6cd00098       0x64 ../build/x86_Debug/TEST_op_ParseX.o
 .eh_frame      0x6cd000fc       0x64 ../build/x86_Debug/TEST_op_Pow.o
 .eh_frame      0x6cd00160      0x11c ../build/x86_Debug/TEST_op_Remainder.o
 .eh_frame      0x6cd0027c       0x90 ../build/x86_Debug/TEST_op_Shift.o
 .eh_frame      0x6cd0030c      0x118 ../build/x86_Debug/TEST_op_Subtruct.o
 .eh_frame      0x6cd00424       0x44 ../build/x86_Debug/TEST_op_ToStringD.o
 .eh_frame      0x6cd00468       0x44 ../build/x86_Debug/TEST_op_ToStringN.o
 .eh_frame      0x6cd004ac       0x44 ../build/x86_Debug/TEST_op_ToStringX.o

.pdata
 *(.pdata*)

.bss            0x6cd01000    0x1845c
                0x6cd01000                __bss_start__ = .
 *(.bss)
 .bss           0x6cd01000        0x0 ../build/x86_Debug/cpuid.o
 .bss           0x6cd01000      0x420 ../build/x86_Debug/debug.o
                0x6cd01000                test_total_count
                0x6cd01004                test_ok_count
                0x6cd01008                __DEBUG_LOG
 .bss           0x6cd01420        0x0 ../build/x86_Debug/dllmain.o
 .bss           0x6cd01420        0x0 ../build/x86_Debug/INTERNALTEST_op_DivRem.o
 .bss           0x6cd01420        0x0 ../build/x86_Debug/INTERNALTEST_op_Multiply.o
 .bss           0x6cd01420        0x4 ../build/x86_Debug/pmc_add.o
 .bss           0x6cd01424        0x0 ../build/x86_Debug/pmc_bitwiseand.o
 .bss           0x6cd01424        0x0 ../build/x86_Debug/pmc_bitwiseor.o
 .bss           0x6cd01424        0x0 ../build/x86_Debug/pmc_bytes.o
 .bss           0x6cd01424        0x0 ../build/x86_Debug/pmc_clone.o
 .bss           0x6cd01424        0x0 ../build/x86_Debug/pmc_compare.o
 .bss           0x6cd01424        0x4 ../build/x86_Debug/pmc_divrem.o
 .bss           0x6cd01428        0x0 ../build/x86_Debug/pmc_equals.o
 .bss           0x6cd01428        0x0 ../build/x86_Debug/pmc_exclusiveor.o
 .bss           0x6cd01428        0x0 ../build/x86_Debug/pmc_from.o
 .bss           0x6cd01428        0x0 ../build/x86_Debug/pmc_greatestcommondivisor.o
 *fill*         0x6cd01428       0x18 
 .bss           0x6cd01440      0x120 ../build/x86_Debug/pmc_initialize.o
 .bss           0x6cd01560        0x0 ../build/x86_Debug/pmc_memory.o
 .bss           0x6cd01560        0x0 ../build/x86_Debug/pmc_modpow.o
 .bss           0x6cd01560        0xc ../build/x86_Debug/pmc_multiply.o
 *fill*         0x6cd0156c       0x14 
 .bss           0x6cd01580       0xe0 ../build/x86_Debug/pmc_parse.o
 .bss           0x6cd01660        0x0 ../build/x86_Debug/pmc_pow.o
 .bss           0x6cd01660        0x0 ../build/x86_Debug/pmc_shift.o
 .bss           0x6cd01660        0x0 ../build/x86_Debug/pmc_statistics.o
 .bss           0x6cd01660        0x0 ../build/x86_Debug/pmc_subtruct.o
 .bss           0x6cd01660        0x0 ../build/x86_Debug/pmc_to.o
 .bss           0x6cd01660       0xc0 ../build/x86_Debug/pmc_tostring.o
 .bss           0x6cd01720      0xb5c ../build/x86_Debug/TEST_autogenerated_1.o
 .bss           0x6cd0227c      0xcc0 ../build/x86_Debug/TEST_autogenerated_2.o
 .bss           0x6cd02f3c        0x0 ../build/x86_Debug/TEST_op_Add.o
 .bss           0x6cd02f3c        0x0 ../build/x86_Debug/TEST_op_BitwiseAnd.o
 .bss           0x6cd02f3c        0x0 ../build/x86_Debug/TEST_op_BitwiseOr.o
 .bss           0x6cd02f3c        0x0 ../build/x86_Debug/TEST_op_Clone.o
 .bss           0x6cd02f3c        0x0 ../build/x86_Debug/TEST_op_Compare.o
 .bss           0x6cd02f3c        0x0 ../build/x86_Debug/TEST_op_DivRem.o
 .bss           0x6cd02f3c        0x0 ../build/x86_Debug/TEST_op_Equals.o
 .bss           0x6cd02f3c        0x0 ../build/x86_Debug/TEST_op_ExclusiveOr.o
 .bss           0x6cd02f3c        0x0 ../build/x86_Debug/TEST_op_From_To.o
 .bss           0x6cd02f3c        0x0 ../build/x86_Debug/TEST_op_GreatestCommonDivisor.o
 .bss           0x6cd02f3c        0x0 ../build/x86_Debug/TEST_op_ModPow.o
 .bss           0x6cd02f3c        0x0 ../build/x86_Debug/TEST_op_Multiply.o
 *fill*         0x6cd02f3c        0x4 
 .bss           0x6cd02f40      0x360 ../build/x86_Debug/TEST_op_ParseDN.o
 .bss           0x6cd032a0      0x120 ../build/x86_Debug/TEST_op_ParseX.o
 .bss           0x6cd033c0    0x10000 ../build/x86_Debug/TEST_op_Pow.o
 .bss           0x6cd133c0        0x0 ../build/x86_Debug/TEST_op_Remainder.o
 .bss           0x6cd133c0        0x0 ../build/x86_Debug/TEST_op_Shift.o
 .bss           0x6cd133c0        0x0 ../build/x86_Debug/TEST_op_Subtruct.o
 .bss           0x6cd133c0     0x2000 ../build/x86_Debug/TEST_op_ToStringD.o
 .bss           0x6cd153c0     0x2000 ../build/x86_Debug/TEST_op_ToStringN.o
 .bss           0x6cd173c0     0x2000 ../build/x86_Debug/TEST_op_ToStringX.o
 .bss           0x6cd193c0        0x0 C:/GNU/MINGW64/i686-8.1.0-win32-dwarf-rt_v6-rev0/mingw32/bin/../lib/gcc/i686-w64-mingw32/8.1.0/../../../../i686-w64-mingw32/lib/../lib/libkernel32.a(dgzcs01342.o)
 .bss           0x6cd193c0        0x0 C:/GNU/MINGW64/i686-8.1.0-win32-dwarf-rt_v6-rev0/mingw32/bin/../lib/gcc/i686-w64-mingw32/8.1.0/../../../../i686-w64-mingw32/lib/../lib/libkernel32.a(dgzcs01336.o)
 .bss           0x6cd193c0        0x0 C:/GNU/MINGW64/i686-8.1.0-win32-dwarf-rt_v6-rev0/mingw32/bin/../lib/gcc/i686-w64-mingw32/8.1.0/../../../../i686-w64-mingw32/lib/../lib/libkernel32.a(dgzcs01330.o)
 .bss           0x6cd193c0        0x0 C:/GNU/MINGW64/i686-8.1.0-win32-dwarf-rt_v6-rev0/mingw32/bin/../lib/gcc/i686-w64-mingw32/8.1.0/../../../../i686-w64-mingw32/lib/../lib/libkernel32.a(dgzcs00729.o)
 .bss           0x6cd193c0        0x0 C:/GNU/MINGW64/i686-8.1.0-win32-dwarf-rt_v6-rev0/mingw32/bin/../lib/gcc/i686-w64-mingw32/8.1.0/../../../../i686-w64-mingw32/lib/../lib/libkernel32.a(dgzcs00727.o)
 .bss           0x6cd193c0        0x0 C:/GNU/MINGW64/i686-8.1.0-win32-dwarf-rt_v6-rev0/mingw32/bin/../lib/gcc/i686-w64-mingw32/8.1.0/../../../../i686-w64-mingw32/lib/../lib/libkernel32.a(dgzcs00725.o)
 .bss           0x6cd193c0        0x0 C:/GNU/MINGW64/i686-8.1.0-win32-dwarf-rt_v6-rev0/mingw32/bin/../lib/gcc/i686-w64-mingw32/8.1.0/../../../../i686-w64-mingw32/lib/../lib/libkernel32.a(dgzcs00723.o)
 .bss           0x6cd193c0        0x0 C:/GNU/MINGW64/i686-8.1.0-win32-dwarf-rt_v6-rev0/mingw32/bin/../lib/gcc/i686-w64-mingw32/8.1.0/../../../../i686-w64-mingw32/lib/../lib/libkernel32.a(dgzcs00666.o)
 .bss           0x6cd193c0        0x0 C:/GNU/MINGW64/i686-8.1.0-win32-dwarf-rt_v6-rev0/mingw32/bin/../lib/gcc/i686-w64-mingw32/8.1.0/../../../../i686-w64-mingw32/lib/../lib/libkernel32.a(dgzch.o)
 .bss           0x6cd193c0        0x0 C:/GNU/MINGW64/i686-8.1.0-win32-dwarf-rt_v6-rev0/mingw32/bin/../lib/gcc/i686-w64-mingw32/8.1.0/../../../../i686-w64-mingw32/lib/../lib/libkernel32.a(dgzct.o)
 .bss           0x6cd193c0        0x0 C:/GNU/MINGW64/i686-8.1.0-win32-dwarf-rt_v6-rev0/mingw32/bin/../lib/gcc/i686-w64-mingw32/8.1.0/../../../../i686-w64-mingw32/lib/../lib/libuser32.a(dmces00912.o)
 .bss           0x6cd193c0        0x0 C:/GNU/MINGW64/i686-8.1.0-win32-dwarf-rt_v6-rev0/mingw32/bin/../lib/gcc/i686-w64-mingw32/8.1.0/../../../../i686-w64-mingw32/lib/../lib/libuser32.a(dmceh.o)
 .bss           0x6cd193c0        0x0 C:/GNU/MINGW64/i686-8.1.0-win32-dwarf-rt_v6-rev0/mingw32/bin/../lib/gcc/i686-w64-mingw32/8.1.0/../../../../i686-w64-mingw32/lib/../lib/libuser32.a(dmcet.o)
 *(COMMON)
 COMMON         0x6cd193c0        0x4 ../build/x86_Debug/pmc_initialize.o
                0x6cd193c0                configuration_info
 *fill*         0x6cd193c4       0x1c 
 COMMON         0x6cd193e0       0x6c ../build/x86_Debug/pmc_memory.o
                0x6cd193e0                number_zero
                0x6cd19420                number_one
                0x6cd19448                hLocalHeap
 COMMON         0x6cd1944c       0x10 ../build/x86_Debug/pmc_statistics.o
                0x6cd1944c                statistics_info
                0x6cd1945c                __bss_end__ = .

.edata          0x6cd1a000      0x200
 *(.edata)
 .edata         0x6cd1a000       0x88 dll stuff

/DISCARD/
 *(.debug$S)
 *(.debug$T)
 *(.debug$F)
 *(.drectve)
 *(.note.GNU-stack)
 *(.gnu.lto_*)

.idata          0x6cd1b000      0x200
 SORT_BY_NAME(*)(.idata$2)
 .idata$2       0x6cd1b000       0x14 C:/GNU/MINGW64/i686-8.1.0-win32-dwarf-rt_v6-rev0/mingw32/bin/../lib/gcc/i686-w64-mingw32/8.1.0/../../../../i686-w64-mingw32/lib/../lib/libkernel32.a(dgzch.o)
                0x6cd1b000                _head_lib32_libkernel32_a
 .idata$2       0x6cd1b014       0x14 C:/GNU/MINGW64/i686-8.1.0-win32-dwarf-rt_v6-rev0/mingw32/bin/../lib/gcc/i686-w64-mingw32/8.1.0/../../../../i686-w64-mingw32/lib/../lib/libuser32.a(dmceh.o)
                0x6cd1b014                _head_lib32_libuser32_a
 SORT_BY_NAME(*)(.idata$3)
                0x6cd1b028        0x4 LONG 0x0
                0x6cd1b02c        0x4 LONG 0x0
                0x6cd1b030        0x4 LONG 0x0
                0x6cd1b034        0x4 LONG 0x0
                0x6cd1b038        0x4 LONG 0x0
 SORT_BY_NAME(*)(.idata$4)
 .idata$4       0x6cd1b03c        0x0 C:/GNU/MINGW64/i686-8.1.0-win32-dwarf-rt_v6-rev0/mingw32/bin/../lib/gcc/i686-w64-mingw32/8.1.0/../../../../i686-w64-mingw32/lib/../lib/libkernel32.a(dgzch.o)
 .idata$4       0x6cd1b03c        0x4 C:/GNU/MINGW64/i686-8.1.0-win32-dwarf-rt_v6-rev0/mingw32/bin/../lib/gcc/i686-w64-mingw32/8.1.0/../../../../i686-w64-mingw32/lib/../lib/libkernel32.a(dgzcs00666.o)
 .idata$4       0x6cd1b040        0x4 C:/GNU/MINGW64/i686-8.1.0-win32-dwarf-rt_v6-rev0/mingw32/bin/../lib/gcc/i686-w64-mingw32/8.1.0/../../../../i686-w64-mingw32/lib/../lib/libkernel32.a(dgzcs00723.o)
 .idata$4       0x6cd1b044        0x4 C:/GNU/MINGW64/i686-8.1.0-win32-dwarf-rt_v6-rev0/mingw32/bin/../lib/gcc/i686-w64-mingw32/8.1.0/../../../../i686-w64-mingw32/lib/../lib/libkernel32.a(dgzcs00725.o)
 .idata$4       0x6cd1b048        0x4 C:/GNU/MINGW64/i686-8.1.0-win32-dwarf-rt_v6-rev0/mingw32/bin/../lib/gcc/i686-w64-mingw32/8.1.0/../../../../i686-w64-mingw32/lib/../lib/libkernel32.a(dgzcs00727.o)
 .idata$4       0x6cd1b04c        0x4 C:/GNU/MINGW64/i686-8.1.0-win32-dwarf-rt_v6-rev0/mingw32/bin/../lib/gcc/i686-w64-mingw32/8.1.0/../../../../i686-w64-mingw32/lib/../lib/libkernel32.a(dgzcs00729.o)
 .idata$4       0x6cd1b050        0x4 C:/GNU/MINGW64/i686-8.1.0-win32-dwarf-rt_v6-rev0/mingw32/bin/../lib/gcc/i686-w64-mingw32/8.1.0/../../../../i686-w64-mingw32/lib/../lib/libkernel32.a(dgzcs01330.o)
 .idata$4       0x6cd1b054        0x4 C:/GNU/MINGW64/i686-8.1.0-win32-dwarf-rt_v6-rev0/mingw32/bin/../lib/gcc/i686-w64-mingw32/8.1.0/../../../../i686-w64-mingw32/lib/../lib/libkernel32.a(dgzcs01336.o)
 .idata$4       0x6cd1b058        0x4 C:/GNU/MINGW64/i686-8.1.0-win32-dwarf-rt_v6-rev0/mingw32/bin/../lib/gcc/i686-w64-mingw32/8.1.0/../../../../i686-w64-mingw32/lib/../lib/libkernel32.a(dgzcs01342.o)
 .idata$4       0x6cd1b05c        0x4 C:/GNU/MINGW64/i686-8.1.0-win32-dwarf-rt_v6-rev0/mingw32/bin/../lib/gcc/i686-w64-mingw32/8.1.0/../../../../i686-w64-mingw32/lib/../lib/libkernel32.a(dgzct.o)
 .idata$4       0x6cd1b060        0x0 C:/GNU/MINGW64/i686-8.1.0-win32-dwarf-rt_v6-rev0/mingw32/bin/../lib/gcc/i686-w64-mingw32/8.1.0/../../../../i686-w64-mingw32/lib/../lib/libuser32.a(dmceh.o)
 .idata$4       0x6cd1b060        0x4 C:/GNU/MINGW64/i686-8.1.0-win32-dwarf-rt_v6-rev0/mingw32/bin/../lib/gcc/i686-w64-mingw32/8.1.0/../../../../i686-w64-mingw32/lib/../lib/libuser32.a(dmces00912.o)
 .idata$4       0x6cd1b064        0x4 C:/GNU/MINGW64/i686-8.1.0-win32-dwarf-rt_v6-rev0/mingw32/bin/../lib/gcc/i686-w64-mingw32/8.1.0/../../../../i686-w64-mingw32/lib/../lib/libuser32.a(dmcet.o)
                0x6cd1b068                __IAT_start__ = .
 SORT_BY_NAME(*)(.idata$5)
 .idata$5       0x6cd1b068        0x0 C:/GNU/MINGW64/i686-8.1.0-win32-dwarf-rt_v6-rev0/mingw32/bin/../lib/gcc/i686-w64-mingw32/8.1.0/../../../../i686-w64-mingw32/lib/../lib/libkernel32.a(dgzch.o)
 .idata$5       0x6cd1b068        0x4 C:/GNU/MINGW64/i686-8.1.0-win32-dwarf-rt_v6-rev0/mingw32/bin/../lib/gcc/i686-w64-mingw32/8.1.0/../../../../i686-w64-mingw32/lib/../lib/libkernel32.a(dgzcs00666.o)
                0x6cd1b068                _imp__GetTickCount@0
 .idata$5       0x6cd1b06c        0x4 C:/GNU/MINGW64/i686-8.1.0-win32-dwarf-rt_v6-rev0/mingw32/bin/../lib/gcc/i686-w64-mingw32/8.1.0/../../../../i686-w64-mingw32/lib/../lib/libkernel32.a(dgzcs00723.o)
                0x6cd1b06c                _imp__HeapAlloc@12
 .idata$5       0x6cd1b070        0x4 C:/GNU/MINGW64/i686-8.1.0-win32-dwarf-rt_v6-rev0/mingw32/bin/../lib/gcc/i686-w64-mingw32/8.1.0/../../../../i686-w64-mingw32/lib/../lib/libkernel32.a(dgzcs00725.o)
                0x6cd1b070                _imp__HeapCreate@12
 .idata$5       0x6cd1b074        0x4 C:/GNU/MINGW64/i686-8.1.0-win32-dwarf-rt_v6-rev0/mingw32/bin/../lib/gcc/i686-w64-mingw32/8.1.0/../../../../i686-w64-mingw32/lib/../lib/libkernel32.a(dgzcs00727.o)
                0x6cd1b074                _imp__HeapDestroy@4
 .idata$5       0x6cd1b078        0x4 C:/GNU/MINGW64/i686-8.1.0-win32-dwarf-rt_v6-rev0/mingw32/bin/../lib/gcc/i686-w64-mingw32/8.1.0/../../../../i686-w64-mingw32/lib/../lib/libkernel32.a(dgzcs00729.o)
                0x6cd1b078                _imp__HeapFree@12
 .idata$5       0x6cd1b07c        0x4 C:/GNU/MINGW64/i686-8.1.0-win32-dwarf-rt_v6-rev0/mingw32/bin/../lib/gcc/i686-w64-mingw32/8.1.0/../../../../i686-w64-mingw32/lib/../lib/libkernel32.a(dgzcs01330.o)
                0x6cd1b07c                _imp__lstrcmpW@8
 .idata$5       0x6cd1b080        0x4 C:/GNU/MINGW64/i686-8.1.0-win32-dwarf-rt_v6-rev0/mingw32/bin/../lib/gcc/i686-w64-mingw32/8.1.0/../../../../i686-w64-mingw32/lib/../lib/libkernel32.a(dgzcs01336.o)
                0x6cd1b080                _imp__lstrcpyW@8
 .idata$5       0x6cd1b084        0x4 C:/GNU/MINGW64/i686-8.1.0-win32-dwarf-rt_v6-rev0/mingw32/bin/../lib/gcc/i686-w64-mingw32/8.1.0/../../../../i686-w64-mingw32/lib/../lib/libkernel32.a(dgzcs01342.o)
                0x6cd1b084                _imp__lstrlenW@4
 .idata$5       0x6cd1b088        0x4 C:/GNU/MINGW64/i686-8.1.0-win32-dwarf-rt_v6-rev0/mingw32/bin/../lib/gcc/i686-w64-mingw32/8.1.0/../../../../i686-w64-mingw32/lib/../lib/libkernel32.a(dgzct.o)
 .idata$5       0x6cd1b08c        0x0 C:/GNU/MINGW64/i686-8.1.0-win32-dwarf-rt_v6-rev0/mingw32/bin/../lib/gcc/i686-w64-mingw32/8.1.0/../../../../i686-w64-mingw32/lib/../lib/libuser32.a(dmceh.o)
 .idata$5       0x6cd1b08c        0x4 C:/GNU/MINGW64/i686-8.1.0-win32-dwarf-rt_v6-rev0/mingw32/bin/../lib/gcc/i686-w64-mingw32/8.1.0/../../../../i686-w64-mingw32/lib/../lib/libuser32.a(dmces00912.o)
                0x6cd1b08c                _imp__wsprintfW
 .idata$5       0x6cd1b090        0x4 C:/GNU/MINGW64/i686-8.1.0-win32-dwarf-rt_v6-rev0/mingw32/bin/../lib/gcc/i686-w64-mingw32/8.1.0/../../../../i686-w64-mingw32/lib/../lib/libuser32.a(dmcet.o)
                0x6cd1b094                __IAT_end__ = .
 SORT_BY_NAME(*)(.idata$6)
 .idata$6       0x6cd1b094       0x10 C:/GNU/MINGW64/i686-8.1.0-win32-dwarf-rt_v6-rev0/mingw32/bin/../lib/gcc/i686-w64-mingw32/8.1.0/../../../../i686-w64-mingw32/lib/../lib/libkernel32.a(dgzcs00666.o)
 .idata$6       0x6cd1b0a4        0xc C:/GNU/MINGW64/i686-8.1.0-win32-dwarf-rt_v6-rev0/mingw32/bin/../lib/gcc/i686-w64-mingw32/8.1.0/../../../../i686-w64-mingw32/lib/../lib/libkernel32.a(dgzcs00723.o)
 .idata$6       0x6cd1b0b0        0xe C:/GNU/MINGW64/i686-8.1.0-win32-dwarf-rt_v6-rev0/mingw32/bin/../lib/gcc/i686-w64-mingw32/8.1.0/../../../../i686-w64-mingw32/lib/../lib/libkernel32.a(dgzcs00725.o)
 .idata$6       0x6cd1b0be        0xe C:/GNU/MINGW64/i686-8.1.0-win32-dwarf-rt_v6-rev0/mingw32/bin/../lib/gcc/i686-w64-mingw32/8.1.0/../../../../i686-w64-mingw32/lib/../lib/libkernel32.a(dgzcs00727.o)
 .idata$6       0x6cd1b0cc        0xc C:/GNU/MINGW64/i686-8.1.0-win32-dwarf-rt_v6-rev0/mingw32/bin/../lib/gcc/i686-w64-mingw32/8.1.0/../../../../i686-w64-mingw32/lib/../lib/libkernel32.a(dgzcs00729.o)
 .idata$6       0x6cd1b0d8        0xc C:/GNU/MINGW64/i686-8.1.0-win32-dwarf-rt_v6-rev0/mingw32/bin/../lib/gcc/i686-w64-mingw32/8.1.0/../../../../i686-w64-mingw32/lib/../lib/libkernel32.a(dgzcs01330.o)
 .idata$6       0x6cd1b0e4        0xc C:/GNU/MINGW64/i686-8.1.0-win32-dwarf-rt_v6-rev0/mingw32/bin/../lib/gcc/i686-w64-mingw32/8.1.0/../../../../i686-w64-mingw32/lib/../lib/libkernel32.a(dgzcs01336.o)
 .idata$6       0x6cd1b0f0        0xc C:/GNU/MINGW64/i686-8.1.0-win32-dwarf-rt_v6-rev0/mingw32/bin/../lib/gcc/i686-w64-mingw32/8.1.0/../../../../i686-w64-mingw32/lib/../lib/libkernel32.a(dgzcs01342.o)
 .idata$6       0x6cd1b0fc        0xc C:/GNU/MINGW64/i686-8.1.0-win32-dwarf-rt_v6-rev0/mingw32/bin/../lib/gcc/i686-w64-mingw32/8.1.0/../../../../i686-w64-mingw32/lib/../lib/libuser32.a(dmces00912.o)
 SORT_BY_NAME(*)(.idata$7)
 .idata$7       0x6cd1b108        0x4 C:/GNU/MINGW64/i686-8.1.0-win32-dwarf-rt_v6-rev0/mingw32/bin/../lib/gcc/i686-w64-mingw32/8.1.0/../../../../i686-w64-mingw32/lib/../lib/libkernel32.a(dgzcs00666.o)
 .idata$7       0x6cd1b10c        0x4 C:/GNU/MINGW64/i686-8.1.0-win32-dwarf-rt_v6-rev0/mingw32/bin/../lib/gcc/i686-w64-mingw32/8.1.0/../../../../i686-w64-mingw32/lib/../lib/libkernel32.a(dgzcs00723.o)
 .idata$7       0x6cd1b110        0x4 C:/GNU/MINGW64/i686-8.1.0-win32-dwarf-rt_v6-rev0/mingw32/bin/../lib/gcc/i686-w64-mingw32/8.1.0/../../../../i686-w64-mingw32/lib/../lib/libkernel32.a(dgzcs00725.o)
 .idata$7       0x6cd1b114        0x4 C:/GNU/MINGW64/i686-8.1.0-win32-dwarf-rt_v6-rev0/mingw32/bin/../lib/gcc/i686-w64-mingw32/8.1.0/../../../../i686-w64-mingw32/lib/../lib/libkernel32.a(dgzcs00727.o)
 .idata$7       0x6cd1b118        0x4 C:/GNU/MINGW64/i686-8.1.0-win32-dwarf-rt_v6-rev0/mingw32/bin/../lib/gcc/i686-w64-mingw32/8.1.0/../../../../i686-w64-mingw32/lib/../lib/libkernel32.a(dgzcs00729.o)
 .idata$7       0x6cd1b11c        0x4 C:/GNU/MINGW64/i686-8.1.0-win32-dwarf-rt_v6-rev0/mingw32/bin/../lib/gcc/i686-w64-mingw32/8.1.0/../../../../i686-w64-mingw32/lib/../lib/libkernel32.a(dgzcs01330.o)
 .idata$7       0x6cd1b120        0x4 C:/GNU/MINGW64/i686-8.1.0-win32-dwarf-rt_v6-rev0/mingw32/bin/../lib/gcc/i686-w64-mingw32/8.1.0/../../../../i686-w64-mingw32/lib/../lib/libkernel32.a(dgzcs01336.o)
 .idata$7       0x6cd1b124        0x4 C:/GNU/MINGW64/i686-8.1.0-win32-dwarf-rt_v6-rev0/mingw32/bin/../lib/gcc/i686-w64-mingw32/8.1.0/../../../../i686-w64-mingw32/lib/../lib/libkernel32.a(dgzcs01342.o)
 .idata$7       0x6cd1b128       0x10 C:/GNU/MINGW64/i686-8.1.0-win32-dwarf-rt_v6-rev0/mingw32/bin/../lib/gcc/i686-w64-mingw32/8.1.0/../../../../i686-w64-mingw32/lib/../lib/libkernel32.a(dgzct.o)
                0x6cd1b128                _lib32_libkernel32_a_iname
 .idata$7       0x6cd1b138        0x4 C:/GNU/MINGW64/i686-8.1.0-win32-dwarf-rt_v6-rev0/mingw32/bin/../lib/gcc/i686-w64-mingw32/8.1.0/../../../../i686-w64-mingw32/lib/../lib/libuser32.a(dmces00912.o)
 .idata$7       0x6cd1b13c        0xc C:/GNU/MINGW64/i686-8.1.0-win32-dwarf-rt_v6-rev0/mingw32/bin/../lib/gcc/i686-w64-mingw32/8.1.0/../../../../i686-w64-mingw32/lib/../lib/libuser32.a(dmcet.o)
                0x6cd1b13c                _lib32_libuser32_a_iname

.CRT            0x6cd1c000        0x0
                0x6cd1c000                ___crt_xc_start__ = .
 *(SORT_BY_NAME(.CRT$XC*))
                0x6cd1c000                ___crt_xc_end__ = .
                0x6cd1c000                ___crt_xi_start__ = .
 *(SORT_BY_NAME(.CRT$XI*))
                0x6cd1c000                ___crt_xi_end__ = .
                0x6cd1c000                ___crt_xl_start__ = .
 *(SORT_BY_NAME(.CRT$XL*))
                0x6cd1c000                ___crt_xp_start__ = .
 *(SORT_BY_NAME(.CRT$XP*))
                0x6cd1c000                ___crt_xp_end__ = .
                0x6cd1c000                ___crt_xt_start__ = .
 *(SORT_BY_NAME(.CRT$XT*))
                0x6cd1c000                ___crt_xt_end__ = .

.tls            0x6cd1c000        0x0
                0x6cd1c000                ___tls_start__ = .
 *(.tls$AAA)
 *(.tls)
 *(.tls$)
 *(SORT_BY_NAME(.tls$*))
 *(.tls$ZZZ)
                0x6cd1c000                ___tls_end__ = .

.endjunk        0x6cd1c000        0x0
                [!provide]                PROVIDE (end = .)
                [!provide]                PROVIDE (_end = .)
                0x6cd1c000                __end__ = .

.rsrc           0x6cd1c000      0x400
 *(.rsrc)
 .rsrc          0x6cd1c000      0x378 ../build/x86_Debug/version.o
 *(.rsrc$*)

.reloc          0x6cd1d000    0x6b000
 *(.reloc)
 .reloc         0x6cd1d000    0x6afc4 dll stuff

.stab
 *(.stab)

.stabstr
 *(.stabstr)

.debug_aranges  0x6cd88000      0x800
 *(.debug_aranges)
 .debug_aranges
                0x6cd88000       0x20 ../build/x86_Debug/cpuid.o
 .debug_aranges
                0x6cd88020       0x20 ../build/x86_Debug/debug.o
 .debug_aranges
                0x6cd88040       0x20 ../build/x86_Debug/dllmain.o
 .debug_aranges
                0x6cd88060       0x20 ../build/x86_Debug/INTERNALTEST_op_DivRem.o
 .debug_aranges
                0x6cd88080       0x20 ../build/x86_Debug/INTERNALTEST_op_Multiply.o
 .debug_aranges
                0x6cd880a0       0x20 ../build/x86_Debug/pmc_add.o
 .debug_aranges
                0x6cd880c0       0x20 ../build/x86_Debug/pmc_bitwiseand.o
 .debug_aranges
                0x6cd880e0       0x20 ../build/x86_Debug/pmc_bitwiseor.o
 .debug_aranges
                0x6cd88100       0x20 ../build/x86_Debug/pmc_bytes.o
 .debug_aranges
                0x6cd88120       0x20 ../build/x86_Debug/pmc_clone.o
 .debug_aranges
                0x6cd88140       0x20 ../build/x86_Debug/pmc_compare.o
 .debug_aranges
                0x6cd88160       0x20 ../build/x86_Debug/pmc_divrem.o
 .debug_aranges
                0x6cd88180       0x20 ../build/x86_Debug/pmc_equals.o
 .debug_aranges
                0x6cd881a0       0x20 ../build/x86_Debug/pmc_exclusiveor.o
 .debug_aranges
                0x6cd881c0       0x20 ../build/x86_Debug/pmc_from.o
 .debug_aranges
                0x6cd881e0       0x20 ../build/x86_Debug/pmc_greatestcommondivisor.o
 .debug_aranges
                0x6cd88200       0x20 ../build/x86_Debug/pmc_initialize.o
 .debug_aranges
                0x6cd88220       0x20 ../build/x86_Debug/pmc_memory.o
 .debug_aranges
                0x6cd88240       0x20 ../build/x86_Debug/pmc_modpow.o
 .debug_aranges
                0x6cd88260       0x20 ../build/x86_Debug/pmc_multiply.o
 .debug_aranges
                0x6cd88280       0x20 ../build/x86_Debug/pmc_parse.o
 .debug_aranges
                0x6cd882a0       0x20 ../build/x86_Debug/pmc_pow.o
 .debug_aranges
                0x6cd882c0       0x20 ../build/x86_Debug/pmc_shift.o
 .debug_aranges
                0x6cd882e0       0x20 ../build/x86_Debug/pmc_statistics.o
 .debug_aranges
                0x6cd88300       0x20 ../build/x86_Debug/pmc_subtruct.o
 .debug_aranges
                0x6cd88320       0x20 ../build/x86_Debug/pmc_to.o
 .debug_aranges
                0x6cd88340       0x20 ../build/x86_Debug/pmc_tostring.o
 .debug_aranges
                0x6cd88360       0x20 ../build/x86_Debug/TEST_autogenerated_1.o
 .debug_aranges
                0x6cd88380       0x20 ../build/x86_Debug/TEST_autogenerated_2.o
 .debug_aranges
                0x6cd883a0       0x20 ../build/x86_Debug/TEST_op_Add.o
 .debug_aranges
                0x6cd883c0       0x20 ../build/x86_Debug/TEST_op_BitwiseAnd.o
 .debug_aranges
                0x6cd883e0       0x20 ../build/x86_Debug/TEST_op_BitwiseOr.o
 .debug_aranges
                0x6cd88400       0x20 ../build/x86_Debug/TEST_op_Clone.o
 .debug_aranges
                0x6cd88420       0x20 ../build/x86_Debug/TEST_op_Compare.o
 .debug_aranges
                0x6cd88440       0x20 ../build/x86_Debug/TEST_op_DivRem.o
 .debug_aranges
                0x6cd88460       0x20 ../build/x86_Debug/TEST_op_Equals.o
 .debug_aranges
                0x6cd88480       0x20 ../build/x86_Debug/TEST_op_ExclusiveOr.o
 .debug_aranges
                0x6cd884a0       0x20 ../build/x86_Debug/TEST_op_From_To.o
 .debug_aranges
                0x6cd884c0       0x20 ../build/x86_Debug/TEST_op_GreatestCommonDivisor.o
 .debug_aranges
                0x6cd884e0       0x20 ../build/x86_Debug/TEST_op_ModPow.o
 .debug_aranges
                0x6cd88500       0x20 ../build/x86_Debug/TEST_op_Multiply.o
 .debug_aranges
                0x6cd88520       0x20 ../build/x86_Debug/TEST_op_ParseDN.o
 .debug_aranges
                0x6cd88540       0x20 ../build/x86_Debug/TEST_op_ParseX.o
 .debug_aranges
                0x6cd88560       0x20 ../build/x86_Debug/TEST_op_Pow.o
 .debug_aranges
                0x6cd88580       0x20 ../build/x86_Debug/TEST_op_Remainder.o
 .debug_aranges
                0x6cd885a0       0x20 ../build/x86_Debug/TEST_op_Shift.o
 .debug_aranges
                0x6cd885c0       0x20 ../build/x86_Debug/TEST_op_Subtruct.o
 .debug_aranges
                0x6cd885e0       0x20 ../build/x86_Debug/TEST_op_ToStringD.o
 .debug_aranges
                0x6cd88600       0x20 ../build/x86_Debug/TEST_op_ToStringN.o
 .debug_aranges
                0x6cd88620       0x20 ../build/x86_Debug/TEST_op_ToStringX.o

.zdebug_aranges
 *(.zdebug_aranges)

.debug_pubnames
 *(.debug_pubnames)

.zdebug_pubnames
 *(.zdebug_pubnames)

.debug_pubtypes
 *(.debug_pubtypes)

.zdebug_pubtypes
 *(.zdebug_pubtypes)

.debug_info     0x6cd89000   0x20ce00
 *(.debug_info .gnu.linkonce.wi.*)
 .debug_info    0x6cd89000     0x50af ../build/x86_Debug/cpuid.o
 .debug_info    0x6cd8e0af     0x615f ../build/x86_Debug/debug.o
 .debug_info    0x6cd9420e     0x4d4b ../build/x86_Debug/dllmain.o
 .debug_info    0x6cd98f59     0x610d ../build/x86_Debug/INTERNALTEST_op_DivRem.o
 .debug_info    0x6cd9f066     0x6056 ../build/x86_Debug/INTERNALTEST_op_Multiply.o
 .debug_info    0x6cda50bc     0x6070 ../build/x86_Debug/pmc_add.o
 .debug_info    0x6cdab12c     0x5435 ../build/x86_Debug/pmc_bitwiseand.o
 .debug_info    0x6cdb0561     0x56c2 ../build/x86_Debug/pmc_bitwiseor.o
 .debug_info    0x6cdb5c23     0x5234 ../build/x86_Debug/pmc_bytes.o
 .debug_info    0x6cdbae57     0x4f01 ../build/x86_Debug/pmc_clone.o
 .debug_info    0x6cdbfd58     0x53bc ../build/x86_Debug/pmc_compare.o
 .debug_info    0x6cdc5114     0x75fb ../build/x86_Debug/pmc_divrem.o
 .debug_info    0x6cdcc70f     0x5358 ../build/x86_Debug/pmc_equals.o
 .debug_info    0x6cdd1a67     0x5720 ../build/x86_Debug/pmc_exclusiveor.o
 .debug_info    0x6cdd7187     0x5122 ../build/x86_Debug/pmc_from.o
 .debug_info    0x6cddc2a9     0x5a81 ../build/x86_Debug/pmc_greatestcommondivisor.o
 .debug_info    0x6cde1d2a     0x612f ../build/x86_Debug/pmc_initialize.o
 .debug_info    0x6cde7e59     0x5e21 ../build/x86_Debug/pmc_memory.o
 .debug_info    0x6cdedc7a     0x556d ../build/x86_Debug/pmc_modpow.o
 .debug_info    0x6cdf31e7     0x6192 ../build/x86_Debug/pmc_multiply.o
 .debug_info    0x6cdf9379     0x6bdb ../build/x86_Debug/pmc_parse.o
 .debug_info    0x6cdfff54     0x534d ../build/x86_Debug/pmc_pow.o
 .debug_info    0x6ce052a1     0x5705 ../build/x86_Debug/pmc_shift.o
 .debug_info    0x6ce0a9a6     0x4d1f ../build/x86_Debug/pmc_statistics.o
 .debug_info    0x6ce0f6c5     0x5a80 ../build/x86_Debug/pmc_subtruct.o
 .debug_info    0x6ce15145     0x4fcc ../build/x86_Debug/pmc_to.o
 .debug_info    0x6ce1a111     0x6647 ../build/x86_Debug/pmc_tostring.o
 .debug_info    0x6ce20758    0xb4fa2 ../build/x86_Debug/TEST_autogenerated_1.o
 .debug_info    0x6ced56fa    0x43e6d ../build/x86_Debug/TEST_autogenerated_2.o
 .debug_info    0x6cf19567     0x6093 ../build/x86_Debug/TEST_op_Add.o
 .debug_info    0x6cf1f5fa     0x5ff8 ../build/x86_Debug/TEST_op_BitwiseAnd.o
 .debug_info    0x6cf255f2     0x60ab ../build/x86_Debug/TEST_op_BitwiseOr.o
 .debug_info    0x6cf2b69d     0x5c8b ../build/x86_Debug/TEST_op_Clone.o
 .debug_info    0x6cf31328     0x5efd ../build/x86_Debug/TEST_op_Compare.o
 .debug_info    0x6cf37225     0x616f ../build/x86_Debug/TEST_op_DivRem.o
 .debug_info    0x6cf3d394     0x5ef7 ../build/x86_Debug/TEST_op_Equals.o
 .debug_info    0x6cf4328b     0x60b7 ../build/x86_Debug/TEST_op_ExclusiveOr.o
 .debug_info    0x6cf49342     0x5e7d ../build/x86_Debug/TEST_op_From_To.o
 .debug_info    0x6cf4f1bf     0x614b ../build/x86_Debug/TEST_op_GreatestCommonDivisor.o
 .debug_info    0x6cf5530a     0x5d43 ../build/x86_Debug/TEST_op_ModPow.o
 .debug_info    0x6cf5b04d     0x60b1 ../build/x86_Debug/TEST_op_Multiply.o
 .debug_info    0x6cf610fe     0x5ef0 ../build/x86_Debug/TEST_op_ParseDN.o
 .debug_info    0x6cf66fee     0x5c8f ../build/x86_Debug/TEST_op_ParseX.o
 .debug_info    0x6cf6cc7d     0x5cb7 ../build/x86_Debug/TEST_op_Pow.o
 .debug_info    0x6cf72934     0x603d ../build/x86_Debug/TEST_op_Remainder.o
 .debug_info    0x6cf78971     0x5d68 ../build/x86_Debug/TEST_op_Shift.o
 .debug_info    0x6cf7e6d9     0x6085 ../build/x86_Debug/TEST_op_Subtruct.o
 .debug_info    0x6cf8475e     0x5c29 ../build/x86_Debug/TEST_op_ToStringD.o
 .debug_info    0x6cf8a387     0x5cc3 ../build/x86_Debug/TEST_op_ToStringN.o
 .debug_info    0x6cf9004a     0x5c29 ../build/x86_Debug/TEST_op_ToStringX.o

.zdebug_info
 *(.zdebug_info .zdebug.gnu.linkonce.wi.*)

.debug_abbrev   0x6cf96000     0x7e00
 *(.debug_abbrev)
 .debug_abbrev  0x6cf96000      0x200 ../build/x86_Debug/cpuid.o
 .debug_abbrev  0x6cf96200      0x299 ../build/x86_Debug/debug.o
 .debug_abbrev  0x6cf96499      0x175 ../build/x86_Debug/dllmain.o
 .debug_abbrev  0x6cf9660e      0x25b ../build/x86_Debug/INTERNALTEST_op_DivRem.o
 .debug_abbrev  0x6cf96869      0x25b ../build/x86_Debug/INTERNALTEST_op_Multiply.o
 .debug_abbrev  0x6cf96ac4      0x33d ../build/x86_Debug/pmc_add.o
 .debug_abbrev  0x6cf96e01      0x289 ../build/x86_Debug/pmc_bitwiseand.o
 .debug_abbrev  0x6cf9708a      0x34b ../build/x86_Debug/pmc_bitwiseor.o
 .debug_abbrev  0x6cf973d5      0x2aa ../build/x86_Debug/pmc_bytes.o
 .debug_abbrev  0x6cf9767f      0x1cc ../build/x86_Debug/pmc_clone.o
 .debug_abbrev  0x6cf9784b      0x2cb ../build/x86_Debug/pmc_compare.o
 .debug_abbrev  0x6cf97b16      0x42a ../build/x86_Debug/pmc_divrem.o
 .debug_abbrev  0x6cf97f40      0x2a6 ../build/x86_Debug/pmc_equals.o
 .debug_abbrev  0x6cf981e6      0x34b ../build/x86_Debug/pmc_exclusiveor.o
 .debug_abbrev  0x6cf98531      0x27b ../build/x86_Debug/pmc_from.o
 .debug_abbrev  0x6cf987ac      0x33e ../build/x86_Debug/pmc_greatestcommondivisor.o
 .debug_abbrev  0x6cf98aea      0x2a5 ../build/x86_Debug/pmc_initialize.o
 .debug_abbrev  0x6cf98d8f      0x4d2 ../build/x86_Debug/pmc_memory.o
 .debug_abbrev  0x6cf99261      0x2d8 ../build/x86_Debug/pmc_modpow.o
 .debug_abbrev  0x6cf99539      0x3da ../build/x86_Debug/pmc_multiply.o
 .debug_abbrev  0x6cf99913      0x41e ../build/x86_Debug/pmc_parse.o
 .debug_abbrev  0x6cf99d31      0x309 ../build/x86_Debug/pmc_pow.o
 .debug_abbrev  0x6cf9a03a      0x2de ../build/x86_Debug/pmc_shift.o
 .debug_abbrev  0x6cf9a318      0x18c ../build/x86_Debug/pmc_statistics.o
 .debug_abbrev  0x6cf9a4a4      0x33c ../build/x86_Debug/pmc_subtruct.o
 .debug_abbrev  0x6cf9a7e0      0x1e6 ../build/x86_Debug/pmc_to.o
 .debug_abbrev  0x6cf9a9c6      0x458 ../build/x86_Debug/pmc_tostring.o
 .debug_abbrev  0x6cf9ae1e      0x223 ../build/x86_Debug/TEST_autogenerated_1.o
 .debug_abbrev  0x6cf9b041      0x21a ../build/x86_Debug/TEST_autogenerated_2.o
 .debug_abbrev  0x6cf9b25b      0x209 ../build/x86_Debug/TEST_op_Add.o
 .debug_abbrev  0x6cf9b464      0x209 ../build/x86_Debug/TEST_op_BitwiseAnd.o
 .debug_abbrev  0x6cf9b66d      0x209 ../build/x86_Debug/TEST_op_BitwiseOr.o
 .debug_abbrev  0x6cf9b876      0x1e7 ../build/x86_Debug/TEST_op_Clone.o
 .debug_abbrev  0x6cf9ba5d      0x209 ../build/x86_Debug/TEST_op_Compare.o
 .debug_abbrev  0x6cf9bc66      0x22b ../build/x86_Debug/TEST_op_DivRem.o
 .debug_abbrev  0x6cf9be91      0x209 ../build/x86_Debug/TEST_op_Equals.o
 .debug_abbrev  0x6cf9c09a      0x209 ../build/x86_Debug/TEST_op_ExclusiveOr.o
 .debug_abbrev  0x6cf9c2a3      0x209 ../build/x86_Debug/TEST_op_From_To.o
 .debug_abbrev  0x6cf9c4ac      0x21a ../build/x86_Debug/TEST_op_GreatestCommonDivisor.o
 .debug_abbrev  0x6cf9c6c6      0x1f8 ../build/x86_Debug/TEST_op_ModPow.o
 .debug_abbrev  0x6cf9c8be      0x209 ../build/x86_Debug/TEST_op_Multiply.o
 .debug_abbrev  0x6cf9cac7      0x23a ../build/x86_Debug/TEST_op_ParseDN.o
 .debug_abbrev  0x6cf9cd01      0x1e7 ../build/x86_Debug/TEST_op_ParseX.o
 .debug_abbrev  0x6cf9cee8      0x1f0 ../build/x86_Debug/TEST_op_Pow.o
 .debug_abbrev  0x6cf9d0d8      0x209 ../build/x86_Debug/TEST_op_Remainder.o
 .debug_abbrev  0x6cf9d2e1      0x209 ../build/x86_Debug/TEST_op_Shift.o
 .debug_abbrev  0x6cf9d4ea      0x209 ../build/x86_Debug/TEST_op_Subtruct.o
 .debug_abbrev  0x6cf9d6f3      0x1f4 ../build/x86_Debug/TEST_op_ToStringD.o
 .debug_abbrev  0x6cf9d8e7      0x205 ../build/x86_Debug/TEST_op_ToStringN.o
 .debug_abbrev  0x6cf9daec      0x1f4 ../build/x86_Debug/TEST_op_ToStringX.o

.zdebug_abbrev
 *(.zdebug_abbrev)

.debug_line     0x6cf9e000    0x48c00
 *(.debug_line)
 .debug_line    0x6cf9e000      0x3a9 ../build/x86_Debug/cpuid.o
 .debug_line    0x6cf9e3a9      0x34e ../build/x86_Debug/debug.o
 .debug_line    0x6cf9e6f7      0x24e ../build/x86_Debug/dllmain.o
 .debug_line    0x6cf9e945      0x425 ../build/x86_Debug/INTERNALTEST_op_DivRem.o
 .debug_line    0x6cf9ed6a      0x3ae ../build/x86_Debug/INTERNALTEST_op_Multiply.o
 .debug_line    0x6cf9f118      0x88d ../build/x86_Debug/pmc_add.o
 .debug_line    0x6cf9f9a5      0x8b2 ../build/x86_Debug/pmc_bitwiseand.o
 .debug_line    0x6cfa0257      0x9ef ../build/x86_Debug/pmc_bitwiseor.o
 .debug_line    0x6cfa0c46      0x4fa ../build/x86_Debug/pmc_bytes.o
 .debug_line    0x6cfa1140      0x292 ../build/x86_Debug/pmc_clone.o
 .debug_line    0x6cfa13d2      0x61a ../build/x86_Debug/pmc_compare.o
 .debug_line    0x6cfa19ec     0x18b7 ../build/x86_Debug/pmc_divrem.o
 .debug_line    0x6cfa32a3      0x4b1 ../build/x86_Debug/pmc_equals.o
 .debug_line    0x6cfa3754      0xa26 ../build/x86_Debug/pmc_exclusiveor.o
 .debug_line    0x6cfa417a      0x362 ../build/x86_Debug/pmc_from.o
 .debug_line    0x6cfa44dc      0x83e ../build/x86_Debug/pmc_greatestcommondivisor.o
 .debug_line    0x6cfa4d1a      0x4b1 ../build/x86_Debug/pmc_initialize.o
 .debug_line    0x6cfa51cb      0xac3 ../build/x86_Debug/pmc_memory.o
 .debug_line    0x6cfa5c8e      0x6ea ../build/x86_Debug/pmc_modpow.o
 .debug_line    0x6cfa6378      0x9f1 ../build/x86_Debug/pmc_multiply.o
 .debug_line    0x6cfa6d69     0x1b06 ../build/x86_Debug/pmc_parse.o
 .debug_line    0x6cfa886f      0x4c0 ../build/x86_Debug/pmc_pow.o
 .debug_line    0x6cfa8d2f     0x17fd ../build/x86_Debug/pmc_shift.o
 .debug_line    0x6cfaa52c      0x21c ../build/x86_Debug/pmc_statistics.o
 .debug_line    0x6cfaa748      0x807 ../build/x86_Debug/pmc_subtruct.o
 .debug_line    0x6cfaaf4f      0x2f8 ../build/x86_Debug/pmc_to.o
 .debug_line    0x6cfab247      0xbac ../build/x86_Debug/pmc_tostring.o
 .debug_line    0x6cfabdf3    0x2440a ../build/x86_Debug/TEST_autogenerated_1.o
 .debug_line    0x6cfd01fd    0x11dc7 ../build/x86_Debug/TEST_autogenerated_2.o
 .debug_line    0x6cfe1fc4      0x487 ../build/x86_Debug/TEST_op_Add.o
 .debug_line    0x6cfe244b      0x3f4 ../build/x86_Debug/TEST_op_BitwiseAnd.o
 .debug_line    0x6cfe283f      0x48d ../build/x86_Debug/TEST_op_BitwiseOr.o
 .debug_line    0x6cfe2ccc      0x2b7 ../build/x86_Debug/TEST_op_Clone.o
 .debug_line    0x6cfe2f83      0x398 ../build/x86_Debug/TEST_op_Compare.o
 .debug_line    0x6cfe331b      0x4ac ../build/x86_Debug/TEST_op_DivRem.o
 .debug_line    0x6cfe37c7      0x397 ../build/x86_Debug/TEST_op_Equals.o
 .debug_line    0x6cfe3b5e      0x494 ../build/x86_Debug/TEST_op_ExclusiveOr.o
 .debug_line    0x6cfe3ff2      0x376 ../build/x86_Debug/TEST_op_From_To.o
 .debug_line    0x6cfe4368      0x4ad ../build/x86_Debug/TEST_op_GreatestCommonDivisor.o
 .debug_line    0x6cfe4815      0x2ff ../build/x86_Debug/TEST_op_ModPow.o
 .debug_line    0x6cfe4b14      0x48c ../build/x86_Debug/TEST_op_Multiply.o
 .debug_line    0x6cfe4fa0      0x365 ../build/x86_Debug/TEST_op_ParseDN.o
 .debug_line    0x6cfe5305      0x2a3 ../build/x86_Debug/TEST_op_ParseX.o
 .debug_line    0x6cfe55a8      0x2b8 ../build/x86_Debug/TEST_op_Pow.o
 .debug_line    0x6cfe5860      0x40e ../build/x86_Debug/TEST_op_Remainder.o
 .debug_line    0x6cfe5c6e      0x322 ../build/x86_Debug/TEST_op_Shift.o
 .debug_line    0x6cfe5f90      0x455 ../build/x86_Debug/TEST_op_Subtruct.o
 .debug_line    0x6cfe63e5      0x285 ../build/x86_Debug/TEST_op_ToStringD.o
 .debug_line    0x6cfe666a      0x28f ../build/x86_Debug/TEST_op_ToStringN.o
 .debug_line    0x6cfe68f9      0x285 ../build/x86_Debug/TEST_op_ToStringX.o

.zdebug_line
 *(.zdebug_line)

.debug_frame
 *(.debug_frame*)

.zdebug_frame
 *(.zdebug_frame*)

.debug_str      0x6cfe7000     0x1c00
 *(.debug_str)
 .debug_str     0x6cfe7000       0x29 ../build/x86_Debug/cpuid.o
 .debug_str     0x6cfe7029       0x6c ../build/x86_Debug/debug.o
 .debug_str     0x6cfe7095        0x9 ../build/x86_Debug/dllmain.o
 .debug_str     0x6cfe709e       0x72 ../build/x86_Debug/INTERNALTEST_op_DivRem.o
 .debug_str     0x6cfe7110       0x72 ../build/x86_Debug/INTERNALTEST_op_Multiply.o
 .debug_str     0x6cfe7182       0x67 ../build/x86_Debug/pmc_add.o
 .debug_str     0x6cfe71e9       0x20 ../build/x86_Debug/pmc_bitwiseand.o
 .debug_str     0x6cfe7209       0x73 ../build/x86_Debug/pmc_bitwiseor.o
 .debug_str     0x6cfe727c       0x6c ../build/x86_Debug/pmc_bytes.o
 .debug_str     0x6cfe72e8       0x19 ../build/x86_Debug/pmc_clone.o
 .debug_str     0x6cfe7301       0x3f ../build/x86_Debug/pmc_compare.o
 .debug_str     0x6cfe7340      0x133 ../build/x86_Debug/pmc_divrem.o
 .debug_str     0x6cfe7473       0x38 ../build/x86_Debug/pmc_equals.o
 .debug_str     0x6cfe74ab       0x60 ../build/x86_Debug/pmc_exclusiveor.o
 .debug_str     0x6cfe750b       0x2d ../build/x86_Debug/pmc_from.o
 .debug_str     0x6cfe7538       0xc9 ../build/x86_Debug/pmc_greatestcommondivisor.o
 .debug_str     0x6cfe7601       0xe5 ../build/x86_Debug/pmc_initialize.o
 .debug_str     0x6cfe76e6       0x72 ../build/x86_Debug/pmc_memory.o
 .debug_str     0x6cfe7758       0x59 ../build/x86_Debug/pmc_modpow.o
 .debug_str     0x6cfe77b1       0xab ../build/x86_Debug/pmc_multiply.o
 .debug_str     0x6cfe785c      0x161 ../build/x86_Debug/pmc_parse.o
 .debug_str     0x6cfe79bd       0x2d ../build/x86_Debug/pmc_pow.o
 .debug_str     0x6cfe79ea       0xa0 ../build/x86_Debug/pmc_shift.o
 .debug_str     0x6cfe7a8a        0x9 ../build/x86_Debug/pmc_statistics.o
 .debug_str     0x6cfe7a93       0x8e ../build/x86_Debug/pmc_subtruct.o
 .debug_str     0x6cfe7b21       0x19 ../build/x86_Debug/pmc_to.o
 .debug_str     0x6cfe7b3a      0x100 ../build/x86_Debug/pmc_tostring.o
 .debug_str     0x6cfe7c3a       0x62 ../build/x86_Debug/TEST_autogenerated_1.o
 .debug_str     0x6cfe7c9c       0x62 ../build/x86_Debug/TEST_autogenerated_2.o
 .debug_str     0x6cfe7cfe      0x123 ../build/x86_Debug/TEST_op_Add.o
 .debug_str     0x6cfe7e21       0xa4 ../build/x86_Debug/TEST_op_BitwiseAnd.o
 .debug_str     0x6cfe7ec5       0xda ../build/x86_Debug/TEST_op_BitwiseOr.o
 .debug_str     0x6cfe7f9f       0x62 ../build/x86_Debug/TEST_op_Clone.o
 .debug_str     0x6cfe8001       0xb7 ../build/x86_Debug/TEST_op_Compare.o
 .debug_str     0x6cfe80b8      0x114 ../build/x86_Debug/TEST_op_DivRem.o
 .debug_str     0x6cfe81cc       0xb7 ../build/x86_Debug/TEST_op_Equals.o
 .debug_str     0x6cfe8283       0xda ../build/x86_Debug/TEST_op_ExclusiveOr.o
 .debug_str     0x6cfe835d       0x9e ../build/x86_Debug/TEST_op_From_To.o
 .debug_str     0x6cfe83fb      0x137 ../build/x86_Debug/TEST_op_GreatestCommonDivisor.o
 .debug_str     0x6cfe8532       0x62 ../build/x86_Debug/TEST_op_ModPow.o
 .debug_str     0x6cfe8594      0x123 ../build/x86_Debug/TEST_op_Multiply.o
 .debug_str     0x6cfe86b7       0xc5 ../build/x86_Debug/TEST_op_ParseDN.o
 .debug_str     0x6cfe877c       0x62 ../build/x86_Debug/TEST_op_ParseX.o
 .debug_str     0x6cfe87de       0x62 ../build/x86_Debug/TEST_op_Pow.o
 .debug_str     0x6cfe8840       0xb8 ../build/x86_Debug/TEST_op_Remainder.o
 .debug_str     0x6cfe88f8       0xbf ../build/x86_Debug/TEST_op_Shift.o
 .debug_str     0x6cfe89b7      0x101 ../build/x86_Debug/TEST_op_Subtruct.o
 .debug_str     0x6cfe8ab8       0x62 ../build/x86_Debug/TEST_op_ToStringD.o
 .debug_str     0x6cfe8b1a       0x62 ../build/x86_Debug/TEST_op_ToStringN.o
 .debug_str     0x6cfe8b7c       0x62 ../build/x86_Debug/TEST_op_ToStringX.o

.zdebug_str
 *(.zdebug_str)

.debug_loc
 *(.debug_loc)

.zdebug_loc
 *(.zdebug_loc)

.debug_macinfo
 *(.debug_macinfo)

.zdebug_macinfo
 *(.zdebug_macinfo)

.debug_weaknames
 *(.debug_weaknames)

.zdebug_weaknames
 *(.zdebug_weaknames)

.debug_funcnames
 *(.debug_funcnames)

.zdebug_funcnames
 *(.zdebug_funcnames)

.debug_typenames
 *(.debug_typenames)

.zdebug_typenames
 *(.zdebug_typenames)

.debug_varnames
 *(.debug_varnames)

.zdebug_varnames
 *(.zdebug_varnames)

.debug_macro
 *(.debug_macro)

.zdebug_macro
 *(.zdebug_macro)

.debug_ranges   0x6cfe9000      0x200
 *(.debug_ranges)
 .debug_ranges  0x6cfe9000       0xc8 ../build/x86_Debug/pmc_compare.o
 .debug_ranges  0x6cfe90c8       0x30 ../build/x86_Debug/pmc_divrem.o
 .debug_ranges  0x6cfe90f8       0x60 ../build/x86_Debug/pmc_subtruct.o

.zdebug_ranges
 *(.zdebug_ranges)

.debug_types
 *(.debug_types .gnu.linkonce.wt.*)

.zdebug_types
 *(.zdebug_types .gnu.linkonce.wt.*)

.debug_gdb_scripts
 *(.debug_gdb_scripts)

.zdebug_gdb_scripts
 *(.zdebug_gdb_scripts)
OUTPUT(../../dist/x86_Debug/Palmtree.Math.Core.Uint.dll pei-i386)
LOAD dll stuff
