Archive member included to satisfy reference by file (symbol)

C:/GNU/MINGW64/i686-8.1.0-win32-dwarf-rt_v6-rev0/mingw32/bin/../lib/gcc/i686-w64-mingw32/8.1.0/../../../../i686-w64-mingw32/lib/../lib/libkernel32.a(dgzcs01342.o)
                              ../build/x86_Debug/pmc_parse.o (_imp__lstrlenW@4)
C:/GNU/MINGW64/i686-8.1.0-win32-dwarf-rt_v6-rev0/mingw32/bin/../lib/gcc/i686-w64-mingw32/8.1.0/../../../../i686-w64-mingw32/lib/../lib/libkernel32.a(dgzcs01336.o)
                              ../build/x86_Debug/pmc_parse.o (_imp__lstrcpyW@8)
C:/GNU/MINGW64/i686-8.1.0-win32-dwarf-rt_v6-rev0/mingw32/bin/../lib/gcc/i686-w64-mingw32/8.1.0/../../../../i686-w64-mingw32/lib/../lib/libkernel32.a(dgzcs01335.o)
                              ../build/x86_Debug/pmc_parse.o (_imp__lstrcpyA@8)
C:/GNU/MINGW64/i686-8.1.0-win32-dwarf-rt_v6-rev0/mingw32/bin/../lib/gcc/i686-w64-mingw32/8.1.0/../../../../i686-w64-mingw32/lib/../lib/libkernel32.a(dgzcs01330.o)
                              ../build/x86_Debug/TEST_op_ToStringD.o (_imp__lstrcmpW@8)
C:/GNU/MINGW64/i686-8.1.0-win32-dwarf-rt_v6-rev0/mingw32/bin/../lib/gcc/i686-w64-mingw32/8.1.0/../../../../i686-w64-mingw32/lib/../lib/libkernel32.a(dgzcs00729.o)
                              ../build/x86_Debug/pmc_memory.o (_imp__HeapFree@12)
C:/GNU/MINGW64/i686-8.1.0-win32-dwarf-rt_v6-rev0/mingw32/bin/../lib/gcc/i686-w64-mingw32/8.1.0/../../../../i686-w64-mingw32/lib/../lib/libkernel32.a(dgzcs00727.o)
                              ../build/x86_Debug/pmc_memory.o (_imp__HeapDestroy@4)
C:/GNU/MINGW64/i686-8.1.0-win32-dwarf-rt_v6-rev0/mingw32/bin/../lib/gcc/i686-w64-mingw32/8.1.0/../../../../i686-w64-mingw32/lib/../lib/libkernel32.a(dgzcs00725.o)
                              ../build/x86_Debug/pmc_memory.o (_imp__HeapCreate@12)
C:/GNU/MINGW64/i686-8.1.0-win32-dwarf-rt_v6-rev0/mingw32/bin/../lib/gcc/i686-w64-mingw32/8.1.0/../../../../i686-w64-mingw32/lib/../lib/libkernel32.a(dgzcs00723.o)
                              ../build/x86_Debug/pmc_memory.o (_imp__HeapAlloc@12)
C:/GNU/MINGW64/i686-8.1.0-win32-dwarf-rt_v6-rev0/mingw32/bin/../lib/gcc/i686-w64-mingw32/8.1.0/../../../../i686-w64-mingw32/lib/../lib/libkernel32.a(dgzcs00666.o)
                              ../build/x86_Debug/pmc_memory.o (_imp__GetTickCount@0)
C:/GNU/MINGW64/i686-8.1.0-win32-dwarf-rt_v6-rev0/mingw32/bin/../lib/gcc/i686-w64-mingw32/8.1.0/../../../../i686-w64-mingw32/lib/../lib/libkernel32.a(dgzch.o)
                              C:/GNU/MINGW64/i686-8.1.0-win32-dwarf-rt_v6-rev0/mingw32/bin/../lib/gcc/i686-w64-mingw32/8.1.0/../../../../i686-w64-mingw32/lib/../lib/libkernel32.a(dgzcs01342.o) (_head_lib32_libkernel32_a)
C:/GNU/MINGW64/i686-8.1.0-win32-dwarf-rt_v6-rev0/mingw32/bin/../lib/gcc/i686-w64-mingw32/8.1.0/../../../../i686-w64-mingw32/lib/../lib/libkernel32.a(dgzct.o)
                              C:/GNU/MINGW64/i686-8.1.0-win32-dwarf-rt_v6-rev0/mingw32/bin/../lib/gcc/i686-w64-mingw32/8.1.0/../../../../i686-w64-mingw32/lib/../lib/libkernel32.a(dgzch.o) (_lib32_libkernel32_a_iname)
C:/GNU/MINGW64/i686-8.1.0-win32-dwarf-rt_v6-rev0/mingw32/bin/../lib/gcc/i686-w64-mingw32/8.1.0/../../../../i686-w64-mingw32/lib/../lib/libuser32.a(dmces00912.o)
                              ../build/x86_Debug/debug.o (_imp__wsprintfW)
C:/GNU/MINGW64/i686-8.1.0-win32-dwarf-rt_v6-rev0/mingw32/bin/../lib/gcc/i686-w64-mingw32/8.1.0/../../../../i686-w64-mingw32/lib/../lib/libuser32.a(dmceh.o)
                              C:/GNU/MINGW64/i686-8.1.0-win32-dwarf-rt_v6-rev0/mingw32/bin/../lib/gcc/i686-w64-mingw32/8.1.0/../../../../i686-w64-mingw32/lib/../lib/libuser32.a(dmces00912.o) (_head_lib32_libuser32_a)
C:/GNU/MINGW64/i686-8.1.0-win32-dwarf-rt_v6-rev0/mingw32/bin/../lib/gcc/i686-w64-mingw32/8.1.0/../../../../i686-w64-mingw32/lib/../lib/libuser32.a(dmcet.o)
                              C:/GNU/MINGW64/i686-8.1.0-win32-dwarf-rt_v6-rev0/mingw32/bin/../lib/gcc/i686-w64-mingw32/8.1.0/../../../../i686-w64-mingw32/lib/../lib/libuser32.a(dmceh.o) (_lib32_libuser32_a_iname)

Allocating common symbols
Common symbol       size              file

number_zero         0x24              ../build/x86_Debug/pmc_memory.o
number_one          0x24              ../build/x86_Debug/pmc_memory.o
statistics_info     0x10              ../build/x86_Debug/pmc_statistics.o
hLocalHeap          0x4               ../build/x86_Debug/pmc_memory.o
configuration_info  0x4               ../build/x86_Debug/pmc_initialize.o

Discarded input sections

 .drectve       0x00000000       0x14 ../build/x86_Debug/debug.o
 .drectve       0x00000000       0x24 ../build/x86_Debug/pmc_initialize.o
 .drectve       0x00000000       0x54 ../build/x86_Debug/pmc_memory.o
 .drectve       0x00000000       0x20 ../build/x86_Debug/pmc_statistics.o
 .text          0x00000000        0x8 C:/GNU/MINGW64/i686-8.1.0-win32-dwarf-rt_v6-rev0/mingw32/bin/../lib/gcc/i686-w64-mingw32/8.1.0/../../../../i686-w64-mingw32/lib/../lib/libkernel32.a(dgzcs01342.o)
 .text          0x00000000        0x8 C:/GNU/MINGW64/i686-8.1.0-win32-dwarf-rt_v6-rev0/mingw32/bin/../lib/gcc/i686-w64-mingw32/8.1.0/../../../../i686-w64-mingw32/lib/../lib/libkernel32.a(dgzcs01336.o)
 .text          0x00000000        0x8 C:/GNU/MINGW64/i686-8.1.0-win32-dwarf-rt_v6-rev0/mingw32/bin/../lib/gcc/i686-w64-mingw32/8.1.0/../../../../i686-w64-mingw32/lib/../lib/libkernel32.a(dgzcs01335.o)
 .text          0x00000000        0x8 C:/GNU/MINGW64/i686-8.1.0-win32-dwarf-rt_v6-rev0/mingw32/bin/../lib/gcc/i686-w64-mingw32/8.1.0/../../../../i686-w64-mingw32/lib/../lib/libkernel32.a(dgzcs01330.o)
 .text          0x00000000        0x8 C:/GNU/MINGW64/i686-8.1.0-win32-dwarf-rt_v6-rev0/mingw32/bin/../lib/gcc/i686-w64-mingw32/8.1.0/../../../../i686-w64-mingw32/lib/../lib/libkernel32.a(dgzcs00729.o)
 .text          0x00000000        0x8 C:/GNU/MINGW64/i686-8.1.0-win32-dwarf-rt_v6-rev0/mingw32/bin/../lib/gcc/i686-w64-mingw32/8.1.0/../../../../i686-w64-mingw32/lib/../lib/libkernel32.a(dgzcs00727.o)
 .text          0x00000000        0x8 C:/GNU/MINGW64/i686-8.1.0-win32-dwarf-rt_v6-rev0/mingw32/bin/../lib/gcc/i686-w64-mingw32/8.1.0/../../../../i686-w64-mingw32/lib/../lib/libkernel32.a(dgzcs00725.o)
 .text          0x00000000        0x8 C:/GNU/MINGW64/i686-8.1.0-win32-dwarf-rt_v6-rev0/mingw32/bin/../lib/gcc/i686-w64-mingw32/8.1.0/../../../../i686-w64-mingw32/lib/../lib/libkernel32.a(dgzcs00723.o)
 .text          0x00000000        0x8 C:/GNU/MINGW64/i686-8.1.0-win32-dwarf-rt_v6-rev0/mingw32/bin/../lib/gcc/i686-w64-mingw32/8.1.0/../../../../i686-w64-mingw32/lib/../lib/libkernel32.a(dgzcs00666.o)
 .text          0x00000000        0x8 C:/GNU/MINGW64/i686-8.1.0-win32-dwarf-rt_v6-rev0/mingw32/bin/../lib/gcc/i686-w64-mingw32/8.1.0/../../../../i686-w64-mingw32/lib/../lib/libuser32.a(dmces00912.o)

Memory Configuration

Name             Origin             Length             Attributes
*default*        0x00000000         0xffffffff

Linker script and memory map

                0x6c640000                __image_base__ = 0x6c640000
                0x00000000                __dll__ = 0x0
                0x6c640000                ___ImageBase = 0x6c640000
                0x00001000                __section_alignment__ = 0x1000
                0x00000200                __file_alignment__ = 0x200
                0x00000004                __major_os_version__ = 0x4
                0x00000000                __minor_os_version__ = 0x0
                0x00000001                __major_image_version__ = 0x1
                0x00000000                __minor_image_version__ = 0x0
                0x00000004                __major_subsystem_version__ = 0x4
                0x00000000                __minor_subsystem_version__ = 0x0
                0x00000002                __subsystem__ = 0x2
                0x00200000                __size_of_stack_reserve__ = 0x200000
                0x00001000                __size_of_stack_commit__ = 0x1000
                0x00100000                __size_of_heap_reserve__ = 0x100000
                0x00001000                __size_of_heap_commit__ = 0x1000
                0x00000000                __loader_flags__ = 0x0
                0x00000000                __dll_characteristics__ = 0x0
LOAD ../build/x86_Debug/cpuid.o
LOAD ../build/x86_Debug/debug.o
LOAD ../build/x86_Debug/dllmain.o
LOAD ../build/x86_Debug/INTERNALTEST_op_DivRem.o
LOAD ../build/x86_Debug/INTERNALTEST_op_Multiply.o
LOAD ../build/x86_Debug/pmc_add.o
LOAD ../build/x86_Debug/pmc_bitwiseand.o
LOAD ../build/x86_Debug/pmc_bitwiseor.o
LOAD ../build/x86_Debug/pmc_bytes.o
LOAD ../build/x86_Debug/pmc_clone.o
LOAD ../build/x86_Debug/pmc_compare.o
LOAD ../build/x86_Debug/pmc_divrem.o
LOAD ../build/x86_Debug/pmc_equals.o
LOAD ../build/x86_Debug/pmc_exclusiveor.o
LOAD ../build/x86_Debug/pmc_from.o
LOAD ../build/x86_Debug/pmc_getnumbertype.o
LOAD ../build/x86_Debug/pmc_greatestcommondivisor.o
LOAD ../build/x86_Debug/pmc_initialize.o
LOAD ../build/x86_Debug/pmc_memory.o
LOAD ../build/x86_Debug/pmc_modpow.o
LOAD ../build/x86_Debug/pmc_multiply.o
LOAD ../build/x86_Debug/pmc_parse.o
LOAD ../build/x86_Debug/pmc_pow.o
LOAD ../build/x86_Debug/pmc_shift.o
LOAD ../build/x86_Debug/pmc_statistics.o
LOAD ../build/x86_Debug/pmc_subtruct.o
LOAD ../build/x86_Debug/pmc_to.o
LOAD ../build/x86_Debug/pmc_tostring.o
LOAD ../build/x86_Debug/TEST_autogenerated.o
LOAD ../build/x86_Debug/TEST_op_Add.o
LOAD ../build/x86_Debug/TEST_op_BitwiseAnd.o
LOAD ../build/x86_Debug/TEST_op_BitwiseOr.o
LOAD ../build/x86_Debug/TEST_op_Clone.o
LOAD ../build/x86_Debug/TEST_op_Compare.o
LOAD ../build/x86_Debug/TEST_op_DivRem.o
LOAD ../build/x86_Debug/TEST_op_Equals.o
LOAD ../build/x86_Debug/TEST_op_ExclusiveOr.o
LOAD ../build/x86_Debug/TEST_op_From_To.o
LOAD ../build/x86_Debug/TEST_op_GetNumberType.o
LOAD ../build/x86_Debug/TEST_op_GreatestCommonDivisor.o
LOAD ../build/x86_Debug/TEST_op_ModPow.o
LOAD ../build/x86_Debug/TEST_op_Multiply.o
LOAD ../build/x86_Debug/TEST_op_ParseDN.o
LOAD ../build/x86_Debug/TEST_op_ParseX.o
LOAD ../build/x86_Debug/TEST_op_Pow.o
LOAD ../build/x86_Debug/TEST_op_Shift.o
LOAD ../build/x86_Debug/TEST_op_Subtruct.o
LOAD ../build/x86_Debug/TEST_op_ToStringD.o
LOAD ../build/x86_Debug/TEST_op_ToStringN.o
LOAD ../build/x86_Debug/TEST_op_ToStringX.o
LOAD ../build/x86_Debug/version.o
LOAD C:/GNU/MINGW64/i686-8.1.0-win32-dwarf-rt_v6-rev0/mingw32/bin/../lib/gcc/i686-w64-mingw32/8.1.0/../../../../i686-w64-mingw32/lib/../lib/libkernel32.a
LOAD C:/GNU/MINGW64/i686-8.1.0-win32-dwarf-rt_v6-rev0/mingw32/bin/../lib/gcc/i686-w64-mingw32/8.1.0/../../../../i686-w64-mingw32/lib/../lib/libuser32.a
                0x000003d0                . = SIZEOF_HEADERS
                0x00001000                . = ALIGN (__section_alignment__)

.text           0x6c641000   0x405000
 *(.init)
 *(.text)
 .text          0x6c641000      0x2e4 ../build/x86_Debug/cpuid.o
                0x6c641123                GetCPUInfo
 .text          0x6c6412e4      0x338 ../build/x86_Debug/debug.o
                0x6c6413d2                DoDebug@4
                0x6c6414cc                TEST_Assert
                0x6c641528                FormatTestLabel
                0x6c641558                FormatTestMesssage
                0x6c641581                DumpBinary_UNIT
 .text          0x6c64161c       0x58 ../build/x86_Debug/dllmain.o
                0x6c64161c                DllMain@12
 .text          0x6c641674      0x444 ../build/x86_Debug/INTERNALTEST_op_DivRem.o
                0x6c6416fc                INTERNALTEST_DivRem_X_X
 .text          0x6c641ab8      0x2c4 ../build/x86_Debug/INTERNALTEST_op_Multiply.o
                0x6c641b58                INTERNALTEST_Multiply_X_X_Imp
 .text          0x6c641d7c     0x16e4 ../build/x86_Debug/pmc_add.o
                0x6c642d31                PMC_Add_I_X@12
                0x6c642db5                PMC_Add_X_I@12
                0x6c6430f0                PMC_Add_L_X@16
                0x6c643187                PMC_Add_X_L@16
                0x6c64321e                PMC_Add_X_X@12
                0x6c643436                Initialize_Add
 .text          0x6c643460      0xc70 ../build/x86_Debug/pmc_bitwiseand.o
                0x6c643bcc                PMC_BitwiseAnd_I_X@12
                0x6c643c50                PMC_BitwiseAnd_X_I@12
                0x6c643cd4                PMC_BitwiseAnd_L_X@16
                0x6c643dee                PMC_BitwiseAnd_X_L@16
                0x6c643f08                PMC_BitwiseAnd_X_X@12
                0x6c6440c9                Initialize_BitwiseAnd
 .text          0x6c6440d0     0x105c ../build/x86_Debug/pmc_bitwiseor.o
                0x6c644aa2                PMC_BitwiseOr_I_X@12
                0x6c644b26                PMC_BitwiseOr_X_I@12
                0x6c644e07                PMC_BitwiseOr_L_X@16
                0x6c644e9e                PMC_BitwiseOr_X_L@16
                0x6c644f35                PMC_BitwiseOr_X_X@12
                0x6c645123                Initialize_BitwiseOr
 .text          0x6c64512c      0x314 ../build/x86_Debug/pmc_bytes.o
                0x6c645211                PMC_FromByteArray@12
                0x6c645367                PMC_ToByteArray@16
 .text          0x6c645440       0xac ../build/x86_Debug/pmc_clone.o
                0x6c645440                PMC_Clone_X@8
                0x6c6454e5                Initialize_Clone
 .text          0x6c6454ec      0x65c ../build/x86_Debug/pmc_compare.o
                0x6c645541                Compare_Imp
                0x6c645664                PMC_Compare_I_X@12
                0x6c6456cb                PMC_Compare_X_I@12
                0x6c645924                PMC_Compare_L_X@16
                0x6c64599e                PMC_Compare_X_L@16
                0x6c645a14                PMC_Compare_X_X@12
                0x6c645b40                Initialize_Compare
 .text          0x6c645b48     0x4e8c ../build/x86_Debug/pmc_divrem.o
                0x6c64659c                DivRem_X_X
                0x6c6466a1                DivRem_X_1W
                0x6c6499a4                PMC_DivRem_I_X@16
                0x6c649ad0                PMC_DivRem_X_I@16
                0x6c649ccc                PMC_DivRem_L_X@20
                0x6c64a01e                PMC_DivRem_X_L@20
                0x6c64a4a5                PMC_DivRem_X_X@16
                0x6c64a99e                Initialize_DivRem
 .text          0x6c64a9d4      0x554 ../build/x86_Debug/pmc_equals.o
                0x6c64aa29                Equals_X_X
                0x6c64aaed                PMC_Equals_I_X@12
                0x6c64ab56                PMC_Equals_X_I@12
                0x6c64ad17                PMC_Equals_L_X@16
                0x6c64ad93                PMC_Equals_X_L@16
                0x6c64ae0f                PMC_Equals_X_X@12
                0x6c64af1f                Initialize_Equals
 .text          0x6c64af28     0x10e4 ../build/x86_Debug/pmc_exclusiveor.o
                0x6c64b923                PMC_ExclusiveOr_I_X@12
                0x6c64b9ad                PMC_ExclusiveOr_X_I@12
                0x6c64bcbd                PMC_ExclusiveOr_L_X@16
                0x6c64bd5a                PMC_ExclusiveOr_X_L@16
                0x6c64bdf7                PMC_ExclusiveOr_X_X@12
                0x6c64c005                Initialize_ExclusiveOr
 .text          0x6c64c00c      0x288 ../build/x86_Debug/pmc_from.o
                0x6c64c061                From_I_Imp
                0x6c64c0c1                From_L_Imp
                0x6c64c1a5                PMC_From_I@8
                0x6c64c208                PMC_From_L@12
                0x6c64c28e                Initialize_From
 .text          0x6c64c294       0xa8 ../build/x86_Debug/pmc_getnumbertype.o
                0x6c64c294                PMC_GetNumberType_X@8
                0x6c64c336                Initialize_GetPropertyValue
 .text          0x6c64c33c     0x1274 ../build/x86_Debug/pmc_greatestcommondivisor.o
                0x6c64c897                PMC_GreatestCommonDivisor_I_X@12
                0x6c64c91b                PMC_GreatestCommonDivisor_X_I@12
                0x6c64d065                PMC_GreatestCommonDivisor_L_X@16
                0x6c64d0fc                PMC_GreatestCommonDivisor_X_L@16
                0x6c64d193                PMC_GreatestCommonDivisor_X_X@12
                0x6c64d5aa                Initialize_GreatestCommonDivisor
 .text          0x6c64d5b0      0x578 ../build/x86_Debug/pmc_initialize.o
                0x6c64d5b0                PMC_UINT_Initialize@4
 .text          0x6c64db28     0x14b8 ../build/x86_Debug/pmc_memory.o
                0x6c64e4f7                AllocateBlock
                0x6c64e5e6                DeallocateBlock
                0x6c64e6f4                CheckBlockLight
                0x6c64e932                AttatchNumber
                0x6c64e974                AllocateNumber
                0x6c64e9ef                DetatchNumber
                0x6c64ea19                DeallocateNumber
                0x6c64eb2c                CommitNumber
                0x6c64ecfa                CheckNumber
                0x6c64ed7e                DuplicateNumber
                0x6c64ee3e                PMC_GetConstantValue_I@8
                0x6c64ee78                PMC_Dispose@4
                0x6c64eeab                Initialize_Memory
                0x6c64ef6c                AllocateHeapArea
                0x6c64efaf                DeallocateHeapArea
 .text          0x6c64efe0     0x110c ../build/x86_Debug/pmc_modpow.o
                0x6c64fffe                PMC_ModPow_X_X_X@16
                0x6c6500e4                Initialize_ModPow
 .text          0x6c6500ec     0x2370 ../build/x86_Debug/pmc_multiply.o
                0x6c650252                Multiply_X_X_Imp
                0x6c651d11                PMC_Multiply_I_X@12
                0x6c651d95                PMC_Multiply_X_I@12
                0x6c6520a8                PMC_Multiply_L_X@16
                0x6c65213f                PMC_Multiply_X_L@16
                0x6c6521d6                PMC_Multiply_X_X@12
                0x6c6523f7                Initialize_Multiply
 .text          0x6c65245c     0x2c1c ../build/x86_Debug/pmc_parse.o
                0x6c654ecc                PMC_TryParse@16
                0x6c654fb4                Initialize_Parse
 .text          0x6c655078      0x4f8 ../build/x86_Debug/pmc_pow.o
                0x6c6554e6                PMC_Pow_X_I@12
                0x6c65556a                Initialize_Pow
 .text          0x6c655570     0x3af0 ../build/x86_Debug/pmc_shift.o
                0x6c655678                RightShift_Imp
                0x6c65643b                RightShift_Imp_DIV
                0x6c6571fe                LeftShift_Imp
                0x6c657fbe                LeftShift_Imp_DIV
                0x6c658d7e                PMC_RightShift_X_I@12
                0x6c658ef5                PMC_LeftShift_X_I@12
                0x6c659058                Initialize_Shift
 .text          0x6c659060       0x38 ../build/x86_Debug/pmc_statistics.o
                0x6c659060                PMC_GetStatisticsInfo@4
 .text          0x6c659098     0x11e8 ../build/x86_Debug/pmc_subtruct.o
                0x6c659664                Subtruct_Imp
                0x6c659818                PMC_Subtruct_I_X@12
                0x6c65991a                PMC_Subtruct_X_I@12
                0x6c659af8                PMC_Subtruct_L_X@16
                0x6c659d49                PMC_Subtruct_X_L@16
                0x6c65a074                PMC_Subtruct_X_X@12
                0x6c65a277                Initialize_Subtruct
 .text          0x6c65a280      0x174 ../build/x86_Debug/pmc_to.o
                0x6c65a2bd                PMC_To_X_I@8
                0x6c65a323                PMC_To_X_L@8
                0x6c65a3ee                Initialize_To
 .text          0x6c65a3f4     0x1658 ../build/x86_Debug/pmc_tostring.o
                0x6c65b843                PMC_ToString@24
                0x6c65b9b8                Initialize_ToString
 .text          0x6c65ba4c   0x3e1c54 ../build/x86_Debug/TEST_autogenerated.o
                0x6c65ba4c                TEST_autogenerated
 .text          0x6ca3d6a0      0xb48 ../build/x86_Debug/TEST_op_Add.o
                0x6ca3d6e2                TEST_PMC_Add_I_X
                0x6ca3d8ee                TEST_PMC_Add_L_X
                0x6ca3db19                TEST_PMC_Add_X_I
                0x6ca3dd25                TEST_PMC_Add_X_L
                0x6ca3df50                TEST_PMC_Add_X_X
 .text          0x6ca3e1e8      0x8a0 ../build/x86_Debug/TEST_op_BitwiseAnd.o
                0x6ca3e22a                TEST_PMC_BitwiseAnd_I_X
                0x6ca3e37c                TEST_PMC_BitwiseAnd_L_X
                0x6ca3e50b                TEST_PMC_BitwiseAnd_X_I
                0x6ca3e65d                TEST_PMC_BitwiseAnd_X_L
                0x6ca3e7ec                TEST_PMC_BitwiseAnd_X_X
 .text          0x6ca3ea88      0xb58 ../build/x86_Debug/TEST_op_BitwiseOr.o
                0x6ca3eaca                TEST_PMC_BitwiseOr_I_X
                0x6ca3ecd9                TEST_PMC_BitwiseOr_L_X
                0x6ca3ef07                TEST_PMC_BitwiseOr_X_I
                0x6ca3f116                TEST_PMC_BitwiseOr_X_L
                0x6ca3f344                TEST_PMC_BitwiseOr_X_X
 .text          0x6ca3f5e0      0x248 ../build/x86_Debug/TEST_op_Clone.o
                0x6ca3f622                TEST_PMC_Clone_X
 .text          0x6ca3f828      0x74c ../build/x86_Debug/TEST_op_Compare.o
                0x6ca3f828                TEST_PMC_Compare_I_X
                0x6ca3f97a                TEST_PMC_Compare_L_X
                0x6ca3fadf                TEST_PMC_Compare_X_I
                0x6ca3fc31                TEST_PMC_Compare_X_L
                0x6ca3fd96                TEST_PMC_Compare_X_X
 .text          0x6ca3ff74      0xcd0 ../build/x86_Debug/TEST_op_DivRem.o
                0x6ca3ffb6                TEST_PMC_DivRem_I_X
                0x6ca4015a                TEST_PMC_DivRem_L_X
                0x6ca40363                TEST_PMC_DivRem_X_I
                0x6ca405ca                TEST_PMC_DivRem_X_L
                0x6ca408a2                TEST_PMC_DivRem_X_X
 .text          0x6ca40c44      0x74c ../build/x86_Debug/TEST_op_Equals.o
                0x6ca40c44                TEST_PMC_Equals_I_X
                0x6ca40d96                TEST_PMC_Equals_L_X
                0x6ca40efb                TEST_PMC_Equals_X_I
                0x6ca4104d                TEST_PMC_Equals_X_L
                0x6ca411b2                TEST_PMC_Equals_X_X
 .text          0x6ca41390      0xb58 ../build/x86_Debug/TEST_op_ExclusiveOr.o
                0x6ca413d2                TEST_PMC_ExclusiveOr_I_X
                0x6ca415e1                TEST_PMC_ExclusiveOr_L_X
                0x6ca4180f                TEST_PMC_ExclusiveOr_X_I
                0x6ca41a1e                TEST_PMC_ExclusiveOr_X_L
                0x6ca41c4c                TEST_PMC_ExclusiveOr_X_X
 .text          0x6ca41ee8      0x624 ../build/x86_Debug/TEST_op_From_To.o
                0x6ca41f2a                TEST_PMC_From_I
                0x6ca420a5                TEST_PMC_From_L
                0x6ca4223f                TEST_PMC_To_X_I
                0x6ca4238f                TEST_PMC_To_X_L
 .text          0x6ca4250c      0x148 ../build/x86_Debug/TEST_op_GetNumberType.o
                0x6ca4250c                TEST_PMC_GetNumberType_X
 .text          0x6ca42654      0xb94 ../build/x86_Debug/TEST_op_GreatestCommonDivisor.o
                0x6ca42696                TEST_PMC_GreatestCommonDivisor_I_X
                0x6ca428b1                TEST_PMC_GreatestCommonDivisor_L_X
                0x6ca42aeb                TEST_PMC_GreatestCommonDivisor_X_I
                0x6ca42d06                TEST_PMC_GreatestCommonDivisor_X_L
                0x6ca42f40                TEST_PMC_GreatestCommonDivisor_X_X
 .text          0x6ca431e8      0x37c ../build/x86_Debug/TEST_op_ModPow.o
                0x6ca4322a                TEST_PMC_ModPow_X_X_X
 .text          0x6ca43564      0xb48 ../build/x86_Debug/TEST_op_Multiply.o
                0x6ca435a6                TEST_PMC_Multiply_I_X
                0x6ca437b2                TEST_PMC_Multiply_L_X
                0x6ca439dd                TEST_PMC_Multiply_X_I
                0x6ca43be9                TEST_PMC_Multiply_X_L
                0x6ca43e14                TEST_PMC_Multiply_X_X
 .text          0x6ca440ac      0x470 ../build/x86_Debug/TEST_op_ParseDN.o
                0x6ca440ee                TEST_PMC_ParseDN1
                0x6ca44303                TEST_PMC_ParseDN2
 .text          0x6ca4451c      0x25c ../build/x86_Debug/TEST_op_ParseX.o
                0x6ca4455e                TEST_PMC_ParseX
 .text          0x6ca44778      0x250 ../build/x86_Debug/TEST_op_Pow.o
                0x6ca447ba                TEST_PMC_Pow_X_I
 .text          0x6ca449c8      0x460 ../build/x86_Debug/TEST_op_Shift.o
                0x6ca44a0a                TEST_PMC_RightShift_X_I
                0x6ca44c19                TEST_PMC_LeftShift_X_I
 .text          0x6ca44e28      0xa20 ../build/x86_Debug/TEST_op_Subtruct.o
                0x6ca44e6a                TEST_PMC_Subtruct_I_X
                0x6ca44fc1                TEST_PMC_Subtruct_L_X
                0x6ca45155                TEST_PMC_Subtruct_X_I
                0x6ca4536d                TEST_PMC_Subtruct_X_L
                0x6ca455a4                TEST_PMC_Subtruct_X_X
 .text          0x6ca45848      0x210 ../build/x86_Debug/TEST_op_ToStringD.o
                0x6ca45848                TEST_PMC_ToStringD
 .text          0x6ca45a58      0x20c ../build/x86_Debug/TEST_op_ToStringN.o
                0x6ca45a58                TEST_PMC_ToStringN
 .text          0x6ca45c64      0x210 ../build/x86_Debug/TEST_op_ToStringX.o
                0x6ca45c64                TEST_PMC_ToStringX
 .text          0x6ca45e74        0x0 C:/GNU/MINGW64/i686-8.1.0-win32-dwarf-rt_v6-rev0/mingw32/bin/../lib/gcc/i686-w64-mingw32/8.1.0/../../../../i686-w64-mingw32/lib/../lib/libkernel32.a(dgzch.o)
 .text          0x6ca45e74        0x0 C:/GNU/MINGW64/i686-8.1.0-win32-dwarf-rt_v6-rev0/mingw32/bin/../lib/gcc/i686-w64-mingw32/8.1.0/../../../../i686-w64-mingw32/lib/../lib/libkernel32.a(dgzct.o)
 .text          0x6ca45e74        0x0 C:/GNU/MINGW64/i686-8.1.0-win32-dwarf-rt_v6-rev0/mingw32/bin/../lib/gcc/i686-w64-mingw32/8.1.0/../../../../i686-w64-mingw32/lib/../lib/libuser32.a(dmceh.o)
 .text          0x6ca45e74        0x0 C:/GNU/MINGW64/i686-8.1.0-win32-dwarf-rt_v6-rev0/mingw32/bin/../lib/gcc/i686-w64-mingw32/8.1.0/../../../../i686-w64-mingw32/lib/../lib/libuser32.a(dmcet.o)
 *(SORT_BY_NAME(.text$*))
 *(.text.*)
 *(.gnu.linkonce.t.*)
 *(.glue_7t)
 *(.glue_7)
                0x6ca45e74                ___CTOR_LIST__ = .
                0x6ca45e74                __CTOR_LIST__ = .
                0x6ca45e74        0x4 LONG 0xffffffff
 *(.ctors)
 *(.ctor)
 *(SORT_BY_NAME(.ctors.*))
                0x6ca45e78        0x4 LONG 0x0
                0x6ca45e7c                ___DTOR_LIST__ = .
                0x6ca45e7c                __DTOR_LIST__ = .
                0x6ca45e7c        0x4 LONG 0xffffffff
 *(.dtors)
 *(.dtor)
 *(SORT_BY_NAME(.dtors.*))
                0x6ca45e80        0x4 LONG 0x0
 *(.fini)
 *(.gcc_exc)
                [!provide]                PROVIDE (etext = .)
                [!provide]                PROVIDE (_etext = .)
 *(.gcc_except_table)

.data           0x6ca46000    0x6f600
                0x6ca46000                __data_start__ = .
 *(.data)
 .data          0x6ca46000        0x0 ../build/x86_Debug/cpuid.o
 .data          0x6ca46000        0x0 ../build/x86_Debug/debug.o
 .data          0x6ca46000        0x0 ../build/x86_Debug/dllmain.o
 .data          0x6ca46000        0x0 ../build/x86_Debug/INTERNALTEST_op_DivRem.o
 .data          0x6ca46000        0x0 ../build/x86_Debug/INTERNALTEST_op_Multiply.o
 .data          0x6ca46000        0x0 ../build/x86_Debug/pmc_add.o
 .data          0x6ca46000        0x0 ../build/x86_Debug/pmc_bitwiseand.o
 .data          0x6ca46000        0x0 ../build/x86_Debug/pmc_bitwiseor.o
 .data          0x6ca46000        0x0 ../build/x86_Debug/pmc_bytes.o
 .data          0x6ca46000        0x0 ../build/x86_Debug/pmc_clone.o
 .data          0x6ca46000        0x0 ../build/x86_Debug/pmc_compare.o
 .data          0x6ca46000        0x0 ../build/x86_Debug/pmc_divrem.o
 .data          0x6ca46000        0x0 ../build/x86_Debug/pmc_equals.o
 .data          0x6ca46000        0x0 ../build/x86_Debug/pmc_exclusiveor.o
 .data          0x6ca46000        0x0 ../build/x86_Debug/pmc_from.o
 .data          0x6ca46000        0x0 ../build/x86_Debug/pmc_getnumbertype.o
 .data          0x6ca46000        0x0 ../build/x86_Debug/pmc_greatestcommondivisor.o
 .data          0x6ca46000        0x0 ../build/x86_Debug/pmc_initialize.o
 .data          0x6ca46000        0x0 ../build/x86_Debug/pmc_memory.o
 .data          0x6ca46000        0x0 ../build/x86_Debug/pmc_modpow.o
 .data          0x6ca46000        0x0 ../build/x86_Debug/pmc_multiply.o
 .data          0x6ca46000        0x0 ../build/x86_Debug/pmc_parse.o
 .data          0x6ca46000        0x0 ../build/x86_Debug/pmc_pow.o
 .data          0x6ca46000        0x0 ../build/x86_Debug/pmc_shift.o
 .data          0x6ca46000        0x0 ../build/x86_Debug/pmc_statistics.o
 .data          0x6ca46000        0x0 ../build/x86_Debug/pmc_subtruct.o
 .data          0x6ca46000        0x0 ../build/x86_Debug/pmc_to.o
 .data          0x6ca46000       0xa0 ../build/x86_Debug/pmc_tostring.o
 .data          0x6ca460a0    0x6f380 ../build/x86_Debug/TEST_autogenerated.o
 .data          0x6cab5420        0x0 ../build/x86_Debug/TEST_op_Add.o
 .data          0x6cab5420        0x0 ../build/x86_Debug/TEST_op_BitwiseAnd.o
 .data          0x6cab5420        0x0 ../build/x86_Debug/TEST_op_BitwiseOr.o
 .data          0x6cab5420        0x0 ../build/x86_Debug/TEST_op_Clone.o
 .data          0x6cab5420        0x0 ../build/x86_Debug/TEST_op_Compare.o
 .data          0x6cab5420        0x0 ../build/x86_Debug/TEST_op_DivRem.o
 .data          0x6cab5420        0x0 ../build/x86_Debug/TEST_op_Equals.o
 .data          0x6cab5420        0x0 ../build/x86_Debug/TEST_op_ExclusiveOr.o
 .data          0x6cab5420        0x0 ../build/x86_Debug/TEST_op_From_To.o
 .data          0x6cab5420        0x0 ../build/x86_Debug/TEST_op_GetNumberType.o
 .data          0x6cab5420        0x0 ../build/x86_Debug/TEST_op_GreatestCommonDivisor.o
 .data          0x6cab5420        0x0 ../build/x86_Debug/TEST_op_ModPow.o
 .data          0x6cab5420        0x0 ../build/x86_Debug/TEST_op_Multiply.o
 .data          0x6cab5420        0x0 ../build/x86_Debug/TEST_op_ParseDN.o
 .data          0x6cab5420        0x0 ../build/x86_Debug/TEST_op_ParseX.o
 .data          0x6cab5420        0x0 ../build/x86_Debug/TEST_op_Pow.o
 .data          0x6cab5420        0x0 ../build/x86_Debug/TEST_op_Shift.o
 .data          0x6cab5420        0x0 ../build/x86_Debug/TEST_op_Subtruct.o
 .data          0x6cab5420        0x0 ../build/x86_Debug/TEST_op_ToStringD.o
 .data          0x6cab5420        0x0 ../build/x86_Debug/TEST_op_ToStringN.o
 .data          0x6cab5420        0x0 ../build/x86_Debug/TEST_op_ToStringX.o
 .data          0x6cab5420        0x0 C:/GNU/MINGW64/i686-8.1.0-win32-dwarf-rt_v6-rev0/mingw32/bin/../lib/gcc/i686-w64-mingw32/8.1.0/../../../../i686-w64-mingw32/lib/../lib/libkernel32.a(dgzcs01342.o)
 .data          0x6cab5420        0x0 C:/GNU/MINGW64/i686-8.1.0-win32-dwarf-rt_v6-rev0/mingw32/bin/../lib/gcc/i686-w64-mingw32/8.1.0/../../../../i686-w64-mingw32/lib/../lib/libkernel32.a(dgzcs01336.o)
 .data          0x6cab5420        0x0 C:/GNU/MINGW64/i686-8.1.0-win32-dwarf-rt_v6-rev0/mingw32/bin/../lib/gcc/i686-w64-mingw32/8.1.0/../../../../i686-w64-mingw32/lib/../lib/libkernel32.a(dgzcs01335.o)
 .data          0x6cab5420        0x0 C:/GNU/MINGW64/i686-8.1.0-win32-dwarf-rt_v6-rev0/mingw32/bin/../lib/gcc/i686-w64-mingw32/8.1.0/../../../../i686-w64-mingw32/lib/../lib/libkernel32.a(dgzcs01330.o)
 .data          0x6cab5420        0x0 C:/GNU/MINGW64/i686-8.1.0-win32-dwarf-rt_v6-rev0/mingw32/bin/../lib/gcc/i686-w64-mingw32/8.1.0/../../../../i686-w64-mingw32/lib/../lib/libkernel32.a(dgzcs00729.o)
 .data          0x6cab5420        0x0 C:/GNU/MINGW64/i686-8.1.0-win32-dwarf-rt_v6-rev0/mingw32/bin/../lib/gcc/i686-w64-mingw32/8.1.0/../../../../i686-w64-mingw32/lib/../lib/libkernel32.a(dgzcs00727.o)
 .data          0x6cab5420        0x0 C:/GNU/MINGW64/i686-8.1.0-win32-dwarf-rt_v6-rev0/mingw32/bin/../lib/gcc/i686-w64-mingw32/8.1.0/../../../../i686-w64-mingw32/lib/../lib/libkernel32.a(dgzcs00725.o)
 .data          0x6cab5420        0x0 C:/GNU/MINGW64/i686-8.1.0-win32-dwarf-rt_v6-rev0/mingw32/bin/../lib/gcc/i686-w64-mingw32/8.1.0/../../../../i686-w64-mingw32/lib/../lib/libkernel32.a(dgzcs00723.o)
 .data          0x6cab5420        0x0 C:/GNU/MINGW64/i686-8.1.0-win32-dwarf-rt_v6-rev0/mingw32/bin/../lib/gcc/i686-w64-mingw32/8.1.0/../../../../i686-w64-mingw32/lib/../lib/libkernel32.a(dgzcs00666.o)
 .data          0x6cab5420        0x0 C:/GNU/MINGW64/i686-8.1.0-win32-dwarf-rt_v6-rev0/mingw32/bin/../lib/gcc/i686-w64-mingw32/8.1.0/../../../../i686-w64-mingw32/lib/../lib/libkernel32.a(dgzch.o)
 .data          0x6cab5420        0x0 C:/GNU/MINGW64/i686-8.1.0-win32-dwarf-rt_v6-rev0/mingw32/bin/../lib/gcc/i686-w64-mingw32/8.1.0/../../../../i686-w64-mingw32/lib/../lib/libkernel32.a(dgzct.o)
 .data          0x6cab5420        0x0 C:/GNU/MINGW64/i686-8.1.0-win32-dwarf-rt_v6-rev0/mingw32/bin/../lib/gcc/i686-w64-mingw32/8.1.0/../../../../i686-w64-mingw32/lib/../lib/libuser32.a(dmces00912.o)
 .data          0x6cab5420        0x0 C:/GNU/MINGW64/i686-8.1.0-win32-dwarf-rt_v6-rev0/mingw32/bin/../lib/gcc/i686-w64-mingw32/8.1.0/../../../../i686-w64-mingw32/lib/../lib/libuser32.a(dmceh.o)
 .data          0x6cab5420        0x0 C:/GNU/MINGW64/i686-8.1.0-win32-dwarf-rt_v6-rev0/mingw32/bin/../lib/gcc/i686-w64-mingw32/8.1.0/../../../../i686-w64-mingw32/lib/../lib/libuser32.a(dmcet.o)
 *(.data2)
 *(SORT_BY_NAME(.data$*))
 *(.jcr)
                0x6cab5420                __data_end__ = .
 *(.data_cygwin_nocopy)

.rdata          0x6cab6000    0x59000
 *(.rdata)
 .rdata         0x6cab6000      0x1c4 ../build/x86_Debug/debug.o
 .rdata         0x6cab61c4       0xf0 ../build/x86_Debug/INTERNALTEST_op_DivRem.o
 .rdata         0x6cab62b4       0x7c ../build/x86_Debug/INTERNALTEST_op_Multiply.o
 .rdata         0x6cab6330       0xf0 ../build/x86_Debug/pmc_parse.o
 .rdata         0x6cab6420       0xe8 ../build/x86_Debug/pmc_tostring.o
 .rdata         0x6cab6508    0x55120 ../build/x86_Debug/TEST_autogenerated.o
 .rdata         0x6cb0b628      0x2b4 ../build/x86_Debug/TEST_op_Add.o
 .rdata         0x6cb0b8dc      0x344 ../build/x86_Debug/TEST_op_BitwiseAnd.o
 .rdata         0x6cb0bc20      0x32c ../build/x86_Debug/TEST_op_BitwiseOr.o
 .rdata         0x6cb0bf4c      0x114 ../build/x86_Debug/TEST_op_Clone.o
 .rdata         0x6cb0c060      0x2bc ../build/x86_Debug/TEST_op_Compare.o
 .rdata         0x6cb0c31c      0x304 ../build/x86_Debug/TEST_op_DivRem.o
 .rdata         0x6cb0c620      0x2ac ../build/x86_Debug/TEST_op_Equals.o
 .rdata         0x6cb0c8cc      0x354 ../build/x86_Debug/TEST_op_ExclusiveOr.o
 .rdata         0x6cb0cc20      0x200 ../build/x86_Debug/TEST_op_From_To.o
 .rdata         0x6cb0ce20      0x104 ../build/x86_Debug/TEST_op_GetNumberType.o
 .rdata         0x6cb0cf24      0x41c ../build/x86_Debug/TEST_op_GreatestCommonDivisor.o
 .rdata         0x6cb0d340      0x128 ../build/x86_Debug/TEST_op_ModPow.o
 .rdata         0x6cb0d468      0x318 ../build/x86_Debug/TEST_op_Multiply.o
 .rdata         0x6cb0d780      0x10c ../build/x86_Debug/TEST_op_ParseDN.o
 .rdata         0x6cb0d88c       0xdc ../build/x86_Debug/TEST_op_ParseX.o
 .rdata         0x6cb0d968      0x114 ../build/x86_Debug/TEST_op_Pow.o
 .rdata         0x6cb0da7c      0x1b0 ../build/x86_Debug/TEST_op_Shift.o
 .rdata         0x6cb0dc2c      0x31c ../build/x86_Debug/TEST_op_Subtruct.o
 .rdata         0x6cb0df48       0xe0 ../build/x86_Debug/TEST_op_ToStringD.o
 .rdata         0x6cb0e028       0xdc ../build/x86_Debug/TEST_op_ToStringN.o
 .rdata         0x6cb0e104       0xe0 ../build/x86_Debug/TEST_op_ToStringX.o
 *(SORT_BY_NAME(.rdata$*))
 .rdata$zzz     0x6cb0e1e4       0x40 ../build/x86_Debug/cpuid.o
 .rdata$zzz     0x6cb0e224       0x40 ../build/x86_Debug/debug.o
 .rdata$zzz     0x6cb0e264       0x40 ../build/x86_Debug/dllmain.o
 .rdata$zzz     0x6cb0e2a4       0x40 ../build/x86_Debug/INTERNALTEST_op_DivRem.o
 .rdata$zzz     0x6cb0e2e4       0x40 ../build/x86_Debug/INTERNALTEST_op_Multiply.o
 .rdata$zzz     0x6cb0e324       0x40 ../build/x86_Debug/pmc_add.o
 .rdata$zzz     0x6cb0e364       0x40 ../build/x86_Debug/pmc_bitwiseand.o
 .rdata$zzz     0x6cb0e3a4       0x40 ../build/x86_Debug/pmc_bitwiseor.o
 .rdata$zzz     0x6cb0e3e4       0x40 ../build/x86_Debug/pmc_bytes.o
 .rdata$zzz     0x6cb0e424       0x40 ../build/x86_Debug/pmc_clone.o
 .rdata$zzz     0x6cb0e464       0x40 ../build/x86_Debug/pmc_compare.o
 .rdata$zzz     0x6cb0e4a4       0x40 ../build/x86_Debug/pmc_divrem.o
 .rdata$zzz     0x6cb0e4e4       0x40 ../build/x86_Debug/pmc_equals.o
 .rdata$zzz     0x6cb0e524       0x40 ../build/x86_Debug/pmc_exclusiveor.o
 .rdata$zzz     0x6cb0e564       0x40 ../build/x86_Debug/pmc_from.o
 .rdata$zzz     0x6cb0e5a4       0x40 ../build/x86_Debug/pmc_getnumbertype.o
 .rdata$zzz     0x6cb0e5e4       0x40 ../build/x86_Debug/pmc_greatestcommondivisor.o
 .rdata$zzz     0x6cb0e624       0x40 ../build/x86_Debug/pmc_initialize.o
 .rdata$zzz     0x6cb0e664       0x40 ../build/x86_Debug/pmc_memory.o
 .rdata$zzz     0x6cb0e6a4       0x40 ../build/x86_Debug/pmc_modpow.o
 .rdata$zzz     0x6cb0e6e4       0x40 ../build/x86_Debug/pmc_multiply.o
 .rdata$zzz     0x6cb0e724       0x40 ../build/x86_Debug/pmc_parse.o
 .rdata$zzz     0x6cb0e764       0x40 ../build/x86_Debug/pmc_pow.o
 .rdata$zzz     0x6cb0e7a4       0x40 ../build/x86_Debug/pmc_shift.o
 .rdata$zzz     0x6cb0e7e4       0x40 ../build/x86_Debug/pmc_statistics.o
 .rdata$zzz     0x6cb0e824       0x40 ../build/x86_Debug/pmc_subtruct.o
 .rdata$zzz     0x6cb0e864       0x40 ../build/x86_Debug/pmc_to.o
 .rdata$zzz     0x6cb0e8a4       0x40 ../build/x86_Debug/pmc_tostring.o
 .rdata$zzz     0x6cb0e8e4       0x40 ../build/x86_Debug/TEST_autogenerated.o
 .rdata$zzz     0x6cb0e924       0x40 ../build/x86_Debug/TEST_op_Add.o
 .rdata$zzz     0x6cb0e964       0x40 ../build/x86_Debug/TEST_op_BitwiseAnd.o
 .rdata$zzz     0x6cb0e9a4       0x40 ../build/x86_Debug/TEST_op_BitwiseOr.o
 .rdata$zzz     0x6cb0e9e4       0x40 ../build/x86_Debug/TEST_op_Clone.o
 .rdata$zzz     0x6cb0ea24       0x40 ../build/x86_Debug/TEST_op_Compare.o
 .rdata$zzz     0x6cb0ea64       0x40 ../build/x86_Debug/TEST_op_DivRem.o
 .rdata$zzz     0x6cb0eaa4       0x40 ../build/x86_Debug/TEST_op_Equals.o
 .rdata$zzz     0x6cb0eae4       0x40 ../build/x86_Debug/TEST_op_ExclusiveOr.o
 .rdata$zzz     0x6cb0eb24       0x40 ../build/x86_Debug/TEST_op_From_To.o
 .rdata$zzz     0x6cb0eb64       0x40 ../build/x86_Debug/TEST_op_GetNumberType.o
 .rdata$zzz     0x6cb0eba4       0x40 ../build/x86_Debug/TEST_op_GreatestCommonDivisor.o
 .rdata$zzz     0x6cb0ebe4       0x40 ../build/x86_Debug/TEST_op_ModPow.o
 .rdata$zzz     0x6cb0ec24       0x40 ../build/x86_Debug/TEST_op_Multiply.o
 .rdata$zzz     0x6cb0ec64       0x40 ../build/x86_Debug/TEST_op_ParseDN.o
 .rdata$zzz     0x6cb0eca4       0x40 ../build/x86_Debug/TEST_op_ParseX.o
 .rdata$zzz     0x6cb0ece4       0x40 ../build/x86_Debug/TEST_op_Pow.o
 .rdata$zzz     0x6cb0ed24       0x40 ../build/x86_Debug/TEST_op_Shift.o
 .rdata$zzz     0x6cb0ed64       0x40 ../build/x86_Debug/TEST_op_Subtruct.o
 .rdata$zzz     0x6cb0eda4       0x40 ../build/x86_Debug/TEST_op_ToStringD.o
 .rdata$zzz     0x6cb0ede4       0x40 ../build/x86_Debug/TEST_op_ToStringN.o
 .rdata$zzz     0x6cb0ee24       0x40 ../build/x86_Debug/TEST_op_ToStringX.o
                0x6cb0ee64                __rt_psrelocs_start = .
 *(.rdata_runtime_pseudo_reloc)
                0x6cb0ee64                __rt_psrelocs_end = .
                0x00000000                __rt_psrelocs_size = (__rt_psrelocs_end - __rt_psrelocs_start)
                0x6cb0ee64                ___RUNTIME_PSEUDO_RELOC_LIST_END__ = .
                0x6cb0ee64                __RUNTIME_PSEUDO_RELOC_LIST_END__ = .
                0x6cb0ee64                ___RUNTIME_PSEUDO_RELOC_LIST__ = (. - __rt_psrelocs_size)
                0x6cb0ee64                __RUNTIME_PSEUDO_RELOC_LIST__ = (. - __rt_psrelocs_size)

.eh_frame       0x6cb0f000     0x4400
 *(.eh_frame*)
 .eh_frame      0x6cb0f000       0xb8 ../build/x86_Debug/cpuid.o
 .eh_frame      0x6cb0f0b8      0x130 ../build/x86_Debug/debug.o
 .eh_frame      0x6cb0f1e8       0x38 ../build/x86_Debug/dllmain.o
 .eh_frame      0x6cb0f220       0x8c ../build/x86_Debug/INTERNALTEST_op_DivRem.o
 .eh_frame      0x6cb0f2ac       0xac ../build/x86_Debug/INTERNALTEST_op_Multiply.o
 .eh_frame      0x6cb0f358      0x430 ../build/x86_Debug/pmc_add.o
 .eh_frame      0x6cb0f788      0x19c ../build/x86_Debug/pmc_bitwiseand.o
 .eh_frame      0x6cb0f924      0x214 ../build/x86_Debug/pmc_bitwiseor.o
 .eh_frame      0x6cb0fb38       0xe8 ../build/x86_Debug/pmc_bytes.o
 .eh_frame      0x6cb0fc20       0x4c ../build/x86_Debug/pmc_clone.o
 .eh_frame      0x6cb0fc6c      0x17c ../build/x86_Debug/pmc_compare.o
 .eh_frame      0x6cb0fde8      0x748 ../build/x86_Debug/pmc_divrem.o
 .eh_frame      0x6cb10530      0x17c ../build/x86_Debug/pmc_equals.o
 .eh_frame      0x6cb106ac      0x214 ../build/x86_Debug/pmc_exclusiveor.o
 .eh_frame      0x6cb108c0       0xf0 ../build/x86_Debug/pmc_from.o
 .eh_frame      0x6cb109b0       0x4c ../build/x86_Debug/pmc_getnumbertype.o
 .eh_frame      0x6cb109fc      0x238 ../build/x86_Debug/pmc_greatestcommondivisor.o
 .eh_frame      0x6cb10c34       0x38 ../build/x86_Debug/pmc_initialize.o
 .eh_frame      0x6cb10c6c      0x3f0 ../build/x86_Debug/pmc_memory.o
 .eh_frame      0x6cb1105c      0x18c ../build/x86_Debug/pmc_modpow.o
 .eh_frame      0x6cb111e8      0x3b4 ../build/x86_Debug/pmc_multiply.o
 .eh_frame      0x6cb1159c      0x470 ../build/x86_Debug/pmc_parse.o
 .eh_frame      0x6cb11a0c      0x100 ../build/x86_Debug/pmc_pow.o
 .eh_frame      0x6cb11b0c      0x194 ../build/x86_Debug/pmc_shift.o
 .eh_frame      0x6cb11ca0       0x38 ../build/x86_Debug/pmc_statistics.o
 .eh_frame      0x6cb11cd8      0x2e4 ../build/x86_Debug/pmc_subtruct.o
 .eh_frame      0x6cb11fbc       0x98 ../build/x86_Debug/pmc_to.o
 .eh_frame      0x6cb12054      0x2f8 ../build/x86_Debug/pmc_tostring.o
 .eh_frame      0x6cb1234c       0x3c ../build/x86_Debug/TEST_autogenerated.o
 .eh_frame      0x6cb12388      0x114 ../build/x86_Debug/TEST_op_Add.o
 .eh_frame      0x6cb1249c      0x11c ../build/x86_Debug/TEST_op_BitwiseAnd.o
 .eh_frame      0x6cb125b8      0x114 ../build/x86_Debug/TEST_op_BitwiseOr.o
 .eh_frame      0x6cb126cc       0x64 ../build/x86_Debug/TEST_op_Clone.o
 .eh_frame      0x6cb12730       0xf4 ../build/x86_Debug/TEST_op_Compare.o
 .eh_frame      0x6cb12824      0x11c ../build/x86_Debug/TEST_op_DivRem.o
 .eh_frame      0x6cb12940       0xf4 ../build/x86_Debug/TEST_op_Equals.o
 .eh_frame      0x6cb12a34      0x114 ../build/x86_Debug/TEST_op_ExclusiveOr.o
 .eh_frame      0x6cb12b48       0xec ../build/x86_Debug/TEST_op_From_To.o
 .eh_frame      0x6cb12c34       0x44 ../build/x86_Debug/TEST_op_GetNumberType.o
 .eh_frame      0x6cb12c78      0x114 ../build/x86_Debug/TEST_op_GreatestCommonDivisor.o
 .eh_frame      0x6cb12d8c       0x68 ../build/x86_Debug/TEST_op_ModPow.o
 .eh_frame      0x6cb12df4      0x114 ../build/x86_Debug/TEST_op_Multiply.o
 .eh_frame      0x6cb12f08       0x90 ../build/x86_Debug/TEST_op_ParseDN.o
 .eh_frame      0x6cb12f98       0x64 ../build/x86_Debug/TEST_op_ParseX.o
 .eh_frame      0x6cb12ffc       0x64 ../build/x86_Debug/TEST_op_Pow.o
 .eh_frame      0x6cb13060       0x90 ../build/x86_Debug/TEST_op_Shift.o
 .eh_frame      0x6cb130f0      0x118 ../build/x86_Debug/TEST_op_Subtruct.o
 .eh_frame      0x6cb13208       0x44 ../build/x86_Debug/TEST_op_ToStringD.o
 .eh_frame      0x6cb1324c       0x44 ../build/x86_Debug/TEST_op_ToStringN.o
 .eh_frame      0x6cb13290       0x44 ../build/x86_Debug/TEST_op_ToStringX.o

.pdata
 *(.pdata*)

.bss            0x6cb14000    0x17518
                0x6cb14000                __bss_start__ = .
 *(.bss)
 .bss           0x6cb14000        0x0 ../build/x86_Debug/cpuid.o
 .bss           0x6cb14000      0x420 ../build/x86_Debug/debug.o
                0x6cb14000                test_total_count
                0x6cb14004                test_ok_count
                0x6cb14008                __DEBUG_LOG
 .bss           0x6cb14420        0x0 ../build/x86_Debug/dllmain.o
 .bss           0x6cb14420        0x0 ../build/x86_Debug/INTERNALTEST_op_DivRem.o
 .bss           0x6cb14420        0x0 ../build/x86_Debug/INTERNALTEST_op_Multiply.o
 .bss           0x6cb14420        0x4 ../build/x86_Debug/pmc_add.o
 .bss           0x6cb14424        0x0 ../build/x86_Debug/pmc_bitwiseand.o
 .bss           0x6cb14424        0x0 ../build/x86_Debug/pmc_bitwiseor.o
 .bss           0x6cb14424        0x0 ../build/x86_Debug/pmc_bytes.o
 .bss           0x6cb14424        0x0 ../build/x86_Debug/pmc_clone.o
 .bss           0x6cb14424        0x0 ../build/x86_Debug/pmc_compare.o
 .bss           0x6cb14424        0x4 ../build/x86_Debug/pmc_divrem.o
 .bss           0x6cb14428        0x0 ../build/x86_Debug/pmc_equals.o
 .bss           0x6cb14428        0x0 ../build/x86_Debug/pmc_exclusiveor.o
 .bss           0x6cb14428        0x0 ../build/x86_Debug/pmc_from.o
 .bss           0x6cb14428        0x0 ../build/x86_Debug/pmc_getnumbertype.o
 .bss           0x6cb14428        0x0 ../build/x86_Debug/pmc_greatestcommondivisor.o
 *fill*         0x6cb14428       0x18 
 .bss           0x6cb14440      0x120 ../build/x86_Debug/pmc_initialize.o
 .bss           0x6cb14560        0x0 ../build/x86_Debug/pmc_memory.o
 .bss           0x6cb14560        0x0 ../build/x86_Debug/pmc_modpow.o
 .bss           0x6cb14560        0xc ../build/x86_Debug/pmc_multiply.o
 *fill*         0x6cb1456c       0x14 
 .bss           0x6cb14580       0x40 ../build/x86_Debug/pmc_parse.o
 .bss           0x6cb145c0        0x0 ../build/x86_Debug/pmc_pow.o
 .bss           0x6cb145c0        0x0 ../build/x86_Debug/pmc_shift.o
 .bss           0x6cb145c0        0x0 ../build/x86_Debug/pmc_statistics.o
 .bss           0x6cb145c0        0x0 ../build/x86_Debug/pmc_subtruct.o
 .bss           0x6cb145c0        0x0 ../build/x86_Debug/pmc_to.o
 .bss           0x6cb145c0       0x40 ../build/x86_Debug/pmc_tostring.o
 .bss           0x6cb14600      0xb0c ../build/x86_Debug/TEST_autogenerated.o
 .bss           0x6cb1510c        0x0 ../build/x86_Debug/TEST_op_Add.o
 .bss           0x6cb1510c        0x0 ../build/x86_Debug/TEST_op_BitwiseAnd.o
 .bss           0x6cb1510c        0x0 ../build/x86_Debug/TEST_op_BitwiseOr.o
 .bss           0x6cb1510c        0x0 ../build/x86_Debug/TEST_op_Clone.o
 .bss           0x6cb1510c        0x0 ../build/x86_Debug/TEST_op_Compare.o
 .bss           0x6cb1510c        0x0 ../build/x86_Debug/TEST_op_DivRem.o
 .bss           0x6cb1510c        0x0 ../build/x86_Debug/TEST_op_Equals.o
 .bss           0x6cb1510c        0x0 ../build/x86_Debug/TEST_op_ExclusiveOr.o
 .bss           0x6cb1510c        0x0 ../build/x86_Debug/TEST_op_From_To.o
 .bss           0x6cb1510c        0x0 ../build/x86_Debug/TEST_op_GetNumberType.o
 .bss           0x6cb1510c        0x0 ../build/x86_Debug/TEST_op_GreatestCommonDivisor.o
 .bss           0x6cb1510c        0x0 ../build/x86_Debug/TEST_op_ModPow.o
 .bss           0x6cb1510c        0x0 ../build/x86_Debug/TEST_op_Multiply.o
 *fill*         0x6cb1510c       0x14 
 .bss           0x6cb15120      0x240 ../build/x86_Debug/TEST_op_ParseDN.o
 .bss           0x6cb15360      0x120 ../build/x86_Debug/TEST_op_ParseX.o
 .bss           0x6cb15480    0x10000 ../build/x86_Debug/TEST_op_Pow.o
 .bss           0x6cb25480        0x0 ../build/x86_Debug/TEST_op_Shift.o
 .bss           0x6cb25480        0x0 ../build/x86_Debug/TEST_op_Subtruct.o
 .bss           0x6cb25480     0x2000 ../build/x86_Debug/TEST_op_ToStringD.o
 .bss           0x6cb27480     0x2000 ../build/x86_Debug/TEST_op_ToStringN.o
 .bss           0x6cb29480     0x2000 ../build/x86_Debug/TEST_op_ToStringX.o
 .bss           0x6cb2b480        0x0 C:/GNU/MINGW64/i686-8.1.0-win32-dwarf-rt_v6-rev0/mingw32/bin/../lib/gcc/i686-w64-mingw32/8.1.0/../../../../i686-w64-mingw32/lib/../lib/libkernel32.a(dgzcs01342.o)
 .bss           0x6cb2b480        0x0 C:/GNU/MINGW64/i686-8.1.0-win32-dwarf-rt_v6-rev0/mingw32/bin/../lib/gcc/i686-w64-mingw32/8.1.0/../../../../i686-w64-mingw32/lib/../lib/libkernel32.a(dgzcs01336.o)
 .bss           0x6cb2b480        0x0 C:/GNU/MINGW64/i686-8.1.0-win32-dwarf-rt_v6-rev0/mingw32/bin/../lib/gcc/i686-w64-mingw32/8.1.0/../../../../i686-w64-mingw32/lib/../lib/libkernel32.a(dgzcs01335.o)
 .bss           0x6cb2b480        0x0 C:/GNU/MINGW64/i686-8.1.0-win32-dwarf-rt_v6-rev0/mingw32/bin/../lib/gcc/i686-w64-mingw32/8.1.0/../../../../i686-w64-mingw32/lib/../lib/libkernel32.a(dgzcs01330.o)
 .bss           0x6cb2b480        0x0 C:/GNU/MINGW64/i686-8.1.0-win32-dwarf-rt_v6-rev0/mingw32/bin/../lib/gcc/i686-w64-mingw32/8.1.0/../../../../i686-w64-mingw32/lib/../lib/libkernel32.a(dgzcs00729.o)
 .bss           0x6cb2b480        0x0 C:/GNU/MINGW64/i686-8.1.0-win32-dwarf-rt_v6-rev0/mingw32/bin/../lib/gcc/i686-w64-mingw32/8.1.0/../../../../i686-w64-mingw32/lib/../lib/libkernel32.a(dgzcs00727.o)
 .bss           0x6cb2b480        0x0 C:/GNU/MINGW64/i686-8.1.0-win32-dwarf-rt_v6-rev0/mingw32/bin/../lib/gcc/i686-w64-mingw32/8.1.0/../../../../i686-w64-mingw32/lib/../lib/libkernel32.a(dgzcs00725.o)
 .bss           0x6cb2b480        0x0 C:/GNU/MINGW64/i686-8.1.0-win32-dwarf-rt_v6-rev0/mingw32/bin/../lib/gcc/i686-w64-mingw32/8.1.0/../../../../i686-w64-mingw32/lib/../lib/libkernel32.a(dgzcs00723.o)
 .bss           0x6cb2b480        0x0 C:/GNU/MINGW64/i686-8.1.0-win32-dwarf-rt_v6-rev0/mingw32/bin/../lib/gcc/i686-w64-mingw32/8.1.0/../../../../i686-w64-mingw32/lib/../lib/libkernel32.a(dgzcs00666.o)
 .bss           0x6cb2b480        0x0 C:/GNU/MINGW64/i686-8.1.0-win32-dwarf-rt_v6-rev0/mingw32/bin/../lib/gcc/i686-w64-mingw32/8.1.0/../../../../i686-w64-mingw32/lib/../lib/libkernel32.a(dgzch.o)
 .bss           0x6cb2b480        0x0 C:/GNU/MINGW64/i686-8.1.0-win32-dwarf-rt_v6-rev0/mingw32/bin/../lib/gcc/i686-w64-mingw32/8.1.0/../../../../i686-w64-mingw32/lib/../lib/libkernel32.a(dgzct.o)
 .bss           0x6cb2b480        0x0 C:/GNU/MINGW64/i686-8.1.0-win32-dwarf-rt_v6-rev0/mingw32/bin/../lib/gcc/i686-w64-mingw32/8.1.0/../../../../i686-w64-mingw32/lib/../lib/libuser32.a(dmces00912.o)
 .bss           0x6cb2b480        0x0 C:/GNU/MINGW64/i686-8.1.0-win32-dwarf-rt_v6-rev0/mingw32/bin/../lib/gcc/i686-w64-mingw32/8.1.0/../../../../i686-w64-mingw32/lib/../lib/libuser32.a(dmceh.o)
 .bss           0x6cb2b480        0x0 C:/GNU/MINGW64/i686-8.1.0-win32-dwarf-rt_v6-rev0/mingw32/bin/../lib/gcc/i686-w64-mingw32/8.1.0/../../../../i686-w64-mingw32/lib/../lib/libuser32.a(dmcet.o)
 *(COMMON)
 COMMON         0x6cb2b480        0x4 ../build/x86_Debug/pmc_initialize.o
                0x6cb2b480                configuration_info
 *fill*         0x6cb2b484       0x1c 
 COMMON         0x6cb2b4a0       0x68 ../build/x86_Debug/pmc_memory.o
                0x6cb2b4a0                number_zero
                0x6cb2b4e0                number_one
                0x6cb2b504                hLocalHeap
 COMMON         0x6cb2b508       0x10 ../build/x86_Debug/pmc_statistics.o
                0x6cb2b508                statistics_info
                0x6cb2b518                __bss_end__ = .

.edata          0x6cb2c000      0x200
 *(.edata)
 .edata         0x6cb2c000       0x58 dll stuff

/DISCARD/
 *(.debug$S)
 *(.debug$T)
 *(.debug$F)
 *(.drectve)
 *(.note.GNU-stack)
 *(.gnu.lto_*)

.idata          0x6cb2d000      0x200
 SORT_BY_NAME(*)(.idata$2)
 .idata$2       0x6cb2d000       0x14 C:/GNU/MINGW64/i686-8.1.0-win32-dwarf-rt_v6-rev0/mingw32/bin/../lib/gcc/i686-w64-mingw32/8.1.0/../../../../i686-w64-mingw32/lib/../lib/libkernel32.a(dgzch.o)
                0x6cb2d000                _head_lib32_libkernel32_a
 .idata$2       0x6cb2d014       0x14 C:/GNU/MINGW64/i686-8.1.0-win32-dwarf-rt_v6-rev0/mingw32/bin/../lib/gcc/i686-w64-mingw32/8.1.0/../../../../i686-w64-mingw32/lib/../lib/libuser32.a(dmceh.o)
                0x6cb2d014                _head_lib32_libuser32_a
 SORT_BY_NAME(*)(.idata$3)
                0x6cb2d028        0x4 LONG 0x0
                0x6cb2d02c        0x4 LONG 0x0
                0x6cb2d030        0x4 LONG 0x0
                0x6cb2d034        0x4 LONG 0x0
                0x6cb2d038        0x4 LONG 0x0
 SORT_BY_NAME(*)(.idata$4)
 .idata$4       0x6cb2d03c        0x0 C:/GNU/MINGW64/i686-8.1.0-win32-dwarf-rt_v6-rev0/mingw32/bin/../lib/gcc/i686-w64-mingw32/8.1.0/../../../../i686-w64-mingw32/lib/../lib/libkernel32.a(dgzch.o)
 .idata$4       0x6cb2d03c        0x4 C:/GNU/MINGW64/i686-8.1.0-win32-dwarf-rt_v6-rev0/mingw32/bin/../lib/gcc/i686-w64-mingw32/8.1.0/../../../../i686-w64-mingw32/lib/../lib/libkernel32.a(dgzcs00666.o)
 .idata$4       0x6cb2d040        0x4 C:/GNU/MINGW64/i686-8.1.0-win32-dwarf-rt_v6-rev0/mingw32/bin/../lib/gcc/i686-w64-mingw32/8.1.0/../../../../i686-w64-mingw32/lib/../lib/libkernel32.a(dgzcs00723.o)
 .idata$4       0x6cb2d044        0x4 C:/GNU/MINGW64/i686-8.1.0-win32-dwarf-rt_v6-rev0/mingw32/bin/../lib/gcc/i686-w64-mingw32/8.1.0/../../../../i686-w64-mingw32/lib/../lib/libkernel32.a(dgzcs00725.o)
 .idata$4       0x6cb2d048        0x4 C:/GNU/MINGW64/i686-8.1.0-win32-dwarf-rt_v6-rev0/mingw32/bin/../lib/gcc/i686-w64-mingw32/8.1.0/../../../../i686-w64-mingw32/lib/../lib/libkernel32.a(dgzcs00727.o)
 .idata$4       0x6cb2d04c        0x4 C:/GNU/MINGW64/i686-8.1.0-win32-dwarf-rt_v6-rev0/mingw32/bin/../lib/gcc/i686-w64-mingw32/8.1.0/../../../../i686-w64-mingw32/lib/../lib/libkernel32.a(dgzcs00729.o)
 .idata$4       0x6cb2d050        0x4 C:/GNU/MINGW64/i686-8.1.0-win32-dwarf-rt_v6-rev0/mingw32/bin/../lib/gcc/i686-w64-mingw32/8.1.0/../../../../i686-w64-mingw32/lib/../lib/libkernel32.a(dgzcs01330.o)
 .idata$4       0x6cb2d054        0x4 C:/GNU/MINGW64/i686-8.1.0-win32-dwarf-rt_v6-rev0/mingw32/bin/../lib/gcc/i686-w64-mingw32/8.1.0/../../../../i686-w64-mingw32/lib/../lib/libkernel32.a(dgzcs01335.o)
 .idata$4       0x6cb2d058        0x4 C:/GNU/MINGW64/i686-8.1.0-win32-dwarf-rt_v6-rev0/mingw32/bin/../lib/gcc/i686-w64-mingw32/8.1.0/../../../../i686-w64-mingw32/lib/../lib/libkernel32.a(dgzcs01336.o)
 .idata$4       0x6cb2d05c        0x4 C:/GNU/MINGW64/i686-8.1.0-win32-dwarf-rt_v6-rev0/mingw32/bin/../lib/gcc/i686-w64-mingw32/8.1.0/../../../../i686-w64-mingw32/lib/../lib/libkernel32.a(dgzcs01342.o)
 .idata$4       0x6cb2d060        0x4 C:/GNU/MINGW64/i686-8.1.0-win32-dwarf-rt_v6-rev0/mingw32/bin/../lib/gcc/i686-w64-mingw32/8.1.0/../../../../i686-w64-mingw32/lib/../lib/libkernel32.a(dgzct.o)
 .idata$4       0x6cb2d064        0x0 C:/GNU/MINGW64/i686-8.1.0-win32-dwarf-rt_v6-rev0/mingw32/bin/../lib/gcc/i686-w64-mingw32/8.1.0/../../../../i686-w64-mingw32/lib/../lib/libuser32.a(dmceh.o)
 .idata$4       0x6cb2d064        0x4 C:/GNU/MINGW64/i686-8.1.0-win32-dwarf-rt_v6-rev0/mingw32/bin/../lib/gcc/i686-w64-mingw32/8.1.0/../../../../i686-w64-mingw32/lib/../lib/libuser32.a(dmces00912.o)
 .idata$4       0x6cb2d068        0x4 C:/GNU/MINGW64/i686-8.1.0-win32-dwarf-rt_v6-rev0/mingw32/bin/../lib/gcc/i686-w64-mingw32/8.1.0/../../../../i686-w64-mingw32/lib/../lib/libuser32.a(dmcet.o)
                0x6cb2d06c                __IAT_start__ = .
 SORT_BY_NAME(*)(.idata$5)
 .idata$5       0x6cb2d06c        0x0 C:/GNU/MINGW64/i686-8.1.0-win32-dwarf-rt_v6-rev0/mingw32/bin/../lib/gcc/i686-w64-mingw32/8.1.0/../../../../i686-w64-mingw32/lib/../lib/libkernel32.a(dgzch.o)
 .idata$5       0x6cb2d06c        0x4 C:/GNU/MINGW64/i686-8.1.0-win32-dwarf-rt_v6-rev0/mingw32/bin/../lib/gcc/i686-w64-mingw32/8.1.0/../../../../i686-w64-mingw32/lib/../lib/libkernel32.a(dgzcs00666.o)
                0x6cb2d06c                _imp__GetTickCount@0
 .idata$5       0x6cb2d070        0x4 C:/GNU/MINGW64/i686-8.1.0-win32-dwarf-rt_v6-rev0/mingw32/bin/../lib/gcc/i686-w64-mingw32/8.1.0/../../../../i686-w64-mingw32/lib/../lib/libkernel32.a(dgzcs00723.o)
                0x6cb2d070                _imp__HeapAlloc@12
 .idata$5       0x6cb2d074        0x4 C:/GNU/MINGW64/i686-8.1.0-win32-dwarf-rt_v6-rev0/mingw32/bin/../lib/gcc/i686-w64-mingw32/8.1.0/../../../../i686-w64-mingw32/lib/../lib/libkernel32.a(dgzcs00725.o)
                0x6cb2d074                _imp__HeapCreate@12
 .idata$5       0x6cb2d078        0x4 C:/GNU/MINGW64/i686-8.1.0-win32-dwarf-rt_v6-rev0/mingw32/bin/../lib/gcc/i686-w64-mingw32/8.1.0/../../../../i686-w64-mingw32/lib/../lib/libkernel32.a(dgzcs00727.o)
                0x6cb2d078                _imp__HeapDestroy@4
 .idata$5       0x6cb2d07c        0x4 C:/GNU/MINGW64/i686-8.1.0-win32-dwarf-rt_v6-rev0/mingw32/bin/../lib/gcc/i686-w64-mingw32/8.1.0/../../../../i686-w64-mingw32/lib/../lib/libkernel32.a(dgzcs00729.o)
                0x6cb2d07c                _imp__HeapFree@12
 .idata$5       0x6cb2d080        0x4 C:/GNU/MINGW64/i686-8.1.0-win32-dwarf-rt_v6-rev0/mingw32/bin/../lib/gcc/i686-w64-mingw32/8.1.0/../../../../i686-w64-mingw32/lib/../lib/libkernel32.a(dgzcs01330.o)
                0x6cb2d080                _imp__lstrcmpW@8
 .idata$5       0x6cb2d084        0x4 C:/GNU/MINGW64/i686-8.1.0-win32-dwarf-rt_v6-rev0/mingw32/bin/../lib/gcc/i686-w64-mingw32/8.1.0/../../../../i686-w64-mingw32/lib/../lib/libkernel32.a(dgzcs01335.o)
                0x6cb2d084                _imp__lstrcpyA@8
 .idata$5       0x6cb2d088        0x4 C:/GNU/MINGW64/i686-8.1.0-win32-dwarf-rt_v6-rev0/mingw32/bin/../lib/gcc/i686-w64-mingw32/8.1.0/../../../../i686-w64-mingw32/lib/../lib/libkernel32.a(dgzcs01336.o)
                0x6cb2d088                _imp__lstrcpyW@8
 .idata$5       0x6cb2d08c        0x4 C:/GNU/MINGW64/i686-8.1.0-win32-dwarf-rt_v6-rev0/mingw32/bin/../lib/gcc/i686-w64-mingw32/8.1.0/../../../../i686-w64-mingw32/lib/../lib/libkernel32.a(dgzcs01342.o)
                0x6cb2d08c                _imp__lstrlenW@4
 .idata$5       0x6cb2d090        0x4 C:/GNU/MINGW64/i686-8.1.0-win32-dwarf-rt_v6-rev0/mingw32/bin/../lib/gcc/i686-w64-mingw32/8.1.0/../../../../i686-w64-mingw32/lib/../lib/libkernel32.a(dgzct.o)
 .idata$5       0x6cb2d094        0x0 C:/GNU/MINGW64/i686-8.1.0-win32-dwarf-rt_v6-rev0/mingw32/bin/../lib/gcc/i686-w64-mingw32/8.1.0/../../../../i686-w64-mingw32/lib/../lib/libuser32.a(dmceh.o)
 .idata$5       0x6cb2d094        0x4 C:/GNU/MINGW64/i686-8.1.0-win32-dwarf-rt_v6-rev0/mingw32/bin/../lib/gcc/i686-w64-mingw32/8.1.0/../../../../i686-w64-mingw32/lib/../lib/libuser32.a(dmces00912.o)
                0x6cb2d094                _imp__wsprintfW
 .idata$5       0x6cb2d098        0x4 C:/GNU/MINGW64/i686-8.1.0-win32-dwarf-rt_v6-rev0/mingw32/bin/../lib/gcc/i686-w64-mingw32/8.1.0/../../../../i686-w64-mingw32/lib/../lib/libuser32.a(dmcet.o)
                0x6cb2d09c                __IAT_end__ = .
 SORT_BY_NAME(*)(.idata$6)
 .idata$6       0x6cb2d09c       0x10 C:/GNU/MINGW64/i686-8.1.0-win32-dwarf-rt_v6-rev0/mingw32/bin/../lib/gcc/i686-w64-mingw32/8.1.0/../../../../i686-w64-mingw32/lib/../lib/libkernel32.a(dgzcs00666.o)
 .idata$6       0x6cb2d0ac        0xc C:/GNU/MINGW64/i686-8.1.0-win32-dwarf-rt_v6-rev0/mingw32/bin/../lib/gcc/i686-w64-mingw32/8.1.0/../../../../i686-w64-mingw32/lib/../lib/libkernel32.a(dgzcs00723.o)
 .idata$6       0x6cb2d0b8        0xe C:/GNU/MINGW64/i686-8.1.0-win32-dwarf-rt_v6-rev0/mingw32/bin/../lib/gcc/i686-w64-mingw32/8.1.0/../../../../i686-w64-mingw32/lib/../lib/libkernel32.a(dgzcs00725.o)
 .idata$6       0x6cb2d0c6        0xe C:/GNU/MINGW64/i686-8.1.0-win32-dwarf-rt_v6-rev0/mingw32/bin/../lib/gcc/i686-w64-mingw32/8.1.0/../../../../i686-w64-mingw32/lib/../lib/libkernel32.a(dgzcs00727.o)
 .idata$6       0x6cb2d0d4        0xc C:/GNU/MINGW64/i686-8.1.0-win32-dwarf-rt_v6-rev0/mingw32/bin/../lib/gcc/i686-w64-mingw32/8.1.0/../../../../i686-w64-mingw32/lib/../lib/libkernel32.a(dgzcs00729.o)
 .idata$6       0x6cb2d0e0        0xc C:/GNU/MINGW64/i686-8.1.0-win32-dwarf-rt_v6-rev0/mingw32/bin/../lib/gcc/i686-w64-mingw32/8.1.0/../../../../i686-w64-mingw32/lib/../lib/libkernel32.a(dgzcs01330.o)
 .idata$6       0x6cb2d0ec        0xc C:/GNU/MINGW64/i686-8.1.0-win32-dwarf-rt_v6-rev0/mingw32/bin/../lib/gcc/i686-w64-mingw32/8.1.0/../../../../i686-w64-mingw32/lib/../lib/libkernel32.a(dgzcs01335.o)
 .idata$6       0x6cb2d0f8        0xc C:/GNU/MINGW64/i686-8.1.0-win32-dwarf-rt_v6-rev0/mingw32/bin/../lib/gcc/i686-w64-mingw32/8.1.0/../../../../i686-w64-mingw32/lib/../lib/libkernel32.a(dgzcs01336.o)
 .idata$6       0x6cb2d104        0xc C:/GNU/MINGW64/i686-8.1.0-win32-dwarf-rt_v6-rev0/mingw32/bin/../lib/gcc/i686-w64-mingw32/8.1.0/../../../../i686-w64-mingw32/lib/../lib/libkernel32.a(dgzcs01342.o)
 .idata$6       0x6cb2d110        0xc C:/GNU/MINGW64/i686-8.1.0-win32-dwarf-rt_v6-rev0/mingw32/bin/../lib/gcc/i686-w64-mingw32/8.1.0/../../../../i686-w64-mingw32/lib/../lib/libuser32.a(dmces00912.o)
 SORT_BY_NAME(*)(.idata$7)
 .idata$7       0x6cb2d11c        0x4 C:/GNU/MINGW64/i686-8.1.0-win32-dwarf-rt_v6-rev0/mingw32/bin/../lib/gcc/i686-w64-mingw32/8.1.0/../../../../i686-w64-mingw32/lib/../lib/libkernel32.a(dgzcs00666.o)
 .idata$7       0x6cb2d120        0x4 C:/GNU/MINGW64/i686-8.1.0-win32-dwarf-rt_v6-rev0/mingw32/bin/../lib/gcc/i686-w64-mingw32/8.1.0/../../../../i686-w64-mingw32/lib/../lib/libkernel32.a(dgzcs00723.o)
 .idata$7       0x6cb2d124        0x4 C:/GNU/MINGW64/i686-8.1.0-win32-dwarf-rt_v6-rev0/mingw32/bin/../lib/gcc/i686-w64-mingw32/8.1.0/../../../../i686-w64-mingw32/lib/../lib/libkernel32.a(dgzcs00725.o)
 .idata$7       0x6cb2d128        0x4 C:/GNU/MINGW64/i686-8.1.0-win32-dwarf-rt_v6-rev0/mingw32/bin/../lib/gcc/i686-w64-mingw32/8.1.0/../../../../i686-w64-mingw32/lib/../lib/libkernel32.a(dgzcs00727.o)
 .idata$7       0x6cb2d12c        0x4 C:/GNU/MINGW64/i686-8.1.0-win32-dwarf-rt_v6-rev0/mingw32/bin/../lib/gcc/i686-w64-mingw32/8.1.0/../../../../i686-w64-mingw32/lib/../lib/libkernel32.a(dgzcs00729.o)
 .idata$7       0x6cb2d130        0x4 C:/GNU/MINGW64/i686-8.1.0-win32-dwarf-rt_v6-rev0/mingw32/bin/../lib/gcc/i686-w64-mingw32/8.1.0/../../../../i686-w64-mingw32/lib/../lib/libkernel32.a(dgzcs01330.o)
 .idata$7       0x6cb2d134        0x4 C:/GNU/MINGW64/i686-8.1.0-win32-dwarf-rt_v6-rev0/mingw32/bin/../lib/gcc/i686-w64-mingw32/8.1.0/../../../../i686-w64-mingw32/lib/../lib/libkernel32.a(dgzcs01335.o)
 .idata$7       0x6cb2d138        0x4 C:/GNU/MINGW64/i686-8.1.0-win32-dwarf-rt_v6-rev0/mingw32/bin/../lib/gcc/i686-w64-mingw32/8.1.0/../../../../i686-w64-mingw32/lib/../lib/libkernel32.a(dgzcs01336.o)
 .idata$7       0x6cb2d13c        0x4 C:/GNU/MINGW64/i686-8.1.0-win32-dwarf-rt_v6-rev0/mingw32/bin/../lib/gcc/i686-w64-mingw32/8.1.0/../../../../i686-w64-mingw32/lib/../lib/libkernel32.a(dgzcs01342.o)
 .idata$7       0x6cb2d140       0x10 C:/GNU/MINGW64/i686-8.1.0-win32-dwarf-rt_v6-rev0/mingw32/bin/../lib/gcc/i686-w64-mingw32/8.1.0/../../../../i686-w64-mingw32/lib/../lib/libkernel32.a(dgzct.o)
                0x6cb2d140                _lib32_libkernel32_a_iname
 .idata$7       0x6cb2d150        0x4 C:/GNU/MINGW64/i686-8.1.0-win32-dwarf-rt_v6-rev0/mingw32/bin/../lib/gcc/i686-w64-mingw32/8.1.0/../../../../i686-w64-mingw32/lib/../lib/libuser32.a(dmces00912.o)
 .idata$7       0x6cb2d154        0xc C:/GNU/MINGW64/i686-8.1.0-win32-dwarf-rt_v6-rev0/mingw32/bin/../lib/gcc/i686-w64-mingw32/8.1.0/../../../../i686-w64-mingw32/lib/../lib/libuser32.a(dmcet.o)
                0x6cb2d154                _lib32_libuser32_a_iname

.CRT            0x6cb2e000        0x0
                0x6cb2e000                ___crt_xc_start__ = .
 *(SORT_BY_NAME(.CRT$XC*))
                0x6cb2e000                ___crt_xc_end__ = .
                0x6cb2e000                ___crt_xi_start__ = .
 *(SORT_BY_NAME(.CRT$XI*))
                0x6cb2e000                ___crt_xi_end__ = .
                0x6cb2e000                ___crt_xl_start__ = .
 *(SORT_BY_NAME(.CRT$XL*))
                0x6cb2e000                ___crt_xp_start__ = .
 *(SORT_BY_NAME(.CRT$XP*))
                0x6cb2e000                ___crt_xp_end__ = .
                0x6cb2e000                ___crt_xt_start__ = .
 *(SORT_BY_NAME(.CRT$XT*))
                0x6cb2e000                ___crt_xt_end__ = .

.tls            0x6cb2e000        0x0
                0x6cb2e000                ___tls_start__ = .
 *(.tls$AAA)
 *(.tls)
 *(.tls$)
 *(SORT_BY_NAME(.tls$*))
 *(.tls$ZZZ)
                0x6cb2e000                ___tls_end__ = .

.endjunk        0x6cb2e000        0x0
                [!provide]                PROVIDE (end = .)
                [!provide]                PROVIDE (_end = .)
                0x6cb2e000                __end__ = .

.rsrc           0x6cb2e000      0x400
 *(.rsrc)
 .rsrc          0x6cb2e000      0x378 ../build/x86_Debug/version.o
 *(.rsrc$*)

.reloc          0x6cb2f000    0x59200
 *(.reloc)
 .reloc         0x6cb2f000    0x59018 dll stuff

.stab
 *(.stab)

.stabstr
 *(.stabstr)

.debug_aranges  0x6cb89000      0x800
 *(.debug_aranges)
 .debug_aranges
                0x6cb89000       0x20 ../build/x86_Debug/cpuid.o
 .debug_aranges
                0x6cb89020       0x20 ../build/x86_Debug/debug.o
 .debug_aranges
                0x6cb89040       0x20 ../build/x86_Debug/dllmain.o
 .debug_aranges
                0x6cb89060       0x20 ../build/x86_Debug/INTERNALTEST_op_DivRem.o
 .debug_aranges
                0x6cb89080       0x20 ../build/x86_Debug/INTERNALTEST_op_Multiply.o
 .debug_aranges
                0x6cb890a0       0x20 ../build/x86_Debug/pmc_add.o
 .debug_aranges
                0x6cb890c0       0x20 ../build/x86_Debug/pmc_bitwiseand.o
 .debug_aranges
                0x6cb890e0       0x20 ../build/x86_Debug/pmc_bitwiseor.o
 .debug_aranges
                0x6cb89100       0x20 ../build/x86_Debug/pmc_bytes.o
 .debug_aranges
                0x6cb89120       0x20 ../build/x86_Debug/pmc_clone.o
 .debug_aranges
                0x6cb89140       0x20 ../build/x86_Debug/pmc_compare.o
 .debug_aranges
                0x6cb89160       0x20 ../build/x86_Debug/pmc_divrem.o
 .debug_aranges
                0x6cb89180       0x20 ../build/x86_Debug/pmc_equals.o
 .debug_aranges
                0x6cb891a0       0x20 ../build/x86_Debug/pmc_exclusiveor.o
 .debug_aranges
                0x6cb891c0       0x20 ../build/x86_Debug/pmc_from.o
 .debug_aranges
                0x6cb891e0       0x20 ../build/x86_Debug/pmc_getnumbertype.o
 .debug_aranges
                0x6cb89200       0x20 ../build/x86_Debug/pmc_greatestcommondivisor.o
 .debug_aranges
                0x6cb89220       0x20 ../build/x86_Debug/pmc_initialize.o
 .debug_aranges
                0x6cb89240       0x20 ../build/x86_Debug/pmc_memory.o
 .debug_aranges
                0x6cb89260       0x20 ../build/x86_Debug/pmc_modpow.o
 .debug_aranges
                0x6cb89280       0x20 ../build/x86_Debug/pmc_multiply.o
 .debug_aranges
                0x6cb892a0       0x20 ../build/x86_Debug/pmc_parse.o
 .debug_aranges
                0x6cb892c0       0x20 ../build/x86_Debug/pmc_pow.o
 .debug_aranges
                0x6cb892e0       0x20 ../build/x86_Debug/pmc_shift.o
 .debug_aranges
                0x6cb89300       0x20 ../build/x86_Debug/pmc_statistics.o
 .debug_aranges
                0x6cb89320       0x20 ../build/x86_Debug/pmc_subtruct.o
 .debug_aranges
                0x6cb89340       0x20 ../build/x86_Debug/pmc_to.o
 .debug_aranges
                0x6cb89360       0x20 ../build/x86_Debug/pmc_tostring.o
 .debug_aranges
                0x6cb89380       0x20 ../build/x86_Debug/TEST_autogenerated.o
 .debug_aranges
                0x6cb893a0       0x20 ../build/x86_Debug/TEST_op_Add.o
 .debug_aranges
                0x6cb893c0       0x20 ../build/x86_Debug/TEST_op_BitwiseAnd.o
 .debug_aranges
                0x6cb893e0       0x20 ../build/x86_Debug/TEST_op_BitwiseOr.o
 .debug_aranges
                0x6cb89400       0x20 ../build/x86_Debug/TEST_op_Clone.o
 .debug_aranges
                0x6cb89420       0x20 ../build/x86_Debug/TEST_op_Compare.o
 .debug_aranges
                0x6cb89440       0x20 ../build/x86_Debug/TEST_op_DivRem.o
 .debug_aranges
                0x6cb89460       0x20 ../build/x86_Debug/TEST_op_Equals.o
 .debug_aranges
                0x6cb89480       0x20 ../build/x86_Debug/TEST_op_ExclusiveOr.o
 .debug_aranges
                0x6cb894a0       0x20 ../build/x86_Debug/TEST_op_From_To.o
 .debug_aranges
                0x6cb894c0       0x20 ../build/x86_Debug/TEST_op_GetNumberType.o
 .debug_aranges
                0x6cb894e0       0x20 ../build/x86_Debug/TEST_op_GreatestCommonDivisor.o
 .debug_aranges
                0x6cb89500       0x20 ../build/x86_Debug/TEST_op_ModPow.o
 .debug_aranges
                0x6cb89520       0x20 ../build/x86_Debug/TEST_op_Multiply.o
 .debug_aranges
                0x6cb89540       0x20 ../build/x86_Debug/TEST_op_ParseDN.o
 .debug_aranges
                0x6cb89560       0x20 ../build/x86_Debug/TEST_op_ParseX.o
 .debug_aranges
                0x6cb89580       0x20 ../build/x86_Debug/TEST_op_Pow.o
 .debug_aranges
                0x6cb895a0       0x20 ../build/x86_Debug/TEST_op_Shift.o
 .debug_aranges
                0x6cb895c0       0x20 ../build/x86_Debug/TEST_op_Subtruct.o
 .debug_aranges
                0x6cb895e0       0x20 ../build/x86_Debug/TEST_op_ToStringD.o
 .debug_aranges
                0x6cb89600       0x20 ../build/x86_Debug/TEST_op_ToStringN.o
 .debug_aranges
                0x6cb89620       0x20 ../build/x86_Debug/TEST_op_ToStringX.o

.zdebug_aranges
 *(.zdebug_aranges)

.debug_pubnames
 *(.debug_pubnames)

.zdebug_pubnames
 *(.zdebug_pubnames)

.debug_pubtypes
 *(.debug_pubtypes)

.zdebug_pubtypes
 *(.zdebug_pubtypes)

.debug_info     0x6cb8a000   0x1c2e00
 *(.debug_info .gnu.linkonce.wi.*)
 .debug_info    0x6cb8a000     0x50af ../build/x86_Debug/cpuid.o
 .debug_info    0x6cb8f0af     0x5e30 ../build/x86_Debug/debug.o
 .debug_info    0x6cb94edf     0x4d4b ../build/x86_Debug/dllmain.o
 .debug_info    0x6cb99c2a     0x5df6 ../build/x86_Debug/INTERNALTEST_op_DivRem.o
 .debug_info    0x6cb9fa20     0x5d3f ../build/x86_Debug/INTERNALTEST_op_Multiply.o
 .debug_info    0x6cba575f     0x6002 ../build/x86_Debug/pmc_add.o
 .debug_info    0x6cbab761     0x53c7 ../build/x86_Debug/pmc_bitwiseand.o
 .debug_info    0x6cbb0b28     0x5654 ../build/x86_Debug/pmc_bitwiseor.o
 .debug_info    0x6cbb617c     0x5040 ../build/x86_Debug/pmc_bytes.o
 .debug_info    0x6cbbb1bc     0x4e93 ../build/x86_Debug/pmc_clone.o
 .debug_info    0x6cbc004f     0x534e ../build/x86_Debug/pmc_compare.o
 .debug_info    0x6cbc539d     0x7321 ../build/x86_Debug/pmc_divrem.o
 .debug_info    0x6cbcc6be     0x530a ../build/x86_Debug/pmc_equals.o
 .debug_info    0x6cbd19c8     0x56b2 ../build/x86_Debug/pmc_exclusiveor.o
 .debug_info    0x6cbd707a     0x50b4 ../build/x86_Debug/pmc_from.o
 .debug_info    0x6cbdc12e     0x4ed6 ../build/x86_Debug/pmc_getnumbertype.o
 .debug_info    0x6cbe1004     0x5a13 ../build/x86_Debug/pmc_greatestcommondivisor.o
 .debug_info    0x6cbe6a17     0x5d1a ../build/x86_Debug/pmc_initialize.o
 .debug_info    0x6cbec731     0x5db3 ../build/x86_Debug/pmc_memory.o
 .debug_info    0x6cbf24e4     0x55bb ../build/x86_Debug/pmc_modpow.o
 .debug_info    0x6cbf7a9f     0x6124 ../build/x86_Debug/pmc_multiply.o
 .debug_info    0x6cbfdbc3     0x66fd ../build/x86_Debug/pmc_parse.o
 .debug_info    0x6cc042c0     0x52df ../build/x86_Debug/pmc_pow.o
 .debug_info    0x6cc0959f     0x5697 ../build/x86_Debug/pmc_shift.o
 .debug_info    0x6cc0ec36     0x4d1b ../build/x86_Debug/pmc_statistics.o
 .debug_info    0x6cc13951     0x5a12 ../build/x86_Debug/pmc_subtruct.o
 .debug_info    0x6cc19363     0x4f5e ../build/x86_Debug/pmc_to.o
 .debug_info    0x6cc1e2c1     0x62f2 ../build/x86_Debug/pmc_tostring.o
 .debug_info    0x6cc245b3    0xb0721 ../build/x86_Debug/TEST_autogenerated.o
 .debug_info    0x6ccd4cd4     0x5d64 ../build/x86_Debug/TEST_op_Add.o
 .debug_info    0x6ccdaa38     0x5cc9 ../build/x86_Debug/TEST_op_BitwiseAnd.o
 .debug_info    0x6cce0701     0x5d7c ../build/x86_Debug/TEST_op_BitwiseOr.o
 .debug_info    0x6cce647d     0x595c ../build/x86_Debug/TEST_op_Clone.o
 .debug_info    0x6ccebdd9     0x5bce ../build/x86_Debug/TEST_op_Compare.o
 .debug_info    0x6ccf19a7     0x5e40 ../build/x86_Debug/TEST_op_DivRem.o
 .debug_info    0x6ccf77e7     0x5bc8 ../build/x86_Debug/TEST_op_Equals.o
 .debug_info    0x6ccfd3af     0x5d88 ../build/x86_Debug/TEST_op_ExclusiveOr.o
 .debug_info    0x6cd03137     0x5b4e ../build/x86_Debug/TEST_op_From_To.o
 .debug_info    0x6cd08c85     0x5892 ../build/x86_Debug/TEST_op_GetNumberType.o
 .debug_info    0x6cd0e517     0x5e1c ../build/x86_Debug/TEST_op_GreatestCommonDivisor.o
 .debug_info    0x6cd14333     0x5a14 ../build/x86_Debug/TEST_op_ModPow.o
 .debug_info    0x6cd19d47     0x5d82 ../build/x86_Debug/TEST_op_Multiply.o
 .debug_info    0x6cd1fac9     0x5b22 ../build/x86_Debug/TEST_op_ParseDN.o
 .debug_info    0x6cd255eb     0x59c3 ../build/x86_Debug/TEST_op_ParseX.o
 .debug_info    0x6cd2afae     0x5988 ../build/x86_Debug/TEST_op_Pow.o
 .debug_info    0x6cd30936     0x5a39 ../build/x86_Debug/TEST_op_Shift.o
 .debug_info    0x6cd3636f     0x5d56 ../build/x86_Debug/TEST_op_Subtruct.o
 .debug_info    0x6cd3c0c5     0x5959 ../build/x86_Debug/TEST_op_ToStringD.o
 .debug_info    0x6cd41a1e     0x59be ../build/x86_Debug/TEST_op_ToStringN.o
 .debug_info    0x6cd473dc     0x5959 ../build/x86_Debug/TEST_op_ToStringX.o

.zdebug_info
 *(.zdebug_info .zdebug.gnu.linkonce.wi.*)

.debug_abbrev   0x6cd4d000     0x7200
 *(.debug_abbrev)
 .debug_abbrev  0x6cd4d000      0x200 ../build/x86_Debug/cpuid.o
 .debug_abbrev  0x6cd4d200      0x268 ../build/x86_Debug/debug.o
 .debug_abbrev  0x6cd4d468      0x175 ../build/x86_Debug/dllmain.o
 .debug_abbrev  0x6cd4d5dd      0x213 ../build/x86_Debug/INTERNALTEST_op_DivRem.o
 .debug_abbrev  0x6cd4d7f0      0x213 ../build/x86_Debug/INTERNALTEST_op_Multiply.o
 .debug_abbrev  0x6cd4da03      0x306 ../build/x86_Debug/pmc_add.o
 .debug_abbrev  0x6cd4dd09      0x252 ../build/x86_Debug/pmc_bitwiseand.o
 .debug_abbrev  0x6cd4df5b      0x314 ../build/x86_Debug/pmc_bitwiseor.o
 .debug_abbrev  0x6cd4e26f      0x262 ../build/x86_Debug/pmc_bytes.o
 .debug_abbrev  0x6cd4e4d1      0x195 ../build/x86_Debug/pmc_clone.o
 .debug_abbrev  0x6cd4e666      0x294 ../build/x86_Debug/pmc_compare.o
 .debug_abbrev  0x6cd4e8fa      0x3ea ../build/x86_Debug/pmc_divrem.o
 .debug_abbrev  0x6cd4ece4      0x271 ../build/x86_Debug/pmc_equals.o
 .debug_abbrev  0x6cd4ef55      0x314 ../build/x86_Debug/pmc_exclusiveor.o
 .debug_abbrev  0x6cd4f269      0x244 ../build/x86_Debug/pmc_from.o
 .debug_abbrev  0x6cd4f4ad      0x195 ../build/x86_Debug/pmc_getnumbertype.o
 .debug_abbrev  0x6cd4f642      0x307 ../build/x86_Debug/pmc_greatestcommondivisor.o
 .debug_abbrev  0x6cd4f949      0x1fb ../build/x86_Debug/pmc_initialize.o
 .debug_abbrev  0x6cd4fb44      0x49b ../build/x86_Debug/pmc_memory.o
 .debug_abbrev  0x6cd4ffdf      0x2bd ../build/x86_Debug/pmc_modpow.o
 .debug_abbrev  0x6cd5029c      0x3a3 ../build/x86_Debug/pmc_multiply.o
 .debug_abbrev  0x6cd5063f      0x3d6 ../build/x86_Debug/pmc_parse.o
 .debug_abbrev  0x6cd50a15      0x2d2 ../build/x86_Debug/pmc_pow.o
 .debug_abbrev  0x6cd50ce7      0x2a7 ../build/x86_Debug/pmc_shift.o
 .debug_abbrev  0x6cd50f8e      0x18a ../build/x86_Debug/pmc_statistics.o
 .debug_abbrev  0x6cd51118      0x305 ../build/x86_Debug/pmc_subtruct.o
 .debug_abbrev  0x6cd5141d      0x1af ../build/x86_Debug/pmc_to.o
 .debug_abbrev  0x6cd515cc      0x3d6 ../build/x86_Debug/pmc_tostring.o
 .debug_abbrev  0x6cd519a2      0x1f2 ../build/x86_Debug/TEST_autogenerated.o
 .debug_abbrev  0x6cd51b94      0x1d8 ../build/x86_Debug/TEST_op_Add.o
 .debug_abbrev  0x6cd51d6c      0x1d8 ../build/x86_Debug/TEST_op_BitwiseAnd.o
 .debug_abbrev  0x6cd51f44      0x1d8 ../build/x86_Debug/TEST_op_BitwiseOr.o
 .debug_abbrev  0x6cd5211c      0x1b6 ../build/x86_Debug/TEST_op_Clone.o
 .debug_abbrev  0x6cd522d2      0x1d8 ../build/x86_Debug/TEST_op_Compare.o
 .debug_abbrev  0x6cd524aa      0x1fa ../build/x86_Debug/TEST_op_DivRem.o
 .debug_abbrev  0x6cd526a4      0x1d8 ../build/x86_Debug/TEST_op_Equals.o
 .debug_abbrev  0x6cd5287c      0x1d8 ../build/x86_Debug/TEST_op_ExclusiveOr.o
 .debug_abbrev  0x6cd52a54      0x1d8 ../build/x86_Debug/TEST_op_From_To.o
 .debug_abbrev  0x6cd52c2c      0x19c ../build/x86_Debug/TEST_op_GetNumberType.o
 .debug_abbrev  0x6cd52dc8      0x1e9 ../build/x86_Debug/TEST_op_GreatestCommonDivisor.o
 .debug_abbrev  0x6cd52fb1      0x1c7 ../build/x86_Debug/TEST_op_ModPow.o
 .debug_abbrev  0x6cd53178      0x1d8 ../build/x86_Debug/TEST_op_Multiply.o
 .debug_abbrev  0x6cd53350      0x209 ../build/x86_Debug/TEST_op_ParseDN.o
 .debug_abbrev  0x6cd53559      0x1d6 ../build/x86_Debug/TEST_op_ParseX.o
 .debug_abbrev  0x6cd5372f      0x1bf ../build/x86_Debug/TEST_op_Pow.o
 .debug_abbrev  0x6cd538ee      0x1d8 ../build/x86_Debug/TEST_op_Shift.o
 .debug_abbrev  0x6cd53ac6      0x1d8 ../build/x86_Debug/TEST_op_Subtruct.o
 .debug_abbrev  0x6cd53c9e      0x1c3 ../build/x86_Debug/TEST_op_ToStringD.o
 .debug_abbrev  0x6cd53e61      0x1c3 ../build/x86_Debug/TEST_op_ToStringN.o
 .debug_abbrev  0x6cd54024      0x1c3 ../build/x86_Debug/TEST_op_ToStringX.o

.zdebug_abbrev
 *(.zdebug_abbrev)

.debug_line     0x6cd55000    0x32c00
 *(.debug_line)
 .debug_line    0x6cd55000      0x3a9 ../build/x86_Debug/cpuid.o
 .debug_line    0x6cd553a9      0x33b ../build/x86_Debug/debug.o
 .debug_line    0x6cd556e4      0x24e ../build/x86_Debug/dllmain.o
 .debug_line    0x6cd55932      0x414 ../build/x86_Debug/INTERNALTEST_op_DivRem.o
 .debug_line    0x6cd55d46      0x39d ../build/x86_Debug/INTERNALTEST_op_Multiply.o
 .debug_line    0x6cd560e3      0x87c ../build/x86_Debug/pmc_add.o
 .debug_line    0x6cd5695f      0x8a1 ../build/x86_Debug/pmc_bitwiseand.o
 .debug_line    0x6cd57200      0x9de ../build/x86_Debug/pmc_bitwiseor.o
 .debug_line    0x6cd57bde      0x3de ../build/x86_Debug/pmc_bytes.o
 .debug_line    0x6cd57fbc      0x281 ../build/x86_Debug/pmc_clone.o
 .debug_line    0x6cd5823d      0x550 ../build/x86_Debug/pmc_compare.o
 .debug_line    0x6cd5878d     0x13a8 ../build/x86_Debug/pmc_divrem.o
 .debug_line    0x6cd59b35      0x452 ../build/x86_Debug/pmc_equals.o
 .debug_line    0x6cd59f87      0xa15 ../build/x86_Debug/pmc_exclusiveor.o
 .debug_line    0x6cd5a99c      0x351 ../build/x86_Debug/pmc_from.o
 .debug_line    0x6cd5aced      0x290 ../build/x86_Debug/pmc_getnumbertype.o
 .debug_line    0x6cd5af7d      0x82d ../build/x86_Debug/pmc_greatestcommondivisor.o
 .debug_line    0x6cd5b7aa      0x3b5 ../build/x86_Debug/pmc_initialize.o
 .debug_line    0x6cd5bb5f      0xaa6 ../build/x86_Debug/pmc_memory.o
 .debug_line    0x6cd5c605      0x75d ../build/x86_Debug/pmc_modpow.o
 .debug_line    0x6cd5cd62      0x9e0 ../build/x86_Debug/pmc_multiply.o
 .debug_line    0x6cd5d742     0x12cc ../build/x86_Debug/pmc_parse.o
 .debug_line    0x6cd5ea0e      0x4af ../build/x86_Debug/pmc_pow.o
 .debug_line    0x6cd5eebd     0x17ec ../build/x86_Debug/pmc_shift.o
 .debug_line    0x6cd606a9      0x21c ../build/x86_Debug/pmc_statistics.o
 .debug_line    0x6cd608c5      0x7f6 ../build/x86_Debug/pmc_subtruct.o
 .debug_line    0x6cd610bb      0x2e7 ../build/x86_Debug/pmc_to.o
 .debug_line    0x6cd613a2      0xb23 ../build/x86_Debug/pmc_tostring.o
 .debug_line    0x6cd61ec5    0x21382 ../build/x86_Debug/TEST_autogenerated.o
 .debug_line    0x6cd83247      0x476 ../build/x86_Debug/TEST_op_Add.o
 .debug_line    0x6cd836bd      0x3e3 ../build/x86_Debug/TEST_op_BitwiseAnd.o
 .debug_line    0x6cd83aa0      0x47c ../build/x86_Debug/TEST_op_BitwiseOr.o
 .debug_line    0x6cd83f1c      0x2a6 ../build/x86_Debug/TEST_op_Clone.o
 .debug_line    0x6cd841c2      0x387 ../build/x86_Debug/TEST_op_Compare.o
 .debug_line    0x6cd84549      0x49b ../build/x86_Debug/TEST_op_DivRem.o
 .debug_line    0x6cd849e4      0x386 ../build/x86_Debug/TEST_op_Equals.o
 .debug_line    0x6cd84d6a      0x483 ../build/x86_Debug/TEST_op_ExclusiveOr.o
 .debug_line    0x6cd851ed      0x365 ../build/x86_Debug/TEST_op_From_To.o
 .debug_line    0x6cd85552      0x25e ../build/x86_Debug/TEST_op_GetNumberType.o
 .debug_line    0x6cd857b0      0x49c ../build/x86_Debug/TEST_op_GreatestCommonDivisor.o
 .debug_line    0x6cd85c4c      0x2ee ../build/x86_Debug/TEST_op_ModPow.o
 .debug_line    0x6cd85f3a      0x47b ../build/x86_Debug/TEST_op_Multiply.o
 .debug_line    0x6cd863b5      0x314 ../build/x86_Debug/TEST_op_ParseDN.o
 .debug_line    0x6cd866c9      0x2ae ../build/x86_Debug/TEST_op_ParseX.o
 .debug_line    0x6cd86977      0x2a7 ../build/x86_Debug/TEST_op_Pow.o
 .debug_line    0x6cd86c1e      0x311 ../build/x86_Debug/TEST_op_Shift.o
 .debug_line    0x6cd86f2f      0x444 ../build/x86_Debug/TEST_op_Subtruct.o
 .debug_line    0x6cd87373      0x282 ../build/x86_Debug/TEST_op_ToStringD.o
 .debug_line    0x6cd875f5      0x283 ../build/x86_Debug/TEST_op_ToStringN.o
 .debug_line    0x6cd87878      0x282 ../build/x86_Debug/TEST_op_ToStringX.o

.zdebug_line
 *(.zdebug_line)

.debug_frame
 *(.debug_frame*)

.zdebug_frame
 *(.zdebug_frame*)

.debug_str      0x6cd88000     0x1000
 *(.debug_str)
 .debug_str     0x6cd88000       0x29 ../build/x86_Debug/cpuid.o
 .debug_str     0x6cd88029       0x13 ../build/x86_Debug/debug.o
 .debug_str     0x6cd8803c        0x9 ../build/x86_Debug/dllmain.o
 .debug_str     0x6cd88045        0x9 ../build/x86_Debug/INTERNALTEST_op_DivRem.o
 .debug_str     0x6cd8804e        0x9 ../build/x86_Debug/INTERNALTEST_op_Multiply.o
 .debug_str     0x6cd88057       0x57 ../build/x86_Debug/pmc_add.o
 .debug_str     0x6cd880ae       0x10 ../build/x86_Debug/pmc_bitwiseand.o
 .debug_str     0x6cd880be       0x63 ../build/x86_Debug/pmc_bitwiseor.o
 .debug_str     0x6cd88121        0xf ../build/x86_Debug/pmc_bytes.o
 .debug_str     0x6cd88130        0x9 ../build/x86_Debug/pmc_clone.o
 .debug_str     0x6cd88139       0x2f ../build/x86_Debug/pmc_compare.o
 .debug_str     0x6cd88168       0xe4 ../build/x86_Debug/pmc_divrem.o
 .debug_str     0x6cd8824c       0x28 ../build/x86_Debug/pmc_equals.o
 .debug_str     0x6cd88274       0x50 ../build/x86_Debug/pmc_exclusiveor.o
 .debug_str     0x6cd882c4       0x1d ../build/x86_Debug/pmc_from.o
 .debug_str     0x6cd882e1        0x9 ../build/x86_Debug/pmc_getnumbertype.o
 .debug_str     0x6cd882ea       0xb9 ../build/x86_Debug/pmc_greatestcommondivisor.o
 .debug_str     0x6cd883a3       0x7c ../build/x86_Debug/pmc_initialize.o
 .debug_str     0x6cd8841f       0x62 ../build/x86_Debug/pmc_memory.o
 .debug_str     0x6cd88481       0x60 ../build/x86_Debug/pmc_modpow.o
 .debug_str     0x6cd884e1       0x9b ../build/x86_Debug/pmc_multiply.o
 .debug_str     0x6cd8857c       0xdd ../build/x86_Debug/pmc_parse.o
 .debug_str     0x6cd88659       0x1d ../build/x86_Debug/pmc_pow.o
 .debug_str     0x6cd88676       0x90 ../build/x86_Debug/pmc_shift.o
 .debug_str     0x6cd88706        0x9 ../build/x86_Debug/pmc_statistics.o
 .debug_str     0x6cd8870f       0x7e ../build/x86_Debug/pmc_subtruct.o
 .debug_str     0x6cd8878d        0x9 ../build/x86_Debug/pmc_to.o
 .debug_str     0x6cd88796       0x97 ../build/x86_Debug/pmc_tostring.o
 .debug_str     0x6cd8882d        0x9 ../build/x86_Debug/TEST_autogenerated.o
 .debug_str     0x6cd88836       0xca ../build/x86_Debug/TEST_op_Add.o
 .debug_str     0x6cd88900       0x4b ../build/x86_Debug/TEST_op_BitwiseAnd.o
 .debug_str     0x6cd8894b       0x81 ../build/x86_Debug/TEST_op_BitwiseOr.o
 .debug_str     0x6cd889cc        0x9 ../build/x86_Debug/TEST_op_Clone.o
 .debug_str     0x6cd889d5       0x5e ../build/x86_Debug/TEST_op_Compare.o
 .debug_str     0x6cd88a33       0xbb ../build/x86_Debug/TEST_op_DivRem.o
 .debug_str     0x6cd88aee       0x5e ../build/x86_Debug/TEST_op_Equals.o
 .debug_str     0x6cd88b4c       0x81 ../build/x86_Debug/TEST_op_ExclusiveOr.o
 .debug_str     0x6cd88bcd       0x45 ../build/x86_Debug/TEST_op_From_To.o
 .debug_str     0x6cd88c12        0x9 ../build/x86_Debug/TEST_op_GetNumberType.o
 .debug_str     0x6cd88c1b       0xde ../build/x86_Debug/TEST_op_GreatestCommonDivisor.o
 .debug_str     0x6cd88cf9        0x9 ../build/x86_Debug/TEST_op_ModPow.o
 .debug_str     0x6cd88d02       0xca ../build/x86_Debug/TEST_op_Multiply.o
 .debug_str     0x6cd88dcc       0x5e ../build/x86_Debug/TEST_op_ParseDN.o
 .debug_str     0x6cd88e2a        0x9 ../build/x86_Debug/TEST_op_ParseX.o
 .debug_str     0x6cd88e33        0x9 ../build/x86_Debug/TEST_op_Pow.o
 .debug_str     0x6cd88e3c       0x66 ../build/x86_Debug/TEST_op_Shift.o
 .debug_str     0x6cd88ea2       0xa8 ../build/x86_Debug/TEST_op_Subtruct.o
 .debug_str     0x6cd88f4a        0x9 ../build/x86_Debug/TEST_op_ToStringD.o
 .debug_str     0x6cd88f53        0x9 ../build/x86_Debug/TEST_op_ToStringN.o
 .debug_str     0x6cd88f5c        0x9 ../build/x86_Debug/TEST_op_ToStringX.o

.zdebug_str
 *(.zdebug_str)

.debug_loc
 *(.debug_loc)

.zdebug_loc
 *(.zdebug_loc)

.debug_macinfo
 *(.debug_macinfo)

.zdebug_macinfo
 *(.zdebug_macinfo)

.debug_weaknames
 *(.debug_weaknames)

.zdebug_weaknames
 *(.zdebug_weaknames)

.debug_funcnames
 *(.debug_funcnames)

.zdebug_funcnames
 *(.zdebug_funcnames)

.debug_typenames
 *(.debug_typenames)

.zdebug_typenames
 *(.zdebug_typenames)

.debug_varnames
 *(.debug_varnames)

.zdebug_varnames
 *(.zdebug_varnames)

.debug_macro
 *(.debug_macro)

.zdebug_macro
 *(.zdebug_macro)

.debug_ranges   0x6cd89000      0x200
 *(.debug_ranges)
 .debug_ranges  0x6cd89000       0xc8 ../build/x86_Debug/pmc_compare.o
 .debug_ranges  0x6cd890c8       0x30 ../build/x86_Debug/pmc_divrem.o
 .debug_ranges  0x6cd890f8       0x60 ../build/x86_Debug/pmc_subtruct.o

.zdebug_ranges
 *(.zdebug_ranges)

.debug_types
 *(.debug_types .gnu.linkonce.wt.*)

.zdebug_types
 *(.zdebug_types .gnu.linkonce.wt.*)

.debug_gdb_scripts
 *(.debug_gdb_scripts)

.zdebug_gdb_scripts
 *(.zdebug_gdb_scripts)
OUTPUT(../../dist/x86_Debug/Palmtree.Math.Core.Uint.dll pei-i386)
LOAD dll stuff
