Archive member included to satisfy reference by file (symbol)

C:/GNU/MINGW64/i686-8.1.0-win32-dwarf-rt_v6-rev0/mingw32/bin/../lib/gcc/i686-w64-mingw32/8.1.0/../../../../i686-w64-mingw32/lib/../lib/libkernel32.a(dgzcs01342.o)
                              ../build/x86_Debug/pmc_parse.o (_imp__lstrlenW@4)
C:/GNU/MINGW64/i686-8.1.0-win32-dwarf-rt_v6-rev0/mingw32/bin/../lib/gcc/i686-w64-mingw32/8.1.0/../../../../i686-w64-mingw32/lib/../lib/libkernel32.a(dgzcs01336.o)
                              ../build/x86_Debug/pmc_parse.o (_imp__lstrcpyW@8)
C:/GNU/MINGW64/i686-8.1.0-win32-dwarf-rt_v6-rev0/mingw32/bin/../lib/gcc/i686-w64-mingw32/8.1.0/../../../../i686-w64-mingw32/lib/../lib/libkernel32.a(dgzcs01335.o)
                              ../build/x86_Debug/pmc_parse.o (_imp__lstrcpyA@8)
C:/GNU/MINGW64/i686-8.1.0-win32-dwarf-rt_v6-rev0/mingw32/bin/../lib/gcc/i686-w64-mingw32/8.1.0/../../../../i686-w64-mingw32/lib/../lib/libkernel32.a(dgzcs01330.o)
                              ../build/x86_Debug/TEST_op_ToStringD.o (_imp__lstrcmpW@8)
C:/GNU/MINGW64/i686-8.1.0-win32-dwarf-rt_v6-rev0/mingw32/bin/../lib/gcc/i686-w64-mingw32/8.1.0/../../../../i686-w64-mingw32/lib/../lib/libkernel32.a(dgzcs00729.o)
                              ../build/x86_Debug/pmc_memory.o (_imp__HeapFree@12)
C:/GNU/MINGW64/i686-8.1.0-win32-dwarf-rt_v6-rev0/mingw32/bin/../lib/gcc/i686-w64-mingw32/8.1.0/../../../../i686-w64-mingw32/lib/../lib/libkernel32.a(dgzcs00727.o)
                              ../build/x86_Debug/pmc_memory.o (_imp__HeapDestroy@4)
C:/GNU/MINGW64/i686-8.1.0-win32-dwarf-rt_v6-rev0/mingw32/bin/../lib/gcc/i686-w64-mingw32/8.1.0/../../../../i686-w64-mingw32/lib/../lib/libkernel32.a(dgzcs00725.o)
                              ../build/x86_Debug/pmc_memory.o (_imp__HeapCreate@12)
C:/GNU/MINGW64/i686-8.1.0-win32-dwarf-rt_v6-rev0/mingw32/bin/../lib/gcc/i686-w64-mingw32/8.1.0/../../../../i686-w64-mingw32/lib/../lib/libkernel32.a(dgzcs00723.o)
                              ../build/x86_Debug/pmc_memory.o (_imp__HeapAlloc@12)
C:/GNU/MINGW64/i686-8.1.0-win32-dwarf-rt_v6-rev0/mingw32/bin/../lib/gcc/i686-w64-mingw32/8.1.0/../../../../i686-w64-mingw32/lib/../lib/libkernel32.a(dgzcs00666.o)
                              ../build/x86_Debug/pmc_memory.o (_imp__GetTickCount@0)
C:/GNU/MINGW64/i686-8.1.0-win32-dwarf-rt_v6-rev0/mingw32/bin/../lib/gcc/i686-w64-mingw32/8.1.0/../../../../i686-w64-mingw32/lib/../lib/libkernel32.a(dgzch.o)
                              C:/GNU/MINGW64/i686-8.1.0-win32-dwarf-rt_v6-rev0/mingw32/bin/../lib/gcc/i686-w64-mingw32/8.1.0/../../../../i686-w64-mingw32/lib/../lib/libkernel32.a(dgzcs01342.o) (_head_lib32_libkernel32_a)
C:/GNU/MINGW64/i686-8.1.0-win32-dwarf-rt_v6-rev0/mingw32/bin/../lib/gcc/i686-w64-mingw32/8.1.0/../../../../i686-w64-mingw32/lib/../lib/libkernel32.a(dgzct.o)
                              C:/GNU/MINGW64/i686-8.1.0-win32-dwarf-rt_v6-rev0/mingw32/bin/../lib/gcc/i686-w64-mingw32/8.1.0/../../../../i686-w64-mingw32/lib/../lib/libkernel32.a(dgzch.o) (_lib32_libkernel32_a_iname)
C:/GNU/MINGW64/i686-8.1.0-win32-dwarf-rt_v6-rev0/mingw32/bin/../lib/gcc/i686-w64-mingw32/8.1.0/../../../../i686-w64-mingw32/lib/../lib/libuser32.a(dmces00912.o)
                              ../build/x86_Debug/debug.o (_imp__wsprintfW)
C:/GNU/MINGW64/i686-8.1.0-win32-dwarf-rt_v6-rev0/mingw32/bin/../lib/gcc/i686-w64-mingw32/8.1.0/../../../../i686-w64-mingw32/lib/../lib/libuser32.a(dmceh.o)
                              C:/GNU/MINGW64/i686-8.1.0-win32-dwarf-rt_v6-rev0/mingw32/bin/../lib/gcc/i686-w64-mingw32/8.1.0/../../../../i686-w64-mingw32/lib/../lib/libuser32.a(dmces00912.o) (_head_lib32_libuser32_a)
C:/GNU/MINGW64/i686-8.1.0-win32-dwarf-rt_v6-rev0/mingw32/bin/../lib/gcc/i686-w64-mingw32/8.1.0/../../../../i686-w64-mingw32/lib/../lib/libuser32.a(dmcet.o)
                              C:/GNU/MINGW64/i686-8.1.0-win32-dwarf-rt_v6-rev0/mingw32/bin/../lib/gcc/i686-w64-mingw32/8.1.0/../../../../i686-w64-mingw32/lib/../lib/libuser32.a(dmceh.o) (_lib32_libuser32_a_iname)

Allocating common symbols
Common symbol       size              file

number_zero         0x24              ../build/x86_Debug/pmc_memory.o
number_one          0x24              ../build/x86_Debug/pmc_memory.o
statistics_info     0x10              ../build/x86_Debug/pmc_statistics.o
hLocalHeap          0x4               ../build/x86_Debug/pmc_memory.o
configuration_info  0x4               ../build/x86_Debug/pmc_initialize.o

Discarded input sections

 .drectve       0x00000000       0x14 ../build/x86_Debug/debug.o
 .drectve       0x00000000       0x24 ../build/x86_Debug/pmc_initialize.o
 .drectve       0x00000000       0x54 ../build/x86_Debug/pmc_memory.o
 .drectve       0x00000000       0x20 ../build/x86_Debug/pmc_statistics.o
 .text          0x00000000        0x8 C:/GNU/MINGW64/i686-8.1.0-win32-dwarf-rt_v6-rev0/mingw32/bin/../lib/gcc/i686-w64-mingw32/8.1.0/../../../../i686-w64-mingw32/lib/../lib/libkernel32.a(dgzcs01342.o)
 .text          0x00000000        0x8 C:/GNU/MINGW64/i686-8.1.0-win32-dwarf-rt_v6-rev0/mingw32/bin/../lib/gcc/i686-w64-mingw32/8.1.0/../../../../i686-w64-mingw32/lib/../lib/libkernel32.a(dgzcs01336.o)
 .text          0x00000000        0x8 C:/GNU/MINGW64/i686-8.1.0-win32-dwarf-rt_v6-rev0/mingw32/bin/../lib/gcc/i686-w64-mingw32/8.1.0/../../../../i686-w64-mingw32/lib/../lib/libkernel32.a(dgzcs01335.o)
 .text          0x00000000        0x8 C:/GNU/MINGW64/i686-8.1.0-win32-dwarf-rt_v6-rev0/mingw32/bin/../lib/gcc/i686-w64-mingw32/8.1.0/../../../../i686-w64-mingw32/lib/../lib/libkernel32.a(dgzcs01330.o)
 .text          0x00000000        0x8 C:/GNU/MINGW64/i686-8.1.0-win32-dwarf-rt_v6-rev0/mingw32/bin/../lib/gcc/i686-w64-mingw32/8.1.0/../../../../i686-w64-mingw32/lib/../lib/libkernel32.a(dgzcs00729.o)
 .text          0x00000000        0x8 C:/GNU/MINGW64/i686-8.1.0-win32-dwarf-rt_v6-rev0/mingw32/bin/../lib/gcc/i686-w64-mingw32/8.1.0/../../../../i686-w64-mingw32/lib/../lib/libkernel32.a(dgzcs00727.o)
 .text          0x00000000        0x8 C:/GNU/MINGW64/i686-8.1.0-win32-dwarf-rt_v6-rev0/mingw32/bin/../lib/gcc/i686-w64-mingw32/8.1.0/../../../../i686-w64-mingw32/lib/../lib/libkernel32.a(dgzcs00725.o)
 .text          0x00000000        0x8 C:/GNU/MINGW64/i686-8.1.0-win32-dwarf-rt_v6-rev0/mingw32/bin/../lib/gcc/i686-w64-mingw32/8.1.0/../../../../i686-w64-mingw32/lib/../lib/libkernel32.a(dgzcs00723.o)
 .text          0x00000000        0x8 C:/GNU/MINGW64/i686-8.1.0-win32-dwarf-rt_v6-rev0/mingw32/bin/../lib/gcc/i686-w64-mingw32/8.1.0/../../../../i686-w64-mingw32/lib/../lib/libkernel32.a(dgzcs00666.o)
 .text          0x00000000        0x8 C:/GNU/MINGW64/i686-8.1.0-win32-dwarf-rt_v6-rev0/mingw32/bin/../lib/gcc/i686-w64-mingw32/8.1.0/../../../../i686-w64-mingw32/lib/../lib/libuser32.a(dmces00912.o)

Memory Configuration

Name             Origin             Length             Attributes
*default*        0x00000000         0xffffffff

Linker script and memory map

                0x6c640000                __image_base__ = 0x6c640000
                0x00000000                __dll__ = 0x0
                0x6c640000                ___ImageBase = 0x6c640000
                0x00001000                __section_alignment__ = 0x1000
                0x00000200                __file_alignment__ = 0x200
                0x00000004                __major_os_version__ = 0x4
                0x00000000                __minor_os_version__ = 0x0
                0x00000001                __major_image_version__ = 0x1
                0x00000000                __minor_image_version__ = 0x0
                0x00000004                __major_subsystem_version__ = 0x4
                0x00000000                __minor_subsystem_version__ = 0x0
                0x00000002                __subsystem__ = 0x2
                0x00200000                __size_of_stack_reserve__ = 0x200000
                0x00001000                __size_of_stack_commit__ = 0x1000
                0x00100000                __size_of_heap_reserve__ = 0x100000
                0x00001000                __size_of_heap_commit__ = 0x1000
                0x00000000                __loader_flags__ = 0x0
                0x00000000                __dll_characteristics__ = 0x0
LOAD ../build/x86_Debug/cpuid.o
LOAD ../build/x86_Debug/debug.o
LOAD ../build/x86_Debug/dllmain.o
LOAD ../build/x86_Debug/INTERNALTEST_op_DivRem.o
LOAD ../build/x86_Debug/INTERNALTEST_op_Multiply.o
LOAD ../build/x86_Debug/pmc_add.o
LOAD ../build/x86_Debug/pmc_bitwiseand.o
LOAD ../build/x86_Debug/pmc_bitwiseor.o
LOAD ../build/x86_Debug/pmc_bytes.o
LOAD ../build/x86_Debug/pmc_clone.o
LOAD ../build/x86_Debug/pmc_compare.o
LOAD ../build/x86_Debug/pmc_divrem.o
LOAD ../build/x86_Debug/pmc_equals.o
LOAD ../build/x86_Debug/pmc_exclusiveor.o
LOAD ../build/x86_Debug/pmc_from.o
LOAD ../build/x86_Debug/pmc_getpropertyvalue.o
LOAD ../build/x86_Debug/pmc_greatestcommondivisor.o
LOAD ../build/x86_Debug/pmc_initialize.o
LOAD ../build/x86_Debug/pmc_memory.o
LOAD ../build/x86_Debug/pmc_modpow.o
LOAD ../build/x86_Debug/pmc_multiply.o
LOAD ../build/x86_Debug/pmc_parse.o
LOAD ../build/x86_Debug/pmc_pow.o
LOAD ../build/x86_Debug/pmc_shift.o
LOAD ../build/x86_Debug/pmc_statistics.o
LOAD ../build/x86_Debug/pmc_subtruct.o
LOAD ../build/x86_Debug/pmc_to.o
LOAD ../build/x86_Debug/pmc_tostring.o
LOAD ../build/x86_Debug/TEST_autogenerated.o
LOAD ../build/x86_Debug/TEST_op_Add.o
LOAD ../build/x86_Debug/TEST_op_BitwiseAnd.o
LOAD ../build/x86_Debug/TEST_op_BitwiseOr.o
LOAD ../build/x86_Debug/TEST_op_Clone.o
LOAD ../build/x86_Debug/TEST_op_Compare.o
LOAD ../build/x86_Debug/TEST_op_DivRem.o
LOAD ../build/x86_Debug/TEST_op_Equals.o
LOAD ../build/x86_Debug/TEST_op_ExclusiveOr.o
LOAD ../build/x86_Debug/TEST_op_From_To.o
LOAD ../build/x86_Debug/TEST_op_GetNumberType.o
LOAD ../build/x86_Debug/TEST_op_GreatestCommonDivisor.o
LOAD ../build/x86_Debug/TEST_op_ModPow.o
LOAD ../build/x86_Debug/TEST_op_Multiply.o
LOAD ../build/x86_Debug/TEST_op_ParseDN.o
LOAD ../build/x86_Debug/TEST_op_ParseX.o
LOAD ../build/x86_Debug/TEST_op_Pow.o
LOAD ../build/x86_Debug/TEST_op_Shift.o
LOAD ../build/x86_Debug/TEST_op_Subtruct.o
LOAD ../build/x86_Debug/TEST_op_ToStringD.o
LOAD ../build/x86_Debug/TEST_op_ToStringN.o
LOAD ../build/x86_Debug/TEST_op_ToStringX.o
LOAD ../build/x86_Debug/version.o
LOAD C:/GNU/MINGW64/i686-8.1.0-win32-dwarf-rt_v6-rev0/mingw32/bin/../lib/gcc/i686-w64-mingw32/8.1.0/../../../../i686-w64-mingw32/lib/../lib/libkernel32.a
LOAD C:/GNU/MINGW64/i686-8.1.0-win32-dwarf-rt_v6-rev0/mingw32/bin/../lib/gcc/i686-w64-mingw32/8.1.0/../../../../i686-w64-mingw32/lib/../lib/libuser32.a
                0x000003d0                . = SIZEOF_HEADERS
                0x00001000                . = ALIGN (__section_alignment__)

.text           0x6c641000   0x405000
 *(.init)
 *(.text)
 .text          0x6c641000      0x2e4 ../build/x86_Debug/cpuid.o
                0x6c641123                GetCPUInfo
 .text          0x6c6412e4      0x338 ../build/x86_Debug/debug.o
                0x6c6413d2                DoDebug@4
                0x6c6414cc                TEST_Assert
                0x6c641528                FormatTestLabel
                0x6c641558                FormatTestMesssage
                0x6c641581                DumpBinary_UNIT
 .text          0x6c64161c       0x58 ../build/x86_Debug/dllmain.o
                0x6c64161c                DllMain@12
 .text          0x6c641674      0x4dc ../build/x86_Debug/INTERNALTEST_op_DivRem.o
                0x6c6416fc                INTERNALTEST_DivRem_X_X
 .text          0x6c641b50      0x304 ../build/x86_Debug/INTERNALTEST_op_Multiply.o
                0x6c641bf0                INTERNALTEST_Multiply_X_X_Imp
 .text          0x6c641e54     0x16e4 ../build/x86_Debug/pmc_add.o
                0x6c642e09                PMC_Add_I_X@12
                0x6c642e8d                PMC_Add_X_I@12
                0x6c6431c8                PMC_Add_L_X@16
                0x6c64325f                PMC_Add_X_L@16
                0x6c6432f6                PMC_Add_X_X@12
                0x6c64350e                Initialize_Add
 .text          0x6c643538      0xc70 ../build/x86_Debug/pmc_bitwiseand.o
                0x6c643ca4                PMC_BitwiseAnd_I_X@12
                0x6c643d28                PMC_BitwiseAnd_X_I@12
                0x6c643dac                PMC_BitwiseAnd_L_X@16
                0x6c643ec6                PMC_BitwiseAnd_X_L@16
                0x6c643fe0                PMC_BitwiseAnd_X_X@12
                0x6c6441a1                Initialize_BitwiseAnd
 .text          0x6c6441a8     0x105c ../build/x86_Debug/pmc_bitwiseor.o
                0x6c644b7a                PMC_BitwiseOr_I_X@12
                0x6c644bfe                PMC_BitwiseOr_X_I@12
                0x6c644edf                PMC_BitwiseOr_L_X@16
                0x6c644f76                PMC_BitwiseOr_X_L@16
                0x6c64500d                PMC_BitwiseOr_X_X@12
                0x6c6451fb                Initialize_BitwiseOr
 .text          0x6c645204      0x284 ../build/x86_Debug/pmc_bytes.o
                0x6c6452e9                PMC_FromByteArray@12
                0x6c6453c2                PMC_ToByteArray@16
 .text          0x6c645488       0xac ../build/x86_Debug/pmc_clone.o
                0x6c645488                PMC_Clone_X@8
                0x6c64552d                Initialize_Clone
 .text          0x6c645534      0x65c ../build/x86_Debug/pmc_compare.o
                0x6c645589                Compare_Imp
                0x6c6456ac                PMC_Compare_I_X@12
                0x6c645713                PMC_Compare_X_I@12
                0x6c64596c                PMC_Compare_L_X@16
                0x6c6459e6                PMC_Compare_X_L@16
                0x6c645a5c                PMC_Compare_X_X@12
                0x6c645b88                Initialize_Compare
 .text          0x6c645b90     0x4e8c ../build/x86_Debug/pmc_divrem.o
                0x6c6465e4                DivRem_X_X
                0x6c6466e9                DivRem_X_1W
                0x6c6499ec                PMC_DivRem_I_X@16
                0x6c649b18                PMC_DivRem_X_I@16
                0x6c649d14                PMC_DivRem_L_X@20
                0x6c64a066                PMC_DivRem_X_L@20
                0x6c64a4ed                PMC_DivRem_X_X@16
                0x6c64a9e6                Initialize_DivRem
 .text          0x6c64aa1c      0x554 ../build/x86_Debug/pmc_equals.o
                0x6c64aa71                Equals_X_X
                0x6c64ab35                PMC_Equals_I_X@12
                0x6c64ab9e                PMC_Equals_X_I@12
                0x6c64ad5f                PMC_Equals_L_X@16
                0x6c64addb                PMC_Equals_X_L@16
                0x6c64ae57                PMC_Equals_X_X@12
                0x6c64af67                Initialize_Equals
 .text          0x6c64af70     0x10e4 ../build/x86_Debug/pmc_exclusiveor.o
                0x6c64b96b                PMC_ExclusiveOr_I_X@12
                0x6c64b9f5                PMC_ExclusiveOr_X_I@12
                0x6c64bd05                PMC_ExclusiveOr_L_X@16
                0x6c64bda2                PMC_ExclusiveOr_X_L@16
                0x6c64be3f                PMC_ExclusiveOr_X_X@12
                0x6c64c04d                Initialize_ExclusiveOr
 .text          0x6c64c054      0x288 ../build/x86_Debug/pmc_from.o
                0x6c64c0a9                From_I_Imp
                0x6c64c109                From_L_Imp
                0x6c64c1ed                PMC_From_I@8
                0x6c64c250                PMC_From_L@12
                0x6c64c2d6                Initialize_From
 .text          0x6c64c2dc       0xa8 ../build/x86_Debug/pmc_getpropertyvalue.o
                0x6c64c2dc                PMC_GetNumberType_X@8
                0x6c64c37e                Initialize_GetPropertyValue
 .text          0x6c64c384     0x1274 ../build/x86_Debug/pmc_greatestcommondivisor.o
                0x6c64c8df                PMC_GreatestCommonDivisor_I_X@12
                0x6c64c963                PMC_GreatestCommonDivisor_X_I@12
                0x6c64d0ad                PMC_GreatestCommonDivisor_L_X@16
                0x6c64d144                PMC_GreatestCommonDivisor_X_L@16
                0x6c64d1db                PMC_GreatestCommonDivisor_X_X@12
                0x6c64d5f2                Initialize_GreatestCommonDivisor
 .text          0x6c64d5f8      0x578 ../build/x86_Debug/pmc_initialize.o
                0x6c64d5f8                PMC_UINT_Initialize@4
 .text          0x6c64db70     0x14b8 ../build/x86_Debug/pmc_memory.o
                0x6c64e53f                AllocateBlock
                0x6c64e62e                DeallocateBlock
                0x6c64e73c                CheckBlockLight
                0x6c64e97a                AttatchNumber
                0x6c64e9bc                AllocateNumber
                0x6c64ea37                DetatchNumber
                0x6c64ea61                DeallocateNumber
                0x6c64eb74                CommitNumber
                0x6c64ed42                CheckNumber
                0x6c64edc6                DuplicateNumber
                0x6c64ee86                PMC_GetConstantValue_I@8
                0x6c64eec0                PMC_Dispose@4
                0x6c64eef3                Initialize_Memory
                0x6c64efb4                AllocateHeapArea
                0x6c64eff7                DeallocateHeapArea
 .text          0x6c64f028     0x110c ../build/x86_Debug/pmc_modpow.o
                0x6c650046                PMC_ModPow_X_X_X@16
                0x6c65012c                Initialize_ModPow
 .text          0x6c650134     0x2370 ../build/x86_Debug/pmc_multiply.o
                0x6c65029a                Multiply_X_X_Imp
                0x6c651d59                PMC_Multiply_I_X@12
                0x6c651ddd                PMC_Multiply_X_I@12
                0x6c6520f0                PMC_Multiply_L_X@16
                0x6c652187                PMC_Multiply_X_L@16
                0x6c65221e                PMC_Multiply_X_X@12
                0x6c65243f                Initialize_Multiply
 .text          0x6c6524a4     0x2c1c ../build/x86_Debug/pmc_parse.o
                0x6c654f14                PMC_TryParse@16
                0x6c654ffc                Initialize_Parse
 .text          0x6c6550c0      0x4f8 ../build/x86_Debug/pmc_pow.o
                0x6c65552e                PMC_Pow_X_I@12
                0x6c6555b2                Initialize_Pow
 .text          0x6c6555b8     0x3af0 ../build/x86_Debug/pmc_shift.o
                0x6c6556c0                RightShift_Imp
                0x6c656483                RightShift_Imp_DIV
                0x6c657246                LeftShift_Imp
                0x6c658006                LeftShift_Imp_DIV
                0x6c658dc6                PMC_RightShift_X_I@12
                0x6c658f3d                PMC_LeftShift_X_I@12
                0x6c6590a0                Initialize_Shift
 .text          0x6c6590a8       0x38 ../build/x86_Debug/pmc_statistics.o
                0x6c6590a8                PMC_GetStatisticsInfo@4
 .text          0x6c6590e0     0x11e8 ../build/x86_Debug/pmc_subtruct.o
                0x6c6596ac                Subtruct_Imp
                0x6c659860                PMC_Subtruct_I_X@12
                0x6c659962                PMC_Subtruct_X_I@12
                0x6c659b40                PMC_Subtruct_L_X@16
                0x6c659d91                PMC_Subtruct_X_L@16
                0x6c65a0bc                PMC_Subtruct_X_X@12
                0x6c65a2bf                Initialize_Subtruct
 .text          0x6c65a2c8      0x174 ../build/x86_Debug/pmc_to.o
                0x6c65a305                PMC_To_X_I@8
                0x6c65a36b                PMC_To_X_L@8
                0x6c65a436                Initialize_To
 .text          0x6c65a43c     0x1658 ../build/x86_Debug/pmc_tostring.o
                0x6c65b88b                PMC_ToString@24
                0x6c65ba00                Initialize_ToString
 .text          0x6c65ba94   0x3e1c54 ../build/x86_Debug/TEST_autogenerated.o
                0x6c65ba94                TEST_autogenerated
 .text          0x6ca3d6e8      0xb48 ../build/x86_Debug/TEST_op_Add.o
                0x6ca3d72a                TEST_PMC_Add_I_X
                0x6ca3d936                TEST_PMC_Add_L_X
                0x6ca3db61                TEST_PMC_Add_X_I
                0x6ca3dd6d                TEST_PMC_Add_X_L
                0x6ca3df98                TEST_PMC_Add_X_X
 .text          0x6ca3e230      0x8a0 ../build/x86_Debug/TEST_op_BitwiseAnd.o
                0x6ca3e272                TEST_PMC_BitwiseAnd_I_X
                0x6ca3e3c4                TEST_PMC_BitwiseAnd_L_X
                0x6ca3e553                TEST_PMC_BitwiseAnd_X_I
                0x6ca3e6a5                TEST_PMC_BitwiseAnd_X_L
                0x6ca3e834                TEST_PMC_BitwiseAnd_X_X
 .text          0x6ca3ead0      0xb58 ../build/x86_Debug/TEST_op_BitwiseOr.o
                0x6ca3eb12                TEST_PMC_BitwiseOr_I_X
                0x6ca3ed21                TEST_PMC_BitwiseOr_L_X
                0x6ca3ef4f                TEST_PMC_BitwiseOr_X_I
                0x6ca3f15e                TEST_PMC_BitwiseOr_X_L
                0x6ca3f38c                TEST_PMC_BitwiseOr_X_X
 .text          0x6ca3f628      0x248 ../build/x86_Debug/TEST_op_Clone.o
                0x6ca3f66a                TEST_PMC_Clone_X
 .text          0x6ca3f870      0x74c ../build/x86_Debug/TEST_op_Compare.o
                0x6ca3f870                TEST_PMC_Compare_I_X
                0x6ca3f9c2                TEST_PMC_Compare_L_X
                0x6ca3fb27                TEST_PMC_Compare_X_I
                0x6ca3fc79                TEST_PMC_Compare_X_L
                0x6ca3fdde                TEST_PMC_Compare_X_X
 .text          0x6ca3ffbc      0xcd0 ../build/x86_Debug/TEST_op_DivRem.o
                0x6ca3fffe                TEST_PMC_DivRem_I_X
                0x6ca401a2                TEST_PMC_DivRem_L_X
                0x6ca403ab                TEST_PMC_DivRem_X_I
                0x6ca40612                TEST_PMC_DivRem_X_L
                0x6ca408ea                TEST_PMC_DivRem_X_X
 .text          0x6ca40c8c      0x74c ../build/x86_Debug/TEST_op_Equals.o
                0x6ca40c8c                TEST_PMC_Equals_I_X
                0x6ca40dde                TEST_PMC_Equals_L_X
                0x6ca40f43                TEST_PMC_Equals_X_I
                0x6ca41095                TEST_PMC_Equals_X_L
                0x6ca411fa                TEST_PMC_Equals_X_X
 .text          0x6ca413d8      0xb58 ../build/x86_Debug/TEST_op_ExclusiveOr.o
                0x6ca4141a                TEST_PMC_ExclusiveOr_I_X
                0x6ca41629                TEST_PMC_ExclusiveOr_L_X
                0x6ca41857                TEST_PMC_ExclusiveOr_X_I
                0x6ca41a66                TEST_PMC_ExclusiveOr_X_L
                0x6ca41c94                TEST_PMC_ExclusiveOr_X_X
 .text          0x6ca41f30      0x624 ../build/x86_Debug/TEST_op_From_To.o
                0x6ca41f72                TEST_PMC_From_I
                0x6ca420ed                TEST_PMC_From_L
                0x6ca42287                TEST_PMC_To_X_I
                0x6ca423d7                TEST_PMC_To_X_L
 .text          0x6ca42554      0x148 ../build/x86_Debug/TEST_op_GetNumberType.o
                0x6ca42554                TEST_PMC_GetNumberType_X
 .text          0x6ca4269c      0xb94 ../build/x86_Debug/TEST_op_GreatestCommonDivisor.o
                0x6ca426de                TEST_PMC_GreatestCommonDivisor_I_X
                0x6ca428f9                TEST_PMC_GreatestCommonDivisor_L_X
                0x6ca42b33                TEST_PMC_GreatestCommonDivisor_X_I
                0x6ca42d4e                TEST_PMC_GreatestCommonDivisor_X_L
                0x6ca42f88                TEST_PMC_GreatestCommonDivisor_X_X
 .text          0x6ca43230      0x37c ../build/x86_Debug/TEST_op_ModPow.o
                0x6ca43272                TEST_PMC_ModPow_X_X_X
 .text          0x6ca435ac      0xb48 ../build/x86_Debug/TEST_op_Multiply.o
                0x6ca435ee                TEST_PMC_Multiply_I_X
                0x6ca437fa                TEST_PMC_Multiply_L_X
                0x6ca43a25                TEST_PMC_Multiply_X_I
                0x6ca43c31                TEST_PMC_Multiply_X_L
                0x6ca43e5c                TEST_PMC_Multiply_X_X
 .text          0x6ca440f4      0x470 ../build/x86_Debug/TEST_op_ParseDN.o
                0x6ca44136                TEST_PMC_ParseDN1
                0x6ca4434b                TEST_PMC_ParseDN2
 .text          0x6ca44564      0x25c ../build/x86_Debug/TEST_op_ParseX.o
                0x6ca445a6                TEST_PMC_ParseX
 .text          0x6ca447c0      0x250 ../build/x86_Debug/TEST_op_Pow.o
                0x6ca44802                TEST_PMC_Pow_X_I
 .text          0x6ca44a10      0x460 ../build/x86_Debug/TEST_op_Shift.o
                0x6ca44a52                TEST_PMC_RightShift_X_I
                0x6ca44c61                TEST_PMC_LeftShift_X_I
 .text          0x6ca44e70      0xa20 ../build/x86_Debug/TEST_op_Subtruct.o
                0x6ca44eb2                TEST_PMC_Subtruct_I_X
                0x6ca45009                TEST_PMC_Subtruct_L_X
                0x6ca4519d                TEST_PMC_Subtruct_X_I
                0x6ca453b5                TEST_PMC_Subtruct_X_L
                0x6ca455ec                TEST_PMC_Subtruct_X_X
 .text          0x6ca45890      0x210 ../build/x86_Debug/TEST_op_ToStringD.o
                0x6ca45890                TEST_PMC_ToStringD
 .text          0x6ca45aa0      0x20c ../build/x86_Debug/TEST_op_ToStringN.o
                0x6ca45aa0                TEST_PMC_ToStringN
 .text          0x6ca45cac      0x210 ../build/x86_Debug/TEST_op_ToStringX.o
                0x6ca45cac                TEST_PMC_ToStringX
 .text          0x6ca45ebc        0x0 C:/GNU/MINGW64/i686-8.1.0-win32-dwarf-rt_v6-rev0/mingw32/bin/../lib/gcc/i686-w64-mingw32/8.1.0/../../../../i686-w64-mingw32/lib/../lib/libkernel32.a(dgzch.o)
 .text          0x6ca45ebc        0x0 C:/GNU/MINGW64/i686-8.1.0-win32-dwarf-rt_v6-rev0/mingw32/bin/../lib/gcc/i686-w64-mingw32/8.1.0/../../../../i686-w64-mingw32/lib/../lib/libkernel32.a(dgzct.o)
 .text          0x6ca45ebc        0x0 C:/GNU/MINGW64/i686-8.1.0-win32-dwarf-rt_v6-rev0/mingw32/bin/../lib/gcc/i686-w64-mingw32/8.1.0/../../../../i686-w64-mingw32/lib/../lib/libuser32.a(dmceh.o)
 .text          0x6ca45ebc        0x0 C:/GNU/MINGW64/i686-8.1.0-win32-dwarf-rt_v6-rev0/mingw32/bin/../lib/gcc/i686-w64-mingw32/8.1.0/../../../../i686-w64-mingw32/lib/../lib/libuser32.a(dmcet.o)
 *(SORT_BY_NAME(.text$*))
 *(.text.*)
 *(.gnu.linkonce.t.*)
 *(.glue_7t)
 *(.glue_7)
                0x6ca45ebc                ___CTOR_LIST__ = .
                0x6ca45ebc                __CTOR_LIST__ = .
                0x6ca45ebc        0x4 LONG 0xffffffff
 *(.ctors)
 *(.ctor)
 *(SORT_BY_NAME(.ctors.*))
                0x6ca45ec0        0x4 LONG 0x0
                0x6ca45ec4                ___DTOR_LIST__ = .
                0x6ca45ec4                __DTOR_LIST__ = .
                0x6ca45ec4        0x4 LONG 0xffffffff
 *(.dtors)
 *(.dtor)
 *(SORT_BY_NAME(.dtors.*))
                0x6ca45ec8        0x4 LONG 0x0
 *(.fini)
 *(.gcc_exc)
                [!provide]                PROVIDE (etext = .)
                [!provide]                PROVIDE (_etext = .)
 *(.gcc_except_table)

.data           0x6ca46000    0x64200
                0x6ca46000                __data_start__ = .
 *(.data)
 .data          0x6ca46000        0x0 ../build/x86_Debug/cpuid.o
 .data          0x6ca46000        0x0 ../build/x86_Debug/debug.o
 .data          0x6ca46000        0x0 ../build/x86_Debug/dllmain.o
 .data          0x6ca46000        0x0 ../build/x86_Debug/INTERNALTEST_op_DivRem.o
 .data          0x6ca46000        0x0 ../build/x86_Debug/INTERNALTEST_op_Multiply.o
 .data          0x6ca46000        0x0 ../build/x86_Debug/pmc_add.o
 .data          0x6ca46000        0x0 ../build/x86_Debug/pmc_bitwiseand.o
 .data          0x6ca46000        0x0 ../build/x86_Debug/pmc_bitwiseor.o
 .data          0x6ca46000        0x0 ../build/x86_Debug/pmc_bytes.o
 .data          0x6ca46000        0x0 ../build/x86_Debug/pmc_clone.o
 .data          0x6ca46000        0x0 ../build/x86_Debug/pmc_compare.o
 .data          0x6ca46000        0x0 ../build/x86_Debug/pmc_divrem.o
 .data          0x6ca46000        0x0 ../build/x86_Debug/pmc_equals.o
 .data          0x6ca46000        0x0 ../build/x86_Debug/pmc_exclusiveor.o
 .data          0x6ca46000        0x0 ../build/x86_Debug/pmc_from.o
 .data          0x6ca46000        0x0 ../build/x86_Debug/pmc_getpropertyvalue.o
 .data          0x6ca46000        0x0 ../build/x86_Debug/pmc_greatestcommondivisor.o
 .data          0x6ca46000        0x0 ../build/x86_Debug/pmc_initialize.o
 .data          0x6ca46000        0x0 ../build/x86_Debug/pmc_memory.o
 .data          0x6ca46000        0x0 ../build/x86_Debug/pmc_modpow.o
 .data          0x6ca46000        0x0 ../build/x86_Debug/pmc_multiply.o
 .data          0x6ca46000        0x0 ../build/x86_Debug/pmc_parse.o
 .data          0x6ca46000        0x0 ../build/x86_Debug/pmc_pow.o
 .data          0x6ca46000        0x0 ../build/x86_Debug/pmc_shift.o
 .data          0x6ca46000        0x0 ../build/x86_Debug/pmc_statistics.o
 .data          0x6ca46000        0x0 ../build/x86_Debug/pmc_subtruct.o
 .data          0x6ca46000        0x0 ../build/x86_Debug/pmc_to.o
 .data          0x6ca46000       0xa0 ../build/x86_Debug/pmc_tostring.o
 .data          0x6ca460a0    0x64040 ../build/x86_Debug/TEST_autogenerated.o
 .data          0x6caaa0e0        0x0 ../build/x86_Debug/TEST_op_Add.o
 .data          0x6caaa0e0        0x0 ../build/x86_Debug/TEST_op_BitwiseAnd.o
 .data          0x6caaa0e0        0x0 ../build/x86_Debug/TEST_op_BitwiseOr.o
 .data          0x6caaa0e0        0x0 ../build/x86_Debug/TEST_op_Clone.o
 .data          0x6caaa0e0        0x0 ../build/x86_Debug/TEST_op_Compare.o
 .data          0x6caaa0e0        0x0 ../build/x86_Debug/TEST_op_DivRem.o
 .data          0x6caaa0e0        0x0 ../build/x86_Debug/TEST_op_Equals.o
 .data          0x6caaa0e0        0x0 ../build/x86_Debug/TEST_op_ExclusiveOr.o
 .data          0x6caaa0e0        0x0 ../build/x86_Debug/TEST_op_From_To.o
 .data          0x6caaa0e0        0x0 ../build/x86_Debug/TEST_op_GetNumberType.o
 .data          0x6caaa0e0        0x0 ../build/x86_Debug/TEST_op_GreatestCommonDivisor.o
 .data          0x6caaa0e0        0x0 ../build/x86_Debug/TEST_op_ModPow.o
 .data          0x6caaa0e0        0x0 ../build/x86_Debug/TEST_op_Multiply.o
 .data          0x6caaa0e0        0x0 ../build/x86_Debug/TEST_op_ParseDN.o
 .data          0x6caaa0e0        0x0 ../build/x86_Debug/TEST_op_ParseX.o
 .data          0x6caaa0e0        0x0 ../build/x86_Debug/TEST_op_Pow.o
 .data          0x6caaa0e0        0x0 ../build/x86_Debug/TEST_op_Shift.o
 .data          0x6caaa0e0        0x0 ../build/x86_Debug/TEST_op_Subtruct.o
 .data          0x6caaa0e0        0x0 ../build/x86_Debug/TEST_op_ToStringD.o
 .data          0x6caaa0e0        0x0 ../build/x86_Debug/TEST_op_ToStringN.o
 .data          0x6caaa0e0        0x0 ../build/x86_Debug/TEST_op_ToStringX.o
 .data          0x6caaa0e0        0x0 C:/GNU/MINGW64/i686-8.1.0-win32-dwarf-rt_v6-rev0/mingw32/bin/../lib/gcc/i686-w64-mingw32/8.1.0/../../../../i686-w64-mingw32/lib/../lib/libkernel32.a(dgzcs01342.o)
 .data          0x6caaa0e0        0x0 C:/GNU/MINGW64/i686-8.1.0-win32-dwarf-rt_v6-rev0/mingw32/bin/../lib/gcc/i686-w64-mingw32/8.1.0/../../../../i686-w64-mingw32/lib/../lib/libkernel32.a(dgzcs01336.o)
 .data          0x6caaa0e0        0x0 C:/GNU/MINGW64/i686-8.1.0-win32-dwarf-rt_v6-rev0/mingw32/bin/../lib/gcc/i686-w64-mingw32/8.1.0/../../../../i686-w64-mingw32/lib/../lib/libkernel32.a(dgzcs01335.o)
 .data          0x6caaa0e0        0x0 C:/GNU/MINGW64/i686-8.1.0-win32-dwarf-rt_v6-rev0/mingw32/bin/../lib/gcc/i686-w64-mingw32/8.1.0/../../../../i686-w64-mingw32/lib/../lib/libkernel32.a(dgzcs01330.o)
 .data          0x6caaa0e0        0x0 C:/GNU/MINGW64/i686-8.1.0-win32-dwarf-rt_v6-rev0/mingw32/bin/../lib/gcc/i686-w64-mingw32/8.1.0/../../../../i686-w64-mingw32/lib/../lib/libkernel32.a(dgzcs00729.o)
 .data          0x6caaa0e0        0x0 C:/GNU/MINGW64/i686-8.1.0-win32-dwarf-rt_v6-rev0/mingw32/bin/../lib/gcc/i686-w64-mingw32/8.1.0/../../../../i686-w64-mingw32/lib/../lib/libkernel32.a(dgzcs00727.o)
 .data          0x6caaa0e0        0x0 C:/GNU/MINGW64/i686-8.1.0-win32-dwarf-rt_v6-rev0/mingw32/bin/../lib/gcc/i686-w64-mingw32/8.1.0/../../../../i686-w64-mingw32/lib/../lib/libkernel32.a(dgzcs00725.o)
 .data          0x6caaa0e0        0x0 C:/GNU/MINGW64/i686-8.1.0-win32-dwarf-rt_v6-rev0/mingw32/bin/../lib/gcc/i686-w64-mingw32/8.1.0/../../../../i686-w64-mingw32/lib/../lib/libkernel32.a(dgzcs00723.o)
 .data          0x6caaa0e0        0x0 C:/GNU/MINGW64/i686-8.1.0-win32-dwarf-rt_v6-rev0/mingw32/bin/../lib/gcc/i686-w64-mingw32/8.1.0/../../../../i686-w64-mingw32/lib/../lib/libkernel32.a(dgzcs00666.o)
 .data          0x6caaa0e0        0x0 C:/GNU/MINGW64/i686-8.1.0-win32-dwarf-rt_v6-rev0/mingw32/bin/../lib/gcc/i686-w64-mingw32/8.1.0/../../../../i686-w64-mingw32/lib/../lib/libkernel32.a(dgzch.o)
 .data          0x6caaa0e0        0x0 C:/GNU/MINGW64/i686-8.1.0-win32-dwarf-rt_v6-rev0/mingw32/bin/../lib/gcc/i686-w64-mingw32/8.1.0/../../../../i686-w64-mingw32/lib/../lib/libkernel32.a(dgzct.o)
 .data          0x6caaa0e0        0x0 C:/GNU/MINGW64/i686-8.1.0-win32-dwarf-rt_v6-rev0/mingw32/bin/../lib/gcc/i686-w64-mingw32/8.1.0/../../../../i686-w64-mingw32/lib/../lib/libuser32.a(dmces00912.o)
 .data          0x6caaa0e0        0x0 C:/GNU/MINGW64/i686-8.1.0-win32-dwarf-rt_v6-rev0/mingw32/bin/../lib/gcc/i686-w64-mingw32/8.1.0/../../../../i686-w64-mingw32/lib/../lib/libuser32.a(dmceh.o)
 .data          0x6caaa0e0        0x0 C:/GNU/MINGW64/i686-8.1.0-win32-dwarf-rt_v6-rev0/mingw32/bin/../lib/gcc/i686-w64-mingw32/8.1.0/../../../../i686-w64-mingw32/lib/../lib/libuser32.a(dmcet.o)
 *(.data2)
 *(SORT_BY_NAME(.data$*))
 *(.jcr)
                0x6caaa0e0                __data_end__ = .
 *(.data_cygwin_nocopy)

.rdata          0x6caab000    0x59000
 *(.rdata)
 .rdata         0x6caab000      0x1bc ../build/x86_Debug/debug.o
 .rdata         0x6caab1bc       0xf0 ../build/x86_Debug/INTERNALTEST_op_DivRem.o
 .rdata         0x6caab2ac       0x7c ../build/x86_Debug/INTERNALTEST_op_Multiply.o
 .rdata         0x6caab328       0xf0 ../build/x86_Debug/pmc_parse.o
 .rdata         0x6caab418       0xe8 ../build/x86_Debug/pmc_tostring.o
 .rdata         0x6caab500    0x55120 ../build/x86_Debug/TEST_autogenerated.o
 .rdata         0x6cb00620      0x2b4 ../build/x86_Debug/TEST_op_Add.o
 .rdata         0x6cb008d4      0x344 ../build/x86_Debug/TEST_op_BitwiseAnd.o
 .rdata         0x6cb00c18      0x32c ../build/x86_Debug/TEST_op_BitwiseOr.o
 .rdata         0x6cb00f44      0x114 ../build/x86_Debug/TEST_op_Clone.o
 .rdata         0x6cb01058      0x2bc ../build/x86_Debug/TEST_op_Compare.o
 .rdata         0x6cb01314      0x304 ../build/x86_Debug/TEST_op_DivRem.o
 .rdata         0x6cb01618      0x2ac ../build/x86_Debug/TEST_op_Equals.o
 .rdata         0x6cb018c4      0x354 ../build/x86_Debug/TEST_op_ExclusiveOr.o
 .rdata         0x6cb01c18      0x200 ../build/x86_Debug/TEST_op_From_To.o
 .rdata         0x6cb01e18      0x104 ../build/x86_Debug/TEST_op_GetNumberType.o
 .rdata         0x6cb01f1c      0x41c ../build/x86_Debug/TEST_op_GreatestCommonDivisor.o
 .rdata         0x6cb02338      0x128 ../build/x86_Debug/TEST_op_ModPow.o
 .rdata         0x6cb02460      0x318 ../build/x86_Debug/TEST_op_Multiply.o
 .rdata         0x6cb02778      0x10c ../build/x86_Debug/TEST_op_ParseDN.o
 .rdata         0x6cb02884       0xdc ../build/x86_Debug/TEST_op_ParseX.o
 .rdata         0x6cb02960      0x114 ../build/x86_Debug/TEST_op_Pow.o
 .rdata         0x6cb02a74      0x1b0 ../build/x86_Debug/TEST_op_Shift.o
 .rdata         0x6cb02c24      0x31c ../build/x86_Debug/TEST_op_Subtruct.o
 .rdata         0x6cb02f40       0xe0 ../build/x86_Debug/TEST_op_ToStringD.o
 .rdata         0x6cb03020       0xdc ../build/x86_Debug/TEST_op_ToStringN.o
 .rdata         0x6cb030fc       0xe0 ../build/x86_Debug/TEST_op_ToStringX.o
 *(SORT_BY_NAME(.rdata$*))
 .rdata$zzz     0x6cb031dc       0x40 ../build/x86_Debug/cpuid.o
 .rdata$zzz     0x6cb0321c       0x40 ../build/x86_Debug/debug.o
 .rdata$zzz     0x6cb0325c       0x40 ../build/x86_Debug/dllmain.o
 .rdata$zzz     0x6cb0329c       0x40 ../build/x86_Debug/INTERNALTEST_op_DivRem.o
 .rdata$zzz     0x6cb032dc       0x40 ../build/x86_Debug/INTERNALTEST_op_Multiply.o
 .rdata$zzz     0x6cb0331c       0x40 ../build/x86_Debug/pmc_add.o
 .rdata$zzz     0x6cb0335c       0x40 ../build/x86_Debug/pmc_bitwiseand.o
 .rdata$zzz     0x6cb0339c       0x40 ../build/x86_Debug/pmc_bitwiseor.o
 .rdata$zzz     0x6cb033dc       0x40 ../build/x86_Debug/pmc_bytes.o
 .rdata$zzz     0x6cb0341c       0x40 ../build/x86_Debug/pmc_clone.o
 .rdata$zzz     0x6cb0345c       0x40 ../build/x86_Debug/pmc_compare.o
 .rdata$zzz     0x6cb0349c       0x40 ../build/x86_Debug/pmc_divrem.o
 .rdata$zzz     0x6cb034dc       0x40 ../build/x86_Debug/pmc_equals.o
 .rdata$zzz     0x6cb0351c       0x40 ../build/x86_Debug/pmc_exclusiveor.o
 .rdata$zzz     0x6cb0355c       0x40 ../build/x86_Debug/pmc_from.o
 .rdata$zzz     0x6cb0359c       0x40 ../build/x86_Debug/pmc_getpropertyvalue.o
 .rdata$zzz     0x6cb035dc       0x40 ../build/x86_Debug/pmc_greatestcommondivisor.o
 .rdata$zzz     0x6cb0361c       0x40 ../build/x86_Debug/pmc_initialize.o
 .rdata$zzz     0x6cb0365c       0x40 ../build/x86_Debug/pmc_memory.o
 .rdata$zzz     0x6cb0369c       0x40 ../build/x86_Debug/pmc_modpow.o
 .rdata$zzz     0x6cb036dc       0x40 ../build/x86_Debug/pmc_multiply.o
 .rdata$zzz     0x6cb0371c       0x40 ../build/x86_Debug/pmc_parse.o
 .rdata$zzz     0x6cb0375c       0x40 ../build/x86_Debug/pmc_pow.o
 .rdata$zzz     0x6cb0379c       0x40 ../build/x86_Debug/pmc_shift.o
 .rdata$zzz     0x6cb037dc       0x40 ../build/x86_Debug/pmc_statistics.o
 .rdata$zzz     0x6cb0381c       0x40 ../build/x86_Debug/pmc_subtruct.o
 .rdata$zzz     0x6cb0385c       0x40 ../build/x86_Debug/pmc_to.o
 .rdata$zzz     0x6cb0389c       0x40 ../build/x86_Debug/pmc_tostring.o
 .rdata$zzz     0x6cb038dc       0x40 ../build/x86_Debug/TEST_autogenerated.o
 .rdata$zzz     0x6cb0391c       0x40 ../build/x86_Debug/TEST_op_Add.o
 .rdata$zzz     0x6cb0395c       0x40 ../build/x86_Debug/TEST_op_BitwiseAnd.o
 .rdata$zzz     0x6cb0399c       0x40 ../build/x86_Debug/TEST_op_BitwiseOr.o
 .rdata$zzz     0x6cb039dc       0x40 ../build/x86_Debug/TEST_op_Clone.o
 .rdata$zzz     0x6cb03a1c       0x40 ../build/x86_Debug/TEST_op_Compare.o
 .rdata$zzz     0x6cb03a5c       0x40 ../build/x86_Debug/TEST_op_DivRem.o
 .rdata$zzz     0x6cb03a9c       0x40 ../build/x86_Debug/TEST_op_Equals.o
 .rdata$zzz     0x6cb03adc       0x40 ../build/x86_Debug/TEST_op_ExclusiveOr.o
 .rdata$zzz     0x6cb03b1c       0x40 ../build/x86_Debug/TEST_op_From_To.o
 .rdata$zzz     0x6cb03b5c       0x40 ../build/x86_Debug/TEST_op_GetNumberType.o
 .rdata$zzz     0x6cb03b9c       0x40 ../build/x86_Debug/TEST_op_GreatestCommonDivisor.o
 .rdata$zzz     0x6cb03bdc       0x40 ../build/x86_Debug/TEST_op_ModPow.o
 .rdata$zzz     0x6cb03c1c       0x40 ../build/x86_Debug/TEST_op_Multiply.o
 .rdata$zzz     0x6cb03c5c       0x40 ../build/x86_Debug/TEST_op_ParseDN.o
 .rdata$zzz     0x6cb03c9c       0x40 ../build/x86_Debug/TEST_op_ParseX.o
 .rdata$zzz     0x6cb03cdc       0x40 ../build/x86_Debug/TEST_op_Pow.o
 .rdata$zzz     0x6cb03d1c       0x40 ../build/x86_Debug/TEST_op_Shift.o
 .rdata$zzz     0x6cb03d5c       0x40 ../build/x86_Debug/TEST_op_Subtruct.o
 .rdata$zzz     0x6cb03d9c       0x40 ../build/x86_Debug/TEST_op_ToStringD.o
 .rdata$zzz     0x6cb03ddc       0x40 ../build/x86_Debug/TEST_op_ToStringN.o
 .rdata$zzz     0x6cb03e1c       0x40 ../build/x86_Debug/TEST_op_ToStringX.o
                0x6cb03e5c                __rt_psrelocs_start = .
 *(.rdata_runtime_pseudo_reloc)
                0x6cb03e5c                __rt_psrelocs_end = .
                0x00000000                __rt_psrelocs_size = (__rt_psrelocs_end - __rt_psrelocs_start)
                0x6cb03e5c                ___RUNTIME_PSEUDO_RELOC_LIST_END__ = .
                0x6cb03e5c                __RUNTIME_PSEUDO_RELOC_LIST_END__ = .
                0x6cb03e5c                ___RUNTIME_PSEUDO_RELOC_LIST__ = (. - __rt_psrelocs_size)
                0x6cb03e5c                __RUNTIME_PSEUDO_RELOC_LIST__ = (. - __rt_psrelocs_size)

.eh_frame       0x6cb04000     0x4400
 *(.eh_frame*)
 .eh_frame      0x6cb04000       0xb8 ../build/x86_Debug/cpuid.o
 .eh_frame      0x6cb040b8      0x130 ../build/x86_Debug/debug.o
 .eh_frame      0x6cb041e8       0x38 ../build/x86_Debug/dllmain.o
 .eh_frame      0x6cb04220       0x8c ../build/x86_Debug/INTERNALTEST_op_DivRem.o
 .eh_frame      0x6cb042ac       0xac ../build/x86_Debug/INTERNALTEST_op_Multiply.o
 .eh_frame      0x6cb04358      0x430 ../build/x86_Debug/pmc_add.o
 .eh_frame      0x6cb04788      0x19c ../build/x86_Debug/pmc_bitwiseand.o
 .eh_frame      0x6cb04924      0x214 ../build/x86_Debug/pmc_bitwiseor.o
 .eh_frame      0x6cb04b38       0xe8 ../build/x86_Debug/pmc_bytes.o
 .eh_frame      0x6cb04c20       0x4c ../build/x86_Debug/pmc_clone.o
 .eh_frame      0x6cb04c6c      0x17c ../build/x86_Debug/pmc_compare.o
 .eh_frame      0x6cb04de8      0x748 ../build/x86_Debug/pmc_divrem.o
 .eh_frame      0x6cb05530      0x17c ../build/x86_Debug/pmc_equals.o
 .eh_frame      0x6cb056ac      0x214 ../build/x86_Debug/pmc_exclusiveor.o
 .eh_frame      0x6cb058c0       0xf0 ../build/x86_Debug/pmc_from.o
 .eh_frame      0x6cb059b0       0x4c ../build/x86_Debug/pmc_getpropertyvalue.o
 .eh_frame      0x6cb059fc      0x238 ../build/x86_Debug/pmc_greatestcommondivisor.o
 .eh_frame      0x6cb05c34       0x38 ../build/x86_Debug/pmc_initialize.o
 .eh_frame      0x6cb05c6c      0x3f0 ../build/x86_Debug/pmc_memory.o
 .eh_frame      0x6cb0605c      0x18c ../build/x86_Debug/pmc_modpow.o
 .eh_frame      0x6cb061e8      0x3b4 ../build/x86_Debug/pmc_multiply.o
 .eh_frame      0x6cb0659c      0x470 ../build/x86_Debug/pmc_parse.o
 .eh_frame      0x6cb06a0c      0x100 ../build/x86_Debug/pmc_pow.o
 .eh_frame      0x6cb06b0c      0x194 ../build/x86_Debug/pmc_shift.o
 .eh_frame      0x6cb06ca0       0x38 ../build/x86_Debug/pmc_statistics.o
 .eh_frame      0x6cb06cd8      0x2e4 ../build/x86_Debug/pmc_subtruct.o
 .eh_frame      0x6cb06fbc       0x98 ../build/x86_Debug/pmc_to.o
 .eh_frame      0x6cb07054      0x2f8 ../build/x86_Debug/pmc_tostring.o
 .eh_frame      0x6cb0734c       0x3c ../build/x86_Debug/TEST_autogenerated.o
 .eh_frame      0x6cb07388      0x114 ../build/x86_Debug/TEST_op_Add.o
 .eh_frame      0x6cb0749c      0x11c ../build/x86_Debug/TEST_op_BitwiseAnd.o
 .eh_frame      0x6cb075b8      0x114 ../build/x86_Debug/TEST_op_BitwiseOr.o
 .eh_frame      0x6cb076cc       0x64 ../build/x86_Debug/TEST_op_Clone.o
 .eh_frame      0x6cb07730       0xf4 ../build/x86_Debug/TEST_op_Compare.o
 .eh_frame      0x6cb07824      0x11c ../build/x86_Debug/TEST_op_DivRem.o
 .eh_frame      0x6cb07940       0xf4 ../build/x86_Debug/TEST_op_Equals.o
 .eh_frame      0x6cb07a34      0x114 ../build/x86_Debug/TEST_op_ExclusiveOr.o
 .eh_frame      0x6cb07b48       0xec ../build/x86_Debug/TEST_op_From_To.o
 .eh_frame      0x6cb07c34       0x44 ../build/x86_Debug/TEST_op_GetNumberType.o
 .eh_frame      0x6cb07c78      0x114 ../build/x86_Debug/TEST_op_GreatestCommonDivisor.o
 .eh_frame      0x6cb07d8c       0x68 ../build/x86_Debug/TEST_op_ModPow.o
 .eh_frame      0x6cb07df4      0x114 ../build/x86_Debug/TEST_op_Multiply.o
 .eh_frame      0x6cb07f08       0x90 ../build/x86_Debug/TEST_op_ParseDN.o
 .eh_frame      0x6cb07f98       0x64 ../build/x86_Debug/TEST_op_ParseX.o
 .eh_frame      0x6cb07ffc       0x64 ../build/x86_Debug/TEST_op_Pow.o
 .eh_frame      0x6cb08060       0x90 ../build/x86_Debug/TEST_op_Shift.o
 .eh_frame      0x6cb080f0      0x118 ../build/x86_Debug/TEST_op_Subtruct.o
 .eh_frame      0x6cb08208       0x44 ../build/x86_Debug/TEST_op_ToStringD.o
 .eh_frame      0x6cb0824c       0x44 ../build/x86_Debug/TEST_op_ToStringN.o
 .eh_frame      0x6cb08290       0x44 ../build/x86_Debug/TEST_op_ToStringX.o

.pdata
 *(.pdata*)

.bss            0x6cb09000    0x17518
                0x6cb09000                __bss_start__ = .
 *(.bss)
 .bss           0x6cb09000        0x0 ../build/x86_Debug/cpuid.o
 .bss           0x6cb09000      0x420 ../build/x86_Debug/debug.o
                0x6cb09000                test_total_count
                0x6cb09004                test_ok_count
                0x6cb09008                __DEBUG_LOG
 .bss           0x6cb09420        0x0 ../build/x86_Debug/dllmain.o
 .bss           0x6cb09420        0x0 ../build/x86_Debug/INTERNALTEST_op_DivRem.o
 .bss           0x6cb09420        0x0 ../build/x86_Debug/INTERNALTEST_op_Multiply.o
 .bss           0x6cb09420        0x4 ../build/x86_Debug/pmc_add.o
 .bss           0x6cb09424        0x0 ../build/x86_Debug/pmc_bitwiseand.o
 .bss           0x6cb09424        0x0 ../build/x86_Debug/pmc_bitwiseor.o
 .bss           0x6cb09424        0x0 ../build/x86_Debug/pmc_bytes.o
 .bss           0x6cb09424        0x0 ../build/x86_Debug/pmc_clone.o
 .bss           0x6cb09424        0x0 ../build/x86_Debug/pmc_compare.o
 .bss           0x6cb09424        0x4 ../build/x86_Debug/pmc_divrem.o
 .bss           0x6cb09428        0x0 ../build/x86_Debug/pmc_equals.o
 .bss           0x6cb09428        0x0 ../build/x86_Debug/pmc_exclusiveor.o
 .bss           0x6cb09428        0x0 ../build/x86_Debug/pmc_from.o
 .bss           0x6cb09428        0x0 ../build/x86_Debug/pmc_getpropertyvalue.o
 .bss           0x6cb09428        0x0 ../build/x86_Debug/pmc_greatestcommondivisor.o
 *fill*         0x6cb09428       0x18 
 .bss           0x6cb09440      0x120 ../build/x86_Debug/pmc_initialize.o
 .bss           0x6cb09560        0x0 ../build/x86_Debug/pmc_memory.o
 .bss           0x6cb09560        0x0 ../build/x86_Debug/pmc_modpow.o
 .bss           0x6cb09560        0xc ../build/x86_Debug/pmc_multiply.o
 *fill*         0x6cb0956c       0x14 
 .bss           0x6cb09580       0x40 ../build/x86_Debug/pmc_parse.o
 .bss           0x6cb095c0        0x0 ../build/x86_Debug/pmc_pow.o
 .bss           0x6cb095c0        0x0 ../build/x86_Debug/pmc_shift.o
 .bss           0x6cb095c0        0x0 ../build/x86_Debug/pmc_statistics.o
 .bss           0x6cb095c0        0x0 ../build/x86_Debug/pmc_subtruct.o
 .bss           0x6cb095c0        0x0 ../build/x86_Debug/pmc_to.o
 .bss           0x6cb095c0       0x40 ../build/x86_Debug/pmc_tostring.o
 .bss           0x6cb09600      0xb0c ../build/x86_Debug/TEST_autogenerated.o
 .bss           0x6cb0a10c        0x0 ../build/x86_Debug/TEST_op_Add.o
 .bss           0x6cb0a10c        0x0 ../build/x86_Debug/TEST_op_BitwiseAnd.o
 .bss           0x6cb0a10c        0x0 ../build/x86_Debug/TEST_op_BitwiseOr.o
 .bss           0x6cb0a10c        0x0 ../build/x86_Debug/TEST_op_Clone.o
 .bss           0x6cb0a10c        0x0 ../build/x86_Debug/TEST_op_Compare.o
 .bss           0x6cb0a10c        0x0 ../build/x86_Debug/TEST_op_DivRem.o
 .bss           0x6cb0a10c        0x0 ../build/x86_Debug/TEST_op_Equals.o
 .bss           0x6cb0a10c        0x0 ../build/x86_Debug/TEST_op_ExclusiveOr.o
 .bss           0x6cb0a10c        0x0 ../build/x86_Debug/TEST_op_From_To.o
 .bss           0x6cb0a10c        0x0 ../build/x86_Debug/TEST_op_GetNumberType.o
 .bss           0x6cb0a10c        0x0 ../build/x86_Debug/TEST_op_GreatestCommonDivisor.o
 .bss           0x6cb0a10c        0x0 ../build/x86_Debug/TEST_op_ModPow.o
 .bss           0x6cb0a10c        0x0 ../build/x86_Debug/TEST_op_Multiply.o
 *fill*         0x6cb0a10c       0x14 
 .bss           0x6cb0a120      0x240 ../build/x86_Debug/TEST_op_ParseDN.o
 .bss           0x6cb0a360      0x120 ../build/x86_Debug/TEST_op_ParseX.o
 .bss           0x6cb0a480    0x10000 ../build/x86_Debug/TEST_op_Pow.o
 .bss           0x6cb1a480        0x0 ../build/x86_Debug/TEST_op_Shift.o
 .bss           0x6cb1a480        0x0 ../build/x86_Debug/TEST_op_Subtruct.o
 .bss           0x6cb1a480     0x2000 ../build/x86_Debug/TEST_op_ToStringD.o
 .bss           0x6cb1c480     0x2000 ../build/x86_Debug/TEST_op_ToStringN.o
 .bss           0x6cb1e480     0x2000 ../build/x86_Debug/TEST_op_ToStringX.o
 .bss           0x6cb20480        0x0 C:/GNU/MINGW64/i686-8.1.0-win32-dwarf-rt_v6-rev0/mingw32/bin/../lib/gcc/i686-w64-mingw32/8.1.0/../../../../i686-w64-mingw32/lib/../lib/libkernel32.a(dgzcs01342.o)
 .bss           0x6cb20480        0x0 C:/GNU/MINGW64/i686-8.1.0-win32-dwarf-rt_v6-rev0/mingw32/bin/../lib/gcc/i686-w64-mingw32/8.1.0/../../../../i686-w64-mingw32/lib/../lib/libkernel32.a(dgzcs01336.o)
 .bss           0x6cb20480        0x0 C:/GNU/MINGW64/i686-8.1.0-win32-dwarf-rt_v6-rev0/mingw32/bin/../lib/gcc/i686-w64-mingw32/8.1.0/../../../../i686-w64-mingw32/lib/../lib/libkernel32.a(dgzcs01335.o)
 .bss           0x6cb20480        0x0 C:/GNU/MINGW64/i686-8.1.0-win32-dwarf-rt_v6-rev0/mingw32/bin/../lib/gcc/i686-w64-mingw32/8.1.0/../../../../i686-w64-mingw32/lib/../lib/libkernel32.a(dgzcs01330.o)
 .bss           0x6cb20480        0x0 C:/GNU/MINGW64/i686-8.1.0-win32-dwarf-rt_v6-rev0/mingw32/bin/../lib/gcc/i686-w64-mingw32/8.1.0/../../../../i686-w64-mingw32/lib/../lib/libkernel32.a(dgzcs00729.o)
 .bss           0x6cb20480        0x0 C:/GNU/MINGW64/i686-8.1.0-win32-dwarf-rt_v6-rev0/mingw32/bin/../lib/gcc/i686-w64-mingw32/8.1.0/../../../../i686-w64-mingw32/lib/../lib/libkernel32.a(dgzcs00727.o)
 .bss           0x6cb20480        0x0 C:/GNU/MINGW64/i686-8.1.0-win32-dwarf-rt_v6-rev0/mingw32/bin/../lib/gcc/i686-w64-mingw32/8.1.0/../../../../i686-w64-mingw32/lib/../lib/libkernel32.a(dgzcs00725.o)
 .bss           0x6cb20480        0x0 C:/GNU/MINGW64/i686-8.1.0-win32-dwarf-rt_v6-rev0/mingw32/bin/../lib/gcc/i686-w64-mingw32/8.1.0/../../../../i686-w64-mingw32/lib/../lib/libkernel32.a(dgzcs00723.o)
 .bss           0x6cb20480        0x0 C:/GNU/MINGW64/i686-8.1.0-win32-dwarf-rt_v6-rev0/mingw32/bin/../lib/gcc/i686-w64-mingw32/8.1.0/../../../../i686-w64-mingw32/lib/../lib/libkernel32.a(dgzcs00666.o)
 .bss           0x6cb20480        0x0 C:/GNU/MINGW64/i686-8.1.0-win32-dwarf-rt_v6-rev0/mingw32/bin/../lib/gcc/i686-w64-mingw32/8.1.0/../../../../i686-w64-mingw32/lib/../lib/libkernel32.a(dgzch.o)
 .bss           0x6cb20480        0x0 C:/GNU/MINGW64/i686-8.1.0-win32-dwarf-rt_v6-rev0/mingw32/bin/../lib/gcc/i686-w64-mingw32/8.1.0/../../../../i686-w64-mingw32/lib/../lib/libkernel32.a(dgzct.o)
 .bss           0x6cb20480        0x0 C:/GNU/MINGW64/i686-8.1.0-win32-dwarf-rt_v6-rev0/mingw32/bin/../lib/gcc/i686-w64-mingw32/8.1.0/../../../../i686-w64-mingw32/lib/../lib/libuser32.a(dmces00912.o)
 .bss           0x6cb20480        0x0 C:/GNU/MINGW64/i686-8.1.0-win32-dwarf-rt_v6-rev0/mingw32/bin/../lib/gcc/i686-w64-mingw32/8.1.0/../../../../i686-w64-mingw32/lib/../lib/libuser32.a(dmceh.o)
 .bss           0x6cb20480        0x0 C:/GNU/MINGW64/i686-8.1.0-win32-dwarf-rt_v6-rev0/mingw32/bin/../lib/gcc/i686-w64-mingw32/8.1.0/../../../../i686-w64-mingw32/lib/../lib/libuser32.a(dmcet.o)
 *(COMMON)
 COMMON         0x6cb20480        0x4 ../build/x86_Debug/pmc_initialize.o
                0x6cb20480                configuration_info
 *fill*         0x6cb20484       0x1c 
 COMMON         0x6cb204a0       0x68 ../build/x86_Debug/pmc_memory.o
                0x6cb204a0                number_zero
                0x6cb204e0                number_one
                0x6cb20504                hLocalHeap
 COMMON         0x6cb20508       0x10 ../build/x86_Debug/pmc_statistics.o
                0x6cb20508                statistics_info
                0x6cb20518                __bss_end__ = .

.edata          0x6cb21000      0x200
 *(.edata)
 .edata         0x6cb21000       0x58 dll stuff

/DISCARD/
 *(.debug$S)
 *(.debug$T)
 *(.debug$F)
 *(.drectve)
 *(.note.GNU-stack)
 *(.gnu.lto_*)

.idata          0x6cb22000      0x200
 SORT_BY_NAME(*)(.idata$2)
 .idata$2       0x6cb22000       0x14 C:/GNU/MINGW64/i686-8.1.0-win32-dwarf-rt_v6-rev0/mingw32/bin/../lib/gcc/i686-w64-mingw32/8.1.0/../../../../i686-w64-mingw32/lib/../lib/libkernel32.a(dgzch.o)
                0x6cb22000                _head_lib32_libkernel32_a
 .idata$2       0x6cb22014       0x14 C:/GNU/MINGW64/i686-8.1.0-win32-dwarf-rt_v6-rev0/mingw32/bin/../lib/gcc/i686-w64-mingw32/8.1.0/../../../../i686-w64-mingw32/lib/../lib/libuser32.a(dmceh.o)
                0x6cb22014                _head_lib32_libuser32_a
 SORT_BY_NAME(*)(.idata$3)
                0x6cb22028        0x4 LONG 0x0
                0x6cb2202c        0x4 LONG 0x0
                0x6cb22030        0x4 LONG 0x0
                0x6cb22034        0x4 LONG 0x0
                0x6cb22038        0x4 LONG 0x0
 SORT_BY_NAME(*)(.idata$4)
 .idata$4       0x6cb2203c        0x0 C:/GNU/MINGW64/i686-8.1.0-win32-dwarf-rt_v6-rev0/mingw32/bin/../lib/gcc/i686-w64-mingw32/8.1.0/../../../../i686-w64-mingw32/lib/../lib/libkernel32.a(dgzch.o)
 .idata$4       0x6cb2203c        0x4 C:/GNU/MINGW64/i686-8.1.0-win32-dwarf-rt_v6-rev0/mingw32/bin/../lib/gcc/i686-w64-mingw32/8.1.0/../../../../i686-w64-mingw32/lib/../lib/libkernel32.a(dgzcs00666.o)
 .idata$4       0x6cb22040        0x4 C:/GNU/MINGW64/i686-8.1.0-win32-dwarf-rt_v6-rev0/mingw32/bin/../lib/gcc/i686-w64-mingw32/8.1.0/../../../../i686-w64-mingw32/lib/../lib/libkernel32.a(dgzcs00723.o)
 .idata$4       0x6cb22044        0x4 C:/GNU/MINGW64/i686-8.1.0-win32-dwarf-rt_v6-rev0/mingw32/bin/../lib/gcc/i686-w64-mingw32/8.1.0/../../../../i686-w64-mingw32/lib/../lib/libkernel32.a(dgzcs00725.o)
 .idata$4       0x6cb22048        0x4 C:/GNU/MINGW64/i686-8.1.0-win32-dwarf-rt_v6-rev0/mingw32/bin/../lib/gcc/i686-w64-mingw32/8.1.0/../../../../i686-w64-mingw32/lib/../lib/libkernel32.a(dgzcs00727.o)
 .idata$4       0x6cb2204c        0x4 C:/GNU/MINGW64/i686-8.1.0-win32-dwarf-rt_v6-rev0/mingw32/bin/../lib/gcc/i686-w64-mingw32/8.1.0/../../../../i686-w64-mingw32/lib/../lib/libkernel32.a(dgzcs00729.o)
 .idata$4       0x6cb22050        0x4 C:/GNU/MINGW64/i686-8.1.0-win32-dwarf-rt_v6-rev0/mingw32/bin/../lib/gcc/i686-w64-mingw32/8.1.0/../../../../i686-w64-mingw32/lib/../lib/libkernel32.a(dgzcs01330.o)
 .idata$4       0x6cb22054        0x4 C:/GNU/MINGW64/i686-8.1.0-win32-dwarf-rt_v6-rev0/mingw32/bin/../lib/gcc/i686-w64-mingw32/8.1.0/../../../../i686-w64-mingw32/lib/../lib/libkernel32.a(dgzcs01335.o)
 .idata$4       0x6cb22058        0x4 C:/GNU/MINGW64/i686-8.1.0-win32-dwarf-rt_v6-rev0/mingw32/bin/../lib/gcc/i686-w64-mingw32/8.1.0/../../../../i686-w64-mingw32/lib/../lib/libkernel32.a(dgzcs01336.o)
 .idata$4       0x6cb2205c        0x4 C:/GNU/MINGW64/i686-8.1.0-win32-dwarf-rt_v6-rev0/mingw32/bin/../lib/gcc/i686-w64-mingw32/8.1.0/../../../../i686-w64-mingw32/lib/../lib/libkernel32.a(dgzcs01342.o)
 .idata$4       0x6cb22060        0x4 C:/GNU/MINGW64/i686-8.1.0-win32-dwarf-rt_v6-rev0/mingw32/bin/../lib/gcc/i686-w64-mingw32/8.1.0/../../../../i686-w64-mingw32/lib/../lib/libkernel32.a(dgzct.o)
 .idata$4       0x6cb22064        0x0 C:/GNU/MINGW64/i686-8.1.0-win32-dwarf-rt_v6-rev0/mingw32/bin/../lib/gcc/i686-w64-mingw32/8.1.0/../../../../i686-w64-mingw32/lib/../lib/libuser32.a(dmceh.o)
 .idata$4       0x6cb22064        0x4 C:/GNU/MINGW64/i686-8.1.0-win32-dwarf-rt_v6-rev0/mingw32/bin/../lib/gcc/i686-w64-mingw32/8.1.0/../../../../i686-w64-mingw32/lib/../lib/libuser32.a(dmces00912.o)
 .idata$4       0x6cb22068        0x4 C:/GNU/MINGW64/i686-8.1.0-win32-dwarf-rt_v6-rev0/mingw32/bin/../lib/gcc/i686-w64-mingw32/8.1.0/../../../../i686-w64-mingw32/lib/../lib/libuser32.a(dmcet.o)
                0x6cb2206c                __IAT_start__ = .
 SORT_BY_NAME(*)(.idata$5)
 .idata$5       0x6cb2206c        0x0 C:/GNU/MINGW64/i686-8.1.0-win32-dwarf-rt_v6-rev0/mingw32/bin/../lib/gcc/i686-w64-mingw32/8.1.0/../../../../i686-w64-mingw32/lib/../lib/libkernel32.a(dgzch.o)
 .idata$5       0x6cb2206c        0x4 C:/GNU/MINGW64/i686-8.1.0-win32-dwarf-rt_v6-rev0/mingw32/bin/../lib/gcc/i686-w64-mingw32/8.1.0/../../../../i686-w64-mingw32/lib/../lib/libkernel32.a(dgzcs00666.o)
                0x6cb2206c                _imp__GetTickCount@0
 .idata$5       0x6cb22070        0x4 C:/GNU/MINGW64/i686-8.1.0-win32-dwarf-rt_v6-rev0/mingw32/bin/../lib/gcc/i686-w64-mingw32/8.1.0/../../../../i686-w64-mingw32/lib/../lib/libkernel32.a(dgzcs00723.o)
                0x6cb22070                _imp__HeapAlloc@12
 .idata$5       0x6cb22074        0x4 C:/GNU/MINGW64/i686-8.1.0-win32-dwarf-rt_v6-rev0/mingw32/bin/../lib/gcc/i686-w64-mingw32/8.1.0/../../../../i686-w64-mingw32/lib/../lib/libkernel32.a(dgzcs00725.o)
                0x6cb22074                _imp__HeapCreate@12
 .idata$5       0x6cb22078        0x4 C:/GNU/MINGW64/i686-8.1.0-win32-dwarf-rt_v6-rev0/mingw32/bin/../lib/gcc/i686-w64-mingw32/8.1.0/../../../../i686-w64-mingw32/lib/../lib/libkernel32.a(dgzcs00727.o)
                0x6cb22078                _imp__HeapDestroy@4
 .idata$5       0x6cb2207c        0x4 C:/GNU/MINGW64/i686-8.1.0-win32-dwarf-rt_v6-rev0/mingw32/bin/../lib/gcc/i686-w64-mingw32/8.1.0/../../../../i686-w64-mingw32/lib/../lib/libkernel32.a(dgzcs00729.o)
                0x6cb2207c                _imp__HeapFree@12
 .idata$5       0x6cb22080        0x4 C:/GNU/MINGW64/i686-8.1.0-win32-dwarf-rt_v6-rev0/mingw32/bin/../lib/gcc/i686-w64-mingw32/8.1.0/../../../../i686-w64-mingw32/lib/../lib/libkernel32.a(dgzcs01330.o)
                0x6cb22080                _imp__lstrcmpW@8
 .idata$5       0x6cb22084        0x4 C:/GNU/MINGW64/i686-8.1.0-win32-dwarf-rt_v6-rev0/mingw32/bin/../lib/gcc/i686-w64-mingw32/8.1.0/../../../../i686-w64-mingw32/lib/../lib/libkernel32.a(dgzcs01335.o)
                0x6cb22084                _imp__lstrcpyA@8
 .idata$5       0x6cb22088        0x4 C:/GNU/MINGW64/i686-8.1.0-win32-dwarf-rt_v6-rev0/mingw32/bin/../lib/gcc/i686-w64-mingw32/8.1.0/../../../../i686-w64-mingw32/lib/../lib/libkernel32.a(dgzcs01336.o)
                0x6cb22088                _imp__lstrcpyW@8
 .idata$5       0x6cb2208c        0x4 C:/GNU/MINGW64/i686-8.1.0-win32-dwarf-rt_v6-rev0/mingw32/bin/../lib/gcc/i686-w64-mingw32/8.1.0/../../../../i686-w64-mingw32/lib/../lib/libkernel32.a(dgzcs01342.o)
                0x6cb2208c                _imp__lstrlenW@4
 .idata$5       0x6cb22090        0x4 C:/GNU/MINGW64/i686-8.1.0-win32-dwarf-rt_v6-rev0/mingw32/bin/../lib/gcc/i686-w64-mingw32/8.1.0/../../../../i686-w64-mingw32/lib/../lib/libkernel32.a(dgzct.o)
 .idata$5       0x6cb22094        0x0 C:/GNU/MINGW64/i686-8.1.0-win32-dwarf-rt_v6-rev0/mingw32/bin/../lib/gcc/i686-w64-mingw32/8.1.0/../../../../i686-w64-mingw32/lib/../lib/libuser32.a(dmceh.o)
 .idata$5       0x6cb22094        0x4 C:/GNU/MINGW64/i686-8.1.0-win32-dwarf-rt_v6-rev0/mingw32/bin/../lib/gcc/i686-w64-mingw32/8.1.0/../../../../i686-w64-mingw32/lib/../lib/libuser32.a(dmces00912.o)
                0x6cb22094                _imp__wsprintfW
 .idata$5       0x6cb22098        0x4 C:/GNU/MINGW64/i686-8.1.0-win32-dwarf-rt_v6-rev0/mingw32/bin/../lib/gcc/i686-w64-mingw32/8.1.0/../../../../i686-w64-mingw32/lib/../lib/libuser32.a(dmcet.o)
                0x6cb2209c                __IAT_end__ = .
 SORT_BY_NAME(*)(.idata$6)
 .idata$6       0x6cb2209c       0x10 C:/GNU/MINGW64/i686-8.1.0-win32-dwarf-rt_v6-rev0/mingw32/bin/../lib/gcc/i686-w64-mingw32/8.1.0/../../../../i686-w64-mingw32/lib/../lib/libkernel32.a(dgzcs00666.o)
 .idata$6       0x6cb220ac        0xc C:/GNU/MINGW64/i686-8.1.0-win32-dwarf-rt_v6-rev0/mingw32/bin/../lib/gcc/i686-w64-mingw32/8.1.0/../../../../i686-w64-mingw32/lib/../lib/libkernel32.a(dgzcs00723.o)
 .idata$6       0x6cb220b8        0xe C:/GNU/MINGW64/i686-8.1.0-win32-dwarf-rt_v6-rev0/mingw32/bin/../lib/gcc/i686-w64-mingw32/8.1.0/../../../../i686-w64-mingw32/lib/../lib/libkernel32.a(dgzcs00725.o)
 .idata$6       0x6cb220c6        0xe C:/GNU/MINGW64/i686-8.1.0-win32-dwarf-rt_v6-rev0/mingw32/bin/../lib/gcc/i686-w64-mingw32/8.1.0/../../../../i686-w64-mingw32/lib/../lib/libkernel32.a(dgzcs00727.o)
 .idata$6       0x6cb220d4        0xc C:/GNU/MINGW64/i686-8.1.0-win32-dwarf-rt_v6-rev0/mingw32/bin/../lib/gcc/i686-w64-mingw32/8.1.0/../../../../i686-w64-mingw32/lib/../lib/libkernel32.a(dgzcs00729.o)
 .idata$6       0x6cb220e0        0xc C:/GNU/MINGW64/i686-8.1.0-win32-dwarf-rt_v6-rev0/mingw32/bin/../lib/gcc/i686-w64-mingw32/8.1.0/../../../../i686-w64-mingw32/lib/../lib/libkernel32.a(dgzcs01330.o)
 .idata$6       0x6cb220ec        0xc C:/GNU/MINGW64/i686-8.1.0-win32-dwarf-rt_v6-rev0/mingw32/bin/../lib/gcc/i686-w64-mingw32/8.1.0/../../../../i686-w64-mingw32/lib/../lib/libkernel32.a(dgzcs01335.o)
 .idata$6       0x6cb220f8        0xc C:/GNU/MINGW64/i686-8.1.0-win32-dwarf-rt_v6-rev0/mingw32/bin/../lib/gcc/i686-w64-mingw32/8.1.0/../../../../i686-w64-mingw32/lib/../lib/libkernel32.a(dgzcs01336.o)
 .idata$6       0x6cb22104        0xc C:/GNU/MINGW64/i686-8.1.0-win32-dwarf-rt_v6-rev0/mingw32/bin/../lib/gcc/i686-w64-mingw32/8.1.0/../../../../i686-w64-mingw32/lib/../lib/libkernel32.a(dgzcs01342.o)
 .idata$6       0x6cb22110        0xc C:/GNU/MINGW64/i686-8.1.0-win32-dwarf-rt_v6-rev0/mingw32/bin/../lib/gcc/i686-w64-mingw32/8.1.0/../../../../i686-w64-mingw32/lib/../lib/libuser32.a(dmces00912.o)
 SORT_BY_NAME(*)(.idata$7)
 .idata$7       0x6cb2211c        0x4 C:/GNU/MINGW64/i686-8.1.0-win32-dwarf-rt_v6-rev0/mingw32/bin/../lib/gcc/i686-w64-mingw32/8.1.0/../../../../i686-w64-mingw32/lib/../lib/libkernel32.a(dgzcs00666.o)
 .idata$7       0x6cb22120        0x4 C:/GNU/MINGW64/i686-8.1.0-win32-dwarf-rt_v6-rev0/mingw32/bin/../lib/gcc/i686-w64-mingw32/8.1.0/../../../../i686-w64-mingw32/lib/../lib/libkernel32.a(dgzcs00723.o)
 .idata$7       0x6cb22124        0x4 C:/GNU/MINGW64/i686-8.1.0-win32-dwarf-rt_v6-rev0/mingw32/bin/../lib/gcc/i686-w64-mingw32/8.1.0/../../../../i686-w64-mingw32/lib/../lib/libkernel32.a(dgzcs00725.o)
 .idata$7       0x6cb22128        0x4 C:/GNU/MINGW64/i686-8.1.0-win32-dwarf-rt_v6-rev0/mingw32/bin/../lib/gcc/i686-w64-mingw32/8.1.0/../../../../i686-w64-mingw32/lib/../lib/libkernel32.a(dgzcs00727.o)
 .idata$7       0x6cb2212c        0x4 C:/GNU/MINGW64/i686-8.1.0-win32-dwarf-rt_v6-rev0/mingw32/bin/../lib/gcc/i686-w64-mingw32/8.1.0/../../../../i686-w64-mingw32/lib/../lib/libkernel32.a(dgzcs00729.o)
 .idata$7       0x6cb22130        0x4 C:/GNU/MINGW64/i686-8.1.0-win32-dwarf-rt_v6-rev0/mingw32/bin/../lib/gcc/i686-w64-mingw32/8.1.0/../../../../i686-w64-mingw32/lib/../lib/libkernel32.a(dgzcs01330.o)
 .idata$7       0x6cb22134        0x4 C:/GNU/MINGW64/i686-8.1.0-win32-dwarf-rt_v6-rev0/mingw32/bin/../lib/gcc/i686-w64-mingw32/8.1.0/../../../../i686-w64-mingw32/lib/../lib/libkernel32.a(dgzcs01335.o)
 .idata$7       0x6cb22138        0x4 C:/GNU/MINGW64/i686-8.1.0-win32-dwarf-rt_v6-rev0/mingw32/bin/../lib/gcc/i686-w64-mingw32/8.1.0/../../../../i686-w64-mingw32/lib/../lib/libkernel32.a(dgzcs01336.o)
 .idata$7       0x6cb2213c        0x4 C:/GNU/MINGW64/i686-8.1.0-win32-dwarf-rt_v6-rev0/mingw32/bin/../lib/gcc/i686-w64-mingw32/8.1.0/../../../../i686-w64-mingw32/lib/../lib/libkernel32.a(dgzcs01342.o)
 .idata$7       0x6cb22140       0x10 C:/GNU/MINGW64/i686-8.1.0-win32-dwarf-rt_v6-rev0/mingw32/bin/../lib/gcc/i686-w64-mingw32/8.1.0/../../../../i686-w64-mingw32/lib/../lib/libkernel32.a(dgzct.o)
                0x6cb22140                _lib32_libkernel32_a_iname
 .idata$7       0x6cb22150        0x4 C:/GNU/MINGW64/i686-8.1.0-win32-dwarf-rt_v6-rev0/mingw32/bin/../lib/gcc/i686-w64-mingw32/8.1.0/../../../../i686-w64-mingw32/lib/../lib/libuser32.a(dmces00912.o)
 .idata$7       0x6cb22154        0xc C:/GNU/MINGW64/i686-8.1.0-win32-dwarf-rt_v6-rev0/mingw32/bin/../lib/gcc/i686-w64-mingw32/8.1.0/../../../../i686-w64-mingw32/lib/../lib/libuser32.a(dmcet.o)
                0x6cb22154                _lib32_libuser32_a_iname

.CRT            0x6cb23000        0x0
                0x6cb23000                ___crt_xc_start__ = .
 *(SORT_BY_NAME(.CRT$XC*))
                0x6cb23000                ___crt_xc_end__ = .
                0x6cb23000                ___crt_xi_start__ = .
 *(SORT_BY_NAME(.CRT$XI*))
                0x6cb23000                ___crt_xi_end__ = .
                0x6cb23000                ___crt_xl_start__ = .
 *(SORT_BY_NAME(.CRT$XL*))
                0x6cb23000                ___crt_xp_start__ = .
 *(SORT_BY_NAME(.CRT$XP*))
                0x6cb23000                ___crt_xp_end__ = .
                0x6cb23000                ___crt_xt_start__ = .
 *(SORT_BY_NAME(.CRT$XT*))
                0x6cb23000                ___crt_xt_end__ = .

.tls            0x6cb23000        0x0
                0x6cb23000                ___tls_start__ = .
 *(.tls$AAA)
 *(.tls)
 *(.tls$)
 *(SORT_BY_NAME(.tls$*))
 *(.tls$ZZZ)
                0x6cb23000                ___tls_end__ = .

.endjunk        0x6cb23000        0x0
                [!provide]                PROVIDE (end = .)
                [!provide]                PROVIDE (_end = .)
                0x6cb23000                __end__ = .

.rsrc           0x6cb23000      0x400
 *(.rsrc)
 .rsrc          0x6cb23000      0x378 ../build/x86_Debug/version.o
 *(.rsrc$*)

.reloc          0x6cb24000    0x59000
 *(.reloc)
 .reloc         0x6cb24000    0x58ff4 dll stuff

.stab
 *(.stab)

.stabstr
 *(.stabstr)

.debug_aranges  0x6cb7d000      0x800
 *(.debug_aranges)
 .debug_aranges
                0x6cb7d000       0x20 ../build/x86_Debug/cpuid.o
 .debug_aranges
                0x6cb7d020       0x20 ../build/x86_Debug/debug.o
 .debug_aranges
                0x6cb7d040       0x20 ../build/x86_Debug/dllmain.o
 .debug_aranges
                0x6cb7d060       0x20 ../build/x86_Debug/INTERNALTEST_op_DivRem.o
 .debug_aranges
                0x6cb7d080       0x20 ../build/x86_Debug/INTERNALTEST_op_Multiply.o
 .debug_aranges
                0x6cb7d0a0       0x20 ../build/x86_Debug/pmc_add.o
 .debug_aranges
                0x6cb7d0c0       0x20 ../build/x86_Debug/pmc_bitwiseand.o
 .debug_aranges
                0x6cb7d0e0       0x20 ../build/x86_Debug/pmc_bitwiseor.o
 .debug_aranges
                0x6cb7d100       0x20 ../build/x86_Debug/pmc_bytes.o
 .debug_aranges
                0x6cb7d120       0x20 ../build/x86_Debug/pmc_clone.o
 .debug_aranges
                0x6cb7d140       0x20 ../build/x86_Debug/pmc_compare.o
 .debug_aranges
                0x6cb7d160       0x20 ../build/x86_Debug/pmc_divrem.o
 .debug_aranges
                0x6cb7d180       0x20 ../build/x86_Debug/pmc_equals.o
 .debug_aranges
                0x6cb7d1a0       0x20 ../build/x86_Debug/pmc_exclusiveor.o
 .debug_aranges
                0x6cb7d1c0       0x20 ../build/x86_Debug/pmc_from.o
 .debug_aranges
                0x6cb7d1e0       0x20 ../build/x86_Debug/pmc_getpropertyvalue.o
 .debug_aranges
                0x6cb7d200       0x20 ../build/x86_Debug/pmc_greatestcommondivisor.o
 .debug_aranges
                0x6cb7d220       0x20 ../build/x86_Debug/pmc_initialize.o
 .debug_aranges
                0x6cb7d240       0x20 ../build/x86_Debug/pmc_memory.o
 .debug_aranges
                0x6cb7d260       0x20 ../build/x86_Debug/pmc_modpow.o
 .debug_aranges
                0x6cb7d280       0x20 ../build/x86_Debug/pmc_multiply.o
 .debug_aranges
                0x6cb7d2a0       0x20 ../build/x86_Debug/pmc_parse.o
 .debug_aranges
                0x6cb7d2c0       0x20 ../build/x86_Debug/pmc_pow.o
 .debug_aranges
                0x6cb7d2e0       0x20 ../build/x86_Debug/pmc_shift.o
 .debug_aranges
                0x6cb7d300       0x20 ../build/x86_Debug/pmc_statistics.o
 .debug_aranges
                0x6cb7d320       0x20 ../build/x86_Debug/pmc_subtruct.o
 .debug_aranges
                0x6cb7d340       0x20 ../build/x86_Debug/pmc_to.o
 .debug_aranges
                0x6cb7d360       0x20 ../build/x86_Debug/pmc_tostring.o
 .debug_aranges
                0x6cb7d380       0x20 ../build/x86_Debug/TEST_autogenerated.o
 .debug_aranges
                0x6cb7d3a0       0x20 ../build/x86_Debug/TEST_op_Add.o
 .debug_aranges
                0x6cb7d3c0       0x20 ../build/x86_Debug/TEST_op_BitwiseAnd.o
 .debug_aranges
                0x6cb7d3e0       0x20 ../build/x86_Debug/TEST_op_BitwiseOr.o
 .debug_aranges
                0x6cb7d400       0x20 ../build/x86_Debug/TEST_op_Clone.o
 .debug_aranges
                0x6cb7d420       0x20 ../build/x86_Debug/TEST_op_Compare.o
 .debug_aranges
                0x6cb7d440       0x20 ../build/x86_Debug/TEST_op_DivRem.o
 .debug_aranges
                0x6cb7d460       0x20 ../build/x86_Debug/TEST_op_Equals.o
 .debug_aranges
                0x6cb7d480       0x20 ../build/x86_Debug/TEST_op_ExclusiveOr.o
 .debug_aranges
                0x6cb7d4a0       0x20 ../build/x86_Debug/TEST_op_From_To.o
 .debug_aranges
                0x6cb7d4c0       0x20 ../build/x86_Debug/TEST_op_GetNumberType.o
 .debug_aranges
                0x6cb7d4e0       0x20 ../build/x86_Debug/TEST_op_GreatestCommonDivisor.o
 .debug_aranges
                0x6cb7d500       0x20 ../build/x86_Debug/TEST_op_ModPow.o
 .debug_aranges
                0x6cb7d520       0x20 ../build/x86_Debug/TEST_op_Multiply.o
 .debug_aranges
                0x6cb7d540       0x20 ../build/x86_Debug/TEST_op_ParseDN.o
 .debug_aranges
                0x6cb7d560       0x20 ../build/x86_Debug/TEST_op_ParseX.o
 .debug_aranges
                0x6cb7d580       0x20 ../build/x86_Debug/TEST_op_Pow.o
 .debug_aranges
                0x6cb7d5a0       0x20 ../build/x86_Debug/TEST_op_Shift.o
 .debug_aranges
                0x6cb7d5c0       0x20 ../build/x86_Debug/TEST_op_Subtruct.o
 .debug_aranges
                0x6cb7d5e0       0x20 ../build/x86_Debug/TEST_op_ToStringD.o
 .debug_aranges
                0x6cb7d600       0x20 ../build/x86_Debug/TEST_op_ToStringN.o
 .debug_aranges
                0x6cb7d620       0x20 ../build/x86_Debug/TEST_op_ToStringX.o

.zdebug_aranges
 *(.zdebug_aranges)

.debug_pubnames
 *(.debug_pubnames)

.zdebug_pubnames
 *(.zdebug_pubnames)

.debug_pubtypes
 *(.debug_pubtypes)

.zdebug_pubtypes
 *(.zdebug_pubtypes)

.debug_info     0x6cb7e000   0x1c2e00
 *(.debug_info .gnu.linkonce.wi.*)
 .debug_info    0x6cb7e000     0x50af ../build/x86_Debug/cpuid.o
 .debug_info    0x6cb830af     0x5e30 ../build/x86_Debug/debug.o
 .debug_info    0x6cb88edf     0x4d4b ../build/x86_Debug/dllmain.o
 .debug_info    0x6cb8dc2a     0x5ea8 ../build/x86_Debug/INTERNALTEST_op_DivRem.o
 .debug_info    0x6cb93ad2     0x5d97 ../build/x86_Debug/INTERNALTEST_op_Multiply.o
 .debug_info    0x6cb99869     0x6002 ../build/x86_Debug/pmc_add.o
 .debug_info    0x6cb9f86b     0x53c7 ../build/x86_Debug/pmc_bitwiseand.o
 .debug_info    0x6cba4c32     0x5654 ../build/x86_Debug/pmc_bitwiseor.o
 .debug_info    0x6cbaa286     0x4ff9 ../build/x86_Debug/pmc_bytes.o
 .debug_info    0x6cbaf27f     0x4e93 ../build/x86_Debug/pmc_clone.o
 .debug_info    0x6cbb4112     0x534e ../build/x86_Debug/pmc_compare.o
 .debug_info    0x6cbb9460     0x7321 ../build/x86_Debug/pmc_divrem.o
 .debug_info    0x6cbc0781     0x530a ../build/x86_Debug/pmc_equals.o
 .debug_info    0x6cbc5a8b     0x56b2 ../build/x86_Debug/pmc_exclusiveor.o
 .debug_info    0x6cbcb13d     0x50b4 ../build/x86_Debug/pmc_from.o
 .debug_info    0x6cbd01f1     0x4ed9 ../build/x86_Debug/pmc_getpropertyvalue.o
 .debug_info    0x6cbd50ca     0x5a13 ../build/x86_Debug/pmc_greatestcommondivisor.o
 .debug_info    0x6cbdaadd     0x5d1a ../build/x86_Debug/pmc_initialize.o
 .debug_info    0x6cbe07f7     0x5db3 ../build/x86_Debug/pmc_memory.o
 .debug_info    0x6cbe65aa     0x55bb ../build/x86_Debug/pmc_modpow.o
 .debug_info    0x6cbebb65     0x6124 ../build/x86_Debug/pmc_multiply.o
 .debug_info    0x6cbf1c89     0x66fd ../build/x86_Debug/pmc_parse.o
 .debug_info    0x6cbf8386     0x52df ../build/x86_Debug/pmc_pow.o
 .debug_info    0x6cbfd665     0x5697 ../build/x86_Debug/pmc_shift.o
 .debug_info    0x6cc02cfc     0x4d1b ../build/x86_Debug/pmc_statistics.o
 .debug_info    0x6cc07a17     0x5a12 ../build/x86_Debug/pmc_subtruct.o
 .debug_info    0x6cc0d429     0x4f5e ../build/x86_Debug/pmc_to.o
 .debug_info    0x6cc12387     0x62f2 ../build/x86_Debug/pmc_tostring.o
 .debug_info    0x6cc18679    0xb0710 ../build/x86_Debug/TEST_autogenerated.o
 .debug_info    0x6ccc8d89     0x5d64 ../build/x86_Debug/TEST_op_Add.o
 .debug_info    0x6ccceaed     0x5cc9 ../build/x86_Debug/TEST_op_BitwiseAnd.o
 .debug_info    0x6ccd47b6     0x5d7c ../build/x86_Debug/TEST_op_BitwiseOr.o
 .debug_info    0x6ccda532     0x595c ../build/x86_Debug/TEST_op_Clone.o
 .debug_info    0x6ccdfe8e     0x5bce ../build/x86_Debug/TEST_op_Compare.o
 .debug_info    0x6cce5a5c     0x5e40 ../build/x86_Debug/TEST_op_DivRem.o
 .debug_info    0x6cceb89c     0x5bc8 ../build/x86_Debug/TEST_op_Equals.o
 .debug_info    0x6ccf1464     0x5d88 ../build/x86_Debug/TEST_op_ExclusiveOr.o
 .debug_info    0x6ccf71ec     0x5b4e ../build/x86_Debug/TEST_op_From_To.o
 .debug_info    0x6ccfcd3a     0x5892 ../build/x86_Debug/TEST_op_GetNumberType.o
 .debug_info    0x6cd025cc     0x5e1c ../build/x86_Debug/TEST_op_GreatestCommonDivisor.o
 .debug_info    0x6cd083e8     0x5a14 ../build/x86_Debug/TEST_op_ModPow.o
 .debug_info    0x6cd0ddfc     0x5d82 ../build/x86_Debug/TEST_op_Multiply.o
 .debug_info    0x6cd13b7e     0x5b22 ../build/x86_Debug/TEST_op_ParseDN.o
 .debug_info    0x6cd196a0     0x59c3 ../build/x86_Debug/TEST_op_ParseX.o
 .debug_info    0x6cd1f063     0x5988 ../build/x86_Debug/TEST_op_Pow.o
 .debug_info    0x6cd249eb     0x5a39 ../build/x86_Debug/TEST_op_Shift.o
 .debug_info    0x6cd2a424     0x5d56 ../build/x86_Debug/TEST_op_Subtruct.o
 .debug_info    0x6cd3017a     0x5959 ../build/x86_Debug/TEST_op_ToStringD.o
 .debug_info    0x6cd35ad3     0x59be ../build/x86_Debug/TEST_op_ToStringN.o
 .debug_info    0x6cd3b491     0x5959 ../build/x86_Debug/TEST_op_ToStringX.o

.zdebug_info
 *(.zdebug_info .zdebug.gnu.linkonce.wi.*)

.debug_abbrev   0x6cd41000     0x7200
 *(.debug_abbrev)
 .debug_abbrev  0x6cd41000      0x200 ../build/x86_Debug/cpuid.o
 .debug_abbrev  0x6cd41200      0x268 ../build/x86_Debug/debug.o
 .debug_abbrev  0x6cd41468      0x175 ../build/x86_Debug/dllmain.o
 .debug_abbrev  0x6cd415dd      0x213 ../build/x86_Debug/INTERNALTEST_op_DivRem.o
 .debug_abbrev  0x6cd417f0      0x213 ../build/x86_Debug/INTERNALTEST_op_Multiply.o
 .debug_abbrev  0x6cd41a03      0x306 ../build/x86_Debug/pmc_add.o
 .debug_abbrev  0x6cd41d09      0x252 ../build/x86_Debug/pmc_bitwiseand.o
 .debug_abbrev  0x6cd41f5b      0x314 ../build/x86_Debug/pmc_bitwiseor.o
 .debug_abbrev  0x6cd4226f      0x262 ../build/x86_Debug/pmc_bytes.o
 .debug_abbrev  0x6cd424d1      0x195 ../build/x86_Debug/pmc_clone.o
 .debug_abbrev  0x6cd42666      0x294 ../build/x86_Debug/pmc_compare.o
 .debug_abbrev  0x6cd428fa      0x3ea ../build/x86_Debug/pmc_divrem.o
 .debug_abbrev  0x6cd42ce4      0x271 ../build/x86_Debug/pmc_equals.o
 .debug_abbrev  0x6cd42f55      0x314 ../build/x86_Debug/pmc_exclusiveor.o
 .debug_abbrev  0x6cd43269      0x244 ../build/x86_Debug/pmc_from.o
 .debug_abbrev  0x6cd434ad      0x195 ../build/x86_Debug/pmc_getpropertyvalue.o
 .debug_abbrev  0x6cd43642      0x307 ../build/x86_Debug/pmc_greatestcommondivisor.o
 .debug_abbrev  0x6cd43949      0x1fb ../build/x86_Debug/pmc_initialize.o
 .debug_abbrev  0x6cd43b44      0x49b ../build/x86_Debug/pmc_memory.o
 .debug_abbrev  0x6cd43fdf      0x2bd ../build/x86_Debug/pmc_modpow.o
 .debug_abbrev  0x6cd4429c      0x3a3 ../build/x86_Debug/pmc_multiply.o
 .debug_abbrev  0x6cd4463f      0x3d6 ../build/x86_Debug/pmc_parse.o
 .debug_abbrev  0x6cd44a15      0x2d2 ../build/x86_Debug/pmc_pow.o
 .debug_abbrev  0x6cd44ce7      0x2a7 ../build/x86_Debug/pmc_shift.o
 .debug_abbrev  0x6cd44f8e      0x18a ../build/x86_Debug/pmc_statistics.o
 .debug_abbrev  0x6cd45118      0x305 ../build/x86_Debug/pmc_subtruct.o
 .debug_abbrev  0x6cd4541d      0x1af ../build/x86_Debug/pmc_to.o
 .debug_abbrev  0x6cd455cc      0x3d6 ../build/x86_Debug/pmc_tostring.o
 .debug_abbrev  0x6cd459a2      0x1f2 ../build/x86_Debug/TEST_autogenerated.o
 .debug_abbrev  0x6cd45b94      0x1d8 ../build/x86_Debug/TEST_op_Add.o
 .debug_abbrev  0x6cd45d6c      0x1d8 ../build/x86_Debug/TEST_op_BitwiseAnd.o
 .debug_abbrev  0x6cd45f44      0x1d8 ../build/x86_Debug/TEST_op_BitwiseOr.o
 .debug_abbrev  0x6cd4611c      0x1b6 ../build/x86_Debug/TEST_op_Clone.o
 .debug_abbrev  0x6cd462d2      0x1d8 ../build/x86_Debug/TEST_op_Compare.o
 .debug_abbrev  0x6cd464aa      0x1fa ../build/x86_Debug/TEST_op_DivRem.o
 .debug_abbrev  0x6cd466a4      0x1d8 ../build/x86_Debug/TEST_op_Equals.o
 .debug_abbrev  0x6cd4687c      0x1d8 ../build/x86_Debug/TEST_op_ExclusiveOr.o
 .debug_abbrev  0x6cd46a54      0x1d8 ../build/x86_Debug/TEST_op_From_To.o
 .debug_abbrev  0x6cd46c2c      0x19c ../build/x86_Debug/TEST_op_GetNumberType.o
 .debug_abbrev  0x6cd46dc8      0x1e9 ../build/x86_Debug/TEST_op_GreatestCommonDivisor.o
 .debug_abbrev  0x6cd46fb1      0x1c7 ../build/x86_Debug/TEST_op_ModPow.o
 .debug_abbrev  0x6cd47178      0x1d8 ../build/x86_Debug/TEST_op_Multiply.o
 .debug_abbrev  0x6cd47350      0x209 ../build/x86_Debug/TEST_op_ParseDN.o
 .debug_abbrev  0x6cd47559      0x1d6 ../build/x86_Debug/TEST_op_ParseX.o
 .debug_abbrev  0x6cd4772f      0x1bf ../build/x86_Debug/TEST_op_Pow.o
 .debug_abbrev  0x6cd478ee      0x1d8 ../build/x86_Debug/TEST_op_Shift.o
 .debug_abbrev  0x6cd47ac6      0x1d8 ../build/x86_Debug/TEST_op_Subtruct.o
 .debug_abbrev  0x6cd47c9e      0x1c3 ../build/x86_Debug/TEST_op_ToStringD.o
 .debug_abbrev  0x6cd47e61      0x1c3 ../build/x86_Debug/TEST_op_ToStringN.o
 .debug_abbrev  0x6cd48024      0x1c3 ../build/x86_Debug/TEST_op_ToStringX.o

.zdebug_abbrev
 *(.zdebug_abbrev)

.debug_line     0x6cd49000    0x32c00
 *(.debug_line)
 .debug_line    0x6cd49000      0x3a9 ../build/x86_Debug/cpuid.o
 .debug_line    0x6cd493a9      0x33b ../build/x86_Debug/debug.o
 .debug_line    0x6cd496e4      0x24e ../build/x86_Debug/dllmain.o
 .debug_line    0x6cd49932      0x428 ../build/x86_Debug/INTERNALTEST_op_DivRem.o
 .debug_line    0x6cd49d5a      0x3a1 ../build/x86_Debug/INTERNALTEST_op_Multiply.o
 .debug_line    0x6cd4a0fb      0x87c ../build/x86_Debug/pmc_add.o
 .debug_line    0x6cd4a977      0x8a1 ../build/x86_Debug/pmc_bitwiseand.o
 .debug_line    0x6cd4b218      0x9de ../build/x86_Debug/pmc_bitwiseor.o
 .debug_line    0x6cd4bbf6      0x3ab ../build/x86_Debug/pmc_bytes.o
 .debug_line    0x6cd4bfa1      0x281 ../build/x86_Debug/pmc_clone.o
 .debug_line    0x6cd4c222      0x550 ../build/x86_Debug/pmc_compare.o
 .debug_line    0x6cd4c772     0x13a8 ../build/x86_Debug/pmc_divrem.o
 .debug_line    0x6cd4db1a      0x452 ../build/x86_Debug/pmc_equals.o
 .debug_line    0x6cd4df6c      0xa15 ../build/x86_Debug/pmc_exclusiveor.o
 .debug_line    0x6cd4e981      0x351 ../build/x86_Debug/pmc_from.o
 .debug_line    0x6cd4ecd2      0x293 ../build/x86_Debug/pmc_getpropertyvalue.o
 .debug_line    0x6cd4ef65      0x82d ../build/x86_Debug/pmc_greatestcommondivisor.o
 .debug_line    0x6cd4f792      0x3b5 ../build/x86_Debug/pmc_initialize.o
 .debug_line    0x6cd4fb47      0xaa6 ../build/x86_Debug/pmc_memory.o
 .debug_line    0x6cd505ed      0x75d ../build/x86_Debug/pmc_modpow.o
 .debug_line    0x6cd50d4a      0x9e0 ../build/x86_Debug/pmc_multiply.o
 .debug_line    0x6cd5172a     0x12cc ../build/x86_Debug/pmc_parse.o
 .debug_line    0x6cd529f6      0x4af ../build/x86_Debug/pmc_pow.o
 .debug_line    0x6cd52ea5     0x17ec ../build/x86_Debug/pmc_shift.o
 .debug_line    0x6cd54691      0x21c ../build/x86_Debug/pmc_statistics.o
 .debug_line    0x6cd548ad      0x7f6 ../build/x86_Debug/pmc_subtruct.o
 .debug_line    0x6cd550a3      0x2e7 ../build/x86_Debug/pmc_to.o
 .debug_line    0x6cd5538a      0xb23 ../build/x86_Debug/pmc_tostring.o
 .debug_line    0x6cd55ead    0x21382 ../build/x86_Debug/TEST_autogenerated.o
 .debug_line    0x6cd7722f      0x476 ../build/x86_Debug/TEST_op_Add.o
 .debug_line    0x6cd776a5      0x3e3 ../build/x86_Debug/TEST_op_BitwiseAnd.o
 .debug_line    0x6cd77a88      0x47c ../build/x86_Debug/TEST_op_BitwiseOr.o
 .debug_line    0x6cd77f04      0x2a6 ../build/x86_Debug/TEST_op_Clone.o
 .debug_line    0x6cd781aa      0x387 ../build/x86_Debug/TEST_op_Compare.o
 .debug_line    0x6cd78531      0x49b ../build/x86_Debug/TEST_op_DivRem.o
 .debug_line    0x6cd789cc      0x386 ../build/x86_Debug/TEST_op_Equals.o
 .debug_line    0x6cd78d52      0x483 ../build/x86_Debug/TEST_op_ExclusiveOr.o
 .debug_line    0x6cd791d5      0x365 ../build/x86_Debug/TEST_op_From_To.o
 .debug_line    0x6cd7953a      0x25e ../build/x86_Debug/TEST_op_GetNumberType.o
 .debug_line    0x6cd79798      0x49c ../build/x86_Debug/TEST_op_GreatestCommonDivisor.o
 .debug_line    0x6cd79c34      0x2ee ../build/x86_Debug/TEST_op_ModPow.o
 .debug_line    0x6cd79f22      0x47b ../build/x86_Debug/TEST_op_Multiply.o
 .debug_line    0x6cd7a39d      0x314 ../build/x86_Debug/TEST_op_ParseDN.o
 .debug_line    0x6cd7a6b1      0x2ae ../build/x86_Debug/TEST_op_ParseX.o
 .debug_line    0x6cd7a95f      0x2a7 ../build/x86_Debug/TEST_op_Pow.o
 .debug_line    0x6cd7ac06      0x311 ../build/x86_Debug/TEST_op_Shift.o
 .debug_line    0x6cd7af17      0x444 ../build/x86_Debug/TEST_op_Subtruct.o
 .debug_line    0x6cd7b35b      0x282 ../build/x86_Debug/TEST_op_ToStringD.o
 .debug_line    0x6cd7b5dd      0x283 ../build/x86_Debug/TEST_op_ToStringN.o
 .debug_line    0x6cd7b860      0x282 ../build/x86_Debug/TEST_op_ToStringX.o

.zdebug_line
 *(.zdebug_line)

.debug_frame
 *(.debug_frame*)

.zdebug_frame
 *(.zdebug_frame*)

.debug_str      0x6cd7c000     0x1000
 *(.debug_str)
 .debug_str     0x6cd7c000       0x29 ../build/x86_Debug/cpuid.o
 .debug_str     0x6cd7c029       0x13 ../build/x86_Debug/debug.o
 .debug_str     0x6cd7c03c        0x9 ../build/x86_Debug/dllmain.o
 .debug_str     0x6cd7c045        0x9 ../build/x86_Debug/INTERNALTEST_op_DivRem.o
 .debug_str     0x6cd7c04e        0x9 ../build/x86_Debug/INTERNALTEST_op_Multiply.o
 .debug_str     0x6cd7c057       0x57 ../build/x86_Debug/pmc_add.o
 .debug_str     0x6cd7c0ae       0x10 ../build/x86_Debug/pmc_bitwiseand.o
 .debug_str     0x6cd7c0be       0x63 ../build/x86_Debug/pmc_bitwiseor.o
 .debug_str     0x6cd7c121        0xf ../build/x86_Debug/pmc_bytes.o
 .debug_str     0x6cd7c130        0x9 ../build/x86_Debug/pmc_clone.o
 .debug_str     0x6cd7c139       0x2f ../build/x86_Debug/pmc_compare.o
 .debug_str     0x6cd7c168       0xe4 ../build/x86_Debug/pmc_divrem.o
 .debug_str     0x6cd7c24c       0x28 ../build/x86_Debug/pmc_equals.o
 .debug_str     0x6cd7c274       0x50 ../build/x86_Debug/pmc_exclusiveor.o
 .debug_str     0x6cd7c2c4       0x1d ../build/x86_Debug/pmc_from.o
 .debug_str     0x6cd7c2e1        0x9 ../build/x86_Debug/pmc_getpropertyvalue.o
 .debug_str     0x6cd7c2ea       0xb9 ../build/x86_Debug/pmc_greatestcommondivisor.o
 .debug_str     0x6cd7c3a3       0x7c ../build/x86_Debug/pmc_initialize.o
 .debug_str     0x6cd7c41f       0x62 ../build/x86_Debug/pmc_memory.o
 .debug_str     0x6cd7c481       0x60 ../build/x86_Debug/pmc_modpow.o
 .debug_str     0x6cd7c4e1       0x9b ../build/x86_Debug/pmc_multiply.o
 .debug_str     0x6cd7c57c       0xdd ../build/x86_Debug/pmc_parse.o
 .debug_str     0x6cd7c659       0x1d ../build/x86_Debug/pmc_pow.o
 .debug_str     0x6cd7c676       0x90 ../build/x86_Debug/pmc_shift.o
 .debug_str     0x6cd7c706        0x9 ../build/x86_Debug/pmc_statistics.o
 .debug_str     0x6cd7c70f       0x7e ../build/x86_Debug/pmc_subtruct.o
 .debug_str     0x6cd7c78d        0x9 ../build/x86_Debug/pmc_to.o
 .debug_str     0x6cd7c796       0x97 ../build/x86_Debug/pmc_tostring.o
 .debug_str     0x6cd7c82d        0x9 ../build/x86_Debug/TEST_autogenerated.o
 .debug_str     0x6cd7c836       0xca ../build/x86_Debug/TEST_op_Add.o
 .debug_str     0x6cd7c900       0x4b ../build/x86_Debug/TEST_op_BitwiseAnd.o
 .debug_str     0x6cd7c94b       0x81 ../build/x86_Debug/TEST_op_BitwiseOr.o
 .debug_str     0x6cd7c9cc        0x9 ../build/x86_Debug/TEST_op_Clone.o
 .debug_str     0x6cd7c9d5       0x5e ../build/x86_Debug/TEST_op_Compare.o
 .debug_str     0x6cd7ca33       0xbb ../build/x86_Debug/TEST_op_DivRem.o
 .debug_str     0x6cd7caee       0x5e ../build/x86_Debug/TEST_op_Equals.o
 .debug_str     0x6cd7cb4c       0x81 ../build/x86_Debug/TEST_op_ExclusiveOr.o
 .debug_str     0x6cd7cbcd       0x45 ../build/x86_Debug/TEST_op_From_To.o
 .debug_str     0x6cd7cc12        0x9 ../build/x86_Debug/TEST_op_GetNumberType.o
 .debug_str     0x6cd7cc1b       0xde ../build/x86_Debug/TEST_op_GreatestCommonDivisor.o
 .debug_str     0x6cd7ccf9        0x9 ../build/x86_Debug/TEST_op_ModPow.o
 .debug_str     0x6cd7cd02       0xca ../build/x86_Debug/TEST_op_Multiply.o
 .debug_str     0x6cd7cdcc       0x5e ../build/x86_Debug/TEST_op_ParseDN.o
 .debug_str     0x6cd7ce2a        0x9 ../build/x86_Debug/TEST_op_ParseX.o
 .debug_str     0x6cd7ce33        0x9 ../build/x86_Debug/TEST_op_Pow.o
 .debug_str     0x6cd7ce3c       0x66 ../build/x86_Debug/TEST_op_Shift.o
 .debug_str     0x6cd7cea2       0xa8 ../build/x86_Debug/TEST_op_Subtruct.o
 .debug_str     0x6cd7cf4a        0x9 ../build/x86_Debug/TEST_op_ToStringD.o
 .debug_str     0x6cd7cf53        0x9 ../build/x86_Debug/TEST_op_ToStringN.o
 .debug_str     0x6cd7cf5c        0x9 ../build/x86_Debug/TEST_op_ToStringX.o

.zdebug_str
 *(.zdebug_str)

.debug_loc
 *(.debug_loc)

.zdebug_loc
 *(.zdebug_loc)

.debug_macinfo
 *(.debug_macinfo)

.zdebug_macinfo
 *(.zdebug_macinfo)

.debug_weaknames
 *(.debug_weaknames)

.zdebug_weaknames
 *(.zdebug_weaknames)

.debug_funcnames
 *(.debug_funcnames)

.zdebug_funcnames
 *(.zdebug_funcnames)

.debug_typenames
 *(.debug_typenames)

.zdebug_typenames
 *(.zdebug_typenames)

.debug_varnames
 *(.debug_varnames)

.zdebug_varnames
 *(.zdebug_varnames)

.debug_macro
 *(.debug_macro)

.zdebug_macro
 *(.zdebug_macro)

.debug_ranges   0x6cd7d000      0x200
 *(.debug_ranges)
 .debug_ranges  0x6cd7d000       0xc8 ../build/x86_Debug/pmc_compare.o
 .debug_ranges  0x6cd7d0c8       0x30 ../build/x86_Debug/pmc_divrem.o
 .debug_ranges  0x6cd7d0f8       0x60 ../build/x86_Debug/pmc_subtruct.o

.zdebug_ranges
 *(.zdebug_ranges)

.debug_types
 *(.debug_types .gnu.linkonce.wt.*)

.zdebug_types
 *(.zdebug_types .gnu.linkonce.wt.*)

.debug_gdb_scripts
 *(.debug_gdb_scripts)

.zdebug_gdb_scripts
 *(.zdebug_gdb_scripts)
OUTPUT(../../dist/x86_Debug/Palmtree.Math.Core.Uint.dll pei-i386)
LOAD dll stuff
