 Palmtree.Math.Core.Uint

 Timestamp is 5c59ac43 (Wed Feb  6 00:31:15 2019)

 Preferred load address is 0000000180000000

 Start         Length     Name                   Class
 0001:00000000 00013170H .text$mn                CODE
 0001:00013170 00000012H .text$mn$00             CODE
 0001:00013182 00000081H .text$x                 CODE
 0002:00000000 00000148H .idata$5                DATA
 0002:00000148 00000010H .00cfg                  DATA
 0002:00000158 00000008H .CRT$XCA                DATA
 0002:00000160 00000008H .CRT$XCZ                DATA
 0002:00000168 00000008H .CRT$XIA                DATA
 0002:00000170 00000008H .CRT$XIZ                DATA
 0002:00000178 00000008H .CRT$XPA                DATA
 0002:00000180 00000008H .CRT$XPZ                DATA
 0002:00000188 00000008H .CRT$XTA                DATA
 0002:00000190 00000010H .CRT$XTZ                DATA
 0002:00000198 00000000H .gfids$y                DATA
 0002:000001a0 00000190H .rdata                  DATA
 0002:00000330 000002e0H .rdata$zzzdbg           DATA
 0002:00000610 00000008H .rtc$IAA                DATA
 0002:00000618 00000008H .rtc$IZZ                DATA
 0002:00000620 00000008H .rtc$TAA                DATA
 0002:00000628 00000008H .rtc$TZZ                DATA
 0002:00000630 00000f00H .xdata                  DATA
 0002:00001530 00000074H .edata                  DATA
 0002:000015a4 0000003cH .idata$2                DATA
 0002:000015e0 00000018H .idata$3                DATA
 0002:000015f8 00000148H .idata$4                DATA
 0002:00001740 0000033eH .idata$6                DATA
 0003:00000000 000000c0H .data                   DATA
 0003:000000c0 00000948H .bss                    DATA
 0004:00000000 00000b10H .pdata                  DATA
 0005:00000000 000000a0H .rsrc$01                DATA
 0005:000000a0 000004a0H .rsrc$02                DATA

  Address         Publics by Value              Rva+Base               Lib:Object

 0000:00000000       __guard_fids_table         0000000000000000     <absolute>
 0000:00000000       __guard_iat_count          0000000000000000     <absolute>
 0000:00000000       __dynamic_value_reloc_table 0000000000000000     <absolute>
 0000:00000000       __enclave_config           0000000000000000     <absolute>
 0000:00000000       __hybrid_code_map          0000000000000000     <absolute>
 0000:00000000       ___safe_se_handler_count   0000000000000000     <absolute>
 0000:00000000       __guard_longjmp_count      0000000000000000     <absolute>
 0000:00000000       __volatile_metadata        0000000000000000     <absolute>
 0000:00000000       __hybrid_code_map_count    0000000000000000     <absolute>
 0000:00000000       ___safe_se_handler_table   0000000000000000     <absolute>
 0000:00000000       __hybrid_auxiliary_iat     0000000000000000     <absolute>
 0000:00000000       __guard_iat_table          0000000000000000     <absolute>
 0000:00000000       __guard_fids_count         0000000000000000     <absolute>
 0000:00000000       __guard_longjmp_table      0000000000000000     <absolute>
 0000:00000100       __guard_flags              0000000000000100     <absolute>
 0000:00000000       __ImageBase                0000000180000000     <linker-defined>
 0001:00000000       GetCPUInfo                 0000000180001000 f   cpuid.obj
 0001:000000b0       DoDebug                    00000001800010b0 f   debug.obj
 0001:000000c0       DllMain                    00000001800010c0 f   dllmain.obj
 0001:00000100       AllocateBlock              0000000180001100 f   pmc_memory.obj
 0001:00000180       AllocateHeapArea           0000000180001180 f   pmc_memory.obj
 0001:000001b0       AllocateNumber             00000001800011b0 f   pmc_memory.obj
 0001:00000220       AttatchNumber              0000000180001220 f   pmc_memory.obj
 0001:000004d0       CheckBlockLight            00000001800014d0 f   pmc_memory.obj
 0001:000004e0       CheckNumber                00000001800014e0 f   pmc_memory.obj
 0001:00000560       CommitNumber               0000000180001560 f   pmc_memory.obj
 0001:000006d0       DeallocateBlock            00000001800016d0 f   pmc_memory.obj
 0001:00000720       DeallocateHeapArea         0000000180001720 f   pmc_memory.obj
 0001:00000750       DeallocateNumber           0000000180001750 f   pmc_memory.obj
 0001:000007b0       DetatchNumber              00000001800017b0 f   pmc_memory.obj
 0001:000007c0       DuplicateNumber            00000001800017c0 f   pmc_memory.obj
 0001:00000950       Initialize_Memory          0000000180001950 f   pmc_memory.obj
 0001:00000ab0       PMC_Dispose                0000000180001ab0 f   pmc_memory.obj
 0001:00001160       Initialize_Add             0000000180002160 f   pmc_add.obj
 0001:00001180       PMC_Add_I_X                0000000180002180 f   pmc_add.obj
 0001:000011e0       PMC_Add_L_X                00000001800021e0 f   pmc_add.obj
 0001:00001240       PMC_Add_X_I                0000000180002240 f   pmc_add.obj
 0001:000013e0       PMC_Add_X_L                00000001800023e0 f   pmc_add.obj
 0001:00001580       PMC_Add_X_X                0000000180002580 f   pmc_add.obj
 0001:00001e90       Initialize_BitwiseAnd      0000000180002e90 f   pmc_bitwiseand.obj
 0001:00001ea0       PMC_BitwiseAnd_I_X         0000000180002ea0 f   pmc_bitwiseand.obj
 0001:00001f20       PMC_BitwiseAnd_L_X         0000000180002f20 f   pmc_bitwiseand.obj
 0001:00001fb0       PMC_BitwiseAnd_X_I         0000000180002fb0 f   pmc_bitwiseand.obj
 0001:00002030       PMC_BitwiseAnd_X_L         0000000180003030 f   pmc_bitwiseand.obj
 0001:000020b0       PMC_BitwiseAnd_X_X         00000001800030b0 f   pmc_bitwiseand.obj
 0001:000024f0       Initialize_BitwiseOr       00000001800034f0 f   pmc_bitwiseor.obj
 0001:00002500       PMC_BitwiseOr_I_X          0000000180003500 f   pmc_bitwiseor.obj
 0001:00002560       PMC_BitwiseOr_L_X          0000000180003560 f   pmc_bitwiseor.obj
 0001:000025c0       PMC_BitwiseOr_X_I          00000001800035c0 f   pmc_bitwiseor.obj
 0001:00002710       PMC_BitwiseOr_X_L          0000000180003710 f   pmc_bitwiseor.obj
 0001:00002870       PMC_BitwiseOr_X_X          0000000180003870 f   pmc_bitwiseor.obj
 0001:00002990       PMC_FromByteArray          0000000180003990 f   pmc_bytes.obj
 0001:00002a70       PMC_ToByteArray            0000000180003a70 f   pmc_bytes.obj
 0001:00002b10       Initialize_Clone           0000000180003b10 f   pmc_clone.obj
 0001:00002b20       PMC_Clone_X                0000000180003b20 f   pmc_clone.obj
 0001:00002ba0       Compare_Imp                0000000180003ba0 f   pmc_compare.obj
 0001:00002bf0       Initialize_Compare         0000000180003bf0 f   pmc_compare.obj
 0001:00002c00       PMC_Compare_I_X            0000000180003c00 f   pmc_compare.obj
 0001:00002cf0       PMC_Compare_L_X            0000000180003cf0 f   pmc_compare.obj
 0001:00002de0       PMC_Compare_X_I            0000000180003de0 f   pmc_compare.obj
 0001:00002e80       PMC_Compare_X_L            0000000180003e80 f   pmc_compare.obj
 0001:00002f20       PMC_Compare_X_X            0000000180003f20 f   pmc_compare.obj
 0001:00003720       DivRem_X_1W                0000000180004720 f   pmc_divrem.obj
 0001:00003d40       DivRem_X_X                 0000000180004d40 f   pmc_divrem.obj
 0001:000043f0       Initialize_DivRem          00000001800053f0 f   pmc_divrem.obj
 0001:00004420       PMC_DivRem_I_X             0000000180005420 f   pmc_divrem.obj
 0001:000044f0       PMC_DivRem_L_X             00000001800054f0 f   pmc_divrem.obj
 0001:00004700       PMC_DivRem_X_I             0000000180005700 f   pmc_divrem.obj
 0001:00004890       PMC_DivRem_X_L             0000000180005890 f   pmc_divrem.obj
 0001:00004b50       PMC_DivRem_X_X             0000000180005b50 f   pmc_divrem.obj
 0001:00006920       Equals_X_X                 0000000180007920 f   pmc_equals.obj
 0001:00006950       Initialize_Equals          0000000180007950 f   pmc_equals.obj
 0001:00006960       PMC_Equals_I_X             0000000180007960 f   pmc_equals.obj
 0001:000069c0       PMC_Equals_L_X             00000001800079c0 f   pmc_equals.obj
 0001:00006a20       PMC_Equals_X_I             0000000180007a20 f   pmc_equals.obj
 0001:00006ae0       PMC_Equals_X_L             0000000180007ae0 f   pmc_equals.obj
 0001:00006ba0       PMC_Equals_X_X             0000000180007ba0 f   pmc_equals.obj
 0001:00006fc0       Initialize_ExclusiveOr     0000000180007fc0 f   pmc_exclusiveor.obj
 0001:00006fd0       PMC_ExclusiveOr_I_X        0000000180007fd0 f   pmc_exclusiveor.obj
 0001:00007030       PMC_ExclusiveOr_L_X        0000000180008030 f   pmc_exclusiveor.obj
 0001:00007090       PMC_ExclusiveOr_X_I        0000000180008090 f   pmc_exclusiveor.obj
 0001:00007200       PMC_ExclusiveOr_X_L        0000000180008200 f   pmc_exclusiveor.obj
 0001:00007380       PMC_ExclusiveOr_X_X        0000000180008380 f   pmc_exclusiveor.obj
 0001:000074d0       From_I_Imp                 00000001800084d0 f   pmc_from.obj
 0001:00007530       From_L_Imp                 0000000180008530 f   pmc_from.obj
 0001:00007590       Initialize_From            0000000180008590 f   pmc_from.obj
 0001:000075a0       PMC_From_I                 00000001800085a0 f   pmc_from.obj
 0001:00007620       PMC_From_L                 0000000180008620 f   pmc_from.obj
 0001:000076a0       Initialize_GetPropertyValue 00000001800086a0 f   pmc_getpropertyvalue.obj
 0001:000076b0       PMC_GetPropertyValue_X_I   00000001800086b0 f   pmc_getpropertyvalue.obj
 0001:00007890       Initialize_GreatestCommonDivisor 0000000180008890 f   pmc_greatestcommondivisor.obj
 0001:000078a0       PMC_GreatestCommonDivisor_I_X 00000001800088a0 f   pmc_greatestcommondivisor.obj
 0001:00007900       PMC_GreatestCommonDivisor_L_X 0000000180008900 f   pmc_greatestcommondivisor.obj
 0001:00007960       PMC_GreatestCommonDivisor_X_I 0000000180008960 f   pmc_greatestcommondivisor.obj
 0001:00007c40       PMC_GreatestCommonDivisor_X_L 0000000180008c40 f   pmc_greatestcommondivisor.obj
 0001:00007f10       PMC_GreatestCommonDivisor_X_X 0000000180008f10 f   pmc_greatestcommondivisor.obj
 0001:000081a0       PMC_UINT_Initialize        00000001800091a0 f   pmc_initialize.obj
 0001:00008700       Initialize_ModPow          0000000180009700 f   pmc_modpow.obj
 0001:00008e90       PMC_ModPow_X_X_X           0000000180009e90 f   pmc_modpow.obj
 0001:00009140       Initialize_Multiply        000000018000a140 f   pmc_multiply.obj
 0001:0000aab0       Multiply_X_X_Imp           000000018000bab0 f   pmc_multiply.obj
 0001:0000abe0       PMC_Multiply_I_X           000000018000bbe0 f   pmc_multiply.obj
 0001:0000ac40       PMC_Multiply_L_X           000000018000bc40 f   pmc_multiply.obj
 0001:0000aca0       PMC_Multiply_X_I           000000018000bca0 f   pmc_multiply.obj
 0001:0000ae00       PMC_Multiply_X_L           000000018000be00 f   pmc_multiply.obj
 0001:0000af60       PMC_Multiply_X_X           000000018000bf60 f   pmc_multiply.obj
 0001:0000b510       Initialize_Parse           000000018000c510 f   pmc_parse.obj
 0001:0000c8d0       PMC_TryParse               000000018000d8d0 f   pmc_parse.obj
 0001:0000d920       Initialize_Pow             000000018000e920 f   pmc_pow.obj
 0001:0000d930       PMC_Pow_X_I                000000018000e930 f   pmc_pow.obj
 0001:0000dc70       Initialize_Shift           000000018000ec70 f   pmc_shift.obj
 0001:0000dc80       LeftShift_Imp              000000018000ec80 f   pmc_shift.obj
 0001:0000e460       LeftShift_Imp_DIV          000000018000f460 f   pmc_shift.obj
 0001:0000ea90       PMC_LeftShift_X_I          000000018000fa90 f   pmc_shift.obj
 0001:0000ebb0       PMC_LeftShift_X_L          000000018000fbb0 f   pmc_shift.obj
 0001:0000ecd0       PMC_RightShift_X_I         000000018000fcd0 f   pmc_shift.obj
 0001:0000edf0       PMC_RightShift_X_L         000000018000fdf0 f   pmc_shift.obj
 0001:0000ef10       RightShift_Imp             000000018000ff10 f   pmc_shift.obj
 0001:0000f6f0       RightShift_Imp_DIV         00000001800106f0 f   pmc_shift.obj
 0001:0000fd30       PMC_GetStatisticsInfo      0000000180010d30 f   pmc_statistics.obj
 0001:0000fd60       Initialize_Subtruct        0000000180010d60 f   pmc_subtruct.obj
 0001:0000fd70       PMC_Subtruct_I_X           0000000180010d70 f   pmc_subtruct.obj
 0001:0000fe50       PMC_Subtruct_L_X           0000000180010e50 f   pmc_subtruct.obj
 0001:0000ff20       PMC_Subtruct_X_I           0000000180010f20 f   pmc_subtruct.obj
 0001:000100b0       PMC_Subtruct_X_L           00000001800110b0 f   pmc_subtruct.obj
 0001:00010240       PMC_Subtruct_X_X           0000000180011240 f   pmc_subtruct.obj
 0001:000103d0       Subtruct_Imp               00000001800113d0 f   pmc_subtruct.obj
 0001:00010900       Initialize_To              0000000180011900 f   pmc_to.obj
 0001:00010910       PMC_To_X_I                 0000000180011910 f   pmc_to.obj
 0001:00010970       PMC_To_X_L                 0000000180011970 f   pmc_to.obj
 0001:000109e0       Initialize_ToString        00000001800119e0 f   pmc_tostring.obj
 0001:00010b30       PMC_ToString               0000000180011b30 f   pmc_tostring.obj
 0001:00011d4e       HeapCreate                 0000000180012d4e f   kernel32:KERNEL32.dll
 0001:00011d54       HeapDestroy                0000000180012d54 f   kernel32:KERNEL32.dll
 0001:00011d5a       HeapAlloc                  0000000180012d5a f   kernel32:KERNEL32.dll
 0001:00011d60       HeapFree                   0000000180012d60 f   kernel32:KERNEL32.dll
 0001:00011d66       lstrcpyA                   0000000180012d66 f   kernel32:KERNEL32.dll
 0001:00011d6c       lstrcpyW                   0000000180012d6c f   kernel32:KERNEL32.dll
 0001:00011d72       lstrlenW                   0000000180012d72 f   kernel32:KERNEL32.dll
 0001:00011d78       __GSHandlerCheck           0000000180012d78 f   MSVCRT:gshandler.obj
 0001:00011d98       __GSHandlerCheckCommon     0000000180012d98 f   MSVCRT:gshandler.obj
 0001:00011e10       __security_check_cookie    0000000180012e10 f   MSVCRT:amdsecgs.obj
 0001:00012180       _CRT_INIT                  0000000180013180 f   MSVCRT:dll_dllmain.obj
 0001:00012188       _DllMainCRTStartup         0000000180013188 f   MSVCRT:dll_dllmain.obj
 0001:000121c8       __raise_securityfailure    00000001800131c8 f   MSVCRT:gs_report.obj
 0001:000121fc       __report_gsfailure         00000001800131fc f   MSVCRT:gs_report.obj
 0001:000122d0       __report_rangecheckfailure 00000001800132d0 f   MSVCRT:gs_report.obj
 0001:000122e4       __report_securityfailure   00000001800132e4 f   MSVCRT:gs_report.obj
 0001:00012380       __report_securityfailureEx 0000000180013380 f   MSVCRT:gs_report.obj
 0001:000125e0       __security_init_cookie     00000001800135e0 f   MSVCRT:gs_support.obj
 0001:0001268c       ?__scrt_initialize_type_info@@YAXXZ 000000018001368c f   MSVCRT:tncleanup.obj
 0001:0001269c       ?__scrt_uninitialize_type_info@@YAXXZ 000000018001369c f   MSVCRT:tncleanup.obj
 0001:000126a8       __local_stdio_printf_options 00000001800136a8 f i MSVCRT:default_local_stdio_options.obj
 0001:000126b0       __local_stdio_scanf_options 00000001800136b0 f i MSVCRT:default_local_stdio_options.obj
 0001:000126b8       __scrt_initialize_default_local_stdio_options 00000001800136b8 f   MSVCRT:default_local_stdio_options.obj
 0001:000126d4       ??$__crt_fast_decode_pointer@PEAP6AXXZ@@YAPEAP6AXXZQEAP6AXXZ@Z 00000001800136d4 f i MSVCRT:utility.obj
 0001:000126ec       ??$__crt_fast_encode_pointer@PEAP6AXXZ@@YAPEAP6AXXZQEAP6AXXZ@Z 00000001800136ec f i MSVCRT:utility.obj
 0001:0001270c       ?__crt_rotate_pointer_value@@YA_K_KH@Z 000000018001370c f i MSVCRT:utility.obj
 0001:00012718       ?configure_argv@__scrt_narrow_argv_policy@@SAHXZ 0000000180013718 f i MSVCRT:utility.obj
 0001:00012778       ?initialize_environment@__scrt_narrow_environment_policy@@SAHXZ 0000000180013778 f i MSVCRT:utility.obj
 0001:000127b0       NtCurrentTeb               00000001800137b0 f i MSVCRT:utility.obj
 0001:000127bc       __scrt_acquire_startup_lock 00000001800137bc f   MSVCRT:utility.obj
 0001:000127f8       __scrt_dllmain_after_initialize_c 00000001800137f8 f   MSVCRT:utility.obj
 0001:0001282c       __scrt_dllmain_before_initialize_c 000000018001382c f   MSVCRT:utility.obj
 0001:00012844       __scrt_dllmain_crt_thread_attach 0000000180013844 f   MSVCRT:utility.obj
 0001:0001286c       __scrt_dllmain_crt_thread_detach 000000018001386c f   MSVCRT:utility.obj
 0001:00012884       __scrt_dllmain_exception_filter 0000000180013884 f   MSVCRT:utility.obj
 0001:000128e4       __scrt_dllmain_uninitialize_c 00000001800138e4 f   MSVCRT:utility.obj
 0001:00012914       __scrt_dllmain_uninitialize_critical 0000000180013914 f   MSVCRT:utility.obj
 0001:00012928       __scrt_initialize_crt      0000000180013928 f   MSVCRT:utility.obj
 0001:00012974       __scrt_initialize_onexit_tables 0000000180013974 f   MSVCRT:utility.obj
 0001:00012a4c       __scrt_is_nonwritable_in_current_image 0000000180013a4c f   MSVCRT:utility.obj
 0001:00012ae8       __scrt_release_startup_lock 0000000180013ae8 f   MSVCRT:utility.obj
 0001:00012b0c       __scrt_uninitialize_crt    0000000180013b0c f   MSVCRT:utility.obj
 0001:00012b38       _onexit                    0000000180013b38 f   MSVCRT:utility.obj
 0001:00012b88       at_quick_exit              0000000180013b88 f   MSVCRT:utility.obj
 0001:00012bc0       atexit                     0000000180013bc0 f   MSVCRT:utility.obj
 0001:00012bd8       __scrt_get_dyn_tls_init_callback 0000000180013bd8 f   MSVCRT:dyn_tls_init.obj
 0001:00012be0       __crt_debugger_hook        0000000180013be0 f   MSVCRT:utility_desktop.obj
 0001:00012be8       __scrt_fastfail            0000000180013be8 f   MSVCRT:utility_desktop.obj
 0001:00012d34       __scrt_get_show_window_mode 0000000180013d34 f   MSVCRT:utility_desktop.obj
 0001:00012d70       __scrt_initialize_mta      0000000180013d70 f   MSVCRT:utility_desktop.obj
 0001:00012d78       __scrt_initialize_winrt    0000000180013d78 f   MSVCRT:utility_desktop.obj
 0001:00012d7c       __scrt_is_managed_app      0000000180013d7c f   MSVCRT:utility_desktop.obj
 0001:00012dd0       __scrt_set_unhandled_exception_filter 0000000180013dd0 f   MSVCRT:utility_desktop.obj
 0001:00012de0       __scrt_exe_initialize_mta  0000000180013de0 f   MSVCRT:utility_desktop.obj
 0001:00012de0       __scrt_stub_for_initialize_mta 0000000180013de0 f   MSVCRT:utility_desktop.obj
 0001:00012de4       __scrt_unhandled_exception_filter 0000000180013de4 f   MSVCRT:utility_desktop.obj
 0001:00012e1c       _RTC_Initialize            0000000180013e1c f   MSVCRT:initsect.obj
 0001:00012e58       _RTC_Terminate             0000000180013e58 f   MSVCRT:initsect.obj
 0001:00012e94       _guard_check_icall_nop     0000000180013e94 f i MSVCRT:guard_support.obj
 0001:00012e98       ReadNoFence64              0000000180013e98 f i MSVCRT:guard_support.obj
 0001:00012e9c       ReadPointerNoFence         0000000180013e9c f i MSVCRT:guard_support.obj
 0001:00012ea0       _guard_icall_checks_enforced 0000000180013ea0 f i MSVCRT:guard_support.obj
 0001:00012eb8       _guard_rf_checks_enforced  0000000180013eb8 f i MSVCRT:guard_support.obj
 0001:00012ebc       __isa_available_init       0000000180013ebc f   MSVCRT:cpu_disp.obj
 0001:00013078       _get_startup_argv_mode     0000000180014078 f   MSVCRT:argv_mode.obj
 0001:00013080       __scrt_is_ucrt_dll_in_use  0000000180014080 f   MSVCRT:ucrt_detection.obj
 0001:00013090       __C_specific_handler       0000000180014090 f   vcruntime:VCRUNTIME140.dll
 0001:00013096       __std_type_info_destroy_list 0000000180014096 f   vcruntime:VCRUNTIME140.dll
 0001:0001309c       memset                     000000018001409c f   vcruntime:VCRUNTIME140.dll
 0001:000130a2       _initterm                  00000001800140a2 f   ucrt:api-ms-win-crt-runtime-l1-1-0.dll
 0001:000130a8       _initterm_e                00000001800140a8 f   ucrt:api-ms-win-crt-runtime-l1-1-0.dll
 0001:000130ae       _seh_filter_dll            00000001800140ae f   ucrt:api-ms-win-crt-runtime-l1-1-0.dll
 0001:000130b4       _configure_narrow_argv     00000001800140b4 f   ucrt:api-ms-win-crt-runtime-l1-1-0.dll
 0001:000130ba       _initialize_narrow_environment 00000001800140ba f   ucrt:api-ms-win-crt-runtime-l1-1-0.dll
 0001:000130c0       _initialize_onexit_table   00000001800140c0 f   ucrt:api-ms-win-crt-runtime-l1-1-0.dll
 0001:000130c6       _register_onexit_function  00000001800140c6 f   ucrt:api-ms-win-crt-runtime-l1-1-0.dll
 0001:000130cc       _execute_onexit_table      00000001800140cc f   ucrt:api-ms-win-crt-runtime-l1-1-0.dll
 0001:000130d2       _crt_atexit                00000001800140d2 f   ucrt:api-ms-win-crt-runtime-l1-1-0.dll
 0001:000130d8       _crt_at_quick_exit         00000001800140d8 f   ucrt:api-ms-win-crt-runtime-l1-1-0.dll
 0001:000130de       _cexit                     00000001800140de f   ucrt:api-ms-win-crt-runtime-l1-1-0.dll
 0001:000130e4       terminate                  00000001800140e4 f   ucrt:api-ms-win-crt-runtime-l1-1-0.dll
 0001:000130ea       RtlCaptureContext          00000001800140ea f   kernel32:KERNEL32.dll
 0001:000130f0       RtlLookupFunctionEntry     00000001800140f0 f   kernel32:KERNEL32.dll
 0001:000130f6       RtlVirtualUnwind           00000001800140f6 f   kernel32:KERNEL32.dll
 0001:000130fc       UnhandledExceptionFilter   00000001800140fc f   kernel32:KERNEL32.dll
 0001:00013102       SetUnhandledExceptionFilter 0000000180014102 f   kernel32:KERNEL32.dll
 0001:00013108       GetCurrentProcess          0000000180014108 f   kernel32:KERNEL32.dll
 0001:0001310e       TerminateProcess           000000018001410e f   kernel32:KERNEL32.dll
 0001:00013114       IsProcessorFeaturePresent  0000000180014114 f   kernel32:KERNEL32.dll
 0001:0001311a       QueryPerformanceCounter    000000018001411a f   kernel32:KERNEL32.dll
 0001:00013120       GetCurrentProcessId        0000000180014120 f   kernel32:KERNEL32.dll
 0001:00013126       GetCurrentThreadId         0000000180014126 f   kernel32:KERNEL32.dll
 0001:0001312c       GetSystemTimeAsFileTime    000000018001412c f   kernel32:KERNEL32.dll
 0001:00013132       InitializeSListHead        0000000180014132 f   kernel32:KERNEL32.dll
 0001:00013138       IsDebuggerPresent          0000000180014138 f   kernel32:KERNEL32.dll
 0001:0001313e       GetStartupInfoW            000000018001413e f   kernel32:KERNEL32.dll
 0001:00013144       GetModuleHandleW           0000000180014144 f   kernel32:KERNEL32.dll
 0001:0001314c       __scrt_stub_for_acrt_initialize 000000018001414c f   MSVCRT:ucrt_stubs.obj
 0001:0001314c       __vcrt_initialize          000000018001414c f   MSVCRT:ucrt_stubs.obj
 0001:0001314c       __acrt_initialize          000000018001414c f   MSVCRT:ucrt_stubs.obj
 0001:00013150       __scrt_stub_for_acrt_thread_attach 0000000180014150 f   MSVCRT:ucrt_stubs.obj
 0001:00013150       __vcrt_thread_attach       0000000180014150 f   MSVCRT:ucrt_stubs.obj
 0001:00013150       __acrt_thread_attach       0000000180014150 f   MSVCRT:ucrt_stubs.obj
 0001:00013154       __acrt_thread_detach       0000000180014154 f   MSVCRT:ucrt_stubs.obj
 0001:00013154       __vcrt_thread_detach       0000000180014154 f   MSVCRT:ucrt_stubs.obj
 0001:00013154       __scrt_stub_for_acrt_thread_detach 0000000180014154 f   MSVCRT:ucrt_stubs.obj
 0001:00013158       __scrt_stub_for_acrt_uninitialize 0000000180014158 f   MSVCRT:ucrt_stubs.obj
 0001:00013158       __vcrt_uninitialize        0000000180014158 f   MSVCRT:ucrt_stubs.obj
 0001:00013158       __acrt_uninitialize        0000000180014158 f   MSVCRT:ucrt_stubs.obj
 0001:0001315c       __scrt_stub_for_acrt_uninitialize_critical 000000018001415c f   MSVCRT:ucrt_stubs.obj
 0001:0001315c       __acrt_uninitialize_critical 000000018001415c f   MSVCRT:ucrt_stubs.obj
 0001:0001315c       __vcrt_uninitialize_critical 000000018001415c f   MSVCRT:ucrt_stubs.obj
 0001:00013160       _is_c_termination_complete 0000000180014160 f   MSVCRT:ucrt_stubs.obj
 0001:00013160       __scrt_stub_for_is_c_termination_complete 0000000180014160 f   MSVCRT:ucrt_stubs.obj
 0001:00013180       _guard_dispatch_icall_nop  0000000180014180 f   MSVCRT:guard_dispatch.obj
 0002:00000000       __imp_HeapCreate           0000000180015000     kernel32:KERNEL32.dll
 0002:00000008       __imp_HeapDestroy          0000000180015008     kernel32:KERNEL32.dll
 0002:00000010       __imp_HeapAlloc            0000000180015010     kernel32:KERNEL32.dll
 0002:00000018       __imp_HeapFree             0000000180015018     kernel32:KERNEL32.dll
 0002:00000020       __imp_lstrcpyA             0000000180015020     kernel32:KERNEL32.dll
 0002:00000028       __imp_lstrcpyW             0000000180015028     kernel32:KERNEL32.dll
 0002:00000030       __imp_lstrlenW             0000000180015030     kernel32:KERNEL32.dll
 0002:00000038       __imp_GetStartupInfoW      0000000180015038     kernel32:KERNEL32.dll
 0002:00000040       __imp_IsDebuggerPresent    0000000180015040     kernel32:KERNEL32.dll
 0002:00000048       __imp_InitializeSListHead  0000000180015048     kernel32:KERNEL32.dll
 0002:00000050       __imp_GetSystemTimeAsFileTime 0000000180015050     kernel32:KERNEL32.dll
 0002:00000058       __imp_GetCurrentThreadId   0000000180015058     kernel32:KERNEL32.dll
 0002:00000060       __imp_GetCurrentProcessId  0000000180015060     kernel32:KERNEL32.dll
 0002:00000068       __imp_QueryPerformanceCounter 0000000180015068     kernel32:KERNEL32.dll
 0002:00000070       __imp_IsProcessorFeaturePresent 0000000180015070     kernel32:KERNEL32.dll
 0002:00000078       __imp_TerminateProcess     0000000180015078     kernel32:KERNEL32.dll
 0002:00000080       __imp_GetCurrentProcess    0000000180015080     kernel32:KERNEL32.dll
 0002:00000088       __imp_SetUnhandledExceptionFilter 0000000180015088     kernel32:KERNEL32.dll
 0002:00000090       __imp_UnhandledExceptionFilter 0000000180015090     kernel32:KERNEL32.dll
 0002:00000098       __imp_RtlVirtualUnwind     0000000180015098     kernel32:KERNEL32.dll
 0002:000000a0       __imp_GetModuleHandleW     00000001800150a0     kernel32:KERNEL32.dll
 0002:000000a8       __imp_RtlLookupFunctionEntry 00000001800150a8     kernel32:KERNEL32.dll
 0002:000000b0       __imp_RtlCaptureContext    00000001800150b0     kernel32:KERNEL32.dll
 0002:000000b8       \177KERNEL32_NULL_THUNK_DATA 00000001800150b8     kernel32:KERNEL32.dll
 0002:000000c0       __imp___C_specific_handler 00000001800150c0     vcruntime:VCRUNTIME140.dll
 0002:000000c8       __imp_memset               00000001800150c8     vcruntime:VCRUNTIME140.dll
 0002:000000d0       __imp___std_type_info_destroy_list 00000001800150d0     vcruntime:VCRUNTIME140.dll
 0002:000000d8       \177VCRUNTIME140_NULL_THUNK_DATA 00000001800150d8     vcruntime:VCRUNTIME140.dll
 0002:000000e0       __imp__register_onexit_function 00000001800150e0     ucrt:api-ms-win-crt-runtime-l1-1-0.dll
 0002:000000e8       __imp__initialize_onexit_table 00000001800150e8     ucrt:api-ms-win-crt-runtime-l1-1-0.dll
 0002:000000f0       __imp__crt_at_quick_exit   00000001800150f0     ucrt:api-ms-win-crt-runtime-l1-1-0.dll
 0002:000000f8       __imp__configure_narrow_argv 00000001800150f8     ucrt:api-ms-win-crt-runtime-l1-1-0.dll
 0002:00000100       __imp__seh_filter_dll      0000000180015100     ucrt:api-ms-win-crt-runtime-l1-1-0.dll
 0002:00000108       __imp__initterm_e          0000000180015108     ucrt:api-ms-win-crt-runtime-l1-1-0.dll
 0002:00000110       __imp__initterm            0000000180015110     ucrt:api-ms-win-crt-runtime-l1-1-0.dll
 0002:00000118       __imp__execute_onexit_table 0000000180015118     ucrt:api-ms-win-crt-runtime-l1-1-0.dll
 0002:00000120       __imp__cexit               0000000180015120     ucrt:api-ms-win-crt-runtime-l1-1-0.dll
 0002:00000128       __imp__initialize_narrow_environment 0000000180015128     ucrt:api-ms-win-crt-runtime-l1-1-0.dll
 0002:00000130       __imp_terminate            0000000180015130     ucrt:api-ms-win-crt-runtime-l1-1-0.dll
 0002:00000138       __imp__crt_atexit          0000000180015138     ucrt:api-ms-win-crt-runtime-l1-1-0.dll
 0002:00000140       \177api-ms-win-crt-runtime-l1-1-0_NULL_THUNK_DATA 0000000180015140     ucrt:api-ms-win-crt-runtime-l1-1-0.dll
 0002:00000148       __guard_check_icall_fptr   0000000180015148     MSVCRT:guard_support.obj
 0002:00000150       __guard_dispatch_icall_fptr 0000000180015150     MSVCRT:guard_support.obj
 0002:00000158       __xc_a                     0000000180015158     MSVCRT:initializers.obj
 0002:00000160       __xc_z                     0000000180015160     MSVCRT:initializers.obj
 0002:00000168       __xi_a                     0000000180015168     MSVCRT:initializers.obj
 0002:00000170       __xi_z                     0000000180015170     MSVCRT:initializers.obj
 0002:00000178       __xp_a                     0000000180015178     MSVCRT:initializers.obj
 0002:00000180       __xp_z                     0000000180015180     MSVCRT:initializers.obj
 0002:00000188       __xt_a                     0000000180015188     MSVCRT:initializers.obj
 0002:00000190       __xt_z                     0000000180015190     MSVCRT:initializers.obj
 0002:000001a0       ??_C@_13DEFPDAGF@?$AA?0@   00000001800151a0     pmc_parse.obj
 0002:000001a4       ??_C@_13JOFGPIOO@?$AA?4@   00000001800151a4     pmc_parse.obj
 0002:000001a8       ??_C@_01EKENIIDA@3@        00000001800151a8     pmc_parse.obj
 0002:000001ac       ??_C@_13KJIIAINM@?$AA?$CL@ 00000001800151ac     pmc_parse.obj
 0002:000001b0       ??_C@_13IMODFHAA@?$AA?9@   00000001800151b0     pmc_parse.obj
 0002:000001b8       _pDefaultRawDllMain        00000001800151b8     MSVCRT:dll_dllmain.obj
 0002:000001b8       _pRawDllMain               00000001800151b8     MSVCRT:dll_dllmain.obj
 0002:00000230       _load_config_used          0000000180015230     MSVCRT:loadcfg.obj
 0002:00000610       __rtc_iaa                  0000000180015610     MSVCRT:initsect.obj
 0002:00000618       __rtc_izz                  0000000180015618     MSVCRT:initsect.obj
 0002:00000620       __rtc_taa                  0000000180015620     MSVCRT:initsect.obj
 0002:00000628       __rtc_tzz                  0000000180015628     MSVCRT:initsect.obj
 0002:000015a4       __IMPORT_DESCRIPTOR_KERNEL32 00000001800165a4     kernel32:KERNEL32.dll
 0002:000015b8       __IMPORT_DESCRIPTOR_VCRUNTIME140 00000001800165b8     vcruntime:VCRUNTIME140.dll
 0002:000015cc       __IMPORT_DESCRIPTOR_api-ms-win-crt-runtime-l1-1-0 00000001800165cc     ucrt:api-ms-win-crt-runtime-l1-1-0.dll
 0002:000015e0       __NULL_IMPORT_DESCRIPTOR   00000001800165e0     kernel32:KERNEL32.dll
 0003:00000070       __security_cookie_complement 0000000180017070     MSVCRT:gs_cookie.obj
 0003:00000078       __security_cookie          0000000180017078     MSVCRT:gs_cookie.obj
 0003:00000080       __scrt_native_dllmain_reason 0000000180017080     MSVCRT:utility.obj
 0003:00000088       __isa_available            0000000180017088     MSVCRT:cpu_disp.obj
 0003:0000008c       __isa_enabled              000000018001708c     MSVCRT:cpu_disp.obj
 0003:00000090       __memcpy_nt_iters          0000000180017090     MSVCRT:cpu_disp.obj
 0003:000000a0       __scrt_ucrt_dll_is_in_use  00000001800170a0     MSVCRT:ucrt_stubs.obj
 0003:000008f0       ?__type_info_root_node@@3U__type_info_node@@A 00000001800178f0     MSVCRT:tncleanup.obj
 0003:00000900       ?_OptionsStorage@?1??__local_stdio_printf_options@@9@4_KA 0000000180017900     MSVCRT:default_local_stdio_options.obj
 0003:00000908       ?_OptionsStorage@?1??__local_stdio_scanf_options@@9@4_KA 0000000180017908     MSVCRT:default_local_stdio_options.obj
 0003:00000910       __scrt_current_native_startup_state 0000000180017910     MSVCRT:utility.obj
 0003:00000918       __scrt_native_startup_lock 0000000180017918     MSVCRT:utility.obj
 0003:00000958       __scrt_debugger_hook_flag  0000000180017958     MSVCRT:utility_desktop.obj
 0003:0000095c       __favor                    000000018001795c     MSVCRT:cpu_disp.obj
 0003:00000960       statistics_info            0000000180017960     <common>
 0003:00000970       configuration_info         0000000180017970     <common>
 0003:00000978       hLocalHeap                 0000000180017978     <common>
 0003:00000980       number_one                 0000000180017980     <common>
 0003:000009c0       number_zero                00000001800179c0     <common>
 0003:00000a00       __dyn_tls_init_callback    0000000180017a00     <common>

 entry point at        0001:00012188

 Static symbols

 0000:fffe5000       .debug$S                   0000000180000000     kernel32:KERNEL32.dll
 0002:fffeb000       __guard_fids_?dllmain_dispatch@@YAHQEAUHINSTANCE__@@KQEAX@Z 0000000180000000     MSVCRT:dll_dllmain.obj
 0000:fffe5000       .debug$S                   0000000180000000     kernel32:KERNEL32.dll
 0000:fffe5000       .debug$S                   0000000180000000     kernel32:KERNEL32.dll
 0000:fffe5000       .debug$S                   0000000180000000     kernel32:KERNEL32.dll
 0000:fffe5000       .debug$S                   0000000180000000     kernel32:KERNEL32.dll
 0002:fffeb000       __guard_fids___scrt_set_unhandled_exception_filter 0000000180000000     MSVCRT:utility_desktop.obj
 0002:fffeb000       __guard_fids__             0000000180000000     MSVCRT:guard_support.obj
 0000:fffe5000       .debug$S                   0000000180000000     Palmtree.Math.Core.Uint.exp
 0002:fffeb000       __guard_fids__guard_icall_checks_enforced 0000000180000000     MSVCRT:guard_support.obj
 0000:fffe5000       .debug$S                   0000000180000000     kernel32:KERNEL32.dll
 0000:fffe5000       .debug$S                   0000000180000000     kernel32:KERNEL32.dll
 0000:fffe5000       .debug$S                   0000000180000000     kernel32:KERNEL32.dll
 0000:fffe5000       .debug$S                   0000000180000000     kernel32:KERNEL32.dll
 0000:fffe5000       .debug$S                   0000000180000000     kernel32:KERNEL32.dll
 0000:fffe5000       .debug$S                   0000000180000000     kernel32:KERNEL32.dll
 0000:fffe5000       .debug$S                   0000000180000000     kernel32:KERNEL32.dll
 0000:fffe5000       .debug$S                   0000000180000000     kernel32:KERNEL32.dll
 0000:fffe5000       .debug$S                   0000000180000000     kernel32:KERNEL32.dll
 0000:fffe5000       .debug$S                   0000000180000000     kernel32:KERNEL32.dll
 0000:fffe5000       .debug$S                   0000000180000000     kernel32:KERNEL32.dll
 0000:fffe5000       .debug$S                   0000000180000000     kernel32:KERNEL32.dll
 0000:fffe5000       .debug$S                   0000000180000000     kernel32:KERNEL32.dll
 0000:fffe5000       .debug$S                   0000000180000000     kernel32:KERNEL32.dll
 0000:fffe5000       .debug$S                   0000000180000000     kernel32:KERNEL32.dll
 0000:fffe5000       .debug$S                   0000000180000000     kernel32:KERNEL32.dll
 0000:fffe5000       .debug$S                   0000000180000000     kernel32:KERNEL32.dll
 0000:fffe5000       .debug$S                   0000000180000000     ucrt:api-ms-win-crt-runtime-l1-1-0.dll
 0000:fffe5000       .debug$S                   0000000180000000     ucrt:api-ms-win-crt-runtime-l1-1-0.dll
 0000:fffe5000       .debug$S                   0000000180000000     ucrt:api-ms-win-crt-runtime-l1-1-0.dll
 0000:fffe5000       .debug$S                   0000000180000000     ucrt:api-ms-win-crt-runtime-l1-1-0.dll
 0000:fffe5000       .debug$S                   0000000180000000     ucrt:api-ms-win-crt-runtime-l1-1-0.dll
 0000:fffe5000       .debug$S                   0000000180000000     ucrt:api-ms-win-crt-runtime-l1-1-0.dll
 0000:fffe5000       .debug$S                   0000000180000000     ucrt:api-ms-win-crt-runtime-l1-1-0.dll
 0000:fffe5000       .debug$S                   0000000180000000     ucrt:api-ms-win-crt-runtime-l1-1-0.dll
 0000:fffe5000       .debug$S                   0000000180000000     ucrt:api-ms-win-crt-runtime-l1-1-0.dll
 0000:fffe5000       .debug$S                   0000000180000000     ucrt:api-ms-win-crt-runtime-l1-1-0.dll
 0000:fffe5000       .debug$S                   0000000180000000     ucrt:api-ms-win-crt-runtime-l1-1-0.dll
 0000:fffe5000       .debug$S                   0000000180000000     ucrt:api-ms-win-crt-runtime-l1-1-0.dll
 0000:fffe5000       .debug$S                   0000000180000000     kernel32:KERNEL32.dll
 0000:fffe5000       .debug$S                   0000000180000000     vcruntime:VCRUNTIME140.dll
 0000:fffe5000       .debug$S                   0000000180000000     vcruntime:VCRUNTIME140.dll
 0000:fffe5000       .debug$S                   0000000180000000     vcruntime:VCRUNTIME140.dll
 0001:00000240       CalculateCheckCode         0000000180001240 f   pmc_memory.obj
 0001:00000500       CleanUpNumber              0000000180001500 f   pmc_memory.obj
 0001:00000890       InitializeNumber           0000000180001890 f   pmc_memory.obj
 0001:00000b20       Add_Imp_using_ADC          0000000180001b20 f   pmc_add.obj
 0001:00000f10       Add_Imp_using_ADCX         0000000180001f10 f   pmc_add.obj
 0001:000010f0       DoCarry                    00000001800020f0 f   pmc_add.obj
 0001:000012a0       PMC_Add_X_I_Imp            00000001800022a0 f   pmc_add.obj
 0001:00001440       PMC_Add_X_L_Imp            0000000180002440 f   pmc_add.obj
 0001:00001720       _ADD_16WORDS_ADC           0000000180002720 f   pmc_add.obj
 0001:000017f0       _ADD_16WORDS_ADCX          00000001800027f0 f   pmc_add.obj
 0001:000018f0       _ADD_32WORDS_ADCX          00000001800028f0 f   pmc_add.obj
 0001:00001b70       BitwiseAnd_X_X             0000000180002b70 f   pmc_bitwiseand.obj
 0001:000021b0       BitwiseOr_X_X              00000001800031b0 f   pmc_bitwiseor.obj
 0001:00002620       PMC_BitwiseOr_X_I_Imp      0000000180003620 f   pmc_bitwiseor.obj
 0001:00002770       PMC_BitwiseOr_X_L_Imp      0000000180003770 f   pmc_bitwiseor.obj
 0001:00003020       AddOneLine                 0000000180004020 f   pmc_divrem.obj
 0001:00003380       AddOneLineX                0000000180004380 f   pmc_divrem.obj
 0001:00003e30       DivRem_X_X_using_ADC_MUL   0000000180004e30 f   pmc_divrem.obj
 0001:00004110       DivRem_X_X_using_ADX_MULX  0000000180005110 f   pmc_divrem.obj
 0001:00004e70       SubtructOneLine            0000000180005e70 f   pmc_divrem.obj
 0001:00005af0       SubtructOneLineX           0000000180006af0 f   pmc_divrem.obj
 0001:00006830       _ADD_16WORDS_ADCX_DIV      0000000180007830 f   pmc_divrem.obj
 0001:00006a80       PMC_Equals_X_I_Imp         0000000180007a80 f   pmc_equals.obj
 0001:00006b40       PMC_Equals_X_L_Imp         0000000180007b40 f   pmc_equals.obj
 0001:00006c80       ExclusiveOr_X_X            0000000180007c80 f   pmc_exclusiveor.obj
 0001:000070f0       PMC_ExclusiveOr_X_I_Imp    00000001800080f0 f   pmc_exclusiveor.obj
 0001:00007260       PMC_ExclusiveOr_X_L_Imp    0000000180008260 f   pmc_exclusiveor.obj
 0001:00007790       GreatestCommonDivisor_Imp  0000000180008790 f   pmc_greatestcommondivisor.obj
 0001:000079c0       PMC_GreatestCommonDivisor_X_I_Imp 00000001800089c0 f   pmc_greatestcommondivisor.obj
 0001:00007ca0       PMC_GreatestCommonDivisor_X_L_Imp 0000000180008ca0 f   pmc_greatestcommondivisor.obj
 0001:00008710       ModulePower                0000000180009710 f   pmc_modpow.obj
 0001:00008fa0       Remainder                  0000000180009fa0 f   pmc_modpow.obj
 0001:000091a0       Multiply_WORD_using_MULX_ADCX 000000018000a1a0 f   pmc_multiply.obj
 0001:00009e20       Multiply_WORD_using_MUL_ADC 000000018000ae20 f   pmc_multiply.obj
 0001:0000a9d0       Multiply_X_1W_using_MULX_ADCX 000000018000b9d0 f   pmc_multiply.obj
 0001:0000a9e0       Multiply_X_1W_using_MUL_ADC 000000018000b9e0 f   pmc_multiply.obj
 0001:0000a9f0       Multiply_X_2W_using_MULX_ADCX 000000018000b9f0 f   pmc_multiply.obj
 0001:0000aa50       Multiply_X_2W_using_MUL_ADC 000000018000ba50 f   pmc_multiply.obj
 0001:0000aac0       Multiply_X_X_using_MULX_ADCX 000000018000bac0 f   pmc_multiply.obj
 0001:0000ab50       Multiply_X_X_using_MUL_ADC 000000018000bb50 f   pmc_multiply.obj
 0001:0000ad00       PMC_Multiply_X_I_Imp       000000018000bd00 f   pmc_multiply.obj
 0001:0000ae60       PMC_Multiply_X_L_Imp       000000018000be60 f   pmc_multiply.obj
 0001:0000b0e0       Build1WordFromDecimalString 000000018000c0e0 f   pmc_parse.obj
 0001:0000b250       Build1WordFromHexString    000000018000c250 f   pmc_parse.obj
 0001:0000b420       InitializeParserState      000000018000c420 f   pmc_parse.obj
 0001:0000b5b0       MultiplyAndAdd_using_ADCX_MULX 000000018000c5b0 f   pmc_parse.obj
 0001:0000bf60       MultiplyAndAdd_using_ADC_MUL 000000018000cf60 f   pmc_parse.obj
 0001:0000c940       Parse1DigitFromHexChar     000000018000d940 f   pmc_parse.obj
 0001:0000c980       $LN10                      000000018000d980     pmc_parse.obj
 0001:0000c990       $LN9                       000000018000d990     pmc_parse.obj
 0001:0000c9d0       ParseAsDecimalNumberString 000000018000d9d0 f   pmc_parse.obj
 0001:0000d120       ParseAsIntegerPartNumberSequence 000000018000e120 f   pmc_parse.obj
 0001:0000d1e0       TryParseDN                 000000018000e1e0 f   pmc_parse.obj
 0001:0000d610       TryParseX                  000000018000e610 f   pmc_parse.obj
 0001:0000d8d0       $LN73                      000000018000e8d0     pmc_parse.obj
 0001:0000d8e0       $LN72                      000000018000e8e0     pmc_parse.obj
 0001:0000d990       PMC_Pow_X_I_Imp            000000018000e990 f   pmc_pow.obj
 0001:000107b0       Subtruct_X_1W              00000001800117b0 f   pmc_subtruct.obj
 0001:00010830       _SUBTRUCT_16WORDS_SBB      0000000180011830 f   pmc_subtruct.obj
 0001:00010a60       OutputOneChar              0000000180011a60 f   pmc_tostring.obj
 0001:00010c78       $LN17                      0000000180011c78     pmc_tostring.obj
 0001:00010c8c       $LN16                      0000000180011c8c     pmc_tostring.obj
 0001:00010cd0       PrintDecimal               0000000180011cd0 f   pmc_tostring.obj
 0001:00011610       ToStringDN                 0000000180012610 f   pmc_tostring.obj
 0001:00011960       ToStringX                  0000000180012960 f   pmc_tostring.obj
 0001:00011a90       ToStringX_1WORD            0000000180012a90 f   pmc_tostring.obj
 0001:00011e00       $$000000                   0000000180012e00     MSVCRT:amdsecgs.obj
 0001:00011e34       ?dllmain_crt_dispatch@@YAHQEAUHINSTANCE__@@KQEAX@Z 0000000180012e34 f   MSVCRT:dll_dllmain.obj
 0001:00011e84       ?dllmain_crt_process_attach@@YAHQEAUHINSTANCE__@@QEAX@Z 0000000180012e84 f   MSVCRT:dll_dllmain.obj
 0001:00011fa0       ?dllmain_crt_process_detach@@YAH_N@Z 0000000180012fa0 f   MSVCRT:dll_dllmain.obj
 0001:00012030       ?dllmain_dispatch@@YAHQEAUHINSTANCE__@@KQEAX@Z 0000000180013030 f   MSVCRT:dll_dllmain.obj
 0001:00012164       ?dllmain_raw@@YAHQEAUHINSTANCE__@@KQEAX@Z 0000000180013164 f   MSVCRT:dll_dllmain.obj
 0001:00012490       capture_current_context    0000000180013490 f   MSVCRT:gs_report.obj
 0001:00012500       capture_previous_context   0000000180013500 f   MSVCRT:gs_report.obj
 0001:00012574       __get_entropy              0000000180013574 f   MSVCRT:gs_support.obj
 0001:0001272c       ?find_pe_section@@YAPEAU_IMAGE_SECTION_HEADER@@QEAE_K@Z 000000018001372c f   MSVCRT:utility.obj
 0001:00012780       ?is_potentially_valid_image_base@@YA_NQEAX@Z 0000000180013780 f   MSVCRT:utility.obj
 0001:00013170       $$000000                   0000000180014170     MSVCRT:guard_dispatch.obj
 0001:00013182       ?fin$0@?0??dllmain_crt_process_attach@@YAHQEAUHINSTANCE__@@QEAX@Z@4HA 0000000180014182 f   MSVCRT:dll_dllmain.obj
 0001:00013199       ?fin$0@?0??dllmain_crt_process_detach@@YAH_N@Z@4HA 0000000180014199 f   MSVCRT:dll_dllmain.obj
 0001:000131b5       ?filt$0@?0??dllmain_dispatch@@YAHQEAUHINSTANCE__@@KQEAX@Z@4HA 00000001800141b5 f   MSVCRT:dll_dllmain.obj
 0001:000131eb       __scrt_is_nonwritable_in_current_image$filt$0 00000001800141eb f   MSVCRT:utility.obj
 0002:000001c0       GS_ExceptionPointers       00000001800151c0     MSVCRT:gs_report.obj
 0002:00000630       $unwind$GetCPUInfo         0000000180015630     cpuid.obj
 0002:0000063c       $unwind$DllMain            000000018001563c     dllmain.obj
 0002:00000644       $unwind$AllocateHeapArea   0000000180015644     pmc_memory.obj
 0002:0000064c       $unwind$DeallocateHeapArea 000000018001564c     pmc_memory.obj
 0002:00000654       $unwind$AllocateBlock      0000000180015654     pmc_memory.obj
 0002:00000664       $unwind$DeallocateBlock    0000000180015664     pmc_memory.obj
 0002:0000066c       $chain$0$DeallocateBlock   000000018001566c     pmc_memory.obj
 0002:00000680       $chain$1$DeallocateBlock   0000000180015680     pmc_memory.obj
 0002:00000690       $unwind$AttatchNumber      0000000180015690     pmc_memory.obj
 0002:00000698       $unwind$AllocateNumber     0000000180015698     pmc_memory.obj
 0002:000006ac       $unwind$DeallocateNumber   00000001800156ac     pmc_memory.obj
 0002:000006b4       $unwind$CommitNumber       00000001800156b4     pmc_memory.obj
 0002:000006bc       $unwind$DuplicateNumber    00000001800156bc     pmc_memory.obj
 0002:000006d0       $unwind$Initialize_Memory  00000001800156d0     pmc_memory.obj
 0002:000006dc       $unwind$PMC_Dispose        00000001800156dc     pmc_memory.obj
 0002:000006e4       $unwind$InitializeNumber   00000001800156e4     pmc_memory.obj
 0002:000006f8       $unwind$CleanUpNumber      00000001800156f8     pmc_memory.obj
 0002:00000700       $chain$0$CleanUpNumber     0000000180015700     pmc_memory.obj
 0002:00000714       $chain$1$CleanUpNumber     0000000180015714     pmc_memory.obj
 0002:00000724       $unwind$PMC_Add_I_X        0000000180015724     pmc_add.obj
 0002:00000734       $unwind$PMC_Add_L_X        0000000180015734     pmc_add.obj
 0002:00000744       $unwind$PMC_Add_X_I        0000000180015744     pmc_add.obj
 0002:00000754       $unwind$PMC_Add_X_L        0000000180015754     pmc_add.obj
 0002:00000764       $unwind$PMC_Add_X_X        0000000180015764     pmc_add.obj
 0002:00000774       $unwind$Add_Imp_using_ADC  0000000180015774     pmc_add.obj
 0002:00000780       $unwind$Add_Imp_using_ADCX 0000000180015780     pmc_add.obj
 0002:0000078c       $unwind$PMC_Add_X_I_Imp    000000018001578c     pmc_add.obj
 0002:0000079c       $unwind$PMC_Add_X_L_Imp    000000018001579c     pmc_add.obj
 0002:000007ac       $unwind$PMC_BitwiseAnd_I_X 00000001800157ac     pmc_bitwiseand.obj
 0002:000007bc       $unwind$PMC_BitwiseAnd_L_X 00000001800157bc     pmc_bitwiseand.obj
 0002:000007cc       $unwind$PMC_BitwiseAnd_X_I 00000001800157cc     pmc_bitwiseand.obj
 0002:000007dc       $unwind$PMC_BitwiseAnd_X_L 00000001800157dc     pmc_bitwiseand.obj
 0002:000007ec       $unwind$PMC_BitwiseAnd_X_X 00000001800157ec     pmc_bitwiseand.obj
 0002:000007f8       $chain$0$PMC_BitwiseAnd_X_X 00000001800157f8     pmc_bitwiseand.obj
 0002:0000080c       $chain$1$PMC_BitwiseAnd_X_X 000000018001580c     pmc_bitwiseand.obj
 0002:0000081c       $unwind$BitwiseAnd_X_X     000000018001581c     pmc_bitwiseand.obj
 0002:00000824       $chain$2$BitwiseAnd_X_X    0000000180015824     pmc_bitwiseand.obj
 0002:00000840       $chain$3$BitwiseAnd_X_X    0000000180015840     pmc_bitwiseand.obj
 0002:00000854       $chain$4$BitwiseAnd_X_X    0000000180015854     pmc_bitwiseand.obj
 0002:00000864       $unwind$PMC_BitwiseOr_I_X  0000000180015864     pmc_bitwiseor.obj
 0002:00000874       $unwind$PMC_BitwiseOr_L_X  0000000180015874     pmc_bitwiseor.obj
 0002:00000884       $unwind$PMC_BitwiseOr_X_I  0000000180015884     pmc_bitwiseor.obj
 0002:00000894       $unwind$PMC_BitwiseOr_X_L  0000000180015894     pmc_bitwiseor.obj
 0002:000008a4       $unwind$PMC_BitwiseOr_X_X  00000001800158a4     pmc_bitwiseor.obj
 0002:000008b0       $chain$0$PMC_BitwiseOr_X_X 00000001800158b0     pmc_bitwiseor.obj
 0002:000008c4       $chain$1$PMC_BitwiseOr_X_X 00000001800158c4     pmc_bitwiseor.obj
 0002:000008d4       $chain$2$PMC_BitwiseOr_X_X 00000001800158d4     pmc_bitwiseor.obj
 0002:000008e8       $chain$3$PMC_BitwiseOr_X_X 00000001800158e8     pmc_bitwiseor.obj
 0002:000008f8       $unwind$BitwiseOr_X_X      00000001800158f8     pmc_bitwiseor.obj
 0002:0000090c       $unwind$PMC_BitwiseOr_X_I_Imp 000000018001590c     pmc_bitwiseor.obj
 0002:00000920       $unwind$PMC_BitwiseOr_X_L_Imp 0000000180015920     pmc_bitwiseor.obj
 0002:00000934       $unwind$PMC_FromByteArray  0000000180015934     pmc_bytes.obj
 0002:00000940       $chain$0$PMC_FromByteArray 0000000180015940     pmc_bytes.obj
 0002:00000954       $chain$2$PMC_FromByteArray 0000000180015954     pmc_bytes.obj
 0002:00000968       $chain$3$PMC_FromByteArray 0000000180015968     pmc_bytes.obj
 0002:00000978       $unwind$PMC_ToByteArray    0000000180015978     pmc_bytes.obj
 0002:0000098c       $unwind$PMC_Clone_X        000000018001598c     pmc_clone.obj
 0002:00000998       $unwind$PMC_Compare_I_X    0000000180015998     pmc_compare.obj
 0002:000009a8       $unwind$PMC_Compare_L_X    00000001800159a8     pmc_compare.obj
 0002:000009b8       $unwind$PMC_Compare_X_I    00000001800159b8     pmc_compare.obj
 0002:000009c8       $unwind$PMC_Compare_X_L    00000001800159c8     pmc_compare.obj
 0002:000009d8       $unwind$PMC_Compare_X_X    00000001800159d8     pmc_compare.obj
 0002:000009e8       $unwind$DivRem_X_X         00000001800159e8     pmc_divrem.obj
 0002:000009f4       $unwind$PMC_DivRem_I_X     00000001800159f4     pmc_divrem.obj
 0002:00000a08       $unwind$PMC_DivRem_L_X     0000000180015a08     pmc_divrem.obj
 0002:00000a24       $unwind$PMC_DivRem_X_I     0000000180015a24     pmc_divrem.obj
 0002:00000a38       $unwind$PMC_DivRem_X_L     0000000180015a38     pmc_divrem.obj
 0002:00000a48       $chain$1$PMC_DivRem_X_L    0000000180015a48     pmc_divrem.obj
 0002:00000a60       $chain$2$PMC_DivRem_X_L    0000000180015a60     pmc_divrem.obj
 0002:00000a70       $chain$3$PMC_DivRem_X_L    0000000180015a70     pmc_divrem.obj
 0002:00000a88       $chain$4$PMC_DivRem_X_L    0000000180015a88     pmc_divrem.obj
 0002:00000a98       $unwind$PMC_DivRem_X_X     0000000180015a98     pmc_divrem.obj
 0002:00000aac       $chain$0$PMC_DivRem_X_X    0000000180015aac     pmc_divrem.obj
 0002:00000ac0       $chain$1$PMC_DivRem_X_X    0000000180015ac0     pmc_divrem.obj
 0002:00000ad0       $chain$2$PMC_DivRem_X_X    0000000180015ad0     pmc_divrem.obj
 0002:00000ae4       $chain$3$PMC_DivRem_X_X    0000000180015ae4     pmc_divrem.obj
 0002:00000af4       $unwind$SubtructOneLine    0000000180015af4     pmc_divrem.obj
 0002:00000b0c       $unwind$SubtructOneLineX   0000000180015b0c     pmc_divrem.obj
 0002:00000b24       $unwind$AddOneLine         0000000180015b24     pmc_divrem.obj
 0002:00000b2c       $unwind$AddOneLineX        0000000180015b2c     pmc_divrem.obj
 0002:00000b38       $unwind$DivRem_X_X_using_ADC_MUL 0000000180015b38     pmc_divrem.obj
 0002:00000b50       $unwind$DivRem_X_X_using_ADX_MULX 0000000180015b50     pmc_divrem.obj
 0002:00000b68       $unwind$PMC_Equals_I_X     0000000180015b68     pmc_equals.obj
 0002:00000b78       $unwind$PMC_Equals_L_X     0000000180015b78     pmc_equals.obj
 0002:00000b88       $unwind$PMC_Equals_X_I     0000000180015b88     pmc_equals.obj
 0002:00000b98       $unwind$PMC_Equals_X_L     0000000180015b98     pmc_equals.obj
 0002:00000ba8       $unwind$PMC_Equals_X_X     0000000180015ba8     pmc_equals.obj
 0002:00000bb8       $unwind$PMC_ExclusiveOr_I_X 0000000180015bb8     pmc_exclusiveor.obj
 0002:00000bc8       $unwind$PMC_ExclusiveOr_L_X 0000000180015bc8     pmc_exclusiveor.obj
 0002:00000bd8       $unwind$PMC_ExclusiveOr_X_I 0000000180015bd8     pmc_exclusiveor.obj
 0002:00000be8       $unwind$PMC_ExclusiveOr_X_L 0000000180015be8     pmc_exclusiveor.obj
 0002:00000bf8       $unwind$PMC_ExclusiveOr_X_X 0000000180015bf8     pmc_exclusiveor.obj
 0002:00000c04       $chain$0$PMC_ExclusiveOr_X_X 0000000180015c04     pmc_exclusiveor.obj
 0002:00000c18       $chain$1$PMC_ExclusiveOr_X_X 0000000180015c18     pmc_exclusiveor.obj
 0002:00000c28       $chain$2$PMC_ExclusiveOr_X_X 0000000180015c28     pmc_exclusiveor.obj
 0002:00000c3c       $chain$4$PMC_ExclusiveOr_X_X 0000000180015c3c     pmc_exclusiveor.obj
 0002:00000c50       $chain$5$PMC_ExclusiveOr_X_X 0000000180015c50     pmc_exclusiveor.obj
 0002:00000c60       $unwind$ExclusiveOr_X_X    0000000180015c60     pmc_exclusiveor.obj
 0002:00000c74       $unwind$PMC_ExclusiveOr_X_I_Imp 0000000180015c74     pmc_exclusiveor.obj
 0002:00000c88       $unwind$PMC_ExclusiveOr_X_L_Imp 0000000180015c88     pmc_exclusiveor.obj
 0002:00000c9c       $unwind$From_I_Imp         0000000180015c9c     pmc_from.obj
 0002:00000ca8       $unwind$From_L_Imp         0000000180015ca8     pmc_from.obj
 0002:00000cb4       $unwind$PMC_From_I         0000000180015cb4     pmc_from.obj
 0002:00000cc0       $unwind$PMC_From_L         0000000180015cc0     pmc_from.obj
 0002:00000ccc       $unwind$PMC_GetPropertyValue_X_I 0000000180015ccc     pmc_getpropertyvalue.obj
 0002:00000cdc       $unwind$PMC_GreatestCommonDivisor_I_X 0000000180015cdc     pmc_greatestcommondivisor.obj
 0002:00000cec       $unwind$PMC_GreatestCommonDivisor_L_X 0000000180015cec     pmc_greatestcommondivisor.obj
 0002:00000cfc       $unwind$PMC_GreatestCommonDivisor_X_I 0000000180015cfc     pmc_greatestcommondivisor.obj
 0002:00000d0c       $unwind$PMC_GreatestCommonDivisor_X_L 0000000180015d0c     pmc_greatestcommondivisor.obj
 0002:00000d1c       $unwind$PMC_GreatestCommonDivisor_X_X 0000000180015d1c     pmc_greatestcommondivisor.obj
 0002:00000d34       $unwind$GreatestCommonDivisor_Imp 0000000180015d34     pmc_greatestcommondivisor.obj
 0002:00000d4c       $unwind$PMC_GreatestCommonDivisor_X_I_Imp 0000000180015d4c     pmc_greatestcommondivisor.obj
 0002:00000d60       $chain$0$PMC_GreatestCommonDivisor_X_I_Imp 0000000180015d60     pmc_greatestcommondivisor.obj
 0002:00000d74       $chain$1$PMC_GreatestCommonDivisor_X_I_Imp 0000000180015d74     pmc_greatestcommondivisor.obj
 0002:00000d84       $unwind$PMC_GreatestCommonDivisor_X_L_Imp 0000000180015d84     pmc_greatestcommondivisor.obj
 0002:00000d98       $chain$0$PMC_GreatestCommonDivisor_X_L_Imp 0000000180015d98     pmc_greatestcommondivisor.obj
 0002:00000dac       $chain$1$PMC_GreatestCommonDivisor_X_L_Imp 0000000180015dac     pmc_greatestcommondivisor.obj
 0002:00000dbc       $unwind$PMC_UINT_Initialize 0000000180015dbc     pmc_initialize.obj
 0002:00000dc4       $unwind$PMC_ModPow_X_X_X   0000000180015dc4     pmc_modpow.obj
 0002:00000dd8       $unwind$Remainder          0000000180015dd8     pmc_modpow.obj
 0002:00000de8       $chain$0$Remainder         0000000180015de8     pmc_modpow.obj
 0002:00000dfc       $chain$1$Remainder         0000000180015dfc     pmc_modpow.obj
 0002:00000e0c       $unwind$ModulePower        0000000180015e0c     pmc_modpow.obj
 0002:00000e28       $chain$2$ModulePower       0000000180015e28     pmc_modpow.obj
 0002:00000e3c       $chain$3$ModulePower       0000000180015e3c     pmc_modpow.obj
 0002:00000e4c       $unwind$PMC_Multiply_I_X   0000000180015e4c     pmc_multiply.obj
 0002:00000e5c       $unwind$PMC_Multiply_L_X   0000000180015e5c     pmc_multiply.obj
 0002:00000e6c       $unwind$PMC_Multiply_X_I   0000000180015e6c     pmc_multiply.obj
 0002:00000e7c       $unwind$PMC_Multiply_X_L   0000000180015e7c     pmc_multiply.obj
 0002:00000e8c       $unwind$PMC_Multiply_X_X   0000000180015e8c     pmc_multiply.obj
 0002:00000e9c       $unwind$Multiply_WORD_using_MUL_ADC 0000000180015e9c     pmc_multiply.obj
 0002:00000eb4       $unwind$Multiply_WORD_using_MULX_ADCX 0000000180015eb4     pmc_multiply.obj
 0002:00000ecc       $unwind$Multiply_X_2W_using_MUL_ADC 0000000180015ecc     pmc_multiply.obj
 0002:00000ee0       $unwind$Multiply_X_2W_using_MULX_ADCX 0000000180015ee0     pmc_multiply.obj
 0002:00000ef4       $unwind$Multiply_X_X_using_MUL_ADC 0000000180015ef4     pmc_multiply.obj
 0002:00000f0c       $unwind$Multiply_X_X_using_MULX_ADCX 0000000180015f0c     pmc_multiply.obj
 0002:00000f24       $unwind$PMC_Multiply_X_I_Imp 0000000180015f24     pmc_multiply.obj
 0002:00000f34       $unwind$PMC_Multiply_X_L_Imp 0000000180015f34     pmc_multiply.obj
 0002:00000f44       $unwind$Initialize_Parse   0000000180015f44     pmc_parse.obj
 0002:00000f4c       $unwind$PMC_TryParse       0000000180015f4c     pmc_parse.obj
 0002:00000f54       $unwind$InitializeParserState 0000000180015f54     pmc_parse.obj
 0002:00000f68       $unwind$ParseAsDecimalNumberString 0000000180015f68     pmc_parse.obj
 0002:00000f84       $unwind$Build1WordFromDecimalString 0000000180015f84     pmc_parse.obj
 0002:00000f98       $unwind$MultiplyAndAdd_using_ADC_MUL 0000000180015f98     pmc_parse.obj
 0002:00000fa4       $unwind$MultiplyAndAdd_using_ADCX_MULX 0000000180015fa4     pmc_parse.obj
 0002:00000fb4       $unwind$TryParseDN         0000000180015fb4     pmc_parse.obj
 0002:00000fcc       $chain$0$TryParseDN        0000000180015fcc     pmc_parse.obj
 0002:00000fe0       $chain$1$TryParseDN        0000000180015fe0     pmc_parse.obj
 0002:00000ff0       $unwind$Build1WordFromHexString 0000000180015ff0     pmc_parse.obj
 0002:00001008       $unwind$TryParseX          0000000180016008     pmc_parse.obj
 0002:00001024       $chain$0$TryParseX         0000000180016024     pmc_parse.obj
 0002:00001038       $chain$1$TryParseX         0000000180016038     pmc_parse.obj
 0002:0000104c       $chain$2$TryParseX         000000018001604c     pmc_parse.obj
 0002:0000105c       $chain$3$TryParseX         000000018001605c     pmc_parse.obj
 0002:0000106c       $unwind$PMC_Pow_X_I        000000018001606c     pmc_pow.obj
 0002:0000107c       $unwind$PMC_Pow_X_I_Imp    000000018001607c     pmc_pow.obj
 0002:00001090       $chain$1$PMC_Pow_X_I_Imp   0000000180016090     pmc_pow.obj
 0002:000010a8       $chain$2$PMC_Pow_X_I_Imp   00000001800160a8     pmc_pow.obj
 0002:000010b8       $unwind$RightShift_Imp_DIV 00000001800160b8     pmc_shift.obj
 0002:000010c8       $chain$0$RightShift_Imp_DIV 00000001800160c8     pmc_shift.obj
 0002:000010dc       $chain$1$RightShift_Imp_DIV 00000001800160dc     pmc_shift.obj
 0002:000010f0       $chain$2$RightShift_Imp_DIV 00000001800160f0     pmc_shift.obj
 0002:00001100       $chain$3$RightShift_Imp_DIV 0000000180016100     pmc_shift.obj
 0002:00001110       $unwind$RightShift_Imp     0000000180016110     pmc_shift.obj
 0002:00001124       $chain$0$RightShift_Imp    0000000180016124     pmc_shift.obj
 0002:00001138       $chain$1$RightShift_Imp    0000000180016138     pmc_shift.obj
 0002:00001148       $unwind$LeftShift_Imp_DIV  0000000180016148     pmc_shift.obj
 0002:0000115c       $chain$0$LeftShift_Imp_DIV 000000018001615c     pmc_shift.obj
 0002:00001170       $chain$1$LeftShift_Imp_DIV 0000000180016170     pmc_shift.obj
 0002:00001180       $unwind$LeftShift_Imp      0000000180016180     pmc_shift.obj
 0002:00001194       $chain$0$LeftShift_Imp     0000000180016194     pmc_shift.obj
 0002:000011a8       $chain$1$LeftShift_Imp     00000001800161a8     pmc_shift.obj
 0002:000011b8       $unwind$PMC_RightShift_X_I 00000001800161b8     pmc_shift.obj
 0002:000011c8       $unwind$PMC_RightShift_X_L 00000001800161c8     pmc_shift.obj
 0002:000011d8       $unwind$PMC_LeftShift_X_I  00000001800161d8     pmc_shift.obj
 0002:000011e8       $unwind$PMC_LeftShift_X_L  00000001800161e8     pmc_shift.obj
 0002:000011f8       $unwind$Subtruct_Imp       00000001800161f8     pmc_subtruct.obj
 0002:00001200       $unwind$PMC_Subtruct_I_X   0000000180016200     pmc_subtruct.obj
 0002:00001210       $unwind$PMC_Subtruct_L_X   0000000180016210     pmc_subtruct.obj
 0002:00001220       $unwind$PMC_Subtruct_X_I   0000000180016220     pmc_subtruct.obj
 0002:00001230       $unwind$PMC_Subtruct_X_L   0000000180016230     pmc_subtruct.obj
 0002:00001240       $unwind$PMC_Subtruct_X_X   0000000180016240     pmc_subtruct.obj
 0002:00001250       $unwind$PMC_To_X_I         0000000180016250     pmc_to.obj
 0002:0000125c       $unwind$PMC_To_X_L         000000018001625c     pmc_to.obj
 0002:00001268       $unwind$Initialize_ToString 0000000180016268     pmc_tostring.obj
 0002:00001270       $unwind$PMC_ToString       0000000180016270     pmc_tostring.obj
 0002:00001288       $unwind$OutputOneChar      0000000180016288     pmc_tostring.obj
 0002:00001294       $unwind$PrintDecimal       0000000180016294     pmc_tostring.obj
 0002:000012b8       $unwind$ToStringDN         00000001800162b8     pmc_tostring.obj
 0002:000012d4       $unwind$ToStringX          00000001800162d4     pmc_tostring.obj
 0002:000012e8       $unwind$__GSHandlerCheckCommon 00000001800162e8     MSVCRT:gshandler.obj
 0002:000012f0       $unwind$__GSHandlerCheck   00000001800162f0     MSVCRT:gshandler.obj
 0002:000012f8       $xdatasym                  00000001800162f8     MSVCRT:amdsecgs.obj
 0002:000012fc       $unwind$?dllmain_crt_process_attach@@YAHQEAUHINSTANCE__@@QEAX@Z 00000001800162fc     MSVCRT:dll_dllmain.obj
 0002:00001338       $unwind$?fin$0@?0??dllmain_crt_process_attach@@YAHQEAUHINSTANCE__@@QEAX@Z@4HA 0000000180016338     MSVCRT:dll_dllmain.obj
 0002:00001340       $unwind$?dllmain_crt_process_detach@@YAH_N@Z 0000000180016340     MSVCRT:dll_dllmain.obj
 0002:00001378       $unwind$?fin$0@?0??dllmain_crt_process_detach@@YAH_N@Z@4HA 0000000180016378     MSVCRT:dll_dllmain.obj
 0002:00001380       $unwind$?dllmain_crt_dispatch@@YAHQEAUHINSTANCE__@@KQEAX@Z 0000000180016380     MSVCRT:dll_dllmain.obj
 0002:00001388       $unwind$?dllmain_dispatch@@YAHQEAUHINSTANCE__@@KQEAX@Z 0000000180016388     MSVCRT:dll_dllmain.obj
 0002:000013b0       $unwind$?filt$0@?0??dllmain_dispatch@@YAHQEAUHINSTANCE__@@KQEAX@Z@4HA 00000001800163b0     MSVCRT:dll_dllmain.obj
 0002:000013b8       $unwind$_DllMainCRTStartup 00000001800163b8     MSVCRT:dll_dllmain.obj
 0002:000013c8       $unwind$__report_securityfailure 00000001800163c8     MSVCRT:gs_report.obj
 0002:000013d0       $unwind$__report_securityfailureEx 00000001800163d0     MSVCRT:gs_report.obj
 0002:000013d8       $unwind$__report_rangecheckfailure 00000001800163d8     MSVCRT:gs_report.obj
 0002:000013e0       $unwind$__report_gsfailure 00000001800163e0     MSVCRT:gs_report.obj
 0002:000013e8       $unwind$capture_current_context 00000001800163e8     MSVCRT:gs_report.obj
 0002:000013f4       $unwind$capture_previous_context 00000001800163f4     MSVCRT:gs_report.obj
 0002:00001400       $unwind$__raise_securityfailure 0000000180016400     MSVCRT:gs_report.obj
 0002:00001408       $unwind$__security_init_cookie 0000000180016408     MSVCRT:gs_support.obj
 0002:00001414       $unwind$__get_entropy      0000000180016414     MSVCRT:gs_support.obj
 0002:0000141c       $unwind$__scrt_initialize_default_local_stdio_options 000000018001641c     MSVCRT:default_local_stdio_options.obj
 0002:00001424       $unwind$atexit             0000000180016424     MSVCRT:utility.obj
 0002:0000142c       $unwind$_onexit            000000018001642c     MSVCRT:utility.obj
 0002:00001434       $unwind$__scrt_is_nonwritable_in_current_image 0000000180016434     MSVCRT:utility.obj
 0002:00001454       $unwind$__scrt_is_nonwritable_in_current_image$filt$0 0000000180016454     MSVCRT:utility.obj
 0002:0000145c       $unwind$__scrt_acquire_startup_lock 000000018001645c     MSVCRT:utility.obj
 0002:00001464       $unwind$__scrt_release_startup_lock 0000000180016464     MSVCRT:utility.obj
 0002:0000146c       $unwind$__scrt_initialize_crt 000000018001646c     MSVCRT:utility.obj
 0002:00001474       $unwind$__scrt_uninitialize_crt 0000000180016474     MSVCRT:utility.obj
 0002:0000147c       $unwind$__scrt_initialize_onexit_tables 000000018001647c     MSVCRT:utility.obj
 0002:00001484       $unwind$__scrt_dllmain_exception_filter 0000000180016484     MSVCRT:utility.obj
 0002:00001498       $unwind$__scrt_dllmain_before_initialize_c 0000000180016498     MSVCRT:utility.obj
 0002:000014a0       $unwind$__scrt_dllmain_after_initialize_c 00000001800164a0     MSVCRT:utility.obj
 0002:000014a8       $unwind$__scrt_dllmain_uninitialize_c 00000001800164a8     MSVCRT:utility.obj
 0002:000014b0       $unwind$__scrt_dllmain_uninitialize_critical 00000001800164b0     MSVCRT:utility.obj
 0002:000014b8       $unwind$__scrt_dllmain_crt_thread_attach 00000001800164b8     MSVCRT:utility.obj
 0002:000014c0       $unwind$__scrt_dllmain_crt_thread_detach 00000001800164c0     MSVCRT:utility.obj
 0002:000014c8       $unwind$?configure_argv@__scrt_narrow_argv_policy@@SAHXZ 00000001800164c8     MSVCRT:utility.obj
 0002:000014d0       $unwind$__scrt_get_show_window_mode 00000001800164d0     MSVCRT:utility_desktop.obj
 0002:000014d8       $unwind$__scrt_is_managed_app 00000001800164d8     MSVCRT:utility_desktop.obj
 0002:000014e0       $unwind$__scrt_fastfail    00000001800164e0     MSVCRT:utility_desktop.obj
 0002:000014f0       $unwind$__scrt_unhandled_exception_filter 00000001800164f0     MSVCRT:utility_desktop.obj
 0002:000014f8       $unwind$_RTC_Initialize    00000001800164f8     MSVCRT:initsect.obj
 0002:00001504       $unwind$_RTC_Terminate     0000000180016504     MSVCRT:initsect.obj
 0002:00001510       $unwind$__isa_available_init 0000000180016510     MSVCRT:cpu_disp.obj
 0002:00001528       $xdatasym                  0000000180016528     MSVCRT:guard_dispatch.obj
 0002:00001530       .edata                     0000000180016530     Palmtree.Math.Core.Uint.exp
 0002:00001558       rgpv                       0000000180016558     Palmtree.Math.Core.Uint.exp
 0002:00001560       rgszName                   0000000180016560     Palmtree.Math.Core.Uint.exp
 0002:00001568       rgwOrd                     0000000180016568     Palmtree.Math.Core.Uint.exp
 0002:0000156c       szName                     000000018001656c     Palmtree.Math.Core.Uint.exp
 0002:00001588       $N00001                    0000000180016588     Palmtree.Math.Core.Uint.exp
 0002:00001590       $N00002                    0000000180016590     Palmtree.Math.Core.Uint.exp
 0002:00001798       .idata$6                   0000000180016798     kernel32:KERNEL32.dll
 0002:000017e8       .idata$6                   00000001800167e8     vcruntime:VCRUNTIME140.dll
 0002:000018ec       .idata$6                   00000001800168ec     ucrt:api-ms-win-crt-runtime-l1-1-0.dll
 0003:00000000       decimal_digits             0000000180017000     pmc_tostring.obj
 0003:00000018       hexadecimal_lower_digits   0000000180017018     pmc_tostring.obj
 0003:00000040       hexadecimal_upper_digits   0000000180017040     pmc_tostring.obj
 0003:000000c0       fp_Add_Imp                 00000001800170c0     pmc_add.obj
 0003:000000c8       fp_DivRem_X_X              00000001800170c8     pmc_divrem.obj
 0003:000000d0       entry_points               00000001800170d0     pmc_initialize.obj
 0003:000002f8       initialized                00000001800172f8     pmc_initialize.obj
 0003:00000300       fp_Multiply_X_1W           0000000180017300     pmc_multiply.obj
 0003:00000308       fp_Multiply_X_2W           0000000180017308     pmc_multiply.obj
 0003:00000310       fp_Multiply_X_X            0000000180017310     pmc_multiply.obj
 0003:00000318       default_number_format_option 0000000180017318     pmc_parse.obj
 0003:00000340       fp_MultiplyAndAdd          0000000180017340     pmc_parse.obj
 0003:00000348       default_number_format_option 0000000180017348     pmc_tostring.obj
 0003:00000370       ?__proc_attached@@3HA      0000000180017370     MSVCRT:dll_dllmain.obj
 0003:00000380       GS_ExceptionRecord         0000000180017380     MSVCRT:gs_report.obj
 0003:00000420       GS_ContextRecord           0000000180017420     MSVCRT:gs_report.obj
 0003:00000920       ?is_initialized_as_dll@@3_NA 0000000180017920     MSVCRT:utility.obj
 0003:00000921       ?module_local_atexit_table_initialized@@3_NA 0000000180017921     MSVCRT:utility.obj
 0003:00000928       ?module_local_atexit_table@@3U_onexit_table_t@@A 0000000180017928     MSVCRT:utility.obj
 0003:00000940       ?module_local_at_quick_exit_table@@3U_onexit_table_t@@A 0000000180017940     MSVCRT:utility.obj
 0004:00000000       $pdata$GetCPUInfo          0000000180018000     cpuid.obj
 0004:0000000c       $pdata$DllMain             000000018001800c     dllmain.obj
 0004:00000018       $pdata$AllocateHeapArea    0000000180018018     pmc_memory.obj
 0004:00000024       $pdata$DeallocateHeapArea  0000000180018024     pmc_memory.obj
 0004:00000030       $pdata$AllocateBlock       0000000180018030     pmc_memory.obj
 0004:0000003c       $pdata$DeallocateBlock     000000018001803c     pmc_memory.obj
 0004:00000048       $pdata$0$DeallocateBlock   0000000180018048     pmc_memory.obj
 0004:00000054       $pdata$1$DeallocateBlock   0000000180018054     pmc_memory.obj
 0004:00000060       $pdata$AttatchNumber       0000000180018060     pmc_memory.obj
 0004:0000006c       $pdata$AllocateNumber      000000018001806c     pmc_memory.obj
 0004:00000078       $pdata$DeallocateNumber    0000000180018078     pmc_memory.obj
 0004:00000084       $pdata$CommitNumber        0000000180018084     pmc_memory.obj
 0004:00000090       $pdata$DuplicateNumber     0000000180018090     pmc_memory.obj
 0004:0000009c       $pdata$Initialize_Memory   000000018001809c     pmc_memory.obj
 0004:000000a8       $pdata$PMC_Dispose         00000001800180a8     pmc_memory.obj
 0004:000000b4       $pdata$InitializeNumber    00000001800180b4     pmc_memory.obj
 0004:000000c0       $pdata$CleanUpNumber       00000001800180c0     pmc_memory.obj
 0004:000000cc       $pdata$0$CleanUpNumber     00000001800180cc     pmc_memory.obj
 0004:000000d8       $pdata$1$CleanUpNumber     00000001800180d8     pmc_memory.obj
 0004:000000e4       $pdata$PMC_Add_I_X         00000001800180e4     pmc_add.obj
 0004:000000f0       $pdata$PMC_Add_L_X         00000001800180f0     pmc_add.obj
 0004:000000fc       $pdata$PMC_Add_X_I         00000001800180fc     pmc_add.obj
 0004:00000108       $pdata$PMC_Add_X_L         0000000180018108     pmc_add.obj
 0004:00000114       $pdata$PMC_Add_X_X         0000000180018114     pmc_add.obj
 0004:00000120       $pdata$Add_Imp_using_ADC   0000000180018120     pmc_add.obj
 0004:0000012c       $pdata$Add_Imp_using_ADCX  000000018001812c     pmc_add.obj
 0004:00000138       $pdata$PMC_Add_X_I_Imp     0000000180018138     pmc_add.obj
 0004:00000144       $pdata$PMC_Add_X_L_Imp     0000000180018144     pmc_add.obj
 0004:00000150       $pdata$PMC_BitwiseAnd_I_X  0000000180018150     pmc_bitwiseand.obj
 0004:0000015c       $pdata$PMC_BitwiseAnd_L_X  000000018001815c     pmc_bitwiseand.obj
 0004:00000168       $pdata$PMC_BitwiseAnd_X_I  0000000180018168     pmc_bitwiseand.obj
 0004:00000174       $pdata$PMC_BitwiseAnd_X_L  0000000180018174     pmc_bitwiseand.obj
 0004:00000180       $pdata$PMC_BitwiseAnd_X_X  0000000180018180     pmc_bitwiseand.obj
 0004:0000018c       $pdata$0$PMC_BitwiseAnd_X_X 000000018001818c     pmc_bitwiseand.obj
 0004:00000198       $pdata$1$PMC_BitwiseAnd_X_X 0000000180018198     pmc_bitwiseand.obj
 0004:000001a4       $pdata$BitwiseAnd_X_X      00000001800181a4     pmc_bitwiseand.obj
 0004:000001b0       $pdata$2$BitwiseAnd_X_X    00000001800181b0     pmc_bitwiseand.obj
 0004:000001bc       $pdata$3$BitwiseAnd_X_X    00000001800181bc     pmc_bitwiseand.obj
 0004:000001c8       $pdata$4$BitwiseAnd_X_X    00000001800181c8     pmc_bitwiseand.obj
 0004:000001d4       $pdata$PMC_BitwiseOr_I_X   00000001800181d4     pmc_bitwiseor.obj
 0004:000001e0       $pdata$PMC_BitwiseOr_L_X   00000001800181e0     pmc_bitwiseor.obj
 0004:000001ec       $pdata$PMC_BitwiseOr_X_I   00000001800181ec     pmc_bitwiseor.obj
 0004:000001f8       $pdata$PMC_BitwiseOr_X_L   00000001800181f8     pmc_bitwiseor.obj
 0004:00000204       $pdata$PMC_BitwiseOr_X_X   0000000180018204     pmc_bitwiseor.obj
 0004:00000210       $pdata$0$PMC_BitwiseOr_X_X 0000000180018210     pmc_bitwiseor.obj
 0004:0000021c       $pdata$1$PMC_BitwiseOr_X_X 000000018001821c     pmc_bitwiseor.obj
 0004:00000228       $pdata$2$PMC_BitwiseOr_X_X 0000000180018228     pmc_bitwiseor.obj
 0004:00000234       $pdata$3$PMC_BitwiseOr_X_X 0000000180018234     pmc_bitwiseor.obj
 0004:00000240       $pdata$BitwiseOr_X_X       0000000180018240     pmc_bitwiseor.obj
 0004:0000024c       $pdata$PMC_BitwiseOr_X_I_Imp 000000018001824c     pmc_bitwiseor.obj
 0004:00000258       $pdata$PMC_BitwiseOr_X_L_Imp 0000000180018258     pmc_bitwiseor.obj
 0004:00000264       $pdata$PMC_FromByteArray   0000000180018264     pmc_bytes.obj
 0004:00000270       $pdata$0$PMC_FromByteArray 0000000180018270     pmc_bytes.obj
 0004:0000027c       $pdata$2$PMC_FromByteArray 000000018001827c     pmc_bytes.obj
 0004:00000288       $pdata$3$PMC_FromByteArray 0000000180018288     pmc_bytes.obj
 0004:00000294       $pdata$PMC_ToByteArray     0000000180018294     pmc_bytes.obj
 0004:000002a0       $pdata$PMC_Clone_X         00000001800182a0     pmc_clone.obj
 0004:000002ac       $pdata$PMC_Compare_I_X     00000001800182ac     pmc_compare.obj
 0004:000002b8       $pdata$PMC_Compare_L_X     00000001800182b8     pmc_compare.obj
 0004:000002c4       $pdata$PMC_Compare_X_I     00000001800182c4     pmc_compare.obj
 0004:000002d0       $pdata$PMC_Compare_X_L     00000001800182d0     pmc_compare.obj
 0004:000002dc       $pdata$PMC_Compare_X_X     00000001800182dc     pmc_compare.obj
 0004:000002e8       $pdata$DivRem_X_X          00000001800182e8     pmc_divrem.obj
 0004:000002f4       $pdata$PMC_DivRem_I_X      00000001800182f4     pmc_divrem.obj
 0004:00000300       $pdata$PMC_DivRem_L_X      0000000180018300     pmc_divrem.obj
 0004:0000030c       $pdata$PMC_DivRem_X_I      000000018001830c     pmc_divrem.obj
 0004:00000318       $pdata$PMC_DivRem_X_L      0000000180018318     pmc_divrem.obj
 0004:00000324       $pdata$1$PMC_DivRem_X_L    0000000180018324     pmc_divrem.obj
 0004:00000330       $pdata$2$PMC_DivRem_X_L    0000000180018330     pmc_divrem.obj
 0004:0000033c       $pdata$3$PMC_DivRem_X_L    000000018001833c     pmc_divrem.obj
 0004:00000348       $pdata$4$PMC_DivRem_X_L    0000000180018348     pmc_divrem.obj
 0004:00000354       $pdata$PMC_DivRem_X_X      0000000180018354     pmc_divrem.obj
 0004:00000360       $pdata$0$PMC_DivRem_X_X    0000000180018360     pmc_divrem.obj
 0004:0000036c       $pdata$1$PMC_DivRem_X_X    000000018001836c     pmc_divrem.obj
 0004:00000378       $pdata$2$PMC_DivRem_X_X    0000000180018378     pmc_divrem.obj
 0004:00000384       $pdata$3$PMC_DivRem_X_X    0000000180018384     pmc_divrem.obj
 0004:00000390       $pdata$SubtructOneLine     0000000180018390     pmc_divrem.obj
 0004:0000039c       $pdata$SubtructOneLineX    000000018001839c     pmc_divrem.obj
 0004:000003a8       $pdata$AddOneLine          00000001800183a8     pmc_divrem.obj
 0004:000003b4       $pdata$AddOneLineX         00000001800183b4     pmc_divrem.obj
 0004:000003c0       $pdata$DivRem_X_X_using_ADC_MUL 00000001800183c0     pmc_divrem.obj
 0004:000003cc       $pdata$DivRem_X_X_using_ADX_MULX 00000001800183cc     pmc_divrem.obj
 0004:000003d8       $pdata$PMC_Equals_I_X      00000001800183d8     pmc_equals.obj
 0004:000003e4       $pdata$PMC_Equals_L_X      00000001800183e4     pmc_equals.obj
 0004:000003f0       $pdata$PMC_Equals_X_I      00000001800183f0     pmc_equals.obj
 0004:000003fc       $pdata$PMC_Equals_X_L      00000001800183fc     pmc_equals.obj
 0004:00000408       $pdata$PMC_Equals_X_X      0000000180018408     pmc_equals.obj
 0004:00000414       $pdata$PMC_ExclusiveOr_I_X 0000000180018414     pmc_exclusiveor.obj
 0004:00000420       $pdata$PMC_ExclusiveOr_L_X 0000000180018420     pmc_exclusiveor.obj
 0004:0000042c       $pdata$PMC_ExclusiveOr_X_I 000000018001842c     pmc_exclusiveor.obj
 0004:00000438       $pdata$PMC_ExclusiveOr_X_L 0000000180018438     pmc_exclusiveor.obj
 0004:00000444       $pdata$PMC_ExclusiveOr_X_X 0000000180018444     pmc_exclusiveor.obj
 0004:00000450       $pdata$0$PMC_ExclusiveOr_X_X 0000000180018450     pmc_exclusiveor.obj
 0004:0000045c       $pdata$1$PMC_ExclusiveOr_X_X 000000018001845c     pmc_exclusiveor.obj
 0004:00000468       $pdata$2$PMC_ExclusiveOr_X_X 0000000180018468     pmc_exclusiveor.obj
 0004:00000474       $pdata$4$PMC_ExclusiveOr_X_X 0000000180018474     pmc_exclusiveor.obj
 0004:00000480       $pdata$5$PMC_ExclusiveOr_X_X 0000000180018480     pmc_exclusiveor.obj
 0004:0000048c       $pdata$ExclusiveOr_X_X     000000018001848c     pmc_exclusiveor.obj
 0004:00000498       $pdata$PMC_ExclusiveOr_X_I_Imp 0000000180018498     pmc_exclusiveor.obj
 0004:000004a4       $pdata$PMC_ExclusiveOr_X_L_Imp 00000001800184a4     pmc_exclusiveor.obj
 0004:000004b0       $pdata$From_I_Imp          00000001800184b0     pmc_from.obj
 0004:000004bc       $pdata$From_L_Imp          00000001800184bc     pmc_from.obj
 0004:000004c8       $pdata$PMC_From_I          00000001800184c8     pmc_from.obj
 0004:000004d4       $pdata$PMC_From_L          00000001800184d4     pmc_from.obj
 0004:000004e0       $pdata$PMC_GetPropertyValue_X_I 00000001800184e0     pmc_getpropertyvalue.obj
 0004:000004ec       $pdata$PMC_GreatestCommonDivisor_I_X 00000001800184ec     pmc_greatestcommondivisor.obj
 0004:000004f8       $pdata$PMC_GreatestCommonDivisor_L_X 00000001800184f8     pmc_greatestcommondivisor.obj
 0004:00000504       $pdata$PMC_GreatestCommonDivisor_X_I 0000000180018504     pmc_greatestcommondivisor.obj
 0004:00000510       $pdata$PMC_GreatestCommonDivisor_X_L 0000000180018510     pmc_greatestcommondivisor.obj
 0004:0000051c       $pdata$PMC_GreatestCommonDivisor_X_X 000000018001851c     pmc_greatestcommondivisor.obj
 0004:00000528       $pdata$GreatestCommonDivisor_Imp 0000000180018528     pmc_greatestcommondivisor.obj
 0004:00000534       $pdata$PMC_GreatestCommonDivisor_X_I_Imp 0000000180018534     pmc_greatestcommondivisor.obj
 0004:00000540       $pdata$0$PMC_GreatestCommonDivisor_X_I_Imp 0000000180018540     pmc_greatestcommondivisor.obj
 0004:0000054c       $pdata$1$PMC_GreatestCommonDivisor_X_I_Imp 000000018001854c     pmc_greatestcommondivisor.obj
 0004:00000558       $pdata$PMC_GreatestCommonDivisor_X_L_Imp 0000000180018558     pmc_greatestcommondivisor.obj
 0004:00000564       $pdata$0$PMC_GreatestCommonDivisor_X_L_Imp 0000000180018564     pmc_greatestcommondivisor.obj
 0004:00000570       $pdata$1$PMC_GreatestCommonDivisor_X_L_Imp 0000000180018570     pmc_greatestcommondivisor.obj
 0004:0000057c       $pdata$PMC_UINT_Initialize 000000018001857c     pmc_initialize.obj
 0004:00000588       $pdata$PMC_ModPow_X_X_X    0000000180018588     pmc_modpow.obj
 0004:00000594       $pdata$Remainder           0000000180018594     pmc_modpow.obj
 0004:000005a0       $pdata$0$Remainder         00000001800185a0     pmc_modpow.obj
 0004:000005ac       $pdata$1$Remainder         00000001800185ac     pmc_modpow.obj
 0004:000005b8       $pdata$ModulePower         00000001800185b8     pmc_modpow.obj
 0004:000005c4       $pdata$2$ModulePower       00000001800185c4     pmc_modpow.obj
 0004:000005d0       $pdata$3$ModulePower       00000001800185d0     pmc_modpow.obj
 0004:000005dc       $pdata$PMC_Multiply_I_X    00000001800185dc     pmc_multiply.obj
 0004:000005e8       $pdata$PMC_Multiply_L_X    00000001800185e8     pmc_multiply.obj
 0004:000005f4       $pdata$PMC_Multiply_X_I    00000001800185f4     pmc_multiply.obj
 0004:00000600       $pdata$PMC_Multiply_X_L    0000000180018600     pmc_multiply.obj
 0004:0000060c       $pdata$PMC_Multiply_X_X    000000018001860c     pmc_multiply.obj
 0004:00000618       $pdata$Multiply_WORD_using_MUL_ADC 0000000180018618     pmc_multiply.obj
 0004:00000624       $pdata$Multiply_WORD_using_MULX_ADCX 0000000180018624     pmc_multiply.obj
 0004:00000630       $pdata$Multiply_X_2W_using_MUL_ADC 0000000180018630     pmc_multiply.obj
 0004:0000063c       $pdata$Multiply_X_2W_using_MULX_ADCX 000000018001863c     pmc_multiply.obj
 0004:00000648       $pdata$Multiply_X_X_using_MUL_ADC 0000000180018648     pmc_multiply.obj
 0004:00000654       $pdata$Multiply_X_X_using_MULX_ADCX 0000000180018654     pmc_multiply.obj
 0004:00000660       $pdata$PMC_Multiply_X_I_Imp 0000000180018660     pmc_multiply.obj
 0004:0000066c       $pdata$PMC_Multiply_X_L_Imp 000000018001866c     pmc_multiply.obj
 0004:00000678       $pdata$Initialize_Parse    0000000180018678     pmc_parse.obj
 0004:00000684       $pdata$PMC_TryParse        0000000180018684     pmc_parse.obj
 0004:00000690       $pdata$InitializeParserState 0000000180018690     pmc_parse.obj
 0004:0000069c       $pdata$ParseAsDecimalNumberString 000000018001869c     pmc_parse.obj
 0004:000006a8       $pdata$Build1WordFromDecimalString 00000001800186a8     pmc_parse.obj
 0004:000006b4       $pdata$MultiplyAndAdd_using_ADC_MUL 00000001800186b4     pmc_parse.obj
 0004:000006c0       $pdata$MultiplyAndAdd_using_ADCX_MULX 00000001800186c0     pmc_parse.obj
 0004:000006cc       $pdata$TryParseDN          00000001800186cc     pmc_parse.obj
 0004:000006d8       $pdata$0$TryParseDN        00000001800186d8     pmc_parse.obj
 0004:000006e4       $pdata$1$TryParseDN        00000001800186e4     pmc_parse.obj
 0004:000006f0       $pdata$Build1WordFromHexString 00000001800186f0     pmc_parse.obj
 0004:000006fc       $pdata$TryParseX           00000001800186fc     pmc_parse.obj
 0004:00000708       $pdata$0$TryParseX         0000000180018708     pmc_parse.obj
 0004:00000714       $pdata$1$TryParseX         0000000180018714     pmc_parse.obj
 0004:00000720       $pdata$2$TryParseX         0000000180018720     pmc_parse.obj
 0004:0000072c       $pdata$3$TryParseX         000000018001872c     pmc_parse.obj
 0004:00000738       $pdata$PMC_Pow_X_I         0000000180018738     pmc_pow.obj
 0004:00000744       $pdata$PMC_Pow_X_I_Imp     0000000180018744     pmc_pow.obj
 0004:00000750       $pdata$1$PMC_Pow_X_I_Imp   0000000180018750     pmc_pow.obj
 0004:0000075c       $pdata$2$PMC_Pow_X_I_Imp   000000018001875c     pmc_pow.obj
 0004:00000768       $pdata$RightShift_Imp_DIV  0000000180018768     pmc_shift.obj
 0004:00000774       $pdata$0$RightShift_Imp_DIV 0000000180018774     pmc_shift.obj
 0004:00000780       $pdata$1$RightShift_Imp_DIV 0000000180018780     pmc_shift.obj
 0004:0000078c       $pdata$2$RightShift_Imp_DIV 000000018001878c     pmc_shift.obj
 0004:00000798       $pdata$3$RightShift_Imp_DIV 0000000180018798     pmc_shift.obj
 0004:000007a4       $pdata$RightShift_Imp      00000001800187a4     pmc_shift.obj
 0004:000007b0       $pdata$0$RightShift_Imp    00000001800187b0     pmc_shift.obj
 0004:000007bc       $pdata$1$RightShift_Imp    00000001800187bc     pmc_shift.obj
 0004:000007c8       $pdata$LeftShift_Imp_DIV   00000001800187c8     pmc_shift.obj
 0004:000007d4       $pdata$0$LeftShift_Imp_DIV 00000001800187d4     pmc_shift.obj
 0004:000007e0       $pdata$1$LeftShift_Imp_DIV 00000001800187e0     pmc_shift.obj
 0004:000007ec       $pdata$LeftShift_Imp       00000001800187ec     pmc_shift.obj
 0004:000007f8       $pdata$0$LeftShift_Imp     00000001800187f8     pmc_shift.obj
 0004:00000804       $pdata$1$LeftShift_Imp     0000000180018804     pmc_shift.obj
 0004:00000810       $pdata$PMC_RightShift_X_I  0000000180018810     pmc_shift.obj
 0004:0000081c       $pdata$PMC_RightShift_X_L  000000018001881c     pmc_shift.obj
 0004:00000828       $pdata$PMC_LeftShift_X_I   0000000180018828     pmc_shift.obj
 0004:00000834       $pdata$PMC_LeftShift_X_L   0000000180018834     pmc_shift.obj
 0004:00000840       $pdata$Subtruct_Imp        0000000180018840     pmc_subtruct.obj
 0004:0000084c       $pdata$PMC_Subtruct_I_X    000000018001884c     pmc_subtruct.obj
 0004:00000858       $pdata$PMC_Subtruct_L_X    0000000180018858     pmc_subtruct.obj
 0004:00000864       $pdata$PMC_Subtruct_X_I    0000000180018864     pmc_subtruct.obj
 0004:00000870       $pdata$PMC_Subtruct_X_L    0000000180018870     pmc_subtruct.obj
 0004:0000087c       $pdata$PMC_Subtruct_X_X    000000018001887c     pmc_subtruct.obj
 0004:00000888       $pdata$PMC_To_X_I          0000000180018888     pmc_to.obj
 0004:00000894       $pdata$PMC_To_X_L          0000000180018894     pmc_to.obj
 0004:000008a0       $pdata$Initialize_ToString 00000001800188a0     pmc_tostring.obj
 0004:000008ac       $pdata$PMC_ToString        00000001800188ac     pmc_tostring.obj
 0004:000008b8       $pdata$OutputOneChar       00000001800188b8     pmc_tostring.obj
 0004:000008c4       $pdata$PrintDecimal        00000001800188c4     pmc_tostring.obj
 0004:000008d0       $pdata$ToStringDN          00000001800188d0     pmc_tostring.obj
 0004:000008dc       $pdata$ToStringX           00000001800188dc     pmc_tostring.obj
 0004:000008e8       $pdata$__GSHandlerCheckCommon 00000001800188e8     MSVCRT:gshandler.obj
 0004:000008f4       $pdata$__GSHandlerCheck    00000001800188f4     MSVCRT:gshandler.obj
 0004:0000090c       $pdata$?dllmain_crt_process_attach@@YAHQEAUHINSTANCE__@@QEAX@Z 000000018001890c     MSVCRT:dll_dllmain.obj
 0004:00000918       $pdata$?fin$0@?0??dllmain_crt_process_attach@@YAHQEAUHINSTANCE__@@QEAX@Z@4HA 0000000180018918     MSVCRT:dll_dllmain.obj
 0004:00000924       $pdata$?dllmain_crt_process_detach@@YAH_N@Z 0000000180018924     MSVCRT:dll_dllmain.obj
 0004:00000930       $pdata$?fin$0@?0??dllmain_crt_process_detach@@YAH_N@Z@4HA 0000000180018930     MSVCRT:dll_dllmain.obj
 0004:0000093c       $pdata$?dllmain_crt_dispatch@@YAHQEAUHINSTANCE__@@KQEAX@Z 000000018001893c     MSVCRT:dll_dllmain.obj
 0004:00000948       $pdata$?dllmain_dispatch@@YAHQEAUHINSTANCE__@@KQEAX@Z 0000000180018948     MSVCRT:dll_dllmain.obj
 0004:00000954       $pdata$?filt$0@?0??dllmain_dispatch@@YAHQEAUHINSTANCE__@@KQEAX@Z@4HA 0000000180018954     MSVCRT:dll_dllmain.obj
 0004:00000960       $pdata$_DllMainCRTStartup  0000000180018960     MSVCRT:dll_dllmain.obj
 0004:0000096c       $pdata$__report_securityfailure 000000018001896c     MSVCRT:gs_report.obj
 0004:00000978       $pdata$__report_securityfailureEx 0000000180018978     MSVCRT:gs_report.obj
 0004:00000984       $pdata$__report_rangecheckfailure 0000000180018984     MSVCRT:gs_report.obj
 0004:00000990       $pdata$__report_gsfailure  0000000180018990     MSVCRT:gs_report.obj
 0004:0000099c       $pdata$capture_current_context 000000018001899c     MSVCRT:gs_report.obj
 0004:000009a8       $pdata$capture_previous_context 00000001800189a8     MSVCRT:gs_report.obj
 0004:000009b4       $pdata$__raise_securityfailure 00000001800189b4     MSVCRT:gs_report.obj
 0004:000009c0       $pdata$__security_init_cookie 00000001800189c0     MSVCRT:gs_support.obj
 0004:000009cc       $pdata$__get_entropy       00000001800189cc     MSVCRT:gs_support.obj
 0004:000009d8       $pdata$__scrt_initialize_default_local_stdio_options 00000001800189d8     MSVCRT:default_local_stdio_options.obj
 0004:000009e4       $pdata$atexit              00000001800189e4     MSVCRT:utility.obj
 0004:000009f0       $pdata$_onexit             00000001800189f0     MSVCRT:utility.obj
 0004:000009fc       $pdata$__scrt_is_nonwritable_in_current_image 00000001800189fc     MSVCRT:utility.obj
 0004:00000a08       $pdata$__scrt_is_nonwritable_in_current_image$filt$0 0000000180018a08     MSVCRT:utility.obj
 0004:00000a14       $pdata$__scrt_acquire_startup_lock 0000000180018a14     MSVCRT:utility.obj
 0004:00000a20       $pdata$__scrt_release_startup_lock 0000000180018a20     MSVCRT:utility.obj
 0004:00000a2c       $pdata$__scrt_initialize_crt 0000000180018a2c     MSVCRT:utility.obj
 0004:00000a38       $pdata$__scrt_uninitialize_crt 0000000180018a38     MSVCRT:utility.obj
 0004:00000a44       $pdata$__scrt_initialize_onexit_tables 0000000180018a44     MSVCRT:utility.obj
 0004:00000a50       $pdata$__scrt_dllmain_exception_filter 0000000180018a50     MSVCRT:utility.obj
 0004:00000a5c       $pdata$__scrt_dllmain_before_initialize_c 0000000180018a5c     MSVCRT:utility.obj
 0004:00000a68       $pdata$__scrt_dllmain_after_initialize_c 0000000180018a68     MSVCRT:utility.obj
 0004:00000a74       $pdata$__scrt_dllmain_uninitialize_c 0000000180018a74     MSVCRT:utility.obj
 0004:00000a80       $pdata$__scrt_dllmain_uninitialize_critical 0000000180018a80     MSVCRT:utility.obj
 0004:00000a8c       $pdata$__scrt_dllmain_crt_thread_attach 0000000180018a8c     MSVCRT:utility.obj
 0004:00000a98       $pdata$__scrt_dllmain_crt_thread_detach 0000000180018a98     MSVCRT:utility.obj
 0004:00000aa4       $pdata$?configure_argv@__scrt_narrow_argv_policy@@SAHXZ 0000000180018aa4     MSVCRT:utility.obj
 0004:00000ab0       $pdata$__scrt_get_show_window_mode 0000000180018ab0     MSVCRT:utility_desktop.obj
 0004:00000abc       $pdata$__scrt_is_managed_app 0000000180018abc     MSVCRT:utility_desktop.obj
 0004:00000ac8       $pdata$__scrt_fastfail     0000000180018ac8     MSVCRT:utility_desktop.obj
 0004:00000ad4       $pdata$__scrt_unhandled_exception_filter 0000000180018ad4     MSVCRT:utility_desktop.obj
 0004:00000ae0       $pdata$_RTC_Initialize     0000000180018ae0     MSVCRT:initsect.obj
 0004:00000aec       $pdata$_RTC_Terminate      0000000180018aec     MSVCRT:initsect.obj
 0004:00000af8       $pdata$__isa_available_init 0000000180018af8     MSVCRT:cpu_disp.obj
 0005:000000a0       $R000000                   00000001800190a0     Palmtree.Math.Core.Uint.res
 0005:000003c0       $R000320                   00000001800193c0     Palmtree.Math.Core.Uint.res
