 Palmtree.Math.Core.Uint

 Timestamp is 5c5f6639 (Sun Feb 10 08:46:01 2019)

 Preferred load address is 0000000180000000

 Start         Length     Name                   Class
 0001:00000000 00013880H .text$mn                CODE
 0001:00013880 00000012H .text$mn$00             CODE
 0001:00013892 00000081H .text$x                 CODE
 0002:00000000 00000140H .idata$5                DATA
 0002:00000140 00000010H .00cfg                  DATA
 0002:00000150 00000008H .CRT$XCA                DATA
 0002:00000158 00000008H .CRT$XCZ                DATA
 0002:00000160 00000008H .CRT$XIA                DATA
 0002:00000168 00000008H .CRT$XIZ                DATA
 0002:00000170 00000008H .CRT$XPA                DATA
 0002:00000178 00000008H .CRT$XPZ                DATA
 0002:00000180 00000008H .CRT$XTA                DATA
 0002:00000188 00000008H .CRT$XTZ                DATA
 0002:00000190 00000000H .gfids$y                DATA
 0002:00000190 00000190H .rdata                  DATA
 0002:00000320 000002e0H .rdata$zzzdbg           DATA
 0002:00000600 00000008H .rtc$IAA                DATA
 0002:00000608 00000008H .rtc$IZZ                DATA
 0002:00000610 00000008H .rtc$TAA                DATA
 0002:00000618 00000008H .rtc$TZZ                DATA
 0002:00000620 00000f00H .xdata                  DATA
 0002:00001520 00000074H .edata                  DATA
 0002:00001594 0000003cH .idata$2                DATA
 0002:000015d0 00000018H .idata$3                DATA
 0002:000015e8 00000140H .idata$4                DATA
 0002:00001728 00000332H .idata$6                DATA
 0003:00000000 000000c0H .data                   DATA
 0003:000000c0 00000990H .bss                    DATA
 0004:00000000 00000b04H .pdata                  DATA
 0005:00000000 000000a0H .rsrc$01                DATA
 0005:000000a0 000004a0H .rsrc$02                DATA

  Address         Publics by Value              Rva+Base               Lib:Object

 0000:00000000       __hybrid_code_map          0000000000000000     <absolute>
 0000:00000000       __guard_longjmp_count      0000000000000000     <absolute>
 0000:00000000       __dynamic_value_reloc_table 0000000000000000     <absolute>
 0000:00000000       ___safe_se_handler_table   0000000000000000     <absolute>
 0000:00000000       __guard_longjmp_table      0000000000000000     <absolute>
 0000:00000000       __hybrid_code_map_count    0000000000000000     <absolute>
 0000:00000000       __enclave_config           0000000000000000     <absolute>
 0000:00000000       __guard_fids_count         0000000000000000     <absolute>
 0000:00000000       __volatile_metadata        0000000000000000     <absolute>
 0000:00000000       __guard_iat_count          0000000000000000     <absolute>
 0000:00000000       __hybrid_auxiliary_iat     0000000000000000     <absolute>
 0000:00000000       __guard_fids_table         0000000000000000     <absolute>
 0000:00000000       __guard_iat_table          0000000000000000     <absolute>
 0000:00000000       ___safe_se_handler_count   0000000000000000     <absolute>
 0000:00000100       __guard_flags              0000000000000100     <absolute>
 0000:00000000       __ImageBase                0000000180000000     <linker-defined>
 0001:00000000       GetCPUInfo                 0000000180001000 f   cpuid.obj
 0001:000000b0       DoDebug                    00000001800010b0 f   debug.obj
 0001:000000c0       DllMain                    00000001800010c0 f   dllmain.obj
 0001:00000100       AllocateBlock              0000000180001100 f   pmc_memory.obj
 0001:00000180       AllocateHeapArea           0000000180001180 f   pmc_memory.obj
 0001:000001b0       AllocateNumber             00000001800011b0 f   pmc_memory.obj
 0001:00000220       AttatchNumber              0000000180001220 f   pmc_memory.obj
 0001:000004d0       CheckBlockLight            00000001800014d0 f   pmc_memory.obj
 0001:000004e0       CheckNumber                00000001800014e0 f   pmc_memory.obj
 0001:00000560       CommitNumber               0000000180001560 f   pmc_memory.obj
 0001:000006c0       DeallocateBlock            00000001800016c0 f   pmc_memory.obj
 0001:00000710       DeallocateHeapArea         0000000180001710 f   pmc_memory.obj
 0001:00000740       DeallocateNumber           0000000180001740 f   pmc_memory.obj
 0001:000007a0       DetatchNumber              00000001800017a0 f   pmc_memory.obj
 0001:000007b0       DuplicateNumber            00000001800017b0 f   pmc_memory.obj
 0001:00000940       Initialize_Memory          0000000180001940 f   pmc_memory.obj
 0001:00000ab0       PMC_Dispose                0000000180001ab0 f   pmc_memory.obj
 0001:00000b30       PMC_GetConstantValue_I     0000000180001b30 f   pmc_memory.obj
 0001:000011a0       Initialize_Add             00000001800021a0 f   pmc_add.obj
 0001:000011c0       PMC_Add_I_X                00000001800021c0 f   pmc_add.obj
 0001:00001220       PMC_Add_L_X                0000000180002220 f   pmc_add.obj
 0001:00001280       PMC_Add_X_I                0000000180002280 f   pmc_add.obj
 0001:00001420       PMC_Add_X_L                0000000180002420 f   pmc_add.obj
 0001:000015c0       PMC_Add_X_X                00000001800025c0 f   pmc_add.obj
 0001:00001ed0       Initialize_BitwiseAnd      0000000180002ed0 f   pmc_bitwiseand.obj
 0001:00001ee0       PMC_BitwiseAnd_I_X         0000000180002ee0 f   pmc_bitwiseand.obj
 0001:00001f60       PMC_BitwiseAnd_L_X         0000000180002f60 f   pmc_bitwiseand.obj
 0001:00001ff0       PMC_BitwiseAnd_X_I         0000000180002ff0 f   pmc_bitwiseand.obj
 0001:00002070       PMC_BitwiseAnd_X_L         0000000180003070 f   pmc_bitwiseand.obj
 0001:000020f0       PMC_BitwiseAnd_X_X         00000001800030f0 f   pmc_bitwiseand.obj
 0001:00002530       Initialize_BitwiseOr       0000000180003530 f   pmc_bitwiseor.obj
 0001:00002540       PMC_BitwiseOr_I_X          0000000180003540 f   pmc_bitwiseor.obj
 0001:000025a0       PMC_BitwiseOr_L_X          00000001800035a0 f   pmc_bitwiseor.obj
 0001:00002600       PMC_BitwiseOr_X_I          0000000180003600 f   pmc_bitwiseor.obj
 0001:00002750       PMC_BitwiseOr_X_L          0000000180003750 f   pmc_bitwiseor.obj
 0001:000028b0       PMC_BitwiseOr_X_X          00000001800038b0 f   pmc_bitwiseor.obj
 0001:00002a20       PMC_FromByteArray          0000000180003a20 f   pmc_bytes.obj
 0001:00002b00       PMC_FromByteArrayForSINT   0000000180003b00 f   pmc_bytes.obj
 0001:00002be0       PMC_ToByteArray            0000000180003be0 f   pmc_bytes.obj
 0001:00002c90       PMC_ToByteArrayForSINT     0000000180003c90 f   pmc_bytes.obj
 0001:00002d70       Initialize_Clone           0000000180003d70 f   pmc_clone.obj
 0001:00002d80       PMC_Clone_X                0000000180003d80 f   pmc_clone.obj
 0001:00002e00       Compare_Imp                0000000180003e00 f   pmc_compare.obj
 0001:00002e50       Initialize_Compare         0000000180003e50 f   pmc_compare.obj
 0001:00002e60       PMC_Compare_I_X            0000000180003e60 f   pmc_compare.obj
 0001:00002f50       PMC_Compare_L_X            0000000180003f50 f   pmc_compare.obj
 0001:00003040       PMC_Compare_X_I            0000000180004040 f   pmc_compare.obj
 0001:000030e0       PMC_Compare_X_L            00000001800040e0 f   pmc_compare.obj
 0001:00003180       PMC_Compare_X_X            0000000180004180 f   pmc_compare.obj
 0001:00003980       DivRem_X_1W                0000000180004980 f   pmc_divrem.obj
 0001:00003fa0       DivRem_X_X                 0000000180004fa0 f   pmc_divrem.obj
 0001:00004690       Initialize_DivRem          0000000180005690 f   pmc_divrem.obj
 0001:000046c0       PMC_DivRem_I_X             00000001800056c0 f   pmc_divrem.obj
 0001:000047a0       PMC_DivRem_L_X             00000001800057a0 f   pmc_divrem.obj
 0001:00004a40       PMC_DivRem_X_I             0000000180005a40 f   pmc_divrem.obj
 0001:00004c00       PMC_DivRem_X_L             0000000180005c00 f   pmc_divrem.obj
 0001:00004fc0       PMC_DivRem_X_X             0000000180005fc0 f   pmc_divrem.obj
 0001:00005450       Rem_X_1W                   0000000180006450 f   pmc_divrem.obj
 0001:00007490       Initialize_Equals          0000000180008490 f   pmc_equals.obj
 0001:000074a0       PMC_Equals_I_X             00000001800084a0 f   pmc_equals.obj
 0001:00007500       PMC_Equals_L_X             0000000180008500 f   pmc_equals.obj
 0001:00007570       PMC_Equals_X_I             0000000180008570 f   pmc_equals.obj
 0001:000075d0       PMC_Equals_X_L             00000001800085d0 f   pmc_equals.obj
 0001:00007630       PMC_Equals_X_X             0000000180008630 f   pmc_equals.obj
 0001:00007a50       Initialize_ExclusiveOr     0000000180008a50 f   pmc_exclusiveor.obj
 0001:00007a60       PMC_ExclusiveOr_I_X        0000000180008a60 f   pmc_exclusiveor.obj
 0001:00007ac0       PMC_ExclusiveOr_L_X        0000000180008ac0 f   pmc_exclusiveor.obj
 0001:00007b20       PMC_ExclusiveOr_X_I        0000000180008b20 f   pmc_exclusiveor.obj
 0001:00007c90       PMC_ExclusiveOr_X_L        0000000180008c90 f   pmc_exclusiveor.obj
 0001:00007e10       PMC_ExclusiveOr_X_X        0000000180008e10 f   pmc_exclusiveor.obj
 0001:00007f60       From_I_Imp                 0000000180008f60 f   pmc_from.obj
 0001:00007fc0       From_L_Imp                 0000000180008fc0 f   pmc_from.obj
 0001:00008020       Initialize_From            0000000180009020 f   pmc_from.obj
 0001:00008030       PMC_From_I                 0000000180009030 f   pmc_from.obj
 0001:000080b0       PMC_From_L                 00000001800090b0 f   pmc_from.obj
 0001:00008230       Initialize_GreatestCommonDivisor 0000000180009230 f   pmc_greatestcommondivisor.obj
 0001:00008240       PMC_GreatestCommonDivisor_I_X 0000000180009240 f   pmc_greatestcommondivisor.obj
 0001:000082a0       PMC_GreatestCommonDivisor_L_X 00000001800092a0 f   pmc_greatestcommondivisor.obj
 0001:00008300       PMC_GreatestCommonDivisor_X_I 0000000180009300 f   pmc_greatestcommondivisor.obj
 0001:000085e0       PMC_GreatestCommonDivisor_X_L 00000001800095e0 f   pmc_greatestcommondivisor.obj
 0001:000088b0       PMC_GreatestCommonDivisor_X_X 00000001800098b0 f   pmc_greatestcommondivisor.obj
 0001:00008b40       PMC_UINT_Initialize        0000000180009b40 f   pmc_initialize.obj
 0001:00009100       Initialize_ModPow          000000018000a100 f   pmc_modpow.obj
 0001:00009760       PMC_ModPow_X_X_X           000000018000a760 f   pmc_modpow.obj
 0001:000099a0       Initialize_Multiply        000000018000a9a0 f   pmc_multiply.obj
 0001:0000b310       Multiply_X_X_Imp           000000018000c310 f   pmc_multiply.obj
 0001:0000b440       PMC_Multiply_I_X           000000018000c440 f   pmc_multiply.obj
 0001:0000b4a0       PMC_Multiply_L_X           000000018000c4a0 f   pmc_multiply.obj
 0001:0000b500       PMC_Multiply_X_I           000000018000c500 f   pmc_multiply.obj
 0001:0000b660       PMC_Multiply_X_L           000000018000c660 f   pmc_multiply.obj
 0001:0000b7c0       PMC_Multiply_X_X           000000018000c7c0 f   pmc_multiply.obj
 0001:0000bd60       Initialize_Parse           000000018000cd60 f   pmc_parse.obj
 0001:0000d120       PMC_TryParse               000000018000e120 f   pmc_parse.obj
 0001:0000d1c0       PMC_TryParseForSINT        000000018000e1c0 f   pmc_parse.obj
 0001:0000e2a0       Initialize_Pow             000000018000f2a0 f   pmc_pow.obj
 0001:0000e2b0       PMC_Pow_X_I                000000018000f2b0 f   pmc_pow.obj
 0001:0000e5e0       Initialize_Shift           000000018000f5e0 f   pmc_shift.obj
 0001:0000e5f0       LeftShift_Imp              000000018000f5f0 f   pmc_shift.obj
 0001:0000edd0       LeftShift_Imp_DIV          000000018000fdd0 f   pmc_shift.obj
 0001:0000f400       PMC_LeftShift_X_I          0000000180010400 f   pmc_shift.obj
 0001:0000f520       PMC_RightShift_X_I         0000000180010520 f   pmc_shift.obj
 0001:0000f640       RightShift_Imp             0000000180010640 f   pmc_shift.obj
 0001:0000fe20       RightShift_Imp_DIV         0000000180010e20 f   pmc_shift.obj
 0001:00010460       PMC_GetStatisticsInfo      0000000180011460 f   pmc_statistics.obj
 0001:00010490       Initialize_Subtruct        0000000180011490 f   pmc_subtruct.obj
 0001:000104a0       PMC_Subtruct_I_X           00000001800114a0 f   pmc_subtruct.obj
 0001:00010580       PMC_Subtruct_L_X           0000000180011580 f   pmc_subtruct.obj
 0001:00010650       PMC_Subtruct_X_I           0000000180011650 f   pmc_subtruct.obj
 0001:000107e0       PMC_Subtruct_X_L           00000001800117e0 f   pmc_subtruct.obj
 0001:00010970       PMC_Subtruct_X_X           0000000180011970 f   pmc_subtruct.obj
 0001:00010af0       Subtruct_Imp               0000000180011af0 f   pmc_subtruct.obj
 0001:00011020       Initialize_To              0000000180012020 f   pmc_to.obj
 0001:00011030       PMC_To_X_I                 0000000180012030 f   pmc_to.obj
 0001:00011090       PMC_To_X_L                 0000000180012090 f   pmc_to.obj
 0001:000110f0       Initialize_ToString        00000001800120f0 f   pmc_tostring.obj
 0001:00011240       PMC_ToString               0000000180012240 f   pmc_tostring.obj
 0001:0001246e       HeapCreate                 000000018001346e f   kernel32:KERNEL32.dll
 0001:00012474       HeapDestroy                0000000180013474 f   kernel32:KERNEL32.dll
 0001:0001247a       HeapAlloc                  000000018001347a f   kernel32:KERNEL32.dll
 0001:00012480       HeapFree                   0000000180013480 f   kernel32:KERNEL32.dll
 0001:00012486       lstrcpyW                   0000000180013486 f   kernel32:KERNEL32.dll
 0001:0001248c       lstrlenW                   000000018001348c f   kernel32:KERNEL32.dll
 0001:00012494       __GSHandlerCheck           0000000180013494 f   MSVCRT:gshandler.obj
 0001:000124b4       __GSHandlerCheckCommon     00000001800134b4 f   MSVCRT:gshandler.obj
 0001:00012520       __security_check_cookie    0000000180013520 f   MSVCRT:amdsecgs.obj
 0001:00012890       _CRT_INIT                  0000000180013890 f   MSVCRT:dll_dllmain.obj
 0001:00012898       _DllMainCRTStartup         0000000180013898 f   MSVCRT:dll_dllmain.obj
 0001:000128d8       __raise_securityfailure    00000001800138d8 f   MSVCRT:gs_report.obj
 0001:0001290c       __report_gsfailure         000000018001390c f   MSVCRT:gs_report.obj
 0001:000129e0       __report_rangecheckfailure 00000001800139e0 f   MSVCRT:gs_report.obj
 0001:000129f4       __report_securityfailure   00000001800139f4 f   MSVCRT:gs_report.obj
 0001:00012a90       __report_securityfailureEx 0000000180013a90 f   MSVCRT:gs_report.obj
 0001:00012cf0       __security_init_cookie     0000000180013cf0 f   MSVCRT:gs_support.obj
 0001:00012d9c       ?__scrt_initialize_type_info@@YAXXZ 0000000180013d9c f   MSVCRT:tncleanup.obj
 0001:00012dac       ?__scrt_uninitialize_type_info@@YAXXZ 0000000180013dac f   MSVCRT:tncleanup.obj
 0001:00012db8       __local_stdio_printf_options 0000000180013db8 f i MSVCRT:default_local_stdio_options.obj
 0001:00012dc0       __local_stdio_scanf_options 0000000180013dc0 f i MSVCRT:default_local_stdio_options.obj
 0001:00012dc8       __scrt_initialize_default_local_stdio_options 0000000180013dc8 f   MSVCRT:default_local_stdio_options.obj
 0001:00012de4       ??$__crt_fast_decode_pointer@PEAP6AXXZ@@YAPEAP6AXXZQEAP6AXXZ@Z 0000000180013de4 f i MSVCRT:utility.obj
 0001:00012dfc       ??$__crt_fast_encode_pointer@PEAP6AXXZ@@YAPEAP6AXXZQEAP6AXXZ@Z 0000000180013dfc f i MSVCRT:utility.obj
 0001:00012e1c       ?__crt_rotate_pointer_value@@YA_K_KH@Z 0000000180013e1c f i MSVCRT:utility.obj
 0001:00012e28       ?configure_argv@__scrt_narrow_argv_policy@@SAHXZ 0000000180013e28 f i MSVCRT:utility.obj
 0001:00012e88       ?initialize_environment@__scrt_narrow_environment_policy@@SAHXZ 0000000180013e88 f i MSVCRT:utility.obj
 0001:00012ec0       NtCurrentTeb               0000000180013ec0 f i MSVCRT:utility.obj
 0001:00012ecc       __scrt_acquire_startup_lock 0000000180013ecc f   MSVCRT:utility.obj
 0001:00012f08       __scrt_dllmain_after_initialize_c 0000000180013f08 f   MSVCRT:utility.obj
 0001:00012f3c       __scrt_dllmain_before_initialize_c 0000000180013f3c f   MSVCRT:utility.obj
 0001:00012f54       __scrt_dllmain_crt_thread_attach 0000000180013f54 f   MSVCRT:utility.obj
 0001:00012f7c       __scrt_dllmain_crt_thread_detach 0000000180013f7c f   MSVCRT:utility.obj
 0001:00012f94       __scrt_dllmain_exception_filter 0000000180013f94 f   MSVCRT:utility.obj
 0001:00012ff4       __scrt_dllmain_uninitialize_c 0000000180013ff4 f   MSVCRT:utility.obj
 0001:00013024       __scrt_dllmain_uninitialize_critical 0000000180014024 f   MSVCRT:utility.obj
 0001:00013038       __scrt_initialize_crt      0000000180014038 f   MSVCRT:utility.obj
 0001:00013084       __scrt_initialize_onexit_tables 0000000180014084 f   MSVCRT:utility.obj
 0001:0001315c       __scrt_is_nonwritable_in_current_image 000000018001415c f   MSVCRT:utility.obj
 0001:000131f8       __scrt_release_startup_lock 00000001800141f8 f   MSVCRT:utility.obj
 0001:0001321c       __scrt_uninitialize_crt    000000018001421c f   MSVCRT:utility.obj
 0001:00013248       _onexit                    0000000180014248 f   MSVCRT:utility.obj
 0001:00013298       at_quick_exit              0000000180014298 f   MSVCRT:utility.obj
 0001:000132d0       atexit                     00000001800142d0 f   MSVCRT:utility.obj
 0001:000132e8       __scrt_get_dyn_tls_init_callback 00000001800142e8 f   MSVCRT:dyn_tls_init.obj
 0001:000132f0       __crt_debugger_hook        00000001800142f0 f   MSVCRT:utility_desktop.obj
 0001:000132f8       __scrt_fastfail            00000001800142f8 f   MSVCRT:utility_desktop.obj
 0001:00013444       __scrt_get_show_window_mode 0000000180014444 f   MSVCRT:utility_desktop.obj
 0001:00013480       __scrt_initialize_mta      0000000180014480 f   MSVCRT:utility_desktop.obj
 0001:00013488       __scrt_initialize_winrt    0000000180014488 f   MSVCRT:utility_desktop.obj
 0001:0001348c       __scrt_is_managed_app      000000018001448c f   MSVCRT:utility_desktop.obj
 0001:000134e0       __scrt_set_unhandled_exception_filter 00000001800144e0 f   MSVCRT:utility_desktop.obj
 0001:000134f0       __scrt_stub_for_initialize_mta 00000001800144f0 f   MSVCRT:utility_desktop.obj
 0001:000134f0       __scrt_exe_initialize_mta  00000001800144f0 f   MSVCRT:utility_desktop.obj
 0001:000134f4       __scrt_unhandled_exception_filter 00000001800144f4 f   MSVCRT:utility_desktop.obj
 0001:0001352c       _RTC_Initialize            000000018001452c f   MSVCRT:initsect.obj
 0001:00013568       _RTC_Terminate             0000000180014568 f   MSVCRT:initsect.obj
 0001:000135a4       _guard_check_icall_nop     00000001800145a4 f i MSVCRT:guard_support.obj
 0001:000135a8       ReadNoFence64              00000001800145a8 f i MSVCRT:guard_support.obj
 0001:000135ac       ReadPointerNoFence         00000001800145ac f i MSVCRT:guard_support.obj
 0001:000135b0       _guard_icall_checks_enforced 00000001800145b0 f i MSVCRT:guard_support.obj
 0001:000135c8       _guard_rf_checks_enforced  00000001800145c8 f i MSVCRT:guard_support.obj
 0001:000135cc       __isa_available_init       00000001800145cc f   MSVCRT:cpu_disp.obj
 0001:00013788       _get_startup_argv_mode     0000000180014788 f   MSVCRT:argv_mode.obj
 0001:00013790       __scrt_is_ucrt_dll_in_use  0000000180014790 f   MSVCRT:ucrt_detection.obj
 0001:000137a0       __C_specific_handler       00000001800147a0 f   vcruntime:VCRUNTIME140.dll
 0001:000137a6       __std_type_info_destroy_list 00000001800147a6 f   vcruntime:VCRUNTIME140.dll
 0001:000137ac       memset                     00000001800147ac f   vcruntime:VCRUNTIME140.dll
 0001:000137b2       _initterm                  00000001800147b2 f   ucrt:api-ms-win-crt-runtime-l1-1-0.dll
 0001:000137b8       _initterm_e                00000001800147b8 f   ucrt:api-ms-win-crt-runtime-l1-1-0.dll
 0001:000137be       _seh_filter_dll            00000001800147be f   ucrt:api-ms-win-crt-runtime-l1-1-0.dll
 0001:000137c4       _configure_narrow_argv     00000001800147c4 f   ucrt:api-ms-win-crt-runtime-l1-1-0.dll
 0001:000137ca       _initialize_narrow_environment 00000001800147ca f   ucrt:api-ms-win-crt-runtime-l1-1-0.dll
 0001:000137d0       _initialize_onexit_table   00000001800147d0 f   ucrt:api-ms-win-crt-runtime-l1-1-0.dll
 0001:000137d6       _register_onexit_function  00000001800147d6 f   ucrt:api-ms-win-crt-runtime-l1-1-0.dll
 0001:000137dc       _execute_onexit_table      00000001800147dc f   ucrt:api-ms-win-crt-runtime-l1-1-0.dll
 0001:000137e2       _crt_atexit                00000001800147e2 f   ucrt:api-ms-win-crt-runtime-l1-1-0.dll
 0001:000137e8       _crt_at_quick_exit         00000001800147e8 f   ucrt:api-ms-win-crt-runtime-l1-1-0.dll
 0001:000137ee       _cexit                     00000001800147ee f   ucrt:api-ms-win-crt-runtime-l1-1-0.dll
 0001:000137f4       terminate                  00000001800147f4 f   ucrt:api-ms-win-crt-runtime-l1-1-0.dll
 0001:000137fa       RtlCaptureContext          00000001800147fa f   kernel32:KERNEL32.dll
 0001:00013800       RtlLookupFunctionEntry     0000000180014800 f   kernel32:KERNEL32.dll
 0001:00013806       RtlVirtualUnwind           0000000180014806 f   kernel32:KERNEL32.dll
 0001:0001380c       UnhandledExceptionFilter   000000018001480c f   kernel32:KERNEL32.dll
 0001:00013812       SetUnhandledExceptionFilter 0000000180014812 f   kernel32:KERNEL32.dll
 0001:00013818       GetCurrentProcess          0000000180014818 f   kernel32:KERNEL32.dll
 0001:0001381e       TerminateProcess           000000018001481e f   kernel32:KERNEL32.dll
 0001:00013824       IsProcessorFeaturePresent  0000000180014824 f   kernel32:KERNEL32.dll
 0001:0001382a       QueryPerformanceCounter    000000018001482a f   kernel32:KERNEL32.dll
 0001:00013830       GetCurrentProcessId        0000000180014830 f   kernel32:KERNEL32.dll
 0001:00013836       GetCurrentThreadId         0000000180014836 f   kernel32:KERNEL32.dll
 0001:0001383c       GetSystemTimeAsFileTime    000000018001483c f   kernel32:KERNEL32.dll
 0001:00013842       InitializeSListHead        0000000180014842 f   kernel32:KERNEL32.dll
 0001:00013848       IsDebuggerPresent          0000000180014848 f   kernel32:KERNEL32.dll
 0001:0001384e       GetStartupInfoW            000000018001484e f   kernel32:KERNEL32.dll
 0001:00013854       GetModuleHandleW           0000000180014854 f   kernel32:KERNEL32.dll
 0001:0001385c       __scrt_stub_for_acrt_initialize 000000018001485c f   MSVCRT:ucrt_stubs.obj
 0001:0001385c       __vcrt_initialize          000000018001485c f   MSVCRT:ucrt_stubs.obj
 0001:0001385c       __acrt_initialize          000000018001485c f   MSVCRT:ucrt_stubs.obj
 0001:00013860       __acrt_thread_attach       0000000180014860 f   MSVCRT:ucrt_stubs.obj
 0001:00013860       __scrt_stub_for_acrt_thread_attach 0000000180014860 f   MSVCRT:ucrt_stubs.obj
 0001:00013860       __vcrt_thread_attach       0000000180014860 f   MSVCRT:ucrt_stubs.obj
 0001:00013864       __vcrt_thread_detach       0000000180014864 f   MSVCRT:ucrt_stubs.obj
 0001:00013864       __scrt_stub_for_acrt_thread_detach 0000000180014864 f   MSVCRT:ucrt_stubs.obj
 0001:00013864       __acrt_thread_detach       0000000180014864 f   MSVCRT:ucrt_stubs.obj
 0001:00013868       __scrt_stub_for_acrt_uninitialize 0000000180014868 f   MSVCRT:ucrt_stubs.obj
 0001:00013868       __acrt_uninitialize        0000000180014868 f   MSVCRT:ucrt_stubs.obj
 0001:00013868       __vcrt_uninitialize        0000000180014868 f   MSVCRT:ucrt_stubs.obj
 0001:0001386c       __scrt_stub_for_acrt_uninitialize_critical 000000018001486c f   MSVCRT:ucrt_stubs.obj
 0001:0001386c       __acrt_uninitialize_critical 000000018001486c f   MSVCRT:ucrt_stubs.obj
 0001:0001386c       __vcrt_uninitialize_critical 000000018001486c f   MSVCRT:ucrt_stubs.obj
 0001:00013870       _is_c_termination_complete 0000000180014870 f   MSVCRT:ucrt_stubs.obj
 0001:00013870       __scrt_stub_for_is_c_termination_complete 0000000180014870 f   MSVCRT:ucrt_stubs.obj
 0001:00013890       _guard_dispatch_icall_nop  0000000180014890 f   MSVCRT:guard_dispatch.obj
 0002:00000000       __imp_HeapCreate           0000000180015000     kernel32:KERNEL32.dll
 0002:00000008       __imp_HeapDestroy          0000000180015008     kernel32:KERNEL32.dll
 0002:00000010       __imp_HeapAlloc            0000000180015010     kernel32:KERNEL32.dll
 0002:00000018       __imp_HeapFree             0000000180015018     kernel32:KERNEL32.dll
 0002:00000020       __imp_lstrcpyW             0000000180015020     kernel32:KERNEL32.dll
 0002:00000028       __imp_lstrlenW             0000000180015028     kernel32:KERNEL32.dll
 0002:00000030       __imp_GetStartupInfoW      0000000180015030     kernel32:KERNEL32.dll
 0002:00000038       __imp_IsDebuggerPresent    0000000180015038     kernel32:KERNEL32.dll
 0002:00000040       __imp_InitializeSListHead  0000000180015040     kernel32:KERNEL32.dll
 0002:00000048       __imp_GetSystemTimeAsFileTime 0000000180015048     kernel32:KERNEL32.dll
 0002:00000050       __imp_GetCurrentThreadId   0000000180015050     kernel32:KERNEL32.dll
 0002:00000058       __imp_GetCurrentProcessId  0000000180015058     kernel32:KERNEL32.dll
 0002:00000060       __imp_QueryPerformanceCounter 0000000180015060     kernel32:KERNEL32.dll
 0002:00000068       __imp_IsProcessorFeaturePresent 0000000180015068     kernel32:KERNEL32.dll
 0002:00000070       __imp_TerminateProcess     0000000180015070     kernel32:KERNEL32.dll
 0002:00000078       __imp_GetCurrentProcess    0000000180015078     kernel32:KERNEL32.dll
 0002:00000080       __imp_SetUnhandledExceptionFilter 0000000180015080     kernel32:KERNEL32.dll
 0002:00000088       __imp_UnhandledExceptionFilter 0000000180015088     kernel32:KERNEL32.dll
 0002:00000090       __imp_RtlVirtualUnwind     0000000180015090     kernel32:KERNEL32.dll
 0002:00000098       __imp_RtlLookupFunctionEntry 0000000180015098     kernel32:KERNEL32.dll
 0002:000000a0       __imp_GetModuleHandleW     00000001800150a0     kernel32:KERNEL32.dll
 0002:000000a8       __imp_RtlCaptureContext    00000001800150a8     kernel32:KERNEL32.dll
 0002:000000b0       \177KERNEL32_NULL_THUNK_DATA 00000001800150b0     kernel32:KERNEL32.dll
 0002:000000b8       __imp___C_specific_handler 00000001800150b8     vcruntime:VCRUNTIME140.dll
 0002:000000c0       __imp_memset               00000001800150c0     vcruntime:VCRUNTIME140.dll
 0002:000000c8       __imp___std_type_info_destroy_list 00000001800150c8     vcruntime:VCRUNTIME140.dll
 0002:000000d0       \177VCRUNTIME140_NULL_THUNK_DATA 00000001800150d0     vcruntime:VCRUNTIME140.dll
 0002:000000d8       __imp__register_onexit_function 00000001800150d8     ucrt:api-ms-win-crt-runtime-l1-1-0.dll
 0002:000000e0       __imp__initialize_onexit_table 00000001800150e0     ucrt:api-ms-win-crt-runtime-l1-1-0.dll
 0002:000000e8       __imp__crt_atexit          00000001800150e8     ucrt:api-ms-win-crt-runtime-l1-1-0.dll
 0002:000000f0       __imp__configure_narrow_argv 00000001800150f0     ucrt:api-ms-win-crt-runtime-l1-1-0.dll
 0002:000000f8       __imp__seh_filter_dll      00000001800150f8     ucrt:api-ms-win-crt-runtime-l1-1-0.dll
 0002:00000100       __imp__initterm_e          0000000180015100     ucrt:api-ms-win-crt-runtime-l1-1-0.dll
 0002:00000108       __imp__initterm            0000000180015108     ucrt:api-ms-win-crt-runtime-l1-1-0.dll
 0002:00000110       __imp__execute_onexit_table 0000000180015110     ucrt:api-ms-win-crt-runtime-l1-1-0.dll
 0002:00000118       __imp__cexit               0000000180015118     ucrt:api-ms-win-crt-runtime-l1-1-0.dll
 0002:00000120       __imp__initialize_narrow_environment 0000000180015120     ucrt:api-ms-win-crt-runtime-l1-1-0.dll
 0002:00000128       __imp_terminate            0000000180015128     ucrt:api-ms-win-crt-runtime-l1-1-0.dll
 0002:00000130       __imp__crt_at_quick_exit   0000000180015130     ucrt:api-ms-win-crt-runtime-l1-1-0.dll
 0002:00000138       \177api-ms-win-crt-runtime-l1-1-0_NULL_THUNK_DATA 0000000180015138     ucrt:api-ms-win-crt-runtime-l1-1-0.dll
 0002:00000140       __guard_check_icall_fptr   0000000180015140     MSVCRT:guard_support.obj
 0002:00000148       __guard_dispatch_icall_fptr 0000000180015148     MSVCRT:guard_support.obj
 0002:00000150       __xc_a                     0000000180015150     MSVCRT:initializers.obj
 0002:00000158       __xc_z                     0000000180015158     MSVCRT:initializers.obj
 0002:00000160       __xi_a                     0000000180015160     MSVCRT:initializers.obj
 0002:00000168       __xi_z                     0000000180015168     MSVCRT:initializers.obj
 0002:00000170       __xp_a                     0000000180015170     MSVCRT:initializers.obj
 0002:00000178       __xp_z                     0000000180015178     MSVCRT:initializers.obj
 0002:00000180       __xt_a                     0000000180015180     MSVCRT:initializers.obj
 0002:00000188       __xt_z                     0000000180015188     MSVCRT:initializers.obj
 0002:00000190       ??_C@_13DEFPDAGF@?$AA?0@   0000000180015190     pmc_parse.obj
 0002:00000194       ??_C@_13JOFGPIOO@?$AA?4@   0000000180015194     pmc_parse.obj
 0002:00000198       ??_C@_13DMCFHHKM@?$AA3@    0000000180015198     pmc_parse.obj
 0002:0000019c       ??_C@_13KJIIAINM@?$AA?$CL@ 000000018001519c     pmc_parse.obj
 0002:000001a0       ??_C@_13IMODFHAA@?$AA?9@   00000001800151a0     pmc_parse.obj
 0002:000001a8       _pRawDllMain               00000001800151a8     MSVCRT:dll_dllmain.obj
 0002:000001a8       _pDefaultRawDllMain        00000001800151a8     MSVCRT:dll_dllmain.obj
 0002:00000220       _load_config_used          0000000180015220     MSVCRT:loadcfg.obj
 0002:00000600       __rtc_iaa                  0000000180015600     MSVCRT:initsect.obj
 0002:00000608       __rtc_izz                  0000000180015608     MSVCRT:initsect.obj
 0002:00000610       __rtc_taa                  0000000180015610     MSVCRT:initsect.obj
 0002:00000618       __rtc_tzz                  0000000180015618     MSVCRT:initsect.obj
 0002:00001594       __IMPORT_DESCRIPTOR_KERNEL32 0000000180016594     kernel32:KERNEL32.dll
 0002:000015a8       __IMPORT_DESCRIPTOR_VCRUNTIME140 00000001800165a8     vcruntime:VCRUNTIME140.dll
 0002:000015bc       __IMPORT_DESCRIPTOR_api-ms-win-crt-runtime-l1-1-0 00000001800165bc     ucrt:api-ms-win-crt-runtime-l1-1-0.dll
 0002:000015d0       __NULL_IMPORT_DESCRIPTOR   00000001800165d0     kernel32:KERNEL32.dll
 0003:00000070       __security_cookie_complement 0000000180017070     MSVCRT:gs_cookie.obj
 0003:00000078       __security_cookie          0000000180017078     MSVCRT:gs_cookie.obj
 0003:00000080       __scrt_native_dllmain_reason 0000000180017080     MSVCRT:utility.obj
 0003:00000088       __isa_available            0000000180017088     MSVCRT:cpu_disp.obj
 0003:0000008c       __isa_enabled              000000018001708c     MSVCRT:cpu_disp.obj
 0003:00000090       __memcpy_nt_iters          0000000180017090     MSVCRT:cpu_disp.obj
 0003:000000a0       __scrt_ucrt_dll_is_in_use  00000001800170a0     MSVCRT:ucrt_stubs.obj
 0003:00000910       ?__type_info_root_node@@3U__type_info_node@@A 0000000180017910     MSVCRT:tncleanup.obj
 0003:00000920       ?_OptionsStorage@?1??__local_stdio_printf_options@@9@4_KA 0000000180017920     MSVCRT:default_local_stdio_options.obj
 0003:00000928       ?_OptionsStorage@?1??__local_stdio_scanf_options@@9@4_KA 0000000180017928     MSVCRT:default_local_stdio_options.obj
 0003:00000930       __scrt_current_native_startup_state 0000000180017930     MSVCRT:utility.obj
 0003:00000938       __scrt_native_startup_lock 0000000180017938     MSVCRT:utility.obj
 0003:00000978       __scrt_debugger_hook_flag  0000000180017978     MSVCRT:utility_desktop.obj
 0003:0000097c       __favor                    000000018001797c     MSVCRT:cpu_disp.obj
 0003:00000980       statistics_info            0000000180017980     <common>
 0003:00000990       configuration_info         0000000180017990     <common>
 0003:00000998       hLocalHeap                 0000000180017998     <common>
 0003:000009a0       number_one                 00000001800179a0     <common>
 0003:00000a00       number_zero                0000000180017a00     <common>
 0003:00000a48       __dyn_tls_init_callback    0000000180017a48     <common>

 entry point at        0001:00012898

 Static symbols

 0000:fffe5000       .debug$S                   0000000180000000     kernel32:KERNEL32.dll
 0002:fffeb000       __guard_fids_?dllmain_dispatch@@YAHQEAUHINSTANCE__@@KQEAX@Z 0000000180000000     MSVCRT:dll_dllmain.obj
 0000:fffe5000       .debug$S                   0000000180000000     kernel32:KERNEL32.dll
 0000:fffe5000       .debug$S                   0000000180000000     kernel32:KERNEL32.dll
 0000:fffe5000       .debug$S                   0000000180000000     kernel32:KERNEL32.dll
 0002:fffeb000       __guard_fids___scrt_set_unhandled_exception_filter 0000000180000000     MSVCRT:utility_desktop.obj
 0002:fffeb000       __guard_fids__             0000000180000000     MSVCRT:guard_support.obj
 0002:fffeb000       __guard_fids__guard_icall_checks_enforced 0000000180000000     MSVCRT:guard_support.obj
 0000:fffe5000       .debug$S                   0000000180000000     Palmtree.Math.Core.Uint.exp
 0000:fffe5000       .debug$S                   0000000180000000     kernel32:KERNEL32.dll
 0000:fffe5000       .debug$S                   0000000180000000     kernel32:KERNEL32.dll
 0000:fffe5000       .debug$S                   0000000180000000     kernel32:KERNEL32.dll
 0000:fffe5000       .debug$S                   0000000180000000     kernel32:KERNEL32.dll
 0000:fffe5000       .debug$S                   0000000180000000     kernel32:KERNEL32.dll
 0000:fffe5000       .debug$S                   0000000180000000     kernel32:KERNEL32.dll
 0000:fffe5000       .debug$S                   0000000180000000     kernel32:KERNEL32.dll
 0000:fffe5000       .debug$S                   0000000180000000     kernel32:KERNEL32.dll
 0000:fffe5000       .debug$S                   0000000180000000     kernel32:KERNEL32.dll
 0000:fffe5000       .debug$S                   0000000180000000     kernel32:KERNEL32.dll
 0000:fffe5000       .debug$S                   0000000180000000     kernel32:KERNEL32.dll
 0000:fffe5000       .debug$S                   0000000180000000     kernel32:KERNEL32.dll
 0000:fffe5000       .debug$S                   0000000180000000     kernel32:KERNEL32.dll
 0000:fffe5000       .debug$S                   0000000180000000     kernel32:KERNEL32.dll
 0000:fffe5000       .debug$S                   0000000180000000     kernel32:KERNEL32.dll
 0000:fffe5000       .debug$S                   0000000180000000     kernel32:KERNEL32.dll
 0000:fffe5000       .debug$S                   0000000180000000     kernel32:KERNEL32.dll
 0000:fffe5000       .debug$S                   0000000180000000     kernel32:KERNEL32.dll
 0000:fffe5000       .debug$S                   0000000180000000     ucrt:api-ms-win-crt-runtime-l1-1-0.dll
 0000:fffe5000       .debug$S                   0000000180000000     ucrt:api-ms-win-crt-runtime-l1-1-0.dll
 0000:fffe5000       .debug$S                   0000000180000000     ucrt:api-ms-win-crt-runtime-l1-1-0.dll
 0000:fffe5000       .debug$S                   0000000180000000     ucrt:api-ms-win-crt-runtime-l1-1-0.dll
 0000:fffe5000       .debug$S                   0000000180000000     ucrt:api-ms-win-crt-runtime-l1-1-0.dll
 0000:fffe5000       .debug$S                   0000000180000000     ucrt:api-ms-win-crt-runtime-l1-1-0.dll
 0000:fffe5000       .debug$S                   0000000180000000     ucrt:api-ms-win-crt-runtime-l1-1-0.dll
 0000:fffe5000       .debug$S                   0000000180000000     ucrt:api-ms-win-crt-runtime-l1-1-0.dll
 0000:fffe5000       .debug$S                   0000000180000000     ucrt:api-ms-win-crt-runtime-l1-1-0.dll
 0000:fffe5000       .debug$S                   0000000180000000     ucrt:api-ms-win-crt-runtime-l1-1-0.dll
 0000:fffe5000       .debug$S                   0000000180000000     ucrt:api-ms-win-crt-runtime-l1-1-0.dll
 0000:fffe5000       .debug$S                   0000000180000000     ucrt:api-ms-win-crt-runtime-l1-1-0.dll
 0000:fffe5000       .debug$S                   0000000180000000     vcruntime:VCRUNTIME140.dll
 0000:fffe5000       .debug$S                   0000000180000000     vcruntime:VCRUNTIME140.dll
 0000:fffe5000       .debug$S                   0000000180000000     vcruntime:VCRUNTIME140.dll
 0001:00000240       CalculateCheckCode         0000000180001240 f   pmc_memory.obj
 0001:00000500       CleanUpNumber              0000000180001500 f   pmc_memory.obj
 0001:00000880       InitializeNumber           0000000180001880 f   pmc_memory.obj
 0001:00000b60       Add_Imp_using_ADC          0000000180001b60 f   pmc_add.obj
 0001:00000f50       Add_Imp_using_ADCX         0000000180001f50 f   pmc_add.obj
 0001:00001130       DoCarry                    0000000180002130 f   pmc_add.obj
 0001:000012e0       PMC_Add_X_I_Imp            00000001800022e0 f   pmc_add.obj
 0001:00001480       PMC_Add_X_L_Imp            0000000180002480 f   pmc_add.obj
 0001:00001760       _ADD_16WORDS_ADC           0000000180002760 f   pmc_add.obj
 0001:00001830       _ADD_16WORDS_ADCX          0000000180002830 f   pmc_add.obj
 0001:00001930       _ADD_32WORDS_ADCX          0000000180002930 f   pmc_add.obj
 0001:00001bb0       BitwiseAnd_X_X             0000000180002bb0 f   pmc_bitwiseand.obj
 0001:000021f0       BitwiseOr_X_X              00000001800031f0 f   pmc_bitwiseor.obj
 0001:00002660       PMC_BitwiseOr_X_I_Imp      0000000180003660 f   pmc_bitwiseor.obj
 0001:000027b0       PMC_BitwiseOr_X_L_Imp      00000001800037b0 f   pmc_bitwiseor.obj
 0001:000029d0       CountActualBitsFromBuffer  00000001800039d0 f   pmc_bytes.obj
 0001:00003280       AddOneLine                 0000000180004280 f   pmc_divrem.obj
 0001:000035e0       AddOneLineX                00000001800045e0 f   pmc_divrem.obj
 0001:000040b0       DivRem_X_X_using_ADC_MUL   00000001800050b0 f   pmc_divrem.obj
 0001:000043a0       DivRem_X_X_using_ADX_MULX  00000001800053a0 f   pmc_divrem.obj
 0001:00005940       SubtructOneLine            0000000180006940 f   pmc_divrem.obj
 0001:000065c0       SubtructOneLineX           00000001800075c0 f   pmc_divrem.obj
 0001:00007300       _ADD_16WORDS_ADCX_DIV      0000000180008300 f   pmc_divrem.obj
 0001:000073f0       Equals_X_I_Imp             00000001800083f0 f   pmc_equals.obj
 0001:00007440       Equals_X_L_Imp             0000000180008440 f   pmc_equals.obj
 0001:00007710       ExclusiveOr_X_X            0000000180008710 f   pmc_exclusiveor.obj
 0001:00007b80       PMC_ExclusiveOr_X_I_Imp    0000000180008b80 f   pmc_exclusiveor.obj
 0001:00007cf0       PMC_ExclusiveOr_X_L_Imp    0000000180008cf0 f   pmc_exclusiveor.obj
 0001:00008130       GreatestCommonDivisor_Imp  0000000180009130 f   pmc_greatestcommondivisor.obj
 0001:00008360       PMC_GreatestCommonDivisor_X_I_Imp 0000000180009360 f   pmc_greatestcommondivisor.obj
 0001:00008640       PMC_GreatestCommonDivisor_X_L_Imp 0000000180009640 f   pmc_greatestcommondivisor.obj
 0001:00009110       ModulePower                000000018000a110 f   pmc_modpow.obj
 0001:000097f0       PMC_ModPow_X_X_X_Imp       000000018000a7f0 f   pmc_modpow.obj
 0001:00009a00       Multiply_WORD_using_MULX_ADCX 000000018000aa00 f   pmc_multiply.obj
 0001:0000a680       Multiply_WORD_using_MUL_ADC 000000018000b680 f   pmc_multiply.obj
 0001:0000b230       Multiply_X_1W_using_MULX_ADCX 000000018000c230 f   pmc_multiply.obj
 0001:0000b240       Multiply_X_1W_using_MUL_ADC 000000018000c240 f   pmc_multiply.obj
 0001:0000b250       Multiply_X_2W_using_MULX_ADCX 000000018000c250 f   pmc_multiply.obj
 0001:0000b2b0       Multiply_X_2W_using_MUL_ADC 000000018000c2b0 f   pmc_multiply.obj
 0001:0000b320       Multiply_X_X_using_MULX_ADCX 000000018000c320 f   pmc_multiply.obj
 0001:0000b3b0       Multiply_X_X_using_MUL_ADC 000000018000c3b0 f   pmc_multiply.obj
 0001:0000b560       PMC_Multiply_X_I_Imp       000000018000c560 f   pmc_multiply.obj
 0001:0000b6c0       PMC_Multiply_X_L_Imp       000000018000c6c0 f   pmc_multiply.obj
 0001:0000b940       Build1WordFromDecimalString 000000018000c940 f   pmc_parse.obj
 0001:0000bab0       Build1WordFromHexString    000000018000cab0 f   pmc_parse.obj
 0001:0000bc80       InitializeParserState      000000018000cc80 f   pmc_parse.obj
 0001:0000be00       MultiplyAndAdd_using_ADCX_MULX 000000018000ce00 f   pmc_parse.obj
 0001:0000c7b0       MultiplyAndAdd_using_ADC_MUL 000000018000d7b0 f   pmc_parse.obj
 0001:0000d240       Parse1DigitFromHexChar     000000018000e240 f   pmc_parse.obj
 0001:0000d280       $LN10                      000000018000e280     pmc_parse.obj
 0001:0000d290       $LN9                       000000018000e290     pmc_parse.obj
 0001:0000d2d0       ParseAsDecimalNumberString 000000018000e2d0 f   pmc_parse.obj
 0001:0000da20       ParseAsIntegerPartNumberSequence 000000018000ea20 f   pmc_parse.obj
 0001:0000dae0       TryParseDN                 000000018000eae0 f   pmc_parse.obj
 0001:0000dee0       TryParseX                  000000018000eee0 f   pmc_parse.obj
 0001:0000e250       $LN84                      000000018000f250     pmc_parse.obj
 0001:0000e260       $LN83                      000000018000f260     pmc_parse.obj
 0001:0000e310       PMC_Pow_X_I_Imp            000000018000f310 f   pmc_pow.obj
 0001:00010ed0       Subtruct_X_1W              0000000180011ed0 f   pmc_subtruct.obj
 0001:00010f50       _SUBTRUCT_16WORDS_SBB      0000000180011f50 f   pmc_subtruct.obj
 0001:00011170       OutputOneChar              0000000180012170 f   pmc_tostring.obj
 0001:00011388       $LN17                      0000000180012388     pmc_tostring.obj
 0001:0001139c       $LN16                      000000018001239c     pmc_tostring.obj
 0001:000113e0       PrintDecimal               00000001800123e0 f   pmc_tostring.obj
 0001:00011d30       ToStringDN                 0000000180012d30 f   pmc_tostring.obj
 0001:00012080       ToStringX                  0000000180013080 f   pmc_tostring.obj
 0001:000121b0       ToStringX_1WORD            00000001800131b0 f   pmc_tostring.obj
 0001:00012510       $$000000                   0000000180013510     MSVCRT:amdsecgs.obj
 0001:00012544       ?dllmain_crt_dispatch@@YAHQEAUHINSTANCE__@@KQEAX@Z 0000000180013544 f   MSVCRT:dll_dllmain.obj
 0001:00012594       ?dllmain_crt_process_attach@@YAHQEAUHINSTANCE__@@QEAX@Z 0000000180013594 f   MSVCRT:dll_dllmain.obj
 0001:000126b0       ?dllmain_crt_process_detach@@YAH_N@Z 00000001800136b0 f   MSVCRT:dll_dllmain.obj
 0001:00012740       ?dllmain_dispatch@@YAHQEAUHINSTANCE__@@KQEAX@Z 0000000180013740 f   MSVCRT:dll_dllmain.obj
 0001:00012874       ?dllmain_raw@@YAHQEAUHINSTANCE__@@KQEAX@Z 0000000180013874 f   MSVCRT:dll_dllmain.obj
 0001:00012ba0       capture_current_context    0000000180013ba0 f   MSVCRT:gs_report.obj
 0001:00012c10       capture_previous_context   0000000180013c10 f   MSVCRT:gs_report.obj
 0001:00012c84       __get_entropy              0000000180013c84 f   MSVCRT:gs_support.obj
 0001:00012e3c       ?find_pe_section@@YAPEAU_IMAGE_SECTION_HEADER@@QEAE_K@Z 0000000180013e3c f   MSVCRT:utility.obj
 0001:00012e90       ?is_potentially_valid_image_base@@YA_NQEAX@Z 0000000180013e90 f   MSVCRT:utility.obj
 0001:00013880       $$000000                   0000000180014880     MSVCRT:guard_dispatch.obj
 0001:00013892       ?fin$0@?0??dllmain_crt_process_attach@@YAHQEAUHINSTANCE__@@QEAX@Z@4HA 0000000180014892 f   MSVCRT:dll_dllmain.obj
 0001:000138a9       ?fin$0@?0??dllmain_crt_process_detach@@YAH_N@Z@4HA 00000001800148a9 f   MSVCRT:dll_dllmain.obj
 0001:000138c5       ?filt$0@?0??dllmain_dispatch@@YAHQEAUHINSTANCE__@@KQEAX@Z@4HA 00000001800148c5 f   MSVCRT:dll_dllmain.obj
 0001:000138fb       __scrt_is_nonwritable_in_current_image$filt$0 00000001800148fb f   MSVCRT:utility.obj
 0002:000001b0       GS_ExceptionPointers       00000001800151b0     MSVCRT:gs_report.obj
 0002:00000620       $unwind$GetCPUInfo         0000000180015620     cpuid.obj
 0002:0000062c       $unwind$DllMain            000000018001562c     dllmain.obj
 0002:00000634       $unwind$AllocateHeapArea   0000000180015634     pmc_memory.obj
 0002:0000063c       $unwind$DeallocateHeapArea 000000018001563c     pmc_memory.obj
 0002:00000644       $unwind$AllocateBlock      0000000180015644     pmc_memory.obj
 0002:00000654       $unwind$DeallocateBlock    0000000180015654     pmc_memory.obj
 0002:0000065c       $chain$0$DeallocateBlock   000000018001565c     pmc_memory.obj
 0002:00000670       $chain$1$DeallocateBlock   0000000180015670     pmc_memory.obj
 0002:00000680       $unwind$AttatchNumber      0000000180015680     pmc_memory.obj
 0002:00000688       $unwind$AllocateNumber     0000000180015688     pmc_memory.obj
 0002:0000069c       $unwind$DeallocateNumber   000000018001569c     pmc_memory.obj
 0002:000006a4       $unwind$CommitNumber       00000001800156a4     pmc_memory.obj
 0002:000006ac       $unwind$DuplicateNumber    00000001800156ac     pmc_memory.obj
 0002:000006c0       $unwind$Initialize_Memory  00000001800156c0     pmc_memory.obj
 0002:000006cc       $unwind$PMC_Dispose        00000001800156cc     pmc_memory.obj
 0002:000006d4       $unwind$InitializeNumber   00000001800156d4     pmc_memory.obj
 0002:000006e8       $unwind$CleanUpNumber      00000001800156e8     pmc_memory.obj
 0002:000006f0       $chain$0$CleanUpNumber     00000001800156f0     pmc_memory.obj
 0002:00000704       $chain$1$CleanUpNumber     0000000180015704     pmc_memory.obj
 0002:00000714       $unwind$PMC_Add_I_X        0000000180015714     pmc_add.obj
 0002:00000724       $unwind$PMC_Add_L_X        0000000180015724     pmc_add.obj
 0002:00000734       $unwind$PMC_Add_X_I        0000000180015734     pmc_add.obj
 0002:00000744       $unwind$PMC_Add_X_L        0000000180015744     pmc_add.obj
 0002:00000754       $unwind$PMC_Add_X_X        0000000180015754     pmc_add.obj
 0002:00000764       $unwind$Add_Imp_using_ADC  0000000180015764     pmc_add.obj
 0002:00000770       $unwind$Add_Imp_using_ADCX 0000000180015770     pmc_add.obj
 0002:0000077c       $unwind$PMC_Add_X_I_Imp    000000018001577c     pmc_add.obj
 0002:0000078c       $unwind$PMC_Add_X_L_Imp    000000018001578c     pmc_add.obj
 0002:0000079c       $unwind$PMC_BitwiseAnd_I_X 000000018001579c     pmc_bitwiseand.obj
 0002:000007ac       $unwind$PMC_BitwiseAnd_L_X 00000001800157ac     pmc_bitwiseand.obj
 0002:000007bc       $unwind$PMC_BitwiseAnd_X_I 00000001800157bc     pmc_bitwiseand.obj
 0002:000007cc       $unwind$PMC_BitwiseAnd_X_L 00000001800157cc     pmc_bitwiseand.obj
 0002:000007dc       $unwind$PMC_BitwiseAnd_X_X 00000001800157dc     pmc_bitwiseand.obj
 0002:000007e8       $chain$0$PMC_BitwiseAnd_X_X 00000001800157e8     pmc_bitwiseand.obj
 0002:000007fc       $chain$1$PMC_BitwiseAnd_X_X 00000001800157fc     pmc_bitwiseand.obj
 0002:0000080c       $unwind$BitwiseAnd_X_X     000000018001580c     pmc_bitwiseand.obj
 0002:00000814       $chain$2$BitwiseAnd_X_X    0000000180015814     pmc_bitwiseand.obj
 0002:00000830       $chain$3$BitwiseAnd_X_X    0000000180015830     pmc_bitwiseand.obj
 0002:00000844       $chain$4$BitwiseAnd_X_X    0000000180015844     pmc_bitwiseand.obj
 0002:00000854       $unwind$PMC_BitwiseOr_I_X  0000000180015854     pmc_bitwiseor.obj
 0002:00000864       $unwind$PMC_BitwiseOr_L_X  0000000180015864     pmc_bitwiseor.obj
 0002:00000874       $unwind$PMC_BitwiseOr_X_I  0000000180015874     pmc_bitwiseor.obj
 0002:00000884       $unwind$PMC_BitwiseOr_X_L  0000000180015884     pmc_bitwiseor.obj
 0002:00000894       $unwind$PMC_BitwiseOr_X_X  0000000180015894     pmc_bitwiseor.obj
 0002:000008a0       $chain$0$PMC_BitwiseOr_X_X 00000001800158a0     pmc_bitwiseor.obj
 0002:000008b4       $chain$1$PMC_BitwiseOr_X_X 00000001800158b4     pmc_bitwiseor.obj
 0002:000008c4       $chain$2$PMC_BitwiseOr_X_X 00000001800158c4     pmc_bitwiseor.obj
 0002:000008d8       $chain$3$PMC_BitwiseOr_X_X 00000001800158d8     pmc_bitwiseor.obj
 0002:000008e8       $unwind$BitwiseOr_X_X      00000001800158e8     pmc_bitwiseor.obj
 0002:000008fc       $unwind$PMC_BitwiseOr_X_I_Imp 00000001800158fc     pmc_bitwiseor.obj
 0002:00000910       $unwind$PMC_BitwiseOr_X_L_Imp 0000000180015910     pmc_bitwiseor.obj
 0002:00000924       $unwind$PMC_FromByteArray  0000000180015924     pmc_bytes.obj
 0002:00000934       $unwind$PMC_ToByteArray    0000000180015934     pmc_bytes.obj
 0002:00000948       $unwind$PMC_FromByteArrayForSINT 0000000180015948     pmc_bytes.obj
 0002:0000095c       $unwind$PMC_ToByteArrayForSINT 000000018001595c     pmc_bytes.obj
 0002:00000970       $chain$0$PMC_ToByteArrayForSINT 0000000180015970     pmc_bytes.obj
 0002:00000984       $chain$1$PMC_ToByteArrayForSINT 0000000180015984     pmc_bytes.obj
 0002:00000994       $unwind$PMC_Clone_X        0000000180015994     pmc_clone.obj
 0002:000009a0       $unwind$PMC_Compare_I_X    00000001800159a0     pmc_compare.obj
 0002:000009b0       $unwind$PMC_Compare_L_X    00000001800159b0     pmc_compare.obj
 0002:000009c0       $unwind$PMC_Compare_X_I    00000001800159c0     pmc_compare.obj
 0002:000009d0       $unwind$PMC_Compare_X_L    00000001800159d0     pmc_compare.obj
 0002:000009e0       $unwind$PMC_Compare_X_X    00000001800159e0     pmc_compare.obj
 0002:000009f0       $unwind$DivRem_X_X         00000001800159f0     pmc_divrem.obj
 0002:000009fc       $unwind$PMC_DivRem_I_X     00000001800159fc     pmc_divrem.obj
 0002:00000a10       $unwind$PMC_DivRem_L_X     0000000180015a10     pmc_divrem.obj
 0002:00000a2c       $unwind$PMC_DivRem_X_I     0000000180015a2c     pmc_divrem.obj
 0002:00000a40       $unwind$PMC_DivRem_X_L     0000000180015a40     pmc_divrem.obj
 0002:00000a50       $chain$1$PMC_DivRem_X_L    0000000180015a50     pmc_divrem.obj
 0002:00000a68       $chain$2$PMC_DivRem_X_L    0000000180015a68     pmc_divrem.obj
 0002:00000a78       $chain$3$PMC_DivRem_X_L    0000000180015a78     pmc_divrem.obj
 0002:00000a90       $chain$4$PMC_DivRem_X_L    0000000180015a90     pmc_divrem.obj
 0002:00000aa0       $unwind$PMC_DivRem_X_X     0000000180015aa0     pmc_divrem.obj
 0002:00000ab4       $chain$0$PMC_DivRem_X_X    0000000180015ab4     pmc_divrem.obj
 0002:00000ac8       $chain$1$PMC_DivRem_X_X    0000000180015ac8     pmc_divrem.obj
 0002:00000ad8       $chain$2$PMC_DivRem_X_X    0000000180015ad8     pmc_divrem.obj
 0002:00000aec       $chain$3$PMC_DivRem_X_X    0000000180015aec     pmc_divrem.obj
 0002:00000afc       $unwind$SubtructOneLine    0000000180015afc     pmc_divrem.obj
 0002:00000b14       $unwind$SubtructOneLineX   0000000180015b14     pmc_divrem.obj
 0002:00000b2c       $unwind$AddOneLine         0000000180015b2c     pmc_divrem.obj
 0002:00000b34       $unwind$AddOneLineX        0000000180015b34     pmc_divrem.obj
 0002:00000b40       $unwind$DivRem_X_X_using_ADC_MUL 0000000180015b40     pmc_divrem.obj
 0002:00000b58       $unwind$DivRem_X_X_using_ADX_MULX 0000000180015b58     pmc_divrem.obj
 0002:00000b70       $unwind$PMC_Equals_I_X     0000000180015b70     pmc_equals.obj
 0002:00000b80       $unwind$PMC_Equals_L_X     0000000180015b80     pmc_equals.obj
 0002:00000b90       $unwind$PMC_Equals_X_I     0000000180015b90     pmc_equals.obj
 0002:00000ba0       $unwind$PMC_Equals_X_L     0000000180015ba0     pmc_equals.obj
 0002:00000bb0       $unwind$PMC_Equals_X_X     0000000180015bb0     pmc_equals.obj
 0002:00000bc0       $unwind$PMC_ExclusiveOr_I_X 0000000180015bc0     pmc_exclusiveor.obj
 0002:00000bd0       $unwind$PMC_ExclusiveOr_L_X 0000000180015bd0     pmc_exclusiveor.obj
 0002:00000be0       $unwind$PMC_ExclusiveOr_X_I 0000000180015be0     pmc_exclusiveor.obj
 0002:00000bf0       $unwind$PMC_ExclusiveOr_X_L 0000000180015bf0     pmc_exclusiveor.obj
 0002:00000c00       $unwind$PMC_ExclusiveOr_X_X 0000000180015c00     pmc_exclusiveor.obj
 0002:00000c0c       $chain$0$PMC_ExclusiveOr_X_X 0000000180015c0c     pmc_exclusiveor.obj
 0002:00000c20       $chain$1$PMC_ExclusiveOr_X_X 0000000180015c20     pmc_exclusiveor.obj
 0002:00000c30       $chain$2$PMC_ExclusiveOr_X_X 0000000180015c30     pmc_exclusiveor.obj
 0002:00000c44       $chain$4$PMC_ExclusiveOr_X_X 0000000180015c44     pmc_exclusiveor.obj
 0002:00000c58       $chain$5$PMC_ExclusiveOr_X_X 0000000180015c58     pmc_exclusiveor.obj
 0002:00000c68       $unwind$ExclusiveOr_X_X    0000000180015c68     pmc_exclusiveor.obj
 0002:00000c7c       $unwind$PMC_ExclusiveOr_X_I_Imp 0000000180015c7c     pmc_exclusiveor.obj
 0002:00000c90       $unwind$PMC_ExclusiveOr_X_L_Imp 0000000180015c90     pmc_exclusiveor.obj
 0002:00000ca4       $unwind$From_I_Imp         0000000180015ca4     pmc_from.obj
 0002:00000cb0       $unwind$From_L_Imp         0000000180015cb0     pmc_from.obj
 0002:00000cbc       $unwind$PMC_From_I         0000000180015cbc     pmc_from.obj
 0002:00000cc8       $unwind$PMC_From_L         0000000180015cc8     pmc_from.obj
 0002:00000cd4       $unwind$PMC_GreatestCommonDivisor_I_X 0000000180015cd4     pmc_greatestcommondivisor.obj
 0002:00000ce4       $unwind$PMC_GreatestCommonDivisor_L_X 0000000180015ce4     pmc_greatestcommondivisor.obj
 0002:00000cf4       $unwind$PMC_GreatestCommonDivisor_X_I 0000000180015cf4     pmc_greatestcommondivisor.obj
 0002:00000d04       $unwind$PMC_GreatestCommonDivisor_X_L 0000000180015d04     pmc_greatestcommondivisor.obj
 0002:00000d14       $unwind$PMC_GreatestCommonDivisor_X_X 0000000180015d14     pmc_greatestcommondivisor.obj
 0002:00000d2c       $unwind$GreatestCommonDivisor_Imp 0000000180015d2c     pmc_greatestcommondivisor.obj
 0002:00000d44       $unwind$PMC_GreatestCommonDivisor_X_I_Imp 0000000180015d44     pmc_greatestcommondivisor.obj
 0002:00000d58       $chain$0$PMC_GreatestCommonDivisor_X_I_Imp 0000000180015d58     pmc_greatestcommondivisor.obj
 0002:00000d6c       $chain$1$PMC_GreatestCommonDivisor_X_I_Imp 0000000180015d6c     pmc_greatestcommondivisor.obj
 0002:00000d7c       $unwind$PMC_GreatestCommonDivisor_X_L_Imp 0000000180015d7c     pmc_greatestcommondivisor.obj
 0002:00000d90       $chain$0$PMC_GreatestCommonDivisor_X_L_Imp 0000000180015d90     pmc_greatestcommondivisor.obj
 0002:00000da4       $chain$1$PMC_GreatestCommonDivisor_X_L_Imp 0000000180015da4     pmc_greatestcommondivisor.obj
 0002:00000db4       $unwind$PMC_UINT_Initialize 0000000180015db4     pmc_initialize.obj
 0002:00000dc0       $chain$0$PMC_UINT_Initialize 0000000180015dc0     pmc_initialize.obj
 0002:00000dd4       $chain$1$PMC_UINT_Initialize 0000000180015dd4     pmc_initialize.obj
 0002:00000de4       $unwind$PMC_ModPow_X_X_X   0000000180015de4     pmc_modpow.obj
 0002:00000df8       $unwind$ModulePower        0000000180015df8     pmc_modpow.obj
 0002:00000e14       $chain$2$ModulePower       0000000180015e14     pmc_modpow.obj
 0002:00000e28       $chain$3$ModulePower       0000000180015e28     pmc_modpow.obj
 0002:00000e38       $unwind$PMC_ModPow_X_X_X_Imp 0000000180015e38     pmc_modpow.obj
 0002:00000e4c       $unwind$PMC_Multiply_I_X   0000000180015e4c     pmc_multiply.obj
 0002:00000e5c       $unwind$PMC_Multiply_L_X   0000000180015e5c     pmc_multiply.obj
 0002:00000e6c       $unwind$PMC_Multiply_X_I   0000000180015e6c     pmc_multiply.obj
 0002:00000e7c       $unwind$PMC_Multiply_X_L   0000000180015e7c     pmc_multiply.obj
 0002:00000e8c       $unwind$PMC_Multiply_X_X   0000000180015e8c     pmc_multiply.obj
 0002:00000e9c       $unwind$Multiply_WORD_using_MUL_ADC 0000000180015e9c     pmc_multiply.obj
 0002:00000eb4       $unwind$Multiply_WORD_using_MULX_ADCX 0000000180015eb4     pmc_multiply.obj
 0002:00000ecc       $unwind$Multiply_X_2W_using_MUL_ADC 0000000180015ecc     pmc_multiply.obj
 0002:00000ee0       $unwind$Multiply_X_2W_using_MULX_ADCX 0000000180015ee0     pmc_multiply.obj
 0002:00000ef4       $unwind$Multiply_X_X_using_MUL_ADC 0000000180015ef4     pmc_multiply.obj
 0002:00000f0c       $unwind$Multiply_X_X_using_MULX_ADCX 0000000180015f0c     pmc_multiply.obj
 0002:00000f24       $unwind$PMC_Multiply_X_I_Imp 0000000180015f24     pmc_multiply.obj
 0002:00000f34       $unwind$PMC_Multiply_X_L_Imp 0000000180015f34     pmc_multiply.obj
 0002:00000f44       $unwind$Initialize_Parse   0000000180015f44     pmc_parse.obj
 0002:00000f4c       $unwind$PMC_TryParse       0000000180015f4c     pmc_parse.obj
 0002:00000f54       $unwind$PMC_TryParseForSINT 0000000180015f54     pmc_parse.obj
 0002:00000f5c       $unwind$InitializeParserState 0000000180015f5c     pmc_parse.obj
 0002:00000f6c       $unwind$ParseAsDecimalNumberString 0000000180015f6c     pmc_parse.obj
 0002:00000f88       $unwind$Build1WordFromDecimalString 0000000180015f88     pmc_parse.obj
 0002:00000f9c       $unwind$MultiplyAndAdd_using_ADC_MUL 0000000180015f9c     pmc_parse.obj
 0002:00000fa8       $unwind$MultiplyAndAdd_using_ADCX_MULX 0000000180015fa8     pmc_parse.obj
 0002:00000fb8       $unwind$TryParseDN         0000000180015fb8     pmc_parse.obj
 0002:00000fd0       $chain$0$TryParseDN        0000000180015fd0     pmc_parse.obj
 0002:00000fe4       $chain$1$TryParseDN        0000000180015fe4     pmc_parse.obj
 0002:00000ff4       $unwind$Build1WordFromHexString 0000000180015ff4     pmc_parse.obj
 0002:0000100c       $unwind$TryParseX          000000018001600c     pmc_parse.obj
 0002:00001028       $chain$0$TryParseX         0000000180016028     pmc_parse.obj
 0002:0000103c       $chain$1$TryParseX         000000018001603c     pmc_parse.obj
 0002:00001050       $chain$2$TryParseX         0000000180016050     pmc_parse.obj
 0002:00001060       $chain$3$TryParseX         0000000180016060     pmc_parse.obj
 0002:00001070       $unwind$PMC_Pow_X_I        0000000180016070     pmc_pow.obj
 0002:00001080       $unwind$PMC_Pow_X_I_Imp    0000000180016080     pmc_pow.obj
 0002:00001094       $chain$1$PMC_Pow_X_I_Imp   0000000180016094     pmc_pow.obj
 0002:000010ac       $chain$2$PMC_Pow_X_I_Imp   00000001800160ac     pmc_pow.obj
 0002:000010bc       $unwind$RightShift_Imp_DIV 00000001800160bc     pmc_shift.obj
 0002:000010cc       $chain$0$RightShift_Imp_DIV 00000001800160cc     pmc_shift.obj
 0002:000010e0       $chain$1$RightShift_Imp_DIV 00000001800160e0     pmc_shift.obj
 0002:000010f4       $chain$2$RightShift_Imp_DIV 00000001800160f4     pmc_shift.obj
 0002:00001104       $chain$3$RightShift_Imp_DIV 0000000180016104     pmc_shift.obj
 0002:00001114       $unwind$RightShift_Imp     0000000180016114     pmc_shift.obj
 0002:00001128       $chain$0$RightShift_Imp    0000000180016128     pmc_shift.obj
 0002:0000113c       $chain$1$RightShift_Imp    000000018001613c     pmc_shift.obj
 0002:0000114c       $unwind$LeftShift_Imp_DIV  000000018001614c     pmc_shift.obj
 0002:00001160       $chain$0$LeftShift_Imp_DIV 0000000180016160     pmc_shift.obj
 0002:00001174       $chain$1$LeftShift_Imp_DIV 0000000180016174     pmc_shift.obj
 0002:00001184       $unwind$LeftShift_Imp      0000000180016184     pmc_shift.obj
 0002:00001198       $chain$0$LeftShift_Imp     0000000180016198     pmc_shift.obj
 0002:000011ac       $chain$1$LeftShift_Imp     00000001800161ac     pmc_shift.obj
 0002:000011bc       $unwind$PMC_RightShift_X_I 00000001800161bc     pmc_shift.obj
 0002:000011cc       $unwind$PMC_LeftShift_X_I  00000001800161cc     pmc_shift.obj
 0002:000011dc       $unwind$Subtruct_Imp       00000001800161dc     pmc_subtruct.obj
 0002:000011e4       $unwind$PMC_Subtruct_I_X   00000001800161e4     pmc_subtruct.obj
 0002:000011f4       $unwind$PMC_Subtruct_L_X   00000001800161f4     pmc_subtruct.obj
 0002:00001204       $unwind$PMC_Subtruct_X_I   0000000180016204     pmc_subtruct.obj
 0002:00001214       $unwind$PMC_Subtruct_X_L   0000000180016214     pmc_subtruct.obj
 0002:00001224       $unwind$PMC_Subtruct_X_X   0000000180016224     pmc_subtruct.obj
 0002:00001234       $unwind$PMC_To_X_I         0000000180016234     pmc_to.obj
 0002:00001240       $unwind$PMC_To_X_L         0000000180016240     pmc_to.obj
 0002:0000124c       $unwind$Initialize_ToString 000000018001624c     pmc_tostring.obj
 0002:00001254       $unwind$PMC_ToString       0000000180016254     pmc_tostring.obj
 0002:0000126c       $unwind$OutputOneChar      000000018001626c     pmc_tostring.obj
 0002:00001278       $unwind$PrintDecimal       0000000180016278     pmc_tostring.obj
 0002:0000129c       $unwind$ToStringDN         000000018001629c     pmc_tostring.obj
 0002:000012b8       $unwind$ToStringX          00000001800162b8     pmc_tostring.obj
 0002:000012cc       $unwind$__GSHandlerCheckCommon 00000001800162cc     MSVCRT:gshandler.obj
 0002:000012d4       $unwind$__GSHandlerCheck   00000001800162d4     MSVCRT:gshandler.obj
 0002:000012e0       $xdatasym                  00000001800162e0     MSVCRT:amdsecgs.obj
 0002:000012e4       $unwind$?dllmain_crt_process_attach@@YAHQEAUHINSTANCE__@@QEAX@Z 00000001800162e4     MSVCRT:dll_dllmain.obj
 0002:00001320       $unwind$?fin$0@?0??dllmain_crt_process_attach@@YAHQEAUHINSTANCE__@@QEAX@Z@4HA 0000000180016320     MSVCRT:dll_dllmain.obj
 0002:00001328       $unwind$?dllmain_crt_process_detach@@YAH_N@Z 0000000180016328     MSVCRT:dll_dllmain.obj
 0002:00001360       $unwind$?fin$0@?0??dllmain_crt_process_detach@@YAH_N@Z@4HA 0000000180016360     MSVCRT:dll_dllmain.obj
 0002:00001368       $unwind$?dllmain_crt_dispatch@@YAHQEAUHINSTANCE__@@KQEAX@Z 0000000180016368     MSVCRT:dll_dllmain.obj
 0002:00001370       $unwind$?dllmain_dispatch@@YAHQEAUHINSTANCE__@@KQEAX@Z 0000000180016370     MSVCRT:dll_dllmain.obj
 0002:00001398       $unwind$?filt$0@?0??dllmain_dispatch@@YAHQEAUHINSTANCE__@@KQEAX@Z@4HA 0000000180016398     MSVCRT:dll_dllmain.obj
 0002:000013a0       $unwind$_DllMainCRTStartup 00000001800163a0     MSVCRT:dll_dllmain.obj
 0002:000013b0       $unwind$__report_securityfailure 00000001800163b0     MSVCRT:gs_report.obj
 0002:000013b8       $unwind$__report_securityfailureEx 00000001800163b8     MSVCRT:gs_report.obj
 0002:000013c0       $unwind$__report_rangecheckfailure 00000001800163c0     MSVCRT:gs_report.obj
 0002:000013c8       $unwind$__report_gsfailure 00000001800163c8     MSVCRT:gs_report.obj
 0002:000013d0       $unwind$capture_current_context 00000001800163d0     MSVCRT:gs_report.obj
 0002:000013dc       $unwind$capture_previous_context 00000001800163dc     MSVCRT:gs_report.obj
 0002:000013e8       $unwind$__raise_securityfailure 00000001800163e8     MSVCRT:gs_report.obj
 0002:000013f0       $unwind$__security_init_cookie 00000001800163f0     MSVCRT:gs_support.obj
 0002:000013fc       $unwind$__get_entropy      00000001800163fc     MSVCRT:gs_support.obj
 0002:00001404       $unwind$__scrt_initialize_default_local_stdio_options 0000000180016404     MSVCRT:default_local_stdio_options.obj
 0002:0000140c       $unwind$atexit             000000018001640c     MSVCRT:utility.obj
 0002:00001414       $unwind$_onexit            0000000180016414     MSVCRT:utility.obj
 0002:0000141c       $unwind$__scrt_is_nonwritable_in_current_image 000000018001641c     MSVCRT:utility.obj
 0002:0000143c       $unwind$__scrt_is_nonwritable_in_current_image$filt$0 000000018001643c     MSVCRT:utility.obj
 0002:00001444       $unwind$__scrt_acquire_startup_lock 0000000180016444     MSVCRT:utility.obj
 0002:0000144c       $unwind$__scrt_release_startup_lock 000000018001644c     MSVCRT:utility.obj
 0002:00001454       $unwind$__scrt_initialize_crt 0000000180016454     MSVCRT:utility.obj
 0002:0000145c       $unwind$__scrt_uninitialize_crt 000000018001645c     MSVCRT:utility.obj
 0002:00001464       $unwind$__scrt_initialize_onexit_tables 0000000180016464     MSVCRT:utility.obj
 0002:0000146c       $unwind$__scrt_dllmain_exception_filter 000000018001646c     MSVCRT:utility.obj
 0002:00001480       $unwind$__scrt_dllmain_before_initialize_c 0000000180016480     MSVCRT:utility.obj
 0002:00001488       $unwind$__scrt_dllmain_after_initialize_c 0000000180016488     MSVCRT:utility.obj
 0002:00001490       $unwind$__scrt_dllmain_uninitialize_c 0000000180016490     MSVCRT:utility.obj
 0002:00001498       $unwind$__scrt_dllmain_uninitialize_critical 0000000180016498     MSVCRT:utility.obj
 0002:000014a0       $unwind$__scrt_dllmain_crt_thread_attach 00000001800164a0     MSVCRT:utility.obj
 0002:000014a8       $unwind$__scrt_dllmain_crt_thread_detach 00000001800164a8     MSVCRT:utility.obj
 0002:000014b0       $unwind$?configure_argv@__scrt_narrow_argv_policy@@SAHXZ 00000001800164b0     MSVCRT:utility.obj
 0002:000014b8       $unwind$__scrt_get_show_window_mode 00000001800164b8     MSVCRT:utility_desktop.obj
 0002:000014c0       $unwind$__scrt_is_managed_app 00000001800164c0     MSVCRT:utility_desktop.obj
 0002:000014c8       $unwind$__scrt_fastfail    00000001800164c8     MSVCRT:utility_desktop.obj
 0002:000014d8       $unwind$__scrt_unhandled_exception_filter 00000001800164d8     MSVCRT:utility_desktop.obj
 0002:000014e0       $unwind$_RTC_Initialize    00000001800164e0     MSVCRT:initsect.obj
 0002:000014ec       $unwind$_RTC_Terminate     00000001800164ec     MSVCRT:initsect.obj
 0002:000014f8       $unwind$__isa_available_init 00000001800164f8     MSVCRT:cpu_disp.obj
 0002:00001510       $xdatasym                  0000000180016510     MSVCRT:guard_dispatch.obj
 0002:00001520       .edata                     0000000180016520     Palmtree.Math.Core.Uint.exp
 0002:00001548       rgpv                       0000000180016548     Palmtree.Math.Core.Uint.exp
 0002:00001550       rgszName                   0000000180016550     Palmtree.Math.Core.Uint.exp
 0002:00001558       rgwOrd                     0000000180016558     Palmtree.Math.Core.Uint.exp
 0002:0000155c       szName                     000000018001655c     Palmtree.Math.Core.Uint.exp
 0002:00001578       $N00001                    0000000180016578     Palmtree.Math.Core.Uint.exp
 0002:00001580       $N00002                    0000000180016580     Palmtree.Math.Core.Uint.exp
 0002:00001774       .idata$6                   0000000180016774     kernel32:KERNEL32.dll
 0002:000017c4       .idata$6                   00000001800167c4     vcruntime:VCRUNTIME140.dll
 0002:000018c8       .idata$6                   00000001800168c8     ucrt:api-ms-win-crt-runtime-l1-1-0.dll
 0003:00000000       decimal_digits             0000000180017000     pmc_tostring.obj
 0003:00000018       hexadecimal_lower_digits   0000000180017018     pmc_tostring.obj
 0003:00000040       hexadecimal_upper_digits   0000000180017040     pmc_tostring.obj
 0003:000000c0       fp_Add_Imp                 00000001800170c0     pmc_add.obj
 0003:000000c8       fp_DivRem_X_X              00000001800170c8     pmc_divrem.obj
 0003:000000d0       entry_points               00000001800170d0     pmc_initialize.obj
 0003:00000300       initialized                0000000180017300     pmc_initialize.obj
 0003:00000308       fp_Multiply_X_1W           0000000180017308     pmc_multiply.obj
 0003:00000310       fp_Multiply_X_2W           0000000180017310     pmc_multiply.obj
 0003:00000318       fp_Multiply_X_X            0000000180017318     pmc_multiply.obj
 0003:00000320       default_number_format_option 0000000180017320     pmc_parse.obj
 0003:00000358       fp_MultiplyAndAdd          0000000180017358     pmc_parse.obj
 0003:00000360       default_number_format_option 0000000180017360     pmc_tostring.obj
 0003:00000394       ?__proc_attached@@3HA      0000000180017394     MSVCRT:dll_dllmain.obj
 0003:000003a0       GS_ExceptionRecord         00000001800173a0     MSVCRT:gs_report.obj
 0003:00000440       GS_ContextRecord           0000000180017440     MSVCRT:gs_report.obj
 0003:00000940       ?is_initialized_as_dll@@3_NA 0000000180017940     MSVCRT:utility.obj
 0003:00000941       ?module_local_atexit_table_initialized@@3_NA 0000000180017941     MSVCRT:utility.obj
 0003:00000948       ?module_local_atexit_table@@3U_onexit_table_t@@A 0000000180017948     MSVCRT:utility.obj
 0003:00000960       ?module_local_at_quick_exit_table@@3U_onexit_table_t@@A 0000000180017960     MSVCRT:utility.obj
 0004:00000000       $pdata$GetCPUInfo          0000000180018000     cpuid.obj
 0004:0000000c       $pdata$DllMain             000000018001800c     dllmain.obj
 0004:00000018       $pdata$AllocateHeapArea    0000000180018018     pmc_memory.obj
 0004:00000024       $pdata$DeallocateHeapArea  0000000180018024     pmc_memory.obj
 0004:00000030       $pdata$AllocateBlock       0000000180018030     pmc_memory.obj
 0004:0000003c       $pdata$DeallocateBlock     000000018001803c     pmc_memory.obj
 0004:00000048       $pdata$0$DeallocateBlock   0000000180018048     pmc_memory.obj
 0004:00000054       $pdata$1$DeallocateBlock   0000000180018054     pmc_memory.obj
 0004:00000060       $pdata$AttatchNumber       0000000180018060     pmc_memory.obj
 0004:0000006c       $pdata$AllocateNumber      000000018001806c     pmc_memory.obj
 0004:00000078       $pdata$DeallocateNumber    0000000180018078     pmc_memory.obj
 0004:00000084       $pdata$CommitNumber        0000000180018084     pmc_memory.obj
 0004:00000090       $pdata$DuplicateNumber     0000000180018090     pmc_memory.obj
 0004:0000009c       $pdata$Initialize_Memory   000000018001809c     pmc_memory.obj
 0004:000000a8       $pdata$PMC_Dispose         00000001800180a8     pmc_memory.obj
 0004:000000b4       $pdata$InitializeNumber    00000001800180b4     pmc_memory.obj
 0004:000000c0       $pdata$CleanUpNumber       00000001800180c0     pmc_memory.obj
 0004:000000cc       $pdata$0$CleanUpNumber     00000001800180cc     pmc_memory.obj
 0004:000000d8       $pdata$1$CleanUpNumber     00000001800180d8     pmc_memory.obj
 0004:000000e4       $pdata$PMC_Add_I_X         00000001800180e4     pmc_add.obj
 0004:000000f0       $pdata$PMC_Add_L_X         00000001800180f0     pmc_add.obj
 0004:000000fc       $pdata$PMC_Add_X_I         00000001800180fc     pmc_add.obj
 0004:00000108       $pdata$PMC_Add_X_L         0000000180018108     pmc_add.obj
 0004:00000114       $pdata$PMC_Add_X_X         0000000180018114     pmc_add.obj
 0004:00000120       $pdata$Add_Imp_using_ADC   0000000180018120     pmc_add.obj
 0004:0000012c       $pdata$Add_Imp_using_ADCX  000000018001812c     pmc_add.obj
 0004:00000138       $pdata$PMC_Add_X_I_Imp     0000000180018138     pmc_add.obj
 0004:00000144       $pdata$PMC_Add_X_L_Imp     0000000180018144     pmc_add.obj
 0004:00000150       $pdata$PMC_BitwiseAnd_I_X  0000000180018150     pmc_bitwiseand.obj
 0004:0000015c       $pdata$PMC_BitwiseAnd_L_X  000000018001815c     pmc_bitwiseand.obj
 0004:00000168       $pdata$PMC_BitwiseAnd_X_I  0000000180018168     pmc_bitwiseand.obj
 0004:00000174       $pdata$PMC_BitwiseAnd_X_L  0000000180018174     pmc_bitwiseand.obj
 0004:00000180       $pdata$PMC_BitwiseAnd_X_X  0000000180018180     pmc_bitwiseand.obj
 0004:0000018c       $pdata$0$PMC_BitwiseAnd_X_X 000000018001818c     pmc_bitwiseand.obj
 0004:00000198       $pdata$1$PMC_BitwiseAnd_X_X 0000000180018198     pmc_bitwiseand.obj
 0004:000001a4       $pdata$BitwiseAnd_X_X      00000001800181a4     pmc_bitwiseand.obj
 0004:000001b0       $pdata$2$BitwiseAnd_X_X    00000001800181b0     pmc_bitwiseand.obj
 0004:000001bc       $pdata$3$BitwiseAnd_X_X    00000001800181bc     pmc_bitwiseand.obj
 0004:000001c8       $pdata$4$BitwiseAnd_X_X    00000001800181c8     pmc_bitwiseand.obj
 0004:000001d4       $pdata$PMC_BitwiseOr_I_X   00000001800181d4     pmc_bitwiseor.obj
 0004:000001e0       $pdata$PMC_BitwiseOr_L_X   00000001800181e0     pmc_bitwiseor.obj
 0004:000001ec       $pdata$PMC_BitwiseOr_X_I   00000001800181ec     pmc_bitwiseor.obj
 0004:000001f8       $pdata$PMC_BitwiseOr_X_L   00000001800181f8     pmc_bitwiseor.obj
 0004:00000204       $pdata$PMC_BitwiseOr_X_X   0000000180018204     pmc_bitwiseor.obj
 0004:00000210       $pdata$0$PMC_BitwiseOr_X_X 0000000180018210     pmc_bitwiseor.obj
 0004:0000021c       $pdata$1$PMC_BitwiseOr_X_X 000000018001821c     pmc_bitwiseor.obj
 0004:00000228       $pdata$2$PMC_BitwiseOr_X_X 0000000180018228     pmc_bitwiseor.obj
 0004:00000234       $pdata$3$PMC_BitwiseOr_X_X 0000000180018234     pmc_bitwiseor.obj
 0004:00000240       $pdata$BitwiseOr_X_X       0000000180018240     pmc_bitwiseor.obj
 0004:0000024c       $pdata$PMC_BitwiseOr_X_I_Imp 000000018001824c     pmc_bitwiseor.obj
 0004:00000258       $pdata$PMC_BitwiseOr_X_L_Imp 0000000180018258     pmc_bitwiseor.obj
 0004:00000264       $pdata$PMC_FromByteArray   0000000180018264     pmc_bytes.obj
 0004:00000270       $pdata$PMC_ToByteArray     0000000180018270     pmc_bytes.obj
 0004:0000027c       $pdata$PMC_FromByteArrayForSINT 000000018001827c     pmc_bytes.obj
 0004:00000288       $pdata$PMC_ToByteArrayForSINT 0000000180018288     pmc_bytes.obj
 0004:00000294       $pdata$0$PMC_ToByteArrayForSINT 0000000180018294     pmc_bytes.obj
 0004:000002a0       $pdata$1$PMC_ToByteArrayForSINT 00000001800182a0     pmc_bytes.obj
 0004:000002ac       $pdata$PMC_Clone_X         00000001800182ac     pmc_clone.obj
 0004:000002b8       $pdata$PMC_Compare_I_X     00000001800182b8     pmc_compare.obj
 0004:000002c4       $pdata$PMC_Compare_L_X     00000001800182c4     pmc_compare.obj
 0004:000002d0       $pdata$PMC_Compare_X_I     00000001800182d0     pmc_compare.obj
 0004:000002dc       $pdata$PMC_Compare_X_L     00000001800182dc     pmc_compare.obj
 0004:000002e8       $pdata$PMC_Compare_X_X     00000001800182e8     pmc_compare.obj
 0004:000002f4       $pdata$DivRem_X_X          00000001800182f4     pmc_divrem.obj
 0004:00000300       $pdata$PMC_DivRem_I_X      0000000180018300     pmc_divrem.obj
 0004:0000030c       $pdata$PMC_DivRem_L_X      000000018001830c     pmc_divrem.obj
 0004:00000318       $pdata$PMC_DivRem_X_I      0000000180018318     pmc_divrem.obj
 0004:00000324       $pdata$PMC_DivRem_X_L      0000000180018324     pmc_divrem.obj
 0004:00000330       $pdata$1$PMC_DivRem_X_L    0000000180018330     pmc_divrem.obj
 0004:0000033c       $pdata$2$PMC_DivRem_X_L    000000018001833c     pmc_divrem.obj
 0004:00000348       $pdata$3$PMC_DivRem_X_L    0000000180018348     pmc_divrem.obj
 0004:00000354       $pdata$4$PMC_DivRem_X_L    0000000180018354     pmc_divrem.obj
 0004:00000360       $pdata$PMC_DivRem_X_X      0000000180018360     pmc_divrem.obj
 0004:0000036c       $pdata$0$PMC_DivRem_X_X    000000018001836c     pmc_divrem.obj
 0004:00000378       $pdata$1$PMC_DivRem_X_X    0000000180018378     pmc_divrem.obj
 0004:00000384       $pdata$2$PMC_DivRem_X_X    0000000180018384     pmc_divrem.obj
 0004:00000390       $pdata$3$PMC_DivRem_X_X    0000000180018390     pmc_divrem.obj
 0004:0000039c       $pdata$SubtructOneLine     000000018001839c     pmc_divrem.obj
 0004:000003a8       $pdata$SubtructOneLineX    00000001800183a8     pmc_divrem.obj
 0004:000003b4       $pdata$AddOneLine          00000001800183b4     pmc_divrem.obj
 0004:000003c0       $pdata$AddOneLineX         00000001800183c0     pmc_divrem.obj
 0004:000003cc       $pdata$DivRem_X_X_using_ADC_MUL 00000001800183cc     pmc_divrem.obj
 0004:000003d8       $pdata$DivRem_X_X_using_ADX_MULX 00000001800183d8     pmc_divrem.obj
 0004:000003e4       $pdata$PMC_Equals_I_X      00000001800183e4     pmc_equals.obj
 0004:000003f0       $pdata$PMC_Equals_L_X      00000001800183f0     pmc_equals.obj
 0004:000003fc       $pdata$PMC_Equals_X_I      00000001800183fc     pmc_equals.obj
 0004:00000408       $pdata$PMC_Equals_X_L      0000000180018408     pmc_equals.obj
 0004:00000414       $pdata$PMC_Equals_X_X      0000000180018414     pmc_equals.obj
 0004:00000420       $pdata$PMC_ExclusiveOr_I_X 0000000180018420     pmc_exclusiveor.obj
 0004:0000042c       $pdata$PMC_ExclusiveOr_L_X 000000018001842c     pmc_exclusiveor.obj
 0004:00000438       $pdata$PMC_ExclusiveOr_X_I 0000000180018438     pmc_exclusiveor.obj
 0004:00000444       $pdata$PMC_ExclusiveOr_X_L 0000000180018444     pmc_exclusiveor.obj
 0004:00000450       $pdata$PMC_ExclusiveOr_X_X 0000000180018450     pmc_exclusiveor.obj
 0004:0000045c       $pdata$0$PMC_ExclusiveOr_X_X 000000018001845c     pmc_exclusiveor.obj
 0004:00000468       $pdata$1$PMC_ExclusiveOr_X_X 0000000180018468     pmc_exclusiveor.obj
 0004:00000474       $pdata$2$PMC_ExclusiveOr_X_X 0000000180018474     pmc_exclusiveor.obj
 0004:00000480       $pdata$4$PMC_ExclusiveOr_X_X 0000000180018480     pmc_exclusiveor.obj
 0004:0000048c       $pdata$5$PMC_ExclusiveOr_X_X 000000018001848c     pmc_exclusiveor.obj
 0004:00000498       $pdata$ExclusiveOr_X_X     0000000180018498     pmc_exclusiveor.obj
 0004:000004a4       $pdata$PMC_ExclusiveOr_X_I_Imp 00000001800184a4     pmc_exclusiveor.obj
 0004:000004b0       $pdata$PMC_ExclusiveOr_X_L_Imp 00000001800184b0     pmc_exclusiveor.obj
 0004:000004bc       $pdata$From_I_Imp          00000001800184bc     pmc_from.obj
 0004:000004c8       $pdata$From_L_Imp          00000001800184c8     pmc_from.obj
 0004:000004d4       $pdata$PMC_From_I          00000001800184d4     pmc_from.obj
 0004:000004e0       $pdata$PMC_From_L          00000001800184e0     pmc_from.obj
 0004:000004ec       $pdata$PMC_GreatestCommonDivisor_I_X 00000001800184ec     pmc_greatestcommondivisor.obj
 0004:000004f8       $pdata$PMC_GreatestCommonDivisor_L_X 00000001800184f8     pmc_greatestcommondivisor.obj
 0004:00000504       $pdata$PMC_GreatestCommonDivisor_X_I 0000000180018504     pmc_greatestcommondivisor.obj
 0004:00000510       $pdata$PMC_GreatestCommonDivisor_X_L 0000000180018510     pmc_greatestcommondivisor.obj
 0004:0000051c       $pdata$PMC_GreatestCommonDivisor_X_X 000000018001851c     pmc_greatestcommondivisor.obj
 0004:00000528       $pdata$GreatestCommonDivisor_Imp 0000000180018528     pmc_greatestcommondivisor.obj
 0004:00000534       $pdata$PMC_GreatestCommonDivisor_X_I_Imp 0000000180018534     pmc_greatestcommondivisor.obj
 0004:00000540       $pdata$0$PMC_GreatestCommonDivisor_X_I_Imp 0000000180018540     pmc_greatestcommondivisor.obj
 0004:0000054c       $pdata$1$PMC_GreatestCommonDivisor_X_I_Imp 000000018001854c     pmc_greatestcommondivisor.obj
 0004:00000558       $pdata$PMC_GreatestCommonDivisor_X_L_Imp 0000000180018558     pmc_greatestcommondivisor.obj
 0004:00000564       $pdata$0$PMC_GreatestCommonDivisor_X_L_Imp 0000000180018564     pmc_greatestcommondivisor.obj
 0004:00000570       $pdata$1$PMC_GreatestCommonDivisor_X_L_Imp 0000000180018570     pmc_greatestcommondivisor.obj
 0004:0000057c       $pdata$PMC_UINT_Initialize 000000018001857c     pmc_initialize.obj
 0004:00000588       $pdata$0$PMC_UINT_Initialize 0000000180018588     pmc_initialize.obj
 0004:00000594       $pdata$1$PMC_UINT_Initialize 0000000180018594     pmc_initialize.obj
 0004:000005a0       $pdata$PMC_ModPow_X_X_X    00000001800185a0     pmc_modpow.obj
 0004:000005ac       $pdata$ModulePower         00000001800185ac     pmc_modpow.obj
 0004:000005b8       $pdata$2$ModulePower       00000001800185b8     pmc_modpow.obj
 0004:000005c4       $pdata$3$ModulePower       00000001800185c4     pmc_modpow.obj
 0004:000005d0       $pdata$PMC_ModPow_X_X_X_Imp 00000001800185d0     pmc_modpow.obj
 0004:000005dc       $pdata$PMC_Multiply_I_X    00000001800185dc     pmc_multiply.obj
 0004:000005e8       $pdata$PMC_Multiply_L_X    00000001800185e8     pmc_multiply.obj
 0004:000005f4       $pdata$PMC_Multiply_X_I    00000001800185f4     pmc_multiply.obj
 0004:00000600       $pdata$PMC_Multiply_X_L    0000000180018600     pmc_multiply.obj
 0004:0000060c       $pdata$PMC_Multiply_X_X    000000018001860c     pmc_multiply.obj
 0004:00000618       $pdata$Multiply_WORD_using_MUL_ADC 0000000180018618     pmc_multiply.obj
 0004:00000624       $pdata$Multiply_WORD_using_MULX_ADCX 0000000180018624     pmc_multiply.obj
 0004:00000630       $pdata$Multiply_X_2W_using_MUL_ADC 0000000180018630     pmc_multiply.obj
 0004:0000063c       $pdata$Multiply_X_2W_using_MULX_ADCX 000000018001863c     pmc_multiply.obj
 0004:00000648       $pdata$Multiply_X_X_using_MUL_ADC 0000000180018648     pmc_multiply.obj
 0004:00000654       $pdata$Multiply_X_X_using_MULX_ADCX 0000000180018654     pmc_multiply.obj
 0004:00000660       $pdata$PMC_Multiply_X_I_Imp 0000000180018660     pmc_multiply.obj
 0004:0000066c       $pdata$PMC_Multiply_X_L_Imp 000000018001866c     pmc_multiply.obj
 0004:00000678       $pdata$Initialize_Parse    0000000180018678     pmc_parse.obj
 0004:00000684       $pdata$PMC_TryParse        0000000180018684     pmc_parse.obj
 0004:00000690       $pdata$PMC_TryParseForSINT 0000000180018690     pmc_parse.obj
 0004:0000069c       $pdata$InitializeParserState 000000018001869c     pmc_parse.obj
 0004:000006a8       $pdata$ParseAsDecimalNumberString 00000001800186a8     pmc_parse.obj
 0004:000006b4       $pdata$Build1WordFromDecimalString 00000001800186b4     pmc_parse.obj
 0004:000006c0       $pdata$MultiplyAndAdd_using_ADC_MUL 00000001800186c0     pmc_parse.obj
 0004:000006cc       $pdata$MultiplyAndAdd_using_ADCX_MULX 00000001800186cc     pmc_parse.obj
 0004:000006d8       $pdata$TryParseDN          00000001800186d8     pmc_parse.obj
 0004:000006e4       $pdata$0$TryParseDN        00000001800186e4     pmc_parse.obj
 0004:000006f0       $pdata$1$TryParseDN        00000001800186f0     pmc_parse.obj
 0004:000006fc       $pdata$Build1WordFromHexString 00000001800186fc     pmc_parse.obj
 0004:00000708       $pdata$TryParseX           0000000180018708     pmc_parse.obj
 0004:00000714       $pdata$0$TryParseX         0000000180018714     pmc_parse.obj
 0004:00000720       $pdata$1$TryParseX         0000000180018720     pmc_parse.obj
 0004:0000072c       $pdata$2$TryParseX         000000018001872c     pmc_parse.obj
 0004:00000738       $pdata$3$TryParseX         0000000180018738     pmc_parse.obj
 0004:00000744       $pdata$PMC_Pow_X_I         0000000180018744     pmc_pow.obj
 0004:00000750       $pdata$PMC_Pow_X_I_Imp     0000000180018750     pmc_pow.obj
 0004:0000075c       $pdata$1$PMC_Pow_X_I_Imp   000000018001875c     pmc_pow.obj
 0004:00000768       $pdata$2$PMC_Pow_X_I_Imp   0000000180018768     pmc_pow.obj
 0004:00000774       $pdata$RightShift_Imp_DIV  0000000180018774     pmc_shift.obj
 0004:00000780       $pdata$0$RightShift_Imp_DIV 0000000180018780     pmc_shift.obj
 0004:0000078c       $pdata$1$RightShift_Imp_DIV 000000018001878c     pmc_shift.obj
 0004:00000798       $pdata$2$RightShift_Imp_DIV 0000000180018798     pmc_shift.obj
 0004:000007a4       $pdata$3$RightShift_Imp_DIV 00000001800187a4     pmc_shift.obj
 0004:000007b0       $pdata$RightShift_Imp      00000001800187b0     pmc_shift.obj
 0004:000007bc       $pdata$0$RightShift_Imp    00000001800187bc     pmc_shift.obj
 0004:000007c8       $pdata$1$RightShift_Imp    00000001800187c8     pmc_shift.obj
 0004:000007d4       $pdata$LeftShift_Imp_DIV   00000001800187d4     pmc_shift.obj
 0004:000007e0       $pdata$0$LeftShift_Imp_DIV 00000001800187e0     pmc_shift.obj
 0004:000007ec       $pdata$1$LeftShift_Imp_DIV 00000001800187ec     pmc_shift.obj
 0004:000007f8       $pdata$LeftShift_Imp       00000001800187f8     pmc_shift.obj
 0004:00000804       $pdata$0$LeftShift_Imp     0000000180018804     pmc_shift.obj
 0004:00000810       $pdata$1$LeftShift_Imp     0000000180018810     pmc_shift.obj
 0004:0000081c       $pdata$PMC_RightShift_X_I  000000018001881c     pmc_shift.obj
 0004:00000828       $pdata$PMC_LeftShift_X_I   0000000180018828     pmc_shift.obj
 0004:00000834       $pdata$Subtruct_Imp        0000000180018834     pmc_subtruct.obj
 0004:00000840       $pdata$PMC_Subtruct_I_X    0000000180018840     pmc_subtruct.obj
 0004:0000084c       $pdata$PMC_Subtruct_L_X    000000018001884c     pmc_subtruct.obj
 0004:00000858       $pdata$PMC_Subtruct_X_I    0000000180018858     pmc_subtruct.obj
 0004:00000864       $pdata$PMC_Subtruct_X_L    0000000180018864     pmc_subtruct.obj
 0004:00000870       $pdata$PMC_Subtruct_X_X    0000000180018870     pmc_subtruct.obj
 0004:0000087c       $pdata$PMC_To_X_I          000000018001887c     pmc_to.obj
 0004:00000888       $pdata$PMC_To_X_L          0000000180018888     pmc_to.obj
 0004:00000894       $pdata$Initialize_ToString 0000000180018894     pmc_tostring.obj
 0004:000008a0       $pdata$PMC_ToString        00000001800188a0     pmc_tostring.obj
 0004:000008ac       $pdata$OutputOneChar       00000001800188ac     pmc_tostring.obj
 0004:000008b8       $pdata$PrintDecimal        00000001800188b8     pmc_tostring.obj
 0004:000008c4       $pdata$ToStringDN          00000001800188c4     pmc_tostring.obj
 0004:000008d0       $pdata$ToStringX           00000001800188d0     pmc_tostring.obj
 0004:000008dc       $pdata$__GSHandlerCheckCommon 00000001800188dc     MSVCRT:gshandler.obj
 0004:000008e8       $pdata$__GSHandlerCheck    00000001800188e8     MSVCRT:gshandler.obj
 0004:00000900       $pdata$?dllmain_crt_process_attach@@YAHQEAUHINSTANCE__@@QEAX@Z 0000000180018900     MSVCRT:dll_dllmain.obj
 0004:0000090c       $pdata$?fin$0@?0??dllmain_crt_process_attach@@YAHQEAUHINSTANCE__@@QEAX@Z@4HA 000000018001890c     MSVCRT:dll_dllmain.obj
 0004:00000918       $pdata$?dllmain_crt_process_detach@@YAH_N@Z 0000000180018918     MSVCRT:dll_dllmain.obj
 0004:00000924       $pdata$?fin$0@?0??dllmain_crt_process_detach@@YAH_N@Z@4HA 0000000180018924     MSVCRT:dll_dllmain.obj
 0004:00000930       $pdata$?dllmain_crt_dispatch@@YAHQEAUHINSTANCE__@@KQEAX@Z 0000000180018930     MSVCRT:dll_dllmain.obj
 0004:0000093c       $pdata$?dllmain_dispatch@@YAHQEAUHINSTANCE__@@KQEAX@Z 000000018001893c     MSVCRT:dll_dllmain.obj
 0004:00000948       $pdata$?filt$0@?0??dllmain_dispatch@@YAHQEAUHINSTANCE__@@KQEAX@Z@4HA 0000000180018948     MSVCRT:dll_dllmain.obj
 0004:00000954       $pdata$_DllMainCRTStartup  0000000180018954     MSVCRT:dll_dllmain.obj
 0004:00000960       $pdata$__report_securityfailure 0000000180018960     MSVCRT:gs_report.obj
 0004:0000096c       $pdata$__report_securityfailureEx 000000018001896c     MSVCRT:gs_report.obj
 0004:00000978       $pdata$__report_rangecheckfailure 0000000180018978     MSVCRT:gs_report.obj
 0004:00000984       $pdata$__report_gsfailure  0000000180018984     MSVCRT:gs_report.obj
 0004:00000990       $pdata$capture_current_context 0000000180018990     MSVCRT:gs_report.obj
 0004:0000099c       $pdata$capture_previous_context 000000018001899c     MSVCRT:gs_report.obj
 0004:000009a8       $pdata$__raise_securityfailure 00000001800189a8     MSVCRT:gs_report.obj
 0004:000009b4       $pdata$__security_init_cookie 00000001800189b4     MSVCRT:gs_support.obj
 0004:000009c0       $pdata$__get_entropy       00000001800189c0     MSVCRT:gs_support.obj
 0004:000009cc       $pdata$__scrt_initialize_default_local_stdio_options 00000001800189cc     MSVCRT:default_local_stdio_options.obj
 0004:000009d8       $pdata$atexit              00000001800189d8     MSVCRT:utility.obj
 0004:000009e4       $pdata$_onexit             00000001800189e4     MSVCRT:utility.obj
 0004:000009f0       $pdata$__scrt_is_nonwritable_in_current_image 00000001800189f0     MSVCRT:utility.obj
 0004:000009fc       $pdata$__scrt_is_nonwritable_in_current_image$filt$0 00000001800189fc     MSVCRT:utility.obj
 0004:00000a08       $pdata$__scrt_acquire_startup_lock 0000000180018a08     MSVCRT:utility.obj
 0004:00000a14       $pdata$__scrt_release_startup_lock 0000000180018a14     MSVCRT:utility.obj
 0004:00000a20       $pdata$__scrt_initialize_crt 0000000180018a20     MSVCRT:utility.obj
 0004:00000a2c       $pdata$__scrt_uninitialize_crt 0000000180018a2c     MSVCRT:utility.obj
 0004:00000a38       $pdata$__scrt_initialize_onexit_tables 0000000180018a38     MSVCRT:utility.obj
 0004:00000a44       $pdata$__scrt_dllmain_exception_filter 0000000180018a44     MSVCRT:utility.obj
 0004:00000a50       $pdata$__scrt_dllmain_before_initialize_c 0000000180018a50     MSVCRT:utility.obj
 0004:00000a5c       $pdata$__scrt_dllmain_after_initialize_c 0000000180018a5c     MSVCRT:utility.obj
 0004:00000a68       $pdata$__scrt_dllmain_uninitialize_c 0000000180018a68     MSVCRT:utility.obj
 0004:00000a74       $pdata$__scrt_dllmain_uninitialize_critical 0000000180018a74     MSVCRT:utility.obj
 0004:00000a80       $pdata$__scrt_dllmain_crt_thread_attach 0000000180018a80     MSVCRT:utility.obj
 0004:00000a8c       $pdata$__scrt_dllmain_crt_thread_detach 0000000180018a8c     MSVCRT:utility.obj
 0004:00000a98       $pdata$?configure_argv@__scrt_narrow_argv_policy@@SAHXZ 0000000180018a98     MSVCRT:utility.obj
 0004:00000aa4       $pdata$__scrt_get_show_window_mode 0000000180018aa4     MSVCRT:utility_desktop.obj
 0004:00000ab0       $pdata$__scrt_is_managed_app 0000000180018ab0     MSVCRT:utility_desktop.obj
 0004:00000abc       $pdata$__scrt_fastfail     0000000180018abc     MSVCRT:utility_desktop.obj
 0004:00000ac8       $pdata$__scrt_unhandled_exception_filter 0000000180018ac8     MSVCRT:utility_desktop.obj
 0004:00000ad4       $pdata$_RTC_Initialize     0000000180018ad4     MSVCRT:initsect.obj
 0004:00000ae0       $pdata$_RTC_Terminate      0000000180018ae0     MSVCRT:initsect.obj
 0004:00000aec       $pdata$__isa_available_init 0000000180018aec     MSVCRT:cpu_disp.obj
 0005:000000a0       $R000000                   00000001800190a0     Palmtree.Math.Core.Uint.res
 0005:000003c0       $R000320                   00000001800193c0     Palmtree.Math.Core.Uint.res
