 Palmtree.Math.Core.Uint

 Timestamp is 5c5d5a8c (Fri Feb  8 19:31:40 2019)

 Preferred load address is 0000000180000000

 Start         Length     Name                   Class
 0001:00000000 00013150H .text$mn                CODE
 0001:00013150 00000012H .text$mn$00             CODE
 0001:00013162 00000081H .text$x                 CODE
 0002:00000000 00000148H .idata$5                DATA
 0002:00000148 00000010H .00cfg                  DATA
 0002:00000158 00000008H .CRT$XCA                DATA
 0002:00000160 00000008H .CRT$XCZ                DATA
 0002:00000168 00000008H .CRT$XIA                DATA
 0002:00000170 00000008H .CRT$XIZ                DATA
 0002:00000178 00000008H .CRT$XPA                DATA
 0002:00000180 00000008H .CRT$XPZ                DATA
 0002:00000188 00000008H .CRT$XTA                DATA
 0002:00000190 00000010H .CRT$XTZ                DATA
 0002:00000198 00000000H .gfids$y                DATA
 0002:000001a0 00000190H .rdata                  DATA
 0002:00000330 000002e0H .rdata$zzzdbg           DATA
 0002:00000610 00000008H .rtc$IAA                DATA
 0002:00000618 00000008H .rtc$IZZ                DATA
 0002:00000620 00000008H .rtc$TAA                DATA
 0002:00000628 00000008H .rtc$TZZ                DATA
 0002:00000630 00000f00H .xdata                  DATA
 0002:00001530 00000074H .edata                  DATA
 0002:000015a4 0000003cH .idata$2                DATA
 0002:000015e0 00000018H .idata$3                DATA
 0002:000015f8 00000148H .idata$4                DATA
 0002:00001740 0000033eH .idata$6                DATA
 0003:00000000 000000c0H .data                   DATA
 0003:000000c0 00000948H .bss                    DATA
 0004:00000000 00000b04H .pdata                  DATA
 0005:00000000 000000a0H .rsrc$01                DATA
 0005:000000a0 000004a0H .rsrc$02                DATA

  Address         Publics by Value              Rva+Base               Lib:Object

 0000:00000000       __volatile_metadata        0000000000000000     <absolute>
 0000:00000000       __guard_longjmp_table      0000000000000000     <absolute>
 0000:00000000       __dynamic_value_reloc_table 0000000000000000     <absolute>
 0000:00000000       ___safe_se_handler_count   0000000000000000     <absolute>
 0000:00000000       __enclave_config           0000000000000000     <absolute>
 0000:00000000       __guard_iat_table          0000000000000000     <absolute>
 0000:00000000       __hybrid_code_map_count    0000000000000000     <absolute>
 0000:00000000       ___safe_se_handler_table   0000000000000000     <absolute>
 0000:00000000       __guard_fids_count         0000000000000000     <absolute>
 0000:00000000       __guard_iat_count          0000000000000000     <absolute>
 0000:00000000       __hybrid_auxiliary_iat     0000000000000000     <absolute>
 0000:00000000       __guard_fids_table         0000000000000000     <absolute>
 0000:00000000       __hybrid_code_map          0000000000000000     <absolute>
 0000:00000000       __guard_longjmp_count      0000000000000000     <absolute>
 0000:00000100       __guard_flags              0000000000000100     <absolute>
 0000:00000000       __ImageBase                0000000180000000     <linker-defined>
 0001:00000000       GetCPUInfo                 0000000180001000 f   cpuid.obj
 0001:000000b0       DoDebug                    00000001800010b0 f   debug.obj
 0001:000000c0       DllMain                    00000001800010c0 f   dllmain.obj
 0001:00000100       AllocateBlock              0000000180001100 f   pmc_memory.obj
 0001:00000180       AllocateHeapArea           0000000180001180 f   pmc_memory.obj
 0001:000001b0       AllocateNumber             00000001800011b0 f   pmc_memory.obj
 0001:00000220       AttatchNumber              0000000180001220 f   pmc_memory.obj
 0001:000004d0       CheckBlockLight            00000001800014d0 f   pmc_memory.obj
 0001:000004e0       CheckNumber                00000001800014e0 f   pmc_memory.obj
 0001:00000560       CommitNumber               0000000180001560 f   pmc_memory.obj
 0001:000006d0       DeallocateBlock            00000001800016d0 f   pmc_memory.obj
 0001:00000720       DeallocateHeapArea         0000000180001720 f   pmc_memory.obj
 0001:00000750       DeallocateNumber           0000000180001750 f   pmc_memory.obj
 0001:000007b0       DetatchNumber              00000001800017b0 f   pmc_memory.obj
 0001:000007c0       DuplicateNumber            00000001800017c0 f   pmc_memory.obj
 0001:00000950       Initialize_Memory          0000000180001950 f   pmc_memory.obj
 0001:00000ab0       PMC_Dispose                0000000180001ab0 f   pmc_memory.obj
 0001:00000b20       PMC_GetConstantValue_I     0000000180001b20 f   pmc_memory.obj
 0001:00001190       Initialize_Add             0000000180002190 f   pmc_add.obj
 0001:000011b0       PMC_Add_I_X                00000001800021b0 f   pmc_add.obj
 0001:00001210       PMC_Add_L_X                0000000180002210 f   pmc_add.obj
 0001:00001270       PMC_Add_X_I                0000000180002270 f   pmc_add.obj
 0001:00001410       PMC_Add_X_L                0000000180002410 f   pmc_add.obj
 0001:000015b0       PMC_Add_X_X                00000001800025b0 f   pmc_add.obj
 0001:00001ec0       Initialize_BitwiseAnd      0000000180002ec0 f   pmc_bitwiseand.obj
 0001:00001ed0       PMC_BitwiseAnd_I_X         0000000180002ed0 f   pmc_bitwiseand.obj
 0001:00001f50       PMC_BitwiseAnd_L_X         0000000180002f50 f   pmc_bitwiseand.obj
 0001:00001fe0       PMC_BitwiseAnd_X_I         0000000180002fe0 f   pmc_bitwiseand.obj
 0001:00002060       PMC_BitwiseAnd_X_L         0000000180003060 f   pmc_bitwiseand.obj
 0001:000020e0       PMC_BitwiseAnd_X_X         00000001800030e0 f   pmc_bitwiseand.obj
 0001:00002520       Initialize_BitwiseOr       0000000180003520 f   pmc_bitwiseor.obj
 0001:00002530       PMC_BitwiseOr_I_X          0000000180003530 f   pmc_bitwiseor.obj
 0001:00002590       PMC_BitwiseOr_L_X          0000000180003590 f   pmc_bitwiseor.obj
 0001:000025f0       PMC_BitwiseOr_X_I          00000001800035f0 f   pmc_bitwiseor.obj
 0001:00002740       PMC_BitwiseOr_X_L          0000000180003740 f   pmc_bitwiseor.obj
 0001:000028a0       PMC_BitwiseOr_X_X          00000001800038a0 f   pmc_bitwiseor.obj
 0001:00002a10       PMC_FromByteArray          0000000180003a10 f   pmc_bytes.obj
 0001:00002af0       PMC_FromByteArrayForSINT   0000000180003af0 f   pmc_bytes.obj
 0001:00002bd0       PMC_ToByteArray            0000000180003bd0 f   pmc_bytes.obj
 0001:00002c80       PMC_ToByteArrayForSINT     0000000180003c80 f   pmc_bytes.obj
 0001:00002d60       Initialize_Clone           0000000180003d60 f   pmc_clone.obj
 0001:00002d70       PMC_Clone_X                0000000180003d70 f   pmc_clone.obj
 0001:00002df0       Compare_Imp                0000000180003df0 f   pmc_compare.obj
 0001:00002e40       Initialize_Compare         0000000180003e40 f   pmc_compare.obj
 0001:00002e50       PMC_Compare_I_X            0000000180003e50 f   pmc_compare.obj
 0001:00002f40       PMC_Compare_L_X            0000000180003f40 f   pmc_compare.obj
 0001:00003030       PMC_Compare_X_I            0000000180004030 f   pmc_compare.obj
 0001:000030d0       PMC_Compare_X_L            00000001800040d0 f   pmc_compare.obj
 0001:00003170       PMC_Compare_X_X            0000000180004170 f   pmc_compare.obj
 0001:00003970       DivRem_X_1W                0000000180004970 f   pmc_divrem.obj
 0001:00003f90       DivRem_X_X                 0000000180004f90 f   pmc_divrem.obj
 0001:00004640       Initialize_DivRem          0000000180005640 f   pmc_divrem.obj
 0001:00004670       PMC_DivRem_I_X             0000000180005670 f   pmc_divrem.obj
 0001:00004740       PMC_DivRem_L_X             0000000180005740 f   pmc_divrem.obj
 0001:00004950       PMC_DivRem_X_I             0000000180005950 f   pmc_divrem.obj
 0001:00004ae0       PMC_DivRem_X_L             0000000180005ae0 f   pmc_divrem.obj
 0001:00004da0       PMC_DivRem_X_X             0000000180005da0 f   pmc_divrem.obj
 0001:00006b70       Equals_X_X                 0000000180007b70 f   pmc_equals.obj
 0001:00006ba0       Initialize_Equals          0000000180007ba0 f   pmc_equals.obj
 0001:00006bb0       PMC_Equals_I_X             0000000180007bb0 f   pmc_equals.obj
 0001:00006c10       PMC_Equals_L_X             0000000180007c10 f   pmc_equals.obj
 0001:00006c70       PMC_Equals_X_I             0000000180007c70 f   pmc_equals.obj
 0001:00006d30       PMC_Equals_X_L             0000000180007d30 f   pmc_equals.obj
 0001:00006df0       PMC_Equals_X_X             0000000180007df0 f   pmc_equals.obj
 0001:00007210       Initialize_ExclusiveOr     0000000180008210 f   pmc_exclusiveor.obj
 0001:00007220       PMC_ExclusiveOr_I_X        0000000180008220 f   pmc_exclusiveor.obj
 0001:00007280       PMC_ExclusiveOr_L_X        0000000180008280 f   pmc_exclusiveor.obj
 0001:000072e0       PMC_ExclusiveOr_X_I        00000001800082e0 f   pmc_exclusiveor.obj
 0001:00007450       PMC_ExclusiveOr_X_L        0000000180008450 f   pmc_exclusiveor.obj
 0001:000075d0       PMC_ExclusiveOr_X_X        00000001800085d0 f   pmc_exclusiveor.obj
 0001:00007720       From_I_Imp                 0000000180008720 f   pmc_from.obj
 0001:00007780       From_L_Imp                 0000000180008780 f   pmc_from.obj
 0001:000077e0       Initialize_From            00000001800087e0 f   pmc_from.obj
 0001:000077f0       PMC_From_I                 00000001800087f0 f   pmc_from.obj
 0001:00007870       PMC_From_L                 0000000180008870 f   pmc_from.obj
 0001:000078f0       Initialize_GetPropertyValue 00000001800088f0 f   pmc_getnumbertype.obj
 0001:00007900       PMC_GetNumberType_X        0000000180008900 f   pmc_getnumbertype.obj
 0001:00007a80       Initialize_GreatestCommonDivisor 0000000180008a80 f   pmc_greatestcommondivisor.obj
 0001:00007a90       PMC_GreatestCommonDivisor_I_X 0000000180008a90 f   pmc_greatestcommondivisor.obj
 0001:00007af0       PMC_GreatestCommonDivisor_L_X 0000000180008af0 f   pmc_greatestcommondivisor.obj
 0001:00007b50       PMC_GreatestCommonDivisor_X_I 0000000180008b50 f   pmc_greatestcommondivisor.obj
 0001:00007e30       PMC_GreatestCommonDivisor_X_L 0000000180008e30 f   pmc_greatestcommondivisor.obj
 0001:00008100       PMC_GreatestCommonDivisor_X_X 0000000180009100 f   pmc_greatestcommondivisor.obj
 0001:00008390       PMC_UINT_Initialize        0000000180009390 f   pmc_initialize.obj
 0001:00008920       Initialize_ModPow          0000000180009920 f   pmc_modpow.obj
 0001:000090b0       PMC_ModPow_X_X_X           000000018000a0b0 f   pmc_modpow.obj
 0001:00009360       Initialize_Multiply        000000018000a360 f   pmc_multiply.obj
 0001:0000acd0       Multiply_X_X_Imp           000000018000bcd0 f   pmc_multiply.obj
 0001:0000ae00       PMC_Multiply_I_X           000000018000be00 f   pmc_multiply.obj
 0001:0000ae60       PMC_Multiply_L_X           000000018000be60 f   pmc_multiply.obj
 0001:0000aec0       PMC_Multiply_X_I           000000018000bec0 f   pmc_multiply.obj
 0001:0000b020       PMC_Multiply_X_L           000000018000c020 f   pmc_multiply.obj
 0001:0000b180       PMC_Multiply_X_X           000000018000c180 f   pmc_multiply.obj
 0001:0000b730       Initialize_Parse           000000018000c730 f   pmc_parse.obj
 0001:0000caf0       PMC_TryParse               000000018000daf0 f   pmc_parse.obj
 0001:0000db40       Initialize_Pow             000000018000eb40 f   pmc_pow.obj
 0001:0000db50       PMC_Pow_X_I                000000018000eb50 f   pmc_pow.obj
 0001:0000de90       Initialize_Shift           000000018000ee90 f   pmc_shift.obj
 0001:0000dea0       LeftShift_Imp              000000018000eea0 f   pmc_shift.obj
 0001:0000e680       LeftShift_Imp_DIV          000000018000f680 f   pmc_shift.obj
 0001:0000ecb0       PMC_LeftShift_X_I          000000018000fcb0 f   pmc_shift.obj
 0001:0000edd0       PMC_RightShift_X_I         000000018000fdd0 f   pmc_shift.obj
 0001:0000eef0       RightShift_Imp             000000018000fef0 f   pmc_shift.obj
 0001:0000f6d0       RightShift_Imp_DIV         00000001800106d0 f   pmc_shift.obj
 0001:0000fd10       PMC_GetStatisticsInfo      0000000180010d10 f   pmc_statistics.obj
 0001:0000fd40       Initialize_Subtruct        0000000180010d40 f   pmc_subtruct.obj
 0001:0000fd50       PMC_Subtruct_I_X           0000000180010d50 f   pmc_subtruct.obj
 0001:0000fe30       PMC_Subtruct_L_X           0000000180010e30 f   pmc_subtruct.obj
 0001:0000ff00       PMC_Subtruct_X_I           0000000180010f00 f   pmc_subtruct.obj
 0001:00010090       PMC_Subtruct_X_L           0000000180011090 f   pmc_subtruct.obj
 0001:00010220       PMC_Subtruct_X_X           0000000180011220 f   pmc_subtruct.obj
 0001:000103b0       Subtruct_Imp               00000001800113b0 f   pmc_subtruct.obj
 0001:000108e0       Initialize_To              00000001800118e0 f   pmc_to.obj
 0001:000108f0       PMC_To_X_I                 00000001800118f0 f   pmc_to.obj
 0001:00010950       PMC_To_X_L                 0000000180011950 f   pmc_to.obj
 0001:000109c0       Initialize_ToString        00000001800119c0 f   pmc_tostring.obj
 0001:00010b10       PMC_ToString               0000000180011b10 f   pmc_tostring.obj
 0001:00011d2e       HeapCreate                 0000000180012d2e f   kernel32:KERNEL32.dll
 0001:00011d34       HeapDestroy                0000000180012d34 f   kernel32:KERNEL32.dll
 0001:00011d3a       HeapAlloc                  0000000180012d3a f   kernel32:KERNEL32.dll
 0001:00011d40       HeapFree                   0000000180012d40 f   kernel32:KERNEL32.dll
 0001:00011d46       lstrcpyA                   0000000180012d46 f   kernel32:KERNEL32.dll
 0001:00011d4c       lstrcpyW                   0000000180012d4c f   kernel32:KERNEL32.dll
 0001:00011d52       lstrlenW                   0000000180012d52 f   kernel32:KERNEL32.dll
 0001:00011d58       __GSHandlerCheck           0000000180012d58 f   MSVCRT:gshandler.obj
 0001:00011d78       __GSHandlerCheckCommon     0000000180012d78 f   MSVCRT:gshandler.obj
 0001:00011df0       __security_check_cookie    0000000180012df0 f   MSVCRT:amdsecgs.obj
 0001:00012160       _CRT_INIT                  0000000180013160 f   MSVCRT:dll_dllmain.obj
 0001:00012168       _DllMainCRTStartup         0000000180013168 f   MSVCRT:dll_dllmain.obj
 0001:000121a8       __raise_securityfailure    00000001800131a8 f   MSVCRT:gs_report.obj
 0001:000121dc       __report_gsfailure         00000001800131dc f   MSVCRT:gs_report.obj
 0001:000122b0       __report_rangecheckfailure 00000001800132b0 f   MSVCRT:gs_report.obj
 0001:000122c4       __report_securityfailure   00000001800132c4 f   MSVCRT:gs_report.obj
 0001:00012360       __report_securityfailureEx 0000000180013360 f   MSVCRT:gs_report.obj
 0001:000125c0       __security_init_cookie     00000001800135c0 f   MSVCRT:gs_support.obj
 0001:0001266c       ?__scrt_initialize_type_info@@YAXXZ 000000018001366c f   MSVCRT:tncleanup.obj
 0001:0001267c       ?__scrt_uninitialize_type_info@@YAXXZ 000000018001367c f   MSVCRT:tncleanup.obj
 0001:00012688       __local_stdio_printf_options 0000000180013688 f i MSVCRT:default_local_stdio_options.obj
 0001:00012690       __local_stdio_scanf_options 0000000180013690 f i MSVCRT:default_local_stdio_options.obj
 0001:00012698       __scrt_initialize_default_local_stdio_options 0000000180013698 f   MSVCRT:default_local_stdio_options.obj
 0001:000126b4       ??$__crt_fast_decode_pointer@PEAP6AXXZ@@YAPEAP6AXXZQEAP6AXXZ@Z 00000001800136b4 f i MSVCRT:utility.obj
 0001:000126cc       ??$__crt_fast_encode_pointer@PEAP6AXXZ@@YAPEAP6AXXZQEAP6AXXZ@Z 00000001800136cc f i MSVCRT:utility.obj
 0001:000126ec       ?__crt_rotate_pointer_value@@YA_K_KH@Z 00000001800136ec f i MSVCRT:utility.obj
 0001:000126f8       ?configure_argv@__scrt_narrow_argv_policy@@SAHXZ 00000001800136f8 f i MSVCRT:utility.obj
 0001:00012758       ?initialize_environment@__scrt_narrow_environment_policy@@SAHXZ 0000000180013758 f i MSVCRT:utility.obj
 0001:00012790       NtCurrentTeb               0000000180013790 f i MSVCRT:utility.obj
 0001:0001279c       __scrt_acquire_startup_lock 000000018001379c f   MSVCRT:utility.obj
 0001:000127d8       __scrt_dllmain_after_initialize_c 00000001800137d8 f   MSVCRT:utility.obj
 0001:0001280c       __scrt_dllmain_before_initialize_c 000000018001380c f   MSVCRT:utility.obj
 0001:00012824       __scrt_dllmain_crt_thread_attach 0000000180013824 f   MSVCRT:utility.obj
 0001:0001284c       __scrt_dllmain_crt_thread_detach 000000018001384c f   MSVCRT:utility.obj
 0001:00012864       __scrt_dllmain_exception_filter 0000000180013864 f   MSVCRT:utility.obj
 0001:000128c4       __scrt_dllmain_uninitialize_c 00000001800138c4 f   MSVCRT:utility.obj
 0001:000128f4       __scrt_dllmain_uninitialize_critical 00000001800138f4 f   MSVCRT:utility.obj
 0001:00012908       __scrt_initialize_crt      0000000180013908 f   MSVCRT:utility.obj
 0001:00012954       __scrt_initialize_onexit_tables 0000000180013954 f   MSVCRT:utility.obj
 0001:00012a2c       __scrt_is_nonwritable_in_current_image 0000000180013a2c f   MSVCRT:utility.obj
 0001:00012ac8       __scrt_release_startup_lock 0000000180013ac8 f   MSVCRT:utility.obj
 0001:00012aec       __scrt_uninitialize_crt    0000000180013aec f   MSVCRT:utility.obj
 0001:00012b18       _onexit                    0000000180013b18 f   MSVCRT:utility.obj
 0001:00012b68       at_quick_exit              0000000180013b68 f   MSVCRT:utility.obj
 0001:00012ba0       atexit                     0000000180013ba0 f   MSVCRT:utility.obj
 0001:00012bb8       __scrt_get_dyn_tls_init_callback 0000000180013bb8 f   MSVCRT:dyn_tls_init.obj
 0001:00012bc0       __crt_debugger_hook        0000000180013bc0 f   MSVCRT:utility_desktop.obj
 0001:00012bc8       __scrt_fastfail            0000000180013bc8 f   MSVCRT:utility_desktop.obj
 0001:00012d14       __scrt_get_show_window_mode 0000000180013d14 f   MSVCRT:utility_desktop.obj
 0001:00012d50       __scrt_initialize_mta      0000000180013d50 f   MSVCRT:utility_desktop.obj
 0001:00012d58       __scrt_initialize_winrt    0000000180013d58 f   MSVCRT:utility_desktop.obj
 0001:00012d5c       __scrt_is_managed_app      0000000180013d5c f   MSVCRT:utility_desktop.obj
 0001:00012db0       __scrt_set_unhandled_exception_filter 0000000180013db0 f   MSVCRT:utility_desktop.obj
 0001:00012dc0       __scrt_exe_initialize_mta  0000000180013dc0 f   MSVCRT:utility_desktop.obj
 0001:00012dc0       __scrt_stub_for_initialize_mta 0000000180013dc0 f   MSVCRT:utility_desktop.obj
 0001:00012dc4       __scrt_unhandled_exception_filter 0000000180013dc4 f   MSVCRT:utility_desktop.obj
 0001:00012dfc       _RTC_Initialize            0000000180013dfc f   MSVCRT:initsect.obj
 0001:00012e38       _RTC_Terminate             0000000180013e38 f   MSVCRT:initsect.obj
 0001:00012e74       _guard_check_icall_nop     0000000180013e74 f i MSVCRT:guard_support.obj
 0001:00012e78       ReadNoFence64              0000000180013e78 f i MSVCRT:guard_support.obj
 0001:00012e7c       ReadPointerNoFence         0000000180013e7c f i MSVCRT:guard_support.obj
 0001:00012e80       _guard_icall_checks_enforced 0000000180013e80 f i MSVCRT:guard_support.obj
 0001:00012e98       _guard_rf_checks_enforced  0000000180013e98 f i MSVCRT:guard_support.obj
 0001:00012e9c       __isa_available_init       0000000180013e9c f   MSVCRT:cpu_disp.obj
 0001:00013058       _get_startup_argv_mode     0000000180014058 f   MSVCRT:argv_mode.obj
 0001:00013060       __scrt_is_ucrt_dll_in_use  0000000180014060 f   MSVCRT:ucrt_detection.obj
 0001:00013070       __C_specific_handler       0000000180014070 f   vcruntime:VCRUNTIME140.dll
 0001:00013076       __std_type_info_destroy_list 0000000180014076 f   vcruntime:VCRUNTIME140.dll
 0001:0001307c       memset                     000000018001407c f   vcruntime:VCRUNTIME140.dll
 0001:00013082       _initterm                  0000000180014082 f   ucrt:api-ms-win-crt-runtime-l1-1-0.dll
 0001:00013088       _initterm_e                0000000180014088 f   ucrt:api-ms-win-crt-runtime-l1-1-0.dll
 0001:0001308e       _seh_filter_dll            000000018001408e f   ucrt:api-ms-win-crt-runtime-l1-1-0.dll
 0001:00013094       _configure_narrow_argv     0000000180014094 f   ucrt:api-ms-win-crt-runtime-l1-1-0.dll
 0001:0001309a       _initialize_narrow_environment 000000018001409a f   ucrt:api-ms-win-crt-runtime-l1-1-0.dll
 0001:000130a0       _initialize_onexit_table   00000001800140a0 f   ucrt:api-ms-win-crt-runtime-l1-1-0.dll
 0001:000130a6       _register_onexit_function  00000001800140a6 f   ucrt:api-ms-win-crt-runtime-l1-1-0.dll
 0001:000130ac       _execute_onexit_table      00000001800140ac f   ucrt:api-ms-win-crt-runtime-l1-1-0.dll
 0001:000130b2       _crt_atexit                00000001800140b2 f   ucrt:api-ms-win-crt-runtime-l1-1-0.dll
 0001:000130b8       _crt_at_quick_exit         00000001800140b8 f   ucrt:api-ms-win-crt-runtime-l1-1-0.dll
 0001:000130be       _cexit                     00000001800140be f   ucrt:api-ms-win-crt-runtime-l1-1-0.dll
 0001:000130c4       terminate                  00000001800140c4 f   ucrt:api-ms-win-crt-runtime-l1-1-0.dll
 0001:000130ca       RtlCaptureContext          00000001800140ca f   kernel32:KERNEL32.dll
 0001:000130d0       RtlLookupFunctionEntry     00000001800140d0 f   kernel32:KERNEL32.dll
 0001:000130d6       RtlVirtualUnwind           00000001800140d6 f   kernel32:KERNEL32.dll
 0001:000130dc       UnhandledExceptionFilter   00000001800140dc f   kernel32:KERNEL32.dll
 0001:000130e2       SetUnhandledExceptionFilter 00000001800140e2 f   kernel32:KERNEL32.dll
 0001:000130e8       GetCurrentProcess          00000001800140e8 f   kernel32:KERNEL32.dll
 0001:000130ee       TerminateProcess           00000001800140ee f   kernel32:KERNEL32.dll
 0001:000130f4       IsProcessorFeaturePresent  00000001800140f4 f   kernel32:KERNEL32.dll
 0001:000130fa       QueryPerformanceCounter    00000001800140fa f   kernel32:KERNEL32.dll
 0001:00013100       GetCurrentProcessId        0000000180014100 f   kernel32:KERNEL32.dll
 0001:00013106       GetCurrentThreadId         0000000180014106 f   kernel32:KERNEL32.dll
 0001:0001310c       GetSystemTimeAsFileTime    000000018001410c f   kernel32:KERNEL32.dll
 0001:00013112       InitializeSListHead        0000000180014112 f   kernel32:KERNEL32.dll
 0001:00013118       IsDebuggerPresent          0000000180014118 f   kernel32:KERNEL32.dll
 0001:0001311e       GetStartupInfoW            000000018001411e f   kernel32:KERNEL32.dll
 0001:00013124       GetModuleHandleW           0000000180014124 f   kernel32:KERNEL32.dll
 0001:0001312c       __acrt_initialize          000000018001412c f   MSVCRT:ucrt_stubs.obj
 0001:0001312c       __scrt_stub_for_acrt_initialize 000000018001412c f   MSVCRT:ucrt_stubs.obj
 0001:0001312c       __vcrt_initialize          000000018001412c f   MSVCRT:ucrt_stubs.obj
 0001:00013130       __scrt_stub_for_acrt_thread_attach 0000000180014130 f   MSVCRT:ucrt_stubs.obj
 0001:00013130       __vcrt_thread_attach       0000000180014130 f   MSVCRT:ucrt_stubs.obj
 0001:00013130       __acrt_thread_attach       0000000180014130 f   MSVCRT:ucrt_stubs.obj
 0001:00013134       __acrt_thread_detach       0000000180014134 f   MSVCRT:ucrt_stubs.obj
 0001:00013134       __vcrt_thread_detach       0000000180014134 f   MSVCRT:ucrt_stubs.obj
 0001:00013134       __scrt_stub_for_acrt_thread_detach 0000000180014134 f   MSVCRT:ucrt_stubs.obj
 0001:00013138       __scrt_stub_for_acrt_uninitialize 0000000180014138 f   MSVCRT:ucrt_stubs.obj
 0001:00013138       __vcrt_uninitialize        0000000180014138 f   MSVCRT:ucrt_stubs.obj
 0001:00013138       __acrt_uninitialize        0000000180014138 f   MSVCRT:ucrt_stubs.obj
 0001:0001313c       __scrt_stub_for_acrt_uninitialize_critical 000000018001413c f   MSVCRT:ucrt_stubs.obj
 0001:0001313c       __acrt_uninitialize_critical 000000018001413c f   MSVCRT:ucrt_stubs.obj
 0001:0001313c       __vcrt_uninitialize_critical 000000018001413c f   MSVCRT:ucrt_stubs.obj
 0001:00013140       _is_c_termination_complete 0000000180014140 f   MSVCRT:ucrt_stubs.obj
 0001:00013140       __scrt_stub_for_is_c_termination_complete 0000000180014140 f   MSVCRT:ucrt_stubs.obj
 0001:00013160       _guard_dispatch_icall_nop  0000000180014160 f   MSVCRT:guard_dispatch.obj
 0002:00000000       __imp_HeapCreate           0000000180015000     kernel32:KERNEL32.dll
 0002:00000008       __imp_HeapDestroy          0000000180015008     kernel32:KERNEL32.dll
 0002:00000010       __imp_HeapAlloc            0000000180015010     kernel32:KERNEL32.dll
 0002:00000018       __imp_HeapFree             0000000180015018     kernel32:KERNEL32.dll
 0002:00000020       __imp_lstrcpyA             0000000180015020     kernel32:KERNEL32.dll
 0002:00000028       __imp_lstrcpyW             0000000180015028     kernel32:KERNEL32.dll
 0002:00000030       __imp_lstrlenW             0000000180015030     kernel32:KERNEL32.dll
 0002:00000038       __imp_GetStartupInfoW      0000000180015038     kernel32:KERNEL32.dll
 0002:00000040       __imp_IsDebuggerPresent    0000000180015040     kernel32:KERNEL32.dll
 0002:00000048       __imp_InitializeSListHead  0000000180015048     kernel32:KERNEL32.dll
 0002:00000050       __imp_GetSystemTimeAsFileTime 0000000180015050     kernel32:KERNEL32.dll
 0002:00000058       __imp_GetCurrentThreadId   0000000180015058     kernel32:KERNEL32.dll
 0002:00000060       __imp_GetCurrentProcessId  0000000180015060     kernel32:KERNEL32.dll
 0002:00000068       __imp_QueryPerformanceCounter 0000000180015068     kernel32:KERNEL32.dll
 0002:00000070       __imp_IsProcessorFeaturePresent 0000000180015070     kernel32:KERNEL32.dll
 0002:00000078       __imp_TerminateProcess     0000000180015078     kernel32:KERNEL32.dll
 0002:00000080       __imp_GetCurrentProcess    0000000180015080     kernel32:KERNEL32.dll
 0002:00000088       __imp_SetUnhandledExceptionFilter 0000000180015088     kernel32:KERNEL32.dll
 0002:00000090       __imp_UnhandledExceptionFilter 0000000180015090     kernel32:KERNEL32.dll
 0002:00000098       __imp_RtlVirtualUnwind     0000000180015098     kernel32:KERNEL32.dll
 0002:000000a0       __imp_GetModuleHandleW     00000001800150a0     kernel32:KERNEL32.dll
 0002:000000a8       __imp_RtlLookupFunctionEntry 00000001800150a8     kernel32:KERNEL32.dll
 0002:000000b0       __imp_RtlCaptureContext    00000001800150b0     kernel32:KERNEL32.dll
 0002:000000b8       \177KERNEL32_NULL_THUNK_DATA 00000001800150b8     kernel32:KERNEL32.dll
 0002:000000c0       __imp___C_specific_handler 00000001800150c0     vcruntime:VCRUNTIME140.dll
 0002:000000c8       __imp_memset               00000001800150c8     vcruntime:VCRUNTIME140.dll
 0002:000000d0       __imp___std_type_info_destroy_list 00000001800150d0     vcruntime:VCRUNTIME140.dll
 0002:000000d8       \177VCRUNTIME140_NULL_THUNK_DATA 00000001800150d8     vcruntime:VCRUNTIME140.dll
 0002:000000e0       __imp__register_onexit_function 00000001800150e0     ucrt:api-ms-win-crt-runtime-l1-1-0.dll
 0002:000000e8       __imp__initialize_onexit_table 00000001800150e8     ucrt:api-ms-win-crt-runtime-l1-1-0.dll
 0002:000000f0       __imp__crt_at_quick_exit   00000001800150f0     ucrt:api-ms-win-crt-runtime-l1-1-0.dll
 0002:000000f8       __imp__configure_narrow_argv 00000001800150f8     ucrt:api-ms-win-crt-runtime-l1-1-0.dll
 0002:00000100       __imp__seh_filter_dll      0000000180015100     ucrt:api-ms-win-crt-runtime-l1-1-0.dll
 0002:00000108       __imp__initterm_e          0000000180015108     ucrt:api-ms-win-crt-runtime-l1-1-0.dll
 0002:00000110       __imp__initterm            0000000180015110     ucrt:api-ms-win-crt-runtime-l1-1-0.dll
 0002:00000118       __imp__execute_onexit_table 0000000180015118     ucrt:api-ms-win-crt-runtime-l1-1-0.dll
 0002:00000120       __imp__cexit               0000000180015120     ucrt:api-ms-win-crt-runtime-l1-1-0.dll
 0002:00000128       __imp__initialize_narrow_environment 0000000180015128     ucrt:api-ms-win-crt-runtime-l1-1-0.dll
 0002:00000130       __imp_terminate            0000000180015130     ucrt:api-ms-win-crt-runtime-l1-1-0.dll
 0002:00000138       __imp__crt_atexit          0000000180015138     ucrt:api-ms-win-crt-runtime-l1-1-0.dll
 0002:00000140       \177api-ms-win-crt-runtime-l1-1-0_NULL_THUNK_DATA 0000000180015140     ucrt:api-ms-win-crt-runtime-l1-1-0.dll
 0002:00000148       __guard_check_icall_fptr   0000000180015148     MSVCRT:guard_support.obj
 0002:00000150       __guard_dispatch_icall_fptr 0000000180015150     MSVCRT:guard_support.obj
 0002:00000158       __xc_a                     0000000180015158     MSVCRT:initializers.obj
 0002:00000160       __xc_z                     0000000180015160     MSVCRT:initializers.obj
 0002:00000168       __xi_a                     0000000180015168     MSVCRT:initializers.obj
 0002:00000170       __xi_z                     0000000180015170     MSVCRT:initializers.obj
 0002:00000178       __xp_a                     0000000180015178     MSVCRT:initializers.obj
 0002:00000180       __xp_z                     0000000180015180     MSVCRT:initializers.obj
 0002:00000188       __xt_a                     0000000180015188     MSVCRT:initializers.obj
 0002:00000190       __xt_z                     0000000180015190     MSVCRT:initializers.obj
 0002:000001a0       ??_C@_13DEFPDAGF@?$AA?0@   00000001800151a0     pmc_parse.obj
 0002:000001a4       ??_C@_13JOFGPIOO@?$AA?4@   00000001800151a4     pmc_parse.obj
 0002:000001a8       ??_C@_01EKENIIDA@3@        00000001800151a8     pmc_parse.obj
 0002:000001ac       ??_C@_13KJIIAINM@?$AA?$CL@ 00000001800151ac     pmc_parse.obj
 0002:000001b0       ??_C@_13IMODFHAA@?$AA?9@   00000001800151b0     pmc_parse.obj
 0002:000001b8       _pDefaultRawDllMain        00000001800151b8     MSVCRT:dll_dllmain.obj
 0002:000001b8       _pRawDllMain               00000001800151b8     MSVCRT:dll_dllmain.obj
 0002:00000230       _load_config_used          0000000180015230     MSVCRT:loadcfg.obj
 0002:00000610       __rtc_iaa                  0000000180015610     MSVCRT:initsect.obj
 0002:00000618       __rtc_izz                  0000000180015618     MSVCRT:initsect.obj
 0002:00000620       __rtc_taa                  0000000180015620     MSVCRT:initsect.obj
 0002:00000628       __rtc_tzz                  0000000180015628     MSVCRT:initsect.obj
 0002:000015a4       __IMPORT_DESCRIPTOR_KERNEL32 00000001800165a4     kernel32:KERNEL32.dll
 0002:000015b8       __IMPORT_DESCRIPTOR_VCRUNTIME140 00000001800165b8     vcruntime:VCRUNTIME140.dll
 0002:000015cc       __IMPORT_DESCRIPTOR_api-ms-win-crt-runtime-l1-1-0 00000001800165cc     ucrt:api-ms-win-crt-runtime-l1-1-0.dll
 0002:000015e0       __NULL_IMPORT_DESCRIPTOR   00000001800165e0     kernel32:KERNEL32.dll
 0003:00000070       __security_cookie_complement 0000000180017070     MSVCRT:gs_cookie.obj
 0003:00000078       __security_cookie          0000000180017078     MSVCRT:gs_cookie.obj
 0003:00000080       __scrt_native_dllmain_reason 0000000180017080     MSVCRT:utility.obj
 0003:00000088       __isa_available            0000000180017088     MSVCRT:cpu_disp.obj
 0003:0000008c       __isa_enabled              000000018001708c     MSVCRT:cpu_disp.obj
 0003:00000090       __memcpy_nt_iters          0000000180017090     MSVCRT:cpu_disp.obj
 0003:000000a0       __scrt_ucrt_dll_is_in_use  00000001800170a0     MSVCRT:ucrt_stubs.obj
 0003:000008f0       ?__type_info_root_node@@3U__type_info_node@@A 00000001800178f0     MSVCRT:tncleanup.obj
 0003:00000900       ?_OptionsStorage@?1??__local_stdio_printf_options@@9@4_KA 0000000180017900     MSVCRT:default_local_stdio_options.obj
 0003:00000908       ?_OptionsStorage@?1??__local_stdio_scanf_options@@9@4_KA 0000000180017908     MSVCRT:default_local_stdio_options.obj
 0003:00000910       __scrt_current_native_startup_state 0000000180017910     MSVCRT:utility.obj
 0003:00000918       __scrt_native_startup_lock 0000000180017918     MSVCRT:utility.obj
 0003:00000958       __scrt_debugger_hook_flag  0000000180017958     MSVCRT:utility_desktop.obj
 0003:0000095c       __favor                    000000018001795c     MSVCRT:cpu_disp.obj
 0003:00000960       statistics_info            0000000180017960     <common>
 0003:00000970       configuration_info         0000000180017970     <common>
 0003:00000978       hLocalHeap                 0000000180017978     <common>
 0003:00000980       number_one                 0000000180017980     <common>
 0003:000009c0       number_zero                00000001800179c0     <common>
 0003:00000a00       __dyn_tls_init_callback    0000000180017a00     <common>

 entry point at        0001:00012168

 Static symbols

 0000:fffe5000       .debug$S                   0000000180000000     ucrt:api-ms-win-crt-runtime-l1-1-0.dll
 0002:fffeb000       __guard_fids___scrt_set_unhandled_exception_filter 0000000180000000     MSVCRT:utility_desktop.obj
 0002:fffeb000       __guard_fids__guard_icall_checks_enforced 0000000180000000     MSVCRT:guard_support.obj
 0000:fffe5000       .debug$S                   0000000180000000     kernel32:KERNEL32.dll
 0000:fffe5000       .debug$S                   0000000180000000     kernel32:KERNEL32.dll
 0000:fffe5000       .debug$S                   0000000180000000     kernel32:KERNEL32.dll
 0002:fffeb000       __guard_fids_?dllmain_dispatch@@YAHQEAUHINSTANCE__@@KQEAX@Z 0000000180000000     MSVCRT:dll_dllmain.obj
 0000:fffe5000       .debug$S                   0000000180000000     kernel32:KERNEL32.dll
 0000:fffe5000       .debug$S                   0000000180000000     Palmtree.Math.Core.Uint.exp
 0000:fffe5000       .debug$S                   0000000180000000     kernel32:KERNEL32.dll
 0000:fffe5000       .debug$S                   0000000180000000     kernel32:KERNEL32.dll
 0000:fffe5000       .debug$S                   0000000180000000     kernel32:KERNEL32.dll
 0000:fffe5000       .debug$S                   0000000180000000     kernel32:KERNEL32.dll
 0000:fffe5000       .debug$S                   0000000180000000     kernel32:KERNEL32.dll
 0000:fffe5000       .debug$S                   0000000180000000     kernel32:KERNEL32.dll
 0000:fffe5000       .debug$S                   0000000180000000     kernel32:KERNEL32.dll
 0000:fffe5000       .debug$S                   0000000180000000     kernel32:KERNEL32.dll
 0000:fffe5000       .debug$S                   0000000180000000     kernel32:KERNEL32.dll
 0000:fffe5000       .debug$S                   0000000180000000     kernel32:KERNEL32.dll
 0000:fffe5000       .debug$S                   0000000180000000     kernel32:KERNEL32.dll
 0000:fffe5000       .debug$S                   0000000180000000     kernel32:KERNEL32.dll
 0000:fffe5000       .debug$S                   0000000180000000     kernel32:KERNEL32.dll
 0000:fffe5000       .debug$S                   0000000180000000     kernel32:KERNEL32.dll
 0000:fffe5000       .debug$S                   0000000180000000     kernel32:KERNEL32.dll
 0000:fffe5000       .debug$S                   0000000180000000     kernel32:KERNEL32.dll
 0000:fffe5000       .debug$S                   0000000180000000     kernel32:KERNEL32.dll
 0000:fffe5000       .debug$S                   0000000180000000     kernel32:KERNEL32.dll
 0000:fffe5000       .debug$S                   0000000180000000     ucrt:api-ms-win-crt-runtime-l1-1-0.dll
 0000:fffe5000       .debug$S                   0000000180000000     ucrt:api-ms-win-crt-runtime-l1-1-0.dll
 0000:fffe5000       .debug$S                   0000000180000000     ucrt:api-ms-win-crt-runtime-l1-1-0.dll
 0000:fffe5000       .debug$S                   0000000180000000     ucrt:api-ms-win-crt-runtime-l1-1-0.dll
 0000:fffe5000       .debug$S                   0000000180000000     vcruntime:VCRUNTIME140.dll
 0000:fffe5000       .debug$S                   0000000180000000     ucrt:api-ms-win-crt-runtime-l1-1-0.dll
 0000:fffe5000       .debug$S                   0000000180000000     ucrt:api-ms-win-crt-runtime-l1-1-0.dll
 0000:fffe5000       .debug$S                   0000000180000000     ucrt:api-ms-win-crt-runtime-l1-1-0.dll
 0000:fffe5000       .debug$S                   0000000180000000     ucrt:api-ms-win-crt-runtime-l1-1-0.dll
 0000:fffe5000       .debug$S                   0000000180000000     ucrt:api-ms-win-crt-runtime-l1-1-0.dll
 0000:fffe5000       .debug$S                   0000000180000000     ucrt:api-ms-win-crt-runtime-l1-1-0.dll
 0000:fffe5000       .debug$S                   0000000180000000     ucrt:api-ms-win-crt-runtime-l1-1-0.dll
 0000:fffe5000       .debug$S                   0000000180000000     kernel32:KERNEL32.dll
 0000:fffe5000       .debug$S                   0000000180000000     vcruntime:VCRUNTIME140.dll
 0000:fffe5000       .debug$S                   0000000180000000     vcruntime:VCRUNTIME140.dll
 0002:fffeb000       __guard_fids__             0000000180000000     MSVCRT:guard_support.obj
 0001:00000240       CalculateCheckCode         0000000180001240 f   pmc_memory.obj
 0001:00000500       CleanUpNumber              0000000180001500 f   pmc_memory.obj
 0001:00000890       InitializeNumber           0000000180001890 f   pmc_memory.obj
 0001:00000b50       Add_Imp_using_ADC          0000000180001b50 f   pmc_add.obj
 0001:00000f40       Add_Imp_using_ADCX         0000000180001f40 f   pmc_add.obj
 0001:00001120       DoCarry                    0000000180002120 f   pmc_add.obj
 0001:000012d0       PMC_Add_X_I_Imp            00000001800022d0 f   pmc_add.obj
 0001:00001470       PMC_Add_X_L_Imp            0000000180002470 f   pmc_add.obj
 0001:00001750       _ADD_16WORDS_ADC           0000000180002750 f   pmc_add.obj
 0001:00001820       _ADD_16WORDS_ADCX          0000000180002820 f   pmc_add.obj
 0001:00001920       _ADD_32WORDS_ADCX          0000000180002920 f   pmc_add.obj
 0001:00001ba0       BitwiseAnd_X_X             0000000180002ba0 f   pmc_bitwiseand.obj
 0001:000021e0       BitwiseOr_X_X              00000001800031e0 f   pmc_bitwiseor.obj
 0001:00002650       PMC_BitwiseOr_X_I_Imp      0000000180003650 f   pmc_bitwiseor.obj
 0001:000027a0       PMC_BitwiseOr_X_L_Imp      00000001800037a0 f   pmc_bitwiseor.obj
 0001:000029c0       CountActualBitsFromBuffer  00000001800039c0 f   pmc_bytes.obj
 0001:00003270       AddOneLine                 0000000180004270 f   pmc_divrem.obj
 0001:000035d0       AddOneLineX                00000001800045d0 f   pmc_divrem.obj
 0001:00004080       DivRem_X_X_using_ADC_MUL   0000000180005080 f   pmc_divrem.obj
 0001:00004360       DivRem_X_X_using_ADX_MULX  0000000180005360 f   pmc_divrem.obj
 0001:000050c0       SubtructOneLine            00000001800060c0 f   pmc_divrem.obj
 0001:00005d40       SubtructOneLineX           0000000180006d40 f   pmc_divrem.obj
 0001:00006a80       _ADD_16WORDS_ADCX_DIV      0000000180007a80 f   pmc_divrem.obj
 0001:00006cd0       PMC_Equals_X_I_Imp         0000000180007cd0 f   pmc_equals.obj
 0001:00006d90       PMC_Equals_X_L_Imp         0000000180007d90 f   pmc_equals.obj
 0001:00006ed0       ExclusiveOr_X_X            0000000180007ed0 f   pmc_exclusiveor.obj
 0001:00007340       PMC_ExclusiveOr_X_I_Imp    0000000180008340 f   pmc_exclusiveor.obj
 0001:000074b0       PMC_ExclusiveOr_X_L_Imp    00000001800084b0 f   pmc_exclusiveor.obj
 0001:00007980       GreatestCommonDivisor_Imp  0000000180008980 f   pmc_greatestcommondivisor.obj
 0001:00007bb0       PMC_GreatestCommonDivisor_X_I_Imp 0000000180008bb0 f   pmc_greatestcommondivisor.obj
 0001:00007e90       PMC_GreatestCommonDivisor_X_L_Imp 0000000180008e90 f   pmc_greatestcommondivisor.obj
 0001:00008930       ModulePower                0000000180009930 f   pmc_modpow.obj
 0001:000091c0       Remainder                  000000018000a1c0 f   pmc_modpow.obj
 0001:000093c0       Multiply_WORD_using_MULX_ADCX 000000018000a3c0 f   pmc_multiply.obj
 0001:0000a040       Multiply_WORD_using_MUL_ADC 000000018000b040 f   pmc_multiply.obj
 0001:0000abf0       Multiply_X_1W_using_MULX_ADCX 000000018000bbf0 f   pmc_multiply.obj
 0001:0000ac00       Multiply_X_1W_using_MUL_ADC 000000018000bc00 f   pmc_multiply.obj
 0001:0000ac10       Multiply_X_2W_using_MULX_ADCX 000000018000bc10 f   pmc_multiply.obj
 0001:0000ac70       Multiply_X_2W_using_MUL_ADC 000000018000bc70 f   pmc_multiply.obj
 0001:0000ace0       Multiply_X_X_using_MULX_ADCX 000000018000bce0 f   pmc_multiply.obj
 0001:0000ad70       Multiply_X_X_using_MUL_ADC 000000018000bd70 f   pmc_multiply.obj
 0001:0000af20       PMC_Multiply_X_I_Imp       000000018000bf20 f   pmc_multiply.obj
 0001:0000b080       PMC_Multiply_X_L_Imp       000000018000c080 f   pmc_multiply.obj
 0001:0000b300       Build1WordFromDecimalString 000000018000c300 f   pmc_parse.obj
 0001:0000b470       Build1WordFromHexString    000000018000c470 f   pmc_parse.obj
 0001:0000b640       InitializeParserState      000000018000c640 f   pmc_parse.obj
 0001:0000b7d0       MultiplyAndAdd_using_ADCX_MULX 000000018000c7d0 f   pmc_parse.obj
 0001:0000c180       MultiplyAndAdd_using_ADC_MUL 000000018000d180 f   pmc_parse.obj
 0001:0000cb60       Parse1DigitFromHexChar     000000018000db60 f   pmc_parse.obj
 0001:0000cba0       $LN10                      000000018000dba0     pmc_parse.obj
 0001:0000cbb0       $LN9                       000000018000dbb0     pmc_parse.obj
 0001:0000cbf0       ParseAsDecimalNumberString 000000018000dbf0 f   pmc_parse.obj
 0001:0000d340       ParseAsIntegerPartNumberSequence 000000018000e340 f   pmc_parse.obj
 0001:0000d400       TryParseDN                 000000018000e400 f   pmc_parse.obj
 0001:0000d830       TryParseX                  000000018000e830 f   pmc_parse.obj
 0001:0000daf0       $LN73                      000000018000eaf0     pmc_parse.obj
 0001:0000db00       $LN72                      000000018000eb00     pmc_parse.obj
 0001:0000dbb0       PMC_Pow_X_I_Imp            000000018000ebb0 f   pmc_pow.obj
 0001:00010790       Subtruct_X_1W              0000000180011790 f   pmc_subtruct.obj
 0001:00010810       _SUBTRUCT_16WORDS_SBB      0000000180011810 f   pmc_subtruct.obj
 0001:00010a40       OutputOneChar              0000000180011a40 f   pmc_tostring.obj
 0001:00010c58       $LN17                      0000000180011c58     pmc_tostring.obj
 0001:00010c6c       $LN16                      0000000180011c6c     pmc_tostring.obj
 0001:00010cb0       PrintDecimal               0000000180011cb0 f   pmc_tostring.obj
 0001:000115f0       ToStringDN                 00000001800125f0 f   pmc_tostring.obj
 0001:00011940       ToStringX                  0000000180012940 f   pmc_tostring.obj
 0001:00011a70       ToStringX_1WORD            0000000180012a70 f   pmc_tostring.obj
 0001:00011de0       $$000000                   0000000180012de0     MSVCRT:amdsecgs.obj
 0001:00011e14       ?dllmain_crt_dispatch@@YAHQEAUHINSTANCE__@@KQEAX@Z 0000000180012e14 f   MSVCRT:dll_dllmain.obj
 0001:00011e64       ?dllmain_crt_process_attach@@YAHQEAUHINSTANCE__@@QEAX@Z 0000000180012e64 f   MSVCRT:dll_dllmain.obj
 0001:00011f80       ?dllmain_crt_process_detach@@YAH_N@Z 0000000180012f80 f   MSVCRT:dll_dllmain.obj
 0001:00012010       ?dllmain_dispatch@@YAHQEAUHINSTANCE__@@KQEAX@Z 0000000180013010 f   MSVCRT:dll_dllmain.obj
 0001:00012144       ?dllmain_raw@@YAHQEAUHINSTANCE__@@KQEAX@Z 0000000180013144 f   MSVCRT:dll_dllmain.obj
 0001:00012470       capture_current_context    0000000180013470 f   MSVCRT:gs_report.obj
 0001:000124e0       capture_previous_context   00000001800134e0 f   MSVCRT:gs_report.obj
 0001:00012554       __get_entropy              0000000180013554 f   MSVCRT:gs_support.obj
 0001:0001270c       ?find_pe_section@@YAPEAU_IMAGE_SECTION_HEADER@@QEAE_K@Z 000000018001370c f   MSVCRT:utility.obj
 0001:00012760       ?is_potentially_valid_image_base@@YA_NQEAX@Z 0000000180013760 f   MSVCRT:utility.obj
 0001:00013150       $$000000                   0000000180014150     MSVCRT:guard_dispatch.obj
 0001:00013162       ?fin$0@?0??dllmain_crt_process_attach@@YAHQEAUHINSTANCE__@@QEAX@Z@4HA 0000000180014162 f   MSVCRT:dll_dllmain.obj
 0001:00013179       ?fin$0@?0??dllmain_crt_process_detach@@YAH_N@Z@4HA 0000000180014179 f   MSVCRT:dll_dllmain.obj
 0001:00013195       ?filt$0@?0??dllmain_dispatch@@YAHQEAUHINSTANCE__@@KQEAX@Z@4HA 0000000180014195 f   MSVCRT:dll_dllmain.obj
 0001:000131cb       __scrt_is_nonwritable_in_current_image$filt$0 00000001800141cb f   MSVCRT:utility.obj
 0002:000001c0       GS_ExceptionPointers       00000001800151c0     MSVCRT:gs_report.obj
 0002:00000630       $unwind$GetCPUInfo         0000000180015630     cpuid.obj
 0002:0000063c       $unwind$DllMain            000000018001563c     dllmain.obj
 0002:00000644       $unwind$AllocateHeapArea   0000000180015644     pmc_memory.obj
 0002:0000064c       $unwind$DeallocateHeapArea 000000018001564c     pmc_memory.obj
 0002:00000654       $unwind$AllocateBlock      0000000180015654     pmc_memory.obj
 0002:00000664       $unwind$DeallocateBlock    0000000180015664     pmc_memory.obj
 0002:0000066c       $chain$0$DeallocateBlock   000000018001566c     pmc_memory.obj
 0002:00000680       $chain$1$DeallocateBlock   0000000180015680     pmc_memory.obj
 0002:00000690       $unwind$AttatchNumber      0000000180015690     pmc_memory.obj
 0002:00000698       $unwind$AllocateNumber     0000000180015698     pmc_memory.obj
 0002:000006ac       $unwind$DeallocateNumber   00000001800156ac     pmc_memory.obj
 0002:000006b4       $unwind$CommitNumber       00000001800156b4     pmc_memory.obj
 0002:000006bc       $unwind$DuplicateNumber    00000001800156bc     pmc_memory.obj
 0002:000006d0       $unwind$Initialize_Memory  00000001800156d0     pmc_memory.obj
 0002:000006dc       $unwind$PMC_Dispose        00000001800156dc     pmc_memory.obj
 0002:000006e4       $unwind$InitializeNumber   00000001800156e4     pmc_memory.obj
 0002:000006f8       $unwind$CleanUpNumber      00000001800156f8     pmc_memory.obj
 0002:00000700       $chain$0$CleanUpNumber     0000000180015700     pmc_memory.obj
 0002:00000714       $chain$1$CleanUpNumber     0000000180015714     pmc_memory.obj
 0002:00000724       $unwind$PMC_Add_I_X        0000000180015724     pmc_add.obj
 0002:00000734       $unwind$PMC_Add_L_X        0000000180015734     pmc_add.obj
 0002:00000744       $unwind$PMC_Add_X_I        0000000180015744     pmc_add.obj
 0002:00000754       $unwind$PMC_Add_X_L        0000000180015754     pmc_add.obj
 0002:00000764       $unwind$PMC_Add_X_X        0000000180015764     pmc_add.obj
 0002:00000774       $unwind$Add_Imp_using_ADC  0000000180015774     pmc_add.obj
 0002:00000780       $unwind$Add_Imp_using_ADCX 0000000180015780     pmc_add.obj
 0002:0000078c       $unwind$PMC_Add_X_I_Imp    000000018001578c     pmc_add.obj
 0002:0000079c       $unwind$PMC_Add_X_L_Imp    000000018001579c     pmc_add.obj
 0002:000007ac       $unwind$PMC_BitwiseAnd_I_X 00000001800157ac     pmc_bitwiseand.obj
 0002:000007bc       $unwind$PMC_BitwiseAnd_L_X 00000001800157bc     pmc_bitwiseand.obj
 0002:000007cc       $unwind$PMC_BitwiseAnd_X_I 00000001800157cc     pmc_bitwiseand.obj
 0002:000007dc       $unwind$PMC_BitwiseAnd_X_L 00000001800157dc     pmc_bitwiseand.obj
 0002:000007ec       $unwind$PMC_BitwiseAnd_X_X 00000001800157ec     pmc_bitwiseand.obj
 0002:000007f8       $chain$0$PMC_BitwiseAnd_X_X 00000001800157f8     pmc_bitwiseand.obj
 0002:0000080c       $chain$1$PMC_BitwiseAnd_X_X 000000018001580c     pmc_bitwiseand.obj
 0002:0000081c       $unwind$BitwiseAnd_X_X     000000018001581c     pmc_bitwiseand.obj
 0002:00000824       $chain$2$BitwiseAnd_X_X    0000000180015824     pmc_bitwiseand.obj
 0002:00000840       $chain$3$BitwiseAnd_X_X    0000000180015840     pmc_bitwiseand.obj
 0002:00000854       $chain$4$BitwiseAnd_X_X    0000000180015854     pmc_bitwiseand.obj
 0002:00000864       $unwind$PMC_BitwiseOr_I_X  0000000180015864     pmc_bitwiseor.obj
 0002:00000874       $unwind$PMC_BitwiseOr_L_X  0000000180015874     pmc_bitwiseor.obj
 0002:00000884       $unwind$PMC_BitwiseOr_X_I  0000000180015884     pmc_bitwiseor.obj
 0002:00000894       $unwind$PMC_BitwiseOr_X_L  0000000180015894     pmc_bitwiseor.obj
 0002:000008a4       $unwind$PMC_BitwiseOr_X_X  00000001800158a4     pmc_bitwiseor.obj
 0002:000008b0       $chain$0$PMC_BitwiseOr_X_X 00000001800158b0     pmc_bitwiseor.obj
 0002:000008c4       $chain$1$PMC_BitwiseOr_X_X 00000001800158c4     pmc_bitwiseor.obj
 0002:000008d4       $chain$2$PMC_BitwiseOr_X_X 00000001800158d4     pmc_bitwiseor.obj
 0002:000008e8       $chain$3$PMC_BitwiseOr_X_X 00000001800158e8     pmc_bitwiseor.obj
 0002:000008f8       $unwind$BitwiseOr_X_X      00000001800158f8     pmc_bitwiseor.obj
 0002:0000090c       $unwind$PMC_BitwiseOr_X_I_Imp 000000018001590c     pmc_bitwiseor.obj
 0002:00000920       $unwind$PMC_BitwiseOr_X_L_Imp 0000000180015920     pmc_bitwiseor.obj
 0002:00000934       $unwind$PMC_FromByteArray  0000000180015934     pmc_bytes.obj
 0002:00000944       $unwind$PMC_ToByteArray    0000000180015944     pmc_bytes.obj
 0002:00000958       $unwind$PMC_FromByteArrayForSINT 0000000180015958     pmc_bytes.obj
 0002:0000096c       $unwind$PMC_ToByteArrayForSINT 000000018001596c     pmc_bytes.obj
 0002:00000980       $chain$0$PMC_ToByteArrayForSINT 0000000180015980     pmc_bytes.obj
 0002:00000994       $chain$1$PMC_ToByteArrayForSINT 0000000180015994     pmc_bytes.obj
 0002:000009a4       $unwind$PMC_Clone_X        00000001800159a4     pmc_clone.obj
 0002:000009b0       $unwind$PMC_Compare_I_X    00000001800159b0     pmc_compare.obj
 0002:000009c0       $unwind$PMC_Compare_L_X    00000001800159c0     pmc_compare.obj
 0002:000009d0       $unwind$PMC_Compare_X_I    00000001800159d0     pmc_compare.obj
 0002:000009e0       $unwind$PMC_Compare_X_L    00000001800159e0     pmc_compare.obj
 0002:000009f0       $unwind$PMC_Compare_X_X    00000001800159f0     pmc_compare.obj
 0002:00000a00       $unwind$DivRem_X_X         0000000180015a00     pmc_divrem.obj
 0002:00000a0c       $unwind$PMC_DivRem_I_X     0000000180015a0c     pmc_divrem.obj
 0002:00000a20       $unwind$PMC_DivRem_L_X     0000000180015a20     pmc_divrem.obj
 0002:00000a3c       $unwind$PMC_DivRem_X_I     0000000180015a3c     pmc_divrem.obj
 0002:00000a50       $unwind$PMC_DivRem_X_L     0000000180015a50     pmc_divrem.obj
 0002:00000a60       $chain$1$PMC_DivRem_X_L    0000000180015a60     pmc_divrem.obj
 0002:00000a78       $chain$2$PMC_DivRem_X_L    0000000180015a78     pmc_divrem.obj
 0002:00000a88       $chain$3$PMC_DivRem_X_L    0000000180015a88     pmc_divrem.obj
 0002:00000aa0       $chain$4$PMC_DivRem_X_L    0000000180015aa0     pmc_divrem.obj
 0002:00000ab0       $unwind$PMC_DivRem_X_X     0000000180015ab0     pmc_divrem.obj
 0002:00000ac4       $chain$0$PMC_DivRem_X_X    0000000180015ac4     pmc_divrem.obj
 0002:00000ad8       $chain$1$PMC_DivRem_X_X    0000000180015ad8     pmc_divrem.obj
 0002:00000ae8       $chain$2$PMC_DivRem_X_X    0000000180015ae8     pmc_divrem.obj
 0002:00000afc       $chain$3$PMC_DivRem_X_X    0000000180015afc     pmc_divrem.obj
 0002:00000b0c       $unwind$SubtructOneLine    0000000180015b0c     pmc_divrem.obj
 0002:00000b24       $unwind$SubtructOneLineX   0000000180015b24     pmc_divrem.obj
 0002:00000b3c       $unwind$AddOneLine         0000000180015b3c     pmc_divrem.obj
 0002:00000b44       $unwind$AddOneLineX        0000000180015b44     pmc_divrem.obj
 0002:00000b50       $unwind$DivRem_X_X_using_ADC_MUL 0000000180015b50     pmc_divrem.obj
 0002:00000b68       $unwind$DivRem_X_X_using_ADX_MULX 0000000180015b68     pmc_divrem.obj
 0002:00000b80       $unwind$PMC_Equals_I_X     0000000180015b80     pmc_equals.obj
 0002:00000b90       $unwind$PMC_Equals_L_X     0000000180015b90     pmc_equals.obj
 0002:00000ba0       $unwind$PMC_Equals_X_I     0000000180015ba0     pmc_equals.obj
 0002:00000bb0       $unwind$PMC_Equals_X_L     0000000180015bb0     pmc_equals.obj
 0002:00000bc0       $unwind$PMC_Equals_X_X     0000000180015bc0     pmc_equals.obj
 0002:00000bd0       $unwind$PMC_ExclusiveOr_I_X 0000000180015bd0     pmc_exclusiveor.obj
 0002:00000be0       $unwind$PMC_ExclusiveOr_L_X 0000000180015be0     pmc_exclusiveor.obj
 0002:00000bf0       $unwind$PMC_ExclusiveOr_X_I 0000000180015bf0     pmc_exclusiveor.obj
 0002:00000c00       $unwind$PMC_ExclusiveOr_X_L 0000000180015c00     pmc_exclusiveor.obj
 0002:00000c10       $unwind$PMC_ExclusiveOr_X_X 0000000180015c10     pmc_exclusiveor.obj
 0002:00000c1c       $chain$0$PMC_ExclusiveOr_X_X 0000000180015c1c     pmc_exclusiveor.obj
 0002:00000c30       $chain$1$PMC_ExclusiveOr_X_X 0000000180015c30     pmc_exclusiveor.obj
 0002:00000c40       $chain$2$PMC_ExclusiveOr_X_X 0000000180015c40     pmc_exclusiveor.obj
 0002:00000c54       $chain$4$PMC_ExclusiveOr_X_X 0000000180015c54     pmc_exclusiveor.obj
 0002:00000c68       $chain$5$PMC_ExclusiveOr_X_X 0000000180015c68     pmc_exclusiveor.obj
 0002:00000c78       $unwind$ExclusiveOr_X_X    0000000180015c78     pmc_exclusiveor.obj
 0002:00000c8c       $unwind$PMC_ExclusiveOr_X_I_Imp 0000000180015c8c     pmc_exclusiveor.obj
 0002:00000ca0       $unwind$PMC_ExclusiveOr_X_L_Imp 0000000180015ca0     pmc_exclusiveor.obj
 0002:00000cb4       $unwind$From_I_Imp         0000000180015cb4     pmc_from.obj
 0002:00000cc0       $unwind$From_L_Imp         0000000180015cc0     pmc_from.obj
 0002:00000ccc       $unwind$PMC_From_I         0000000180015ccc     pmc_from.obj
 0002:00000cd8       $unwind$PMC_From_L         0000000180015cd8     pmc_from.obj
 0002:00000ce4       $unwind$PMC_GetNumberType_X 0000000180015ce4     pmc_getnumbertype.obj
 0002:00000cf0       $unwind$PMC_GreatestCommonDivisor_I_X 0000000180015cf0     pmc_greatestcommondivisor.obj
 0002:00000d00       $unwind$PMC_GreatestCommonDivisor_L_X 0000000180015d00     pmc_greatestcommondivisor.obj
 0002:00000d10       $unwind$PMC_GreatestCommonDivisor_X_I 0000000180015d10     pmc_greatestcommondivisor.obj
 0002:00000d20       $unwind$PMC_GreatestCommonDivisor_X_L 0000000180015d20     pmc_greatestcommondivisor.obj
 0002:00000d30       $unwind$PMC_GreatestCommonDivisor_X_X 0000000180015d30     pmc_greatestcommondivisor.obj
 0002:00000d48       $unwind$GreatestCommonDivisor_Imp 0000000180015d48     pmc_greatestcommondivisor.obj
 0002:00000d60       $unwind$PMC_GreatestCommonDivisor_X_I_Imp 0000000180015d60     pmc_greatestcommondivisor.obj
 0002:00000d74       $chain$0$PMC_GreatestCommonDivisor_X_I_Imp 0000000180015d74     pmc_greatestcommondivisor.obj
 0002:00000d88       $chain$1$PMC_GreatestCommonDivisor_X_I_Imp 0000000180015d88     pmc_greatestcommondivisor.obj
 0002:00000d98       $unwind$PMC_GreatestCommonDivisor_X_L_Imp 0000000180015d98     pmc_greatestcommondivisor.obj
 0002:00000dac       $chain$0$PMC_GreatestCommonDivisor_X_L_Imp 0000000180015dac     pmc_greatestcommondivisor.obj
 0002:00000dc0       $chain$1$PMC_GreatestCommonDivisor_X_L_Imp 0000000180015dc0     pmc_greatestcommondivisor.obj
 0002:00000dd0       $unwind$PMC_UINT_Initialize 0000000180015dd0     pmc_initialize.obj
 0002:00000dd8       $unwind$PMC_ModPow_X_X_X   0000000180015dd8     pmc_modpow.obj
 0002:00000dec       $unwind$Remainder          0000000180015dec     pmc_modpow.obj
 0002:00000dfc       $chain$0$Remainder         0000000180015dfc     pmc_modpow.obj
 0002:00000e10       $chain$1$Remainder         0000000180015e10     pmc_modpow.obj
 0002:00000e20       $unwind$ModulePower        0000000180015e20     pmc_modpow.obj
 0002:00000e3c       $chain$2$ModulePower       0000000180015e3c     pmc_modpow.obj
 0002:00000e50       $chain$3$ModulePower       0000000180015e50     pmc_modpow.obj
 0002:00000e60       $unwind$PMC_Multiply_I_X   0000000180015e60     pmc_multiply.obj
 0002:00000e70       $unwind$PMC_Multiply_L_X   0000000180015e70     pmc_multiply.obj
 0002:00000e80       $unwind$PMC_Multiply_X_I   0000000180015e80     pmc_multiply.obj
 0002:00000e90       $unwind$PMC_Multiply_X_L   0000000180015e90     pmc_multiply.obj
 0002:00000ea0       $unwind$PMC_Multiply_X_X   0000000180015ea0     pmc_multiply.obj
 0002:00000eb0       $unwind$Multiply_WORD_using_MUL_ADC 0000000180015eb0     pmc_multiply.obj
 0002:00000ec8       $unwind$Multiply_WORD_using_MULX_ADCX 0000000180015ec8     pmc_multiply.obj
 0002:00000ee0       $unwind$Multiply_X_2W_using_MUL_ADC 0000000180015ee0     pmc_multiply.obj
 0002:00000ef4       $unwind$Multiply_X_2W_using_MULX_ADCX 0000000180015ef4     pmc_multiply.obj
 0002:00000f08       $unwind$Multiply_X_X_using_MUL_ADC 0000000180015f08     pmc_multiply.obj
 0002:00000f20       $unwind$Multiply_X_X_using_MULX_ADCX 0000000180015f20     pmc_multiply.obj
 0002:00000f38       $unwind$PMC_Multiply_X_I_Imp 0000000180015f38     pmc_multiply.obj
 0002:00000f48       $unwind$PMC_Multiply_X_L_Imp 0000000180015f48     pmc_multiply.obj
 0002:00000f58       $unwind$Initialize_Parse   0000000180015f58     pmc_parse.obj
 0002:00000f60       $unwind$PMC_TryParse       0000000180015f60     pmc_parse.obj
 0002:00000f68       $unwind$InitializeParserState 0000000180015f68     pmc_parse.obj
 0002:00000f7c       $unwind$ParseAsDecimalNumberString 0000000180015f7c     pmc_parse.obj
 0002:00000f98       $unwind$Build1WordFromDecimalString 0000000180015f98     pmc_parse.obj
 0002:00000fac       $unwind$MultiplyAndAdd_using_ADC_MUL 0000000180015fac     pmc_parse.obj
 0002:00000fb8       $unwind$MultiplyAndAdd_using_ADCX_MULX 0000000180015fb8     pmc_parse.obj
 0002:00000fc8       $unwind$TryParseDN         0000000180015fc8     pmc_parse.obj
 0002:00000fe0       $chain$0$TryParseDN        0000000180015fe0     pmc_parse.obj
 0002:00000ff4       $chain$1$TryParseDN        0000000180015ff4     pmc_parse.obj
 0002:00001004       $unwind$Build1WordFromHexString 0000000180016004     pmc_parse.obj
 0002:0000101c       $unwind$TryParseX          000000018001601c     pmc_parse.obj
 0002:00001038       $chain$0$TryParseX         0000000180016038     pmc_parse.obj
 0002:0000104c       $chain$1$TryParseX         000000018001604c     pmc_parse.obj
 0002:00001060       $chain$2$TryParseX         0000000180016060     pmc_parse.obj
 0002:00001070       $chain$3$TryParseX         0000000180016070     pmc_parse.obj
 0002:00001080       $unwind$PMC_Pow_X_I        0000000180016080     pmc_pow.obj
 0002:00001090       $unwind$PMC_Pow_X_I_Imp    0000000180016090     pmc_pow.obj
 0002:000010a4       $chain$1$PMC_Pow_X_I_Imp   00000001800160a4     pmc_pow.obj
 0002:000010bc       $chain$2$PMC_Pow_X_I_Imp   00000001800160bc     pmc_pow.obj
 0002:000010cc       $unwind$RightShift_Imp_DIV 00000001800160cc     pmc_shift.obj
 0002:000010dc       $chain$0$RightShift_Imp_DIV 00000001800160dc     pmc_shift.obj
 0002:000010f0       $chain$1$RightShift_Imp_DIV 00000001800160f0     pmc_shift.obj
 0002:00001104       $chain$2$RightShift_Imp_DIV 0000000180016104     pmc_shift.obj
 0002:00001114       $chain$3$RightShift_Imp_DIV 0000000180016114     pmc_shift.obj
 0002:00001124       $unwind$RightShift_Imp     0000000180016124     pmc_shift.obj
 0002:00001138       $chain$0$RightShift_Imp    0000000180016138     pmc_shift.obj
 0002:0000114c       $chain$1$RightShift_Imp    000000018001614c     pmc_shift.obj
 0002:0000115c       $unwind$LeftShift_Imp_DIV  000000018001615c     pmc_shift.obj
 0002:00001170       $chain$0$LeftShift_Imp_DIV 0000000180016170     pmc_shift.obj
 0002:00001184       $chain$1$LeftShift_Imp_DIV 0000000180016184     pmc_shift.obj
 0002:00001194       $unwind$LeftShift_Imp      0000000180016194     pmc_shift.obj
 0002:000011a8       $chain$0$LeftShift_Imp     00000001800161a8     pmc_shift.obj
 0002:000011bc       $chain$1$LeftShift_Imp     00000001800161bc     pmc_shift.obj
 0002:000011cc       $unwind$PMC_RightShift_X_I 00000001800161cc     pmc_shift.obj
 0002:000011dc       $unwind$PMC_LeftShift_X_I  00000001800161dc     pmc_shift.obj
 0002:000011ec       $unwind$Subtruct_Imp       00000001800161ec     pmc_subtruct.obj
 0002:000011f4       $unwind$PMC_Subtruct_I_X   00000001800161f4     pmc_subtruct.obj
 0002:00001204       $unwind$PMC_Subtruct_L_X   0000000180016204     pmc_subtruct.obj
 0002:00001214       $unwind$PMC_Subtruct_X_I   0000000180016214     pmc_subtruct.obj
 0002:00001224       $unwind$PMC_Subtruct_X_L   0000000180016224     pmc_subtruct.obj
 0002:00001234       $unwind$PMC_Subtruct_X_X   0000000180016234     pmc_subtruct.obj
 0002:00001244       $unwind$PMC_To_X_I         0000000180016244     pmc_to.obj
 0002:00001250       $unwind$PMC_To_X_L         0000000180016250     pmc_to.obj
 0002:0000125c       $unwind$Initialize_ToString 000000018001625c     pmc_tostring.obj
 0002:00001264       $unwind$PMC_ToString       0000000180016264     pmc_tostring.obj
 0002:0000127c       $unwind$OutputOneChar      000000018001627c     pmc_tostring.obj
 0002:00001288       $unwind$PrintDecimal       0000000180016288     pmc_tostring.obj
 0002:000012ac       $unwind$ToStringDN         00000001800162ac     pmc_tostring.obj
 0002:000012c8       $unwind$ToStringX          00000001800162c8     pmc_tostring.obj
 0002:000012dc       $unwind$__GSHandlerCheckCommon 00000001800162dc     MSVCRT:gshandler.obj
 0002:000012e4       $unwind$__GSHandlerCheck   00000001800162e4     MSVCRT:gshandler.obj
 0002:000012f0       $xdatasym                  00000001800162f0     MSVCRT:amdsecgs.obj
 0002:000012f4       $unwind$?dllmain_crt_process_attach@@YAHQEAUHINSTANCE__@@QEAX@Z 00000001800162f4     MSVCRT:dll_dllmain.obj
 0002:00001330       $unwind$?fin$0@?0??dllmain_crt_process_attach@@YAHQEAUHINSTANCE__@@QEAX@Z@4HA 0000000180016330     MSVCRT:dll_dllmain.obj
 0002:00001338       $unwind$?dllmain_crt_process_detach@@YAH_N@Z 0000000180016338     MSVCRT:dll_dllmain.obj
 0002:00001370       $unwind$?fin$0@?0??dllmain_crt_process_detach@@YAH_N@Z@4HA 0000000180016370     MSVCRT:dll_dllmain.obj
 0002:00001378       $unwind$?dllmain_crt_dispatch@@YAHQEAUHINSTANCE__@@KQEAX@Z 0000000180016378     MSVCRT:dll_dllmain.obj
 0002:00001380       $unwind$?dllmain_dispatch@@YAHQEAUHINSTANCE__@@KQEAX@Z 0000000180016380     MSVCRT:dll_dllmain.obj
 0002:000013a8       $unwind$?filt$0@?0??dllmain_dispatch@@YAHQEAUHINSTANCE__@@KQEAX@Z@4HA 00000001800163a8     MSVCRT:dll_dllmain.obj
 0002:000013b0       $unwind$_DllMainCRTStartup 00000001800163b0     MSVCRT:dll_dllmain.obj
 0002:000013c0       $unwind$__report_securityfailure 00000001800163c0     MSVCRT:gs_report.obj
 0002:000013c8       $unwind$__report_securityfailureEx 00000001800163c8     MSVCRT:gs_report.obj
 0002:000013d0       $unwind$__report_rangecheckfailure 00000001800163d0     MSVCRT:gs_report.obj
 0002:000013d8       $unwind$__report_gsfailure 00000001800163d8     MSVCRT:gs_report.obj
 0002:000013e0       $unwind$capture_current_context 00000001800163e0     MSVCRT:gs_report.obj
 0002:000013ec       $unwind$capture_previous_context 00000001800163ec     MSVCRT:gs_report.obj
 0002:000013f8       $unwind$__raise_securityfailure 00000001800163f8     MSVCRT:gs_report.obj
 0002:00001400       $unwind$__security_init_cookie 0000000180016400     MSVCRT:gs_support.obj
 0002:0000140c       $unwind$__get_entropy      000000018001640c     MSVCRT:gs_support.obj
 0002:00001414       $unwind$__scrt_initialize_default_local_stdio_options 0000000180016414     MSVCRT:default_local_stdio_options.obj
 0002:0000141c       $unwind$atexit             000000018001641c     MSVCRT:utility.obj
 0002:00001424       $unwind$_onexit            0000000180016424     MSVCRT:utility.obj
 0002:0000142c       $unwind$__scrt_is_nonwritable_in_current_image 000000018001642c     MSVCRT:utility.obj
 0002:0000144c       $unwind$__scrt_is_nonwritable_in_current_image$filt$0 000000018001644c     MSVCRT:utility.obj
 0002:00001454       $unwind$__scrt_acquire_startup_lock 0000000180016454     MSVCRT:utility.obj
 0002:0000145c       $unwind$__scrt_release_startup_lock 000000018001645c     MSVCRT:utility.obj
 0002:00001464       $unwind$__scrt_initialize_crt 0000000180016464     MSVCRT:utility.obj
 0002:0000146c       $unwind$__scrt_uninitialize_crt 000000018001646c     MSVCRT:utility.obj
 0002:00001474       $unwind$__scrt_initialize_onexit_tables 0000000180016474     MSVCRT:utility.obj
 0002:0000147c       $unwind$__scrt_dllmain_exception_filter 000000018001647c     MSVCRT:utility.obj
 0002:00001490       $unwind$__scrt_dllmain_before_initialize_c 0000000180016490     MSVCRT:utility.obj
 0002:00001498       $unwind$__scrt_dllmain_after_initialize_c 0000000180016498     MSVCRT:utility.obj
 0002:000014a0       $unwind$__scrt_dllmain_uninitialize_c 00000001800164a0     MSVCRT:utility.obj
 0002:000014a8       $unwind$__scrt_dllmain_uninitialize_critical 00000001800164a8     MSVCRT:utility.obj
 0002:000014b0       $unwind$__scrt_dllmain_crt_thread_attach 00000001800164b0     MSVCRT:utility.obj
 0002:000014b8       $unwind$__scrt_dllmain_crt_thread_detach 00000001800164b8     MSVCRT:utility.obj
 0002:000014c0       $unwind$?configure_argv@__scrt_narrow_argv_policy@@SAHXZ 00000001800164c0     MSVCRT:utility.obj
 0002:000014c8       $unwind$__scrt_get_show_window_mode 00000001800164c8     MSVCRT:utility_desktop.obj
 0002:000014d0       $unwind$__scrt_is_managed_app 00000001800164d0     MSVCRT:utility_desktop.obj
 0002:000014d8       $unwind$__scrt_fastfail    00000001800164d8     MSVCRT:utility_desktop.obj
 0002:000014e8       $unwind$__scrt_unhandled_exception_filter 00000001800164e8     MSVCRT:utility_desktop.obj
 0002:000014f0       $unwind$_RTC_Initialize    00000001800164f0     MSVCRT:initsect.obj
 0002:000014fc       $unwind$_RTC_Terminate     00000001800164fc     MSVCRT:initsect.obj
 0002:00001508       $unwind$__isa_available_init 0000000180016508     MSVCRT:cpu_disp.obj
 0002:00001520       $xdatasym                  0000000180016520     MSVCRT:guard_dispatch.obj
 0002:00001530       .edata                     0000000180016530     Palmtree.Math.Core.Uint.exp
 0002:00001558       rgpv                       0000000180016558     Palmtree.Math.Core.Uint.exp
 0002:00001560       rgszName                   0000000180016560     Palmtree.Math.Core.Uint.exp
 0002:00001568       rgwOrd                     0000000180016568     Palmtree.Math.Core.Uint.exp
 0002:0000156c       szName                     000000018001656c     Palmtree.Math.Core.Uint.exp
 0002:00001588       $N00001                    0000000180016588     Palmtree.Math.Core.Uint.exp
 0002:00001590       $N00002                    0000000180016590     Palmtree.Math.Core.Uint.exp
 0002:00001798       .idata$6                   0000000180016798     kernel32:KERNEL32.dll
 0002:000017e8       .idata$6                   00000001800167e8     vcruntime:VCRUNTIME140.dll
 0002:000018ec       .idata$6                   00000001800168ec     ucrt:api-ms-win-crt-runtime-l1-1-0.dll
 0003:00000000       decimal_digits             0000000180017000     pmc_tostring.obj
 0003:00000018       hexadecimal_lower_digits   0000000180017018     pmc_tostring.obj
 0003:00000040       hexadecimal_upper_digits   0000000180017040     pmc_tostring.obj
 0003:000000c0       fp_Add_Imp                 00000001800170c0     pmc_add.obj
 0003:000000c8       fp_DivRem_X_X              00000001800170c8     pmc_divrem.obj
 0003:000000d0       entry_points               00000001800170d0     pmc_initialize.obj
 0003:00000300       initialized                0000000180017300     pmc_initialize.obj
 0003:00000308       fp_Multiply_X_1W           0000000180017308     pmc_multiply.obj
 0003:00000310       fp_Multiply_X_2W           0000000180017310     pmc_multiply.obj
 0003:00000318       fp_Multiply_X_X            0000000180017318     pmc_multiply.obj
 0003:00000320       default_number_format_option 0000000180017320     pmc_parse.obj
 0003:00000348       fp_MultiplyAndAdd          0000000180017348     pmc_parse.obj
 0003:00000350       default_number_format_option 0000000180017350     pmc_tostring.obj
 0003:00000378       ?__proc_attached@@3HA      0000000180017378     MSVCRT:dll_dllmain.obj
 0003:00000380       GS_ExceptionRecord         0000000180017380     MSVCRT:gs_report.obj
 0003:00000420       GS_ContextRecord           0000000180017420     MSVCRT:gs_report.obj
 0003:00000920       ?is_initialized_as_dll@@3_NA 0000000180017920     MSVCRT:utility.obj
 0003:00000921       ?module_local_atexit_table_initialized@@3_NA 0000000180017921     MSVCRT:utility.obj
 0003:00000928       ?module_local_atexit_table@@3U_onexit_table_t@@A 0000000180017928     MSVCRT:utility.obj
 0003:00000940       ?module_local_at_quick_exit_table@@3U_onexit_table_t@@A 0000000180017940     MSVCRT:utility.obj
 0004:00000000       $pdata$GetCPUInfo          0000000180018000     cpuid.obj
 0004:0000000c       $pdata$DllMain             000000018001800c     dllmain.obj
 0004:00000018       $pdata$AllocateHeapArea    0000000180018018     pmc_memory.obj
 0004:00000024       $pdata$DeallocateHeapArea  0000000180018024     pmc_memory.obj
 0004:00000030       $pdata$AllocateBlock       0000000180018030     pmc_memory.obj
 0004:0000003c       $pdata$DeallocateBlock     000000018001803c     pmc_memory.obj
 0004:00000048       $pdata$0$DeallocateBlock   0000000180018048     pmc_memory.obj
 0004:00000054       $pdata$1$DeallocateBlock   0000000180018054     pmc_memory.obj
 0004:00000060       $pdata$AttatchNumber       0000000180018060     pmc_memory.obj
 0004:0000006c       $pdata$AllocateNumber      000000018001806c     pmc_memory.obj
 0004:00000078       $pdata$DeallocateNumber    0000000180018078     pmc_memory.obj
 0004:00000084       $pdata$CommitNumber        0000000180018084     pmc_memory.obj
 0004:00000090       $pdata$DuplicateNumber     0000000180018090     pmc_memory.obj
 0004:0000009c       $pdata$Initialize_Memory   000000018001809c     pmc_memory.obj
 0004:000000a8       $pdata$PMC_Dispose         00000001800180a8     pmc_memory.obj
 0004:000000b4       $pdata$InitializeNumber    00000001800180b4     pmc_memory.obj
 0004:000000c0       $pdata$CleanUpNumber       00000001800180c0     pmc_memory.obj
 0004:000000cc       $pdata$0$CleanUpNumber     00000001800180cc     pmc_memory.obj
 0004:000000d8       $pdata$1$CleanUpNumber     00000001800180d8     pmc_memory.obj
 0004:000000e4       $pdata$PMC_Add_I_X         00000001800180e4     pmc_add.obj
 0004:000000f0       $pdata$PMC_Add_L_X         00000001800180f0     pmc_add.obj
 0004:000000fc       $pdata$PMC_Add_X_I         00000001800180fc     pmc_add.obj
 0004:00000108       $pdata$PMC_Add_X_L         0000000180018108     pmc_add.obj
 0004:00000114       $pdata$PMC_Add_X_X         0000000180018114     pmc_add.obj
 0004:00000120       $pdata$Add_Imp_using_ADC   0000000180018120     pmc_add.obj
 0004:0000012c       $pdata$Add_Imp_using_ADCX  000000018001812c     pmc_add.obj
 0004:00000138       $pdata$PMC_Add_X_I_Imp     0000000180018138     pmc_add.obj
 0004:00000144       $pdata$PMC_Add_X_L_Imp     0000000180018144     pmc_add.obj
 0004:00000150       $pdata$PMC_BitwiseAnd_I_X  0000000180018150     pmc_bitwiseand.obj
 0004:0000015c       $pdata$PMC_BitwiseAnd_L_X  000000018001815c     pmc_bitwiseand.obj
 0004:00000168       $pdata$PMC_BitwiseAnd_X_I  0000000180018168     pmc_bitwiseand.obj
 0004:00000174       $pdata$PMC_BitwiseAnd_X_L  0000000180018174     pmc_bitwiseand.obj
 0004:00000180       $pdata$PMC_BitwiseAnd_X_X  0000000180018180     pmc_bitwiseand.obj
 0004:0000018c       $pdata$0$PMC_BitwiseAnd_X_X 000000018001818c     pmc_bitwiseand.obj
 0004:00000198       $pdata$1$PMC_BitwiseAnd_X_X 0000000180018198     pmc_bitwiseand.obj
 0004:000001a4       $pdata$BitwiseAnd_X_X      00000001800181a4     pmc_bitwiseand.obj
 0004:000001b0       $pdata$2$BitwiseAnd_X_X    00000001800181b0     pmc_bitwiseand.obj
 0004:000001bc       $pdata$3$BitwiseAnd_X_X    00000001800181bc     pmc_bitwiseand.obj
 0004:000001c8       $pdata$4$BitwiseAnd_X_X    00000001800181c8     pmc_bitwiseand.obj
 0004:000001d4       $pdata$PMC_BitwiseOr_I_X   00000001800181d4     pmc_bitwiseor.obj
 0004:000001e0       $pdata$PMC_BitwiseOr_L_X   00000001800181e0     pmc_bitwiseor.obj
 0004:000001ec       $pdata$PMC_BitwiseOr_X_I   00000001800181ec     pmc_bitwiseor.obj
 0004:000001f8       $pdata$PMC_BitwiseOr_X_L   00000001800181f8     pmc_bitwiseor.obj
 0004:00000204       $pdata$PMC_BitwiseOr_X_X   0000000180018204     pmc_bitwiseor.obj
 0004:00000210       $pdata$0$PMC_BitwiseOr_X_X 0000000180018210     pmc_bitwiseor.obj
 0004:0000021c       $pdata$1$PMC_BitwiseOr_X_X 000000018001821c     pmc_bitwiseor.obj
 0004:00000228       $pdata$2$PMC_BitwiseOr_X_X 0000000180018228     pmc_bitwiseor.obj
 0004:00000234       $pdata$3$PMC_BitwiseOr_X_X 0000000180018234     pmc_bitwiseor.obj
 0004:00000240       $pdata$BitwiseOr_X_X       0000000180018240     pmc_bitwiseor.obj
 0004:0000024c       $pdata$PMC_BitwiseOr_X_I_Imp 000000018001824c     pmc_bitwiseor.obj
 0004:00000258       $pdata$PMC_BitwiseOr_X_L_Imp 0000000180018258     pmc_bitwiseor.obj
 0004:00000264       $pdata$PMC_FromByteArray   0000000180018264     pmc_bytes.obj
 0004:00000270       $pdata$PMC_ToByteArray     0000000180018270     pmc_bytes.obj
 0004:0000027c       $pdata$PMC_FromByteArrayForSINT 000000018001827c     pmc_bytes.obj
 0004:00000288       $pdata$PMC_ToByteArrayForSINT 0000000180018288     pmc_bytes.obj
 0004:00000294       $pdata$0$PMC_ToByteArrayForSINT 0000000180018294     pmc_bytes.obj
 0004:000002a0       $pdata$1$PMC_ToByteArrayForSINT 00000001800182a0     pmc_bytes.obj
 0004:000002ac       $pdata$PMC_Clone_X         00000001800182ac     pmc_clone.obj
 0004:000002b8       $pdata$PMC_Compare_I_X     00000001800182b8     pmc_compare.obj
 0004:000002c4       $pdata$PMC_Compare_L_X     00000001800182c4     pmc_compare.obj
 0004:000002d0       $pdata$PMC_Compare_X_I     00000001800182d0     pmc_compare.obj
 0004:000002dc       $pdata$PMC_Compare_X_L     00000001800182dc     pmc_compare.obj
 0004:000002e8       $pdata$PMC_Compare_X_X     00000001800182e8     pmc_compare.obj
 0004:000002f4       $pdata$DivRem_X_X          00000001800182f4     pmc_divrem.obj
 0004:00000300       $pdata$PMC_DivRem_I_X      0000000180018300     pmc_divrem.obj
 0004:0000030c       $pdata$PMC_DivRem_L_X      000000018001830c     pmc_divrem.obj
 0004:00000318       $pdata$PMC_DivRem_X_I      0000000180018318     pmc_divrem.obj
 0004:00000324       $pdata$PMC_DivRem_X_L      0000000180018324     pmc_divrem.obj
 0004:00000330       $pdata$1$PMC_DivRem_X_L    0000000180018330     pmc_divrem.obj
 0004:0000033c       $pdata$2$PMC_DivRem_X_L    000000018001833c     pmc_divrem.obj
 0004:00000348       $pdata$3$PMC_DivRem_X_L    0000000180018348     pmc_divrem.obj
 0004:00000354       $pdata$4$PMC_DivRem_X_L    0000000180018354     pmc_divrem.obj
 0004:00000360       $pdata$PMC_DivRem_X_X      0000000180018360     pmc_divrem.obj
 0004:0000036c       $pdata$0$PMC_DivRem_X_X    000000018001836c     pmc_divrem.obj
 0004:00000378       $pdata$1$PMC_DivRem_X_X    0000000180018378     pmc_divrem.obj
 0004:00000384       $pdata$2$PMC_DivRem_X_X    0000000180018384     pmc_divrem.obj
 0004:00000390       $pdata$3$PMC_DivRem_X_X    0000000180018390     pmc_divrem.obj
 0004:0000039c       $pdata$SubtructOneLine     000000018001839c     pmc_divrem.obj
 0004:000003a8       $pdata$SubtructOneLineX    00000001800183a8     pmc_divrem.obj
 0004:000003b4       $pdata$AddOneLine          00000001800183b4     pmc_divrem.obj
 0004:000003c0       $pdata$AddOneLineX         00000001800183c0     pmc_divrem.obj
 0004:000003cc       $pdata$DivRem_X_X_using_ADC_MUL 00000001800183cc     pmc_divrem.obj
 0004:000003d8       $pdata$DivRem_X_X_using_ADX_MULX 00000001800183d8     pmc_divrem.obj
 0004:000003e4       $pdata$PMC_Equals_I_X      00000001800183e4     pmc_equals.obj
 0004:000003f0       $pdata$PMC_Equals_L_X      00000001800183f0     pmc_equals.obj
 0004:000003fc       $pdata$PMC_Equals_X_I      00000001800183fc     pmc_equals.obj
 0004:00000408       $pdata$PMC_Equals_X_L      0000000180018408     pmc_equals.obj
 0004:00000414       $pdata$PMC_Equals_X_X      0000000180018414     pmc_equals.obj
 0004:00000420       $pdata$PMC_ExclusiveOr_I_X 0000000180018420     pmc_exclusiveor.obj
 0004:0000042c       $pdata$PMC_ExclusiveOr_L_X 000000018001842c     pmc_exclusiveor.obj
 0004:00000438       $pdata$PMC_ExclusiveOr_X_I 0000000180018438     pmc_exclusiveor.obj
 0004:00000444       $pdata$PMC_ExclusiveOr_X_L 0000000180018444     pmc_exclusiveor.obj
 0004:00000450       $pdata$PMC_ExclusiveOr_X_X 0000000180018450     pmc_exclusiveor.obj
 0004:0000045c       $pdata$0$PMC_ExclusiveOr_X_X 000000018001845c     pmc_exclusiveor.obj
 0004:00000468       $pdata$1$PMC_ExclusiveOr_X_X 0000000180018468     pmc_exclusiveor.obj
 0004:00000474       $pdata$2$PMC_ExclusiveOr_X_X 0000000180018474     pmc_exclusiveor.obj
 0004:00000480       $pdata$4$PMC_ExclusiveOr_X_X 0000000180018480     pmc_exclusiveor.obj
 0004:0000048c       $pdata$5$PMC_ExclusiveOr_X_X 000000018001848c     pmc_exclusiveor.obj
 0004:00000498       $pdata$ExclusiveOr_X_X     0000000180018498     pmc_exclusiveor.obj
 0004:000004a4       $pdata$PMC_ExclusiveOr_X_I_Imp 00000001800184a4     pmc_exclusiveor.obj
 0004:000004b0       $pdata$PMC_ExclusiveOr_X_L_Imp 00000001800184b0     pmc_exclusiveor.obj
 0004:000004bc       $pdata$From_I_Imp          00000001800184bc     pmc_from.obj
 0004:000004c8       $pdata$From_L_Imp          00000001800184c8     pmc_from.obj
 0004:000004d4       $pdata$PMC_From_I          00000001800184d4     pmc_from.obj
 0004:000004e0       $pdata$PMC_From_L          00000001800184e0     pmc_from.obj
 0004:000004ec       $pdata$PMC_GetNumberType_X 00000001800184ec     pmc_getnumbertype.obj
 0004:000004f8       $pdata$PMC_GreatestCommonDivisor_I_X 00000001800184f8     pmc_greatestcommondivisor.obj
 0004:00000504       $pdata$PMC_GreatestCommonDivisor_L_X 0000000180018504     pmc_greatestcommondivisor.obj
 0004:00000510       $pdata$PMC_GreatestCommonDivisor_X_I 0000000180018510     pmc_greatestcommondivisor.obj
 0004:0000051c       $pdata$PMC_GreatestCommonDivisor_X_L 000000018001851c     pmc_greatestcommondivisor.obj
 0004:00000528       $pdata$PMC_GreatestCommonDivisor_X_X 0000000180018528     pmc_greatestcommondivisor.obj
 0004:00000534       $pdata$GreatestCommonDivisor_Imp 0000000180018534     pmc_greatestcommondivisor.obj
 0004:00000540       $pdata$PMC_GreatestCommonDivisor_X_I_Imp 0000000180018540     pmc_greatestcommondivisor.obj
 0004:0000054c       $pdata$0$PMC_GreatestCommonDivisor_X_I_Imp 000000018001854c     pmc_greatestcommondivisor.obj
 0004:00000558       $pdata$1$PMC_GreatestCommonDivisor_X_I_Imp 0000000180018558     pmc_greatestcommondivisor.obj
 0004:00000564       $pdata$PMC_GreatestCommonDivisor_X_L_Imp 0000000180018564     pmc_greatestcommondivisor.obj
 0004:00000570       $pdata$0$PMC_GreatestCommonDivisor_X_L_Imp 0000000180018570     pmc_greatestcommondivisor.obj
 0004:0000057c       $pdata$1$PMC_GreatestCommonDivisor_X_L_Imp 000000018001857c     pmc_greatestcommondivisor.obj
 0004:00000588       $pdata$PMC_UINT_Initialize 0000000180018588     pmc_initialize.obj
 0004:00000594       $pdata$PMC_ModPow_X_X_X    0000000180018594     pmc_modpow.obj
 0004:000005a0       $pdata$Remainder           00000001800185a0     pmc_modpow.obj
 0004:000005ac       $pdata$0$Remainder         00000001800185ac     pmc_modpow.obj
 0004:000005b8       $pdata$1$Remainder         00000001800185b8     pmc_modpow.obj
 0004:000005c4       $pdata$ModulePower         00000001800185c4     pmc_modpow.obj
 0004:000005d0       $pdata$2$ModulePower       00000001800185d0     pmc_modpow.obj
 0004:000005dc       $pdata$3$ModulePower       00000001800185dc     pmc_modpow.obj
 0004:000005e8       $pdata$PMC_Multiply_I_X    00000001800185e8     pmc_multiply.obj
 0004:000005f4       $pdata$PMC_Multiply_L_X    00000001800185f4     pmc_multiply.obj
 0004:00000600       $pdata$PMC_Multiply_X_I    0000000180018600     pmc_multiply.obj
 0004:0000060c       $pdata$PMC_Multiply_X_L    000000018001860c     pmc_multiply.obj
 0004:00000618       $pdata$PMC_Multiply_X_X    0000000180018618     pmc_multiply.obj
 0004:00000624       $pdata$Multiply_WORD_using_MUL_ADC 0000000180018624     pmc_multiply.obj
 0004:00000630       $pdata$Multiply_WORD_using_MULX_ADCX 0000000180018630     pmc_multiply.obj
 0004:0000063c       $pdata$Multiply_X_2W_using_MUL_ADC 000000018001863c     pmc_multiply.obj
 0004:00000648       $pdata$Multiply_X_2W_using_MULX_ADCX 0000000180018648     pmc_multiply.obj
 0004:00000654       $pdata$Multiply_X_X_using_MUL_ADC 0000000180018654     pmc_multiply.obj
 0004:00000660       $pdata$Multiply_X_X_using_MULX_ADCX 0000000180018660     pmc_multiply.obj
 0004:0000066c       $pdata$PMC_Multiply_X_I_Imp 000000018001866c     pmc_multiply.obj
 0004:00000678       $pdata$PMC_Multiply_X_L_Imp 0000000180018678     pmc_multiply.obj
 0004:00000684       $pdata$Initialize_Parse    0000000180018684     pmc_parse.obj
 0004:00000690       $pdata$PMC_TryParse        0000000180018690     pmc_parse.obj
 0004:0000069c       $pdata$InitializeParserState 000000018001869c     pmc_parse.obj
 0004:000006a8       $pdata$ParseAsDecimalNumberString 00000001800186a8     pmc_parse.obj
 0004:000006b4       $pdata$Build1WordFromDecimalString 00000001800186b4     pmc_parse.obj
 0004:000006c0       $pdata$MultiplyAndAdd_using_ADC_MUL 00000001800186c0     pmc_parse.obj
 0004:000006cc       $pdata$MultiplyAndAdd_using_ADCX_MULX 00000001800186cc     pmc_parse.obj
 0004:000006d8       $pdata$TryParseDN          00000001800186d8     pmc_parse.obj
 0004:000006e4       $pdata$0$TryParseDN        00000001800186e4     pmc_parse.obj
 0004:000006f0       $pdata$1$TryParseDN        00000001800186f0     pmc_parse.obj
 0004:000006fc       $pdata$Build1WordFromHexString 00000001800186fc     pmc_parse.obj
 0004:00000708       $pdata$TryParseX           0000000180018708     pmc_parse.obj
 0004:00000714       $pdata$0$TryParseX         0000000180018714     pmc_parse.obj
 0004:00000720       $pdata$1$TryParseX         0000000180018720     pmc_parse.obj
 0004:0000072c       $pdata$2$TryParseX         000000018001872c     pmc_parse.obj
 0004:00000738       $pdata$3$TryParseX         0000000180018738     pmc_parse.obj
 0004:00000744       $pdata$PMC_Pow_X_I         0000000180018744     pmc_pow.obj
 0004:00000750       $pdata$PMC_Pow_X_I_Imp     0000000180018750     pmc_pow.obj
 0004:0000075c       $pdata$1$PMC_Pow_X_I_Imp   000000018001875c     pmc_pow.obj
 0004:00000768       $pdata$2$PMC_Pow_X_I_Imp   0000000180018768     pmc_pow.obj
 0004:00000774       $pdata$RightShift_Imp_DIV  0000000180018774     pmc_shift.obj
 0004:00000780       $pdata$0$RightShift_Imp_DIV 0000000180018780     pmc_shift.obj
 0004:0000078c       $pdata$1$RightShift_Imp_DIV 000000018001878c     pmc_shift.obj
 0004:00000798       $pdata$2$RightShift_Imp_DIV 0000000180018798     pmc_shift.obj
 0004:000007a4       $pdata$3$RightShift_Imp_DIV 00000001800187a4     pmc_shift.obj
 0004:000007b0       $pdata$RightShift_Imp      00000001800187b0     pmc_shift.obj
 0004:000007bc       $pdata$0$RightShift_Imp    00000001800187bc     pmc_shift.obj
 0004:000007c8       $pdata$1$RightShift_Imp    00000001800187c8     pmc_shift.obj
 0004:000007d4       $pdata$LeftShift_Imp_DIV   00000001800187d4     pmc_shift.obj
 0004:000007e0       $pdata$0$LeftShift_Imp_DIV 00000001800187e0     pmc_shift.obj
 0004:000007ec       $pdata$1$LeftShift_Imp_DIV 00000001800187ec     pmc_shift.obj
 0004:000007f8       $pdata$LeftShift_Imp       00000001800187f8     pmc_shift.obj
 0004:00000804       $pdata$0$LeftShift_Imp     0000000180018804     pmc_shift.obj
 0004:00000810       $pdata$1$LeftShift_Imp     0000000180018810     pmc_shift.obj
 0004:0000081c       $pdata$PMC_RightShift_X_I  000000018001881c     pmc_shift.obj
 0004:00000828       $pdata$PMC_LeftShift_X_I   0000000180018828     pmc_shift.obj
 0004:00000834       $pdata$Subtruct_Imp        0000000180018834     pmc_subtruct.obj
 0004:00000840       $pdata$PMC_Subtruct_I_X    0000000180018840     pmc_subtruct.obj
 0004:0000084c       $pdata$PMC_Subtruct_L_X    000000018001884c     pmc_subtruct.obj
 0004:00000858       $pdata$PMC_Subtruct_X_I    0000000180018858     pmc_subtruct.obj
 0004:00000864       $pdata$PMC_Subtruct_X_L    0000000180018864     pmc_subtruct.obj
 0004:00000870       $pdata$PMC_Subtruct_X_X    0000000180018870     pmc_subtruct.obj
 0004:0000087c       $pdata$PMC_To_X_I          000000018001887c     pmc_to.obj
 0004:00000888       $pdata$PMC_To_X_L          0000000180018888     pmc_to.obj
 0004:00000894       $pdata$Initialize_ToString 0000000180018894     pmc_tostring.obj
 0004:000008a0       $pdata$PMC_ToString        00000001800188a0     pmc_tostring.obj
 0004:000008ac       $pdata$OutputOneChar       00000001800188ac     pmc_tostring.obj
 0004:000008b8       $pdata$PrintDecimal        00000001800188b8     pmc_tostring.obj
 0004:000008c4       $pdata$ToStringDN          00000001800188c4     pmc_tostring.obj
 0004:000008d0       $pdata$ToStringX           00000001800188d0     pmc_tostring.obj
 0004:000008dc       $pdata$__GSHandlerCheckCommon 00000001800188dc     MSVCRT:gshandler.obj
 0004:000008e8       $pdata$__GSHandlerCheck    00000001800188e8     MSVCRT:gshandler.obj
 0004:00000900       $pdata$?dllmain_crt_process_attach@@YAHQEAUHINSTANCE__@@QEAX@Z 0000000180018900     MSVCRT:dll_dllmain.obj
 0004:0000090c       $pdata$?fin$0@?0??dllmain_crt_process_attach@@YAHQEAUHINSTANCE__@@QEAX@Z@4HA 000000018001890c     MSVCRT:dll_dllmain.obj
 0004:00000918       $pdata$?dllmain_crt_process_detach@@YAH_N@Z 0000000180018918     MSVCRT:dll_dllmain.obj
 0004:00000924       $pdata$?fin$0@?0??dllmain_crt_process_detach@@YAH_N@Z@4HA 0000000180018924     MSVCRT:dll_dllmain.obj
 0004:00000930       $pdata$?dllmain_crt_dispatch@@YAHQEAUHINSTANCE__@@KQEAX@Z 0000000180018930     MSVCRT:dll_dllmain.obj
 0004:0000093c       $pdata$?dllmain_dispatch@@YAHQEAUHINSTANCE__@@KQEAX@Z 000000018001893c     MSVCRT:dll_dllmain.obj
 0004:00000948       $pdata$?filt$0@?0??dllmain_dispatch@@YAHQEAUHINSTANCE__@@KQEAX@Z@4HA 0000000180018948     MSVCRT:dll_dllmain.obj
 0004:00000954       $pdata$_DllMainCRTStartup  0000000180018954     MSVCRT:dll_dllmain.obj
 0004:00000960       $pdata$__report_securityfailure 0000000180018960     MSVCRT:gs_report.obj
 0004:0000096c       $pdata$__report_securityfailureEx 000000018001896c     MSVCRT:gs_report.obj
 0004:00000978       $pdata$__report_rangecheckfailure 0000000180018978     MSVCRT:gs_report.obj
 0004:00000984       $pdata$__report_gsfailure  0000000180018984     MSVCRT:gs_report.obj
 0004:00000990       $pdata$capture_current_context 0000000180018990     MSVCRT:gs_report.obj
 0004:0000099c       $pdata$capture_previous_context 000000018001899c     MSVCRT:gs_report.obj
 0004:000009a8       $pdata$__raise_securityfailure 00000001800189a8     MSVCRT:gs_report.obj
 0004:000009b4       $pdata$__security_init_cookie 00000001800189b4     MSVCRT:gs_support.obj
 0004:000009c0       $pdata$__get_entropy       00000001800189c0     MSVCRT:gs_support.obj
 0004:000009cc       $pdata$__scrt_initialize_default_local_stdio_options 00000001800189cc     MSVCRT:default_local_stdio_options.obj
 0004:000009d8       $pdata$atexit              00000001800189d8     MSVCRT:utility.obj
 0004:000009e4       $pdata$_onexit             00000001800189e4     MSVCRT:utility.obj
 0004:000009f0       $pdata$__scrt_is_nonwritable_in_current_image 00000001800189f0     MSVCRT:utility.obj
 0004:000009fc       $pdata$__scrt_is_nonwritable_in_current_image$filt$0 00000001800189fc     MSVCRT:utility.obj
 0004:00000a08       $pdata$__scrt_acquire_startup_lock 0000000180018a08     MSVCRT:utility.obj
 0004:00000a14       $pdata$__scrt_release_startup_lock 0000000180018a14     MSVCRT:utility.obj
 0004:00000a20       $pdata$__scrt_initialize_crt 0000000180018a20     MSVCRT:utility.obj
 0004:00000a2c       $pdata$__scrt_uninitialize_crt 0000000180018a2c     MSVCRT:utility.obj
 0004:00000a38       $pdata$__scrt_initialize_onexit_tables 0000000180018a38     MSVCRT:utility.obj
 0004:00000a44       $pdata$__scrt_dllmain_exception_filter 0000000180018a44     MSVCRT:utility.obj
 0004:00000a50       $pdata$__scrt_dllmain_before_initialize_c 0000000180018a50     MSVCRT:utility.obj
 0004:00000a5c       $pdata$__scrt_dllmain_after_initialize_c 0000000180018a5c     MSVCRT:utility.obj
 0004:00000a68       $pdata$__scrt_dllmain_uninitialize_c 0000000180018a68     MSVCRT:utility.obj
 0004:00000a74       $pdata$__scrt_dllmain_uninitialize_critical 0000000180018a74     MSVCRT:utility.obj
 0004:00000a80       $pdata$__scrt_dllmain_crt_thread_attach 0000000180018a80     MSVCRT:utility.obj
 0004:00000a8c       $pdata$__scrt_dllmain_crt_thread_detach 0000000180018a8c     MSVCRT:utility.obj
 0004:00000a98       $pdata$?configure_argv@__scrt_narrow_argv_policy@@SAHXZ 0000000180018a98     MSVCRT:utility.obj
 0004:00000aa4       $pdata$__scrt_get_show_window_mode 0000000180018aa4     MSVCRT:utility_desktop.obj
 0004:00000ab0       $pdata$__scrt_is_managed_app 0000000180018ab0     MSVCRT:utility_desktop.obj
 0004:00000abc       $pdata$__scrt_fastfail     0000000180018abc     MSVCRT:utility_desktop.obj
 0004:00000ac8       $pdata$__scrt_unhandled_exception_filter 0000000180018ac8     MSVCRT:utility_desktop.obj
 0004:00000ad4       $pdata$_RTC_Initialize     0000000180018ad4     MSVCRT:initsect.obj
 0004:00000ae0       $pdata$_RTC_Terminate      0000000180018ae0     MSVCRT:initsect.obj
 0004:00000aec       $pdata$__isa_available_init 0000000180018aec     MSVCRT:cpu_disp.obj
 0005:000000a0       $R000000                   00000001800190a0     Palmtree.Math.Core.Uint.res
 0005:000003c0       $R000320                   00000001800193c0     Palmtree.Math.Core.Uint.res
