 Palmtree.Math.Core.Uint

 Timestamp is 5c59b999 (Wed Feb  6 01:28:09 2019)

 Preferred load address is 0000000180000000

 Start         Length     Name                   Class
 0001:00000000 00012f10H .text$mn                CODE
 0001:00012f10 00000012H .text$mn$00             CODE
 0001:00012f22 00000081H .text$x                 CODE
 0002:00000000 00000148H .idata$5                DATA
 0002:00000148 00000010H .00cfg                  DATA
 0002:00000158 00000008H .CRT$XCA                DATA
 0002:00000160 00000008H .CRT$XCZ                DATA
 0002:00000168 00000008H .CRT$XIA                DATA
 0002:00000170 00000008H .CRT$XIZ                DATA
 0002:00000178 00000008H .CRT$XPA                DATA
 0002:00000180 00000008H .CRT$XPZ                DATA
 0002:00000188 00000008H .CRT$XTA                DATA
 0002:00000190 00000010H .CRT$XTZ                DATA
 0002:00000198 00000000H .gfids$y                DATA
 0002:000001a0 00000190H .rdata                  DATA
 0002:00000330 000002e0H .rdata$zzzdbg           DATA
 0002:00000610 00000008H .rtc$IAA                DATA
 0002:00000618 00000008H .rtc$IZZ                DATA
 0002:00000620 00000008H .rtc$TAA                DATA
 0002:00000628 00000008H .rtc$TZZ                DATA
 0002:00000630 00000ee0H .xdata                  DATA
 0002:00001510 00000074H .edata                  DATA
 0002:00001584 0000003cH .idata$2                DATA
 0002:000015c0 00000018H .idata$3                DATA
 0002:000015d8 00000148H .idata$4                DATA
 0002:00001720 0000033eH .idata$6                DATA
 0003:00000000 000000c0H .data                   DATA
 0003:000000c0 00000948H .bss                    DATA
 0004:00000000 00000af8H .pdata                  DATA
 0005:00000000 000000a0H .rsrc$01                DATA
 0005:000000a0 000004a0H .rsrc$02                DATA

  Address         Publics by Value              Rva+Base               Lib:Object

 0000:00000000       __hybrid_code_map_count    0000000000000000     <absolute>
 0000:00000000       __guard_iat_table          0000000000000000     <absolute>
 0000:00000000       __dynamic_value_reloc_table 0000000000000000     <absolute>
 0000:00000000       __enclave_config           0000000000000000     <absolute>
 0000:00000000       __guard_iat_count          0000000000000000     <absolute>
 0000:00000000       __volatile_metadata        0000000000000000     <absolute>
 0000:00000000       __guard_longjmp_table      0000000000000000     <absolute>
 0000:00000000       __guard_fids_table         0000000000000000     <absolute>
 0000:00000000       __hybrid_code_map          0000000000000000     <absolute>
 0000:00000000       __guard_longjmp_count      0000000000000000     <absolute>
 0000:00000000       __hybrid_auxiliary_iat     0000000000000000     <absolute>
 0000:00000000       ___safe_se_handler_table   0000000000000000     <absolute>
 0000:00000000       ___safe_se_handler_count   0000000000000000     <absolute>
 0000:00000000       __guard_fids_count         0000000000000000     <absolute>
 0000:00000100       __guard_flags              0000000000000100     <absolute>
 0000:00000000       __ImageBase                0000000180000000     <linker-defined>
 0001:00000000       GetCPUInfo                 0000000180001000 f   cpuid.obj
 0001:000000b0       DoDebug                    00000001800010b0 f   debug.obj
 0001:000000c0       DllMain                    00000001800010c0 f   dllmain.obj
 0001:00000100       AllocateBlock              0000000180001100 f   pmc_memory.obj
 0001:00000180       AllocateHeapArea           0000000180001180 f   pmc_memory.obj
 0001:000001b0       AllocateNumber             00000001800011b0 f   pmc_memory.obj
 0001:00000220       AttatchNumber              0000000180001220 f   pmc_memory.obj
 0001:000004d0       CheckBlockLight            00000001800014d0 f   pmc_memory.obj
 0001:000004e0       CheckNumber                00000001800014e0 f   pmc_memory.obj
 0001:00000560       CommitNumber               0000000180001560 f   pmc_memory.obj
 0001:000006d0       DeallocateBlock            00000001800016d0 f   pmc_memory.obj
 0001:00000720       DeallocateHeapArea         0000000180001720 f   pmc_memory.obj
 0001:00000750       DeallocateNumber           0000000180001750 f   pmc_memory.obj
 0001:000007b0       DetatchNumber              00000001800017b0 f   pmc_memory.obj
 0001:000007c0       DuplicateNumber            00000001800017c0 f   pmc_memory.obj
 0001:00000950       Initialize_Memory          0000000180001950 f   pmc_memory.obj
 0001:00000ab0       PMC_Dispose                0000000180001ab0 f   pmc_memory.obj
 0001:00001160       Initialize_Add             0000000180002160 f   pmc_add.obj
 0001:00001180       PMC_Add_I_X                0000000180002180 f   pmc_add.obj
 0001:000011e0       PMC_Add_L_X                00000001800021e0 f   pmc_add.obj
 0001:00001240       PMC_Add_X_I                0000000180002240 f   pmc_add.obj
 0001:000013e0       PMC_Add_X_L                00000001800023e0 f   pmc_add.obj
 0001:00001580       PMC_Add_X_X                0000000180002580 f   pmc_add.obj
 0001:00001e90       Initialize_BitwiseAnd      0000000180002e90 f   pmc_bitwiseand.obj
 0001:00001ea0       PMC_BitwiseAnd_I_X         0000000180002ea0 f   pmc_bitwiseand.obj
 0001:00001f20       PMC_BitwiseAnd_L_X         0000000180002f20 f   pmc_bitwiseand.obj
 0001:00001fb0       PMC_BitwiseAnd_X_I         0000000180002fb0 f   pmc_bitwiseand.obj
 0001:00002030       PMC_BitwiseAnd_X_L         0000000180003030 f   pmc_bitwiseand.obj
 0001:000020b0       PMC_BitwiseAnd_X_X         00000001800030b0 f   pmc_bitwiseand.obj
 0001:000024f0       Initialize_BitwiseOr       00000001800034f0 f   pmc_bitwiseor.obj
 0001:00002500       PMC_BitwiseOr_I_X          0000000180003500 f   pmc_bitwiseor.obj
 0001:00002560       PMC_BitwiseOr_L_X          0000000180003560 f   pmc_bitwiseor.obj
 0001:000025c0       PMC_BitwiseOr_X_I          00000001800035c0 f   pmc_bitwiseor.obj
 0001:00002710       PMC_BitwiseOr_X_L          0000000180003710 f   pmc_bitwiseor.obj
 0001:00002870       PMC_BitwiseOr_X_X          0000000180003870 f   pmc_bitwiseor.obj
 0001:00002990       PMC_FromByteArray          0000000180003990 f   pmc_bytes.obj
 0001:00002a70       PMC_ToByteArray            0000000180003a70 f   pmc_bytes.obj
 0001:00002b10       Initialize_Clone           0000000180003b10 f   pmc_clone.obj
 0001:00002b20       PMC_Clone_X                0000000180003b20 f   pmc_clone.obj
 0001:00002ba0       Compare_Imp                0000000180003ba0 f   pmc_compare.obj
 0001:00002bf0       Initialize_Compare         0000000180003bf0 f   pmc_compare.obj
 0001:00002c00       PMC_Compare_I_X            0000000180003c00 f   pmc_compare.obj
 0001:00002cf0       PMC_Compare_L_X            0000000180003cf0 f   pmc_compare.obj
 0001:00002de0       PMC_Compare_X_I            0000000180003de0 f   pmc_compare.obj
 0001:00002e80       PMC_Compare_X_L            0000000180003e80 f   pmc_compare.obj
 0001:00002f20       PMC_Compare_X_X            0000000180003f20 f   pmc_compare.obj
 0001:00003720       DivRem_X_1W                0000000180004720 f   pmc_divrem.obj
 0001:00003d40       DivRem_X_X                 0000000180004d40 f   pmc_divrem.obj
 0001:000043f0       Initialize_DivRem          00000001800053f0 f   pmc_divrem.obj
 0001:00004420       PMC_DivRem_I_X             0000000180005420 f   pmc_divrem.obj
 0001:000044f0       PMC_DivRem_L_X             00000001800054f0 f   pmc_divrem.obj
 0001:00004700       PMC_DivRem_X_I             0000000180005700 f   pmc_divrem.obj
 0001:00004890       PMC_DivRem_X_L             0000000180005890 f   pmc_divrem.obj
 0001:00004b50       PMC_DivRem_X_X             0000000180005b50 f   pmc_divrem.obj
 0001:00006920       Equals_X_X                 0000000180007920 f   pmc_equals.obj
 0001:00006950       Initialize_Equals          0000000180007950 f   pmc_equals.obj
 0001:00006960       PMC_Equals_I_X             0000000180007960 f   pmc_equals.obj
 0001:000069c0       PMC_Equals_L_X             00000001800079c0 f   pmc_equals.obj
 0001:00006a20       PMC_Equals_X_I             0000000180007a20 f   pmc_equals.obj
 0001:00006ae0       PMC_Equals_X_L             0000000180007ae0 f   pmc_equals.obj
 0001:00006ba0       PMC_Equals_X_X             0000000180007ba0 f   pmc_equals.obj
 0001:00006fc0       Initialize_ExclusiveOr     0000000180007fc0 f   pmc_exclusiveor.obj
 0001:00006fd0       PMC_ExclusiveOr_I_X        0000000180007fd0 f   pmc_exclusiveor.obj
 0001:00007030       PMC_ExclusiveOr_L_X        0000000180008030 f   pmc_exclusiveor.obj
 0001:00007090       PMC_ExclusiveOr_X_I        0000000180008090 f   pmc_exclusiveor.obj
 0001:00007200       PMC_ExclusiveOr_X_L        0000000180008200 f   pmc_exclusiveor.obj
 0001:00007380       PMC_ExclusiveOr_X_X        0000000180008380 f   pmc_exclusiveor.obj
 0001:000074d0       From_I_Imp                 00000001800084d0 f   pmc_from.obj
 0001:00007530       From_L_Imp                 0000000180008530 f   pmc_from.obj
 0001:00007590       Initialize_From            0000000180008590 f   pmc_from.obj
 0001:000075a0       PMC_From_I                 00000001800085a0 f   pmc_from.obj
 0001:00007620       PMC_From_L                 0000000180008620 f   pmc_from.obj
 0001:000076a0       Initialize_GetPropertyValue 00000001800086a0 f   pmc_getpropertyvalue.obj
 0001:000076b0       PMC_GetPropertyValue_X_I   00000001800086b0 f   pmc_getpropertyvalue.obj
 0001:00007890       Initialize_GreatestCommonDivisor 0000000180008890 f   pmc_greatestcommondivisor.obj
 0001:000078a0       PMC_GreatestCommonDivisor_I_X 00000001800088a0 f   pmc_greatestcommondivisor.obj
 0001:00007900       PMC_GreatestCommonDivisor_L_X 0000000180008900 f   pmc_greatestcommondivisor.obj
 0001:00007960       PMC_GreatestCommonDivisor_X_I 0000000180008960 f   pmc_greatestcommondivisor.obj
 0001:00007c40       PMC_GreatestCommonDivisor_X_L 0000000180008c40 f   pmc_greatestcommondivisor.obj
 0001:00007f10       PMC_GreatestCommonDivisor_X_X 0000000180008f10 f   pmc_greatestcommondivisor.obj
 0001:000081a0       PMC_UINT_Initialize        00000001800091a0 f   pmc_initialize.obj
 0001:000086e0       Initialize_ModPow          00000001800096e0 f   pmc_modpow.obj
 0001:00008e70       PMC_ModPow_X_X_X           0000000180009e70 f   pmc_modpow.obj
 0001:00009120       Initialize_Multiply        000000018000a120 f   pmc_multiply.obj
 0001:0000aa90       Multiply_X_X_Imp           000000018000ba90 f   pmc_multiply.obj
 0001:0000abc0       PMC_Multiply_I_X           000000018000bbc0 f   pmc_multiply.obj
 0001:0000ac20       PMC_Multiply_L_X           000000018000bc20 f   pmc_multiply.obj
 0001:0000ac80       PMC_Multiply_X_I           000000018000bc80 f   pmc_multiply.obj
 0001:0000ade0       PMC_Multiply_X_L           000000018000bde0 f   pmc_multiply.obj
 0001:0000af40       PMC_Multiply_X_X           000000018000bf40 f   pmc_multiply.obj
 0001:0000b4f0       Initialize_Parse           000000018000c4f0 f   pmc_parse.obj
 0001:0000c8b0       PMC_TryParse               000000018000d8b0 f   pmc_parse.obj
 0001:0000d900       Initialize_Pow             000000018000e900 f   pmc_pow.obj
 0001:0000d910       PMC_Pow_X_I                000000018000e910 f   pmc_pow.obj
 0001:0000dc50       Initialize_Shift           000000018000ec50 f   pmc_shift.obj
 0001:0000dc60       LeftShift_Imp              000000018000ec60 f   pmc_shift.obj
 0001:0000e440       LeftShift_Imp_DIV          000000018000f440 f   pmc_shift.obj
 0001:0000ea70       PMC_LeftShift_X_I          000000018000fa70 f   pmc_shift.obj
 0001:0000eb90       PMC_RightShift_X_I         000000018000fb90 f   pmc_shift.obj
 0001:0000ecb0       RightShift_Imp             000000018000fcb0 f   pmc_shift.obj
 0001:0000f490       RightShift_Imp_DIV         0000000180010490 f   pmc_shift.obj
 0001:0000fad0       PMC_GetStatisticsInfo      0000000180010ad0 f   pmc_statistics.obj
 0001:0000fb00       Initialize_Subtruct        0000000180010b00 f   pmc_subtruct.obj
 0001:0000fb10       PMC_Subtruct_I_X           0000000180010b10 f   pmc_subtruct.obj
 0001:0000fbf0       PMC_Subtruct_L_X           0000000180010bf0 f   pmc_subtruct.obj
 0001:0000fcc0       PMC_Subtruct_X_I           0000000180010cc0 f   pmc_subtruct.obj
 0001:0000fe50       PMC_Subtruct_X_L           0000000180010e50 f   pmc_subtruct.obj
 0001:0000ffe0       PMC_Subtruct_X_X           0000000180010fe0 f   pmc_subtruct.obj
 0001:00010170       Subtruct_Imp               0000000180011170 f   pmc_subtruct.obj
 0001:000106a0       Initialize_To              00000001800116a0 f   pmc_to.obj
 0001:000106b0       PMC_To_X_I                 00000001800116b0 f   pmc_to.obj
 0001:00010710       PMC_To_X_L                 0000000180011710 f   pmc_to.obj
 0001:00010780       Initialize_ToString        0000000180011780 f   pmc_tostring.obj
 0001:000108d0       PMC_ToString               00000001800118d0 f   pmc_tostring.obj
 0001:00011aee       HeapCreate                 0000000180012aee f   kernel32:KERNEL32.dll
 0001:00011af4       HeapDestroy                0000000180012af4 f   kernel32:KERNEL32.dll
 0001:00011afa       HeapAlloc                  0000000180012afa f   kernel32:KERNEL32.dll
 0001:00011b00       HeapFree                   0000000180012b00 f   kernel32:KERNEL32.dll
 0001:00011b06       lstrcpyA                   0000000180012b06 f   kernel32:KERNEL32.dll
 0001:00011b0c       lstrcpyW                   0000000180012b0c f   kernel32:KERNEL32.dll
 0001:00011b12       lstrlenW                   0000000180012b12 f   kernel32:KERNEL32.dll
 0001:00011b18       __GSHandlerCheck           0000000180012b18 f   MSVCRT:gshandler.obj
 0001:00011b38       __GSHandlerCheckCommon     0000000180012b38 f   MSVCRT:gshandler.obj
 0001:00011bb0       __security_check_cookie    0000000180012bb0 f   MSVCRT:amdsecgs.obj
 0001:00011f20       _CRT_INIT                  0000000180012f20 f   MSVCRT:dll_dllmain.obj
 0001:00011f28       _DllMainCRTStartup         0000000180012f28 f   MSVCRT:dll_dllmain.obj
 0001:00011f68       __raise_securityfailure    0000000180012f68 f   MSVCRT:gs_report.obj
 0001:00011f9c       __report_gsfailure         0000000180012f9c f   MSVCRT:gs_report.obj
 0001:00012070       __report_rangecheckfailure 0000000180013070 f   MSVCRT:gs_report.obj
 0001:00012084       __report_securityfailure   0000000180013084 f   MSVCRT:gs_report.obj
 0001:00012120       __report_securityfailureEx 0000000180013120 f   MSVCRT:gs_report.obj
 0001:00012380       __security_init_cookie     0000000180013380 f   MSVCRT:gs_support.obj
 0001:0001242c       ?__scrt_initialize_type_info@@YAXXZ 000000018001342c f   MSVCRT:tncleanup.obj
 0001:0001243c       ?__scrt_uninitialize_type_info@@YAXXZ 000000018001343c f   MSVCRT:tncleanup.obj
 0001:00012448       __local_stdio_printf_options 0000000180013448 f i MSVCRT:default_local_stdio_options.obj
 0001:00012450       __local_stdio_scanf_options 0000000180013450 f i MSVCRT:default_local_stdio_options.obj
 0001:00012458       __scrt_initialize_default_local_stdio_options 0000000180013458 f   MSVCRT:default_local_stdio_options.obj
 0001:00012474       ??$__crt_fast_decode_pointer@PEAP6AXXZ@@YAPEAP6AXXZQEAP6AXXZ@Z 0000000180013474 f i MSVCRT:utility.obj
 0001:0001248c       ??$__crt_fast_encode_pointer@PEAP6AXXZ@@YAPEAP6AXXZQEAP6AXXZ@Z 000000018001348c f i MSVCRT:utility.obj
 0001:000124ac       ?__crt_rotate_pointer_value@@YA_K_KH@Z 00000001800134ac f i MSVCRT:utility.obj
 0001:000124b8       ?configure_argv@__scrt_narrow_argv_policy@@SAHXZ 00000001800134b8 f i MSVCRT:utility.obj
 0001:00012518       ?initialize_environment@__scrt_narrow_environment_policy@@SAHXZ 0000000180013518 f i MSVCRT:utility.obj
 0001:00012550       NtCurrentTeb               0000000180013550 f i MSVCRT:utility.obj
 0001:0001255c       __scrt_acquire_startup_lock 000000018001355c f   MSVCRT:utility.obj
 0001:00012598       __scrt_dllmain_after_initialize_c 0000000180013598 f   MSVCRT:utility.obj
 0001:000125cc       __scrt_dllmain_before_initialize_c 00000001800135cc f   MSVCRT:utility.obj
 0001:000125e4       __scrt_dllmain_crt_thread_attach 00000001800135e4 f   MSVCRT:utility.obj
 0001:0001260c       __scrt_dllmain_crt_thread_detach 000000018001360c f   MSVCRT:utility.obj
 0001:00012624       __scrt_dllmain_exception_filter 0000000180013624 f   MSVCRT:utility.obj
 0001:00012684       __scrt_dllmain_uninitialize_c 0000000180013684 f   MSVCRT:utility.obj
 0001:000126b4       __scrt_dllmain_uninitialize_critical 00000001800136b4 f   MSVCRT:utility.obj
 0001:000126c8       __scrt_initialize_crt      00000001800136c8 f   MSVCRT:utility.obj
 0001:00012714       __scrt_initialize_onexit_tables 0000000180013714 f   MSVCRT:utility.obj
 0001:000127ec       __scrt_is_nonwritable_in_current_image 00000001800137ec f   MSVCRT:utility.obj
 0001:00012888       __scrt_release_startup_lock 0000000180013888 f   MSVCRT:utility.obj
 0001:000128ac       __scrt_uninitialize_crt    00000001800138ac f   MSVCRT:utility.obj
 0001:000128d8       _onexit                    00000001800138d8 f   MSVCRT:utility.obj
 0001:00012928       at_quick_exit              0000000180013928 f   MSVCRT:utility.obj
 0001:00012960       atexit                     0000000180013960 f   MSVCRT:utility.obj
 0001:00012978       __scrt_get_dyn_tls_init_callback 0000000180013978 f   MSVCRT:dyn_tls_init.obj
 0001:00012980       __crt_debugger_hook        0000000180013980 f   MSVCRT:utility_desktop.obj
 0001:00012988       __scrt_fastfail            0000000180013988 f   MSVCRT:utility_desktop.obj
 0001:00012ad4       __scrt_get_show_window_mode 0000000180013ad4 f   MSVCRT:utility_desktop.obj
 0001:00012b10       __scrt_initialize_mta      0000000180013b10 f   MSVCRT:utility_desktop.obj
 0001:00012b18       __scrt_initialize_winrt    0000000180013b18 f   MSVCRT:utility_desktop.obj
 0001:00012b1c       __scrt_is_managed_app      0000000180013b1c f   MSVCRT:utility_desktop.obj
 0001:00012b70       __scrt_set_unhandled_exception_filter 0000000180013b70 f   MSVCRT:utility_desktop.obj
 0001:00012b80       __scrt_exe_initialize_mta  0000000180013b80 f   MSVCRT:utility_desktop.obj
 0001:00012b80       __scrt_stub_for_initialize_mta 0000000180013b80 f   MSVCRT:utility_desktop.obj
 0001:00012b84       __scrt_unhandled_exception_filter 0000000180013b84 f   MSVCRT:utility_desktop.obj
 0001:00012bbc       _RTC_Initialize            0000000180013bbc f   MSVCRT:initsect.obj
 0001:00012bf8       _RTC_Terminate             0000000180013bf8 f   MSVCRT:initsect.obj
 0001:00012c34       _guard_check_icall_nop     0000000180013c34 f i MSVCRT:guard_support.obj
 0001:00012c38       ReadNoFence64              0000000180013c38 f i MSVCRT:guard_support.obj
 0001:00012c3c       ReadPointerNoFence         0000000180013c3c f i MSVCRT:guard_support.obj
 0001:00012c40       _guard_icall_checks_enforced 0000000180013c40 f i MSVCRT:guard_support.obj
 0001:00012c58       _guard_rf_checks_enforced  0000000180013c58 f i MSVCRT:guard_support.obj
 0001:00012c5c       __isa_available_init       0000000180013c5c f   MSVCRT:cpu_disp.obj
 0001:00012e18       _get_startup_argv_mode     0000000180013e18 f   MSVCRT:argv_mode.obj
 0001:00012e20       __scrt_is_ucrt_dll_in_use  0000000180013e20 f   MSVCRT:ucrt_detection.obj
 0001:00012e30       __C_specific_handler       0000000180013e30 f   vcruntime:VCRUNTIME140.dll
 0001:00012e36       __std_type_info_destroy_list 0000000180013e36 f   vcruntime:VCRUNTIME140.dll
 0001:00012e3c       memset                     0000000180013e3c f   vcruntime:VCRUNTIME140.dll
 0001:00012e42       _initterm                  0000000180013e42 f   ucrt:api-ms-win-crt-runtime-l1-1-0.dll
 0001:00012e48       _initterm_e                0000000180013e48 f   ucrt:api-ms-win-crt-runtime-l1-1-0.dll
 0001:00012e4e       _seh_filter_dll            0000000180013e4e f   ucrt:api-ms-win-crt-runtime-l1-1-0.dll
 0001:00012e54       _configure_narrow_argv     0000000180013e54 f   ucrt:api-ms-win-crt-runtime-l1-1-0.dll
 0001:00012e5a       _initialize_narrow_environment 0000000180013e5a f   ucrt:api-ms-win-crt-runtime-l1-1-0.dll
 0001:00012e60       _initialize_onexit_table   0000000180013e60 f   ucrt:api-ms-win-crt-runtime-l1-1-0.dll
 0001:00012e66       _register_onexit_function  0000000180013e66 f   ucrt:api-ms-win-crt-runtime-l1-1-0.dll
 0001:00012e6c       _execute_onexit_table      0000000180013e6c f   ucrt:api-ms-win-crt-runtime-l1-1-0.dll
 0001:00012e72       _crt_atexit                0000000180013e72 f   ucrt:api-ms-win-crt-runtime-l1-1-0.dll
 0001:00012e78       _crt_at_quick_exit         0000000180013e78 f   ucrt:api-ms-win-crt-runtime-l1-1-0.dll
 0001:00012e7e       _cexit                     0000000180013e7e f   ucrt:api-ms-win-crt-runtime-l1-1-0.dll
 0001:00012e84       terminate                  0000000180013e84 f   ucrt:api-ms-win-crt-runtime-l1-1-0.dll
 0001:00012e8a       RtlCaptureContext          0000000180013e8a f   kernel32:KERNEL32.dll
 0001:00012e90       RtlLookupFunctionEntry     0000000180013e90 f   kernel32:KERNEL32.dll
 0001:00012e96       RtlVirtualUnwind           0000000180013e96 f   kernel32:KERNEL32.dll
 0001:00012e9c       UnhandledExceptionFilter   0000000180013e9c f   kernel32:KERNEL32.dll
 0001:00012ea2       SetUnhandledExceptionFilter 0000000180013ea2 f   kernel32:KERNEL32.dll
 0001:00012ea8       GetCurrentProcess          0000000180013ea8 f   kernel32:KERNEL32.dll
 0001:00012eae       TerminateProcess           0000000180013eae f   kernel32:KERNEL32.dll
 0001:00012eb4       IsProcessorFeaturePresent  0000000180013eb4 f   kernel32:KERNEL32.dll
 0001:00012eba       QueryPerformanceCounter    0000000180013eba f   kernel32:KERNEL32.dll
 0001:00012ec0       GetCurrentProcessId        0000000180013ec0 f   kernel32:KERNEL32.dll
 0001:00012ec6       GetCurrentThreadId         0000000180013ec6 f   kernel32:KERNEL32.dll
 0001:00012ecc       GetSystemTimeAsFileTime    0000000180013ecc f   kernel32:KERNEL32.dll
 0001:00012ed2       InitializeSListHead        0000000180013ed2 f   kernel32:KERNEL32.dll
 0001:00012ed8       IsDebuggerPresent          0000000180013ed8 f   kernel32:KERNEL32.dll
 0001:00012ede       GetStartupInfoW            0000000180013ede f   kernel32:KERNEL32.dll
 0001:00012ee4       GetModuleHandleW           0000000180013ee4 f   kernel32:KERNEL32.dll
 0001:00012eec       __acrt_initialize          0000000180013eec f   MSVCRT:ucrt_stubs.obj
 0001:00012eec       __scrt_stub_for_acrt_initialize 0000000180013eec f   MSVCRT:ucrt_stubs.obj
 0001:00012eec       __vcrt_initialize          0000000180013eec f   MSVCRT:ucrt_stubs.obj
 0001:00012ef0       __acrt_thread_attach       0000000180013ef0 f   MSVCRT:ucrt_stubs.obj
 0001:00012ef0       __vcrt_thread_attach       0000000180013ef0 f   MSVCRT:ucrt_stubs.obj
 0001:00012ef0       __scrt_stub_for_acrt_thread_attach 0000000180013ef0 f   MSVCRT:ucrt_stubs.obj
 0001:00012ef4       __vcrt_thread_detach       0000000180013ef4 f   MSVCRT:ucrt_stubs.obj
 0001:00012ef4       __scrt_stub_for_acrt_thread_detach 0000000180013ef4 f   MSVCRT:ucrt_stubs.obj
 0001:00012ef4       __acrt_thread_detach       0000000180013ef4 f   MSVCRT:ucrt_stubs.obj
 0001:00012ef8       __vcrt_uninitialize        0000000180013ef8 f   MSVCRT:ucrt_stubs.obj
 0001:00012ef8       __scrt_stub_for_acrt_uninitialize 0000000180013ef8 f   MSVCRT:ucrt_stubs.obj
 0001:00012ef8       __acrt_uninitialize        0000000180013ef8 f   MSVCRT:ucrt_stubs.obj
 0001:00012efc       __scrt_stub_for_acrt_uninitialize_critical 0000000180013efc f   MSVCRT:ucrt_stubs.obj
 0001:00012efc       __acrt_uninitialize_critical 0000000180013efc f   MSVCRT:ucrt_stubs.obj
 0001:00012efc       __vcrt_uninitialize_critical 0000000180013efc f   MSVCRT:ucrt_stubs.obj
 0001:00012f00       __scrt_stub_for_is_c_termination_complete 0000000180013f00 f   MSVCRT:ucrt_stubs.obj
 0001:00012f00       _is_c_termination_complete 0000000180013f00 f   MSVCRT:ucrt_stubs.obj
 0001:00012f20       _guard_dispatch_icall_nop  0000000180013f20 f   MSVCRT:guard_dispatch.obj
 0002:00000000       __imp_HeapCreate           0000000180014000     kernel32:KERNEL32.dll
 0002:00000008       __imp_HeapDestroy          0000000180014008     kernel32:KERNEL32.dll
 0002:00000010       __imp_HeapAlloc            0000000180014010     kernel32:KERNEL32.dll
 0002:00000018       __imp_HeapFree             0000000180014018     kernel32:KERNEL32.dll
 0002:00000020       __imp_lstrcpyA             0000000180014020     kernel32:KERNEL32.dll
 0002:00000028       __imp_lstrcpyW             0000000180014028     kernel32:KERNEL32.dll
 0002:00000030       __imp_lstrlenW             0000000180014030     kernel32:KERNEL32.dll
 0002:00000038       __imp_GetStartupInfoW      0000000180014038     kernel32:KERNEL32.dll
 0002:00000040       __imp_IsDebuggerPresent    0000000180014040     kernel32:KERNEL32.dll
 0002:00000048       __imp_InitializeSListHead  0000000180014048     kernel32:KERNEL32.dll
 0002:00000050       __imp_GetSystemTimeAsFileTime 0000000180014050     kernel32:KERNEL32.dll
 0002:00000058       __imp_GetCurrentThreadId   0000000180014058     kernel32:KERNEL32.dll
 0002:00000060       __imp_GetCurrentProcessId  0000000180014060     kernel32:KERNEL32.dll
 0002:00000068       __imp_QueryPerformanceCounter 0000000180014068     kernel32:KERNEL32.dll
 0002:00000070       __imp_IsProcessorFeaturePresent 0000000180014070     kernel32:KERNEL32.dll
 0002:00000078       __imp_TerminateProcess     0000000180014078     kernel32:KERNEL32.dll
 0002:00000080       __imp_GetCurrentProcess    0000000180014080     kernel32:KERNEL32.dll
 0002:00000088       __imp_SetUnhandledExceptionFilter 0000000180014088     kernel32:KERNEL32.dll
 0002:00000090       __imp_UnhandledExceptionFilter 0000000180014090     kernel32:KERNEL32.dll
 0002:00000098       __imp_RtlVirtualUnwind     0000000180014098     kernel32:KERNEL32.dll
 0002:000000a0       __imp_GetModuleHandleW     00000001800140a0     kernel32:KERNEL32.dll
 0002:000000a8       __imp_RtlLookupFunctionEntry 00000001800140a8     kernel32:KERNEL32.dll
 0002:000000b0       __imp_RtlCaptureContext    00000001800140b0     kernel32:KERNEL32.dll
 0002:000000b8       \177KERNEL32_NULL_THUNK_DATA 00000001800140b8     kernel32:KERNEL32.dll
 0002:000000c0       __imp___C_specific_handler 00000001800140c0     vcruntime:VCRUNTIME140.dll
 0002:000000c8       __imp_memset               00000001800140c8     vcruntime:VCRUNTIME140.dll
 0002:000000d0       __imp___std_type_info_destroy_list 00000001800140d0     vcruntime:VCRUNTIME140.dll
 0002:000000d8       \177VCRUNTIME140_NULL_THUNK_DATA 00000001800140d8     vcruntime:VCRUNTIME140.dll
 0002:000000e0       __imp__register_onexit_function 00000001800140e0     ucrt:api-ms-win-crt-runtime-l1-1-0.dll
 0002:000000e8       __imp__initialize_onexit_table 00000001800140e8     ucrt:api-ms-win-crt-runtime-l1-1-0.dll
 0002:000000f0       __imp__crt_at_quick_exit   00000001800140f0     ucrt:api-ms-win-crt-runtime-l1-1-0.dll
 0002:000000f8       __imp__configure_narrow_argv 00000001800140f8     ucrt:api-ms-win-crt-runtime-l1-1-0.dll
 0002:00000100       __imp__seh_filter_dll      0000000180014100     ucrt:api-ms-win-crt-runtime-l1-1-0.dll
 0002:00000108       __imp__initterm_e          0000000180014108     ucrt:api-ms-win-crt-runtime-l1-1-0.dll
 0002:00000110       __imp__initterm            0000000180014110     ucrt:api-ms-win-crt-runtime-l1-1-0.dll
 0002:00000118       __imp__execute_onexit_table 0000000180014118     ucrt:api-ms-win-crt-runtime-l1-1-0.dll
 0002:00000120       __imp__cexit               0000000180014120     ucrt:api-ms-win-crt-runtime-l1-1-0.dll
 0002:00000128       __imp__initialize_narrow_environment 0000000180014128     ucrt:api-ms-win-crt-runtime-l1-1-0.dll
 0002:00000130       __imp_terminate            0000000180014130     ucrt:api-ms-win-crt-runtime-l1-1-0.dll
 0002:00000138       __imp__crt_atexit          0000000180014138     ucrt:api-ms-win-crt-runtime-l1-1-0.dll
 0002:00000140       \177api-ms-win-crt-runtime-l1-1-0_NULL_THUNK_DATA 0000000180014140     ucrt:api-ms-win-crt-runtime-l1-1-0.dll
 0002:00000148       __guard_check_icall_fptr   0000000180014148     MSVCRT:guard_support.obj
 0002:00000150       __guard_dispatch_icall_fptr 0000000180014150     MSVCRT:guard_support.obj
 0002:00000158       __xc_a                     0000000180014158     MSVCRT:initializers.obj
 0002:00000160       __xc_z                     0000000180014160     MSVCRT:initializers.obj
 0002:00000168       __xi_a                     0000000180014168     MSVCRT:initializers.obj
 0002:00000170       __xi_z                     0000000180014170     MSVCRT:initializers.obj
 0002:00000178       __xp_a                     0000000180014178     MSVCRT:initializers.obj
 0002:00000180       __xp_z                     0000000180014180     MSVCRT:initializers.obj
 0002:00000188       __xt_a                     0000000180014188     MSVCRT:initializers.obj
 0002:00000190       __xt_z                     0000000180014190     MSVCRT:initializers.obj
 0002:000001a0       ??_C@_13DEFPDAGF@?$AA?0@   00000001800141a0     pmc_parse.obj
 0002:000001a4       ??_C@_13JOFGPIOO@?$AA?4@   00000001800141a4     pmc_parse.obj
 0002:000001a8       ??_C@_01EKENIIDA@3@        00000001800141a8     pmc_parse.obj
 0002:000001ac       ??_C@_13KJIIAINM@?$AA?$CL@ 00000001800141ac     pmc_parse.obj
 0002:000001b0       ??_C@_13IMODFHAA@?$AA?9@   00000001800141b0     pmc_parse.obj
 0002:000001b8       _pRawDllMain               00000001800141b8     MSVCRT:dll_dllmain.obj
 0002:000001b8       _pDefaultRawDllMain        00000001800141b8     MSVCRT:dll_dllmain.obj
 0002:00000230       _load_config_used          0000000180014230     MSVCRT:loadcfg.obj
 0002:00000610       __rtc_iaa                  0000000180014610     MSVCRT:initsect.obj
 0002:00000618       __rtc_izz                  0000000180014618     MSVCRT:initsect.obj
 0002:00000620       __rtc_taa                  0000000180014620     MSVCRT:initsect.obj
 0002:00000628       __rtc_tzz                  0000000180014628     MSVCRT:initsect.obj
 0002:00001584       __IMPORT_DESCRIPTOR_KERNEL32 0000000180015584     kernel32:KERNEL32.dll
 0002:00001598       __IMPORT_DESCRIPTOR_VCRUNTIME140 0000000180015598     vcruntime:VCRUNTIME140.dll
 0002:000015ac       __IMPORT_DESCRIPTOR_api-ms-win-crt-runtime-l1-1-0 00000001800155ac     ucrt:api-ms-win-crt-runtime-l1-1-0.dll
 0002:000015c0       __NULL_IMPORT_DESCRIPTOR   00000001800155c0     kernel32:KERNEL32.dll
 0003:00000070       __security_cookie_complement 0000000180016070     MSVCRT:gs_cookie.obj
 0003:00000078       __security_cookie          0000000180016078     MSVCRT:gs_cookie.obj
 0003:00000080       __scrt_native_dllmain_reason 0000000180016080     MSVCRT:utility.obj
 0003:00000088       __isa_available            0000000180016088     MSVCRT:cpu_disp.obj
 0003:0000008c       __isa_enabled              000000018001608c     MSVCRT:cpu_disp.obj
 0003:00000090       __memcpy_nt_iters          0000000180016090     MSVCRT:cpu_disp.obj
 0003:000000a0       __scrt_ucrt_dll_is_in_use  00000001800160a0     MSVCRT:ucrt_stubs.obj
 0003:000008e0       ?__type_info_root_node@@3U__type_info_node@@A 00000001800168e0     MSVCRT:tncleanup.obj
 0003:000008f0       ?_OptionsStorage@?1??__local_stdio_printf_options@@9@4_KA 00000001800168f0     MSVCRT:default_local_stdio_options.obj
 0003:000008f8       ?_OptionsStorage@?1??__local_stdio_scanf_options@@9@4_KA 00000001800168f8     MSVCRT:default_local_stdio_options.obj
 0003:00000900       __scrt_current_native_startup_state 0000000180016900     MSVCRT:utility.obj
 0003:00000908       __scrt_native_startup_lock 0000000180016908     MSVCRT:utility.obj
 0003:00000948       __scrt_debugger_hook_flag  0000000180016948     MSVCRT:utility_desktop.obj
 0003:0000094c       __favor                    000000018001694c     MSVCRT:cpu_disp.obj
 0003:00000950       statistics_info            0000000180016950     <common>
 0003:00000960       configuration_info         0000000180016960     <common>
 0003:00000968       hLocalHeap                 0000000180016968     <common>
 0003:00000980       number_one                 0000000180016980     <common>
 0003:000009c0       number_zero                00000001800169c0     <common>
 0003:00000a00       __dyn_tls_init_callback    0000000180016a00     <common>

 entry point at        0001:00011f28

 Static symbols

 0000:fffe6000       .debug$S                   0000000180000000     vcruntime:VCRUNTIME140.dll
 0002:fffec000       __guard_fids_?dllmain_dispatch@@YAHQEAUHINSTANCE__@@KQEAX@Z 0000000180000000     MSVCRT:dll_dllmain.obj
 0002:fffec000       __guard_fids___scrt_set_unhandled_exception_filter 0000000180000000     MSVCRT:utility_desktop.obj
 0000:fffe6000       .debug$S                   0000000180000000     kernel32:KERNEL32.dll
 0000:fffe6000       .debug$S                   0000000180000000     kernel32:KERNEL32.dll
 0002:fffec000       __guard_fids__             0000000180000000     MSVCRT:guard_support.obj
 0002:fffec000       __guard_fids__guard_icall_checks_enforced 0000000180000000     MSVCRT:guard_support.obj
 0000:fffe6000       .debug$S                   0000000180000000     kernel32:KERNEL32.dll
 0000:fffe6000       .debug$S                   0000000180000000     Palmtree.Math.Core.Uint.exp
 0000:fffe6000       .debug$S                   0000000180000000     kernel32:KERNEL32.dll
 0000:fffe6000       .debug$S                   0000000180000000     kernel32:KERNEL32.dll
 0000:fffe6000       .debug$S                   0000000180000000     kernel32:KERNEL32.dll
 0000:fffe6000       .debug$S                   0000000180000000     kernel32:KERNEL32.dll
 0000:fffe6000       .debug$S                   0000000180000000     kernel32:KERNEL32.dll
 0000:fffe6000       .debug$S                   0000000180000000     kernel32:KERNEL32.dll
 0000:fffe6000       .debug$S                   0000000180000000     kernel32:KERNEL32.dll
 0000:fffe6000       .debug$S                   0000000180000000     kernel32:KERNEL32.dll
 0000:fffe6000       .debug$S                   0000000180000000     kernel32:KERNEL32.dll
 0000:fffe6000       .debug$S                   0000000180000000     kernel32:KERNEL32.dll
 0000:fffe6000       .debug$S                   0000000180000000     kernel32:KERNEL32.dll
 0000:fffe6000       .debug$S                   0000000180000000     kernel32:KERNEL32.dll
 0000:fffe6000       .debug$S                   0000000180000000     kernel32:KERNEL32.dll
 0000:fffe6000       .debug$S                   0000000180000000     kernel32:KERNEL32.dll
 0000:fffe6000       .debug$S                   0000000180000000     kernel32:KERNEL32.dll
 0000:fffe6000       .debug$S                   0000000180000000     kernel32:KERNEL32.dll
 0000:fffe6000       .debug$S                   0000000180000000     kernel32:KERNEL32.dll
 0000:fffe6000       .debug$S                   0000000180000000     kernel32:KERNEL32.dll
 0000:fffe6000       .debug$S                   0000000180000000     ucrt:api-ms-win-crt-runtime-l1-1-0.dll
 0000:fffe6000       .debug$S                   0000000180000000     ucrt:api-ms-win-crt-runtime-l1-1-0.dll
 0000:fffe6000       .debug$S                   0000000180000000     ucrt:api-ms-win-crt-runtime-l1-1-0.dll
 0000:fffe6000       .debug$S                   0000000180000000     ucrt:api-ms-win-crt-runtime-l1-1-0.dll
 0000:fffe6000       .debug$S                   0000000180000000     ucrt:api-ms-win-crt-runtime-l1-1-0.dll
 0000:fffe6000       .debug$S                   0000000180000000     ucrt:api-ms-win-crt-runtime-l1-1-0.dll
 0000:fffe6000       .debug$S                   0000000180000000     ucrt:api-ms-win-crt-runtime-l1-1-0.dll
 0000:fffe6000       .debug$S                   0000000180000000     ucrt:api-ms-win-crt-runtime-l1-1-0.dll
 0000:fffe6000       .debug$S                   0000000180000000     ucrt:api-ms-win-crt-runtime-l1-1-0.dll
 0000:fffe6000       .debug$S                   0000000180000000     ucrt:api-ms-win-crt-runtime-l1-1-0.dll
 0000:fffe6000       .debug$S                   0000000180000000     ucrt:api-ms-win-crt-runtime-l1-1-0.dll
 0000:fffe6000       .debug$S                   0000000180000000     ucrt:api-ms-win-crt-runtime-l1-1-0.dll
 0000:fffe6000       .debug$S                   0000000180000000     kernel32:KERNEL32.dll
 0000:fffe6000       .debug$S                   0000000180000000     kernel32:KERNEL32.dll
 0000:fffe6000       .debug$S                   0000000180000000     vcruntime:VCRUNTIME140.dll
 0000:fffe6000       .debug$S                   0000000180000000     vcruntime:VCRUNTIME140.dll
 0001:00000240       CalculateCheckCode         0000000180001240 f   pmc_memory.obj
 0001:00000500       CleanUpNumber              0000000180001500 f   pmc_memory.obj
 0001:00000890       InitializeNumber           0000000180001890 f   pmc_memory.obj
 0001:00000b20       Add_Imp_using_ADC          0000000180001b20 f   pmc_add.obj
 0001:00000f10       Add_Imp_using_ADCX         0000000180001f10 f   pmc_add.obj
 0001:000010f0       DoCarry                    00000001800020f0 f   pmc_add.obj
 0001:000012a0       PMC_Add_X_I_Imp            00000001800022a0 f   pmc_add.obj
 0001:00001440       PMC_Add_X_L_Imp            0000000180002440 f   pmc_add.obj
 0001:00001720       _ADD_16WORDS_ADC           0000000180002720 f   pmc_add.obj
 0001:000017f0       _ADD_16WORDS_ADCX          00000001800027f0 f   pmc_add.obj
 0001:000018f0       _ADD_32WORDS_ADCX          00000001800028f0 f   pmc_add.obj
 0001:00001b70       BitwiseAnd_X_X             0000000180002b70 f   pmc_bitwiseand.obj
 0001:000021b0       BitwiseOr_X_X              00000001800031b0 f   pmc_bitwiseor.obj
 0001:00002620       PMC_BitwiseOr_X_I_Imp      0000000180003620 f   pmc_bitwiseor.obj
 0001:00002770       PMC_BitwiseOr_X_L_Imp      0000000180003770 f   pmc_bitwiseor.obj
 0001:00003020       AddOneLine                 0000000180004020 f   pmc_divrem.obj
 0001:00003380       AddOneLineX                0000000180004380 f   pmc_divrem.obj
 0001:00003e30       DivRem_X_X_using_ADC_MUL   0000000180004e30 f   pmc_divrem.obj
 0001:00004110       DivRem_X_X_using_ADX_MULX  0000000180005110 f   pmc_divrem.obj
 0001:00004e70       SubtructOneLine            0000000180005e70 f   pmc_divrem.obj
 0001:00005af0       SubtructOneLineX           0000000180006af0 f   pmc_divrem.obj
 0001:00006830       _ADD_16WORDS_ADCX_DIV      0000000180007830 f   pmc_divrem.obj
 0001:00006a80       PMC_Equals_X_I_Imp         0000000180007a80 f   pmc_equals.obj
 0001:00006b40       PMC_Equals_X_L_Imp         0000000180007b40 f   pmc_equals.obj
 0001:00006c80       ExclusiveOr_X_X            0000000180007c80 f   pmc_exclusiveor.obj
 0001:000070f0       PMC_ExclusiveOr_X_I_Imp    00000001800080f0 f   pmc_exclusiveor.obj
 0001:00007260       PMC_ExclusiveOr_X_L_Imp    0000000180008260 f   pmc_exclusiveor.obj
 0001:00007790       GreatestCommonDivisor_Imp  0000000180008790 f   pmc_greatestcommondivisor.obj
 0001:000079c0       PMC_GreatestCommonDivisor_X_I_Imp 00000001800089c0 f   pmc_greatestcommondivisor.obj
 0001:00007ca0       PMC_GreatestCommonDivisor_X_L_Imp 0000000180008ca0 f   pmc_greatestcommondivisor.obj
 0001:000086f0       ModulePower                00000001800096f0 f   pmc_modpow.obj
 0001:00008f80       Remainder                  0000000180009f80 f   pmc_modpow.obj
 0001:00009180       Multiply_WORD_using_MULX_ADCX 000000018000a180 f   pmc_multiply.obj
 0001:00009e00       Multiply_WORD_using_MUL_ADC 000000018000ae00 f   pmc_multiply.obj
 0001:0000a9b0       Multiply_X_1W_using_MULX_ADCX 000000018000b9b0 f   pmc_multiply.obj
 0001:0000a9c0       Multiply_X_1W_using_MUL_ADC 000000018000b9c0 f   pmc_multiply.obj
 0001:0000a9d0       Multiply_X_2W_using_MULX_ADCX 000000018000b9d0 f   pmc_multiply.obj
 0001:0000aa30       Multiply_X_2W_using_MUL_ADC 000000018000ba30 f   pmc_multiply.obj
 0001:0000aaa0       Multiply_X_X_using_MULX_ADCX 000000018000baa0 f   pmc_multiply.obj
 0001:0000ab30       Multiply_X_X_using_MUL_ADC 000000018000bb30 f   pmc_multiply.obj
 0001:0000ace0       PMC_Multiply_X_I_Imp       000000018000bce0 f   pmc_multiply.obj
 0001:0000ae40       PMC_Multiply_X_L_Imp       000000018000be40 f   pmc_multiply.obj
 0001:0000b0c0       Build1WordFromDecimalString 000000018000c0c0 f   pmc_parse.obj
 0001:0000b230       Build1WordFromHexString    000000018000c230 f   pmc_parse.obj
 0001:0000b400       InitializeParserState      000000018000c400 f   pmc_parse.obj
 0001:0000b590       MultiplyAndAdd_using_ADCX_MULX 000000018000c590 f   pmc_parse.obj
 0001:0000bf40       MultiplyAndAdd_using_ADC_MUL 000000018000cf40 f   pmc_parse.obj
 0001:0000c920       Parse1DigitFromHexChar     000000018000d920 f   pmc_parse.obj
 0001:0000c960       $LN10                      000000018000d960     pmc_parse.obj
 0001:0000c970       $LN9                       000000018000d970     pmc_parse.obj
 0001:0000c9b0       ParseAsDecimalNumberString 000000018000d9b0 f   pmc_parse.obj
 0001:0000d100       ParseAsIntegerPartNumberSequence 000000018000e100 f   pmc_parse.obj
 0001:0000d1c0       TryParseDN                 000000018000e1c0 f   pmc_parse.obj
 0001:0000d5f0       TryParseX                  000000018000e5f0 f   pmc_parse.obj
 0001:0000d8b0       $LN73                      000000018000e8b0     pmc_parse.obj
 0001:0000d8c0       $LN72                      000000018000e8c0     pmc_parse.obj
 0001:0000d970       PMC_Pow_X_I_Imp            000000018000e970 f   pmc_pow.obj
 0001:00010550       Subtruct_X_1W              0000000180011550 f   pmc_subtruct.obj
 0001:000105d0       _SUBTRUCT_16WORDS_SBB      00000001800115d0 f   pmc_subtruct.obj
 0001:00010800       OutputOneChar              0000000180011800 f   pmc_tostring.obj
 0001:00010a18       $LN17                      0000000180011a18     pmc_tostring.obj
 0001:00010a2c       $LN16                      0000000180011a2c     pmc_tostring.obj
 0001:00010a70       PrintDecimal               0000000180011a70 f   pmc_tostring.obj
 0001:000113b0       ToStringDN                 00000001800123b0 f   pmc_tostring.obj
 0001:00011700       ToStringX                  0000000180012700 f   pmc_tostring.obj
 0001:00011830       ToStringX_1WORD            0000000180012830 f   pmc_tostring.obj
 0001:00011ba0       $$000000                   0000000180012ba0     MSVCRT:amdsecgs.obj
 0001:00011bd4       ?dllmain_crt_dispatch@@YAHQEAUHINSTANCE__@@KQEAX@Z 0000000180012bd4 f   MSVCRT:dll_dllmain.obj
 0001:00011c24       ?dllmain_crt_process_attach@@YAHQEAUHINSTANCE__@@QEAX@Z 0000000180012c24 f   MSVCRT:dll_dllmain.obj
 0001:00011d40       ?dllmain_crt_process_detach@@YAH_N@Z 0000000180012d40 f   MSVCRT:dll_dllmain.obj
 0001:00011dd0       ?dllmain_dispatch@@YAHQEAUHINSTANCE__@@KQEAX@Z 0000000180012dd0 f   MSVCRT:dll_dllmain.obj
 0001:00011f04       ?dllmain_raw@@YAHQEAUHINSTANCE__@@KQEAX@Z 0000000180012f04 f   MSVCRT:dll_dllmain.obj
 0001:00012230       capture_current_context    0000000180013230 f   MSVCRT:gs_report.obj
 0001:000122a0       capture_previous_context   00000001800132a0 f   MSVCRT:gs_report.obj
 0001:00012314       __get_entropy              0000000180013314 f   MSVCRT:gs_support.obj
 0001:000124cc       ?find_pe_section@@YAPEAU_IMAGE_SECTION_HEADER@@QEAE_K@Z 00000001800134cc f   MSVCRT:utility.obj
 0001:00012520       ?is_potentially_valid_image_base@@YA_NQEAX@Z 0000000180013520 f   MSVCRT:utility.obj
 0001:00012f10       $$000000                   0000000180013f10     MSVCRT:guard_dispatch.obj
 0001:00012f22       ?fin$0@?0??dllmain_crt_process_attach@@YAHQEAUHINSTANCE__@@QEAX@Z@4HA 0000000180013f22 f   MSVCRT:dll_dllmain.obj
 0001:00012f39       ?fin$0@?0??dllmain_crt_process_detach@@YAH_N@Z@4HA 0000000180013f39 f   MSVCRT:dll_dllmain.obj
 0001:00012f55       ?filt$0@?0??dllmain_dispatch@@YAHQEAUHINSTANCE__@@KQEAX@Z@4HA 0000000180013f55 f   MSVCRT:dll_dllmain.obj
 0001:00012f8b       __scrt_is_nonwritable_in_current_image$filt$0 0000000180013f8b f   MSVCRT:utility.obj
 0002:000001c0       GS_ExceptionPointers       00000001800141c0     MSVCRT:gs_report.obj
 0002:00000630       $unwind$GetCPUInfo         0000000180014630     cpuid.obj
 0002:0000063c       $unwind$DllMain            000000018001463c     dllmain.obj
 0002:00000644       $unwind$AllocateHeapArea   0000000180014644     pmc_memory.obj
 0002:0000064c       $unwind$DeallocateHeapArea 000000018001464c     pmc_memory.obj
 0002:00000654       $unwind$AllocateBlock      0000000180014654     pmc_memory.obj
 0002:00000664       $unwind$DeallocateBlock    0000000180014664     pmc_memory.obj
 0002:0000066c       $chain$0$DeallocateBlock   000000018001466c     pmc_memory.obj
 0002:00000680       $chain$1$DeallocateBlock   0000000180014680     pmc_memory.obj
 0002:00000690       $unwind$AttatchNumber      0000000180014690     pmc_memory.obj
 0002:00000698       $unwind$AllocateNumber     0000000180014698     pmc_memory.obj
 0002:000006ac       $unwind$DeallocateNumber   00000001800146ac     pmc_memory.obj
 0002:000006b4       $unwind$CommitNumber       00000001800146b4     pmc_memory.obj
 0002:000006bc       $unwind$DuplicateNumber    00000001800146bc     pmc_memory.obj
 0002:000006d0       $unwind$Initialize_Memory  00000001800146d0     pmc_memory.obj
 0002:000006dc       $unwind$PMC_Dispose        00000001800146dc     pmc_memory.obj
 0002:000006e4       $unwind$InitializeNumber   00000001800146e4     pmc_memory.obj
 0002:000006f8       $unwind$CleanUpNumber      00000001800146f8     pmc_memory.obj
 0002:00000700       $chain$0$CleanUpNumber     0000000180014700     pmc_memory.obj
 0002:00000714       $chain$1$CleanUpNumber     0000000180014714     pmc_memory.obj
 0002:00000724       $unwind$PMC_Add_I_X        0000000180014724     pmc_add.obj
 0002:00000734       $unwind$PMC_Add_L_X        0000000180014734     pmc_add.obj
 0002:00000744       $unwind$PMC_Add_X_I        0000000180014744     pmc_add.obj
 0002:00000754       $unwind$PMC_Add_X_L        0000000180014754     pmc_add.obj
 0002:00000764       $unwind$PMC_Add_X_X        0000000180014764     pmc_add.obj
 0002:00000774       $unwind$Add_Imp_using_ADC  0000000180014774     pmc_add.obj
 0002:00000780       $unwind$Add_Imp_using_ADCX 0000000180014780     pmc_add.obj
 0002:0000078c       $unwind$PMC_Add_X_I_Imp    000000018001478c     pmc_add.obj
 0002:0000079c       $unwind$PMC_Add_X_L_Imp    000000018001479c     pmc_add.obj
 0002:000007ac       $unwind$PMC_BitwiseAnd_I_X 00000001800147ac     pmc_bitwiseand.obj
 0002:000007bc       $unwind$PMC_BitwiseAnd_L_X 00000001800147bc     pmc_bitwiseand.obj
 0002:000007cc       $unwind$PMC_BitwiseAnd_X_I 00000001800147cc     pmc_bitwiseand.obj
 0002:000007dc       $unwind$PMC_BitwiseAnd_X_L 00000001800147dc     pmc_bitwiseand.obj
 0002:000007ec       $unwind$PMC_BitwiseAnd_X_X 00000001800147ec     pmc_bitwiseand.obj
 0002:000007f8       $chain$0$PMC_BitwiseAnd_X_X 00000001800147f8     pmc_bitwiseand.obj
 0002:0000080c       $chain$1$PMC_BitwiseAnd_X_X 000000018001480c     pmc_bitwiseand.obj
 0002:0000081c       $unwind$BitwiseAnd_X_X     000000018001481c     pmc_bitwiseand.obj
 0002:00000824       $chain$2$BitwiseAnd_X_X    0000000180014824     pmc_bitwiseand.obj
 0002:00000840       $chain$3$BitwiseAnd_X_X    0000000180014840     pmc_bitwiseand.obj
 0002:00000854       $chain$4$BitwiseAnd_X_X    0000000180014854     pmc_bitwiseand.obj
 0002:00000864       $unwind$PMC_BitwiseOr_I_X  0000000180014864     pmc_bitwiseor.obj
 0002:00000874       $unwind$PMC_BitwiseOr_L_X  0000000180014874     pmc_bitwiseor.obj
 0002:00000884       $unwind$PMC_BitwiseOr_X_I  0000000180014884     pmc_bitwiseor.obj
 0002:00000894       $unwind$PMC_BitwiseOr_X_L  0000000180014894     pmc_bitwiseor.obj
 0002:000008a4       $unwind$PMC_BitwiseOr_X_X  00000001800148a4     pmc_bitwiseor.obj
 0002:000008b0       $chain$0$PMC_BitwiseOr_X_X 00000001800148b0     pmc_bitwiseor.obj
 0002:000008c4       $chain$1$PMC_BitwiseOr_X_X 00000001800148c4     pmc_bitwiseor.obj
 0002:000008d4       $chain$2$PMC_BitwiseOr_X_X 00000001800148d4     pmc_bitwiseor.obj
 0002:000008e8       $chain$3$PMC_BitwiseOr_X_X 00000001800148e8     pmc_bitwiseor.obj
 0002:000008f8       $unwind$BitwiseOr_X_X      00000001800148f8     pmc_bitwiseor.obj
 0002:0000090c       $unwind$PMC_BitwiseOr_X_I_Imp 000000018001490c     pmc_bitwiseor.obj
 0002:00000920       $unwind$PMC_BitwiseOr_X_L_Imp 0000000180014920     pmc_bitwiseor.obj
 0002:00000934       $unwind$PMC_FromByteArray  0000000180014934     pmc_bytes.obj
 0002:00000940       $chain$0$PMC_FromByteArray 0000000180014940     pmc_bytes.obj
 0002:00000954       $chain$2$PMC_FromByteArray 0000000180014954     pmc_bytes.obj
 0002:00000968       $chain$3$PMC_FromByteArray 0000000180014968     pmc_bytes.obj
 0002:00000978       $unwind$PMC_ToByteArray    0000000180014978     pmc_bytes.obj
 0002:0000098c       $unwind$PMC_Clone_X        000000018001498c     pmc_clone.obj
 0002:00000998       $unwind$PMC_Compare_I_X    0000000180014998     pmc_compare.obj
 0002:000009a8       $unwind$PMC_Compare_L_X    00000001800149a8     pmc_compare.obj
 0002:000009b8       $unwind$PMC_Compare_X_I    00000001800149b8     pmc_compare.obj
 0002:000009c8       $unwind$PMC_Compare_X_L    00000001800149c8     pmc_compare.obj
 0002:000009d8       $unwind$PMC_Compare_X_X    00000001800149d8     pmc_compare.obj
 0002:000009e8       $unwind$DivRem_X_X         00000001800149e8     pmc_divrem.obj
 0002:000009f4       $unwind$PMC_DivRem_I_X     00000001800149f4     pmc_divrem.obj
 0002:00000a08       $unwind$PMC_DivRem_L_X     0000000180014a08     pmc_divrem.obj
 0002:00000a24       $unwind$PMC_DivRem_X_I     0000000180014a24     pmc_divrem.obj
 0002:00000a38       $unwind$PMC_DivRem_X_L     0000000180014a38     pmc_divrem.obj
 0002:00000a48       $chain$1$PMC_DivRem_X_L    0000000180014a48     pmc_divrem.obj
 0002:00000a60       $chain$2$PMC_DivRem_X_L    0000000180014a60     pmc_divrem.obj
 0002:00000a70       $chain$3$PMC_DivRem_X_L    0000000180014a70     pmc_divrem.obj
 0002:00000a88       $chain$4$PMC_DivRem_X_L    0000000180014a88     pmc_divrem.obj
 0002:00000a98       $unwind$PMC_DivRem_X_X     0000000180014a98     pmc_divrem.obj
 0002:00000aac       $chain$0$PMC_DivRem_X_X    0000000180014aac     pmc_divrem.obj
 0002:00000ac0       $chain$1$PMC_DivRem_X_X    0000000180014ac0     pmc_divrem.obj
 0002:00000ad0       $chain$2$PMC_DivRem_X_X    0000000180014ad0     pmc_divrem.obj
 0002:00000ae4       $chain$3$PMC_DivRem_X_X    0000000180014ae4     pmc_divrem.obj
 0002:00000af4       $unwind$SubtructOneLine    0000000180014af4     pmc_divrem.obj
 0002:00000b0c       $unwind$SubtructOneLineX   0000000180014b0c     pmc_divrem.obj
 0002:00000b24       $unwind$AddOneLine         0000000180014b24     pmc_divrem.obj
 0002:00000b2c       $unwind$AddOneLineX        0000000180014b2c     pmc_divrem.obj
 0002:00000b38       $unwind$DivRem_X_X_using_ADC_MUL 0000000180014b38     pmc_divrem.obj
 0002:00000b50       $unwind$DivRem_X_X_using_ADX_MULX 0000000180014b50     pmc_divrem.obj
 0002:00000b68       $unwind$PMC_Equals_I_X     0000000180014b68     pmc_equals.obj
 0002:00000b78       $unwind$PMC_Equals_L_X     0000000180014b78     pmc_equals.obj
 0002:00000b88       $unwind$PMC_Equals_X_I     0000000180014b88     pmc_equals.obj
 0002:00000b98       $unwind$PMC_Equals_X_L     0000000180014b98     pmc_equals.obj
 0002:00000ba8       $unwind$PMC_Equals_X_X     0000000180014ba8     pmc_equals.obj
 0002:00000bb8       $unwind$PMC_ExclusiveOr_I_X 0000000180014bb8     pmc_exclusiveor.obj
 0002:00000bc8       $unwind$PMC_ExclusiveOr_L_X 0000000180014bc8     pmc_exclusiveor.obj
 0002:00000bd8       $unwind$PMC_ExclusiveOr_X_I 0000000180014bd8     pmc_exclusiveor.obj
 0002:00000be8       $unwind$PMC_ExclusiveOr_X_L 0000000180014be8     pmc_exclusiveor.obj
 0002:00000bf8       $unwind$PMC_ExclusiveOr_X_X 0000000180014bf8     pmc_exclusiveor.obj
 0002:00000c04       $chain$0$PMC_ExclusiveOr_X_X 0000000180014c04     pmc_exclusiveor.obj
 0002:00000c18       $chain$1$PMC_ExclusiveOr_X_X 0000000180014c18     pmc_exclusiveor.obj
 0002:00000c28       $chain$2$PMC_ExclusiveOr_X_X 0000000180014c28     pmc_exclusiveor.obj
 0002:00000c3c       $chain$4$PMC_ExclusiveOr_X_X 0000000180014c3c     pmc_exclusiveor.obj
 0002:00000c50       $chain$5$PMC_ExclusiveOr_X_X 0000000180014c50     pmc_exclusiveor.obj
 0002:00000c60       $unwind$ExclusiveOr_X_X    0000000180014c60     pmc_exclusiveor.obj
 0002:00000c74       $unwind$PMC_ExclusiveOr_X_I_Imp 0000000180014c74     pmc_exclusiveor.obj
 0002:00000c88       $unwind$PMC_ExclusiveOr_X_L_Imp 0000000180014c88     pmc_exclusiveor.obj
 0002:00000c9c       $unwind$From_I_Imp         0000000180014c9c     pmc_from.obj
 0002:00000ca8       $unwind$From_L_Imp         0000000180014ca8     pmc_from.obj
 0002:00000cb4       $unwind$PMC_From_I         0000000180014cb4     pmc_from.obj
 0002:00000cc0       $unwind$PMC_From_L         0000000180014cc0     pmc_from.obj
 0002:00000ccc       $unwind$PMC_GetPropertyValue_X_I 0000000180014ccc     pmc_getpropertyvalue.obj
 0002:00000cdc       $unwind$PMC_GreatestCommonDivisor_I_X 0000000180014cdc     pmc_greatestcommondivisor.obj
 0002:00000cec       $unwind$PMC_GreatestCommonDivisor_L_X 0000000180014cec     pmc_greatestcommondivisor.obj
 0002:00000cfc       $unwind$PMC_GreatestCommonDivisor_X_I 0000000180014cfc     pmc_greatestcommondivisor.obj
 0002:00000d0c       $unwind$PMC_GreatestCommonDivisor_X_L 0000000180014d0c     pmc_greatestcommondivisor.obj
 0002:00000d1c       $unwind$PMC_GreatestCommonDivisor_X_X 0000000180014d1c     pmc_greatestcommondivisor.obj
 0002:00000d34       $unwind$GreatestCommonDivisor_Imp 0000000180014d34     pmc_greatestcommondivisor.obj
 0002:00000d4c       $unwind$PMC_GreatestCommonDivisor_X_I_Imp 0000000180014d4c     pmc_greatestcommondivisor.obj
 0002:00000d60       $chain$0$PMC_GreatestCommonDivisor_X_I_Imp 0000000180014d60     pmc_greatestcommondivisor.obj
 0002:00000d74       $chain$1$PMC_GreatestCommonDivisor_X_I_Imp 0000000180014d74     pmc_greatestcommondivisor.obj
 0002:00000d84       $unwind$PMC_GreatestCommonDivisor_X_L_Imp 0000000180014d84     pmc_greatestcommondivisor.obj
 0002:00000d98       $chain$0$PMC_GreatestCommonDivisor_X_L_Imp 0000000180014d98     pmc_greatestcommondivisor.obj
 0002:00000dac       $chain$1$PMC_GreatestCommonDivisor_X_L_Imp 0000000180014dac     pmc_greatestcommondivisor.obj
 0002:00000dbc       $unwind$PMC_UINT_Initialize 0000000180014dbc     pmc_initialize.obj
 0002:00000dc4       $unwind$PMC_ModPow_X_X_X   0000000180014dc4     pmc_modpow.obj
 0002:00000dd8       $unwind$Remainder          0000000180014dd8     pmc_modpow.obj
 0002:00000de8       $chain$0$Remainder         0000000180014de8     pmc_modpow.obj
 0002:00000dfc       $chain$1$Remainder         0000000180014dfc     pmc_modpow.obj
 0002:00000e0c       $unwind$ModulePower        0000000180014e0c     pmc_modpow.obj
 0002:00000e28       $chain$2$ModulePower       0000000180014e28     pmc_modpow.obj
 0002:00000e3c       $chain$3$ModulePower       0000000180014e3c     pmc_modpow.obj
 0002:00000e4c       $unwind$PMC_Multiply_I_X   0000000180014e4c     pmc_multiply.obj
 0002:00000e5c       $unwind$PMC_Multiply_L_X   0000000180014e5c     pmc_multiply.obj
 0002:00000e6c       $unwind$PMC_Multiply_X_I   0000000180014e6c     pmc_multiply.obj
 0002:00000e7c       $unwind$PMC_Multiply_X_L   0000000180014e7c     pmc_multiply.obj
 0002:00000e8c       $unwind$PMC_Multiply_X_X   0000000180014e8c     pmc_multiply.obj
 0002:00000e9c       $unwind$Multiply_WORD_using_MUL_ADC 0000000180014e9c     pmc_multiply.obj
 0002:00000eb4       $unwind$Multiply_WORD_using_MULX_ADCX 0000000180014eb4     pmc_multiply.obj
 0002:00000ecc       $unwind$Multiply_X_2W_using_MUL_ADC 0000000180014ecc     pmc_multiply.obj
 0002:00000ee0       $unwind$Multiply_X_2W_using_MULX_ADCX 0000000180014ee0     pmc_multiply.obj
 0002:00000ef4       $unwind$Multiply_X_X_using_MUL_ADC 0000000180014ef4     pmc_multiply.obj
 0002:00000f0c       $unwind$Multiply_X_X_using_MULX_ADCX 0000000180014f0c     pmc_multiply.obj
 0002:00000f24       $unwind$PMC_Multiply_X_I_Imp 0000000180014f24     pmc_multiply.obj
 0002:00000f34       $unwind$PMC_Multiply_X_L_Imp 0000000180014f34     pmc_multiply.obj
 0002:00000f44       $unwind$Initialize_Parse   0000000180014f44     pmc_parse.obj
 0002:00000f4c       $unwind$PMC_TryParse       0000000180014f4c     pmc_parse.obj
 0002:00000f54       $unwind$InitializeParserState 0000000180014f54     pmc_parse.obj
 0002:00000f68       $unwind$ParseAsDecimalNumberString 0000000180014f68     pmc_parse.obj
 0002:00000f84       $unwind$Build1WordFromDecimalString 0000000180014f84     pmc_parse.obj
 0002:00000f98       $unwind$MultiplyAndAdd_using_ADC_MUL 0000000180014f98     pmc_parse.obj
 0002:00000fa4       $unwind$MultiplyAndAdd_using_ADCX_MULX 0000000180014fa4     pmc_parse.obj
 0002:00000fb4       $unwind$TryParseDN         0000000180014fb4     pmc_parse.obj
 0002:00000fcc       $chain$0$TryParseDN        0000000180014fcc     pmc_parse.obj
 0002:00000fe0       $chain$1$TryParseDN        0000000180014fe0     pmc_parse.obj
 0002:00000ff0       $unwind$Build1WordFromHexString 0000000180014ff0     pmc_parse.obj
 0002:00001008       $unwind$TryParseX          0000000180015008     pmc_parse.obj
 0002:00001024       $chain$0$TryParseX         0000000180015024     pmc_parse.obj
 0002:00001038       $chain$1$TryParseX         0000000180015038     pmc_parse.obj
 0002:0000104c       $chain$2$TryParseX         000000018001504c     pmc_parse.obj
 0002:0000105c       $chain$3$TryParseX         000000018001505c     pmc_parse.obj
 0002:0000106c       $unwind$PMC_Pow_X_I        000000018001506c     pmc_pow.obj
 0002:0000107c       $unwind$PMC_Pow_X_I_Imp    000000018001507c     pmc_pow.obj
 0002:00001090       $chain$1$PMC_Pow_X_I_Imp   0000000180015090     pmc_pow.obj
 0002:000010a8       $chain$2$PMC_Pow_X_I_Imp   00000001800150a8     pmc_pow.obj
 0002:000010b8       $unwind$RightShift_Imp_DIV 00000001800150b8     pmc_shift.obj
 0002:000010c8       $chain$0$RightShift_Imp_DIV 00000001800150c8     pmc_shift.obj
 0002:000010dc       $chain$1$RightShift_Imp_DIV 00000001800150dc     pmc_shift.obj
 0002:000010f0       $chain$2$RightShift_Imp_DIV 00000001800150f0     pmc_shift.obj
 0002:00001100       $chain$3$RightShift_Imp_DIV 0000000180015100     pmc_shift.obj
 0002:00001110       $unwind$RightShift_Imp     0000000180015110     pmc_shift.obj
 0002:00001124       $chain$0$RightShift_Imp    0000000180015124     pmc_shift.obj
 0002:00001138       $chain$1$RightShift_Imp    0000000180015138     pmc_shift.obj
 0002:00001148       $unwind$LeftShift_Imp_DIV  0000000180015148     pmc_shift.obj
 0002:0000115c       $chain$0$LeftShift_Imp_DIV 000000018001515c     pmc_shift.obj
 0002:00001170       $chain$1$LeftShift_Imp_DIV 0000000180015170     pmc_shift.obj
 0002:00001180       $unwind$LeftShift_Imp      0000000180015180     pmc_shift.obj
 0002:00001194       $chain$0$LeftShift_Imp     0000000180015194     pmc_shift.obj
 0002:000011a8       $chain$1$LeftShift_Imp     00000001800151a8     pmc_shift.obj
 0002:000011b8       $unwind$PMC_RightShift_X_I 00000001800151b8     pmc_shift.obj
 0002:000011c8       $unwind$PMC_LeftShift_X_I  00000001800151c8     pmc_shift.obj
 0002:000011d8       $unwind$Subtruct_Imp       00000001800151d8     pmc_subtruct.obj
 0002:000011e0       $unwind$PMC_Subtruct_I_X   00000001800151e0     pmc_subtruct.obj
 0002:000011f0       $unwind$PMC_Subtruct_L_X   00000001800151f0     pmc_subtruct.obj
 0002:00001200       $unwind$PMC_Subtruct_X_I   0000000180015200     pmc_subtruct.obj
 0002:00001210       $unwind$PMC_Subtruct_X_L   0000000180015210     pmc_subtruct.obj
 0002:00001220       $unwind$PMC_Subtruct_X_X   0000000180015220     pmc_subtruct.obj
 0002:00001230       $unwind$PMC_To_X_I         0000000180015230     pmc_to.obj
 0002:0000123c       $unwind$PMC_To_X_L         000000018001523c     pmc_to.obj
 0002:00001248       $unwind$Initialize_ToString 0000000180015248     pmc_tostring.obj
 0002:00001250       $unwind$PMC_ToString       0000000180015250     pmc_tostring.obj
 0002:00001268       $unwind$OutputOneChar      0000000180015268     pmc_tostring.obj
 0002:00001274       $unwind$PrintDecimal       0000000180015274     pmc_tostring.obj
 0002:00001298       $unwind$ToStringDN         0000000180015298     pmc_tostring.obj
 0002:000012b4       $unwind$ToStringX          00000001800152b4     pmc_tostring.obj
 0002:000012c8       $unwind$__GSHandlerCheckCommon 00000001800152c8     MSVCRT:gshandler.obj
 0002:000012d0       $unwind$__GSHandlerCheck   00000001800152d0     MSVCRT:gshandler.obj
 0002:000012d8       $xdatasym                  00000001800152d8     MSVCRT:amdsecgs.obj
 0002:000012dc       $unwind$?dllmain_crt_process_attach@@YAHQEAUHINSTANCE__@@QEAX@Z 00000001800152dc     MSVCRT:dll_dllmain.obj
 0002:00001318       $unwind$?fin$0@?0??dllmain_crt_process_attach@@YAHQEAUHINSTANCE__@@QEAX@Z@4HA 0000000180015318     MSVCRT:dll_dllmain.obj
 0002:00001320       $unwind$?dllmain_crt_process_detach@@YAH_N@Z 0000000180015320     MSVCRT:dll_dllmain.obj
 0002:00001358       $unwind$?fin$0@?0??dllmain_crt_process_detach@@YAH_N@Z@4HA 0000000180015358     MSVCRT:dll_dllmain.obj
 0002:00001360       $unwind$?dllmain_crt_dispatch@@YAHQEAUHINSTANCE__@@KQEAX@Z 0000000180015360     MSVCRT:dll_dllmain.obj
 0002:00001368       $unwind$?dllmain_dispatch@@YAHQEAUHINSTANCE__@@KQEAX@Z 0000000180015368     MSVCRT:dll_dllmain.obj
 0002:00001390       $unwind$?filt$0@?0??dllmain_dispatch@@YAHQEAUHINSTANCE__@@KQEAX@Z@4HA 0000000180015390     MSVCRT:dll_dllmain.obj
 0002:00001398       $unwind$_DllMainCRTStartup 0000000180015398     MSVCRT:dll_dllmain.obj
 0002:000013a8       $unwind$__report_securityfailure 00000001800153a8     MSVCRT:gs_report.obj
 0002:000013b0       $unwind$__report_securityfailureEx 00000001800153b0     MSVCRT:gs_report.obj
 0002:000013b8       $unwind$__report_rangecheckfailure 00000001800153b8     MSVCRT:gs_report.obj
 0002:000013c0       $unwind$__report_gsfailure 00000001800153c0     MSVCRT:gs_report.obj
 0002:000013c8       $unwind$capture_current_context 00000001800153c8     MSVCRT:gs_report.obj
 0002:000013d4       $unwind$capture_previous_context 00000001800153d4     MSVCRT:gs_report.obj
 0002:000013e0       $unwind$__raise_securityfailure 00000001800153e0     MSVCRT:gs_report.obj
 0002:000013e8       $unwind$__security_init_cookie 00000001800153e8     MSVCRT:gs_support.obj
 0002:000013f4       $unwind$__get_entropy      00000001800153f4     MSVCRT:gs_support.obj
 0002:000013fc       $unwind$__scrt_initialize_default_local_stdio_options 00000001800153fc     MSVCRT:default_local_stdio_options.obj
 0002:00001404       $unwind$atexit             0000000180015404     MSVCRT:utility.obj
 0002:0000140c       $unwind$_onexit            000000018001540c     MSVCRT:utility.obj
 0002:00001414       $unwind$__scrt_is_nonwritable_in_current_image 0000000180015414     MSVCRT:utility.obj
 0002:00001434       $unwind$__scrt_is_nonwritable_in_current_image$filt$0 0000000180015434     MSVCRT:utility.obj
 0002:0000143c       $unwind$__scrt_acquire_startup_lock 000000018001543c     MSVCRT:utility.obj
 0002:00001444       $unwind$__scrt_release_startup_lock 0000000180015444     MSVCRT:utility.obj
 0002:0000144c       $unwind$__scrt_initialize_crt 000000018001544c     MSVCRT:utility.obj
 0002:00001454       $unwind$__scrt_uninitialize_crt 0000000180015454     MSVCRT:utility.obj
 0002:0000145c       $unwind$__scrt_initialize_onexit_tables 000000018001545c     MSVCRT:utility.obj
 0002:00001464       $unwind$__scrt_dllmain_exception_filter 0000000180015464     MSVCRT:utility.obj
 0002:00001478       $unwind$__scrt_dllmain_before_initialize_c 0000000180015478     MSVCRT:utility.obj
 0002:00001480       $unwind$__scrt_dllmain_after_initialize_c 0000000180015480     MSVCRT:utility.obj
 0002:00001488       $unwind$__scrt_dllmain_uninitialize_c 0000000180015488     MSVCRT:utility.obj
 0002:00001490       $unwind$__scrt_dllmain_uninitialize_critical 0000000180015490     MSVCRT:utility.obj
 0002:00001498       $unwind$__scrt_dllmain_crt_thread_attach 0000000180015498     MSVCRT:utility.obj
 0002:000014a0       $unwind$__scrt_dllmain_crt_thread_detach 00000001800154a0     MSVCRT:utility.obj
 0002:000014a8       $unwind$?configure_argv@__scrt_narrow_argv_policy@@SAHXZ 00000001800154a8     MSVCRT:utility.obj
 0002:000014b0       $unwind$__scrt_get_show_window_mode 00000001800154b0     MSVCRT:utility_desktop.obj
 0002:000014b8       $unwind$__scrt_is_managed_app 00000001800154b8     MSVCRT:utility_desktop.obj
 0002:000014c0       $unwind$__scrt_fastfail    00000001800154c0     MSVCRT:utility_desktop.obj
 0002:000014d0       $unwind$__scrt_unhandled_exception_filter 00000001800154d0     MSVCRT:utility_desktop.obj
 0002:000014d8       $unwind$_RTC_Initialize    00000001800154d8     MSVCRT:initsect.obj
 0002:000014e4       $unwind$_RTC_Terminate     00000001800154e4     MSVCRT:initsect.obj
 0002:000014f0       $unwind$__isa_available_init 00000001800154f0     MSVCRT:cpu_disp.obj
 0002:00001508       $xdatasym                  0000000180015508     MSVCRT:guard_dispatch.obj
 0002:00001510       .edata                     0000000180015510     Palmtree.Math.Core.Uint.exp
 0002:00001538       rgpv                       0000000180015538     Palmtree.Math.Core.Uint.exp
 0002:00001540       rgszName                   0000000180015540     Palmtree.Math.Core.Uint.exp
 0002:00001548       rgwOrd                     0000000180015548     Palmtree.Math.Core.Uint.exp
 0002:0000154c       szName                     000000018001554c     Palmtree.Math.Core.Uint.exp
 0002:00001568       $N00001                    0000000180015568     Palmtree.Math.Core.Uint.exp
 0002:00001570       $N00002                    0000000180015570     Palmtree.Math.Core.Uint.exp
 0002:00001778       .idata$6                   0000000180015778     kernel32:KERNEL32.dll
 0002:000017c8       .idata$6                   00000001800157c8     vcruntime:VCRUNTIME140.dll
 0002:000018cc       .idata$6                   00000001800158cc     ucrt:api-ms-win-crt-runtime-l1-1-0.dll
 0003:00000000       decimal_digits             0000000180016000     pmc_tostring.obj
 0003:00000018       hexadecimal_lower_digits   0000000180016018     pmc_tostring.obj
 0003:00000040       hexadecimal_upper_digits   0000000180016040     pmc_tostring.obj
 0003:000000c0       fp_Add_Imp                 00000001800160c0     pmc_add.obj
 0003:000000c8       fp_DivRem_X_X              00000001800160c8     pmc_divrem.obj
 0003:000000d0       entry_points               00000001800160d0     pmc_initialize.obj
 0003:000002e8       initialized                00000001800162e8     pmc_initialize.obj
 0003:000002f0       fp_Multiply_X_1W           00000001800162f0     pmc_multiply.obj
 0003:000002f8       fp_Multiply_X_2W           00000001800162f8     pmc_multiply.obj
 0003:00000300       fp_Multiply_X_X            0000000180016300     pmc_multiply.obj
 0003:00000308       default_number_format_option 0000000180016308     pmc_parse.obj
 0003:00000330       fp_MultiplyAndAdd          0000000180016330     pmc_parse.obj
 0003:00000338       default_number_format_option 0000000180016338     pmc_tostring.obj
 0003:00000360       ?__proc_attached@@3HA      0000000180016360     MSVCRT:dll_dllmain.obj
 0003:00000370       GS_ExceptionRecord         0000000180016370     MSVCRT:gs_report.obj
 0003:00000410       GS_ContextRecord           0000000180016410     MSVCRT:gs_report.obj
 0003:00000910       ?is_initialized_as_dll@@3_NA 0000000180016910     MSVCRT:utility.obj
 0003:00000911       ?module_local_atexit_table_initialized@@3_NA 0000000180016911     MSVCRT:utility.obj
 0003:00000918       ?module_local_atexit_table@@3U_onexit_table_t@@A 0000000180016918     MSVCRT:utility.obj
 0003:00000930       ?module_local_at_quick_exit_table@@3U_onexit_table_t@@A 0000000180016930     MSVCRT:utility.obj
 0004:00000000       $pdata$GetCPUInfo          0000000180017000     cpuid.obj
 0004:0000000c       $pdata$DllMain             000000018001700c     dllmain.obj
 0004:00000018       $pdata$AllocateHeapArea    0000000180017018     pmc_memory.obj
 0004:00000024       $pdata$DeallocateHeapArea  0000000180017024     pmc_memory.obj
 0004:00000030       $pdata$AllocateBlock       0000000180017030     pmc_memory.obj
 0004:0000003c       $pdata$DeallocateBlock     000000018001703c     pmc_memory.obj
 0004:00000048       $pdata$0$DeallocateBlock   0000000180017048     pmc_memory.obj
 0004:00000054       $pdata$1$DeallocateBlock   0000000180017054     pmc_memory.obj
 0004:00000060       $pdata$AttatchNumber       0000000180017060     pmc_memory.obj
 0004:0000006c       $pdata$AllocateNumber      000000018001706c     pmc_memory.obj
 0004:00000078       $pdata$DeallocateNumber    0000000180017078     pmc_memory.obj
 0004:00000084       $pdata$CommitNumber        0000000180017084     pmc_memory.obj
 0004:00000090       $pdata$DuplicateNumber     0000000180017090     pmc_memory.obj
 0004:0000009c       $pdata$Initialize_Memory   000000018001709c     pmc_memory.obj
 0004:000000a8       $pdata$PMC_Dispose         00000001800170a8     pmc_memory.obj
 0004:000000b4       $pdata$InitializeNumber    00000001800170b4     pmc_memory.obj
 0004:000000c0       $pdata$CleanUpNumber       00000001800170c0     pmc_memory.obj
 0004:000000cc       $pdata$0$CleanUpNumber     00000001800170cc     pmc_memory.obj
 0004:000000d8       $pdata$1$CleanUpNumber     00000001800170d8     pmc_memory.obj
 0004:000000e4       $pdata$PMC_Add_I_X         00000001800170e4     pmc_add.obj
 0004:000000f0       $pdata$PMC_Add_L_X         00000001800170f0     pmc_add.obj
 0004:000000fc       $pdata$PMC_Add_X_I         00000001800170fc     pmc_add.obj
 0004:00000108       $pdata$PMC_Add_X_L         0000000180017108     pmc_add.obj
 0004:00000114       $pdata$PMC_Add_X_X         0000000180017114     pmc_add.obj
 0004:00000120       $pdata$Add_Imp_using_ADC   0000000180017120     pmc_add.obj
 0004:0000012c       $pdata$Add_Imp_using_ADCX  000000018001712c     pmc_add.obj
 0004:00000138       $pdata$PMC_Add_X_I_Imp     0000000180017138     pmc_add.obj
 0004:00000144       $pdata$PMC_Add_X_L_Imp     0000000180017144     pmc_add.obj
 0004:00000150       $pdata$PMC_BitwiseAnd_I_X  0000000180017150     pmc_bitwiseand.obj
 0004:0000015c       $pdata$PMC_BitwiseAnd_L_X  000000018001715c     pmc_bitwiseand.obj
 0004:00000168       $pdata$PMC_BitwiseAnd_X_I  0000000180017168     pmc_bitwiseand.obj
 0004:00000174       $pdata$PMC_BitwiseAnd_X_L  0000000180017174     pmc_bitwiseand.obj
 0004:00000180       $pdata$PMC_BitwiseAnd_X_X  0000000180017180     pmc_bitwiseand.obj
 0004:0000018c       $pdata$0$PMC_BitwiseAnd_X_X 000000018001718c     pmc_bitwiseand.obj
 0004:00000198       $pdata$1$PMC_BitwiseAnd_X_X 0000000180017198     pmc_bitwiseand.obj
 0004:000001a4       $pdata$BitwiseAnd_X_X      00000001800171a4     pmc_bitwiseand.obj
 0004:000001b0       $pdata$2$BitwiseAnd_X_X    00000001800171b0     pmc_bitwiseand.obj
 0004:000001bc       $pdata$3$BitwiseAnd_X_X    00000001800171bc     pmc_bitwiseand.obj
 0004:000001c8       $pdata$4$BitwiseAnd_X_X    00000001800171c8     pmc_bitwiseand.obj
 0004:000001d4       $pdata$PMC_BitwiseOr_I_X   00000001800171d4     pmc_bitwiseor.obj
 0004:000001e0       $pdata$PMC_BitwiseOr_L_X   00000001800171e0     pmc_bitwiseor.obj
 0004:000001ec       $pdata$PMC_BitwiseOr_X_I   00000001800171ec     pmc_bitwiseor.obj
 0004:000001f8       $pdata$PMC_BitwiseOr_X_L   00000001800171f8     pmc_bitwiseor.obj
 0004:00000204       $pdata$PMC_BitwiseOr_X_X   0000000180017204     pmc_bitwiseor.obj
 0004:00000210       $pdata$0$PMC_BitwiseOr_X_X 0000000180017210     pmc_bitwiseor.obj
 0004:0000021c       $pdata$1$PMC_BitwiseOr_X_X 000000018001721c     pmc_bitwiseor.obj
 0004:00000228       $pdata$2$PMC_BitwiseOr_X_X 0000000180017228     pmc_bitwiseor.obj
 0004:00000234       $pdata$3$PMC_BitwiseOr_X_X 0000000180017234     pmc_bitwiseor.obj
 0004:00000240       $pdata$BitwiseOr_X_X       0000000180017240     pmc_bitwiseor.obj
 0004:0000024c       $pdata$PMC_BitwiseOr_X_I_Imp 000000018001724c     pmc_bitwiseor.obj
 0004:00000258       $pdata$PMC_BitwiseOr_X_L_Imp 0000000180017258     pmc_bitwiseor.obj
 0004:00000264       $pdata$PMC_FromByteArray   0000000180017264     pmc_bytes.obj
 0004:00000270       $pdata$0$PMC_FromByteArray 0000000180017270     pmc_bytes.obj
 0004:0000027c       $pdata$2$PMC_FromByteArray 000000018001727c     pmc_bytes.obj
 0004:00000288       $pdata$3$PMC_FromByteArray 0000000180017288     pmc_bytes.obj
 0004:00000294       $pdata$PMC_ToByteArray     0000000180017294     pmc_bytes.obj
 0004:000002a0       $pdata$PMC_Clone_X         00000001800172a0     pmc_clone.obj
 0004:000002ac       $pdata$PMC_Compare_I_X     00000001800172ac     pmc_compare.obj
 0004:000002b8       $pdata$PMC_Compare_L_X     00000001800172b8     pmc_compare.obj
 0004:000002c4       $pdata$PMC_Compare_X_I     00000001800172c4     pmc_compare.obj
 0004:000002d0       $pdata$PMC_Compare_X_L     00000001800172d0     pmc_compare.obj
 0004:000002dc       $pdata$PMC_Compare_X_X     00000001800172dc     pmc_compare.obj
 0004:000002e8       $pdata$DivRem_X_X          00000001800172e8     pmc_divrem.obj
 0004:000002f4       $pdata$PMC_DivRem_I_X      00000001800172f4     pmc_divrem.obj
 0004:00000300       $pdata$PMC_DivRem_L_X      0000000180017300     pmc_divrem.obj
 0004:0000030c       $pdata$PMC_DivRem_X_I      000000018001730c     pmc_divrem.obj
 0004:00000318       $pdata$PMC_DivRem_X_L      0000000180017318     pmc_divrem.obj
 0004:00000324       $pdata$1$PMC_DivRem_X_L    0000000180017324     pmc_divrem.obj
 0004:00000330       $pdata$2$PMC_DivRem_X_L    0000000180017330     pmc_divrem.obj
 0004:0000033c       $pdata$3$PMC_DivRem_X_L    000000018001733c     pmc_divrem.obj
 0004:00000348       $pdata$4$PMC_DivRem_X_L    0000000180017348     pmc_divrem.obj
 0004:00000354       $pdata$PMC_DivRem_X_X      0000000180017354     pmc_divrem.obj
 0004:00000360       $pdata$0$PMC_DivRem_X_X    0000000180017360     pmc_divrem.obj
 0004:0000036c       $pdata$1$PMC_DivRem_X_X    000000018001736c     pmc_divrem.obj
 0004:00000378       $pdata$2$PMC_DivRem_X_X    0000000180017378     pmc_divrem.obj
 0004:00000384       $pdata$3$PMC_DivRem_X_X    0000000180017384     pmc_divrem.obj
 0004:00000390       $pdata$SubtructOneLine     0000000180017390     pmc_divrem.obj
 0004:0000039c       $pdata$SubtructOneLineX    000000018001739c     pmc_divrem.obj
 0004:000003a8       $pdata$AddOneLine          00000001800173a8     pmc_divrem.obj
 0004:000003b4       $pdata$AddOneLineX         00000001800173b4     pmc_divrem.obj
 0004:000003c0       $pdata$DivRem_X_X_using_ADC_MUL 00000001800173c0     pmc_divrem.obj
 0004:000003cc       $pdata$DivRem_X_X_using_ADX_MULX 00000001800173cc     pmc_divrem.obj
 0004:000003d8       $pdata$PMC_Equals_I_X      00000001800173d8     pmc_equals.obj
 0004:000003e4       $pdata$PMC_Equals_L_X      00000001800173e4     pmc_equals.obj
 0004:000003f0       $pdata$PMC_Equals_X_I      00000001800173f0     pmc_equals.obj
 0004:000003fc       $pdata$PMC_Equals_X_L      00000001800173fc     pmc_equals.obj
 0004:00000408       $pdata$PMC_Equals_X_X      0000000180017408     pmc_equals.obj
 0004:00000414       $pdata$PMC_ExclusiveOr_I_X 0000000180017414     pmc_exclusiveor.obj
 0004:00000420       $pdata$PMC_ExclusiveOr_L_X 0000000180017420     pmc_exclusiveor.obj
 0004:0000042c       $pdata$PMC_ExclusiveOr_X_I 000000018001742c     pmc_exclusiveor.obj
 0004:00000438       $pdata$PMC_ExclusiveOr_X_L 0000000180017438     pmc_exclusiveor.obj
 0004:00000444       $pdata$PMC_ExclusiveOr_X_X 0000000180017444     pmc_exclusiveor.obj
 0004:00000450       $pdata$0$PMC_ExclusiveOr_X_X 0000000180017450     pmc_exclusiveor.obj
 0004:0000045c       $pdata$1$PMC_ExclusiveOr_X_X 000000018001745c     pmc_exclusiveor.obj
 0004:00000468       $pdata$2$PMC_ExclusiveOr_X_X 0000000180017468     pmc_exclusiveor.obj
 0004:00000474       $pdata$4$PMC_ExclusiveOr_X_X 0000000180017474     pmc_exclusiveor.obj
 0004:00000480       $pdata$5$PMC_ExclusiveOr_X_X 0000000180017480     pmc_exclusiveor.obj
 0004:0000048c       $pdata$ExclusiveOr_X_X     000000018001748c     pmc_exclusiveor.obj
 0004:00000498       $pdata$PMC_ExclusiveOr_X_I_Imp 0000000180017498     pmc_exclusiveor.obj
 0004:000004a4       $pdata$PMC_ExclusiveOr_X_L_Imp 00000001800174a4     pmc_exclusiveor.obj
 0004:000004b0       $pdata$From_I_Imp          00000001800174b0     pmc_from.obj
 0004:000004bc       $pdata$From_L_Imp          00000001800174bc     pmc_from.obj
 0004:000004c8       $pdata$PMC_From_I          00000001800174c8     pmc_from.obj
 0004:000004d4       $pdata$PMC_From_L          00000001800174d4     pmc_from.obj
 0004:000004e0       $pdata$PMC_GetPropertyValue_X_I 00000001800174e0     pmc_getpropertyvalue.obj
 0004:000004ec       $pdata$PMC_GreatestCommonDivisor_I_X 00000001800174ec     pmc_greatestcommondivisor.obj
 0004:000004f8       $pdata$PMC_GreatestCommonDivisor_L_X 00000001800174f8     pmc_greatestcommondivisor.obj
 0004:00000504       $pdata$PMC_GreatestCommonDivisor_X_I 0000000180017504     pmc_greatestcommondivisor.obj
 0004:00000510       $pdata$PMC_GreatestCommonDivisor_X_L 0000000180017510     pmc_greatestcommondivisor.obj
 0004:0000051c       $pdata$PMC_GreatestCommonDivisor_X_X 000000018001751c     pmc_greatestcommondivisor.obj
 0004:00000528       $pdata$GreatestCommonDivisor_Imp 0000000180017528     pmc_greatestcommondivisor.obj
 0004:00000534       $pdata$PMC_GreatestCommonDivisor_X_I_Imp 0000000180017534     pmc_greatestcommondivisor.obj
 0004:00000540       $pdata$0$PMC_GreatestCommonDivisor_X_I_Imp 0000000180017540     pmc_greatestcommondivisor.obj
 0004:0000054c       $pdata$1$PMC_GreatestCommonDivisor_X_I_Imp 000000018001754c     pmc_greatestcommondivisor.obj
 0004:00000558       $pdata$PMC_GreatestCommonDivisor_X_L_Imp 0000000180017558     pmc_greatestcommondivisor.obj
 0004:00000564       $pdata$0$PMC_GreatestCommonDivisor_X_L_Imp 0000000180017564     pmc_greatestcommondivisor.obj
 0004:00000570       $pdata$1$PMC_GreatestCommonDivisor_X_L_Imp 0000000180017570     pmc_greatestcommondivisor.obj
 0004:0000057c       $pdata$PMC_UINT_Initialize 000000018001757c     pmc_initialize.obj
 0004:00000588       $pdata$PMC_ModPow_X_X_X    0000000180017588     pmc_modpow.obj
 0004:00000594       $pdata$Remainder           0000000180017594     pmc_modpow.obj
 0004:000005a0       $pdata$0$Remainder         00000001800175a0     pmc_modpow.obj
 0004:000005ac       $pdata$1$Remainder         00000001800175ac     pmc_modpow.obj
 0004:000005b8       $pdata$ModulePower         00000001800175b8     pmc_modpow.obj
 0004:000005c4       $pdata$2$ModulePower       00000001800175c4     pmc_modpow.obj
 0004:000005d0       $pdata$3$ModulePower       00000001800175d0     pmc_modpow.obj
 0004:000005dc       $pdata$PMC_Multiply_I_X    00000001800175dc     pmc_multiply.obj
 0004:000005e8       $pdata$PMC_Multiply_L_X    00000001800175e8     pmc_multiply.obj
 0004:000005f4       $pdata$PMC_Multiply_X_I    00000001800175f4     pmc_multiply.obj
 0004:00000600       $pdata$PMC_Multiply_X_L    0000000180017600     pmc_multiply.obj
 0004:0000060c       $pdata$PMC_Multiply_X_X    000000018001760c     pmc_multiply.obj
 0004:00000618       $pdata$Multiply_WORD_using_MUL_ADC 0000000180017618     pmc_multiply.obj
 0004:00000624       $pdata$Multiply_WORD_using_MULX_ADCX 0000000180017624     pmc_multiply.obj
 0004:00000630       $pdata$Multiply_X_2W_using_MUL_ADC 0000000180017630     pmc_multiply.obj
 0004:0000063c       $pdata$Multiply_X_2W_using_MULX_ADCX 000000018001763c     pmc_multiply.obj
 0004:00000648       $pdata$Multiply_X_X_using_MUL_ADC 0000000180017648     pmc_multiply.obj
 0004:00000654       $pdata$Multiply_X_X_using_MULX_ADCX 0000000180017654     pmc_multiply.obj
 0004:00000660       $pdata$PMC_Multiply_X_I_Imp 0000000180017660     pmc_multiply.obj
 0004:0000066c       $pdata$PMC_Multiply_X_L_Imp 000000018001766c     pmc_multiply.obj
 0004:00000678       $pdata$Initialize_Parse    0000000180017678     pmc_parse.obj
 0004:00000684       $pdata$PMC_TryParse        0000000180017684     pmc_parse.obj
 0004:00000690       $pdata$InitializeParserState 0000000180017690     pmc_parse.obj
 0004:0000069c       $pdata$ParseAsDecimalNumberString 000000018001769c     pmc_parse.obj
 0004:000006a8       $pdata$Build1WordFromDecimalString 00000001800176a8     pmc_parse.obj
 0004:000006b4       $pdata$MultiplyAndAdd_using_ADC_MUL 00000001800176b4     pmc_parse.obj
 0004:000006c0       $pdata$MultiplyAndAdd_using_ADCX_MULX 00000001800176c0     pmc_parse.obj
 0004:000006cc       $pdata$TryParseDN          00000001800176cc     pmc_parse.obj
 0004:000006d8       $pdata$0$TryParseDN        00000001800176d8     pmc_parse.obj
 0004:000006e4       $pdata$1$TryParseDN        00000001800176e4     pmc_parse.obj
 0004:000006f0       $pdata$Build1WordFromHexString 00000001800176f0     pmc_parse.obj
 0004:000006fc       $pdata$TryParseX           00000001800176fc     pmc_parse.obj
 0004:00000708       $pdata$0$TryParseX         0000000180017708     pmc_parse.obj
 0004:00000714       $pdata$1$TryParseX         0000000180017714     pmc_parse.obj
 0004:00000720       $pdata$2$TryParseX         0000000180017720     pmc_parse.obj
 0004:0000072c       $pdata$3$TryParseX         000000018001772c     pmc_parse.obj
 0004:00000738       $pdata$PMC_Pow_X_I         0000000180017738     pmc_pow.obj
 0004:00000744       $pdata$PMC_Pow_X_I_Imp     0000000180017744     pmc_pow.obj
 0004:00000750       $pdata$1$PMC_Pow_X_I_Imp   0000000180017750     pmc_pow.obj
 0004:0000075c       $pdata$2$PMC_Pow_X_I_Imp   000000018001775c     pmc_pow.obj
 0004:00000768       $pdata$RightShift_Imp_DIV  0000000180017768     pmc_shift.obj
 0004:00000774       $pdata$0$RightShift_Imp_DIV 0000000180017774     pmc_shift.obj
 0004:00000780       $pdata$1$RightShift_Imp_DIV 0000000180017780     pmc_shift.obj
 0004:0000078c       $pdata$2$RightShift_Imp_DIV 000000018001778c     pmc_shift.obj
 0004:00000798       $pdata$3$RightShift_Imp_DIV 0000000180017798     pmc_shift.obj
 0004:000007a4       $pdata$RightShift_Imp      00000001800177a4     pmc_shift.obj
 0004:000007b0       $pdata$0$RightShift_Imp    00000001800177b0     pmc_shift.obj
 0004:000007bc       $pdata$1$RightShift_Imp    00000001800177bc     pmc_shift.obj
 0004:000007c8       $pdata$LeftShift_Imp_DIV   00000001800177c8     pmc_shift.obj
 0004:000007d4       $pdata$0$LeftShift_Imp_DIV 00000001800177d4     pmc_shift.obj
 0004:000007e0       $pdata$1$LeftShift_Imp_DIV 00000001800177e0     pmc_shift.obj
 0004:000007ec       $pdata$LeftShift_Imp       00000001800177ec     pmc_shift.obj
 0004:000007f8       $pdata$0$LeftShift_Imp     00000001800177f8     pmc_shift.obj
 0004:00000804       $pdata$1$LeftShift_Imp     0000000180017804     pmc_shift.obj
 0004:00000810       $pdata$PMC_RightShift_X_I  0000000180017810     pmc_shift.obj
 0004:0000081c       $pdata$PMC_LeftShift_X_I   000000018001781c     pmc_shift.obj
 0004:00000828       $pdata$Subtruct_Imp        0000000180017828     pmc_subtruct.obj
 0004:00000834       $pdata$PMC_Subtruct_I_X    0000000180017834     pmc_subtruct.obj
 0004:00000840       $pdata$PMC_Subtruct_L_X    0000000180017840     pmc_subtruct.obj
 0004:0000084c       $pdata$PMC_Subtruct_X_I    000000018001784c     pmc_subtruct.obj
 0004:00000858       $pdata$PMC_Subtruct_X_L    0000000180017858     pmc_subtruct.obj
 0004:00000864       $pdata$PMC_Subtruct_X_X    0000000180017864     pmc_subtruct.obj
 0004:00000870       $pdata$PMC_To_X_I          0000000180017870     pmc_to.obj
 0004:0000087c       $pdata$PMC_To_X_L          000000018001787c     pmc_to.obj
 0004:00000888       $pdata$Initialize_ToString 0000000180017888     pmc_tostring.obj
 0004:00000894       $pdata$PMC_ToString        0000000180017894     pmc_tostring.obj
 0004:000008a0       $pdata$OutputOneChar       00000001800178a0     pmc_tostring.obj
 0004:000008ac       $pdata$PrintDecimal        00000001800178ac     pmc_tostring.obj
 0004:000008b8       $pdata$ToStringDN          00000001800178b8     pmc_tostring.obj
 0004:000008c4       $pdata$ToStringX           00000001800178c4     pmc_tostring.obj
 0004:000008d0       $pdata$__GSHandlerCheckCommon 00000001800178d0     MSVCRT:gshandler.obj
 0004:000008dc       $pdata$__GSHandlerCheck    00000001800178dc     MSVCRT:gshandler.obj
 0004:000008f4       $pdata$?dllmain_crt_process_attach@@YAHQEAUHINSTANCE__@@QEAX@Z 00000001800178f4     MSVCRT:dll_dllmain.obj
 0004:00000900       $pdata$?fin$0@?0??dllmain_crt_process_attach@@YAHQEAUHINSTANCE__@@QEAX@Z@4HA 0000000180017900     MSVCRT:dll_dllmain.obj
 0004:0000090c       $pdata$?dllmain_crt_process_detach@@YAH_N@Z 000000018001790c     MSVCRT:dll_dllmain.obj
 0004:00000918       $pdata$?fin$0@?0??dllmain_crt_process_detach@@YAH_N@Z@4HA 0000000180017918     MSVCRT:dll_dllmain.obj
 0004:00000924       $pdata$?dllmain_crt_dispatch@@YAHQEAUHINSTANCE__@@KQEAX@Z 0000000180017924     MSVCRT:dll_dllmain.obj
 0004:00000930       $pdata$?dllmain_dispatch@@YAHQEAUHINSTANCE__@@KQEAX@Z 0000000180017930     MSVCRT:dll_dllmain.obj
 0004:0000093c       $pdata$?filt$0@?0??dllmain_dispatch@@YAHQEAUHINSTANCE__@@KQEAX@Z@4HA 000000018001793c     MSVCRT:dll_dllmain.obj
 0004:00000948       $pdata$_DllMainCRTStartup  0000000180017948     MSVCRT:dll_dllmain.obj
 0004:00000954       $pdata$__report_securityfailure 0000000180017954     MSVCRT:gs_report.obj
 0004:00000960       $pdata$__report_securityfailureEx 0000000180017960     MSVCRT:gs_report.obj
 0004:0000096c       $pdata$__report_rangecheckfailure 000000018001796c     MSVCRT:gs_report.obj
 0004:00000978       $pdata$__report_gsfailure  0000000180017978     MSVCRT:gs_report.obj
 0004:00000984       $pdata$capture_current_context 0000000180017984     MSVCRT:gs_report.obj
 0004:00000990       $pdata$capture_previous_context 0000000180017990     MSVCRT:gs_report.obj
 0004:0000099c       $pdata$__raise_securityfailure 000000018001799c     MSVCRT:gs_report.obj
 0004:000009a8       $pdata$__security_init_cookie 00000001800179a8     MSVCRT:gs_support.obj
 0004:000009b4       $pdata$__get_entropy       00000001800179b4     MSVCRT:gs_support.obj
 0004:000009c0       $pdata$__scrt_initialize_default_local_stdio_options 00000001800179c0     MSVCRT:default_local_stdio_options.obj
 0004:000009cc       $pdata$atexit              00000001800179cc     MSVCRT:utility.obj
 0004:000009d8       $pdata$_onexit             00000001800179d8     MSVCRT:utility.obj
 0004:000009e4       $pdata$__scrt_is_nonwritable_in_current_image 00000001800179e4     MSVCRT:utility.obj
 0004:000009f0       $pdata$__scrt_is_nonwritable_in_current_image$filt$0 00000001800179f0     MSVCRT:utility.obj
 0004:000009fc       $pdata$__scrt_acquire_startup_lock 00000001800179fc     MSVCRT:utility.obj
 0004:00000a08       $pdata$__scrt_release_startup_lock 0000000180017a08     MSVCRT:utility.obj
 0004:00000a14       $pdata$__scrt_initialize_crt 0000000180017a14     MSVCRT:utility.obj
 0004:00000a20       $pdata$__scrt_uninitialize_crt 0000000180017a20     MSVCRT:utility.obj
 0004:00000a2c       $pdata$__scrt_initialize_onexit_tables 0000000180017a2c     MSVCRT:utility.obj
 0004:00000a38       $pdata$__scrt_dllmain_exception_filter 0000000180017a38     MSVCRT:utility.obj
 0004:00000a44       $pdata$__scrt_dllmain_before_initialize_c 0000000180017a44     MSVCRT:utility.obj
 0004:00000a50       $pdata$__scrt_dllmain_after_initialize_c 0000000180017a50     MSVCRT:utility.obj
 0004:00000a5c       $pdata$__scrt_dllmain_uninitialize_c 0000000180017a5c     MSVCRT:utility.obj
 0004:00000a68       $pdata$__scrt_dllmain_uninitialize_critical 0000000180017a68     MSVCRT:utility.obj
 0004:00000a74       $pdata$__scrt_dllmain_crt_thread_attach 0000000180017a74     MSVCRT:utility.obj
 0004:00000a80       $pdata$__scrt_dllmain_crt_thread_detach 0000000180017a80     MSVCRT:utility.obj
 0004:00000a8c       $pdata$?configure_argv@__scrt_narrow_argv_policy@@SAHXZ 0000000180017a8c     MSVCRT:utility.obj
 0004:00000a98       $pdata$__scrt_get_show_window_mode 0000000180017a98     MSVCRT:utility_desktop.obj
 0004:00000aa4       $pdata$__scrt_is_managed_app 0000000180017aa4     MSVCRT:utility_desktop.obj
 0004:00000ab0       $pdata$__scrt_fastfail     0000000180017ab0     MSVCRT:utility_desktop.obj
 0004:00000abc       $pdata$__scrt_unhandled_exception_filter 0000000180017abc     MSVCRT:utility_desktop.obj
 0004:00000ac8       $pdata$_RTC_Initialize     0000000180017ac8     MSVCRT:initsect.obj
 0004:00000ad4       $pdata$_RTC_Terminate      0000000180017ad4     MSVCRT:initsect.obj
 0004:00000ae0       $pdata$__isa_available_init 0000000180017ae0     MSVCRT:cpu_disp.obj
 0005:000000a0       $R000000                   00000001800180a0     Palmtree.Math.Core.Uint.res
 0005:000003c0       $R000320                   00000001800183c0     Palmtree.Math.Core.Uint.res
